building '/nix/store/pfma2im8l3plnkgggfkryf0kzqpkj3vg-nixos-test-driver-hibernate.drv'...
     1  # This file contains type hints that can be prepended to Nix test scripts so they can be type
     2  # checked.
     3  
     4  from test_driver.driver import Driver
     5  from test_driver.vlan import VLan
     6  from test_driver.machine import Machine
     7  from test_driver.logger import Logger
     8  from typing import Callable, Iterator, ContextManager, Optional, List, Dict, Any, Union
     9  from typing_extensions import Protocol
    10  from pathlib import Path
    11  
    12  
    13  class RetryProtocol(Protocol):
    14      def __call__(self, fn: Callable, timeout: int = 900) -> None:
    15          raise Exception("This is just type information for the Nix test driver")
    16  
    17  
    18  class PollingConditionProtocol(Protocol):
    19      def __call__(
    20          self,
    21          fun_: Optional[Callable] = None,
    22          *,
    23          seconds_interval: float = 2.0,
    24          description: Optional[str] = None,
    25      ) -> Union[Callable[[Callable], ContextManager], ContextManager]:
    26          raise Exception("This is just type information for the Nix test driver")
    27  
    28  
    29  start_all: Callable[[], None]
    30  subtest: Callable[[str], ContextManager[None]]
    31  retry: RetryProtocol
    32  test_script: Callable[[], None]
    33  machines: List[Machine]
    34  vlans: List[VLan]
    35  driver: Driver
    36  log: Logger
    37  create_machine: Callable[[Dict[str, Any]], Machine]
    38  run_tests: Callable[[], None]
    39  join_all: Callable[[], None]
    40  serial_stdout_off: Callable[[], None]
    41  serial_stdout_on: Callable[[], None]
    42  polling_condition: PollingConditionProtocol
    43  machine: Machine;
    44  vlan1: VLan;
    45  def create_named_machine(name):
    46      machine = create_machine(
    47          {
    48              "qemuFlags": "-cpu max -m 1024",
    49              "hdaInterface": "virtio",
    50              "hda": "vm-state-machine/machine.qcow2",
    51              "name": name,
    52          }
    53      )
    54      driver.machines.append(machine)
    55      return machine
    56  
    57  
    58  # Install NixOS
    59  machine.start()
    60  machine.succeed(
    61      # Partition /dev/vda
    62      "flock /dev/vda parted --script /dev/vda -- mklabel msdos"
    63      + " mkpart primary linux-swap 1M 1024M"
    64      + " mkpart primary ext2 1024M -1s",
    65      "udevadm settle",
    66      "mkfs.ext3 -L nixos /dev/vda2",
    67      "mount LABEL=nixos /mnt",
    68      "mkswap /dev/vda1 -L swap",
    69      # Install onto /mnt
    70      "nix-store --load-db < /nix/store/s0940vxfmnk8slprgy6ncv26v11xdbqb-closure-info/registration",
    71      "nixos-install --root /mnt --system /nix/store/lv1jg38pikgdi63n8hrx86b72zgha3d6-nixos-system-nixos-23.05pre-git --no-root-passwd --no-channel-copy >&2",
    72  )
    73  machine.shutdown()
    74  
    75  # Start up
    76  hibernate = create_named_machine("hibernate")
    77  
    78  # Drop in file that checks if we un-hibernated properly (and not booted fresh)
    79  hibernate.succeed(
    80      "mkdir /run/test",
    81      "mount -t ramfs -o size=1m ramfs /run/test",
    82      "echo not persisted to disk > /run/test/suspended",
    83  )
    84  
    85  # Hibernate machine
    86  hibernate.execute("systemctl hibernate >&2 &", check_return=False)
    87  hibernate.wait_for_shutdown()
    88  
    89  # Restore machine from hibernation, validate our ramfs file is there.
    90  resume = create_named_machine("resume")
    91  resume.start()
    92  resume.succeed("grep 'not persisted to disk' /run/test/suspended")
    93  
    94  # Ensure we don't restore from hibernation when booting again
    95  resume.crash()
    96  resume.wait_for_unit("default.target")
    97  resume.fail("grep 'not persisted to disk' /run/test/suspended")
Success: no issues found in 1 source file
start all VLans
(finished: start all VLans, in 0.00 seconds)
additionally exposed symbols:
    ,
    ,
    start_all, test_script, machines, vlans, driver, log, os, create_machine, subtest, run_tests, join_all, retry, serial_stdout_off, serial_stdout_on, polling_condition, Machine
building '/nix/store/5laz078390dszbrn52pb6qrxzibq37al-vm-test-run-hibernate.drv'...
Machine state will be reset. To keep it, pass --keep-vm-state
start all VLans
start vlan
running vlan (pid 7; ctl /build/vde1.ctl)
(finished: start all VLans, in 0.00 seconds)
run the VM test script
additionally exposed symbols:
    machine,
    vlan1,
    start_all, test_script, machines, vlans, driver, log, os, create_machine, subtest, run_tests, join_all, retry, serial_stdout_off, serial_stdout_on, polling_condition, Machine
machine: starting vm
machine # Formatting '/build/vm-state-machine/machine.qcow2', fmt=qcow2 cluster_size=65536 extended_l2=off compression_type=zlib size=8589934592 lazy_refcounts=off refcount_bits=16
machine # Formatting 'empty0.qcow2', fmt=qcow2 cluster_size=65536 extended_l2=off compression_type=zlib size=536870912 lazy_refcounts=off refcount_bits=16
machine: QEMU running (pid 8)
machine: must succeed: flock /dev/vda parted --script /dev/vda -- mklabel msdos mkpart primary linux-swap 1M 1024M mkpart primary ext2 1024M -1s
machine: waiting for the VM to finish booting
machine # cSeaBIOS (version rel-1.16.1-0-g3208b098f51a-prebuilt.qemu.org)
machine # 
machine # 
machine # iPXE (http://ipxe.org) 00:03.0 CA00 PCI2.10 PnP PMM+3EFD0BD0+3EF30BD0 CA00
machine # Press Ctrl-B to configure iPXE (PCI 00:03.0)...
machine # 
machine # 
machine # 
machine # 
machine # iPXE (http://ipxe.org) 00:0A.0 CB00 PCI2.10 PnP PMM 3EFD0BD0 3EF30BD0 CB00
machine # Press Ctrl-B to configure iPXE (PCI 00:0A.0)...
machine # 
machine # 
machine # Booting from ROM...
machine # Probing EDD (edd=off to disable)... ok
machine # c[    0.000000] Linux version 6.1.15 (nixbld@localhost) (gcc (GCC) 12.2.0, GNU ld (GNU Binutils) 2.40) #1-NixOS SMP PREEMPT_DYNAMIC Fri Mar  3 10:52:25 UTC 2023
machine # [    0.000000] Command line: console=ttyS0 panic=1 boot.panic_on_fail clock=acpi_pm nohibernate loglevel=7 net.ifnames=0 init=/nix/store/44hfcl4wpgzx3kqqmg6zziciwi0fpql6-nixos-system-machine-23.05pre-git/init regInfo=/nix/store/7pkvapp5ryjhy2hk9i5dm5d2awixzvpa-closure-info/registration console=ttyS0
machine # [    0.000000] x86/fpu: Supporting XSAVE feature 0x001: 'x87 floating point registers'
machine # [    0.000000] x86/fpu: Supporting XSAVE feature 0x002: 'SSE registers'
machine # [    0.000000] x86/fpu: Supporting XSAVE feature 0x004: 'AVX registers'
machine # [    0.000000] x86/fpu: Supporting XSAVE feature 0x008: 'MPX bounds registers'
machine # [    0.000000] x86/fpu: Supporting XSAVE feature 0x010: 'MPX CSR'
machine # [    0.000000] x86/fpu: Supporting XSAVE feature 0x020: 'AVX-512 opmask'
machine # [    0.000000] x86/fpu: Supporting XSAVE feature 0x040: 'AVX-512 Hi256'
machine # [    0.000000] x86/fpu: Supporting XSAVE feature 0x080: 'AVX-512 ZMM_Hi256'
machine # [    0.000000] x86/fpu: xstate_offset[2]:  576, xstate_sizes[2]:  256
machine # [    0.000000] x86/fpu: xstate_offset[3]:  832, xstate_sizes[3]:   64
machine # [    0.000000] x86/fpu: xstate_offset[4]:  896, xstate_sizes[4]:   64
machine # [    0.000000] x86/fpu: xstate_offset[5]:  960, xstate_sizes[5]:   64
machine # [    0.000000] x86/fpu: xstate_offset[6]: 1024, xstate_sizes[6]:  512
machine # [    0.000000] x86/fpu: xstate_offset[7]: 1536, xstate_sizes[7]: 1024
machine # [    0.000000] x86/fpu: Enabled xstate features 0xff, context size is 2560 bytes, using 'compacted' format.
machine # [    0.000000] signal: max sigframe size: 3632
machine # [    0.000000] BIOS-provided physical RAM map:
machine # [    0.000000] BIOS-e820: [mem 0x0000000000000000-0x000000000009fbff] usable
machine # [    0.000000] BIOS-e820: [mem 0x000000000009fc00-0x000000000009ffff] reserved
machine # [    0.000000] BIOS-e820: [mem 0x00000000000f0000-0x00000000000fffff] reserved
machine # [    0.000000] BIOS-e820: [mem 0x0000000000100000-0x000000003ffd7fff] usable
machine # [    0.000000] BIOS-e820: [mem 0x000000003ffd8000-0x000000003fffffff] reserved
machine # [    0.000000] BIOS-e820: [mem 0x00000000feffc000-0x00000000feffffff] reserved
machine # [    0.000000] BIOS-e820: [mem 0x00000000fffc0000-0x00000000ffffffff] reserved
machine # [    0.000000] random: crng init done
machine # [    0.000000] NX (Execute Disable) protection: active
machine # [    0.000000] extended physical RAM map:
machine # [    0.000000] reserve setup_data: [mem 0x0000000000000000-0x000000000009fbff] usable
machine # [    0.000000] reserve setup_data: [mem 0x000000000009fc00-0x000000000009ffff] reserved
machine # [    0.000000] reserve setup_data: [mem 0x00000000000f0000-0x00000000000fffff] reserved
machine # [    0.000000] reserve setup_data: [mem 0x0000000000100000-0x00000000009379bf] usable
machine # [    0.000000] reserve setup_data: [mem 0x00000000009379c0-0x00000000009379cf] usable
machine # [    0.000000] reserve setup_data: [mem 0x00000000009379d0-0x000000003ffd7fff] usable
machine # [    0.000000] reserve setup_data: [mem 0x000000003ffd8000-0x000000003fffffff] reserved
machine # [    0.000000] reserve setup_data: [mem 0x00000000feffc000-0x00000000feffffff] reserved
machine # [    0.000000] reserve setup_data: [mem 0x00000000fffc0000-0x00000000ffffffff] reserved
machine # [    0.000000] SMBIOS 2.8 present.
machine # [    0.000000] DMI: QEMU Standard PC (i440FX + PIIX, 1996), BIOS rel-1.16.1-0-g3208b098f51a-prebuilt.qemu.org 04/01/2014
machine # [    0.000000] Hypervisor detected: KVM
machine # [    0.000000] kvm-clock: Using msrs 4b564d01 and 4b564d00
machine # [    0.000001] kvm-clock: using sched offset of 627528427 cycles
machine # [    0.000002] clocksource: kvm-clock: mask: 0xffffffffffffffff max_cycles: 0x1cd42e4dffb, max_idle_ns: 881590591483 ns
machine # [    0.000009] tsc: Detected 3311.998 MHz processor
machine # [    0.000685] last_pfn = 0x3ffd8 max_arch_pfn = 0x400000000
machine # [    0.001113] x86/PAT: Configuration [0-7]: WB  WC  UC- UC  WB  WP  UC- WT
machine # [    0.007548] found SMP MP-table at [mem 0x000f5ba0-0x000f5baf]
machine # [    0.007969] Using GB pages for direct mapping
machine # [    0.008244] RAMDISK: [mem 0x3f33f000-0x3ffcffff]
machine # [    0.008312] ACPI: Early table checksum verification disabled
machine # [    0.008364] ACPI: RSDP 0x00000000000F59C0 000014 (v00 BOCHS )
machine # [    0.008389] ACPI: RSDT 0x000000003FFE1AC6 000034 (v01 BOCHS  BXPC     00000001 BXPC 00000001)
machine # [    0.008401] ACPI: FACP 0x000000003FFE197A 000074 (v01 BOCHS  BXPC     00000001 BXPC 00000001)
machine # [    0.008406] ACPI: DSDT 0x000000003FFE0040 00193A (v01 BOCHS  BXPC     00000001 BXPC 00000001)
machine # [    0.008410] ACPI: FACS 0x000000003FFE0000 000040
machine # [    0.008412] ACPI: APIC 0x000000003FFE19EE 000078 (v01 BOCHS  BXPC     00000001 BXPC 00000001)
machine # [    0.008415] ACPI: HPET 0x000000003FFE1A66 000038 (v01 BOCHS  BXPC     00000001 BXPC 00000001)
machine # [    0.008418] ACPI: WAET 0x000000003FFE1A9E 000028 (v01 BOCHS  BXPC     00000001 BXPC 00000001)
machine # [    0.008420] ACPI: Reserving FACP table memory at [mem 0x3ffe197a-0x3ffe19ed]
machine # [    0.008421] ACPI: Reserving DSDT table memory at [mem 0x3ffe0040-0x3ffe1979]
machine # [    0.008422] ACPI: Reserving FACS table memory at [mem 0x3ffe0000-0x3ffe003f]
machine # [    0.008423] ACPI: Reserving APIC table memory at [mem 0x3ffe19ee-0x3ffe1a65]
machine # [    0.008423] ACPI: Reserving HPET table memory at [mem 0x3ffe1a66-0x3ffe1a9d]
machine # [    0.008424] ACPI: Reserving WAET table memory at [mem 0x3ffe1a9e-0x3ffe1ac5]
machine # [    0.010491] No NUMA configuration found
machine # [    0.010492] Faking a node at [mem 0x0000000000000000-0x000000003ffd7fff]
machine # [    0.010498] NODE_DATA(0) allocated [mem 0x3ffd2000-0x3ffd7fff]
machine # [    0.010535] Zone ranges:
machine # [    0.010535]   DMA      [mem 0x0000000000001000-0x0000000000ffffff]
machine # [    0.010537]   DMA32    [mem 0x0000000001000000-0x000000003ffd7fff]
machine # [    0.010538]   Normal   empty
machine # [    0.010538]   Device   empty
machine # [    0.010539] Movable zone start for each node
machine # [    0.010540] Early memory node ranges
machine # [    0.010540]   node   0: [mem 0x0000000000001000-0x000000000009efff]
machine # [    0.010543]   node   0: [mem 0x0000000000100000-0x000000003ffd7fff]
machine # [    0.010546] Initmem setup node 0 [mem 0x0000000000001000-0x000000003ffd7fff]
machine # [    0.010719] On node 0, zone DMA: 1 pages in unavailable ranges
machine # [    0.010734] On node 0, zone DMA: 97 pages in unavailable ranges
machine # [    0.012450] On node 0, zone DMA32: 40 pages in unavailable ranges
machine # [    0.016743] ACPI: PM-Timer IO Port: 0x608
machine # [    0.016779] ACPI: LAPIC_NMI (acpi_id[0xff] dfl dfl lint[0x1])
machine # [    0.017019] IOAPIC[0]: apic_id 0, version 17, address 0xfec00000, GSI 0-23
machine # [    0.017022] ACPI: INT_SRC_OVR (bus 0 bus_irq 0 global_irq 2 dfl dfl)
machine # [    0.017024] ACPI: INT_SRC_OVR (bus 0 bus_irq 5 global_irq 5 high level)
machine # [    0.017025] ACPI: INT_SRC_OVR (bus 0 bus_irq 9 global_irq 9 high level)
machine # [    0.017029] ACPI: INT_SRC_OVR (bus 0 bus_irq 10 global_irq 10 high level)
machine # [    0.017030] ACPI: INT_SRC_OVR (bus 0 bus_irq 11 global_irq 11 high level)
machine # [    0.017034] ACPI: Using ACPI (MADT) for SMP configuration information
machine # [    0.017035] ACPI: HPET id: 0x8086a201 base: 0xfed00000
machine # [    0.017041] TSC deadline timer available
machine # [    0.017042] smpboot: Allowing 1 CPUs, 0 hotplug CPUs
machine # [    0.017224] PM: hibernation: Registered nosave memory: [mem 0x00000000-0x00000fff]
machine # [    0.017226] PM: hibernation: Registered nosave memory: [mem 0x0009f000-0x0009ffff]
machine # [    0.017226] PM: hibernation: Registered nosave memory: [mem 0x000a0000-0x000effff]
machine # [    0.017227] PM: hibernation: Registered nosave memory: [mem 0x000f0000-0x000fffff]
machine # [    0.017228] PM: hibernation: Registered nosave memory: [mem 0x00937000-0x00937fff]
machine # [    0.017229] PM: hibernation: Registered nosave memory: [mem 0x00937000-0x00937fff]
machine # [    0.017230] [mem 0x40000000-0xfeffbfff] available for PCI devices
machine # [    0.017231] Booting paravirtualized kernel on KVM
machine # [    0.017245] clocksource: refined-jiffies: mask: 0xffffffff max_cycles: 0xffffffff, max_idle_ns: 1910969940391419 ns
machine # [    0.020234] setup_percpu: NR_CPUS:384 nr_cpumask_bits:1 nr_cpu_ids:1 nr_node_ids:1
machine # [    0.020512] percpu: Embedded 61 pages/cpu s212992 r8192 d28672 u2097152
machine # [    0.020663] kvm-guest: PV spinlocks disabled, single CPU
machine # [    0.020682] Fallback order for Node 0: 0
machine # [    0.020686] Built 1 zonelists, mobility grouping on.  Total pages: 257751
machine # [    0.020687] Policy zone: DMA32
machine # [    0.020688] Kernel command line: console=ttyS0 panic=1 boot.panic_on_fail clock=acpi_pm nohibernate loglevel=7 net.ifnames=0 init=/nix/store/44hfcl4wpgzx3kqqmg6zziciwi0fpql6-nixos-system-machine-23.05pre-git/init regInfo=/nix/store/7pkvapp5ryjhy2hk9i5dm5d2awixzvpa-closure-info/registration console=ttyS0
machine # [    0.020734] clocksource: clock= boot option is deprecated - use clocksource=xyz
machine # [    0.020766] Unknown kernel command line parameters "regInfo=/nix/store/7pkvapp5ryjhy2hk9i5dm5d2awixzvpa-closure-info/registration", will be passed to user space.
machine # [    0.020822] Dentry cache hash table entries: 131072 (order: 8, 1048576 bytes, linear)
machine # [    0.020843] Inode-cache hash table entries: 65536 (order: 7, 524288 bytes, linear)
machine # [    0.021005] mem auto-init: stack:all(zero), heap alloc:off, heap free:off
machine # [    0.022496] Memory: 981140K/1048024K available (12294K kernel code, 2307K rwdata, 7532K rodata, 1876K init, 4344K bss, 66624K reserved, 0K cma-reserved)
machine # [    0.022588] SLUB: HWalign=64, Order=0-3, MinObjects=0, CPUs=1, Nodes=1
machine # [    0.022599] Kernel/User page tables isolation: enabled
machine # [    0.022619] ftrace: allocating 37041 entries in 145 pages
machine # [    0.031486] ftrace: allocated 145 pages with 3 groups
machine # [    0.032042] Dynamic Preempt: voluntary
machine # [    0.032193] rcu: Preemptible hierarchical RCU implementation.
machine # [    0.032194] rcu:   RCU event tracing is enabled.
machine # [    0.032194] rcu:   RCU restricting CPUs from NR_CPUS=384 to nr_cpu_ids=1.
machine # [    0.032196]        Trampoline variant of Tasks RCU enabled.
machine # [    0.032196]        Rude variant of Tasks RCU enabled.
machine # [    0.032196]        Tracing variant of Tasks RCU enabled.
machine # [    0.032197] rcu: RCU calculated value of scheduler-enlistment delay is 100 jiffies.
machine # [    0.032198] rcu: Adjusting geometry for rcu_fanout_leaf=16, nr_cpu_ids=1
machine # [    0.034904] NR_IRQS: 24832, nr_irqs: 256, preallocated irqs: 16
machine # [    0.035197] rcu: srcu_init: Setting srcu_struct sizes based on contention.
machine # [    0.065725] Console: colour VGA+ 80x25
machine # [    0.670314] printk: console [ttyS0] enabled
machine # [    0.673222] ACPI: Core revision 20220331
machine # [    0.676623] clocksource: hpet: mask: 0xffffffff max_cycles: 0xffffffff, max_idle_ns: 19112604467 ns
machine # [    0.683367] APIC: Switch to symmetric I/O mode setup
machine # [    0.688879] x2apic enabled
machine # [    0.692906] Switched APIC routing to physical x2apic.
machine # [    0.704240] ..TIMER: vector=0x30 apic1=0 pin1=2 apic2=-1 pin2=-1
machine # [    0.708563] clocksource: tsc-early: mask: 0xffffffffffffffff max_cycles: 0x2fbd924e8de, max_idle_ns: 440795321919 ns
machine # [    0.715775] Calibrating delay loop (skipped) preset value.. 6623.99 BogoMIPS (lpj=3311998)
machine # [    0.716773] pid_max: default: 32768 minimum: 301
machine # [    0.717803] LSM: Security Framework initializing
machine # [    0.718786] landlock: Up and running.
machine # [    0.719773] Yama: becoming mindful.
machine # [    0.720778] SELinux:  Initializing.
machine # [    0.721786] LSM support for eBPF active
machine # [    0.722945] Mount-cache hash table entries: 2048 (order: 2, 16384 bytes, linear)
machine # [    0.723774] Mountpoint-cache hash table entries: 2048 (order: 2, 16384 bytes, linear)
machine # [    0.727559] x86/cpu: User Mode Instruction Prevention (UMIP) activated
machine # [    0.729130] Last level iTLB entries: 4KB 0, 2MB 0, 4MB 0
machine # [    0.729772] Last level dTLB entries: 4KB 0, 2MB 0, 4MB 0, 1GB 0
machine # [    0.730820] Spectre V1 : Mitigation: usercopy/swapgs barriers and __user pointer sanitization
machine # [    0.731789] Spectre V2 : Mitigation: IBRS
machine # [    0.732772] Spectre V2 : Spectre v2 / SpectreRSB mitigation: Filling RSB on context switch
machine # [    0.733772] Spectre V2 : Spectre v2 / SpectreRSB : Filling RSB on VMEXIT
machine # [    0.734772] RETBleed: Mitigation: IBRS
machine # [    0.735778] Spectre V2 : mitigation: Enabling conditional Indirect Branch Prediction Barrier
machine # [    0.736773] Speculative Store Bypass: Mitigation: Speculative Store Bypass disabled via prctl
machine # [    0.737812] MDS: Mitigation: Clear CPU buffers
machine # [    0.738773] TAA: Mitigation: Clear CPU buffers
machine # [    0.739772] MMIO Stale Data: Vulnerable: Clear CPU buffers attempted, no microcode
machine # [    0.762336] Freeing SMP alternatives memory: 32K
machine # [    0.764009] smpboot: CPU0: Intel(R) Core(TM) i9-9940X CPU @ 3.30GHz (family: 0x6, model: 0x55, stepping: 0x4)
machine # [    0.764890] cblist_init_generic: Setting adjustable number of callback queues.
machine # [    0.765785] cblist_init_generic: Setting shift to 0 and lim to 1.
machine # [    0.766800] cblist_init_generic: Setting shift to 0 and lim to 1.
machine # [    0.767811] cblist_init_generic: Setting shift to 0 and lim to 1.
machine # [    0.768803] Performance Events: Skylake events, full-width counters, Intel PMU driver.
machine # [    0.769799] ... version:                2
machine # [    0.770784] ... bit width:              48
machine # [    0.771784] ... generic registers:      4
machine # [    0.772784] ... value mask:             0000ffffffffffff
machine # [    0.773784] ... max period:             00007fffffffffff
machine # [    0.774784] ... fixed-purpose events:   3
machine # [    0.775784] ... event mask:             000000070000000f
machine # [    0.777106] rcu: Hierarchical SRCU implementation.
machine # [    0.777802] rcu:   Max phase no-delay instances is 400.
machine # [    0.779112] smp: Bringing up secondary CPUs ...
machine # [    0.779787] smp: Brought up 1 node, 1 CPU
machine # [    0.780785] smpboot: Max logical packages: 1
machine # [    0.781784] smpboot: Total of 1 processors activated (6623.99 BogoMIPS)
machine # [    0.783475] devtmpfs: initialized
machine # [    0.783828] x86/mm: Memory block size: 128MB
machine # [    0.785050] clocksource: jiffies: mask: 0xffffffff max_cycles: 0xffffffff, max_idle_ns: 1911260446275000 ns
machine # [    0.785787] futex hash table entries: 256 (order: 2, 16384 bytes, linear)
machine # [    0.786817] pinctrl core: initialized pinctrl subsystem
machine # [    0.788375] NET: Registered PF_NETLINK/PF_ROUTE protocol family
machine # [    0.788880] DMA: preallocated 128 KiB GFP_KERNEL pool for atomic allocations
machine # [    0.789787] DMA: preallocated 128 KiB GFP_KERNEL|GFP_DMA pool for atomic allocations
machine # [    0.790802] DMA: preallocated 128 KiB GFP_KERNEL|GFP_DMA32 pool for atomic allocations
machine # [    0.791792] audit: initializing netlink subsys (disabled)
machine # [    0.792879] thermal_sys: Registered thermal governor 'bang_bang'
machine # [    0.792880] thermal_sys: Registered thermal governor 'step_wise'
machine # [    0.793785] thermal_sys: Registered thermal governor 'user_space'
machine # [    0.794805] audit: type=2000 audit(1678177739.552:1): state=initialized audit_enabled=0 res=1
machine # [    0.796793] cpuidle: using governor menu
machine # [    0.797934] acpiphp: ACPI Hot Plug PCI Controller Driver version: 0.5
machine # [    0.799242] PCI: Using configuration type 1 for base access
machine # [    0.800623] kprobes: kprobe jump-optimization is enabled. All kprobes are optimized if possible.
machine # [    0.819137] HugeTLB: registered 1.00 GiB page size, pre-allocated 0 pages
machine # [    0.819785] HugeTLB: 16380 KiB vmemmap can be freed for a 1.00 GiB page
machine # [    0.820785] HugeTLB: registered 2.00 MiB page size, pre-allocated 0 pages
machine # [    0.821784] HugeTLB: 28 KiB vmemmap can be freed for a 2.00 MiB page
machine # [    0.822991] ACPI: Added _OSI(Module Device)
machine # [    0.823786] ACPI: Added _OSI(Processor Device)
machine # [    0.824785] ACPI: Added _OSI(3.0 _SCP Extensions)
machine # [    0.825785] ACPI: Added _OSI(Processor Aggregator Device)
machine # [    0.827508] ACPI: 1 ACPI AML tables successfully acquired and loaded
machine # [    0.829713] ACPI: Interpreter enabled
machine # [    0.829798] ACPI: PM: (supports S0 S3 S4 S5)
machine # [    0.830785] ACPI: Using IOAPIC for interrupt routing
machine # [    0.831816] PCI: Using host bridge windows from ACPI; if necessary, use "pci=nocrs" and report a bug
machine # [    0.832784] PCI: Using E820 reservations for host bridge windows
machine # [    0.833968] ACPI: Enabled 2 GPEs in block 00 to 0F
machine # [    0.837586] ACPI: PCI Root Bridge [PCI0] (domain 0000 [bus 00-ff])
machine # [    0.837789] acpi PNP0A03:00: _OSC: OS supports [ASPM ClockPM Segments MSI HPX-Type3]
machine # [    0.838785] acpi PNP0A03:00: _OSC: not requesting OS control; OS requires [ExtendedConfig ASPM ClockPM MSI]
machine # [    0.839792] acpi PNP0A03:00: fail to add MMCONFIG information, can't access extended PCI configuration space under this bridge.
machine # [    0.841211] acpiphp: Slot [3] registered
machine # [    0.841848] acpiphp: Slot [4] registered
machine # [    0.842865] acpiphp: Slot [5] registered
machine # [    0.843849] acpiphp: Slot [6] registered
machine # [    0.844849] acpiphp: Slot [7] registered
machine # [    0.845848] acpiphp: Slot [8] registered
machine # [    0.846849] acpiphp: Slot [9] registered
machine # [    0.847850] acpiphp: Slot [10] registered
machine # [    0.848851] acpiphp: Slot [11] registered
machine # [    0.849848] acpiphp: Slot [12] registered
machine # [    0.850849] acpiphp: Slot [13] registered
machine # [    0.851866] acpiphp: Slot [14] registered
machine # [    0.852846] acpiphp: Slot [15] registered
machine # [    0.853849] acpiphp: Slot [16] registered
machine # [    0.854852] acpiphp: Slot [17] registered
machine # [    0.855863] acpiphp: Slot [18] registered
machine # [    0.856847] acpiphp: Slot [19] registered
machine # [    0.857859] acpiphp: Slot [20] registered
machine # [    0.858851] acpiphp: Slot [21] registered
machine # [    0.859846] acpiphp: Slot [22] registered
machine # [    0.860847] acpiphp: Slot [23] registered
machine # [    0.861849] acpiphp: Slot [24] registered
machine # [    0.862851] acpiphp: Slot [25] registered
machine # [    0.863848] acpiphp: Slot [26] registered
machine # [    0.864846] acpiphp: Slot [27] registered
machine # [    0.865850] acpiphp: Slot [28] registered
machine # [    0.866848] acpiphp: Slot [29] registered
machine # [    0.867847] acpiphp: Slot [30] registered
machine # [    0.868846] acpiphp: Slot [31] registered
machine # [    0.869842] PCI host bridge to bus 0000:00
machine # [    0.870785] pci_bus 0000:00: root bus resource [io  0x0000-0x0cf7 window]
machine # [    0.871784] pci_bus 0000:00: root bus resource [io  0x0d00-0xffff window]
machine # [    0.872785] pci_bus 0000:00: root bus resource [mem 0x000a0000-0x000bffff window]
machine # [    0.873785] pci_bus 0000:00: root bus resource [mem 0x40000000-0xfebfffff window]
machine # [    0.874784] pci_bus 0000:00: root bus resource [mem 0x100000000-0x17fffffff window]
machine # [    0.875785] pci_bus 0000:00: root bus resource [bus 00-ff]
machine # [    0.877011] pci 0000:00:00.0: [8086:1237] type 00 class 0x060000
machine # [    0.880883] pci 0000:00:01.0: [8086:7000] type 00 class 0x060100
machine # [    0.886088] pci 0000:00:01.1: [8086:7010] type 00 class 0x010180
machine # [    0.891186] pci 0000:00:01.1: reg 0x20: [io  0xc260-0xc26f]
machine # [    0.893892] pci 0000:00:01.1: legacy IDE quirk: reg 0x10: [io  0x01f0-0x01f7]
machine # [    0.894785] pci 0000:00:01.1: legacy IDE quirk: reg 0x14: [io  0x03f6]
machine # [    0.895785] pci 0000:00:01.1: legacy IDE quirk: reg 0x18: [io  0x0170-0x0177]
machine # [    0.896785] pci 0000:00:01.1: legacy IDE quirk: reg 0x1c: [io  0x0376]
machine # [    0.898578] pci 0000:00:01.2: [8086:7020] type 00 class 0x0c0300
machine # [    0.902665] pci 0000:00:01.2: reg 0x20: [io  0xc180-0xc19f]
machine # [    0.904986] pci 0000:00:01.3: [8086:7113] type 00 class 0x068000
machine # [    0.908898] pci 0000:00:01.3: quirk: [io  0x0600-0x063f] claimed by PIIX4 ACPI
machine # [    0.909837] pci 0000:00:01.3: quirk: [io  0x0700-0x070f] claimed by PIIX4 SMB
machine # [    0.912019] pci 0000:00:02.0: [1234:1111] type 00 class 0x030000
machine # [    0.914573] pci 0000:00:02.0: reg 0x10: [mem 0xfd000000-0xfdffffff pref]
machine # [    0.917516] pci 0000:00:02.0: reg 0x18: [mem 0xfebd0000-0xfebd0fff]
machine # [    0.922766] pci 0000:00:02.0: reg 0x30: [mem 0xfebc0000-0xfebcffff pref]
machine # [    0.923173] pci 0000:00:02.0: Video device with shadowed ROM at [mem 0x000c0000-0x000dffff]
machine # [    0.926166] pci 0000:00:03.0: [1af4:1000] type 00 class 0x020000
machine # [    0.928245] pci 0000:00:03.0: reg 0x10: [io  0xc1a0-0xc1bf]
machine # [    0.930320] pci 0000:00:03.0: reg 0x14: [mem 0xfebd1000-0xfebd1fff]
machine # [    0.934787] pci 0000:00:03.0: reg 0x20: [mem 0xfe000000-0xfe003fff 64bit pref]
machine # [    0.936786] pci 0000:00:03.0: reg 0x30: [mem 0xfeb40000-0xfeb7ffff pref]
machine # [    0.942760] pci 0000:00:04.0: [1af4:1005] type 00 class 0x00ff00
machine # [    0.944286] pci 0000:00:04.0: reg 0x10: [io  0xc1c0-0xc1df]
machine # [    0.945786] pci 0000:00:04.0: reg 0x14: [mem 0xfebd2000-0xfebd2fff]
machine # [    0.949786] pci 0000:00:04.0: reg 0x20: [mem 0xfe004000-0xfe007fff 64bit pref]
machine # [    0.957286] pci 0000:00:05.0: [1af4:1009] type 00 class 0x000200
machine # [    0.959334] pci 0000:00:05.0: reg 0x10: [io  0xc100-0xc13f]
machine # [    0.960786] pci 0000:00:05.0: reg 0x14: [mem 0xfebd3000-0xfebd3fff]
machine # [    0.965485] pci 0000:00:05.0: reg 0x20: [mem 0xfe008000-0xfe00bfff 64bit pref]
machine # [    0.972540] pci 0000:00:06.0: [1af4:1009] type 00 class 0x000200
machine # [    0.974243] pci 0000:00:06.0: reg 0x10: [io  0xc1e0-0xc1ff]
machine # [    0.975786] pci 0000:00:06.0: reg 0x14: [mem 0xfebd4000-0xfebd4fff]
machine # [    0.980411] pci 0000:00:06.0: reg 0x20: [mem 0xfe00c000-0xfe00ffff 64bit pref]
machine # [    0.986993] pci 0000:00:07.0: [1af4:1009] type 00 class 0x000200
machine # [    0.989266] pci 0000:00:07.0: reg 0x10: [io  0xc200-0xc21f]
machine # [    0.990786] pci 0000:00:07.0: reg 0x14: [mem 0xfebd5000-0xfebd5fff]
machine # [    0.994785] pci 0000:00:07.0: reg 0x20: [mem 0xfe010000-0xfe013fff 64bit pref]
machine # [    1.002261] pci 0000:00:08.0: [1af4:1001] type 00 class 0x010000
machine # [    1.004267] pci 0000:00:08.0: reg 0x10: [io  0xc000-0xc07f]
machine # [    1.005787] pci 0000:00:08.0: reg 0x14: [mem 0xfebd6000-0xfebd6fff]
machine # [    1.010571] pci 0000:00:08.0: reg 0x20: [mem 0xfe014000-0xfe017fff 64bit pref]
machine # [    1.017335] pci 0000:00:09.0: [1af4:1001] type 00 class 0x010000
machine # [    1.019311] pci 0000:00:09.0: reg 0x10: [io  0xc080-0xc0ff]
machine # [    1.020786] pci 0000:00:09.0: reg 0x14: [mem 0xfebd7000-0xfebd7fff]
machine # [    1.024786] pci 0000:00:09.0: reg 0x20: [mem 0xfe018000-0xfe01bfff 64bit pref]
machine # [    1.031753] pci 0000:00:0a.0: [1af4:1000] type 00 class 0x020000
machine # [    1.033185] pci 0000:00:0a.0: reg 0x10: [io  0xc220-0xc23f]
machine # [    1.034786] pci 0000:00:0a.0: reg 0x14: [mem 0xfebd8000-0xfebd8fff]
machine # [    1.038786] pci 0000:00:0a.0: reg 0x20: [mem 0xfe01c000-0xfe01ffff 64bit pref]
machine # [    1.040786] pci 0000:00:0a.0: reg 0x30: [mem 0xfeb80000-0xfebbffff pref]
machine # [    1.047140] pci 0000:00:0b.0: [1af4:1052] type 00 class 0x090000
machine # [    1.049629] pci 0000:00:0b.0: reg 0x14: [mem 0xfebd9000-0xfebd9fff]
machine # [    1.052338] pci 0000:00:0b.0: reg 0x20: [mem 0xfe020000-0xfe023fff 64bit pref]
machine # [    1.058502] pci 0000:00:0c.0: [1af4:1003] type 00 class 0x078000
machine # [    1.060302] pci 0000:00:0c.0: reg 0x10: [io  0xc140-0xc17f]
machine # [    1.061786] pci 0000:00:0c.0: reg 0x14: [mem 0xfebda000-0xfebdafff]
machine # [    1.065786] pci 0000:00:0c.0: reg 0x20: [mem 0xfe024000-0xfe027fff 64bit pref]
machine # [    1.072570] pci 0000:00:0d.0: [1af4:1005] type 00 class 0x00ff00
machine # [    1.074180] pci 0000:00:0d.0: reg 0x10: [io  0xc240-0xc25f]
machine # [    1.075786] pci 0000:00:0d.0: reg 0x14: [mem 0xfebdb000-0xfebdbfff]
machine # [    1.079785] pci 0000:00:0d.0: reg 0x20: [mem 0xfe028000-0xfe02bfff 64bit pref]
machine # [    1.087030] ACPI: PCI: Interrupt link LNKA configured for IRQ 10
machine # [    1.088097] ACPI: PCI: Interrupt link LNKB configured for IRQ 10
machine # [    1.089088] ACPI: PCI: Interrupt link LNKC configured for IRQ 11
machine # [    1.090079] ACPI: PCI: Interrupt link LNKD configured for IRQ 11
machine # [    1.090933] ACPI: PCI: Interrupt link LNKS configured for IRQ 9
machine # [    1.092272] iommu: Default domain type: Translated
machine # [    1.092801] iommu: DMA domain TLB invalidation policy: lazy mode
machine # [    1.094284] NetLabel: Initializing
machine # [    1.094785] NetLabel:  domain hash size = 128
machine # [    1.095784] NetLabel:  protocols = UNLABELED CIPSOv4 CALIPSO
machine # [    1.096803] NetLabel:  unlabeled traffic allowed by default
machine # [    1.097790] PCI: Using ACPI for IRQ routing
machine # [    1.100710] pci 0000:00:02.0: vgaarb: setting as boot VGA device
machine # [    1.100771] pci 0000:00:02.0: vgaarb: bridge control possible
machine # [    1.100771] pci 0000:00:02.0: vgaarb: VGA device added: decodes=io+mem,owns=io+mem,locks=none
machine # [    1.100803] vgaarb: loaded
machine # [    1.102085] hpet0: at MMIO 0xfed00000, IRQs 2, 8, 0
machine # [    1.102785] hpet0: 3 comparators, 64-bit 100.000000 MHz counter
machine # [    1.105832] clocksource: Switched to clocksource kvm-clock
machine # [    1.118220] VFS: Disk quotas dquot_6.6.0
machine # [    1.121004] VFS: Dquot-cache hash table entries: 512 (order 0, 4096 bytes)
machine # [    1.125985] pnp: PnP ACPI init
machine # [    1.128720] pnp: PnP ACPI: found 6 devices
machine # [    1.137581] clocksource: acpi_pm: mask: 0xffffff max_cycles: 0xffffff, max_idle_ns: 2085701024 ns
machine # [    1.143565] clocksource: Switched to clocksource acpi_pm
machine # [    1.147452] NET: Registered PF_INET protocol family
machine # [    1.151187] IP idents hash table entries: 16384 (order: 5, 131072 bytes, linear)
machine # [    1.157579] tcp_listen_portaddr_hash hash table entries: 512 (order: 1, 8192 bytes, linear)
machine # [    1.163308] Table-perturb hash table entries: 65536 (order: 6, 262144 bytes, linear)
machine # [    1.168934] TCP established hash table entries: 8192 (order: 4, 65536 bytes, linear)
machine # [    1.174425] TCP bind hash table entries: 8192 (order: 6, 262144 bytes, linear)
machine # [    1.179418] TCP: Hash tables configured (established 8192 bind 8192)
machine # [    1.184021] MPTCP token hash table entries: 1024 (order: 2, 24576 bytes, linear)
machine # [    1.189362] UDP hash table entries: 512 (order: 2, 16384 bytes, linear)
machine # [    1.194046] UDP-Lite hash table entries: 512 (order: 2, 16384 bytes, linear)
machine # [    1.198987] NET: Registered PF_UNIX/PF_LOCAL protocol family
machine # [    1.202984] NET: Registered PF_XDP protocol family
machine # [    1.206532] pci_bus 0000:00: resource 4 [io  0x0000-0x0cf7 window]
machine # [    1.210907] pci_bus 0000:00: resource 5 [io  0x0d00-0xffff window]
machine # [    1.215280] pci_bus 0000:00: resource 6 [mem 0x000a0000-0x000bffff window]
machine # [    1.220051] pci_bus 0000:00: resource 7 [mem 0x40000000-0xfebfffff window]
machine # [    1.225009] pci_bus 0000:00: resource 8 [mem 0x100000000-0x17fffffff window]
machine # [    1.230160] pci 0000:00:01.0: PIIX3: Enabling Passive Release
machine # [    1.234450] pci 0000:00:00.0: Limiting direct PCI/PCI transfers
machine # [    1.261545] ACPI: \_SB_.LNKD: Enabled at IRQ 11
machine # [    1.287615] pci 0000:00:01.2: quirk_usb_early_handoff+0x0/0x750 took 47464 usecs
machine # [    1.293581] PCI: CLS 0 bytes, default 64
machine # [    1.296614] Trying to unpack rootfs image as initramfs...
machine # [    1.300552] clocksource: tsc: mask: 0xffffffffffffffff max_cycles: 0x2fbd924e8de, max_idle_ns: 440795321919 ns
machine # [    1.314283] Initialise system trusted keyrings
machine # [    1.324046] workingset: timestamp_bits=40 max_order=18 bucket_order=0
machine # [    1.333596] zbud: loaded
machine # [    1.338250] Key type asymmetric registered
machine # [    1.344984] Asymmetric key parser 'x509' registered
machine # [    1.390101] Freeing initrd memory: 12868K
machine # [    1.393693] alg: self-tests for CTR-KDF (hmac(sha256)) passed
machine # [    1.398038] Block layer SCSI generic (bsg) driver version 0.4 loaded (major 252)
machine # [    1.403311] io scheduler mq-deadline registered
machine # [    1.406654] io scheduler kyber registered
machine # [    1.410070] Serial: 8250/16550 driver, 4 ports, IRQ sharing enabled
machine # [    1.415339] 00:04: ttyS0 at I/O 0x3f8 (irq = 4, base_baud = 115200) is a 16550A
machine # [    1.421951] intel_pstate: CPU model not supported
machine # [    1.425470] drop_monitor: Initializing network drop monitor service
machine # [    1.439378] NET: Registered PF_INET6 protocol family
machine # [    1.443992] Segment Routing with IPv6
machine # [    1.446764] In-situ OAM (IOAM) with IPv6
machine # [    1.450154] IPI shorthand broadcast: enabled
machine # [    1.453413] registered taskstats version 1
machine # [    1.456457] Loading compiled-in X.509 certificates
machine # [    1.460090] zswap: loaded using pool lzo/zbud
machine # [    1.463465] Key type .fscrypt registered
machine # [    1.466361] Key type fscrypt-provisioning registered
machine # [    1.471039] Unstable clock detected, switching default tracing clock to "global"
machine # [    1.471039] If you want to keep using the local clock, then add:
machine # [    1.471039]   "trace_clock=local"
machine # [    1.471039] on the kernel command line
machine # [    1.487357] Freeing unused decrypted memory: 2036K
machine # [    1.490429] Freeing unused kernel image (initmem) memory: 1876K
machine # [    1.493050] Write protecting the kernel read-only data: 22528k
machine # [    1.497243] Freeing unused kernel image (text/rodata gap) memory: 2040K
machine # [    1.500086] Freeing unused kernel image (rodata/data gap) memory: 660K
machine # [    1.541985] x86/mm: Checked W+X mappings: passed, no W+X pages found.
machine # [    1.544656] x86/mm: Checking user space page tables
machine # [    1.585403] x86/mm: Checked W+X mappings: passed, no W+X pages found.
machine # [    1.588188] Run /init as init process
machine # 
machine # <<< NixOS Stage 1 >>>
machine # 
machine # loading module virtio_balloon...
machine # loading module virtio_console...
machine # loading module virtio_rng...
machine # loading module dm_mod...
machine # [    1.682280] device-mapper: ioctl: 4.47.0-ioctl (2022-07-28) initialised: dm-devel@redhat.com
machine # running udev...
machine # Starting systemd-udevd version 252.5
machine # [    1.770588] i8042: PNP: PS/2 Controller [PNP0303:KBD,PNP0f13:MOU] at 0x60,0x64 irq 1,12
machine # [    1.777646] rtc_cmos 00:05: RTC can wake from S4
machine # [    1.797562] serio: i8042 KBD port at 0x60,0x64 irq 1
machine # [    1.801215] rtc_cmos 00:05: registered as rtc0
machine # [    1.807005] serio: i8042 AUX port at 0x60,0x64 irq 12
machine # [    1.810229] rtc_cmos 00:05: alarms up to one day, y3k, 242 bytes nvram, hpet irqs
machine # [    1.905342] SCSI subsystem initialized
machine # [    1.926225] ACPI: bus type USB registered
machine # [    1.937987] usbcore: registered new interface driver usbfs
machine # [    1.945944] usbcore: registered new interface driver hub
machine # [    1.953936] usbcore: registered new device driver usb
machine # [    1.961559] ACPI: \_SB_.LNKC: Enabled at IRQ 10
machine # [    2.003977] scsi host0: ata_piix
machine # [    2.014000] scsi host1: ata_piix
machine # [    2.015617] ata1: PATA max MWDMA2 cmd 0x1f0 ctl 0x3f6 bmdma 0xc260 irq 14
machine # [    2.018693] ata2: PATA max MWDMA2 cmd 0x170 ctl 0x376 bmdma 0xc268 irq 15
machine # [    2.082366] uhci_hcd 0000:00:01.2: UHCI Host Controller
machine # [    2.089376] uhci_hcd 0000:00:01.2: new USB bus registered, assigned bus number 1
machine # [    2.092960] uhci_hcd 0000:00:01.2: detected 2 ports
machine # [    2.098323] uhci_hcd 0000:00:01.2: irq 11, io port 0x0000c180
machine # [    2.104771] usb usb1: New USB device found, idVendor=1d6b, idProduct=0001, bcdDevice= 6.01
machine # [    2.108669] usb usb1: New USB device strings: Mfr=3, Product=2, SerialNumber=1
machine # [    2.111940] usb usb1: Product: UHCI Host Controller
machine # [    2.114277] usb usb1: Manufacturer: Linux 6.1.15 uhci_hcd
machine # [    2.116933] usb usb1: SerialNumber: 0000:00:01.2
machine # [    2.134638] hub 1-0:1.0: USB hub found
machine # [    2.140943] hub 1-0:1.0: 2 ports detected
machine # [    2.150747] ACPI: \_SB_.LNKA: Enabled at IRQ 10
machine # [    2.181764] ata2: found unknown device (class 0)
machine # [    2.188070] ACPI: \_SB_.LNKB: Enabled at IRQ 11
machine # [    2.191472] ata2.00: ATAPI: QEMU DVD-ROM, 2.5+, max UDMA/100
machine # [    2.203005] scsi 1:0:0:0: CD-ROM            QEMU     QEMU DVD-ROM     2.5+ PQ: 0 ANSI: 5
machine # [    2.366924] usb 1-1: new full-speed USB device number 2 using uhci_hcd
machine # [    2.537638] usb 1-1: New USB device found, idVendor=0627, idProduct=0001, bcdDevice= 0.00
machine # [    2.541276] usb 1-1: New USB device strings: Mfr=1, Product=3, SerialNumber=10
machine # [    2.544410] usb 1-1: Product: QEMU USB Tablet
machine # [    2.546466] usb 1-1: Manufacturer: QEMU
machine # [    2.548541] usb 1-1: SerialNumber: 28754-0000:00:01.2-1
machine # [    2.564941] input: AT Translated Set 2 keyboard as /devices/platform/i8042/serio0/input/input0
machine # [    2.613646] virtio_blk virtio5: 1/0/0 default/read/poll queues
machine # [    2.619139] 9pnet: Installing 9P2000 support
machine # [    2.646324] virtio_blk virtio5: [vda] 16777216 512-byte logical blocks (8.59 GB/8.00 GiB)
machine # [    2.659707] sr 1:0:0:0: [sr0] scsi3-mmc drive: 4x/4x cd/rw xa/form2 tray
machine # [    2.662575] cdrom: Uniform CD-ROM driver Revision: 3.20
machine # [    2.684350] hid: raw HID events driver (C) Jiri Kosina
machine # [    2.687061] virtio_blk virtio6: 1/0/0 default/read/poll queues
machine # [    2.718624] virtio_blk virtio6: [vdb] 1048576 512-byte logical blocks (537 MB/512 MiB)
machine # [    2.732220] usbcore: registered new interface driver usbhid
machine # [    2.734990] usbhid: USB HID core driver
machine # [    2.754757] input: QEMU QEMU USB Tablet as /devices/pci0000:00/0000:00:01.2/usb1/1-1/1-1:1.0/0003:0627:0001.0001/input/input2
machine # [    2.777230] hid-generic 0003:0627:0001.0001: input,hidraw0: USB HID v0.01 Mouse [QEMU QEMU USB Tablet] on usb-0000:00:01.2-1/input0
machine # kbd_mode: KDSKBMODE: Inappropriate ioctl for device
machine # %Gstarting device mapper and LVM...
machine # mke2fs 1.46.5 (30-Dec-2021)
machine # Discarding device blocks: done         
machine # Creating filesystem with 131072 4k blocks and 32768 inodes
machine # Filesystem UUID: 0daceeab-ed2a-4b1d-907e-e7b637757b45
machine # Superblock backups stored on blocks:
machine #       32768, 98304
machine # 
machine # Allocating group tables: done
machine # Writing inode tables: done
machine # Creating journal (4096 blocks): done
machine # Writing superblocks and filesystem accounting information: done
machine # 
machine # checking /dev/vdb...
machine # fsck (busybox 1.36.0)
machine # [fsck.ext4 (1) -- /mnt-root/] fsck.ext4 -a /dev/vdb
machine # /dev/vdb: clean, 11/32768 files, 6353/131072 blocks
machine # mounting /dev/vdb on /...
machine # [    3.280748] EXT4-fs (vdb): mounted filesystem with ordered data mode. Quota mode: none.
machine # mounting nix-store on /nix/.ro-store...
machine # [    3.310040] FS-Cache: Loaded
machine # [    3.320194] 9p: Installing v9fs 9p2000 file system support
machine # mounting tmpfs on /nix/.rw-store...
machine # mounting shared on /tmp/shared...
machine # mounting xchg on /tmp/xchg...
machine # mounting overlay filesystem on /nix/store...
machine # 
machine # <<< NixOS Stage 2 >>>
machine # 
machine # [    3.586496] EXT4-fs (vdb): re-mounted. Quota mode: none.
machine # [    3.590572] booting system configuration /nix/store/44hfcl4wpgzx3kqqmg6zziciwi0fpql6-nixos-system-machine-23.05pre-git
machine # running activation script...
machine # setting up /etc...
machine # unpacking the NixOS/Nixpkgs sources...
machine # ln: failed to create symbolic link '/root/.nix-defexpr/channels/channels': Read-only file system
machine # starting systemd...
machine # [    5.965358] systemd[1]: Inserted module 'autofs4'
machine # [    6.018567] systemd[1]: systemd 252.5 running in system mode (+PAM +AUDIT -SELINUX +APPARMOR +IMA +SMACK +SECCOMP +GCRYPT -GNUTLS +OPENSSL +ACL +BLKID +CURL +ELFUTILS +FIDO2 +IDN2 -IDN +IPTC +KMOD +LIBCRYPTSETUP +LIBFDISK +PCRE2 -PWQUALITY +P11KIT -QRENCODE +TPM2 +BZIP2 +LZ4 +XZ +ZLIB +ZSTD +BPF_FRAMEWORK -XKBCOMMON +UTMP -SYSVINIT default-hierarchy=unified)
machine # [    6.031554] systemd[1]: Detected virtualization kvm.
machine # [    6.034025] systemd[1]: Detected architecture x86-64.
machine # [    6.040744] systemd[1]: Initializing machine ID from random generator.
machine # [    6.355052] systemd[1]: bpf-lsm: LSM BPF program attached
machine # [    7.267702] systemd[1]: Queued start job for default target Multi-User System.
machine # [    7.280401] systemd[1]: Created slice Slice /system/getty.
machine # [    7.284722] systemd[1]: Created slice Slice /system/modprobe.
machine # [    7.289089] systemd[1]: Created slice User and Session Slice.
machine # [    7.292764] systemd[1]: Started Dispatch Password Requests to Console Directory Watch.
machine # [    7.297311] systemd[1]: Started Forward Password Requests to Wall Directory Watch.
machine # [    7.302465] systemd[1]: Reached target Local Encrypted Volumes.
machine # [    7.306138] systemd[1]: Reached target Containers.
machine # [    7.308991] systemd[1]: Reached target Path Units.
machine # [    7.311591] systemd[1]: Reached target Remote File Systems.
machine # [    7.314564] systemd[1]: Reached target Slice Units.
machine # [    7.317222] systemd[1]: Reached target Swaps.
machine # [    7.319642] systemd[1]: Reached target ZFS pool import target.
machine # [    7.329332] systemd[1]: Listening on Process Core Dump Socket.
machine # [    7.333478] systemd[1]: Listening on Journal Audit Socket.
machine # [    7.336484] systemd[1]: Listening on Journal Socket (/dev/log).
machine # [    7.339672] systemd[1]: Listening on Journal Socket.
machine # [    7.343167] systemd[1]: Listening on Userspace Out-Of-Memory (OOM) Killer Socket.
machine # [    7.349124] systemd[1]: Listening on udev Control Socket.
machine # [    7.352423] systemd[1]: Listening on udev Kernel Socket.
machine # [    7.360259] systemd[1]: Mounting Huge Pages File System...
machine # [    7.368380] systemd[1]: Mounting POSIX Message Queue File System...
machine # [    7.384254] systemd[1]: Mounting Kernel Debug File System...
machine # [    7.395182] systemd[1]: Starting Create List of Static Device Nodes...
machine # [    7.407007] systemd[1]: Starting Load Kernel Module configfs...
machine # [    7.418636] systemd[1]: Starting Load Kernel Module drm...
machine # [    7.435161] systemd[1]: Starting Load Kernel Module efi_pstore...
machine # [    7.451505] systemd[1]: Starting Load Kernel Module fuse...
machine # [    7.470696] systemd[1]: Starting mount-pstore.service...
machine # [    7.481250] systemd[1]: File System Check on Root Device was skipped because of an unmet condition check (ConditionPathIsReadWrite=!/).
machine # [    7.495362] fuse: init (API version 7.37)
machine # [    7.509330] systemd[1]: Starting Journal Service...
machine # [    7.525356] systemd[1]: Starting Load Kernel Modules...
machine # [    7.549505] systemd[1]: Starting Remount Root and Kernel File Systems...
machine # [    7.585452] systemd[1]: Starting Coldplug All udev Devices...
machine # [    7.604448] audit: type=1334 audit(1678177746.518:2): prog-id=60 op=LOAD
machine # [    7.610137] audit: type=1334 audit(1678177746.523:3): prog-id=61 op=LOAD
machine # [    7.624580] ACPI: bus type drm_connector registered
machine # [    7.627315] audit: type=1334 audit(1678177746.523:4): prog-id=25 op=UNLOAD
machine # [    7.636292] systemd[1]: Mounted Huge Pages File System.
machine # [    7.644014] EXT4-fs (vdb): re-mounted. Quota mode: none.
machine # [    7.649056] audit: type=1334 audit(1678177746.523:5): prog-id=26 op=UNLOAD
machine # [    7.660533] systemd[1]: Mounted POSIX Message Queue File System.
machine # [    7.668623] audit: type=1334 audit(1678177746.523:6): prog-id=62 op=LOAD
machine # [    7.678477] systemd[1]: Mounted Kernel Debug File System.
machine # [    7.685042] audit: type=1334 audit(1678177746.523:7): prog-id=63 op=LOAD
machine # [    7.699991] audit: type=1334 audit(1678177746.529:8): prog-id=21 op=UNLOAD
machine # [    7.705215] systemd[1]: Finished Create List of Static Device Nodes.
machine # [    7.717042] audit: type=1334 audit(1678177746.529:9): prog-id=22 op=UNLOAD
machine # [    7.721750] systemd[1]: modprobe@configfs.service: Deactivated successfully.
machine # [    7.725257] bridge: filtering via arp/ip/ip6tables is no longer available by default. Update your scripts to load br_netfilter if you need this.
machine # [    7.734988] audit: type=1130 audit(1678177746.635:10): pid=1 uid=0 auid=4294967295 ses=4294967295 subj=kernel msg='unit=kmod-static-nodes comm="systemd" exe="/nix/store/d1h33vvfagj7bhg0b8dw3p5nifghb01q-systemd-252.5/lib/systemd/systemd" hostname=? addr=? terminal=? res=success'
machine # [    7.755107] systemd[1]: Finished Load Kernel Module configfs.
machine # [    7.766769] systemd[1]: modprobe@drm.service: Deactivated successfully.
machine # [    7.783014] audit: type=1130 audit(1678177746.676:11): pid=1 uid=0 auid=4294967295 ses=4294967295 subj=kernel msg='unit=modprobe@configfs comm="systemd" exe="/nix/store/d1h33vvfagj7bhg0b8dw3p5nifghb01q-systemd-252.5/lib/systemd/systemd" hostname=? addr=? terminal=? res=success'
machine # [    7.796191] tun: Universal TUN/TAP device driver, 1.6
machine # [    7.800128] systemd[1]: Finished Load Kernel Module drm.
machine # [    7.811216] systemd[1]: modprobe@efi_pstore.service: Deactivated successfully.
machine # [    7.832072] systemd[1]: Finished Load Kernel Module efi_pstore.
machine # [    7.835265] spl: loading out-of-tree module taints kernel.
machine # [    7.848190] systemd[1]: modprobe@fuse.service: Deactivated successfully.
machine # [    7.864241] systemd[1]: Finished Load Kernel Module fuse.
machine # [    7.871289] znvpair: module license 'CDDL' taints kernel.
machine # [    7.873744] Disabling lock debugging due to kernel taint
machine # [    7.905181] systemd[1]: Finished Remount Root and Kernel File Systems.
machine # [    7.970352] systemd[1]: Mounting FUSE Control File System...
machine # [    7.996970] systemd[1]: Mounting Kernel Configuration File System...
machine # [    8.021580] systemd[1]: Starting Load/Save Random Seed...
machine # [    8.045262] systemd[1]: Starting Create Static Device Nodes in /dev...
machine # [    8.091503] systemd[1]: Finished Coldplug All udev Devices.
machine # [    8.105718] systemd[1]: Mounted FUSE Control File System.
machine # [    8.120385] systemd[1]: Mounted Kernel Configuration File System.
machine # [    8.142253] systemd[1]: Finished Load/Save Random Seed.
machine # [    8.167467] systemd[1]: Finished Create Static Device Nodes in /dev.
machine # [    8.178572] systemd[1]: Reached target Preparation for Local File Systems.
machine # [    8.197717] systemd[1]: Starting Rule-based Manager for Device Events and Files...
machine # [    8.366257] systemd[1]: Started Rule-based Manager for Device Events and Files.
machine # [    8.436196] systemd[1]: Started Journal Service.
machine # [    8.512229] systemd-journald[481]: Received client request to flush runtime journal.
machine # [    8.368617] systemd-modules-load[482]: Inserted module 'bridge'
machine # [    8.379114] systemd-modules-load[482]: Inserted module 'macvlan'
machine # [    8.389787] systemd-modules-load[482]: Inserted module 'tap'
machine # [    8.399112] systemd-modules-load[482]: Inserted module 'tun'
machine # [    8.409763] systemd-udevd[502]: Using default interface naming scheme 'v252'.
machine # [    8.421087] systemd[1]: Starting Flush Journal to Persistent Storage...
machine # [    8.433534] systemd[1]: Finished Flush Journal to Persistent Storage.
machine # [    8.445506] systemd-udevd[510]: Network interface NamePolicy= disabled on kernel command line.
machine # [    8.503183] systemd-udevd[522]: eth1: Config file /etc/systemd/network/40-eth1.link is applied to device based on potentially unpredictable interface name.
machine # [    8.516622] systemd-udevd[522]: Network interface NamePolicy= disabled on kernel command line.
machine # [    8.530041] systemd[1]: Found device /dev/ttyS0.
machine # [    8.538079] systemd[1]: Found device /dev/hvc0.
machine # [    8.681819] systemd[1]: Found device Virtio network device.
machine # [    9.561410] ZFS: Loaded module v2.1.9-1, ZFS pool version 5000, ZFS filesystem version 5
machine # [    8.895697] systemd-modules-load[482]: Inserted module 'zfs'
machine # [    9.585754] loop: module loaded
machine # [    8.915755] systemd-modules-load[482]: Inserted module 'loop'
machine # [    8.933023] systemd[1]: Finished Load Kernel Modules.
machine # [    8.949733] systemd-udevd[525]: event_source: Failed to get device name: No such file or directory[    9.649407] mousedev: PS/2 mouse device common for all mice
machine # 
machine # [    9.009093] systemd[1]: Starting Firewall...
machine # [    9.029000] systemd[1]: Starting Apply Kernel Variables...
machine # [    9.056136] systemd[1]: Starting Mount ZFS filesystems...
machine # [    9.109707] systemd[1]: Finished Apply Kernel Variables.
machine # [    9.135714] systemd[1]: Finished Mount ZFS filesystems.
machine # [    9.165644] systemd[1]: Reached target Local File Systems.
machine # [    9.184998] systemd[1]: Starting Create Volatile Files and Directories...
machine # [    9.266700] systemd[1]: Finished Create Volatile Files and Directories.
machine # [    9.286991] systemd[1]: Starting Rebuild Journal Catalog...
machine # [    9.333836] systemd[1]: Starting Userspace Out-Of-Memory (OOM) Killer...
machine # [    9.373572] f4xrzmq3i4d8ywd9vz5c0kafbb83b1jq-mount-pstore.sh[491]: Persistent Storage backend was not registered in time.
machine # [    9.425048] systemd[1]: Starting Record System Boot/Shutdown in UTMP...
machine # [    9.453777] systemd[1]: Finished mount-pstore.service.
machine # [   10.156084] input: Power Button as /devices/LNXSYSTM:00/LNXPWRBN:00/input/input3
machine # [    9.493086] systemd[1]: Platform Persistent Storage Archival was skipped because of an unmet condition check (ConditionDirectoryNotEmpty=/sys/fs/pstore).
machine # [    9.531919] systemd[1]: Finished Record System Boot/Shutdown in UTMP.[   10.220411] ACPI: button: Power Button [PWRF]
machine # 
machine # [    9.562719] systemd[1]: Finished Rebuild Journal Catalog.
machine # [    9.585439] systemd[1]: Starting Update is Completed...
machine # connecting to host...
machine # [    9.689031] systemd[1]: Finished Update is Completed.
machine # [    9.716638] dhcpcd[593]: dhcpcd-9.4.1 starting[   10.395496] 8021q: 802.1Q VLAN Support v1.8
machine # 
machine: connected to guest root shell
machine: (connecting took 11.76 seconds)
(finished: waiting for the VM to finish booting, in 11.77 seconds)
machine # [    9.768863] systemd[1]: Reached target System Initialization.
machine # [    9.818795] dhcpcd[599]: dev: loaded udev
machine # [    9.848927] j72arpq1dfn7q59irzji3xwljjdiq8vs-audit-disable[591]: No rules[   10.526527] parport_pc 00:03: reported by Plug and Play ACPI
machine # 
machine # sh: cannot set terminal process group (-1): Inappropriate ioctl for device
machine # [    9.903190] systemd[1]: Started logrotate.timer.
machine # sh: no job control in this shell[   10.604766] Floppy drive(s): fd0 is 2.88M AMI BIOS
machine # 
machine # [    9.942844] systemd[1]: Started Daily Cleanup of Temporary Directories.[   10.630066] parport0: PC-style at 0x378, irq 7 [PCSPP(,...)]
machine # 
machine # [    9.978641] logrotate[602]: warning: logrotate in debug mode does nothing except printing debug messages!  Consider using verbose mode (-v) instead if this is not what you want.[   10.718717] FDC 0 is a S82078B
machine # 
machine # [   10.056869] logrotate[602]: reading config file /nix/store/ysgfy4413nrn23ddins98pcrk81bmzsy-logrotate.conf
machine # [   10.095411] logrotate[602]: note: 'monthly' overrides previously specified 'weekly'
machine # [   10.155436] logrotate[602]: Reading state from file: /var/lib/logrotate.status
machine # [   10.185175] logrotate[602]: state file /var/lib/logrotate.status does not exist
machine # [   10.239740] logrotate[602]: Allocating hash table for state file, size 64 entries
machine # [   10.275951] logrotate[602]: Handling 2 logs
machine # [   10.291093] logrotate[602]: rotating pattern: "/var/log/btmp"  monthly (1 rotations)
machine # [   10.324898] logrotate[602]: empty log files are not rotated, only log files >= 1048576 bytes are rotated, old logs are removed
machine # [   11.050364] cfg80211: Loading compiled-in X.509 certificates for regulatory database
machine # [   10.380735] logrotate[602]: considering log /var/log/btmp[   11.058999]  vda: vda1 vda2
(finished: must succeed: flock /dev/vda parted --script /dev/vda -- mklabel msdos mkpart primary linux-swap 1M 1024M mkpart primary ext2 1024M -1s, in 12.37 seconds)
machine: must succeed: udevadm settle
machine # 
machine # [   10.404842] logrotate[602]: Creating new state
machine # [   10.426993] logrotate[602]:   Now: 2023-03-07 08:29
machine # [   10.450091] logrotate[602]:   Last rotated at 2023-03-07 08:00
machine # [   10.477856] logrotate[602]:   log does not need rotating (log has already been rotated)
machine # [   10.505919] logrotate[602]: rotating pattern: "/var/log/wtmp"  monthly (1 rotations)[   11.184726] cfg80211: Loaded X.509 cert 'sforshee: 00b28ddf47aef9cea7'
machine # 
machine # [   10.539415] logrotate[602]: empty log files are not rotated, only log files >= 1048576 bytes are rotated, old logs are removed[   11.221335] Linux agpgart interface v0.103
machine # 
machine # [   10.570087] logrotate[602]: considering log /var/log/wtmp
machine # [   10.586779] logrotate[602]: Creating new state
machine # [   10.599579] logrotate[602]:   Now: 2023-03-07 08:29
machine # [   10.611040] logrotate[602]:   Last rotated at 2023-03-07 08:00
machine # [   10.627184] logrotate[602]:   log does not need rotating (log has already been rotated)
machine # [   10.664444] systemd[1]: Started zpool-trim.timer.
machine # [   11.347200] 8021q: adding VLAN 0 to HW filter on device eth0
machine # [   10.685607] systemd[1]: Reached target Timer Units.
machine # [   10.701991] nsncd[606]: Mar 07 08:29:09.406 INFO started, handoff_timeout: 3s, worker_count: 8, path: "/var/run/nscd/socket"
machine # [   10.723499] dhcpcd[599]: eth0: waiting for carrier
machine # [   10.730186] systemd[1]: Listening on D-Bus System Message Bus Socket.
machine # [   10.750029] dhcpcd[599]: eth0: carrier acquired
machine # [   10.761489] systemd[1]: Listening on Nix Daemon Socket.
machine # [   10.773686] dhcpcd[599]: DUID 00:01:00:01:2b:99:b2:56:52:54:00:12:34:56
machine # [   10.786757] systemd[1]: Reached target Socket Units.
machine # [   10.798115] zed[615]: ZFS Event Daemon 2.1.9-1 (PID 615)[   11.478954] piix4_smbus 0000:00:01.3: SMBus Host Controller at 0x700, revision 0
machine # 
machine # [   10.810981] zed[615]: Processing events since eid=0
machine # [   10.826611] dhcpcd[599]: eth0: IAID 00:12:34:56
machine # [   10.838765] systemd[1]: Reached target Basic System.
machine # [   10.849976] dbus-daemon[642]: dbus[642]: Unknown username "systemd-timesync" in message bus configuration file
machine # [   10.871741] dhcpcd[599]: eth0: adding address fe80::5054:ff:fe12:3456
machine # [   10.884559] systemd[1]: Starting Kernel Auditing...
machine # [   10.896804] systemd-oomd[574]: Swap is currently not detected; memory pressure usage will be degraded
machine # [   10.916203] systemd[1]: Started backdoor.service.
machine # [   10.925126] nsncd[688]: Mar 07 08:29:10.091 INFO started, handoff_timeout: 3s, worker_count: 8, path: "/var/run/nscd/socket"
machine # [   10.947836] systemd[1]: Starting DHCP Client...
machine # [   10.958659] systemd[1]: Starting Logrotate configuration check...
machine # [   10.970057] systemd[1]: Starting Name Service Cache Daemon (nsncd)...
machine # [   10.984634] systemd[1]: Started Reset console on configuration changes.
machine # [   10.998649] systemd[1]: Starting resolvconf update...
machine # [   11.010017] systemd[1]: Starting ZFS file system shares...
machine # [   11.025576] systemd[1]: Started ZFS Event Daemon (zed).
machine # [   11.036603] systemd[1]: Started Userspace Out-Of-Memory (OOM) Killer.
machine # [   11.050201] systemd[1]: Started Name Service Cache Daemon (nsncd).[   11.728692] input: QEMU Virtio Keyboard as /devices/pci0000:00/0000:00:0b.0/virtio8/input/input4
machine # 
machine # [   11.060543] systemd[1]: Finished Kernel Auditing.
machine # [   11.067898] systemd[1]: Finished Logrotate configuration check.
machine # [   11.080184] systemd[1]: Finished ZFS file system shares.
machine # [   11.095044] systemd[1]: Reached target Host and Network Name Lookups.
machine # [   11.106849] systemd[1]: Reached target User and Group Name Lookups.
machine # [   11.119799] systemd[1]: Reached target ZFS startup target.
machine # [   11.130812] systemd[1]: Starting D-Bus System Message Bus...[   11.812435] input: VirtualPS/2 VMware VMMouse as /devices/platform/i8042/serio1/input/input6
machine # 
machine # [   11.149185] systemd[1]: Starting User Login Management...[   11.827704] input: VirtualPS/2 VMware VMMouse as /devices/platform/i8042/serio1/input/input5
machine # 
machine # [   11.168730] systemd[1]: Started D-Bus System Message Bus.
machine # [   11.180752] systemd[1]: Stopped target Host and Network Name Lookups.
machine # [   11.191095] systemd[1]: Stopping Host and Network Name Lookups...
machine # [   11.204081] dhcpcd[599]: eth0: soliciting an IPv6 router
machine # [   11.213762] systemd[1]: Stopped target User and Group Name Lookups.
machine # [   11.226036] systemd[1]: Stopping User and Group Name Lookups...
machine # [   11.240096] systemd[1]: Stopping Name Service Cache Daemon (nsncd)...[   11.921590] bochs-drm 0000:00:02.0: vgaarb: deactivate vga console
machine # 
machine # [   11.254796] systemd[1]: nscd.service: Deactivated successfully.
machine # [   11.267608] systemd[1]: Stopped Name Service Cache Daemon (nsncd).
machine # [   11.279102] systemd-logind[651]: New seat seat0.[   11.956294] RAPL PMU: API unit is 2^-32 Joules, 0 fixed counters, 10737418240 ms ovfl timer
machine # 
machine # [   11.998520] NET: Registered PF_PACKET protocol family
machine # [   12.043099] cryptd: max_cpu_qlen set to 1000
machine # [   12.134727] AVX2 version of gcm_enc/dec engaged.
machine # [   12.134746] AES CTR mode by8 optimization enabled
machine # [   12.143521] Console: switching to colour dummy device 80x25
machine # [   12.237097] 8021q: adding VLAN 0 to HW filter on device eth1
machine # [   11.306188] systemd[1]: Started User Login Management.
machine # [   12.414126] [drm] Found bochs VGA, ID 0xb0c5.
machine # [   12.416189] [drm] Framebuffer size 16384 kB @ 0xfd000000, mmio @ 0xfebd0000.
machine # [   11.753007] dhcpcd[599]: eth0: soliciting a DHCP lease
machine # [   11.770032] systemd[1]: Starting Name Service Cache Daemon (nsncd)...
machine # [   11.790923] dhcpcd[593]: Failed to reload-or-try-restart ntpd.service: Unit ntpd.service not found.
machine # [   11.807116] dhcpcd[593]: Failed to reload-or-try-restart openntpd.service: Unit openntpd.service not found.
machine # [   11.821051] dhcpcd[593]: Failed to reload-or-try-restart chronyd.service: Unit chronyd.service not found.
machine # [   11.839607] dhcpcd[599]: eth0: offered 10.0.2.15 from 10.0.2.2
machine # [   11.852466] network-addresses-eth1-start[814]: adding address 192.168.1.1/24... done
machine # [   11.873181] systemd[1]: Finished resolvconf update.
machine # [   11.879872] dhcpcd[599]: eth0: leased 10.0.2.15 for 86400 seconds
machine # [   11.894690] systemd[1]: Started Name Service Cache Daemon (nsncd).
machine # [   11.908742] dhcpcd[599]: eth0: adding route to 10.0.2.0/24
machine # [   11.921773] systemd[1]: Reached target Host and Network Name Lookups.
machine # [   11.937871] dhcpcd[599]: eth0: adding default route via 10.0.2.2
machine # [   11.952918] nsncd[850]: Mar 07 08:29:11.299 INFO started, handoff_timeout: 3s, worker_count: 8, path: "/var/run/nscd/socket"
machine # [   11.979743] systemd[1]: Reached target User and Group Name Lookups.
machine # [   12.006194] systemd[1]: Finished Firewall.
machine # [   12.025115] systemd[1]: Reached target Preparation for Network.
machine # [   12.046871] systemd[1]: Reached target All Network Interfaces (deprecated).[   12.731086] [drm] Found EDID data blob.
machine # 
machine # [   12.069457] systemd[1]: Starting Address configuration of eth1...
machine # [   12.090865] systemd[1]: Stopped target Host and Network Name Lookups.
machine # [   12.106037] systemd[1]: Stopping Host and Network Name Lookups...
machine # [   12.118678] systemd[1]: Stopped target User and Group Name Lookups.
machine # [   12.133919] systemd[1]: Stopping User and Group Name Lookups...
machine # [   12.145417] systemd[1]: Stopping Name Service Cache Daemon (nsncd)...
machine # [   12.157147] systemd[1]: nscd.service: Deactivated successfully.
machine # [   12.172915] systemd[1]: Stopped Name Service Cache Daemon (nsncd).
machine # [   12.184569] dhcpcd[599]: eth0: Router Advertisement from fe80::2
machine # [   12.200104] systemd[1]: Finished Address configuration of eth1.
machine # [   12.211481] dhcpcd[599]: eth0: adding address fec0::5054:ff:fe12:3456/64
machine # [   12.225441] systemd[1]: Starting Networking Setup...
machine # [   12.233210] dhcpcd[599]: eth0: adding route to fec0::/64
machine # [   12.247463] systemd[1]: Starting Name Service Cache Daemon (nsncd)...
machine # [   12.261776] dhcpcd[599]: eth0: adding default route via fe80::2
machine # [   12.272880] systemd[1]: Started Name Service Cache Daemon (nsncd).
machine # [   12.284180] systemd[1]: Reached target Host and Network Name Lookups.
machine # [   12.302212] systemd[1]: Reached target User and Group Name Lookups.[   12.981024] [drm] Initialized bochs-drm 1.0.0 20130925 for 0000:00:02.0 on minor 0
machine # 
machine # [   12.314633] systemd[1]: Started DHCP Client.
machine # [   12.326952] systemd[1]: Finished Networking Setup.
machine # [   12.337093] systemd[1]: Starting Extra networking commands....
machine # [   12.348913] systemd[1]: Finished Extra networking commands..
machine # [   12.364774] systemd[1]: Reached target Network.
machine # [   12.375469] systemd[1]: Reached target Network is Online.
machine # [   13.060012] fbcon: bochs-drmdrmfb (fb0) is primary device
machine # [   13.262306] Console: switching to colour frame buffer device 160x50
machine # [   13.282347] ppdev: user-space parallel port driver
machine # [   13.413014] bochs-drm 0000:00:02.0: [drm] fb0: bochs-drmdrmfb frame buffer device
machine # [   12.403657] systemd[1]: Starting SSH Daemon...
machine # [   12.757206] systemd[1]: Starting Permit User Sessions...
machine # [   12.770115] systemd[1]: Finished Permit User Sessions.
machine # [   12.778435] systemd[1]: Started Getty on tty1.
machine # [   12.790424] systemd[1]: Reached target Login Prompts.
machine # [   12.801543] systemd-logind[651]: Watching system buttons on /dev/input/event0 (AT Translated Set 2 keyboard)
machine # [   12.821666] systemd-logind[651]: Watching system buttons on /dev/input/event2 (Power Button)
machine # [   12.837911] systemd[1]: Listening on Load/Save RF Kill Switch Status /dev/rfkill Watch.
machine # [   13.090563] systemd-logind[651]: Watching system buttons on /dev/input/event3 (QEMU Virtio Keyboard)
machine # [   14.449996] Key type encrypted registered
machine # [   14.573129] EDAC MC: Ver: 3.0.0
(finished: must succeed: udevadm settle, in 4.16 seconds)
machine: must succeed: mkfs.ext3 -L nixos /dev/vda2
machine # mke2fs 1.46.5 (30-Dec-2021)
(finished: must succeed: mkfs.ext3 -L nixos /dev/vda2, in 0.39 seconds)
machine: must succeed: mount LABEL=nixos /mnt
machine # [   15.690003] EXT4-fs (vda2): mounting ext3 file system using the ext4 subsystem
machine # [   15.720965] EXT4-fs (vda2): mounted filesystem with ordered data mode. Quota mode: none.
(finished: must succeed: mount LABEL=nixos /mnt, in 0.12 seconds)
machine: must succeed: mkswap /dev/vda1 -L swap
(finished: must succeed: mkswap /dev/vda1 -L swap, in 0.06 seconds)
machine: must succeed: nix-store --load-db < /nix/store/s0940vxfmnk8slprgy6ncv26v11xdbqb-closure-info/registration
(finished: must succeed: nix-store --load-db < /nix/store/s0940vxfmnk8slprgy6ncv26v11xdbqb-closure-info/registration, in 0.24 seconds)
machine: must succeed: nixos-install --root /mnt --system /nix/store/lv1jg38pikgdi63n8hrx86b72zgha3d6-nixos-system-nixos-23.05pre-git --no-root-passwd --no-channel-copy >&2
machine # these 420 paths will be fetched (0.00 MiB download, 562.84 MiB unpacked):
machine #   /nix/store/02qilw6k0vv6wg94xyq98595d7ddrjlq-cpio-2.13
machine #   /nix/store/0bjb0piid66pgpwr1pns0a3xfsmrybx3-udev-path
machine #   /nix/store/0cxixcg81fvjp95gg9wim6m5i921f9gl-iptables-1.8.8
machine #   /nix/store/0npymk3wqhj71rl8q2spmmsjsj9infj4-nix-bash-completions-0.6.8
machine #   /nix/store/0qqkncxqjp95diyrqiqw094rk7f2dain-libcbor-unstable-2023-01-29
machine #   /nix/store/0rr0ykwxgpc0i8s6nd1pkm8nbih1bwch-nix.conf
machine #   /nix/store/0s9pxi3023ig55yw1w43fzzdzqb6cri3-rsync-3.2.7
machine #   /nix/store/0sd5fi7a48b7qx19ddi81xb72f0qcn8s-libseccomp-2.5.4-lib
machine #   /nix/store/0zr8l20n3q29kv7ps8ar70lidy7ivjkg-unit-run-initramfs.mount
machine #   /nix/store/10jlmbq2dmgf65gmigkbwdbw2p33b70d-unit-nix-optimise.service
machine #   /nix/store/15qz65ngn2h6nadh684db2fx6x3d71a4-xscreensaver.pam
machine # [   15.888185] sshd-pre-start[932]: Generating public/private rsa key pair.
machine #   /nix/store/16s79c2xri6d8szk22k5xpc4wsiinwcd-s2n-tls-1.3.37
machine # [   15.895581] sshd-pre-start[932]: Your identification has been saved in /etc/ssh/ssh_host_rsa_key
machine #   /nix/store/1a4fhy0291sycwmabk5mvfzjcwr8rccl-libnftnl-1.2.4
machine #   /nix/store/1ancihw3k9jnwmr2lcjqpbgdsckpl267-kmod-blacklist-28-1ubuntu4
machine # [   15.909558] sshd-pre-start[932]: Your public key has been saved in /etc/ssh/ssh_host_rsa_key.pub
machine #   /nix/store/1bqq0rcnxgipf62x8hhqdhavi75q7ppm-unit-network-interfaces.target
machine # [   15.918745] sshd-pre-start[932]: The key fingerprint is:
machine #   /nix/store/1jz0zh35jvjrjg05x5divcxlv6z0d4d2-ipv6-privacy-extensions.rules
machine # [   15.926697] sshd-pre-start[932]: SHA256:wv1WADrnl9993RBRXVAodCz2NXHjbbdjL7qn+rvHkWQ root@machine
machine #   /nix/store/1kyxadkfzdpd2kyhghmzd34hwib8f4ky-initrd-linux-6.1.15
machine # [   15.935213] sshd-pre-start[932]: The key's randomart image is:
machine #   /nix/store/1mri69ag0df73bhyic1qhp4jw6m6rfpn-install-grub.pl
machine #   /nix/store/1sy2hrr1q7840lvwq5715ny1zh2wg2vw-jq-1.6-lib
machine # [   15.945999] sshd-pre-start[932]: +---[RSA 4096]----+
machine #   /nix/store/1xalzkbzfrrw5j09qh7246khbshlgrdv-curl-7.88.0
machine # [   15.953720] sshd-pre-start[932]: |        .  ...+BO|
machine #   /nix/store/1zi1xfjyx1dljqcc8p3y059x256v94ww-kmod-30
machine # [   15.961690] sshd-pre-start[932]: |       . .  +.+o*|
machine #   /nix/store/24xi2ywpcci9ns8994bchlnhh7dgz16b-glibc-locales-2.35-224
machine # [   15.968726] sshd-pre-start[932]: |      o . .. +.o=|
machine #   /nix/store/25lic1f1vf4j7vm46ia0lfmvkm7434ds-unit-pre-sleep.service
machine # [   15.976144] sshd-pre-start[932]: |     . =   o  Eoo|
machine #   /nix/store/2621vw7fj5li7sz11im1q6421s0s04pz-bash-completion-2.11
machine # [   15.983639] sshd-pre-start[932]: |      o S o .o.= |
machine #   /nix/store/280dqdxk41jg2axzwnxvc9hr2acvv7fb-aws-c-compression-0.2.16
machine # [   15.991887] sshd-pre-start[932]: |       . o o .+o=|
machine #   /nix/store/28zprip7ybw0l35mgdyq4d2mbb9aksqj-unit-systemd-backlight-.service
machine # [   16.000477] sshd-pre-start[932]: |          o ..o.*|
machine #   /nix/store/2aky64r9yb1bdnvm64jczhyd9vs52nna-perl-5.36.0-env
machine # [   16.008814] sshd-pre-start[932]: |         .   .+..|
machine #   /nix/store/2b4p4bik3m37fvzpzfirq7in84vcxz4h-etc-lvm.conf
machine # [   16.017764] sshd-pre-start[932]: |          .oBB   |
machine #   /nix/store/2bglhbin4374m042pynjcml123p6xajb-mount-pstore.sh
machine # [   16.024815] sshd-pre-start[932]: +----[SHA256]-----+
machine #   /nix/store/2dnx4ir0q5711h2di8vclgqqskw4avs7-tpm2-tss-3.2.0
machine #   /nix/store/2jq0rdhc7wb8fj0q82whsj9p50sdmvcv-freetype-2.12.1
machine # [   16.037817] sshd-pre-start[1033]: Generating public/private ed25519 key pair.
machine #   /nix/store/2n93005yn14c0gxqda11ax2c5q1fm6da-unit-fs.target
machine # [   16.044841] sshd-pre-start[1033]: Your identification has been saved in /etc/ssh/ssh_host_ed25519_key
machine #   /nix/store/2py8y6bw2n88z3yygqlfhhw68yylwc50-etc-ssh_known_hosts
machine #   /nix/store/2vk5rps0d3n12m6j0ppfswl2k458x04f-util-linux-2.38.1-bin
machine # [   16.059025] sshd-pre-start[1033]: Your public key has been saved in /etc/ssh/ssh_host_ed25519_key.pub
machine #   /nix/store/2w0l8hwvy9jpysy4m2dz9b1y7yqmfwak-etc
machine # [   16.081638] sshd-pre-start[1033]: The key fingerprint is:
machine #   /nix/store/2w4k8nvdyiggz717ygbbxchpnxrqc6y9-gcc-12.2.0-lib
machine # [   16.102011] sshd-pre-start[1033]: SHA256:O05ruZM39W6Z2MvlzIM1B8Uh1Lt33naFzOMlF2DgBe4 root@machine
machine #   /nix/store/2xdrbaixvdibrf2y4gyd6nv6k3qcvgvy-unit-script-pre-sleep-start
machine # [   16.112878] sshd-pre-start[1033]: The key's randomart image is:
machine #   /nix/store/32pr09r3dgm7cd01bkyjcr75q970i2aj-etc-shells
machine #   /nix/store/34ccr100r4qd76vwgkjp48s45vcb2df0-unit-systemd-journal-flush.service
machine # [   16.126957] sshd-pre-start[1033]: +--[ED25519 256]--+
machine #   /nix/store/368bba86hyrx8z47qfznp6br57vbhv16-perl5.36.0-XML-SAX-1.02
machine # [   16.135417] sshd-pre-start[1033]: |           o++.o.|
machine #   /nix/store/37jz24jcprqk6k5zff55xglvbqsbnf51-perl5.36.0-XML-NamespaceSupport-1.12
machine # [   16.149567] sshd-pre-start[1033]: |          o .o..o|
machine #   /nix/store/3abzchhs9mladhkyhra69s8q58z6kpl0-system-shutdown
machine # [   16.154663] sshd-pre-start[1033]: |           o. ...|
machine #   /nix/store/3bhillndvhi9pvdkr4bb145170s7h7lz-libXdmcp-1.1.3
machine # [   16.163823] sshd-pre-start[1033]: |          .   .o |
machine #   /nix/store/3bvb3pi6j2jg6pjm28r2x6yafqdkwddh-etc-nanorc
machine # [   16.170601] sshd-pre-start[1033]: |        S  E o oo|
machine #   /nix/store/3c9rgl6fc50kkcv2z6wbkxdwplv213hs-unit-script-container_-pre-start
machine # [   16.177888] sshd-pre-start[1033]: |         .  . *+B|
machine #   /nix/store/3d4zx4vvhyar31yhgfis12vqal3v735l-unit-systemd-importd.service
machine # [   16.185226] sshd-pre-start[1033]: |        +o . =oOO|
machine #   /nix/store/3n2ykb99hrzn19535dw65zv0yf77mais-unit-systemd-pstore.service
machine # [   16.192698] sshd-pre-start[1033]: |       o=oo .oB*=|
machine #   /nix/store/3qgajfk4bympbc57wfx8aki8z3bi36x6-ipv6-privacy-extensions.rules
machine # [   16.199567] sshd-pre-start[1033]: |       .++ . o+o*|
machine #   /nix/store/3ss9si3ypwqkq41jnqhxk5ywaqfpmzhp-unit-dbus.service
machine # [   16.205939] sshd-pre-start[1033]: +----[SHA256]-----+
machine #   /nix/store/3w4rwgh8sp7qjnq3klzpbvafdsckalw1-strace-6.2
machine # [   16.213834] systemd[1]: Started SSH Daemon.
machine #   /nix/store/42r1bhqjazylxvirj60711shw9ybly1j-nixos-container
machine # [   16.221691] sshd[1034]: Server listening on 0.0.0.0 port 22.
machine #   /nix/store/435dry9pzhgydqkl9hh53yynnyjx7r17-userdel.pam
machine #   /nix/store/441fz8i6yswn8ag72cf6237w4j3msjgc-set-environment
machine # [   16.234065] systemd[1]: Reached target Multi-User System.
machine #   /nix/store/45fv13gpbksnhnj9b0narszqlr7rkjrd-reload-container
machine # [   16.241632] sshd[1034]: Server listening on :: port 22.
machine #   /nix/store/47a8vscwlc6f3218qcfa6d80mr5nnbfy-unit-user-runtime-dir-.service
machine # [   16.252188] systemd[1]: Startup finished in 5.249s (kernel) + 10.825s (userspace) = 16.074s.
machine #   /nix/store/4f5jnd0q8b5kj934wm202km3i8ssrl6p-gnused-4.9
machine #   /nix/store/4fysv3vbr08qimwrvn04fbdl8nypkl0j-zstd-1.5.4-bin
machine #   /nix/store/4g9frk7w66fqdgi5il74asamb7ifm5z2-unit-graphical-session.target
machine #   /nix/store/4rd3hzbjjiwpm91a87qb4qk2ppqsgnj9-relaxedsandbox.nix
machine #   /nix/store/4vkv3rzky44hp2b8r13d8hr4ykvqhvwh-gnugrep-3.7
machine #   /nix/store/502qxmdcxn1cjg7jqq7lz1wp000wss6c-unit-post-resume.target
machine #   /nix/store/50rnnlc4pxv78dykmd4vgj7g1f8plyd2-mounts.sh
machine #   /nix/store/513i3g7cqxzy6a2smnika69qwy9rwbga-nix-2.13.3
machine #   /nix/store/518q1srnnsr11n1jrdkj0m8406ni786f-etc-resolvconf.conf
machine #   /nix/store/51iw92pddqgmy1i4wcswhnxl93y8b9qb-gnupg-2.4.0
machine #   /nix/store/5438qhyypn1kbdnm4312v8db4mkapwhl-openssl-3.0.8
machine #   /nix/store/544hb2szzlv0a9z1p4ly36dinb0ifc62-unit-systemd-remount-fs.service
machine #   /nix/store/549mgadp2s7lr0040r085nmv8gmmjvck-login.pam
machine #   /nix/store/5da05dy9gm7zqcl5jpa8h8qyds0f1kkp-unit-network-local-commands.service
machine # [   16.310613] login[933]: pam_unix(login:session): session opened for user nixos(uid=1000) by LOGIN(uid=0)
machine #   /nix/store/5gkfmcir9115sld17k2rbq5wfj1aqijn-local-cmds
machine #   /nix/store/5ignn03v4n3p4ndl8ljpyb1lf6c20nx9-unit-save-hwclock.service
machine #   /nix/store/5iwncyjjnssv4lpyp9a8vlch2kn0iinm-unit-local-fs.target
machine #   /nix/store/5kmkv1lw80a1s2rsxka839zimk90rl32-other.pam
machine #   /nix/store/5r8d5wpgj39w2phayi43qzkh5s6znks0-bcache-tools-1.0.7
machine #   /nix/store/5rls0w5djnkqbgl5lw4di1d29mzzy51j-libelf-0.8.13
machine #   /nix/store/5ynbf6wszmggr0abwifdagrixgnya5vy-bash-5.2-p15
machine #   /nix/store/61mzw223sdk26lxawnx64b72xgjrhaj8-gnutar-1.34
machine #   /nix/store/62nr1zm0fmwm1xwwlvrl0lv069q1n421-unit-systemd-logind.service
machine #   /nix/store/63zicbszvrbkq092fshhrxmvr11xh4dg-shadow-4.13
machine #   /nix/store/66gz70xdvnp6hkgig327hm9a2q1lxl23-etc-registry.json
machine #   /nix/store/6a0mda2sgpb5azc0cpa0bsq27b3lvx6y-unit-systemd-journald.service
machine #   /nix/store/6ahs2w409ysgvz4r0k1g0kypf6k3iwps-brotli-1.0.9-lib
machine #   /nix/store/6b4nrcpd1mxazwhj22yvj6sf82g93xrr-pcsclite-1.9.5
machine #   /nix/store/6fcd3hyb010s2khb9xbj1y7aig7px63g-unit-systemd-update-utmp.service
machine #   /nix/store/6gqd59vqvlg2v9izr1n36nc9riq5vjkl-unit-serial-getty-ttyS0.service-disabled
machine #   /nix/store/6i2xkdr30cdinyn3hn41r3vyr3f0ih6k-sudoers
machine #   /nix/store/6p2y79kqcswvpgkvi82xm40skwxard8w-unit-script-container_-start
machine #   /nix/store/6pgmrvvdmzazn4fkiwrfv21c6cfcp60i-users-groups.json
machine #   /nix/store/6v9fmn5g070l0aiv322bm6w4ha1dqmd1-unit-getty-.service
machine #   /nix/store/6w86j6r9mqh48i383i76bx9p4k968hnf-dhcpcd.exit-hook
machine #   /nix/store/6z58dc1f30gp6i5vvdq6zvmk0zsj4cwb-install-grub.sh
machine #   /nix/store/70yqsrbijcg4j6d3pqm4jxk26mckgqmr-unit-systemd-journald-.service
machine #   /nix/store/714yv95lh7fzsj7q550nibb2z9an6kmm-openssl-3.0.8
machine #   /nix/store/76l4v99sk83ylfwkz8wmwrm4s8h73rhd-glibc-2.35-224
machine #   /nix/store/798vyxdl129xqwqcbfpn27dzvamw397z-perl-5.36.0
machine #   /nix/store/7hzdcq2j06sd8w921vz3y4jrf3hgczl0-unit-network-setup.service
machine #   /nix/store/7j6ifnpyjl8ynfb826q76yadvk1x4x2d-etc-sleep.conf
machine #   /nix/store/7qi20jm778jyq6rzvaxswkkcwr646s5c-libunwind-1.6.2
machine #   /nix/store/7qpvv68my11b71kmjff2b00yvrf92lxd-unit-resolvconf.service
machine #   /nix/store/7vwvn3d5yb5yb3vdv9iv4321ckx4paf9-nss-cacert-3.86
machine #   /nix/store/7xf4f4d9jip5rjkzwvxwxqgmyhzzvyqk-bash-interactive-5.2-p15
machine #   /nix/store/7z88rilh0qk92jpvk27qirvg49zbb7h4-unit-nix-daemon.socket
machine #   /nix/store/833168sakl1mai679mv4d336ksgl7s3q-lvm2-2.03.18-lib
machine #   /nix/store/85g757angs6mav6xps5cx6mlpki7k6z9-acl-2.3.1-bin
machine #   /nix/store/87v84rf5samy2l0az8mi8gwkjj5bhh4k-etc-fuse.conf
machine #   /nix/store/88y4mxi41p5jwlj5w2jmxkpfpd2pi3vp-etc-profile
machine #   /nix/store/8cawxgz8dz5j7v5803dz3dj9i9fa9khm-getent-glibc-2.35-224
machine #   /nix/store/8i7wh3g42xwnx7vn0gh4kb1mrsq2gv70-unit-script-initrd-nixos-activation-start
machine #   /nix/store/8kc7w1yljzzbv9fbkf32yfz9ajap53fx-perl5.36.0-List-Compare-0.55
machine #   /nix/store/8kf9k5lrz96vzai0qimmysf4s4m0kzdb-unit-systemd-udevd.service
machine #   /nix/store/8mwx20j0m6af4szmqxnswwik85x24m5c-runuser.pam
machine #   /nix/store/8n96g28fnb1h9p9wj31igik2513haj8d-hwdb.bin
machine #   /nix/store/8szb3vf5yfxc51lpcin4jy2bgfmvjw45-mdadm-4.2
machine #   /nix/store/8vrihbsbw7rw8dvk8537d37gqmqz33hj-nixos-tmpfiles.d
machine #   /nix/store/8w3xxhbldw1i40a6fdcs17y6vyq3l3dd-findutils-4.9.0
machine #   /nix/store/8wmjfb56nyz65lpdyvcrr0fpdgv1dqd1-libuv-1.44.2
machine #   /nix/store/91zhk677rzb4dw8dpq75wnyh5gif1afy-lvm2-2.03.18
machine #   /nix/store/99dpjhm4ngayvacz6430fyz3fws9kfc4-libcpuid-0.6.2
machine #   /nix/store/9c8zpqq2rnj37k8j84g68adljs6kdqmi-gnutls-3.8.0
machine #   /nix/store/9gs19qlmwkmksbabr3jaiycmngcanfk6-unit-keys.target
machine #   /nix/store/9pf63hxzdp66km2mlicnzfnflbjkiq0k-udev-rules
machine #   /nix/store/a00vxjsrizwadc26kkh2gfzy01g0lv4q-tcb-1.2
machine #   /nix/store/a0vnj0k1a3a3lbwas9b4pna3m2dvflbp-system-generators
machine #   /nix/store/a2lsgrr29k0al1ifpk4pzcjiwk30pkil-hosts
machine #   /nix/store/a7hkzya5p52b0n38wmr779xxya5341ay-desktops
machine #   /nix/store/a7p8fcxwvvdlj0va66v77qryirf8v3d3-perl-5.36.0-env
machine #   /nix/store/aar5kj2jg16pch9c98kap48yyasdkhx9-extra-udev-rules
machine #   /nix/store/adl29jibccx1xgwwlyp31sfia4byd2bv-attr-2.5.1-bin
machine #   /nix/store/amg0dqny13q35lsdcnmrmpbvhyprk38n-libapparmor-3.1.2
machine #   /nix/store/apr2g1i597d3gcz4r87b1iddd32azbgc-make-initrd-ng-0.1.0
machine # [   16.535898] systemd[1]: Created slice Slice /user/1000.
machine #   /nix/store/aqk5pnhqznyi4q54scd1k9jwnqpfd2sq-system-units
machine # [   16.570768] systemd[1]: Starting User Runtime Directory /run/user/1000...
machine #   /nix/store/aqpb4yx3744gbpjfnkpxr3qghfcw375p-libsodium-1.0.18
machine #   /nix/store/awikvv01y11zhza5nx1wrnl8xxaxjj3h-oniguruma-6.9.8-lib
machine # [   16.592671] systemd-logind[651]: New session 1 of user nixos.
machine #   /nix/store/b0a69ypha19kf5wyifjprvcm3jaxzyfq-firewall-start
machine # [   16.623681] systemd[1]: Finished User Runtime Directory /run/user/1000.
machine #   /nix/store/b2l7kxp33wkh6q7f9hgaccz8alkhkhx8-etc-oomd.conf
machine #   /nix/store/b5k11zzhf277d4h2n5rb67isyqgr8h17-perl5.36.0-Config-IniFiles-3.000003
machine # [   16.638607] systemd[1]: Starting User Manager for UID 1000...
machine #   /nix/store/b7p7c1pab571099y42a4fxna32ghdjcd-nixos-version
machine #   /nix/store/b8vh9zchsy48j9zf87pgmx8hf5gq8wz7-libgpg-error-1.46
machine #   /nix/store/bcb76zwfqjqfb7zlpkfv6w6inh7m9rs5-coreutils-full-9.1
machine #   /nix/store/bg8f47vihykgqcgblxkfk9sbvc4dnksa-coreutils-9.1
machine #   /nix/store/blix768l75faywa91f983ax3f5i9fmqk-nixos-generate-config
machine #   /nix/store/bm3f16v0vzx1y37dpd8hfhxbbxw29l0g-chsh.pam
machine # [   16.670052] systemd[1036]: pam_unix(systemd-user:session): session opened for user nixos(uid=1000) by (uid=0)
machine #   /nix/store/bndkssiv42q94zdqq8bhklagsv7a1s7a-user-units
machine #   /nix/store/bpdsijgdjbymp0zqf1fz40b14ay4swig-lvm2-2.03.18-bin
machine #   /nix/store/bw9s084fzmb5h40x98mfry25blj4cr9r-acl-2.3.1
machine #   /nix/store/bx5ikpp0p8nx88xdldkx16w3k3jzd2qc-busybox-static-x86_64-unknown-linux-musl-1.36.0
machine #   /nix/store/c06np1spdb2bbsfp5x3716d529mrxw7b-libxcrypt-4.4.33
machine #   /nix/store/c13fy8rrzr4asqwkgg3jw5gdwxvqz5gy-etc-host.conf
machine #   /nix/store/c2kkvw6klpyf9p289si6cqv8gw4q2wb9-xz-5.4.1-bin
machine #   /nix/store/c46qvwfvr5a9lmsfnq0gx8ddjd74wpx5-p11-kit-0.24.1
machine #   /nix/store/c651qa8kqilglkx8fhxz0ibc4yfndlm8-sqlite-3.40.1
machine #   /nix/store/cbmvzjj2kdp4f3y8j7a4pp6h6ljlg7hy-perl-5.36.0-env
machine #   /nix/store/cciv4vfzawcbfbdlbpwyk1cify58cp6j-etc-bashrc
machine #   /nix/store/cigbh8wh5i6ifjzakaqi67kyh29nrq2b-nixos-install
machine #   /nix/store/cingwicyw1w8b546m2lnxz9w2qpy1j37-mkpasswd-5.5.16
machine #   /nix/store/clb71wxr0d8vdz8sbk1z8yd6v3g6s6c3-nano-7.2
machine #   /nix/store/cljgz42bpbf4zdjjy93j21xphp34q273-dbus-1
machine #   /nix/store/clln53sqbfn8i0z8x0ji3x3fz6zchqml-zstd-1.5.4
machine #   /nix/store/cnkr9byk03mz454yzx48jkyy0c2rlfjz-libxcb-1.14
machine #   /nix/store/cphkhsyyqskpzq2hdain2nn3022q6mh2-unit-generate-shutdown-ramfs.service
machine #   /nix/store/cqis3kbabbifdg231ckc95m4mgygq3gs-openresolv-3.12.0
machine #   /nix/store/crx575dqd0kpvqmimh623lwsm35fqsy8-nix-info
machine #   /nix/store/cxx2wid17frp0f6pfjfy08x5kqcgzfmw-nixos-build-vms
machine #   /nix/store/cziwgjhkgdcgvzw8lijalx5bfz8abflv-xwininfo-1.1.4
machine #   /nix/store/czmlh6bzzz6i89j3gy3fgp1ywpamp7bc-audit-2.8.5-bin
machine #   /nix/store/d1h33vvfagj7bhg0b8dw3p5nifghb01q-systemd-252.5
machine #   /nix/store/d2vzw814ln6gpg316vqxilksynlkbp5p-etc-journald.conf
machine #   /nix/store/d3qnkmjbbdvwqk728wrlp6x8pviwxs3y-libaio-0.3.113
machine #   /nix/store/d8zfnzj38gahraff9xp759ynyy1mblkf-i3lock-color.pam
machine #   /nix/store/d9d8nx4gw8ai374n71g09vnlk0sq75ch-linux-6.1.15
machine #   /nix/store/d9l440x0l49yq4gjzl6grrl1xzsy70bh-aws-c-sdkutils-0.1.7
machine #   /nix/store/dbjsina3sax49b1djphdm0rr895m748v-unit-systemd-timesyncd.service
machine #   /nix/store/df2sqz2gpvzdlpmybqas9kgihzbl30md-console-env
machine #   /nix/store/dg8213bqr29hg180gf4ypcj2vvzw4fl3-tzdata-2022g
machine #   /nix/store/dn27016biip427n1hxd2sdpbcq93cvga-ed-1.19
machine #   /nix/store/dn4y2lsbw5fvvvxgq3msqmn2v0yrv0sl-unit-script-container_-post-start
machine #   /nix/store/dp4p2cll82zfvm41lrrmd0w213waiz0z-extra-hwdb-file
machine #   /nix/store/dr1javs50d8h440pwfgjjss4z0gfvvh1-nixos-rebuild
machine #   /nix/store/ds3hiyy6nkvm3yfvncq1ggvwfcbhfb95-util-linux-2.38.1-lib
machine #   /nix/store/ds811ar3drki9y3kdbyhjla9p5ir91df-sudo.pam
machine #   /nix/store/dwv0wf3szv3ipgyyyrf1zxh4iqlckiip-inputrc
machine #   /nix/store/dy41cc107f3mgprggqj7dxbg4212jhpq-util-linux-minimal-2.38.1-bin
machine #   /nix/store/f0094j2ppbdnyy9lmk5n3i1ww508wryf-lesspipe-2.07
machine #   /nix/store/f17b72g7xxqhikjikrqzgwhzgyb1s9g1-fuse-2.9.9
machine #   /nix/store/f3lfxd1ayr2pk7x394iafvwmhwbpfkq9-fake-nss
machine #   /nix/store/f3r1960ig59p6n365frs4m7g09nw217i-etc-nsswitch.conf
machine #   /nix/store/f52cz38c90dyhyk1r4224lb260phhzn9-i3lock.pam
machine #   /nix/store/f53m1r9skdq0yn0s2ibak905j2nn4rcr-chfn.pam
machine #   /nix/store/f5hydkfrqf7psrkmv87hfqhhimpk43vc-initrd-journald.conf
machine #   /nix/store/fp8b0byv5hg3sxf6lwijwjnvmxamrqkr-groupdel.pam
machine #   /nix/store/fplqf3av6ak6zbsp7wxqnfz8v10jzx1x-sudo-1.9.13
machine #   /nix/store/fq14n10lla17wf9pfgy4jb1qmc5qav1f-vlock.pam
machine #   /nix/store/frsfkmk6ywb7wilhzyg2f8wczyacji86-net-tools-2.10
machine #   /nix/store/fsn3b5scf5qpr6wavmvga46f8fsv25p3-unit-system.slice
machine #   /nix/store/fyp62j9b84j4lgn0i1limaai0w7r4ich-etc-user.conf
machine #   /nix/store/g28l15mbdbig59n102zd0ardsfisiw32-binfmt_nixos.conf
machine #   /nix/store/g6ah2awrq7dmhykrqhl7400g5r6l5m20-shadow-4.13-su
machine #   /nix/store/g892r667sgars7bf629kxph8sn1234c5-aws-crt-cpp-0.18.9
machine #   /nix/store/g97q02px5a664bk7x1vxzr1nj34m1pda-lowdown-1.0.0-lib
machine #   /nix/store/gbvirf76p8p9089rhf3rjz1qki0z8hb3-etc-logind.conf
machine #   /nix/store/gl9ssppckg8cnjk9frn1qrlclg9jhshi-groupadd.pam
machine #   /nix/store/gmfj18idsv76riikc0iyl281k4pfd02n-login.defs
machine #   /nix/store/gxg2pgdwrjs3yci7g7vdshpkwajy4n9a-aws-c-auth-0.6.22
machine #   /nix/store/gzyqysxy7xlzpm3fr3gr3ykjq7xx9aj1-procps-3.3.17
machine #   /nix/store/h6v7bicp8nv51yqkxbg92sfmglkpb7mw-etc-60-nixos.conf
machine #   /nix/store/h80hb79hxf2xz3hb859781jnmnxsnwxf-btrfs-progs-6.1.3
machine #   /nix/store/hagvhrwy8jzj97kc7nyy9vr18xkg7xvk-jq-1.6-bin
machine #   /nix/store/hgzh0sn8vpid8if36xra0cn3rig3896i-unit-kmod-static-nodes.service
machine #   /nix/store/hjbv2s4jcxpvq07lxl4dna860rsdd3qf-multiuser.nix
machine #   /nix/store/hmh8yakhrp3r95b7r085m4xnzp8crz3b-libxml2-2.10.3
machine #   /nix/store/hrdyhgisxksg2390xa18i6ixmz601ick-perl-5.36.0-man
machine #   /nix/store/i0i7xkgv70f6w36ly50sfv3kar25my2d-libnetfilter_conntrack-1.0.9
machine #   /nix/store/i37dnj0kyad5j6fmq3vfijzc62fcx1iv-nlohmann_json-3.11.2
machine #   /nix/store/i4ic0p0l83i37dvx8cb1l3cicq0bny5z-bzip2-1.0.8-bin
machine #   /nix/store/i5yrfnxm5r2mrvy85x4qvrbcpf7z572h-libgcrypt-1.10.1
machine #   /nix/store/i6afngj5zk3f50dp4i146ygq04nw9yxz-linux-6.1.15-modules-shrunk
machine #   /nix/store/i957db4kkfxiz3m5bdrl7hpqfsxl63na-time-1.9
machine #   /nix/store/i9lc9vqhy928cmwv9msfgkcla8sdz46f-kexec-tools-2.0.25
machine #   /nix/store/ia34rbsa6d2dalzk5f7hy5jp9zazpv24-gmp-with-cxx-6.2.1
machine #   /nix/store/iddvkzh9hhn84p84j2vh0lfa4q9m1zyq-aws-c-io-0.13.15
machine #   /nix/store/idx4lcdd1p91dpib06d5mwyhszs6w8xw-libpng-apng-1.6.39
machine #   /nix/store/igj6w8i4fpq5kn7c3jndzilgvmmpb6vm-xxHash-0.8.1
machine #   /nix/store/inrxvaqv2zkdhg2v5vhqc0257p92wl2q-expat-2.5.0
machine #   /nix/store/isvdv304pk76mahr6qlgnfr7ykay25w5-unit-container-.service
machine #   /nix/store/ixsywpg9ybsxing94xqwszvk4dhbdhld-etc-lsb-release
machine #   /nix/store/izcvnwxv4cckvm9iv36cvpgxaq4zxix7-unit-remote-fs.target
machine #   /nix/store/j1ng7pq9wg9y40a5ksii6h73334b8waf-groupmod.pam
machine #   /nix/store/j5jwl17wz33hrz3mklwbfm925lhj26ag-etc-hostname
machine #   /nix/store/j63q8gzzvx734jprli909d8zq3ba08y4-libressl-3.6.2
machine #   /nix/store/j72arpq1dfn7q59irzji3xwljjdiq8vs-audit-disable
machine #   /nix/store/j7xkmqx126fcf6f5zq8a5v8njk7cgb04-systemd-user.pam
machine #   /nix/store/j81mf35kd1mjx72kwpvmg9in3b2101nx-aws-c-mqtt-0.8.4
machine #   /nix/store/j8c7hl74ikr0nwnkzndw25axrwpb4d2y-perl5.36.0-IO-Stringy-2.113
machine #   /nix/store/j8qviinp992h7yi1kmrbmish96nyqrp1-runuser-l.pam
machine #   /nix/store/j8x5l3i3868r5rmcgc5wansqqj4yxqwz-aws-c-s3-0.2.2
machine #   /nix/store/j8y9fn9bibdn2a483myqaxgmcqmlz4ip-perl5.36.0-JSON-4.02
machine #   /nix/store/j9n10i7r0m8ja6jalc0z7lclv6izmgm2-etc-timesyncd.conf
machine #   /nix/store/ja4yn9rnl6q8wpjkq4fgr7r3q90skc1s-perl5.36.0-XML-SAX-Base-1.09
machine #   /nix/store/jb6kmxd6ixbcb8s338ah2pdz26n0bbz4-update-users-groups.pl
machine #   /nix/store/jbz3pr033i68xab76l3s454lhn2gwlch-boehm-gc-8.2.2
machine #   /nix/store/jlzj8icz0l2g6jrjklqshp4hfhd7whwp-groupmems.pam
machine #   /nix/store/jmx6hd6qykl0a8vxrf6pv6m8q2c0kpxn-gzip-1.12
machine #   /nix/store/jn9kg98dsaajx4mh95rb9r5rf2idglqh-attr-2.5.1
machine #   /nix/store/jnj3iaxiym20dcx7gawizv9qvdrvvq1f-unit-systemd-sysctl.service
machine #   /nix/store/jp2xhfkfzdxr0rlxqydd2d3d3firphkd-nsswitch.conf
machine #   /nix/store/jvl8dr21nrwhqywwxcl8di4j55765gvy-gmp-with-cxx-stage4-6.2.1
machine #   /nix/store/jzd2jfq6bsfhygfbx5r7ywin9aw7lf91-etc-nixos.conf
machine #   /nix/store/k0yrr5yq9yghbvvfv0qkblyia576kg4f-bzip2-1.0.8
machine #   /nix/store/k5bbrd1d3nfzlzgv276z6kyi6qqpm0ba-libcap-2.66-lib
machine #   /nix/store/k73yw9mss2rak8xbbqcy5li6hjxqwg80-xlock.pam
machine #   /nix/store/kac7b5254nnmr630irhdrcx9vb8jh7lj-firewall-reload
machine #   /nix/store/kfvq5fz9wd81wprnji71nccsg4m7zsfk-unit-script-backdoor-start
machine #   /nix/store/kgx268sbxnjy1fg8dh3m6zxaca2kvxpf-aws-checksums-0.1.14
machine #   /nix/store/kiw3iry6s0bpmz50399c1i5wqwva8kgk-unit--.slice
machine #   /nix/store/kk7fvr6d1n8n5xfm9wg8wm1iv85i42jg-locale.conf
machine #   /nix/store/kpxvcqrhxmirpmnvvwpzah2sgk8rc6rd-unit-user-.service
machine #   /nix/store/l0ypz8n1671a8k5vs9p6hd7kmlhmbbzw-unit-dbus.socket
machine #   /nix/store/l58jzcbkz8rrnhak2jh0y6axhf55ag1v-aws-c-event-stream-0.2.18
machine #   /nix/store/l7ayrbdki9jz8sxs92zd92l50vma228s-unit-systemd-timedated.service
machine #   /nix/store/la09vxjq55r6n9b9xkdsxwzdilm5lsfg-libfido2-1.12.0
machine #   /nix/store/lbfvymp081p66maj4pi7skq5qxvhkcpk-readline-8.2p1
machine #   /nix/store/ldkq296p75q35y3bjz4s1qfyn6kmlp16-append-initrd-secrets
machine #   /nix/store/lf2z9799706c9f6csdb18sc3hvv7cvq2-nss-cacert-3.86-p11kit
machine #   /nix/store/lg2skbyyn1d7nkczqjz8mms38z4nhj2b-iana-etc-20221107
machine #   /nix/store/lglpi2j4klx6x8x3afbjyyadl2mqjs3v-passwd.pam
machine #   /nix/store/lk6y0rd16wcvi3di6qhc1dapl9rjwcfx-grub-config.xml
machine #   /nix/store/lm9jab801iavj3f9gjz6vc1fxhvvg2mj-pcre2-10.42
machine #   /nix/store/lmgs2r74g3nhjx7wr2xlmn6ki4f750vz-unit-container-getty-.service
machine #   /nix/store/lnib8xk9vdvjakzk511993fdmzcmppgw-issue
machine #   /nix/store/lnr7bsg8g2fkdcdz5n3di0v75nxhbwml-unit-script-nixos-activation-start
machine #   /nix/store/lnxgcgjjg2aksiyxwpvsh1hzkkm6avrb-audit-stop
machine #   /nix/store/lp0wqjsygc122q378a6da48qkmy0bmjh-unit-network-online.target
machine #   /nix/store/lp8qrhb6hs42jwbapzq20l05jf4kyicq-glibc-2.35-224-bin
machine #   /nix/store/lqgrkw44vrb8cy0h1jd2aj6cyxjhp7kw-libassuan-2.5.5
machine #   /nix/store/lrc2z9dmsqimcpmxn8d5lmj896qgrnca-elfutils-0.188
machine #   /nix/store/lv1jg38pikgdi63n8hrx86b72zgha3d6-nixos-system-nixos-23.05pre-git
machine #   /nix/store/lxg6vy38cbq8wfxdg1jcmsggj6jvpi30-etc-environment
machine #   /nix/store/lychg417q6jwb2kxif3hi30l5gf9zpa4-linux-pam-1.5.2
machine #   /nix/store/m0fsvgc5hrn3yjwsl9fvj5m6pyjk2il2-libffi-3.4.4
machine #   /nix/store/m0js2r3kab4rzwv6arc59yka1w62sy6i-fuse-3.11.0
machine #   /nix/store/m5ha8kiirv9cvrdkznjay7hikwl2rsbw-less-608
machine #   /nix/store/m9hw49faaf1xpz184dwwgih3sg6fjw3m-unit-mount-pstore.service
machine #   /nix/store/mc4vsc1aqykjbha07lw172rr5r0qhjlq-unit-systemd-journal-gatewayd.socket
machine #   /nix/store/mci11f6bkkx97svr984is1a52xf5wmws-useradd
machine #   /nix/store/mg9l7phyhvi16p9g8g3g8fbyj4mr79gq-zlib-1.2.13
machine #   /nix/store/mj4qa4rk1f68kkyh26fq82slz4rxya11-usermod.pam
machine #   /nix/store/mp62n2v0dagqiidgq0icaacr5c2vf4ib-50-coredump.conf
machine #   /nix/store/mszqisjbww46srz4p4qpqqpalzj9wdf6-db-4.8.30
machine #   /nix/store/mvz2nix1zb5mh5akddvn872jq5m41jdz-container-init
machine #   /nix/store/mw9jp4q4s3xv5rszzyl5a6bqxfkcjbjk-unit-nix-gc.service
machine #   /nix/store/my7nyv9ahwh6vmi05671f89jpzbkp2gr-useradd.pam
machine #   /nix/store/n4k1qkylf7si1jn0gnx1nwlyfwbyry8q-jemalloc-5.3.0
machine #   /nix/store/n6y4ayjjar9p0lw6d63y04cr865dcmrc-unit-systemd-fsck-.service
machine #   /nix/store/n71k4nbznjmzlvl1asjq1pvcaaymihvv-libcap-ng-0.8.3
machine #   /nix/store/ncgp2ihsw4znz9w6vqj016nwifin4zj6-e2fsprogs-1.46.5
machine #   /nix/store/nffh4f88543gw89vqrss5krq9278gwbg-aws-c-cal-0.5.20
machine #   /nix/store/nfksww93w42karn7c4m7hv4av23wbbna-unit-dbus.service
machine #   /nix/store/ngc02civ9riww9s3x6r725w13f2ym7qb-etc-netgroup
machine #   /nix/store/ngvrg6jgaqhkvn5mrrs1mrjm38mhv69f-unit-systemd-user-sessions.service
machine #   /nix/store/nlrxdnvk7ampk3ldf6s36yd795k8ndzh-system-path
machine #   /nix/store/nlywsmib6dsajlmhcr8pja7l09m5w4np-perl5.36.0-File-Copy-Recursive-0.45
machine #   /nix/store/nn8fbiqk8kv5hj5q33z12m1kg6904cz2-libssh2-1.10.0
machine #   /nix/store/nxj0nka6mcsn76crqgf9fkkhla5jl4jk-unit-nixos-activation.service
machine #   /nix/store/p55nfyvsifr9w54jkll1wifmr0aaz5nf-etc-os-release
machine #   /nix/store/p90mxxslz87438dfqb4k6sryfb5snx12-simple-dark-gray-bootloader-2018-08-28
machine #   /nix/store/p9n8cirql17m08p2r8q58d13i475glr8-etc-fstab
machine #   /nix/store/pbd165a08dippm5j0aa8idgks44v8h5l-perl5.36.0-XML-LibXML-2.0207
machine #   /nix/store/pcg4cwhwnkcy7jsjd35j70zmrc9fmzas-aws-c-common-0.8.9
machine #   /nix/store/pdn913i1r0c6jzdkpx4pczfcbqiwspah-nghttp2-1.51.0-lib
machine #   /nix/store/pkwz5fvg2shm61ymdy5h67lmz9rrschb-popt-1.19
machine #   /nix/store/pnc8sl3v0d52klyjn0sjw73xqr50kk63-unit-firewall.service
machine #   /nix/store/pz31qk75llqi4mdh148njv8i8xiy020p-unit-serial-getty-hvc0.service-disabled
machine #   /nix/store/q00bps4r388qraa6h907ix03fsv09rxg-firmware
machine #   /nix/store/q653ifqssjn6q9y2hq9b87rb31q5rcsq-json-c-0.16
machine #   /nix/store/q7i5qxhx9rcdq9kyqps6aj1l7izkkk6b-etc-coredump.conf
machine #   /nix/store/qawbx8pj60d02svd2lmy90l2ssa1vvfs-libarchive-3.6.2
machine #   /nix/store/qfvlg22rzj1iaw59ghyrhqrb19hif8na-dbus-1.14.4
machine #   /nix/store/qhak1aqz3s0kxvnvqpj88av562b2kj44-iproute2-6.1.0
machine #   /nix/store/qhp1qr1v22wxh3rxqds42k88s1qf1lih-lz4-1.9.4
machine #   /nix/store/qhvm1xb91bcqlwzwc75m5nkr75w6m09z-unit-serial-getty-.service
machine #   /nix/store/qj5106amzaz4j54yhyg7iikm14lsmjym-nettle-3.8.1
machine #   /nix/store/qm5v5amlr0mn64kyv47shbqlmh1d34k3-lzo-2.10
machine #   /nix/store/qm67kwbxyr74ndr7575y7pl0llfrhb81-client.conf
machine #   /nix/store/qmnr18aqd08zdkhka695ici96k6nzirv-libunistring-1.0
machine #   /nix/store/qnwa2z8b9y76almh1mpp1iwnwdvrzxbj-libXau-1.0.9
machine #   /nix/store/qpvfz6ymj08n1zpgc229kqxz1sfkwxhd-unit-backdoor.service
machine #   /nix/store/qqykcd92y9qhbpdys9z75l4p6ls50ym1-util-linux-minimal-2.38.1-lib
machine #   /nix/store/qrxnz16syjj9asskv01na13siml986yb-etc-system.conf
machine #   /nix/store/qz088dqq1xwvm5nqjlsk7mj2vz26b8mw-editline-1.17.1
machine #   /nix/store/qz1s8aq7zgpz359q873hl06m0hpjrh1n-aws-sdk-cpp-1.9.294
machine #   /nix/store/r056wg88r4syxxw944hylmyaa2ydj7c0-libmnl-1.0.5
machine #   /nix/store/r5561818rhn4wrzxwnjr3m6gc3jjg5dz-etc-ssh_config
machine #   /nix/store/rcp9ikz7fhdpl80z65mpm6bf3cq6n8q7-libressl-3.6.2-nc
machine #   /nix/store/rg5rf512szdxmnj9qal3wfdnpfsx38qi-setup-etc.pl
machine #   /nix/store/rgi6dabvrs0dpyb3kha0fvhfm78y14sv-libmicrohttpd-0.9.71
machine #   /nix/store/rlq3gc70ya8w9yyscna8p839pb7wyfv1-bind-9.18.12-lib
machine #   /nix/store/rmmz587yk4nykd2vl48izm9ac86jb58b-unit-script-post-resume-start
machine #   /nix/store/rn9ilg325gr9n6qxhmh6q384dw6mg5cb-aws-c-http-0.7.3
machine #   /nix/store/rnkzgra7gww8m09bmccl03r8bpdcgsx7-unit-script-prepare-kexec-start
machine #   /nix/store/rv9q7bgbninfc34r93lmp945zvc3g9pl-firewall-stop
machine #   /nix/store/s166z5r34c8s735c9bg3kxl4awzww9dd-e2fsprogs-1.46.5-bin
machine #   /nix/store/s6fjc1s6vgrxzm0jx5blgklc64y6yjar-npth-1.6
machine #   /nix/store/s9rviv9h9j40l0pb717mm0mf8jxc9nis-kmod-30-lib
machine #   /nix/store/shmpwr7qfy997jckk5jsl4x6aj99w8x0-unbound-1.17.1-lib
machine #   /nix/store/slizlv81kwpdp34q1ldkgi7pcky0kh12-keyutils-1.6.3-lib
machine #   /nix/store/sljr9qkrhqp8ygwjl52sss2nv3lgp6qa-unit-systemd-oomd.service
machine #   /nix/store/spcmz6ks92pzj5xfhidd1cy7cchlyirn-unit-systemd-tmpfiles-setup.service
machine #   /nix/store/sqrw33y9vm0kxgfygfg6igbbs8af874v-kmod-debian-aliases.conf-22-1.1
machine #   /nix/store/sv8gchczvvr083b71w45g54cdml9dnm8-db-5.3.28
machine #   /nix/store/swfgxv1910fv5m2pq20iivfpwnbk7w3l-etc-nscd.conf
machine #   /nix/store/v0g0r8khhdxn8gwcx3yg57wmndzfdgz5-which-2.21
machine #   /nix/store/v48a875rqvks9f78j3yzjm3d7s6qcxvk-nixos.conf
machine #   /nix/store/v4dhg1im8yrl1gq1697jgwh2g85mqwr6-gawk-5.2.1
machine #   /nix/store/v6c8v0cckndfp9wl0mr5nkc93xblqfvw-security-wrapper
machine #   /nix/store/va447cyzfrsh7ajid4xqsibqd0fmjqk7-unit-systemd-modules-load.service
machine #   /nix/store/va9r2bdg56jc6qizpm6dyb97lnxfrhsy-file-5.44
machine #   /nix/store/vd14y04579jr9fc2qg2758pvpgvvs3zz-etc-firmware.conf
machine #   /nix/store/vdgkcsp67xzzvklw9awhf6zkk374yz2p-ncurses-6.4
machine #   /nix/store/vfqp4xhnizwh1523a1x0gfix7pch309l-grub-2.06
machine #   /nix/store/vhplxbjmx5wffaskxkym6arwsigvzxv5-openssh-9.2p1
machine #   /nix/store/vhz55mscih03g8ycd021qvw5bpq9f69k-unit-audit.service
machine #   /nix/store/vjlyqxkblf5s5d8r2fvlhcz9caj6f3d4-dosfstools-4.2
machine #   /nix/store/vraimqnjzzvzabh9wvw5a5s32cv5k6lc-diffutils-3.8
machine #   /nix/store/vrc0dk4chp062wx7afmf3qsk6qrwf7vm-dhcpcd.conf
machine #   /nix/store/vv6rlzln7vhxk519rdsrzmhhlpyb5q2m-libidn2-2.3.2
machine #   /nix/store/w64rp8ziac6shmcqh9jilz27llz1kn7x-unit-systemd-udev-settle.service
machine #   /nix/store/w7nzwvrw2sv5ak69isv9qzly7b37mii2-unit-systemd-random-seed.service
machine #   /nix/store/w9lw0g81w4kwa4r8r70pkrhkzihaa1c0-vconsole.conf
machine #   /nix/store/war2ipf72wlfrvdnlxirm1z7mqp9q3nr-bind-9.18.12-host
machine #   /nix/store/wbmdv9hz8pdlb01ngx0pfj4mw6f464sv-shutdown-ramfs-contents
machine #   /nix/store/wfz3rd51ka009f3l4g6gh7innyf0gq2f-xz-5.4.1
machine #   /nix/store/wkf65dhyn140axmphh0v2d9m93g7gf1a-unit-post-resume.service
machine #   /nix/store/wmbgn7180l76nwgfi6h1wyygxa4c9q45-ensure-all-wrappers-paths-exist
machine #   /nix/store/wqnhirz9ih87afl5vv277w4scw006493-unit-nscd.service
