Machine state will be reset. To keep it, pass --keep-vm-state
start all VLans
start vlan
running vlan (pid 7; ctl /build/vde1.ctl)
(finished: start all VLans, in 0.00 seconds)
run the VM test script
additionally exposed symbols:
    machine,
    vlan1,
    start_all, test_script, machines, vlans, driver, log, os, create_machine, subtest, run_tests, join_all, retry, serial_stdout_off, serial_stdout_on, polling_condition, Machine
start all VMs
machine: starting vm
machine # Formatting '/build/vm-state-machine/machine.qcow2', fmt=qcow2 cluster_size=65536 extended_l2=off compression_type=zlib size=1073741824 lazy_refcounts=off refcount_bits=16
machine: QEMU running (pid 8)
(finished: start all VMs, in 0.05 seconds)
machine: waiting for unit multi-user.target
machine: waiting for the VM to finish booting
machine # cSeaBIOS (version rel-1.16.1-0-g3208b098f51a-prebuilt.qemu.org)
machine # 
machine # 
machine # iPXE (http://ipxe.org) 00:03.0 CA00 PCI2.10 PnP PMM+3EFD0C20+3EF30C20 CA00
machine # Press Ctrl-B to configure iPXE (PCI 00:03.0)...
machine # 
machine # 
machine # 
machine # 
machine # iPXE (http://ipxe.org) 00:09.0 CB00 PCI2.10 PnP PMM 3EFD0C20 3EF30C20 CB00
machine # Press Ctrl-B to configure iPXE (PCI 00:09.0)...
machine # 
machine # 
machine # Booting from ROM...
machine # Probing EDD (edd=off to disable)... ok
machine # c[    0.000000] Linux version 6.1.15 (nixbld@localhost) (gcc (GCC) 12.2.0, GNU ld (GNU Binutils) 2.40) #1-NixOS SMP PREEMPT_DYNAMIC Fri Mar  3 10:52:25 UTC 2023
machine # [    0.000000] Command line: console=ttyS0 panic=1 boot.panic_on_fail clock=acpi_pm loglevel=7 net.ifnames=0 init=/nix/store/vqjzzddz3papfsbksfhql9f2xdyckjx2-nixos-system-machine-23.05pre-git/init regInfo=/nix/store/xbmjy5z0ivvajdd1zsq48aabsjc0q802-closure-info/registration console=ttyS0
machine # [    0.000000] x86/fpu: Supporting XSAVE feature 0x001: 'x87 floating point registers'
machine # [    0.000000] x86/fpu: Supporting XSAVE feature 0x002: 'SSE registers'
machine # [    0.000000] x86/fpu: Supporting XSAVE feature 0x004: 'AVX registers'
machine # [    0.000000] x86/fpu: Supporting XSAVE feature 0x008: 'MPX bounds registers'
machine # [    0.000000] x86/fpu: Supporting XSAVE feature 0x010: 'MPX CSR'
machine # [    0.000000] x86/fpu: Supporting XSAVE feature 0x020: 'AVX-512 opmask'
machine # [    0.000000] x86/fpu: Supporting XSAVE feature 0x040: 'AVX-512 Hi256'
machine # [    0.000000] x86/fpu: Supporting XSAVE feature 0x080: 'AVX-512 ZMM_Hi256'
machine # [    0.000000] x86/fpu: xstate_offset[2]:  576, xstate_sizes[2]:  256
machine # [    0.000000] x86/fpu: xstate_offset[3]:  832, xstate_sizes[3]:   64
machine # [    0.000000] x86/fpu: xstate_offset[4]:  896, xstate_sizes[4]:   64
machine # [    0.000000] x86/fpu: xstate_offset[5]:  960, xstate_sizes[5]:   64
machine # [    0.000000] x86/fpu: xstate_offset[6]: 1024, xstate_sizes[6]:  512
machine # [    0.000000] x86/fpu: xstate_offset[7]: 1536, xstate_sizes[7]: 1024
machine # [    0.000000] x86/fpu: Enabled xstate features 0xff, context size is 2560 bytes, using 'compacted' format.
machine # [    0.000000] signal: max sigframe size: 3632
machine # [    0.000000] BIOS-provided physical RAM map:
machine # [    0.000000] BIOS-e820: [mem 0x0000000000000000-0x000000000009fbff] usable
machine # [    0.000000] BIOS-e820: [mem 0x000000000009fc00-0x000000000009ffff] reserved
machine # [    0.000000] BIOS-e820: [mem 0x00000000000f0000-0x00000000000fffff] reserved
machine # [    0.000000] BIOS-e820: [mem 0x0000000000100000-0x000000003ffdafff] usable
machine # [    0.000000] BIOS-e820: [mem 0x000000003ffdb000-0x000000003fffffff] reserved
machine # [    0.000000] BIOS-e820: [mem 0x00000000feffc000-0x00000000feffffff] reserved
machine # [    0.000000] BIOS-e820: [mem 0x00000000fffc0000-0x00000000ffffffff] reserved
machine # [    0.000000] random: crng init done
machine # [    0.000000] NX (Execute Disable) protection: active
machine # [    0.000000] extended physical RAM map:
machine # [    0.000000] reserve setup_data: [mem 0x0000000000000000-0x000000000009fbff] usable
machine # [    0.000000] reserve setup_data: [mem 0x000000000009fc00-0x000000000009ffff] reserved
machine # [    0.000000] reserve setup_data: [mem 0x00000000000f0000-0x00000000000fffff] reserved
machine # [    0.000000] reserve setup_data: [mem 0x0000000000100000-0x00000000009379bf] usable
machine # [    0.000000] reserve setup_data: [mem 0x00000000009379c0-0x00000000009379cf] usable
machine # [    0.000000] reserve setup_data: [mem 0x00000000009379d0-0x000000003ffdafff] usable
machine # [    0.000000] reserve setup_data: [mem 0x000000003ffdb000-0x000000003fffffff] reserved
machine # [    0.000000] reserve setup_data: [mem 0x00000000feffc000-0x00000000feffffff] reserved
machine # [    0.000000] reserve setup_data: [mem 0x00000000fffc0000-0x00000000ffffffff] reserved
machine # [    0.000000] SMBIOS 2.8 present.
machine # [    0.000000] DMI: QEMU Standard PC (i440FX + PIIX, 1996), BIOS rel-1.16.1-0-g3208b098f51a-prebuilt.qemu.org 04/01/2014
machine # [    0.000000] Hypervisor detected: KVM
machine # [    0.000000] kvm-clock: Using msrs 4b564d01 and 4b564d00
machine # [    0.000001] kvm-clock: using sched offset of 619870191 cycles
machine # [    0.000003] clocksource: kvm-clock: mask: 0xffffffffffffffff max_cycles: 0x1cd42e4dffb, max_idle_ns: 881590591483 ns
machine # [    0.000009] tsc: Detected 3311.998 MHz processor
machine # [    0.000676] last_pfn = 0x3ffdb max_arch_pfn = 0x400000000
machine # [    0.001105] x86/PAT: Configuration [0-7]: WB  WC  UC- UC  WB  WP  UC- WT
machine # [    0.007642] found SMP MP-table at [mem 0x000f5bb0-0x000f5bbf]
machine # [    0.008074] Using GB pages for direct mapping
machine # [    0.008400] RAMDISK: [mem 0x3f339000-0x3ffcffff]
machine # [    0.008466] ACPI: Early table checksum verification disabled
machine # [    0.008511] ACPI: RSDP 0x00000000000F59D0 000014 (v00 BOCHS )
machine # [    0.008536] ACPI: RSDT 0x000000003FFE1AC6 000034 (v01 BOCHS  BXPC     00000001 BXPC 00000001)
machine # [    0.008546] ACPI: FACP 0x000000003FFE197A 000074 (v01 BOCHS  BXPC     00000001 BXPC 00000001)
machine # [    0.008551] ACPI: DSDT 0x000000003FFE0040 00193A (v01 BOCHS  BXPC     00000001 BXPC 00000001)
machine # [    0.008554] ACPI: FACS 0x000000003FFE0000 000040
machine # [    0.008557] ACPI: APIC 0x000000003FFE19EE 000078 (v01 BOCHS  BXPC     00000001 BXPC 00000001)
machine # [    0.008560] ACPI: HPET 0x000000003FFE1A66 000038 (v01 BOCHS  BXPC     00000001 BXPC 00000001)
machine # [    0.008562] ACPI: WAET 0x000000003FFE1A9E 000028 (v01 BOCHS  BXPC     00000001 BXPC 00000001)
machine # [    0.008564] ACPI: Reserving FACP table memory at [mem 0x3ffe197a-0x3ffe19ed]
machine # [    0.008565] ACPI: Reserving DSDT table memory at [mem 0x3ffe0040-0x3ffe1979]
machine # [    0.008566] ACPI: Reserving FACS table memory at [mem 0x3ffe0000-0x3ffe003f]
machine # [    0.008567] ACPI: Reserving APIC table memory at [mem 0x3ffe19ee-0x3ffe1a65]
machine # [    0.008567] ACPI: Reserving HPET table memory at [mem 0x3ffe1a66-0x3ffe1a9d]
machine # [    0.008568] ACPI: Reserving WAET table memory at [mem 0x3ffe1a9e-0x3ffe1ac5]
machine # [    0.010660] No NUMA configuration found
machine # [    0.010661] Faking a node at [mem 0x0000000000000000-0x000000003ffdafff]
machine # [    0.010666] NODE_DATA(0) allocated [mem 0x3ffd5000-0x3ffdafff]
machine # [    0.010716] Zone ranges:
machine # [    0.010716]   DMA      [mem 0x0000000000001000-0x0000000000ffffff]
machine # [    0.010718]   DMA32    [mem 0x0000000001000000-0x000000003ffdafff]
machine # [    0.010719]   Normal   empty
machine # [    0.010720]   Device   empty
machine # [    0.010720] Movable zone start for each node
machine # [    0.010721] Early memory node ranges
machine # [    0.010721]   node   0: [mem 0x0000000000001000-0x000000000009efff]
machine # [    0.010724]   node   0: [mem 0x0000000000100000-0x000000003ffdafff]
machine # [    0.010727] Initmem setup node 0 [mem 0x0000000000001000-0x000000003ffdafff]
machine # [    0.010903] On node 0, zone DMA: 1 pages in unavailable ranges
machine # [    0.010917] On node 0, zone DMA: 97 pages in unavailable ranges
machine # [    0.012643] On node 0, zone DMA32: 37 pages in unavailable ranges
machine # [    0.016768] ACPI: PM-Timer IO Port: 0x608
machine # [    0.016806] ACPI: LAPIC_NMI (acpi_id[0xff] dfl dfl lint[0x1])
machine # [    0.017001] IOAPIC[0]: apic_id 0, version 17, address 0xfec00000, GSI 0-23
machine # [    0.017004] ACPI: INT_SRC_OVR (bus 0 bus_irq 0 global_irq 2 dfl dfl)
machine # [    0.017005] ACPI: INT_SRC_OVR (bus 0 bus_irq 5 global_irq 5 high level)
machine # [    0.017006] ACPI: INT_SRC_OVR (bus 0 bus_irq 9 global_irq 9 high level)
machine # [    0.017010] ACPI: INT_SRC_OVR (bus 0 bus_irq 10 global_irq 10 high level)
machine # [    0.017011] ACPI: INT_SRC_OVR (bus 0 bus_irq 11 global_irq 11 high level)
machine # [    0.017014] ACPI: Using ACPI (MADT) for SMP configuration information
machine # [    0.017015] ACPI: HPET id: 0x8086a201 base: 0xfed00000
machine # [    0.017021] TSC deadline timer available
machine # [    0.017022] smpboot: Allowing 1 CPUs, 0 hotplug CPUs
machine # [    0.017217] PM: hibernation: Registered nosave memory: [mem 0x00000000-0x00000fff]
machine # [    0.017218] PM: hibernation: Registered nosave memory: [mem 0x0009f000-0x0009ffff]
machine # [    0.017219] PM: hibernation: Registered nosave memory: [mem 0x000a0000-0x000effff]
machine # [    0.017219] PM: hibernation: Registered nosave memory: [mem 0x000f0000-0x000fffff]
machine # [    0.017220] PM: hibernation: Registered nosave memory: [mem 0x00937000-0x00937fff]
machine # [    0.017221] PM: hibernation: Registered nosave memory: [mem 0x00937000-0x00937fff]
machine # [    0.017222] [mem 0x40000000-0xfeffbfff] available for PCI devices
machine # [    0.017223] Booting paravirtualized kernel on KVM
machine # [    0.017235] clocksource: refined-jiffies: mask: 0xffffffff max_cycles: 0xffffffff, max_idle_ns: 1910969940391419 ns
machine # [    0.020056] setup_percpu: NR_CPUS:384 nr_cpumask_bits:1 nr_cpu_ids:1 nr_node_ids:1
machine # [    0.020332] percpu: Embedded 61 pages/cpu s212992 r8192 d28672 u2097152
machine # [    0.020464] kvm-guest: PV spinlocks disabled, single CPU
machine # [    0.020472] Fallback order for Node 0: 0
machine # [    0.020476] Built 1 zonelists, mobility grouping on.  Total pages: 257754
machine # [    0.020477] Policy zone: DMA32
machine # [    0.020477] Kernel command line: console=ttyS0 panic=1 boot.panic_on_fail clock=acpi_pm loglevel=7 net.ifnames=0 init=/nix/store/vqjzzddz3papfsbksfhql9f2xdyckjx2-nixos-system-machine-23.05pre-git/init regInfo=/nix/store/xbmjy5z0ivvajdd1zsq48aabsjc0q802-closure-info/registration console=ttyS0
machine # [    0.020522] clocksource: clock= boot option is deprecated - use clocksource=xyz
machine # [    0.020551] Unknown kernel command line parameters "regInfo=/nix/store/xbmjy5z0ivvajdd1zsq48aabsjc0q802-closure-info/registration", will be passed to user space.
machine # [    0.020608] Dentry cache hash table entries: 131072 (order: 8, 1048576 bytes, linear)
machine # [    0.020629] Inode-cache hash table entries: 65536 (order: 7, 524288 bytes, linear)
machine # [    0.020785] mem auto-init: stack:all(zero), heap alloc:off, heap free:off
machine # [    0.022228] Memory: 981128K/1048036K available (12294K kernel code, 2307K rwdata, 7532K rodata, 1876K init, 4344K bss, 66648K reserved, 0K cma-reserved)
machine # [    0.022312] SLUB: HWalign=64, Order=0-3, MinObjects=0, CPUs=1, Nodes=1
machine # [    0.022321] Kernel/User page tables isolation: enabled
machine # [    0.022340] ftrace: allocating 37041 entries in 145 pages
machine # [    0.031151] ftrace: allocated 145 pages with 3 groups
machine # [    0.031713] Dynamic Preempt: voluntary
machine # [    0.031912] rcu: Preemptible hierarchical RCU implementation.
machine # [    0.031912] rcu:   RCU event tracing is enabled.
machine # [    0.031913] rcu:   RCU restricting CPUs from NR_CPUS=384 to nr_cpu_ids=1.
machine # [    0.031914]        Trampoline variant of Tasks RCU enabled.
machine # [    0.031914]        Rude variant of Tasks RCU enabled.
machine # [    0.031915]        Tracing variant of Tasks RCU enabled.
machine # [    0.031915] rcu: RCU calculated value of scheduler-enlistment delay is 100 jiffies.
machine # [    0.031916] rcu: Adjusting geometry for rcu_fanout_leaf=16, nr_cpu_ids=1
machine # [    0.034651] NR_IRQS: 24832, nr_irqs: 256, preallocated irqs: 16
machine # [    0.034966] rcu: srcu_init: Setting srcu_struct sizes based on contention.
machine # [    0.065895] Console: colour VGA+ 80x25
machine # [    0.667905] printk: console [ttyS0] enabled
machine # [    0.670860] ACPI: Core revision 20220331
machine # [    0.674229] clocksource: hpet: mask: 0xffffffff max_cycles: 0xffffffff, max_idle_ns: 19112604467 ns
machine # [    0.681003] APIC: Switch to symmetric I/O mode setup
machine # [    0.686496] x2apic enabled
machine # [    0.690511] Switched APIC routing to physical x2apic.
machine # [    0.701950] ..TIMER: vector=0x30 apic1=0 pin1=2 apic2=-1 pin2=-1
machine # [    0.706269] clocksource: tsc-early: mask: 0xffffffffffffffff max_cycles: 0x2fbd924e8de, max_idle_ns: 440795321919 ns
machine # [    0.713467] Calibrating delay loop (skipped) preset value.. 6623.99 BogoMIPS (lpj=3311998)
machine # [    0.714465] pid_max: default: 32768 minimum: 301
machine # [    0.715487] LSM: Security Framework initializing
machine # [    0.716477] landlock: Up and running.
machine # [    0.717464] Yama: becoming mindful.
machine # [    0.718470] SELinux:  Initializing.
machine # [    0.719476] LSM support for eBPF active
machine # [    0.720639] Mount-cache hash table entries: 2048 (order: 2, 16384 bytes, linear)
machine # [    0.721466] Mountpoint-cache hash table entries: 2048 (order: 2, 16384 bytes, linear)
machine # [    0.725334] x86/cpu: User Mode Instruction Prevention (UMIP) activated
machine # [    0.726876] Last level iTLB entries: 4KB 0, 2MB 0, 4MB 0
machine # [    0.727464] Last level dTLB entries: 4KB 0, 2MB 0, 4MB 0, 1GB 0
machine # [    0.728508] Spectre V1 : Mitigation: usercopy/swapgs barriers and __user pointer sanitization
machine # [    0.729480] Spectre V2 : Mitigation: IBRS
machine # [    0.730464] Spectre V2 : Spectre v2 / SpectreRSB mitigation: Filling RSB on context switch
machine # [    0.731464] Spectre V2 : Spectre v2 / SpectreRSB : Filling RSB on VMEXIT
machine # [    0.732464] RETBleed: Mitigation: IBRS
machine # [    0.733468] Spectre V2 : mitigation: Enabling conditional Indirect Branch Prediction Barrier
machine # [    0.734465] Speculative Store Bypass: Mitigation: Speculative Store Bypass disabled via prctl
machine # [    0.735501] MDS: Mitigation: Clear CPU buffers
machine # [    0.736464] TAA: Mitigation: Clear CPU buffers
machine # [    0.737464] MMIO Stale Data: Vulnerable: Clear CPU buffers attempted, no microcode
machine # [    0.759320] Freeing SMP alternatives memory: 32K
machine # [    0.759844] smpboot: CPU0: Intel(R) Core(TM) i9-9940X CPU @ 3.30GHz (family: 0x6, model: 0x55, stepping: 0x4)
machine # [    0.760573] cblist_init_generic: Setting adjustable number of callback queues.
machine # [    0.761477] cblist_init_generic: Setting shift to 0 and lim to 1.
machine # [    0.762491] cblist_init_generic: Setting shift to 0 and lim to 1.
machine # [    0.763489] cblist_init_generic: Setting shift to 0 and lim to 1.
machine # [    0.764489] Performance Events: Skylake events, full-width counters, Intel PMU driver.
machine # [    0.765491] ... version:                2
machine # [    0.766476] ... bit width:              48
machine # [    0.767477] ... generic registers:      4
machine # [    0.768477] ... value mask:             0000ffffffffffff
machine # [    0.769476] ... max period:             00007fffffffffff
machine # [    0.770476] ... fixed-purpose events:   3
machine # [    0.771477] ... event mask:             000000070000000f
machine # [    0.772776] rcu: Hierarchical SRCU implementation.
machine # [    0.773477] rcu:   Max phase no-delay instances is 400.
machine # [    0.774825] smp: Bringing up secondary CPUs ...
machine # [    0.775479] smp: Brought up 1 node, 1 CPU
machine # [    0.776477] smpboot: Max logical packages: 1
machine # [    0.777477] smpboot: Total of 1 processors activated (6623.99 BogoMIPS)
machine # [    0.779154] devtmpfs: initialized
machine # [    0.779519] x86/mm: Memory block size: 128MB
machine # [    0.780767] clocksource: jiffies: mask: 0xffffffff max_cycles: 0xffffffff, max_idle_ns: 1911260446275000 ns
machine # [    0.781479] futex hash table entries: 256 (order: 2, 16384 bytes, linear)
machine # [    0.782507] pinctrl core: initialized pinctrl subsystem
machine # [    0.784033] NET: Registered PF_NETLINK/PF_ROUTE protocol family
machine # [    0.784567] DMA: preallocated 128 KiB GFP_KERNEL pool for atomic allocations
machine # [    0.785479] DMA: preallocated 128 KiB GFP_KERNEL|GFP_DMA pool for atomic allocations
machine # [    0.786478] DMA: preallocated 128 KiB GFP_KERNEL|GFP_DMA32 pool for atomic allocations
machine # [    0.787485] audit: initializing netlink subsys (disabled)
machine # [    0.788572] thermal_sys: Registered thermal governor 'bang_bang'
machine # [    0.788573] thermal_sys: Registered thermal governor 'step_wise'
machine # [    0.789478] thermal_sys: Registered thermal governor 'user_space'
machine # [    0.790497] audit: type=2000 audit(1678069733.626:1): state=initialized audit_enabled=0 res=1
machine # [    0.792499] cpuidle: using governor menu
machine # [    0.793615] acpiphp: ACPI Hot Plug PCI Controller Driver version: 0.5
machine # [    0.794938] PCI: Using configuration type 1 for base access
machine # [    0.796316] kprobes: kprobe jump-optimization is enabled. All kprobes are optimized if possible.
machine # [    0.814352] HugeTLB: registered 1.00 GiB page size, pre-allocated 0 pages
machine # [    0.814477] HugeTLB: 16380 KiB vmemmap can be freed for a 1.00 GiB page
machine # [    0.815477] HugeTLB: registered 2.00 MiB page size, pre-allocated 0 pages
machine # [    0.816476] HugeTLB: 28 KiB vmemmap can be freed for a 2.00 MiB page
machine # [    0.817704] ACPI: Added _OSI(Module Device)
machine # [    0.818478] ACPI: Added _OSI(Processor Device)
machine # [    0.819477] ACPI: Added _OSI(3.0 _SCP Extensions)
machine # [    0.820478] ACPI: Added _OSI(Processor Aggregator Device)
machine # [    0.822192] ACPI: 1 ACPI AML tables successfully acquired and loaded
machine # [    0.824373] ACPI: Interpreter enabled
machine # [    0.824491] ACPI: PM: (supports S0 S3 S4 S5)
machine # [    0.825477] ACPI: Using IOAPIC for interrupt routing
machine # [    0.826487] PCI: Using host bridge windows from ACPI; if necessary, use "pci=nocrs" and report a bug
machine # [    0.827493] PCI: Using E820 reservations for host bridge windows
machine # [    0.828672] ACPI: Enabled 2 GPEs in block 00 to 0F
machine # [    0.832357] ACPI: PCI Root Bridge [PCI0] (domain 0000 [bus 00-ff])
machine # [    0.832481] acpi PNP0A03:00: _OSC: OS supports [ASPM ClockPM Segments MSI HPX-Type3]
machine # [    0.833477] acpi PNP0A03:00: _OSC: not requesting OS control; OS requires [ExtendedConfig ASPM ClockPM MSI]
machine # [    0.834485] acpi PNP0A03:00: fail to add MMCONFIG information, can't access extended PCI configuration space under this bridge.
machine # [    0.835780] acpiphp: Slot [3] registered
machine # [    0.836544] acpiphp: Slot [4] registered
machine # [    0.837539] acpiphp: Slot [5] registered
machine # [    0.838548] acpiphp: Slot [6] registered
machine # [    0.839540] acpiphp: Slot [7] registered
machine # [    0.840541] acpiphp: Slot [8] registered
machine # [    0.841540] acpiphp: Slot [9] registered
machine # [    0.842543] acpiphp: Slot [10] registered
machine # [    0.843542] acpiphp: Slot [11] registered
machine # [    0.844539] acpiphp: Slot [12] registered
machine # [    0.845539] acpiphp: Slot [13] registered
machine # [    0.846562] acpiphp: Slot [14] registered
machine # [    0.847546] acpiphp: Slot [15] registered
machine # [    0.848539] acpiphp: Slot [16] registered
machine # [    0.849544] acpiphp: Slot [17] registered
machine # [    0.850541] acpiphp: Slot [18] registered
machine # [    0.851543] acpiphp: Slot [19] registered
machine # [    0.852541] acpiphp: Slot [20] registered
machine # [    0.853544] acpiphp: Slot [21] registered
machine # [    0.854541] acpiphp: Slot [22] registered
machine # [    0.855538] acpiphp: Slot [23] registered
machine # [    0.856558] acpiphp: Slot [24] registered
machine # [    0.857540] acpiphp: Slot [25] registered
machine # [    0.858555] acpiphp: Slot [26] registered
machine # [    0.859540] acpiphp: Slot [27] registered
machine # [    0.860543] acpiphp: Slot [28] registered
machine # [    0.861556] acpiphp: Slot [29] registered
machine # [    0.862541] acpiphp: Slot [30] registered
machine # [    0.863540] acpiphp: Slot [31] registered
machine # [    0.864532] PCI host bridge to bus 0000:00
machine # [    0.865478] pci_bus 0000:00: root bus resource [io  0x0000-0x0cf7 window]
machine # [    0.866493] pci_bus 0000:00: root bus resource [io  0x0d00-0xffff window]
machine # [    0.867477] pci_bus 0000:00: root bus resource [mem 0x000a0000-0x000bffff window]
machine # [    0.868477] pci_bus 0000:00: root bus resource [mem 0x40000000-0xfebfffff window]
machine # [    0.869477] pci_bus 0000:00: root bus resource [mem 0x100000000-0x17fffffff window]
machine # [    0.870477] pci_bus 0000:00: root bus resource [bus 00-ff]
machine # [    0.871747] pci 0000:00:00.0: [8086:1237] type 00 class 0x060000
machine # [    0.875679] pci 0000:00:01.0: [8086:7000] type 00 class 0x060100
machine # [    0.880758] pci 0000:00:01.1: [8086:7010] type 00 class 0x010180
machine # [    0.885477] pci 0000:00:01.1: reg 0x20: [io  0xc1e0-0xc1ef]
machine # [    0.889018] pci 0000:00:01.1: legacy IDE quirk: reg 0x10: [io  0x01f0-0x01f7]
machine # [    0.889478] pci 0000:00:01.1: legacy IDE quirk: reg 0x14: [io  0x03f6]
machine # [    0.890477] pci 0000:00:01.1: legacy IDE quirk: reg 0x18: [io  0x0170-0x0177]
machine # [    0.891477] pci 0000:00:01.1: legacy IDE quirk: reg 0x1c: [io  0x0376]
machine # [    0.893220] pci 0000:00:01.2: [8086:7020] type 00 class 0x0c0300
machine # [    0.897425] pci 0000:00:01.2: reg 0x20: [io  0xc100-0xc11f]
machine # [    0.899716] pci 0000:00:01.3: [8086:7113] type 00 class 0x068000
machine # [    0.903544] pci 0000:00:01.3: quirk: [io  0x0600-0x063f] claimed by PIIX4 ACPI
machine # [    0.904537] pci 0000:00:01.3: quirk: [io  0x0700-0x070f] claimed by PIIX4 SMB
machine # [    0.906696] pci 0000:00:02.0: [1234:1111] type 00 class 0x030000
machine # [    0.909249] pci 0000:00:02.0: reg 0x10: [mem 0xfd000000-0xfdffffff pref]
machine # [    0.912252] pci 0000:00:02.0: reg 0x18: [mem 0xfebd0000-0xfebd0fff]
machine # [    0.917518] pci 0000:00:02.0: reg 0x30: [mem 0xfebc0000-0xfebcffff pref]
machine # [    0.918878] pci 0000:00:02.0: Video device with shadowed ROM at [mem 0x000c0000-0x000dffff]
machine # [    0.921801] pci 0000:00:03.0: [1af4:1000] type 00 class 0x020000
machine # [    0.923945] pci 0000:00:03.0: reg 0x10: [io  0xc120-0xc13f]
machine # [    0.925930] pci 0000:00:03.0: reg 0x14: [mem 0xfebd1000-0xfebd1fff]
machine # [    0.930478] pci 0000:00:03.0: reg 0x20: [mem 0xfe000000-0xfe003fff 64bit pref]
machine # [    0.932479] pci 0000:00:03.0: reg 0x30: [mem 0xfeb40000-0xfeb7ffff pref]
machine # [    0.938222] pci 0000:00:04.0: [1af4:1005] type 00 class 0x00ff00
machine # [    0.939934] pci 0000:00:04.0: reg 0x10: [io  0xc140-0xc15f]
machine # [    0.941478] pci 0000:00:04.0: reg 0x14: [mem 0xfebd2000-0xfebd2fff]
machine # [    0.946215] pci 0000:00:04.0: reg 0x20: [mem 0xfe004000-0xfe007fff 64bit pref]
machine # [    0.953070] pci 0000:00:05.0: [1af4:1009] type 00 class 0x000200
machine # [    0.954886] pci 0000:00:05.0: reg 0x10: [io  0xc080-0xc0bf]
machine # [    0.956479] pci 0000:00:05.0: reg 0x14: [mem 0xfebd3000-0xfebd3fff]
machine # [    0.960478] pci 0000:00:05.0: reg 0x20: [mem 0xfe008000-0xfe00bfff 64bit pref]
machine # [    0.968033] pci 0000:00:06.0: [1af4:1009] type 00 class 0x000200
machine # [    0.969931] pci 0000:00:06.0: reg 0x10: [io  0xc160-0xc17f]
machine # [    0.971479] pci 0000:00:06.0: reg 0x14: [mem 0xfebd4000-0xfebd4fff]
machine # [    0.976198] pci 0000:00:06.0: reg 0x20: [mem 0xfe00c000-0xfe00ffff 64bit pref]
machine # [    0.982899] pci 0000:00:07.0: [1af4:1009] type 00 class 0x000200
machine # [    0.984859] pci 0000:00:07.0: reg 0x10: [io  0xc180-0xc19f]
machine # [    0.986478] pci 0000:00:07.0: reg 0x14: [mem 0xfebd5000-0xfebd5fff]
machine # [    0.991122] pci 0000:00:07.0: reg 0x20: [mem 0xfe010000-0xfe013fff 64bit pref]
machine # [    0.997953] pci 0000:00:08.0: [1af4:1001] type 00 class 0x010000
machine # [    0.999956] pci 0000:00:08.0: reg 0x10: [io  0xc000-0xc07f]
machine # [    1.001479] pci 0000:00:08.0: reg 0x14: [mem 0xfebd6000-0xfebd6fff]
machine # [    1.006908] pci 0000:00:08.0: reg 0x20: [mem 0xfe014000-0xfe017fff 64bit pref]
machine # [    1.013989] pci 0000:00:09.0: [1af4:1000] type 00 class 0x020000
machine # [    1.015936] pci 0000:00:09.0: reg 0x10: [io  0xc1a0-0xc1bf]
machine # [    1.017479] pci 0000:00:09.0: reg 0x14: [mem 0xfebd7000-0xfebd7fff]
machine # [    1.021478] pci 0000:00:09.0: reg 0x20: [mem 0xfe018000-0xfe01bfff 64bit pref]
machine # [    1.023479] pci 0000:00:09.0: reg 0x30: [mem 0xfeb80000-0xfebbffff pref]
machine # [    1.029345] pci 0000:00:0a.0: [1af4:1052] type 00 class 0x090000
machine # [    1.031329] pci 0000:00:0a.0: reg 0x14: [mem 0xfebd8000-0xfebd8fff]
machine # [    1.034031] pci 0000:00:0a.0: reg 0x20: [mem 0xfe01c000-0xfe01ffff 64bit pref]
machine # [    1.040165] pci 0000:00:0b.0: [1af4:1003] type 00 class 0x078000
machine # [    1.042005] pci 0000:00:0b.0: reg 0x10: [io  0xc0c0-0xc0ff]
machine # [    1.043479] pci 0000:00:0b.0: reg 0x14: [mem 0xfebd9000-0xfebd9fff]
machine # [    1.047478] pci 0000:00:0b.0: reg 0x20: [mem 0xfe020000-0xfe023fff 64bit pref]
machine # [    1.054170] pci 0000:00:0c.0: [1af4:1005] type 00 class 0x00ff00
machine # [    1.055935] pci 0000:00:0c.0: reg 0x10: [io  0xc1c0-0xc1df]
machine # [    1.057478] pci 0000:00:0c.0: reg 0x14: [mem 0xfebda000-0xfebdafff]
machine # [    1.061479] pci 0000:00:0c.0: reg 0x20: [mem 0xfe024000-0xfe027fff 64bit pref]
machine # [    1.068690] ACPI: PCI: Interrupt link LNKA configured for IRQ 10
machine # [    1.069798] ACPI: PCI: Interrupt link LNKB configured for IRQ 10
machine # [    1.070772] ACPI: PCI: Interrupt link LNKC configured for IRQ 11
machine # [    1.071778] ACPI: PCI: Interrupt link LNKD configured for IRQ 11
machine # [    1.072625] ACPI: PCI: Interrupt link LNKS configured for IRQ 9
machine # [    1.073931] iommu: Default domain type: Translated
machine # [    1.074494] iommu: DMA domain TLB invalidation policy: lazy mode
machine # [    1.075930] NetLabel: Initializing
machine # [    1.076477] NetLabel:  domain hash size = 128
machine # [    1.077477] NetLabel:  protocols = UNLABELED CIPSOv4 CALIPSO
machine # [    1.078496] NetLabel:  unlabeled traffic allowed by default
machine # [    1.079483] PCI: Using ACPI for IRQ routing
machine # [    1.082337] pci 0000:00:02.0: vgaarb: setting as boot VGA device
machine # [    1.082463] pci 0000:00:02.0: vgaarb: bridge control possible
machine # [    1.082463] pci 0000:00:02.0: vgaarb: VGA device added: decodes=io+mem,owns=io+mem,locks=none
machine # [    1.082479] vgaarb: loaded
machine # [    1.083668] hpet0: at MMIO 0xfed00000, IRQs 2, 8, 0
machine # [    1.084477] hpet0: 3 comparators, 64-bit 100.000000 MHz counter
machine # [    1.088521] clocksource: Switched to clocksource kvm-clock
machine # [    1.100698] VFS: Disk quotas dquot_6.6.0
machine # [    1.103333] VFS: Dquot-cache hash table entries: 512 (order 0, 4096 bytes)
machine # [    1.108233] pnp: PnP ACPI init
machine # [    1.111007] pnp: PnP ACPI: found 6 devices
machine # [    1.120105] clocksource: acpi_pm: mask: 0xffffff max_cycles: 0xffffff, max_idle_ns: 2085701024 ns
machine # [    1.126046] clocksource: Switched to clocksource acpi_pm
machine # [    1.129837] NET: Registered PF_INET protocol family
machine # [    1.133717] IP idents hash table entries: 16384 (order: 5, 131072 bytes, linear)
machine # [    1.140016] tcp_listen_portaddr_hash hash table entries: 512 (order: 1, 8192 bytes, linear)
machine # [    1.145758] Table-perturb hash table entries: 65536 (order: 6, 262144 bytes, linear)
machine # [    1.151159] TCP established hash table entries: 8192 (order: 4, 65536 bytes, linear)
machine # [    1.156701] TCP bind hash table entries: 8192 (order: 6, 262144 bytes, linear)
machine # [    1.161787] TCP: Hash tables configured (established 8192 bind 8192)
machine # [    1.166268] MPTCP token hash table entries: 1024 (order: 2, 24576 bytes, linear)
machine # [    1.171344] UDP hash table entries: 512 (order: 2, 16384 bytes, linear)
machine # [    1.175936] UDP-Lite hash table entries: 512 (order: 2, 16384 bytes, linear)
machine # [    1.180928] NET: Registered PF_UNIX/PF_LOCAL protocol family
machine # [    1.184954] NET: Registered PF_XDP protocol family
machine # [    1.188653] pci_bus 0000:00: resource 4 [io  0x0000-0x0cf7 window]
machine # [    1.193077] pci_bus 0000:00: resource 5 [io  0x0d00-0xffff window]
machine # [    1.197465] pci_bus 0000:00: resource 6 [mem 0x000a0000-0x000bffff window]
machine # [    1.202181] pci_bus 0000:00: resource 7 [mem 0x40000000-0xfebfffff window]
machine # [    1.207059] pci_bus 0000:00: resource 8 [mem 0x100000000-0x17fffffff window]
machine # [    1.212168] pci 0000:00:01.0: PIIX3: Enabling Passive Release
machine # [    1.216431] pci 0000:00:00.0: Limiting direct PCI/PCI transfers
machine # [    1.243428] ACPI: \_SB_.LNKD: Enabled at IRQ 11
machine # [    1.269683] pci 0000:00:01.2: quirk_usb_early_handoff+0x0/0x750 took 47629 usecs
machine # [    1.275626] PCI: CLS 0 bytes, default 64
machine # [    1.278669] Trying to unpack rootfs image as initramfs...
machine # [    1.282745] clocksource: tsc: mask: 0xffffffffffffffff max_cycles: 0x2fbd924e8de, max_idle_ns: 440795321919 ns
machine # [    1.297076] Initialise system trusted keyrings
machine # [    1.305750] workingset: timestamp_bits=40 max_order=18 bucket_order=0
machine # [    1.315338] zbud: loaded
machine # [    1.320871] Key type asymmetric registered
machine # [    1.326786] Asymmetric key parser 'x509' registered
machine # [    1.372288] Freeing initrd memory: 12892K
machine # [    1.375887] alg: self-tests for CTR-KDF (hmac(sha256)) passed
machine # [    1.379996] Block layer SCSI generic (bsg) driver version 0.4 loaded (major 252)
machine # [    1.385212] io scheduler mq-deadline registered
machine # [    1.388689] io scheduler kyber registered
machine # [    1.391927] Serial: 8250/16550 driver, 4 ports, IRQ sharing enabled
machine # [    1.397197] 00:04: ttyS0 at I/O 0x3f8 (irq = 4, base_baud = 115200) is a 16550A
machine # [    1.403718] intel_pstate: CPU model not supported
machine # [    1.407063] drop_monitor: Initializing network drop monitor service
machine # [    1.421135] NET: Registered PF_INET6 protocol family
machine # [    1.425766] Segment Routing with IPv6
machine # [    1.428598] In-situ OAM (IOAM) with IPv6
machine # [    1.431961] IPI shorthand broadcast: enabled
machine # [    1.435076] registered taskstats version 1
machine # [    1.438029] Loading compiled-in X.509 certificates
machine # [    1.441773] zswap: loaded using pool lzo/zbud
machine # [    1.445202] Key type .fscrypt registered
machine # [    1.448129] Key type fscrypt-provisioning registered
machine # [    1.452819] Unstable clock detected, switching default tracing clock to "global"
machine # [    1.452819] If you want to keep using the local clock, then add:
machine # [    1.452819]   "trace_clock=local"
machine # [    1.452819] on the kernel command line
machine # [    1.469107] Freeing unused decrypted memory: 2036K
machine # [    1.472033] Freeing unused kernel image (initmem) memory: 1876K
machine # [    1.474684] Write protecting the kernel read-only data: 22528k
machine # [    1.478847] Freeing unused kernel image (text/rodata gap) memory: 2040K
machine # [    1.481770] Freeing unused kernel image (rodata/data gap) memory: 660K
machine # [    1.524307] x86/mm: Checked W+X mappings: passed, no W+X pages found.
machine # [    1.526954] x86/mm: Checking user space page tables
machine # [    1.567415] x86/mm: Checked W+X mappings: passed, no W+X pages found.
machine # [    1.570027] Run /init as init process
machine # 
machine # <<< NixOS Stage 1 >>>
machine # 
machine # loading module virtio_balloon...
machine # loading module virtio_console...
machine # loading module virtio_rng...
machine # loading module dm_mod...
machine # [    1.664259] device-mapper: ioctl: 4.47.0-ioctl (2022-07-28) initialised: dm-devel@redhat.com
machine # loading module af_packet...
machine # [    1.677161] NET: Registered PF_PACKET protocol family
machine # running udev...
machine # Starting systemd-udevd version 252.5
machine # [    1.766683] i8042: PNP: PS/2 Controller [PNP0303:KBD,PNP0f13:MOU] at 0x60,0x64 irq 1,12
machine # [    1.780674] rtc_cmos 00:05: RTC can wake from S4
machine # [    1.791390] serio: i8042 KBD port at 0x60,0x64 irq 1
machine # [    1.800178] rtc_cmos 00:05: registered as rtc0
machine # [    1.802673] serio: i8042 AUX port at 0x60,0x64 irq 12
machine # [    1.808457] rtc_cmos 00:05: alarms up to one day, y3k, 242 bytes nvram, hpet irqs
machine # [    1.891987] SCSI subsystem initialized
machine # [    1.910919] ACPI: bus type USB registered
machine # [    1.920643] usbcore: registered new interface driver usbfs
machine # [    1.930659] usbcore: registered new interface driver hub
machine # [    1.940688] usbcore: registered new device driver usb
machine # [    1.946109] ACPI: \_SB_.LNKC: Enabled at IRQ 10
machine # [    1.986696] scsi host0: ata_piix
machine # [    1.996712] scsi host1: ata_piix
machine # [    1.998333] ata1: PATA max MWDMA2 cmd 0x1f0 ctl 0x3f6 bmdma 0xc1e0 irq 14
machine # [    2.001285] ata2: PATA max MWDMA2 cmd 0x170 ctl 0x376 bmdma 0xc1e8 irq 15
machine # [    2.060735] uhci_hcd 0000:00:01.2: UHCI Host Controller
machine # [    2.067025] uhci_hcd 0000:00:01.2: new USB bus registered, assigned bus number 1
machine # [    2.070333] uhci_hcd 0000:00:01.2: detected 2 ports
machine # [    2.078706] uhci_hcd 0000:00:01.2: irq 11, io port 0x0000c100
machine # [    2.082057] usb usb1: New USB device found, idVendor=1d6b, idProduct=0001, bcdDevice= 6.01
machine # [    2.085623] usb usb1: New USB device strings: Mfr=3, Product=2, SerialNumber=1
machine # [    2.088770] usb usb1: Product: UHCI Host Controller
machine # [    2.091000] usb usb1: Manufacturer: Linux 6.1.15 uhci_hcd
machine # [    2.093386] usb usb1: SerialNumber: 0000:00:01.2
machine # [    2.103242] hub 1-0:1.0: USB hub found
machine # [    2.105025] hub 1-0:1.0: 2 ports detected
machine # [    2.126212] ACPI: \_SB_.LNKA: Enabled at IRQ 10
machine # [    2.157207] ACPI: \_SB_.LNKB: Enabled at IRQ 11
machine # [    2.164713] ata2: found unknown device (class 0)
machine # [    2.172178] ata2.00: ATAPI: QEMU DVD-ROM, 2.5+, max UDMA/100
machine # [    2.183188] scsi 1:0:0:0: CD-ROM            QEMU     QEMU DVD-ROM     2.5+ PQ: 0 ANSI: 5
machine # [    2.332616] usb 1-1: new full-speed USB device number 2 using uhci_hcd
machine # [    2.492372] input: AT Translated Set 2 keyboard as /devices/platform/i8042/serio0/input/input0
machine # [    2.509338] usb 1-1: New USB device found, idVendor=0627, idProduct=0001, bcdDevice= 0.00
machine # [    2.512987] usb 1-1: New USB device strings: Mfr=1, Product=3, SerialNumber=10
machine # [    2.516183] usb 1-1: Product: QEMU USB Tablet
machine # [    2.518215] usb 1-1: Manufacturer: QEMU
machine # [    2.520000] usb 1-1: SerialNumber: 28754-0000:00:01.2-1
machine # [    2.546648] virtio_blk virtio5: 1/0/0 default/read/poll queues
machine # [    2.568272] 9pnet: Installing 9P2000 support
machine # [    2.592351] sr 1:0:0:0: [sr0] scsi3-mmc drive: 4x/4x cd/rw xa/form2 tray
machine # [    2.595273] cdrom: Uniform CD-ROM driver Revision: 3.20
machine # [    2.606715] virtio_blk virtio5: [vda] 2097152 512-byte logical blocks (1.07 GB/1.00 GiB)
machine # [    2.622787] hid: raw HID events driver (C) Jiri Kosina
machine # [    2.669246] usbcore: registered new interface driver usbhid
machine # [    2.671836] usbhid: USB HID core driver
machine # [    2.685740] input: QEMU QEMU USB Tablet as /devices/pci0000:00/0000:00:01.2/usb1/1-1/1-1:1.0/0003:0627:0001.0001/input/input2
machine # [    2.691148] hid-generic 0003:0627:0001.0001: input,hidraw0: USB HID v0.01 Mouse [QEMU QEMU USB Tablet] on usb-0000:00:01.2-1/input0
machine # bringing up network interface eth0...
machine # bringing up network interface eth1...
machine # acquiring IP address via DHCP on eth0...
machine # udhcpc: started, v1.36.0
machine # udhcpc: broadcasting discover
machine # udhcpc: broadcasting select for 10.0.2.15, server 10.0.2.2
machine # udhcpc: lease of 10.0.2.15 obtained from 10.0.2.2, lease time 86400
machine # acquiring IP address via DHCP on eth1...
machine # udhcpc: started, v1.36.0
machine # udhcpc: broadcasting discover
machine # [    3.618957] IPv6: ADDRCONF(NETDEV_CHANGE): eth0: link becomes ready
machine # udhcpc: broadcasting discover
machine # udhcpc: broadcasting discover
machine # udhcpc: no lease, failing
machine # 1: lo: <LOOPBACK> mtu 65536 qdisc noop qlen 1000
machine #     link/loopback 00:00:00:00:00:00 brd 00:00:00:00:00:00
machine # 2: eth0: <BROADCAST,MULTICAST,UP,LOWER_UP> mtu 1500 qdisc pfifo_fast qlen 1000
machine #     link/ether 52:54:00:12:34:56 brd ff:ff:ff:ff:ff:ff
machine #     inet 10.0.2.15/24 scope global eth0
machine #        valid_lft forever preferred_lft forever
machine #     inet6 fec0::5054:ff:fe12:3456/64 scope site dynamic flags 100
machine #        valid_lft 86393sec preferred_lft 14393sec
machine #     inet6 fe80::5054:ff:fe12:3456/64 scope link
machine #        valid_lft forever preferred_lft forever
machine # 3: eth1: <BROADCAST,MULTICAST,UP,LOWER_UP> mtu 1500 qdisc pfifo_fast qlen 1000
machine #     link/ether 52:54:00:12:01:01 brd ff:ff:ff:ff:ff:ff
machine #     inet6 fe80::5054:ff:fe12:101/64 scope link
machine #        valid_lft forever preferred_lft forever
machine # %Gdefault via 10.0.2.2 dev eth0
machine # 10.0.2.0/24 dev eth0 scope link  src 10.0.2.15
machine # 10.0.2.2 dev eth0 scope link
machine #     inet 10.0.2.15/24 scope global eth0
machine # PING 10.0.2.2 (10.0.2.2): 56 data bytes
machine # 64 bytes from 10.0.2.2: seq=0 ttl=255 time=0.793 ms
machine # 
machine # --- 10.0.2.2 ping statistics ---
machine # 1 packets transmitted, 1 packets received, 0% packet loss
machine # round-trip min/avg/max = 0.793/0.793/0.793 ms
machine # kbd_mode: KDSKBMODE: Inappropriate ioctl for device
machine # starting device mapper and LVM...
machine # mke2fs 1.46.5 (30-Dec-2021)
machine # Discarding device blocks: done         
machine # Creating filesystem with 262144 4k blocks and 65536 inodes
machine # Filesystem UUID: 583423f9-9c3e-445b-bbd0-65a21db92275
machine # Superblock backups stored on blocks:
machine #       32768, 98304, 163840, 229376
machine # 
machine # Allocating group tables: done
machine # Writing inode tables: done
machine # Creating journal (8192 blocks): done
machine # Writing superblocks and filesystem accounting information: done
machine # 
machine # checking /dev/vda...
machine # fsck (busybox 1.36.0)
machine # [fsck.ext4 (1) -- /mnt-root/] fsck.ext4 -a /dev/vda
machine # /dev/vda: clean, 11/65536 files, 12955/262144 blocks
machine # mounting /dev/vda on /...
machine # [   12.455859] EXT4-fs (vda): mounted filesystem with ordered data mode. Quota mode: none.
machine # mounting nix-store on /nix/.ro-store...
machine # [   12.485033] FS-Cache: Loaded
machine # [   12.495371] 9p: Installing v9fs 9p2000 file system support
machine # mounting tmpfs on /nix/.rw-store...
machine # mounting shared on /tmp/shared...
machine # mounting xchg on /tmp/xchg...
machine # mounting overlay filesystem on /nix/store...
machine # 1: lo: <LOOPBACK> mtu 65536 qdisc noop qlen 1000
machine #     link/loopback 00:00:00:00:00:00 brd 00:00:00:00:00:00
machine # 2: eth0: <BROADCAST,MULTICAST> mtu 1500 qdisc pfifo_fast qlen 1000
machine #     link/ether 52:54:00:12:34:56 brd ff:ff:ff:ff:ff:ff
machine # 3: eth1: <BROADCAST,MULTICAST> mtu 1500 qdisc pfifo_fast qlen 1000
machine #     link/ether 52:54:00:12:01:01 brd ff:ff:ff:ff:ff:ff
machine # PING 10.0.2.2 (10.0.2.2): 56 data bytes
machine # ping: sendto: Network is unreachable
machine # 
machine # <<< NixOS Stage 2 >>>
machine # 
machine # [   12.802952] EXT4-fs (vda): re-mounted. Quota mode: none.
machine # [   12.807221] booting system configuration /nix/store/vqjzzddz3papfsbksfhql9f2xdyckjx2-nixos-system-machine-23.05pre-git
machine # running activation script...
machine # setting up /etc...
machine # starting systemd...
machine # [   14.912216] systemd[1]: Inserted module 'autofs4'
machine # [   14.965818] systemd[1]: systemd 252.5 running in system mode (+PAM +AUDIT -SELINUX +APPARMOR +IMA +SMACK +SECCOMP +GCRYPT -GNUTLS +OPENSSL +ACL +BLKID +CURL +ELFUTILS +FIDO2 +IDN2 -IDN +IPTC +KMOD +LIBCRYPTSETUP +LIBFDISK +PCRE2 -PWQUALITY +P11KIT -QRENCODE +TPM2 +BZIP2 +LZ4 +XZ +ZLIB +ZSTD +BPF_FRAMEWORK -XKBCOMMON +UTMP -SYSVINIT default-hierarchy=unified)
machine # [   14.978768] systemd[1]: Detected virtualization kvm.
machine # [   14.981110] systemd[1]: Detected architecture x86-64.
machine # [   14.987703] systemd[1]: Initializing machine ID from random generator.
machine # [   15.296936] systemd[1]: bpf-lsm: LSM BPF program attached
machine # [   16.137347] systemd[1]: Queued start job for default target Multi-User System.
machine # [   16.148953] systemd[1]: Created slice Slice /system/getty.
machine # [   16.152709] systemd[1]: Created slice Slice /system/modprobe.
machine # [   16.156334] systemd[1]: Created slice User and Session Slice.
machine # [   16.159281] systemd[1]: Started Dispatch Password Requests to Console Directory Watch.
machine # [   16.163189] systemd[1]: Started Forward Password Requests to Wall Directory Watch.
machine # [   16.167359] systemd[1]: Reached target Local Encrypted Volumes.
machine # [   16.170260] systemd[1]: Reached target Containers.
machine # [   16.172879] systemd[1]: Reached target Path Units.
machine # [   16.175326] systemd[1]: Reached target Remote File Systems.
machine # [   16.178053] systemd[1]: Reached target Slice Units.
machine # [   16.180668] systemd[1]: Reached target Swaps.
machine # [   16.189470] systemd[1]: Listening on Process Core Dump Socket.
machine # [   16.193382] systemd[1]: Listening on Journal Audit Socket.
machine # [   16.196270] systemd[1]: Listening on Journal Socket (/dev/log).
machine # [   16.199310] systemd[1]: Listening on Journal Socket.
machine # [   16.202689] systemd[1]: Listening on Userspace Out-Of-Memory (OOM) Killer Socket.
machine # [   16.208248] systemd[1]: Listening on udev Control Socket.
machine # [   16.211211] systemd[1]: Listening on udev Kernel Socket.
machine # [   16.216913] systemd[1]: Mounting Huge Pages File System...
machine # [   16.222114] systemd[1]: Mounting POSIX Message Queue File System...
machine # [   16.233952] systemd[1]: Mounting Kernel Debug File System...
machine # [   16.247701] systemd[1]: Starting Create List of Static Device Nodes...
machine # [   16.259923] systemd[1]: Starting Load Kernel Module configfs...
machine # [   16.271313] systemd[1]: Starting Load Kernel Module drm...
machine # [   16.287448] systemd[1]: Starting Load Kernel Module efi_pstore...
machine # [   16.305329] systemd[1]: Starting Load Kernel Module fuse...
machine # [   16.324451] systemd[1]: Starting mount-pstore.service...
machine # [   16.336709] systemd[1]: File System Check on Root Device was skipped because of an unmet condition check (ConditionPathIsReadWrite=!/).
machine # [   16.348217] fuse: init (API version 7.37)
machine # [   16.362410] systemd[1]: Starting Journal Service...
machine # [   16.377854] systemd[1]: Starting Load Kernel Modules...
machine # [   16.401015] systemd[1]: Starting Remount Root and Kernel File Systems...
machine # [   16.441894] systemd[1]: Starting Coldplug All udev Devices...
machine # [   16.461465] audit: type=1334 audit(1678069749.225:2): prog-id=61 op=LOAD
machine # [   16.467201] audit: type=1334 audit(1678069749.230:3): prog-id=25 op=UNLOAD
machine # [   16.476367] ACPI: bus type drm_connector registered
machine # [   16.484093] systemd[1]: Mounted Huge Pages File System.
machine # [   16.489801] audit: type=1334 audit(1678069749.230:4): prog-id=26 op=UNLOAD
machine # [   16.498798] EXT4-fs (vda): re-mounted. Quota mode: none.
machine # [   16.506872] audit: type=1334 audit(1678069749.230:5): prog-id=62 op=LOAD
machine # [   16.511107] systemd[1]: Mounted POSIX Message Queue File System.
machine # [   16.525649] audit: type=1334 audit(1678069749.230:6): prog-id=63 op=LOAD
machine # [   16.529250] systemd[1]: Mounted Kernel Debug File System.
machine # [   16.540649] audit: type=1334 audit(1678069749.230:7): prog-id=21 op=UNLOAD
machine # [   16.554312] systemd[1]: Finished Create List of Static Device Nodes.
machine # [   16.559659] audit: type=1334 audit(1678069749.230:8): prog-id=22 op=UNLOAD
machine # [   16.572673] audit: type=1130 audit(1678069749.335:9): pid=1 uid=0 auid=4294967295 ses=4294967295 subj=kernel msg='unit=kmod-static-nodes comm="systemd" exe="/nix/store/d1h33vvfagj7bhg0b8dw3p5nifghb01q-systemd-252.5/lib/systemd/systemd" hostname=? addr=? terminal=? res=success'
machine # [   16.583671] systemd[1]: modprobe@configfs.service: Deactivated successfully.
machine # [   16.587989] bridge: filtering via arp/ip/ip6tables is no longer available by default. Update your scripts to load br_netfilter if you need this.
machine # [   16.603266] systemd[1]: Finished Load Kernel Module configfs.
machine # [   16.616988] systemd[1]: modprobe@drm.service: Deactivated successfully.
machine # [   16.623107] audit: type=1130 audit(1678069749.376:10): pid=1 uid=0 auid=4294967295 ses=4294967295 subj=kernel msg='unit=modprobe@configfs comm="systemd" exe="/nix/store/d1h33vvfagj7bhg0b8dw3p5nifghb01q-systemd-252.5/lib/systemd/systemd" hostname=? addr=? terminal=? res=success'
machine # [   16.646423] tun: Universal TUN/TAP device driver, 1.6
machine # [   16.648969] systemd[1]: Finished Load Kernel Module drm.
machine # [   16.660977] systemd[1]: modprobe@efi_pstore.service: Deactivated successfully.
machine # [   16.674009] loop: module loaded
machine # [   16.677637] audit: type=1131 audit(1678069749.376:11): pid=1 uid=0 auid=4294967295 ses=4294967295 subj=kernel msg='unit=modprobe@configfs comm="systemd" exe="/nix/store/d1h33vvfagj7bhg0b8dw3p5nifghb01q-systemd-252.5/lib/systemd/systemd" hostname=? addr=? terminal=? res=success'
machine # [   16.692431] systemd[1]: Finished Load Kernel Module efi_pstore.
machine # [   16.706330] systemd[1]: modprobe@fuse.service: Deactivated successfully.
machine # [   16.721384] systemd[1]: Finished Load Kernel Module fuse.
machine # [   16.746131] systemd[1]: Finished Load Kernel Modules.
machine # [   16.767020] systemd[1]: Finished Remount Root and Kernel File Systems.
machine # [   16.800881] systemd[1]: Mounting FUSE Control File System...
machine # [   16.820022] systemd[1]: Mounting Kernel Configuration File System...
machine # [   16.838763] systemd[1]: Starting Firewall...
machine # [   16.852064] systemd[1]: Starting Load/Save Random Seed...
machine # [   16.875917] systemd[1]: Starting Apply Kernel Variables...
machine # [   16.902076] systemd[1]: Starting Create Static Device Nodes in /dev...
machine # [   16.953132] systemd[1]: Finished Coldplug All udev Devices.
machine # [   16.968387] systemd[1]: Mounted FUSE Control File System.
machine # [   16.981442] systemd[1]: Mounted Kernel Configuration File System.
machine # [   17.008327] systemd[1]: Finished Load/Save Random Seed.
machine # [   17.029192] systemd[1]: Finished Apply Kernel Variables.
machine # [   17.052863] systemd[1]: Finished Create Static Device Nodes in /dev.
machine # [   17.070765] systemd[1]: Reached target Preparation for Local File Systems.
machine # [   17.080894] systemd[1]: Reached target Local File Systems.
machine # [   17.097995] systemd[1]: Starting Rule-based Manager for Device Events and Files...
machine # [   17.259368] systemd[1]: Started Rule-based Manager for Device Events and Files.
machine # [   17.318238] systemd[1]: Started Journal Service.
machine # [   17.386961] systemd-journald[547]: Received client request to flush runtime journal.
machine # [   17.582520] systemd-modules-load[548]: Inserted module 'bridge'
machine # [   17.608285] systemd-modules-load[548]: Inserted module 'macvlan'
machine # [   17.626826] systemd-modules-load[548]: Inserted module 'tap'
machine # [   17.644721] systemd-modules-load[548]: Inserted module 'tun'
machine # [   17.656838] systemd-modules-load[548]: Inserted module 'loop'
machine # [   17.685792] systemd-udevd[575]: Using default interface naming scheme 'v252'.
machine # [   17.715778] systemd[1]: Starting Flush Journal to Persistent Storage...
machine # [   17.735677] systemd[1]: Finished Flush Journal to Persistent Storage.
machine # [   17.770402] systemd[1]: Starting Create Volatile Files and Directories...
machine # [   17.800982] systemd[1]: Finished Create Volatile Files and Directories.
machine # [   17.820378] systemd[1]: Starting Rebuild Journal Catalog...
machine # [   17.844632] systemd[1]: Starting Userspace Out-Of-Memory (OOM) Killer...
machine # [   17.863515] systemd[1]: Starting Record System Boot/Shutdown in UTMP...
machine # [   17.882427] systemd[1]: Finished Record System Boot/Shutdown in UTMP.
machine # [   17.895613] systemd[1]: Finished Rebuild Journal Catalog.
machine # [   17.909894] systemd[1]: Starting Update is Completed...
machine # [   17.926497] systemd-udevd[589]: eth1: Config file /etc/systemd/network/40-eth1.link is applied to device based on potentially unpredictable interface name.
machine # [   17.963411] systemd-udevd[589]: Network interface NamePolicy= disabled on kernel command line.
machine # [   17.995635] 2bglhbin4374m042pynjcml123p6xajb-mount-pstore.sh[552]: Persistent Storage backend was not registered in time.
machine # connecting to host...
machine # [   18.099506] systemd-udevd[590]: Network interface NamePolicy= disabled on kernel command line.
machine # [   18.150759] dhcpcd[706]: dhcpcd-9.4.1 starting[   18.827178] 8021q: 802.1Q VLAN Support v1.8
machine: connected to guest root shell
machine: (connecting took 20.12 seconds)
machine # 
(finished: waiting for the VM to finish booting, in 20.14 seconds)
machine # [   18.194717] systemd[1]: Finished Update is Completed.
machine # [   18.230720] dhcpcd[715]: dev: loaded udev
machine # [   18.271267] systemd-oomd[645]: Swap is currently not detected; memory pressure usage will be degraded
machine # sh: cannot set terminal process group (-1): Inappropriate ioctl for device
machine # sh: no job control in this shell
machine # [   18.335900] systemd[1]: Started Userspace Out-Of-Memory (OOM) Killer.
machine # [   18.389632] systemd[1]: Found device /dev/ttyS0.
machine # [   18.430333] systemd[1]: Found device /dev/hvc0.
machine # [   18.478712] systemd[1]: Found device Virtio network device.
machine # [   18.504853] systemd[1]: Finished mount-pstore.service.
machine # [   18.543196] systemd[1]: Platform Persistent Storage Archival was skipped because of an unmet condition check (ConditionDirectoryNotEmpty=/sys/fs/pstore).
machine # [   18.593940] systemd[1]: Reached target System Initialization.
machine # [   18.641849] j72arpq1dfn7q59irzji3xwljjdiq8vs-audit-disable[705]: No rules[   19.317780] mousedev: PS/2 mouse device common for all mice
machine # 
machine # [   18.659540] systemd[1]: Started Daily Cleanup of Temporary Directories.
machine # [   18.679258] systemd[1]: Reached target Timer Units.
machine # [   18.695665] systemd[1]: Listening on D-Bus System Message Bus Socket.[   19.371081] cfg80211: Loading compiled-in X.509 certificates for regulatory database
machine # 
machine # [   18.716201] nsncd[709]: Mar 06 02:29:11.637 INFO started, handoff_timeout: 3s, worker_count: 8, path: "/var/run/nscd/socket"
machine # [   18.758203] systemd[1]: Listening on Nix Daemon Socket.
machine # [   18.797743] systemd[1]: Reached target Socket Units.[   19.476039] cfg80211: Loaded X.509 cert 'sforshee: 00b28ddf47aef9cea7'
machine # [   19.480956] platform regulatory.0: Direct firmware load for regulatory.db failed with error -2
machine # 
machine # [   19.493336] cfg80211: failed to load regulatory.db
machine # [   18.847310] dbus-daemon[737]: dbus[737]: Unknown username "systemd-timesync" in message bus configuration file
machine # [   18.891759] systemd[1]: Reached target Basic System.
machine # [   18.929570] systemd[1]: Starting Kernel Auditing...
machine # [   18.952656] systemd[1]: Started backdoor.service.
machine # [   18.979364] nsncd[792]: Mar 06 02:29:12.341 INFO started, handoff_timeout: 3s, worker_count: 8, path: "/var/run/nscd/socket"[   19.656873] 8021q: adding VLAN 0 to HW filter on device eth1
machine # 
machine # [   19.003843] systemd[1]: Starting DHCP Client...[   19.686088] 8021q: adding VLAN 0 to HW filter on device eth0
machine # 
machine # [   19.021589] network-addresses-eth1-start[796]: adding address 192.168.1.1/24... done
machine # [   19.047418] systemd[1]: Starting Name Service Cache Daemon (nsncd)...
machine # [   19.066911] dhcpcd[715]: eth0: waiting for carrier
machine # [   19.082452] systemd[1]: Started Reset console on configuration changes.
machine # [   19.094495] dhcpcd[715]: eth0: carrier acquired[   19.773261] input: Power Button as /devices/LNXSYSTM:00/LNXPWRBN:00/input/input3
machine # 
machine # [   19.110574] systemd[1]: Starting resolvconf update...
machine # [   19.119658] dhcpcd[715]: DUID 00:01:00:01:2b:98:0c:78:52:54:00:12:34:56[   19.802283] ACPI: button: Power Button [PWRF]
machine # 
machine # [   19.135842] systemd[1]: Finished Kernel Auditing.
machine # [   19.144408] dhcpcd[715]: eth0: IAID 00:12:34:56
machine # [   19.153903] systemd[1]: Starting D-Bus System Message Bus...
machine # [   19.166508] dhcpcd[715]: eth0: adding address fe80::5054:ff:fe12:3456
machine # [   19.178705] systemd[1]: Started Name Service Cache Daemon (nsncd).
machine # [   19.192832] systemd[1]: Reached target Host and Network Name Lookups.
machine # [   19.204530] systemd[1]: Reached target User and Group Name Lookups.
machine # [   19.218257] systemd[1]: Starting User Login Management...
machine # [   19.227188] systemd[1]: Finished Firewall.
machine # [   19.236785] systemd[1]: Started D-Bus System Message Bus.
machine # [   19.919969] parport_pc 00:03: reported by Plug and Play ACPI
machine # [   19.251636] systemd-logind[742]: New seat seat0.
machine # [   19.261701] systemd[1]: Started User Login Management.
machine # [   19.943899] Floppy drive(s): fd0 is 2.88M AMI BIOS
machine # [   19.275193] systemd-udevd[663]: event_source: Failed to get device name: No such file or directory[   19.963269] parport0: PC-style at 0x378, irq 7 [PCSPP(,...)]
machine # 
machine # [   19.297475] systemd[1]: Stopped target Host and Network Name Lookups.
machine # [   19.313736] systemd[1]: Stopping Host and Network Name Lookups...
machine # [   20.005012] FDC 0 is a S82078B
machine # [   19.335377] systemd[1]: Stopped target User and Group Name Lookups.
machine # [   19.350522] systemd[1]: Stopping User and Group Name Lookups...
machine # [   19.366244] systemd[1]: Stopping Name Service Cache Daemon (nsncd)...
machine # [   19.380462] systemd[1]: nscd.service: Deactivated successfully.
machine # [   19.396471] systemd[1]: Stopped Name Service Cache Daemon (nsncd).
machine # [   19.409915] systemd[1]: Starting Name Service Cache Daemon (nsncd)...
machine # [   19.419241] systemd[1]: Finished resolvconf update.
machine # [   19.426271] systemd[1]: Reached target Preparation for Network.
machine # [   19.434240] systemd[1]: Reached target All Network Interfaces (deprecated).
machine # [   19.442188] systemd[1]: Starting Address configuration of eth1...
machine # [   19.451259] systemd[1]: Started Name Service Cache Daemon (nsncd).
machine # [   19.459408] systemd[1]: Reached target Host and Network Name Lookups.
machine # [   19.467203] systemd[1]: Reached target User and Group Name Lookups.[   20.143208] Linux agpgart interface v0.103
machine # 
machine # [   19.475895] systemd[1]: Finished Address configuration of eth1.
machine # [   19.483199] systemd[1]: Starting Networking Setup...
machine # [   19.489982] systemd[1]: Finished Networking Setup.
machine # [   19.497604] systemd[1]: Starting Extra networking commands....
machine # [   19.505191] systemd[1]: Finished Extra networking commands..
machine # [   19.516391] systemd[1]: Reached target Network.
machine # [   19.522721] systemd[1]: Starting Permit User Sessions...
machine # [   19.529962] systemd[1]: Finished Permit User Sessions.
machine # [   19.536858] systemd[1]: Started Getty on tty1.
machine # [   19.542860] systemd[1]: Reached target Login Prompts.
machine # [   20.285418] piix4_smbus 0000:00:01.3: SMBus Host Controller at 0x700, revision 0
machine # [   20.344400] input: QEMU Virtio Keyboard as /devices/pci0000:00/0000:00:0a.0/virtio7/input/input4
machine # [   20.365359] input: VirtualPS/2 VMware VMMouse as /devices/platform/i8042/serio1/input/input6
machine # [   20.373762] input: VirtualPS/2 VMware VMMouse as /devices/platform/i8042/serio1/input/input5
machine # [   20.421329] bochs-drm 0000:00:02.0: vgaarb: deactivate vga console
machine # [   20.435882] RAPL PMU: API unit is 2^-32 Joules, 0 fixed counters, 10737418240 ms ovfl timer
machine # [   20.472691] cryptd: max_cpu_qlen set to 1000
machine # [   20.499246] AVX2 version of gcm_enc/dec engaged.
machine # [   20.499265] AES CTR mode by8 optimization enabled
machine # [   20.509932] Console: switching to colour dummy device 80x25
machine # [   19.811736] dhcpcd[715]: eth0: soliciting an IPv6 router
machine # [   20.550246] [drm] Found bochs VGA, ID 0xb0c5.
machine # [   20.552278] [drm] Framebuffer size 16384 kB @ 0xfd000000, mmio @ 0xfebd0000.
machine # [   19.900265] systemd[1]: Listening on Load/Save RF Kill Switch Status /dev/rfkill Watch.
machine # [   20.612182] [drm] Found EDID data blob.
machine # [   20.644235] [drm] Initialized bochs-drm 1.0.0 20130925 for 0000:00:02.0 on minor 0
machine # [   20.034469] systemd-logind[742]: Watching system buttons on /dev/input/event0 (AT Translated Set 2 keyboard)
machine # [   20.728416] fbcon: bochs-drmdrmfb (fb0) is primary device
machine # [   20.855821] Console: switching to colour frame buffer device 160x50
machine # [   20.876806] ppdev: user-space parallel port driver
machine # [   20.899783] bochs-drm 0000:00:02.0: [drm] fb0: bochs-drmdrmfb frame buffer device
machine # [   20.111490] systemd-logind[742]: Watching system buttons on /dev/input/event2 (Power Button)
machine # [   20.302471] systemd-logind[742]: Watching system buttons on /dev/input/event4 (QEMU Virtio Keyboard)
machine # [   20.558643] dhcpcd[715]: eth0: soliciting a DHCP lease
machine # [   20.565310] dhcpcd[715]: eth0: offered 10.0.2.15 from 10.0.2.2
machine # [   20.576878] dhcpcd[715]: eth0: leased 10.0.2.15 for 86400 seconds
machine # [   20.591300] dhcpcd[715]: eth0: adding route to 10.0.2.0/24
machine # [   20.601559] dhcpcd[715]: eth0: adding default route via 10.0.2.2
machine # [   21.389030] Key type encrypted registered
machine # [   20.759947] systemd[1]: Stopped target Host and Network Name Lookups.
machine # [   20.771974] systemd[1]: Stopping Host and Network Name Lookups...
machine # [   20.788844] systemd[1]: Stopped target User and Group Name Lookups.
machine # [   20.813522] systemd[1]: Stopping User and Group Name Lookups...
machine # [   20.830456] systemd[1]: Stopping Name Service Cache Daemon (nsncd)...
machine # [   20.857585] systemd[1]: nscd.service: Deactivated successfully.
machine # [   20.870543] nsncd[968]: Mar 06 02:29:14.293 INFO started, handoff_timeout: 3s, worker_count: 8, path: "/var/run/nscd/socket"
machine # [   20.888212] systemd[1]: Stopped Name Service Cache Daemon (nsncd).
machine # [   20.907683] systemd[1]: Starting Name Service Cache Daemon (nsncd)...
machine # [   20.939571] dhcpcd[706]: Failed to reload-or-try-restart ntpd.service: Unit ntpd.service not found.[   21.615749] EDAC MC: Ver: 3.0.0
machine # 
machine # [   20.954446] dhcpcd[706]: Failed to reload-or-try-restart openntpd.service: Unit openntpd.service not found.
machine # [   20.963801] dhcpcd[706]: Failed to reload-or-try-restart chronyd.service: Unit chronyd.service not found.
machine # [   20.973860] systemd[1]: Started Name Service Cache Daemon (nsncd).
machine # [   20.981747] dhcpcd[715]: eth0: Router Advertisement from fe80::2
machine # [   20.989749] systemd[1]: Reached target Host and Network Name Lookups.
machine # [   20.997962] dhcpcd[715]: eth0: adding address fec0::5054:ff:fe12:3456/64
machine # [   21.006941] systemd[1]: Reached target User and Group Name Lookups.
machine # [   21.015586] dhcpcd[715]: eth0: adding route to fec0::/64
machine # [   21.020765] systemd[1]: Started DHCP Client.
machine # [   21.029254] dhcpcd[715]: eth0: adding default route via fe80::2
machine # [   21.032899] systemd[1]: Reached target Network is Online.
machine # [   21.040895] systemd[1]: Reached target Multi-User System.
machine # [   21.046748] systemd[1]: Startup finished in 14.199s (kernel) + 6.726s (userspace) = 20.926s.
(finished: waiting for unit multi-user.target, in 23.19 seconds)
machine: must succeed: ip addr show >&2
machine # [   21.259252] systemd-udevd[865]: vtcon0: Process '/nix/store/d1h33vvfagj7bhg0b8dw3p5nifghb01q-systemd-252.5/lib/systemd/systemd-vconsole-setup' failed with exit code 1.
machine # 1: lo: <LOOPBACK,UP,LOWER_UP> mtu 65536 qdisc noqueue state UNKNOWN group default qlen 1000
machine #     link/loopback 00:00:00:00:00:00 brd 00:00:00:00:00:00
machine #     inet 127.0.0.1/8 scope host lo
machine #        valid_lft forever preferred_lft forever
machine #     inet6 ::1/128 scope host
machine #        valid_lft forever preferred_lft forever
machine # 2: eth0: <BROADCAST,MULTICAST,UP,LOWER_UP> mtu 1500 qdisc pfifo_fast state UP group default qlen 1000
machine # [   21.305380] systemd-udevd[862]: vtcon1: Process '/nix/store/d1h33vvfagj7bhg0b8dw3p5nifghb01q-systemd-252.5/lib/systemd/systemd-vconsole-setup' failed with exit code 1.
machine #     link/ether 52:54:00:12:34:56 brd ff:ff:ff:ff:ff:ff
machine #     altname enp0s3
machine #     altname ens3
machine #     inet 10.0.2.15/24 brd 10.0.2.255 scope global dynamic noprefixroute eth0
machine #        valid_lft 86400sec preferred_lft 75600sec
machine #     inet6 fec0::98c3:9146:7af0:9c78/64 scope site temporary tentative dynamic
machine #        valid_lft 86400sec preferred_lft 14400sec
machine #     inet6 fec0::5054:ff:fe12:3456/64 scope site tentative dynamic mngtmpaddr noprefixroute
machine #        valid_lft 86400sec preferred_lft 14400sec
machine #     inet6 fe80::5054:ff:fe12:3456/64 scope link
machine #        valid_lft forever preferred_lft forever
machine # 3: eth1: <BROADCAST,MULTICAST,UP,LOWER_UP> mtu 1500 qdisc pfifo_fast state UP group default qlen 1000
machine #     link/ether 52:54:00:12:01:01 brd ff:ff:ff:ff:ff:ff
machine #     inet 192.168.1.1/24 scope global eth1
machine #        valid_lft forever preferred_lft forever
machine #     inet6 fe80::5054:ff:fe12:101/64 scope link
machine #        valid_lft forever preferred_lft forever
(finished: must succeed: ip addr show >&2, in 0.14 seconds)
machine: must succeed: ip route show >&2
machine # default via 10.0.2.2 dev eth0 proto dhcp src 10.0.2.15 metric 1002
machine # 10.0.2.0/24 dev eth0 proto dhcp scope link src 10.0.2.15 metric 1002
machine # 192.168.1.0/24 dev eth1 proto kernel scope link src 192.168.1.1
(finished: must succeed: ip route show >&2, in 0.05 seconds)
(finished: run the VM test script, in 23.43 seconds)
test script finished in 23.52s
cleanup
kill machine (pid 8)
machine # qemu-kvm: terminating on signal 15 from pid 6 (/nix/store/iw1vmh509hcbby8dbpsaanbri4zsq7dj-python3-3.10.10/bin/python3.10)
(finished: cleanup, in 0.03 seconds)
kill vlan (pid 7)
/nix/store/adi9rgjxc0c8blyw64kqhjiphw5bw0vc-vm-test-run-initrd-network
