building '/nix/store/vrp7yp7dps017psmf8542q8rn0cr2hlx-nixos-test-driver-installer-bcache.drv'...
     1  # This file contains type hints that can be prepended to Nix test scripts so they can be type
     2  # checked.
     3  
     4  from test_driver.driver import Driver
     5  from test_driver.vlan import VLan
     6  from test_driver.machine import Machine
     7  from test_driver.logger import Logger
     8  from typing import Callable, Iterator, ContextManager, Optional, List, Dict, Any, Union
     9  from typing_extensions import Protocol
    10  from pathlib import Path
    11  
    12  
    13  class RetryProtocol(Protocol):
    14      def __call__(self, fn: Callable, timeout: int = 900) -> None:
    15          raise Exception("This is just type information for the Nix test driver")
    16  
    17  
    18  class PollingConditionProtocol(Protocol):
    19      def __call__(
    20          self,
    21          fun_: Optional[Callable] = None,
    22          *,
    23          seconds_interval: float = 2.0,
    24          description: Optional[str] = None,
    25      ) -> Union[Callable[[Callable], ContextManager], ContextManager]:
    26          raise Exception("This is just type information for the Nix test driver")
    27  
    28  
    29  start_all: Callable[[], None]
    30  subtest: Callable[[str], ContextManager[None]]
    31  retry: RetryProtocol
    32  test_script: Callable[[], None]
    33  machines: List[Machine]
    34  vlans: List[VLan]
    35  driver: Driver
    36  log: Logger
    37  create_machine: Callable[[Dict[str, Any]], Machine]
    38  run_tests: Callable[[], None]
    39  join_all: Callable[[], None]
    40  serial_stdout_off: Callable[[], None]
    41  serial_stdout_on: Callable[[], None]
    42  polling_condition: PollingConditionProtocol
    43  machine: Machine;
    44  
    45  def assemble_qemu_flags():
    46      flags = "-cpu max"
    47      flags += " -m 1024"
    48      return flags
    49  
    50  
    51  qemu_flags = {"qemuFlags": assemble_qemu_flags()}
    52  
    53  hd_flags = {
    54      "hdaInterface": "virtio",
    55      "hda": "vm-state-machine/machine.qcow2",
    56  }
    57  
    58  default_flags = {**hd_flags, **qemu_flags}
    59  
    60  
    61  def create_machine_named(name):
    62      return create_machine({**default_flags, "name": name})
    63  
    64  
    65  machine.start()
    66  
    67  with subtest("Assert readiness of login prompt"):
    68      machine.succeed("echo hello")
    69  
    70  with subtest("Wait for hard disks to appear in /dev"):
    71      machine.succeed("udevadm settle")
    72  
    73  machine.succeed(
    74      "flock /dev/vda parted --script /dev/vda --"
    75      + " mklabel msdos"
    76      + " mkpart primary ext2 1M 100MB"  # /boot
    77      + " mkpart primary 100MB 512MB  "  # swap
    78      + " mkpart primary 512MB 1024MB"  # Cache (typically SSD)
    79      + " mkpart primary 1024MB -1s ",  # Backing device (typically HDD)
    80      "modprobe bcache",
    81      "udevadm settle",
    82      "make-bcache -B /dev/vda4 -C /dev/vda3",
    83      "udevadm settle",
    84      "mkfs.ext3 -L nixos /dev/bcache0",
    85      "mount LABEL=nixos /mnt",
    86      "mkfs.ext3 -L boot /dev/vda1",
    87      "mkdir /mnt/boot",
    88      "mount LABEL=boot /mnt/boot",
    89      "mkswap -f /dev/vda2 -L swap",
    90      "swapon -L swap",
    91  )
    92  
    93  
    94  with subtest("Create the NixOS configuration"):
    95      machine.succeed("nixos-generate-config --root /mnt")
    96      machine.succeed("cat /mnt/etc/nixos/hardware-configuration.nix >&2")
    97      machine.copy_from_host(
    98          "/nix/store/p0wcah8mscf24p5rjbxn1dw1hp56fidk-configuration.nix",
    99          "/mnt/etc/nixos/configuration.nix",
   100      )
   101      machine.copy_from_host("/nix/store/kfx27q2scxy6aqrg0z7jsqz13bv22x27-secret", "/mnt/etc/nixos/secret")
   102  
   103  with subtest("Perform the installation"):
   104      machine.succeed("nixos-install < /dev/null >&2")
   105  
   106  with subtest("Do it again to make sure it's idempotent"):
   107      machine.succeed("nixos-install < /dev/null >&2")
   108  
   109  with subtest("Check that we can build things in nixos-enter"):
   110      machine.succeed(
   111          """
   112          nixos-enter -- nix-build --option substitute false -E 'derivation {
   113              name = "t";
   114              builder = "/bin/sh";
   115              args = ["-c" "echo nixos-enter build > $out"];
   116              system = builtins.currentSystem;
   117              preferLocalBuild = true;
   118          }'
   119          """
   120      )
   121  
   122  with subtest("Shutdown system after installation"):
   123      machine.succeed("umount -R /mnt")
   124      machine.succeed("sync")
   125      machine.shutdown()
   126  
   127  # Now see if we can boot the installation.
   128  machine = create_machine_named("boot-after-install")
   129  
   130  # For example to enter LUKS passphrase.
   131  
   132  
   133  with subtest("Assert that /boot get mounted"):
   134      machine.wait_for_unit("local-fs.target")
   135      machine.succeed("test -e /boot/grub")
   136  
   137  with subtest("Check whether /root has correct permissions"):
   138      assert "700" in machine.succeed("stat -c '%a' /root")
   139  
   140  with subtest("Assert swap device got activated"):
   141      # uncomment once https://bugs.freedesktop.org/show_bug.cgi?id=86930 is resolved
   142      machine.wait_for_unit("swap.target")
   143      machine.succeed("cat /proc/swaps | grep -q /dev")
   144  
   145  with subtest("Check that the store is in good shape"):
   146      machine.succeed("nix-store --verify --check-contents >&2")
   147  
   148  with subtest("Check whether the channel works"):
   149      machine.succeed("nix-env -iA nixos.procps >&2")
   150      assert ".nix-profile" in machine.succeed("type -tP ps | tee /dev/stderr")
   151  
   152  with subtest(
   153      "Check that the daemon works, and that non-root users can run builds "
   154      "(this will build a new profile generation through the daemon)"
   155  ):
   156      machine.succeed("su alice -l -c 'nix-env -iA nixos.procps' >&2")
   157  
   158  with subtest("Configure system with writable Nix store on next boot"):
   159      # we're not using copy_from_host here because the installer image
   160      # doesn't know about the host-guest sharing mechanism.
   161      machine.copy_from_host_via_shell(
   162          "/nix/store/32i5r5ijwl110ap2600qvb9vpqmv8air-configuration.nix",
   163          "/etc/nixos/configuration.nix",
   164      )
   165  
   166  with subtest("Check whether nixos-rebuild works"):
   167      machine.succeed("nixos-rebuild switch >&2")
   168  
   169  # FIXME: Nix 2.4 broke nixos-option, someone has to fix it.
   170  # with subtest("Test nixos-option"):
   171  #     kernel_modules = machine.succeed("nixos-option boot.initrd.kernelModules")
   172  #     assert "virtio_console" in kernel_modules
   173  #     assert "List of modules" in kernel_modules
   174  #     assert "qemu-guest.nix" in kernel_modules
   175  
   176  machine.shutdown()
   177  
   178  # Check whether a writable store build works
   179  machine = create_machine_named("rebuild-switch")
   180  
   181  machine.wait_for_unit("multi-user.target")
   182  
   183  # we're not using copy_from_host here because the installer image
   184  # doesn't know about the host-guest sharing mechanism.
   185  machine.copy_from_host_via_shell(
   186      "/nix/store/4wzp7qxzglhnmw5ncnja64ak5b452jpi-configuration.nix",
   187      "/etc/nixos/configuration.nix",
   188  )
   189  machine.succeed("nixos-rebuild boot >&2")
   190  machine.shutdown()
   191  
   192  # And just to be sure, check that the machine still boots after
   193  # "nixos-rebuild switch".
   194  machine = create_machine_named("boot-after-rebuild-switch")
   195  
   196  machine.wait_for_unit("network.target")
   197  
   198  machine.shutdown()
   199  
   200  # Tests for validating clone configuration entries in grub menu
Success: no issues found in 1 source file
start all VLans
(finished: start all VLans, in 0.00 seconds)
additionally exposed symbols:
    ,
    ,
    start_all, test_script, machines, vlans, driver, log, os, create_machine, subtest, run_tests, join_all, retry, serial_stdout_off, serial_stdout_on, polling_condition, Machine
building '/nix/store/2cc8x09vhg4r5nls0dslshlh6ghw6mi0-vm-test-run-installer-bcache.drv'...
Machine state will be reset. To keep it, pass --keep-vm-state
start all VLans
(finished: start all VLans, in 0.00 seconds)
run the VM test script
additionally exposed symbols:
    machine,
    ,
    start_all, test_script, machines, vlans, driver, log, os, create_machine, subtest, run_tests, join_all, retry, serial_stdout_off, serial_stdout_on, polling_condition, Machine
machine: starting vm
machine # Formatting '/build/vm-state-machine/machine.qcow2', fmt=qcow2 cluster_size=65536 extended_l2=off compression_type=zlib size=17179869184 lazy_refcounts=off refcount_bits=16
machine # Formatting 'empty0.qcow2', fmt=qcow2 cluster_size=65536 extended_l2=off compression_type=zlib size=1073741824 lazy_refcounts=off refcount_bits=16
machine: QEMU running (pid 7)
subtest: Assert readiness of login prompt
machine: must succeed: echo hello
machine: waiting for the VM to finish booting
machine # cSeaBIOS (version rel-1.16.1-0-g3208b098f51a-prebuilt.qemu.org)
machine # 
machine # 
machine # iPXE (http://ipxe.org) 00:03.0 CA00 PCI2.10 PnP PMM+5EFD0C20+5EF30C20 CA00
machine # Press Ctrl-B to configure iPXE (PCI 00:03.0)...
machine # 
machine # 
machine # Booting from ROM...
machine # Probing EDD (edd=off to disable)... ok
machine # c[    0.000000] Linux version 6.1.15 (nixbld@localhost) (gcc (GCC) 12.2.0, GNU ld (GNU Binutils) 2.40) #1-NixOS SMP PREEMPT_DYNAMIC Fri Mar  3 10:52:25 UTC 2023
machine # [    0.000000] Command line: console=ttyS0 panic=1 boot.panic_on_fail clock=acpi_pm nohibernate loglevel=7 net.ifnames=0 init=/nix/store/bqdnkfah42h34a93ncdabjdd851qbs9j-nixos-system-machine-23.05pre-git/init regInfo=/nix/store/dn1bcf3cl3y5zxaim96nqa3pmksd0glp-closure-info/registration console=ttyS0
machine # [    0.000000] x86/fpu: Supporting XSAVE feature 0x001: 'x87 floating point registers'
machine # [    0.000000] x86/fpu: Supporting XSAVE feature 0x002: 'SSE registers'
machine # [    0.000000] x86/fpu: Supporting XSAVE feature 0x004: 'AVX registers'
machine # [    0.000000] x86/fpu: Supporting XSAVE feature 0x008: 'MPX bounds registers'
machine # [    0.000000] x86/fpu: Supporting XSAVE feature 0x010: 'MPX CSR'
machine # [    0.000000] x86/fpu: Supporting XSAVE feature 0x020: 'AVX-512 opmask'
machine # [    0.000000] x86/fpu: Supporting XSAVE feature 0x040: 'AVX-512 Hi256'
machine # [    0.000000] x86/fpu: Supporting XSAVE feature 0x080: 'AVX-512 ZMM_Hi256'
machine # [    0.000000] x86/fpu: xstate_offset[2]:  576, xstate_sizes[2]:  256
machine # [    0.000000] x86/fpu: xstate_offset[3]:  832, xstate_sizes[3]:   64
machine # [    0.000000] x86/fpu: xstate_offset[4]:  896, xstate_sizes[4]:   64
machine # [    0.000000] x86/fpu: xstate_offset[5]:  960, xstate_sizes[5]:   64
machine # [    0.000000] x86/fpu: xstate_offset[6]: 1024, xstate_sizes[6]:  512
machine # [    0.000000] x86/fpu: xstate_offset[7]: 1536, xstate_sizes[7]: 1024
machine # [    0.000000] x86/fpu: Enabled xstate features 0xff, context size is 2560 bytes, using 'compacted' format.
machine # [    0.000000] signal: max sigframe size: 3632
machine # [    0.000000] BIOS-provided physical RAM map:
machine # [    0.000000] BIOS-e820: [mem 0x0000000000000000-0x000000000009fbff] usable
machine # [    0.000000] BIOS-e820: [mem 0x000000000009fc00-0x000000000009ffff] reserved
machine # [    0.000000] BIOS-e820: [mem 0x00000000000f0000-0x00000000000fffff] reserved
machine # [    0.000000] BIOS-e820: [mem 0x0000000000100000-0x000000005ffd7fff] usable
machine # [    0.000000] BIOS-e820: [mem 0x000000005ffd8000-0x000000005fffffff] reserved
machine # [    0.000000] BIOS-e820: [mem 0x00000000feffc000-0x00000000feffffff] reserved
machine # [    0.000000] BIOS-e820: [mem 0x00000000fffc0000-0x00000000ffffffff] reserved
machine # [    0.000000] random: crng init done
machine # [    0.000000] NX (Execute Disable) protection: active
machine # [    0.000000] extended physical RAM map:
machine # [    0.000000] reserve setup_data: [mem 0x0000000000000000-0x000000000009fbff] usable
machine # [    0.000000] reserve setup_data: [mem 0x000000000009fc00-0x000000000009ffff] reserved
machine # [    0.000000] reserve setup_data: [mem 0x00000000000f0000-0x00000000000fffff] reserved
machine # [    0.000000] reserve setup_data: [mem 0x0000000000100000-0x00000000009379bf] usable
machine # [    0.000000] reserve setup_data: [mem 0x00000000009379c0-0x00000000009379cf] usable
machine # [    0.000000] reserve setup_data: [mem 0x00000000009379d0-0x000000005ffd7fff] usable
machine # [    0.000000] reserve setup_data: [mem 0x000000005ffd8000-0x000000005fffffff] reserved
machine # [    0.000000] reserve setup_data: [mem 0x00000000feffc000-0x00000000feffffff] reserved
machine # [    0.000000] reserve setup_data: [mem 0x00000000fffc0000-0x00000000ffffffff] reserved
machine # [    0.000000] SMBIOS 2.8 present.
machine # [    0.000000] DMI: QEMU Standard PC (i440FX + PIIX, 1996), BIOS rel-1.16.1-0-g3208b098f51a-prebuilt.qemu.org 04/01/2014
machine # [    0.000000] Hypervisor detected: KVM
machine # [    0.000000] kvm-clock: Using msrs 4b564d01 and 4b564d00
machine # [    0.000001] kvm-clock: using sched offset of 576250460 cycles
machine # [    0.000003] clocksource: kvm-clock: mask: 0xffffffffffffffff max_cycles: 0x1cd42e4dffb, max_idle_ns: 881590591483 ns
machine # [    0.000010] tsc: Detected 3311.998 MHz processor
machine # [    0.000699] last_pfn = 0x5ffd8 max_arch_pfn = 0x400000000
machine # [    0.001160] x86/PAT: Configuration [0-7]: WB  WC  UC- UC  WB  WP  UC- WT
machine # [    0.007465] found SMP MP-table at [mem 0x000f5bb0-0x000f5bbf]
machine # [    0.007847] Using GB pages for direct mapping
machine # [    0.008217] RAMDISK: [mem 0x5f33f000-0x5ffcffff]
machine # [    0.008286] ACPI: Early table checksum verification disabled
machine # [    0.008327] ACPI: RSDP 0x00000000000F59D0 000014 (v00 BOCHS )
machine # [    0.008352] ACPI: RSDT 0x000000005FFE1D56 000034 (v01 BOCHS  BXPC     00000001 BXPC 00000001)
machine # [    0.008363] ACPI: FACP 0x000000005FFE1BD2 000074 (v01 BOCHS  BXPC     00000001 BXPC 00000001)
machine # [    0.008367] ACPI: DSDT 0x000000005FFE0040 001B92 (v01 BOCHS  BXPC     00000001 BXPC 00000001)
machine # [    0.008370] ACPI: FACS 0x000000005FFE0000 000040
machine # [    0.008373] ACPI: APIC 0x000000005FFE1C46 0000B0 (v01 BOCHS  BXPC     00000001 BXPC 00000001)
machine # [    0.008376] ACPI: HPET 0x000000005FFE1CF6 000038 (v01 BOCHS  BXPC     00000001 BXPC 00000001)
machine # [    0.008378] ACPI: WAET 0x000000005FFE1D2E 000028 (v01 BOCHS  BXPC     00000001 BXPC 00000001)
machine # [    0.008381] ACPI: Reserving FACP table memory at [mem 0x5ffe1bd2-0x5ffe1c45]
machine # [    0.008382] ACPI: Reserving DSDT table memory at [mem 0x5ffe0040-0x5ffe1bd1]
machine # [    0.008382] ACPI: Reserving FACS table memory at [mem 0x5ffe0000-0x5ffe003f]
machine # [    0.008383] ACPI: Reserving APIC table memory at [mem 0x5ffe1c46-0x5ffe1cf5]
machine # [    0.008383] ACPI: Reserving HPET table memory at [mem 0x5ffe1cf6-0x5ffe1d2d]
machine # [    0.008384] ACPI: Reserving WAET table memory at [mem 0x5ffe1d2e-0x5ffe1d55]
machine # [    0.010337] No NUMA configuration found
machine # [    0.010338] Faking a node at [mem 0x0000000000000000-0x000000005ffd7fff]
machine # [    0.010342] NODE_DATA(0) allocated [mem 0x5ffd2000-0x5ffd7fff]
machine # [    0.010377] Zone ranges:
machine # [    0.010377]   DMA      [mem 0x0000000000001000-0x0000000000ffffff]
machine # [    0.010379]   DMA32    [mem 0x0000000001000000-0x000000005ffd7fff]
machine # [    0.010380]   Normal   empty
machine # [    0.010380]   Device   empty
machine # [    0.010381] Movable zone start for each node
machine # [    0.010381] Early memory node ranges
machine # [    0.010382]   node   0: [mem 0x0000000000001000-0x000000000009efff]
machine # [    0.010384]   node   0: [mem 0x0000000000100000-0x000000005ffd7fff]
machine # [    0.010387] Initmem setup node 0 [mem 0x0000000000001000-0x000000005ffd7fff]
machine # [    0.010563] On node 0, zone DMA: 1 pages in unavailable ranges
machine # [    0.010577] On node 0, zone DMA: 97 pages in unavailable ranges
machine # [    0.013372] On node 0, zone DMA32: 40 pages in unavailable ranges
machine # [    0.017627] ACPI: PM-Timer IO Port: 0x608
machine # [    0.017664] ACPI: LAPIC_NMI (acpi_id[0xff] dfl dfl lint[0x1])
machine # [    0.017850] IOAPIC[0]: apic_id 0, version 17, address 0xfec00000, GSI 0-23
machine # [    0.017852] ACPI: INT_SRC_OVR (bus 0 bus_irq 0 global_irq 2 dfl dfl)
machine # [    0.017854] ACPI: INT_SRC_OVR (bus 0 bus_irq 5 global_irq 5 high level)
machine # [    0.017855] ACPI: INT_SRC_OVR (bus 0 bus_irq 9 global_irq 9 high level)
machine # [    0.017858] ACPI: INT_SRC_OVR (bus 0 bus_irq 10 global_irq 10 high level)
machine # [    0.017859] ACPI: INT_SRC_OVR (bus 0 bus_irq 11 global_irq 11 high level)
machine # [    0.017862] ACPI: Using ACPI (MADT) for SMP configuration information
machine # [    0.017863] ACPI: HPET id: 0x8086a201 base: 0xfed00000
machine # [    0.017869] TSC deadline timer available
machine # [    0.017870] smpboot: Allowing 8 CPUs, 0 hotplug CPUs
machine # [    0.017986] kvm-guest: KVM setup pv remote TLB flush
machine # [    0.018020] kvm-guest: setup PV sched yield
machine # [    0.018041] PM: hibernation: Registered nosave memory: [mem 0x00000000-0x00000fff]
machine # [    0.018042] PM: hibernation: Registered nosave memory: [mem 0x0009f000-0x0009ffff]
machine # [    0.018043] PM: hibernation: Registered nosave memory: [mem 0x000a0000-0x000effff]
machine # [    0.018043] PM: hibernation: Registered nosave memory: [mem 0x000f0000-0x000fffff]
machine # [    0.018044] PM: hibernation: Registered nosave memory: [mem 0x00937000-0x00937fff]
machine # [    0.018045] PM: hibernation: Registered nosave memory: [mem 0x00937000-0x00937fff]
machine # [    0.018046] [mem 0x60000000-0xfeffbfff] available for PCI devices
machine # [    0.018047] Booting paravirtualized kernel on KVM
machine # [    0.018060] clocksource: refined-jiffies: mask: 0xffffffff max_cycles: 0xffffffff, max_idle_ns: 1910969940391419 ns
machine # [    0.020790] setup_percpu: NR_CPUS:384 nr_cpumask_bits:8 nr_cpu_ids:8 nr_node_ids:1
machine # [    0.021299] percpu: Embedded 61 pages/cpu s212992 r8192 d28672 u262144
machine # [    0.021439] kvm-guest: PV spinlocks enabled
machine # [    0.021440] PV qspinlock hash table entries: 256 (order: 0, 4096 bytes, linear)
machine # [    0.021449] Fallback order for Node 0: 0
machine # [    0.021453] Built 1 zonelists, mobility grouping on.  Total pages: 386775
machine # [    0.021456] Policy zone: DMA32
machine # [    0.021457] Kernel command line: console=ttyS0 panic=1 boot.panic_on_fail clock=acpi_pm nohibernate loglevel=7 net.ifnames=0 init=/nix/store/bqdnkfah42h34a93ncdabjdd851qbs9j-nixos-system-machine-23.05pre-git/init regInfo=/nix/store/dn1bcf3cl3y5zxaim96nqa3pmksd0glp-closure-info/registration console=ttyS0
machine # [    0.021501] clocksource: clock= boot option is deprecated - use clocksource=xyz
machine # [    0.021534] Unknown kernel command line parameters "regInfo=/nix/store/dn1bcf3cl3y5zxaim96nqa3pmksd0glp-closure-info/registration", will be passed to user space.
machine # [    0.021759] Dentry cache hash table entries: 262144 (order: 9, 2097152 bytes, linear)
machine # [    0.021803] Inode-cache hash table entries: 131072 (order: 8, 1048576 bytes, linear)
machine # [    0.022029] mem auto-init: stack:all(zero), heap alloc:off, heap free:off
machine # [    0.024278] Memory: 1493988K/1572312K available (12294K kernel code, 2307K rwdata, 7532K rodata, 1876K init, 4344K bss, 78064K reserved, 0K cma-reserved)
machine # [    0.024370] SLUB: HWalign=64, Order=0-3, MinObjects=0, CPUs=8, Nodes=1
machine # [    0.024380] Kernel/User page tables isolation: enabled
machine # [    0.024400] ftrace: allocating 37041 entries in 145 pages
machine # [    0.032941] ftrace: allocated 145 pages with 3 groups
machine # [    0.033536] Dynamic Preempt: voluntary
machine # [    0.033708] rcu: Preemptible hierarchical RCU implementation.
machine # [    0.033709] rcu:   RCU event tracing is enabled.
machine # [    0.033709] rcu:   RCU restricting CPUs from NR_CPUS=384 to nr_cpu_ids=8.
machine # [    0.033710]        Trampoline variant of Tasks RCU enabled.
machine # [    0.033711]        Rude variant of Tasks RCU enabled.
machine # [    0.033711]        Tracing variant of Tasks RCU enabled.
machine # [    0.033712] rcu: RCU calculated value of scheduler-enlistment delay is 100 jiffies.
machine # [    0.033712] rcu: Adjusting geometry for rcu_fanout_leaf=16, nr_cpu_ids=8
machine # [    0.036496] NR_IRQS: 24832, nr_irqs: 488, preallocated irqs: 16
machine # [    0.036799] rcu: srcu_init: Setting srcu_struct sizes based on contention.
machine # [    0.069342] Console: colour VGA+ 80x25
machine # [    0.682848] printk: console [ttyS0] enabled
machine # [    0.685853] ACPI: Core revision 20220331
machine # [    0.689246] clocksource: hpet: mask: 0xffffffff max_cycles: 0xffffffff, max_idle_ns: 19112604467 ns
machine # [    0.695806] APIC: Switch to symmetric I/O mode setup
machine # [    0.701350] x2apic enabled
machine # [    0.705376] Switched APIC routing to physical x2apic.
machine # [    0.708928] kvm-guest: setup PV IPIs
machine # [    0.719082] ..TIMER: vector=0x30 apic1=0 pin1=2 apic2=-1 pin2=-1
machine # [    0.723368] clocksource: tsc-early: mask: 0xffffffffffffffff max_cycles: 0x2fbd924e8de, max_idle_ns: 440795321919 ns
machine # [    0.730496] Calibrating delay loop (skipped) preset value.. 6623.99 BogoMIPS (lpj=3311998)
machine # [    0.731495] pid_max: default: 32768 minimum: 301
machine # [    0.732521] LSM: Security Framework initializing
machine # [    0.733503] landlock: Up and running.
machine # [    0.734495] Yama: becoming mindful.
machine # [    0.735500] SELinux:  Initializing.
machine # [    0.736507] LSM support for eBPF active
machine # [    0.737668] Mount-cache hash table entries: 4096 (order: 3, 32768 bytes, linear)
machine # [    0.738497] Mountpoint-cache hash table entries: 4096 (order: 3, 32768 bytes, linear)
machine # [    0.741571] x86/cpu: User Mode Instruction Prevention (UMIP) activated
machine # [    0.743326] Last level iTLB entries: 4KB 0, 2MB 0, 4MB 0
machine # [    0.743495] Last level dTLB entries: 4KB 0, 2MB 0, 4MB 0, 1GB 0
machine # [    0.744537] Spectre V1 : Mitigation: usercopy/swapgs barriers and __user pointer sanitization
machine # [    0.745511] Spectre V2 : Mitigation: IBRS
machine # [    0.746495] Spectre V2 : Spectre v2 / SpectreRSB mitigation: Filling RSB on context switch
machine # [    0.747495] Spectre V2 : Spectre v2 / SpectreRSB : Filling RSB on VMEXIT
machine # [    0.748495] RETBleed: Mitigation: IBRS
machine # [    0.749498] Spectre V2 : mitigation: Enabling conditional Indirect Branch Prediction Barrier
machine # [    0.750495] Speculative Store Bypass: Mitigation: Speculative Store Bypass disabled via prctl
machine # [    0.751532] MDS: Mitigation: Clear CPU buffers
machine # [    0.752495] TAA: Mitigation: Clear CPU buffers
machine # [    0.753495] MMIO Stale Data: Vulnerable: Clear CPU buffers attempted, no microcode
machine # [    0.771310] Freeing SMP alternatives memory: 32K
machine # [    0.771911] smpboot: CPU0: Intel(R) Core(TM) i9-9940X CPU @ 3.30GHz (family: 0x6, model: 0x55, stepping: 0x4)
machine # [    0.772622] cblist_init_generic: Setting adjustable number of callback queues.
machine # [    0.773508] cblist_init_generic: Setting shift to 3 and lim to 1.
machine # [    0.774523] cblist_init_generic: Setting shift to 3 and lim to 1.
machine # [    0.775540] cblist_init_generic: Setting shift to 3 and lim to 1.
machine # [    0.776519] Performance Events: Skylake events, full-width counters, Intel PMU driver.
machine # [    0.777521] ... version:                2
machine # [    0.778507] ... bit width:              48
machine # [    0.779507] ... generic registers:      4
machine # [    0.780507] ... value mask:             0000ffffffffffff
machine # [    0.781507] ... max period:             00007fffffffffff
machine # [    0.782507] ... fixed-purpose events:   3
machine # [    0.783507] ... event mask:             000000070000000f
machine # [    0.784821] rcu: Hierarchical SRCU implementation.
machine # [    0.785508] rcu:   Max phase no-delay instances is 400.
machine # [    0.786868] smp: Bringing up secondary CPUs ...
machine # [    0.787737] x86: Booting SMP configuration:
machine # [    0.788509] .... node  #0, CPUs:      #1 #2 #3 #4 #5 #6 #7
machine # [    0.813610] smp: Brought up 1 node, 8 CPUs
machine # [    0.815508] smpboot: Max logical packages: 1
machine # [    0.816507] smpboot: Total of 8 processors activated (52991.96 BogoMIPS)
machine # [    0.818853] devtmpfs: initialized
machine # [    0.819550] x86/mm: Memory block size: 128MB
machine # [    0.820777] clocksource: jiffies: mask: 0xffffffff max_cycles: 0xffffffff, max_idle_ns: 1911260446275000 ns
machine # [    0.821515] futex hash table entries: 2048 (order: 5, 131072 bytes, linear)
machine # [    0.822585] pinctrl core: initialized pinctrl subsystem
machine # [    0.824371] NET: Registered PF_NETLINK/PF_ROUTE protocol family
machine # [    0.824596] DMA: preallocated 256 KiB GFP_KERNEL pool for atomic allocations
machine # [    0.825516] DMA: preallocated 256 KiB GFP_KERNEL|GFP_DMA pool for atomic allocations
machine # [    0.826510] DMA: preallocated 256 KiB GFP_KERNEL|GFP_DMA32 pool for atomic allocations
machine # [    0.827514] audit: initializing netlink subsys (disabled)
machine # [    0.828533] audit: type=2000 audit(1678241608.404:1): state=initialized audit_enabled=0 res=1
machine # [    0.828589] thermal_sys: Registered thermal governor 'bang_bang'
machine # [    0.829525] thermal_sys: Registered thermal governor 'step_wise'
machine # [    0.830508] thermal_sys: Registered thermal governor 'user_space'
machine # [    0.831536] cpuidle: using governor menu
machine # [    0.838766] acpiphp: ACPI Hot Plug PCI Controller Driver version: 0.5
machine # [    0.844142] PCI: Using configuration type 1 for base access
machine # [    0.848546] kprobes: kprobe jump-optimization is enabled. All kprobes are optimized if possible.
machine # [    0.855726] HugeTLB: registered 1.00 GiB page size, pre-allocated 0 pages
machine # [    0.860509] HugeTLB: 16380 KiB vmemmap can be freed for a 1.00 GiB page
machine # [    0.864508] HugeTLB: registered 2.00 MiB page size, pre-allocated 0 pages
machine # [    0.869507] HugeTLB: 28 KiB vmemmap can be freed for a 2.00 MiB page
machine # [    0.874571] ACPI: Added _OSI(Module Device)
machine # [    0.877508] ACPI: Added _OSI(Processor Device)
machine # [    0.880508] ACPI: Added _OSI(3.0 _SCP Extensions)
machine # [    0.883509] ACPI: Added _OSI(Processor Aggregator Device)
machine # [    0.888109] ACPI: 1 ACPI AML tables successfully acquired and loaded
machine # [    0.894650] ACPI: Interpreter enabled
machine # [    0.897521] ACPI: PM: (supports S0 S3 S4 S5)
machine # [    0.900508] ACPI: Using IOAPIC for interrupt routing
machine # [    0.903518] PCI: Using host bridge windows from ACPI; if necessary, use "pci=nocrs" and report a bug
machine # [    0.910507] PCI: Using E820 reservations for host bridge windows
machine # [    0.914698] ACPI: Enabled 2 GPEs in block 00 to 0F
machine # [    0.921062] ACPI: PCI Root Bridge [PCI0] (domain 0000 [bus 00-ff])
machine # [    0.925512] acpi PNP0A03:00: _OSC: OS supports [ASPM ClockPM Segments MSI HPX-Type3]
machine # [    0.930508] acpi PNP0A03:00: _OSC: not requesting OS control; OS requires [ExtendedConfig ASPM ClockPM MSI]
machine # [    0.937515] acpi PNP0A03:00: fail to add MMCONFIG information, can't access extended PCI configuration space under this bridge.
machine # [    0.944823] acpiphp: Slot [3] registered
machine # [    0.947574] acpiphp: Slot [4] registered
machine # [    0.950571] acpiphp: Slot [5] registered
machine # [    0.953572] acpiphp: Slot [6] registered
machine # [    0.956572] acpiphp: Slot [7] registered
machine # [    0.959573] acpiphp: Slot [8] registered
machine # [    0.961571] acpiphp: Slot [9] registered
machine # [    0.964572] acpiphp: Slot [10] registered
machine # [    0.967572] acpiphp: Slot [11] registered
machine # [    0.970586] acpiphp: Slot [12] registered
machine # [    0.973572] acpiphp: Slot [13] registered
machine # [    0.975571] acpiphp: Slot [14] registered
machine # [    0.978572] acpiphp: Slot [15] registered
machine # [    0.981571] acpiphp: Slot [16] registered
machine # [    0.984571] acpiphp: Slot [17] registered
machine # [    0.987571] acpiphp: Slot [18] registered
machine # [    0.990572] acpiphp: Slot [19] registered
machine # [    0.993574] acpiphp: Slot [20] registered
machine # [    0.996572] acpiphp: Slot [21] registered
machine # [    0.998573] acpiphp: Slot [22] registered
machine # [    1.001572] acpiphp: Slot [23] registered
machine # [    1.004572] acpiphp: Slot [24] registered
machine # [    1.007571] acpiphp: Slot [25] registered
machine # [    1.010572] acpiphp: Slot [26] registered
machine # [    1.013571] acpiphp: Slot [27] registered
machine # [    1.016571] acpiphp: Slot [28] registered
machine # [    1.019577] acpiphp: Slot [29] registered
machine # [    1.021573] acpiphp: Slot [30] registered
machine # [    1.024571] acpiphp: Slot [31] registered
machine # [    1.027564] PCI host bridge to bus 0000:00
machine # [    1.030508] pci_bus 0000:00: root bus resource [io  0x0000-0x0cf7 window]
machine # [    1.035508] pci_bus 0000:00: root bus resource [io  0x0d00-0xffff window]
machine # [    1.039507] pci_bus 0000:00: root bus resource [mem 0x000a0000-0x000bffff window]
machine # [    1.044507] pci_bus 0000:00: root bus resource [mem 0x60000000-0xfebfffff window]
machine # [    1.049507] pci_bus 0000:00: root bus resource [mem 0x100000000-0x17fffffff window]
machine # [    1.054508] pci_bus 0000:00: root bus resource [bus 00-ff]
machine # [    1.058743] pci 0000:00:00.0: [8086:1237] type 00 class 0x060000
machine # [    1.066675] pci 0000:00:01.0: [8086:7000] type 00 class 0x060100
machine # [    1.074862] pci 0000:00:01.1: [8086:7010] type 00 class 0x010180
machine # [    1.084032] pci 0000:00:01.1: reg 0x20: [io  0xc240-0xc24f]
machine # [    1.090670] pci 0000:00:01.1: legacy IDE quirk: reg 0x10: [io  0x01f0-0x01f7]
machine # [    1.095508] pci 0000:00:01.1: legacy IDE quirk: reg 0x14: [io  0x03f6]
machine # [    1.099508] pci 0000:00:01.1: legacy IDE quirk: reg 0x18: [io  0x0170-0x0177]
machine # [    1.104507] pci 0000:00:01.1: legacy IDE quirk: reg 0x1c: [io  0x0376]
machine # [    1.109253] pci 0000:00:01.2: [8086:7020] type 00 class 0x0c0300
machine # [    1.118515] pci 0000:00:01.2: reg 0x20: [io  0xc180-0xc19f]
machine # [    1.124675] pci 0000:00:01.3: [8086:7113] type 00 class 0x068000
machine # [    1.131566] pci 0000:00:01.3: quirk: [io  0x0600-0x063f] claimed by PIIX4 ACPI
machine # [    1.136561] pci 0000:00:01.3: quirk: [io  0x0700-0x070f] claimed by PIIX4 SMB
machine # [    1.142728] pci 0000:00:02.0: [1234:1111] type 00 class 0x030000
machine # [    1.149533] pci 0000:00:02.0: reg 0x10: [mem 0xfd000000-0xfdffffff pref]
machine # [    1.157380] pci 0000:00:02.0: reg 0x18: [mem 0xfebd0000-0xfebd0fff]
machine # [    1.166429] pci 0000:00:02.0: reg 0x30: [mem 0xfebc0000-0xfebcffff pref]
machine # [    1.171873] pci 0000:00:02.0: Video device with shadowed ROM at [mem 0x000c0000-0x000dffff]
machine # [    1.179774] pci 0000:00:03.0: [1af4:1000] type 00 class 0x020000
machine # [    1.184974] pci 0000:00:03.0: reg 0x10: [io  0xc1a0-0xc1bf]
machine # [    1.190509] pci 0000:00:03.0: reg 0x14: [mem 0xfebd1000-0xfebd1fff]
machine # [    1.199364] pci 0000:00:03.0: reg 0x20: [mem 0xfe000000-0xfe003fff 64bit pref]
machine # [    1.205509] pci 0000:00:03.0: reg 0x30: [mem 0xfeb80000-0xfebbffff pref]
machine # [    1.215433] pci 0000:00:04.0: [1af4:1005] type 00 class 0x00ff00
machine # [    1.220998] pci 0000:00:04.0: reg 0x10: [io  0xc1c0-0xc1df]
machine # [    1.226509] pci 0000:00:04.0: reg 0x14: [mem 0xfebd2000-0xfebd2fff]
machine # [    1.234509] pci 0000:00:04.0: reg 0x20: [mem 0xfe004000-0xfe007fff 64bit pref]
machine # [    1.246433] pci 0000:00:05.0: [1af4:1009] type 00 class 0x000200
machine # [    1.251915] pci 0000:00:05.0: reg 0x10: [io  0xc100-0xc13f]
machine # [    1.257509] pci 0000:00:05.0: reg 0x14: [mem 0xfebd3000-0xfebd3fff]
machine # [    1.265509] pci 0000:00:05.0: reg 0x20: [mem 0xfe008000-0xfe00bfff 64bit pref]
machine # [    1.276431] pci 0000:00:06.0: [1af4:1009] type 00 class 0x000200
machine # [    1.282954] pci 0000:00:06.0: reg 0x10: [io  0xc1e0-0xc1ff]
machine # [    1.287509] pci 0000:00:06.0: reg 0x14: [mem 0xfebd4000-0xfebd4fff]
machine # [    1.295509] pci 0000:00:06.0: reg 0x20: [mem 0xfe00c000-0xfe00ffff 64bit pref]
machine # [    1.307446] pci 0000:00:07.0: [1af4:1009] type 00 class 0x000200
machine # [    1.312977] pci 0000:00:07.0: reg 0x10: [io  0xc200-0xc21f]
machine # [    1.318509] pci 0000:00:07.0: reg 0x14: [mem 0xfebd5000-0xfebd5fff]
machine # [    1.326509] pci 0000:00:07.0: reg 0x20: [mem 0xfe010000-0xfe013fff 64bit pref]
machine # [    1.337493] pci 0000:00:08.0: [1af4:1001] type 00 class 0x010000
machine # [    1.344136] pci 0000:00:08.0: reg 0x10: [io  0xc000-0xc07f]
machine # [    1.349509] pci 0000:00:08.0: reg 0x14: [mem 0xfebd6000-0xfebd6fff]
machine # [    1.357510] pci 0000:00:08.0: reg 0x20: [mem 0xfe014000-0xfe017fff 64bit pref]
machine # [    1.369430] pci 0000:00:09.0: [1af4:1001] type 00 class 0x010000
machine # [    1.376221] pci 0000:00:09.0: reg 0x10: [io  0xc080-0xc0ff]
machine # [    1.381509] pci 0000:00:09.0: reg 0x14: [mem 0xfebd7000-0xfebd7fff]
machine # [    1.390057] pci 0000:00:09.0: reg 0x20: [mem 0xfe018000-0xfe01bfff 64bit pref]
machine # [    1.401508] pci 0000:00:0a.0: [1af4:1052] type 00 class 0x090000
machine # [    1.408362] pci 0000:00:0a.0: reg 0x14: [mem 0xfebd8000-0xfebd8fff]
machine # [    1.416075] pci 0000:00:0a.0: reg 0x20: [mem 0xfe01c000-0xfe01ffff 64bit pref]
machine # [    1.427279] pci 0000:00:0b.0: [1af4:1003] type 00 class 0x078000
machine # [    1.433037] pci 0000:00:0b.0: reg 0x10: [io  0xc140-0xc17f]
machine # [    1.438509] pci 0000:00:0b.0: reg 0x14: [mem 0xfebd9000-0xfebd9fff]
machine # [    1.446509] pci 0000:00:0b.0: reg 0x20: [mem 0xfe020000-0xfe023fff 64bit pref]
machine # [    1.458010] pci 0000:00:0c.0: [1af4:1005] type 00 class 0x00ff00
machine # [    1.463971] pci 0000:00:0c.0: reg 0x10: [io  0xc220-0xc23f]
machine # [    1.469509] pci 0000:00:0c.0: reg 0x14: [mem 0xfebda000-0xfebdafff]
machine # [    1.477509] pci 0000:00:0c.0: reg 0x20: [mem 0xfe024000-0xfe027fff 64bit pref]
machine # [    1.489600] ACPI: PCI: Interrupt link LNKA configured for IRQ 10
machine # [    1.493830] ACPI: PCI: Interrupt link LNKB configured for IRQ 10
machine # [    1.498813] ACPI: PCI: Interrupt link LNKC configured for IRQ 11
machine # [    1.503803] ACPI: PCI: Interrupt link LNKD configured for IRQ 11
machine # [    1.507666] ACPI: PCI: Interrupt link LNKS configured for IRQ 9
machine # [    1.513591] iommu: Default domain type: Translated
machine # [    1.516509] iommu: DMA domain TLB invalidation policy: lazy mode
machine # [    1.521753] NetLabel: Initializing
machine # [    1.524509] NetLabel:  domain hash size = 128
machine # [    1.527507] NetLabel:  protocols = UNLABELED CIPSOv4 CALIPSO
machine # [    1.531532] NetLabel:  unlabeled traffic allowed by default
machine # [    1.536514] PCI: Using ACPI for IRQ routing
machine # [    1.541564] pci 0000:00:02.0: vgaarb: setting as boot VGA device
machine # [    1.542493] pci 0000:00:02.0: vgaarb: bridge control possible
machine # [    1.542493] pci 0000:00:02.0: vgaarb: VGA device added: decodes=io+mem,owns=io+mem,locks=none
machine # [    1.556511] vgaarb: loaded
machine # [    1.558616] hpet0: at MMIO 0xfed00000, IRQs 2, 8, 0
machine # [    1.561508] hpet0: 3 comparators, 64-bit 100.000000 MHz counter
machine # [    1.569709] clocksource: Switched to clocksource kvm-clock
machine # [    1.573686] VFS: Disk quotas dquot_6.6.0
machine # [    1.576644] VFS: Dquot-cache hash table entries: 512 (order 0, 4096 bytes)
machine # [    1.581740] pnp: PnP ACPI init
machine # [    1.584674] pnp: PnP ACPI: found 6 devices
machine # [    1.604892] clocksource: acpi_pm: mask: 0xffffff max_cycles: 0xffffff, max_idle_ns: 2085701024 ns
machine # [    1.611337] clocksource: Switched to clocksource acpi_pm
machine # [    1.615288] NET: Registered PF_INET protocol family
machine # [    1.618910] IP idents hash table entries: 32768 (order: 6, 262144 bytes, linear)
machine # [    1.625137] tcp_listen_portaddr_hash hash table entries: 1024 (order: 2, 16384 bytes, linear)
machine # [    1.631262] Table-perturb hash table entries: 65536 (order: 6, 262144 bytes, linear)
machine # [    1.636895] TCP established hash table entries: 16384 (order: 5, 131072 bytes, linear)
machine # [    1.642758] TCP bind hash table entries: 16384 (order: 7, 524288 bytes, linear)
machine # [    1.648393] TCP: Hash tables configured (established 16384 bind 16384)
machine # [    1.653312] MPTCP token hash table entries: 2048 (order: 3, 49152 bytes, linear)
machine # [    1.658656] UDP hash table entries: 1024 (order: 3, 32768 bytes, linear)
machine # [    1.663723] UDP-Lite hash table entries: 1024 (order: 3, 32768 bytes, linear)
machine # [    1.669001] NET: Registered PF_UNIX/PF_LOCAL protocol family
machine # [    1.673264] NET: Registered PF_XDP protocol family
machine # [    1.676951] pci_bus 0000:00: resource 4 [io  0x0000-0x0cf7 window]
machine # [    1.681661] pci_bus 0000:00: resource 5 [io  0x0d00-0xffff window]
machine # [    1.686284] pci_bus 0000:00: resource 6 [mem 0x000a0000-0x000bffff window]
machine # [    1.691240] pci_bus 0000:00: resource 7 [mem 0x60000000-0xfebfffff window]
machine # [    1.696216] pci_bus 0000:00: resource 8 [mem 0x100000000-0x17fffffff window]
machine # [    1.701681] pci 0000:00:01.0: PIIX3: Enabling Passive Release
machine # [    1.706095] pci 0000:00:00.0: Limiting direct PCI/PCI transfers
machine # [    1.733457] ACPI: \_SB_.LNKD: Enabled at IRQ 11
machine # [    1.760834] pci 0000:00:01.2: quirk_usb_early_handoff+0x0/0x750 took 48847 usecs
machine # [    1.767129] PCI: CLS 0 bytes, default 64
machine # [    1.770283] clocksource: tsc: mask: 0xffffffffffffffff max_cycles: 0x2fbd924e8de, max_idle_ns: 440795321919 ns
machine # [    1.770754] Trying to unpack rootfs image as initramfs...
machine # [    1.782842] Initialise system trusted keyrings
machine # [    1.787272] workingset: timestamp_bits=40 max_order=19 bucket_order=0
machine # [    1.793709] zbud: loaded
machine # [    1.798342] Key type asymmetric registered
machine # [    1.801419] Asymmetric key parser 'x509' registered
machine # [    1.847173] Freeing initrd memory: 12868K
machine # [    1.856005] alg: self-tests for CTR-KDF (hmac(sha256)) passed
machine # [    1.860257] Block layer SCSI generic (bsg) driver version 0.4 loaded (major 252)
machine # [    1.866289] io scheduler mq-deadline registered
machine # [    1.869644] io scheduler kyber registered
machine # [    1.876720] Serial: 8250/16550 driver, 4 ports, IRQ sharing enabled
machine # [    1.882009] 00:04: ttyS0 at I/O 0x3f8 (irq = 4, base_baud = 115200) is a 16550A
machine # [    1.894277] intel_pstate: CPU model not supported
machine # [    1.897835] drop_monitor: Initializing network drop monitor service
machine # [    1.912024] NET: Registered PF_INET6 protocol family
machine # [    1.922139] Segment Routing with IPv6
machine # [    1.925091] In-situ OAM (IOAM) with IPv6
machine # [    1.932766] IPI shorthand broadcast: enabled
machine # [    1.936728] registered taskstats version 1
machine # [    1.939981] Loading compiled-in X.509 certificates
machine # [    1.944397] zswap: loaded using pool lzo/zbud
machine # [    1.949462] Key type .fscrypt registered
machine # [    1.952709] Key type fscrypt-provisioning registered
machine # [    1.966010] Unstable clock detected, switching default tracing clock to "global"
machine # [    1.966010] If you want to keep using the local clock, then add:
machine # [    1.966010]   "trace_clock=local"
machine # [    1.966010] on the kernel command line
machine # [    1.984685] Freeing unused decrypted memory: 2036K
machine # [    1.988264] Freeing unused kernel image (initmem) memory: 1876K
machine # [    2.005730] Write protecting the kernel read-only data: 22528k
machine # [    2.010459] Freeing unused kernel image (text/rodata gap) memory: 2040K
machine # [    2.014028] Freeing unused kernel image (rodata/data gap) memory: 660K
machine # [    2.057224] x86/mm: Checked W+X mappings: passed, no W+X pages found.
machine # [    2.060019] x86/mm: Checking user space page tables
machine # [    2.099666] x86/mm: Checked W+X mappings: passed, no W+X pages found.
machine # [    2.102312] Run /init as init process
machine # 
machine # <<< NixOS Stage 1 >>>
machine # 
machine # loading module virtio_balloon...
machine # loading module virtio_console...
machine # loading module virtio_rng...
machine # loading module dm_mod...
machine # [    2.232121] device-mapper: ioctl: 4.47.0-ioctl (2022-07-28) initialised: dm-devel@redhat.com
machine # running udev...
machine # Starting systemd-udevd version 252.5
machine # [    2.316934] rtc_cmos 00:05: RTC can wake from S4
machine # [    2.320049] i8042: PNP: PS/2 Controller [PNP0303:KBD,PNP0f13:MOU] at 0x60,0x64 irq 1,12
machine # [    2.322955] rtc_cmos 00:05: registered as rtc0
machine # [    2.326090] rtc_cmos 00:05: alarms up to one day, y3k, 242 bytes nvram, hpet irqs
machine # [    2.329052] serio: i8042 KBD port at 0x60,0x64 irq 1
machine # [    2.331691] serio: i8042 AUX port at 0x60,0x64 irq 12
machine # [    2.357844] SCSI subsystem initialized
machine # [    2.363084] ACPI: bus type USB registered
machine # [    2.365033] usbcore: registered new interface driver usbfs
machine # [    2.367670] usbcore: registered new interface driver hub
machine # [    2.369358] ACPI: \_SB_.LNKC: Enabled at IRQ 10
machine # [    2.370171] usbcore: registered new device driver usb
machine # [    2.417399] scsi host0: ata_piix
machine # [    2.420658] scsi host1: ata_piix
machine # [    2.422444] ata1: PATA max MWDMA2 cmd 0x1f0 ctl 0x3f6 bmdma 0xc240 irq 14
machine # [    2.425423] ata2: PATA max MWDMA2 cmd 0x170 ctl 0x376 bmdma 0xc248 irq 15
machine # [    2.462930] uhci_hcd 0000:00:01.2: UHCI Host Controller
machine # [    2.463130] ACPI: \_SB_.LNKA: Enabled at IRQ 10
machine # [    2.465378] uhci_hcd 0000:00:01.2: new USB bus registered, assigned bus number 1
machine # [    2.471072] uhci_hcd 0000:00:01.2: detected 2 ports
machine # [    2.474145] uhci_hcd 0000:00:01.2: irq 11, io port 0x0000c180
machine # [    2.477154] usb usb1: New USB device found, idVendor=1d6b, idProduct=0001, bcdDevice= 6.01
machine # [    2.480919] usb usb1: New USB device strings: Mfr=3, Product=2, SerialNumber=1
machine # [    2.484133] usb usb1: Product: UHCI Host Controller
machine # [    2.486358] usb usb1: Manufacturer: Linux 6.1.15 uhci_hcd
machine # [    2.488805] usb usb1: SerialNumber: 0000:00:01.2
machine # [    2.491807] hub 1-0:1.0: USB hub found
machine # [    2.493651] hub 1-0:1.0: 2 ports detected
machine # [    2.499342] ACPI: \_SB_.LNKB: Enabled at IRQ 11
machine # [    2.587873] ata2: found unknown device (class 0)
machine # [    2.592795] ata2.00: ATAPI: QEMU DVD-ROM, 2.5+, max UDMA/100
machine # [    2.601733] scsi 1:0:0:0: CD-ROM            QEMU     QEMU DVD-ROM     2.5+ PQ: 0 ANSI: 5
machine # [    2.715865] usb 1-1: new full-speed USB device number 2 using uhci_hcd
machine # [    2.766730] input: AT Translated Set 2 keyboard as /devices/platform/i8042/serio0/input/input0
machine # [    2.794135] 9pnet: Installing 9P2000 support
machine # [    2.810404] virtio_blk virtio5: 8/0/0 default/read/poll queues
machine # [    2.827085] virtio_blk virtio5: [vda] 33554432 512-byte logical blocks (17.2 GB/16.0 GiB)
machine # [    2.833410] virtio_blk virtio6: 8/0/0 default/read/poll queues
machine # [    2.849182] virtio_blk virtio6: [vdb] 2097152 512-byte logical blocks (1.07 GB/1.00 GiB)
machine # [    2.861710] sr 1:0:0:0: [sr0] scsi3-mmc drive: 4x/4x cd/rw xa/form2 tray
machine # [    2.865108] cdrom: Uniform CD-ROM driver Revision: 3.20
machine # [    2.892421] usb 1-1: New USB device found, idVendor=0627, idProduct=0001, bcdDevice= 0.00
machine # [    2.896006] usb 1-1: New USB device strings: Mfr=1, Product=3, SerialNumber=10
machine # [    2.899238] usb 1-1: Product: QEMU USB Tablet
machine # [    2.901345] usb 1-1: Manufacturer: QEMU
machine # [    2.903196] usb 1-1: SerialNumber: 28754-0000:00:01.2-1
machine # [    2.917733] hid: raw HID events driver (C) Jiri Kosina
machine # [    2.928365] usbcore: registered new interface driver usbhid
machine # [    2.930986] usbhid: USB HID core driver
machine # [    2.936289] input: QEMU QEMU USB Tablet as /devices/pci0000:00/0000:00:01.2/usb1/1-1/1-1:1.0/0003:0627:0001.0001/input/input2
machine # [    2.941850] hid-generic 0003:0627:0001.0001: input,hidraw0: USB HID v0.01 Mouse [QEMU QEMU USB Tablet] on usb-0000:00:01.2-1/input0
machine # %Gkbd_mode: KDSKBMODE: Inappropriate ioctl for device
machine # starting device mapper and LVM...
machine # mke2fs 1.46.5 (30-Dec-2021)
machine # Discarding device blocks: done         
machine # Creating filesystem with 262144 4k blocks and 65536 inodes
machine # Filesystem UUID: 95c67898-e505-4b8f-967e-ef278f9491ca
machine # Superblock backups stored on blocks:
machine #       32768, 98304, 163840, 229376
machine # 
machine # Allocating group tables: done
machine # Writing inode tables: done
machine # Creating journal (8192 blocks): done
machine # Writing superblocks and filesystem accounting information: done
machine # 
machine # checking /dev/vdb...
machine # fsck (busybox 1.36.0)
machine # [fsck.ext4 (1) -- /mnt-root/] fsck.ext4 -a /dev/vdb
machine # /dev/vdb: clean, 11/65536 files, 12955/262144 blocks
machine # mounting /dev/vdb on /...
machine # [    3.807662] EXT4-fs (vdb): mounted filesystem with ordered data mode. Quota mode: none.
machine # mounting nix-store on /nix/.ro-store...
machine # [    3.880123] FS-Cache: Loaded
machine # [    3.911229] 9p: Installing v9fs 9p2000 file system support
machine # mounting tmpfs on /nix/.rw-store...
machine # mounting shared on /tmp/shared...
machine # mounting xchg on /tmp/xchg...
machine # mounting overlay filesystem on /nix/store...
machine # 
machine # <<< NixOS Stage 2 >>>
machine # 
machine # [    4.318938] EXT4-fs (vdb): re-mounted. Quota mode: none.
machine # [    4.324655] booting system configuration /nix/store/bqdnkfah42h34a93ncdabjdd851qbs9j-nixos-system-machine-23.05pre-git
machine # running activation script...
machine # setting up /etc...
machine # unpacking the NixOS/Nixpkgs sources...
machine # ln: failed to create symbolic link '/root/.nix-defexpr/channels/channels': Read-only file system
machine # starting systemd...
machine # [    7.551706] systemd[1]: Inserted module 'autofs4'
machine # [    7.633124] systemd[1]: systemd 252.5 running in system mode (+PAM +AUDIT -SELINUX +APPARMOR +IMA +SMACK +SECCOMP +GCRYPT -GNUTLS +OPENSSL +ACL +BLKID +CURL +ELFUTILS +FIDO2 +IDN2 -IDN +IPTC +KMOD +LIBCRYPTSETUP +LIBFDISK +PCRE2 -PWQUALITY +P11KIT -QRENCODE +TPM2 +BZIP2 +LZ4 +XZ +ZLIB +ZSTD +BPF_FRAMEWORK -XKBCOMMON +UTMP -SYSVINIT default-hierarchy=unified)
machine # [    7.646277] systemd[1]: Detected virtualization kvm.
machine # [    7.648708] systemd[1]: Detected architecture x86-64.
machine # [    7.657436] systemd[1]: Initializing machine ID from random generator.
machine # [    8.028746] systemd[1]: bpf-lsm: LSM BPF program attached
machine # [    9.180119] systemd[1]: Queued start job for default target Multi-User System.
machine # [    9.202169] systemd[1]: Created slice Slice /system/getty.
machine # [    9.205838] systemd[1]: Created slice Slice /system/modprobe.
machine # [    9.209709] systemd[1]: Created slice User and Session Slice.
machine # [    9.212874] systemd[1]: Started Dispatch Password Requests to Console Directory Watch.
machine # [    9.216889] systemd[1]: Started Forward Password Requests to Wall Directory Watch.
machine # [    9.221011] systemd[1]: Reached target Local Encrypted Volumes.
machine # [    9.223920] systemd[1]: Reached target Containers.
machine # [    9.226370] systemd[1]: Reached target Path Units.
machine # [    9.228946] systemd[1]: Reached target Remote File Systems.
machine # [    9.231898] systemd[1]: Reached target Slice Units.
machine # [    9.234385] systemd[1]: Reached target Swaps.
machine # [    9.236837] systemd[1]: Reached target ZFS pool import target.
machine # [    9.246864] systemd[1]: Listening on Process Core Dump Socket.
machine # [    9.251284] systemd[1]: Listening on Journal Audit Socket.
machine # [    9.254169] systemd[1]: Listening on Journal Socket (/dev/log).
machine # [    9.257242] systemd[1]: Listening on Journal Socket.
machine # [    9.260907] systemd[1]: Listening on Userspace Out-Of-Memory (OOM) Killer Socket.
machine # [    9.267063] systemd[1]: Listening on udev Control Socket.
machine # [    9.270337] systemd[1]: Listening on udev Kernel Socket.
machine # [    9.286145] systemd[1]: Mounting Huge Pages File System...
machine # [    9.291139] systemd[1]: Mounting POSIX Message Queue File System...
machine # [    9.296778] systemd[1]: Mounting Kernel Debug File System...
machine # [    9.304760] systemd[1]: Starting Create List of Static Device Nodes...
machine # [    9.310851] systemd[1]: Starting Load Kernel Module configfs...
machine # [    9.316220] systemd[1]: Starting Load Kernel Module drm...
machine # [    9.322018] systemd[1]: Starting Load Kernel Module efi_pstore...
machine # [    9.327898] systemd[1]: Starting Load Kernel Module fuse...
machine # [    9.333697] systemd[1]: Starting mount-pstore.service...
machine # [    9.337760] systemd[1]: File System Check on Root Device was skipped because of an unmet condition check (ConditionPathIsReadWrite=!/).
machine # [    9.349038] systemd[1]: Starting Journal Service...
machine # [    9.354943] systemd[1]: Starting Load Kernel Modules...
machine # [    9.364181] systemd[1]: Starting Remount Root and Kernel File Systems...
machine # [    9.370859] systemd[1]: Starting Coldplug All udev Devices...
machine # [    9.384107] fuse: init (API version 7.37)
machine # [    9.388021] systemd[1]: Mounted Huge Pages File System.
machine # [    9.392360] systemd[1]: Mounted POSIX Message Queue File System.
machine # [    9.396805] systemd[1]: Mounted Kernel Debug File System.
machine # [    9.419913] systemd[1]: Finished Create List of Static Device Nodes.
machine # [    9.424116] audit: type=1130 audit(1678241616.930:2): pid=1 uid=0 auid=4294967295 ses=4294967295 subj=kernel msg='unit=kmod-static-nodes comm="systemd" exe="/nix/store/d1h33vvfagj7bhg0b8dw3p5nifghb01q-systemd-252.5/lib/systemd/systemd" hostname=? addr=? terminal=? res=success'
machine # [    9.425192] systemd[1]: modprobe@configfs.service: Deactivated successfully.
machine # [    9.433021] EXT4-fs (vdb): re-mounted. Quota mode: none.
machine # [    9.459683] ACPI: bus type drm_connector registered
machine # [    9.470306] systemd[1]: Finished Load Kernel Module configfs.
machine # [    9.473445] audit: type=1130 audit(1678241616.979:3): pid=1 uid=0 auid=4294967295 ses=4294967295 subj=kernel msg='unit=modprobe@configfs comm="systemd" exe="/nix/store/d1h33vvfagj7bhg0b8dw3p5nifghb01q-systemd-252.5/lib/systemd/systemd" hostname=? addr=? terminal=? res=success'
machine # [    9.475167] systemd[1]: modprobe@drm.service: Deactivated successfully.
machine # [    9.483807] audit: type=1131 audit(1678241616.979:4): pid=1 uid=0 auid=4294967295 ses=4294967295 subj=kernel msg='unit=modprobe@configfs comm="systemd" exe="/nix/store/d1h33vvfagj7bhg0b8dw3p5nifghb01q-systemd-252.5/lib/systemd/systemd" hostname=? addr=? terminal=? res=success'
machine # [    9.517116] bridge: filtering via arp/ip/ip6tables is no longer available by default. Update your scripts to load br_netfilter if you need this.
machine # [    9.520987] systemd[1]: Finished Load Kernel Module drm.
machine # [    9.525478] audit: type=1130 audit(1678241617.032:5): pid=1 uid=0 auid=4294967295 ses=4294967295 subj=kernel msg='unit=modprobe@drm comm="systemd" exe="/nix/store/d1h33vvfagj7bhg0b8dw3p5nifghb01q-systemd-252.5/lib/systemd/systemd" hostname=? addr=? terminal=? res=success'
machine # [    9.526796] systemd[1]: modprobe@efi_pstore.service: Deactivated successfully.
machine # [    9.535826] audit: type=1131 audit(1678241617.032:6): pid=1 uid=0 auid=4294967295 ses=4294967295 subj=kernel msg='unit=modprobe@drm comm="systemd" exe="/nix/store/d1h33vvfagj7bhg0b8dw3p5nifghb01q-systemd-252.5/lib/systemd/systemd" hostname=? addr=? terminal=? res=success'
machine # [    9.558688] systemd[1]: Finished Load Kernel Module efi_pstore.
machine # [    9.561687] audit: type=1130 audit(1678241617.067:7): pid=1 uid=0 auid=4294967295 ses=4294967295 subj=kernel msg='unit=modprobe@efi_pstore comm="systemd" exe="/nix/store/d1h33vvfagj7bhg0b8dw3p5nifghb01q-systemd-252.5/lib/systemd/systemd" hostname=? addr=? terminal=? res=success'
machine # [    9.562793] systemd[1]: modprobe@fuse.service: Deactivated successfully.
machine # [    9.572002] audit: type=1131 audit(1678241617.068:8): pid=1 uid=0 auid=4294967295 ses=4294967295 subj=kernel msg='unit=modprobe@efi_pstore comm="systemd" exe="/nix/store/d1h33vvfagj7bhg0b8dw3p5nifghb01q-systemd-252.5/lib/systemd/systemd" hostname=? addr=? terminal=? res=success'
machine # [    9.587248] tun: Universal TUN/TAP device driver, 1.6
machine # [    8.911747] systemd-modules-load[594]: Inserted module 'bridge'
machine # [    8.916810] systemd-modules-load[594]: Inserted module 'macvlan'
machine # [    9.605925] systemd[1]: Finished Load Kernel Module fuse.
machine # [    9.609108] audit: type=1130 audit(1678241617.115:9): pid=1 uid=0 auid=4294967295 ses=4294967295 subj=kernel msg='unit=modprobe@fuse comm="systemd" exe="/nix/store/d1h33vvfagj7bhg0b8dw3p5nifghb01q-systemd-252.5/lib/systemd/systemd" hostname=? addr=? terminal=? res=success'
machine # [    9.609852] systemd[1]: Started Journal Service.
machine # [    9.616443] spl: loading out-of-tree module taints kernel.
machine # [    9.619472] audit: type=1131 audit(1678241617.115:10): pid=1 uid=0 auid=4294967295 ses=4294967295 subj=kernel msg='unit=modprobe@fuse comm="systemd" exe="/nix/store/d1h33vvfagj7bhg0b8dw3p5nifghb01q-systemd-252.5/lib/systemd/systemd" hostname=? addr=? terminal=? res=success'
machine # [    9.634329] audit: type=1130 audit(1678241617.128:11): pid=1 uid=0 auid=4294967295 ses=4294967295 subj=kernel msg='unit=systemd-journald comm="systemd" exe="/nix/store/d1h33vvfagj7bhg0b8dw3p5nifghb01q-systemd-252.5/lib/systemd/systemd" hostname=? addr=? terminal=? res=success'
machine # [    8.926745] systemd-modules-load[594]: Inserted module 'tap'
machine # [    8.965594] systemd-modules-load[594]: Inserted module 'tun'
machine # [    9.662710] znvpair: module license 'CDDL' taints kernel.
machine # [    9.665278] Disabling lock debugging due to kernel taint
machine # [    8.989662] systemd[1]: Finished Remount Root and Kernel File Systems.
machine # [    9.031196] systemd[1]: Finished Coldplug All udev Devices.
machine # [    9.052253] systemd[1]: Mounting FUSE Control File System...
machine # [    9.059496] systemd[1]: Mounting Kernel Configuration File System...
machine # [    9.066758] systemd[1]: Starting Flush Journal to Persistent Storage...
machine # [    9.072681] systemd[1]: Starting Load/Save Random Seed...
machine # [    9.078488] systemd[1]: Starting Create Static Device Nodes in /dev...
machine # [    9.084700] systemd[1]: Mounted FUSE Control File System.
machine # [    9.089498] systemd[1]: Mounted Kernel Configuration File System.
machine # [    9.805941] systemd-journald[593]: Received client request to flush runtime journal.
machine # [    9.248722] systemd[1]: Finished Load/Save Random Seed.
machine # [    9.254156] systemd[1]: Finished Create Static Device Nodes in /dev.
machine # [    9.259328] systemd[1]: Reached target Preparation for Local File Systems.
machine # [    9.263629] systemd[1]: Starting Rule-based Manager for Device Events and Files...
machine # [    9.268998] systemd-udevd[616]: Using default interface naming scheme 'v252'.
machine # [    9.277201] systemd[1]: Finished Flush Journal to Persistent Storage.
machine # [    9.341230] systemd[1]: Started Rule-based Manager for Device Events and Files.
machine # [    9.402507] systemd[1]: Found device /dev/ttyS0.
machine # [    9.407778] systemd-udevd[621]: Network interface NamePolicy= disabled on kernel command line.
machine # [    9.414657] systemd[1]: Found device /dev/hvc0.
machine # [    9.448674] systemd-udevd[632]: event_source: Failed to get device name: No such file or directory
machine # [   10.270009] input: Power Button as /devices/LNXSYSTM:00/LNXPWRBN:00/input/input3
machine # [   10.273795] ACPI: button: Power Button [PWRF]
machine # [   10.284485] mousedev: PS/2 mouse device common for all mice
machine # [   10.322746] Linux agpgart interface v0.103
machine # [   10.327160] Floppy drive(s): fd0 is 2.88M AMI BIOS
machine # [   10.327214] parport_pc 00:03: reported by Plug and Play ACPI
machine # [   10.327861] piix4_smbus 0000:00:01.3: SMBus Host Controller at 0x700, revision 0
machine # [   10.337341] parport0: PC-style at 0x378, irq 7 [PCSPP(,...)]
machine # [   10.348760] FDC 0 is a S82078B
machine # [   10.364288] input: VirtualPS/2 VMware VMMouse as /devices/platform/i8042/serio1/input/input6
machine # [   10.364944] input: QEMU Virtio Keyboard as /devices/pci0000:00/0000:00:0a.0/virtio7/input/input4
machine # [   10.370198] input: VirtualPS/2 VMware VMMouse as /devices/platform/i8042/serio1/input/input5
machine # [   10.374784] ZFS: Loaded module v2.1.9-1, ZFS pool version 5000, ZFS filesystem version 5
machine # [    9.696465] systemd-modules-load[594]: Inserted module 'zfs'
machine # [   10.398810] loop: module loaded
machine # [    9.735697] systemd-modules-load[594]: Inserted module 'loop'
machine # [   10.446984] RAPL PMU: API unit is 2^-32 Joules, 0 fixed counters, 10737418240 ms ovfl timer
machine # [    9.770636] systemd[1]: Finished Load Kernel Modules.
machine # [   10.464375] cryptd: max_cpu_qlen set to 1000
machine # [    9.786442] systemd[1]: Starting Firewall...
machine # [   10.475951] bochs-drm 0000:00:02.0: vgaarb: deactivate vga console
machine # [    9.791482] systemd[1]: Starting Apply Kernel Variables...
machine # [   10.512891] Console: switching to colour dummy device 80x25
machine # [   10.516802] AVX2 version of gcm_enc/dec engaged.
machine # [    9.800166] s[   10.517469] [drm] Found bochs VGA, ID 0xb0c5.
machine # ystemd[1]: Starting Mount ZFS fi[   10.522243] [drm] Framebuffer size 16384 kB @ 0xfd000000, mmio @ 0xfebd0000.
machine # lesystems...
machine # [   10.531840] AES CTR mode by8 optimization enabled
machine # [   10.535345] [drm] Found EDID data blob.
machine # [   10.538107] [drm] Initialized bochs-drm 1.0.0 20130925 for 0000:00:02.0 on minor 0
machine # [   10.543311] fbcon: bochs-drmdrmfb (fb0) is primary device
machine # [   10.562912] Console: switching to colour frame buffer device 160x50
machine # [   10.571271] bochs-drm 0000:00:02.0: [drm] fb0: bochs-drmdrmfb frame buffer device
machine # [    9.900621] systemd[1]: Finished Apply Kernel Variables.
machine # [    9.912284] systemd[1]: Finished Mount ZFS filesystems.
machine # [    9.920702] systemd[1]: Reached target Local File Systems.
machine # [    9.930286] systemd[1]: Starting Create Volatile Files and Directories...
machine # [   10.128766] systemd[1]: Finished Create Volatile Files and Directories.
machine # [   10.346782] systemd[1]: Starting Rebuild Journal Catalog...
machine # [   10.355476] systemd[1]: Starting Userspace Out-Of-Memory (OOM) Killer...
machine # [   10.363501] systemd[1]: Starting Record System Boot/Shutdown in UTMP...
machine # [   10.449760] systemd-oomd[729]: Swap is currently not detected; memory pressure usage will be degraded
machine # [   11.185282] ppdev: user-space parallel port driver
machine # [   10.615703] systemd[1]: Finished Record System Boot/Shutdown in UTMP.
machine # [   10.621693] systemd[1]: Started Userspace Out-Of-Memory (OOM) Killer.
machine # [   10.750991] systemd[1]: Finished Rebuild Journal Catalog.
machine # [   10.776742] systemd[1]: Starting Update is Completed...
machine # [   10.871201] systemd[1]: Finished Update is Completed.
machine # [   10.878367] f4xrzmq3i4d8ywd9vz5c0kafbb83b1jq-mount-pstore.sh[599]: Persistent Storage backend was not registered in time.
machine # [   10.897162] systemd[1]: Finished mount-pstore.service.
machine # [   10.902145] systemd[1]: Platform Persistent Storage Archival was skipped because of an unmet condition check (ConditionDirectoryNotEmpty=/sys/fs/pstore).
machine # [   10.913164] systemd[1]: Reached target System Initialization.
machine # [   10.918736] systemd[1]: Started logrotate.timer.
machine # [   10.923361] systemd[1]: Started Daily Cleanup of Temporary Directories.
machine # [   10.939777] systemd[1]: Started zpool-trim.timer.
machine # connecting to host...
machine # [   10.967415] systemd[1]: Reached target Timer Units.
machine # [   10.975781] dhcpcd[784]: dhcpcd-9.4.1 starting
machine # [   10.986341] systemd[1]: Listening on D-Bus System Message Bus Socket.
machine # [   10.988168] j72arpq1dfn7q59irzji3xwljjdiq8vs-audit-disable[790]: No rules
machine # [   10.995680] dhcpcd[797]: dev: loaded udev
machine # [   11.000591] systemd[1]: Listening on Nix Daemon Socket.
machine # [   11.003196] logrotate[785]: warning: logrotate in debug mode does nothing except printing debug messages!  Consider using verbose mode (-v) instead if this is not what you want.
machine # [   11.004627] logrotate[785]: reading config file /nix/store/ysgfy4413nrn23ddins98pcrk81bmzsy-logrotate.conf
machine # [   11.005451] logrotate[785]: note: 'monthly' overrides previously specified 'weekly'
machine # [   11.006150] logrotate[785]: Reading state from file: /var/lib/logrotate.status
machine # [   11.007165] logrotate[785]: state file /var/lib/logrotate.status does not exist
machine # [   11.008112] logrotate[785]: Allocating hash table for state file, size 64 entries
machine # [   11.009574] logrotate[785]: Handling 2 logs
machine # [   11.012410] logrotate[785]: rotating pattern: "/var/log/btmp"  monthly (1 rotations)
machine: connected to guest root shell
machine: (connecting took 12.55 seconds)
machine # [   11.014577] logrotate[785]: empty log files are not rotated, only log files >= 1048576 bytes are rotated, old logs are removed
(finished: waiting for the VM to finish booting, in 12.57 seconds)
machine # [   11.021657] logrotate[785]: considering log /var/log/btmp
machine # [   11.027646] logrotate[785]: Creating new state
machine # [   11.031351] logrotate[785]:   Now: 2023-03-08 02:13
machine # [   11.031726] logrotate[785]:   Last rotated at 2023-03-08 02:00
machine # [   11.037402] logrotate[785]:   log does not need rotating (log has already been rotated)
machine # [   11.044219] logrotate[785]: rotating pattern: "/var/log/wtmp"  monthly (1 rotations)
machine # [   11.049184] logrotate[785]: empty log files are not rotated, only log files >= 1048576 bytes are rotated, old logs are removed
machine # [   11.050179] logrotate[785]: considering log /var/log/wtmp
machine # [   11.050734] logrotate[785]: Creating new state
machine # [   11.056758] logrotate[785]:   Now: 2023-03-08 02:13
machine # [   11.062287] logrotate[785]:   Last rotated at 2023-03-08 02:00
machine # [   11.063167] logrotate[785]:   log does not need rotating (log has already been rotated)
machine # [   11.064560] systemd[1]: Reached target Socket Units.
machine # [   11.068786] systemd[1]: Reached target Basic System.
machine # [   11.075992] systemd[1]: Starting Kernel Auditing...
machine # [   11.077195] nsncd[786]: Mar 08 02:13:39.227 INFO started, handoff_timeout: 3s, worker_count: 8, path: "/var/run/nscd/socket"
machine # sh: cannot set terminal process group (-1): Inappropriate ioctl for device
machine # sh: no job control in this shell
machine # [   11.080013] systemd[1]: Started backdoor.service.
machine # [   11.081787] systemd[1]: Starting DHCP Client...
machine # [   11.085724] zed[796]: ZFS Event Daemon 2.1.9-1 (PID 796)
(finished: must succeed: echo hello, in 12.64 seconds)
(finished: subtest: Assert readiness of login prompt, in 12.64 seconds)
subtest: Wait for hard disks to appear in /dev
machine: must succeed: udevadm settle
machine # [   11.092623] zed[796]: Processing events since eid=0
machine # [   11.096367] systemd[1]: Starting Logrotate configuration check...
machine # [   11.097509] systemd[1]: Starting Name Service Cache Daemon (nsncd)...
machine # [   11.103405] systemd[1]: Started Reset console on configuration changes.
machine # [   11.110311] systemd[1]: Starting resolvconf update...
machine # [   11.113149] systemd[1]: Starting ZFS file system shares...
machine # [   11.115133] systemd[1]: Started ZFS Event Daemon (zed).
machine # [   11.116334] systemd[1]: Finished Logrotate configuration check.
machine # [   11.856038] 8021q: 802.1Q VLAN Support v1.8
machine # [   11.859404] Key type encrypted registered
machine # [   11.181635] systemd[1]: Finished Kernel Auditing.
machine # [   11.186234] systemd[1]: Started Name Service Cache Daemon (nsncd).
machine # [   11.197453] systemd[1]: Finished ZFS file system shares.
machine # [   11.889829] EDAC MC: Ver: 3.0.0
machine # [   11.212509] systemd[1]: Reached target Host and Network Name Lookups.
machine # [   11.214160] systemd[1]: Reached target User and Group Name Lookups.
machine # [   11.217525] systemd[1]: Reached target ZFS startup target.
machine # [   11.231113] systemd[1]: Starting D-Bus System Message Bus...
machine # [   11.237274] systemd[1]: Starting User Login Management...
machine # [   11.259694] systemd[1]: Stopped target Host and Network Name Lookups.
machine # [   11.260741] systemd[1]: Stopping Host and Network Name Lookups...
machine # [   11.265781] systemd[1]: Stopped target User and Group Name Lookups.
machine # [   11.270162] systemd[1]: Stopping User and Group Name Lookups...
machine # [   11.271348] systemd[1]: Listening on Load/Save RF Kill Switch Status /dev/rfkill Watch.
machine # [   11.277776] systemd[1]: Stopping Name Service Cache Daemon (nsncd)...
machine # [   11.294653] systemd[1]: nscd.service: Deactivated successfully.
machine # [   11.320374] systemd[1]: Stopped Name Service Cache Daemon (nsncd).
machine # [   11.334446] dbus-daemon[861]: dbus[861]: Unknown username "systemd-timesync" in message bus configuration file
machine # [   11.517030] systemd-logind[863]: New seat seat0.
machine # [   11.522609] systemd-logind[863]: Watching system buttons on /dev/input/event2 (Power Button)
machine # [   11.524325] systemd-logind[863]: Watching system buttons on /dev/input/event4 (QEMU Virtio Keyboard)
machine # [   11.528123] systemd-logind[863]: Watching system buttons on /dev/input/event0 (AT Translated Set 2 keyboard)
machine # [   11.646479] systemd[1]: Finished resolvconf update.
machine # [   11.647666] systemd[1]: Started D-Bus System Message Bus.
machine # [   11.653469] dbus-daemon[861]: [system] Successfully activated service 'org.freedesktop.systemd1'
machine # [   12.417461] cfg80211: Loading compiled-in X.509 certificates for regulatory database
machine # [   11.739470] systemd[1]: Starting Name Service Cache Daemon (nsncd)...
machine # [   11.741802] systemd[1]: Started User Login Management.
machine # [   11.784473] nsncd[886]: Mar 08 02:13:39.976 INFO started, handoff_timeout: 3s, worker_count: 8, path: "/var/run/nscd/socket"
machine # [   11.787208] systemd[1]: Started Name Service Cache Daemon (nsncd).
machine # [   11.7[   12.480882] cfg80211: Loaded X.509 cert 'sforshee: 00b28ddf47aef9cea7'
machine # 90371] systemd[1]: Reached target Host and Network Name Lookups.
machine # [   11.793806] systemd[1]: Reached target User and Group Name Lookups.
machine # [   12.606694] 8021q: adding VLAN 0 to HW filter on device eth0
machine # [   11.925159] dhcpcd[797]: eth0: waiting for carrier
machine # [   11.926635] dhcpcd[797]: eth0: carrier acquired
machine # [   11.947646] dhcpcd[797]: DUID 00:01:00:01:2b:9a:ab:d4:52:54:00:12:34:56
machine # [   11.948550] dhcpcd[797]: eth0: IAID 00:12:34:56
machine # [   11.949778] dhcpcd[797]: eth0: adding address fe80::5054:ff:fe12:3456
machine # [   12.226746] dhcpcd[797]: eth0: soliciting an IPv6 router
machine # [   12.244439] dhcpcd[797]: eth0: soliciting a DHCP lease
machine # [   12.957833] NET: Registered PF_PACKET protocol family
machine # [   12.304123] dhcpcd[797]: eth0: offered 10.0.2.15 from 10.0.2.2
machine # [   12.305313] dhcpcd[797]: eth0: leased 10.0.2.15 for 86400 seconds
machine # [   12.307765] dhcpcd[797]: eth0: adding route to 10.0.2.0/24
machine # [   12.312766] dhcpcd[797]: eth0: adding default route via 10.0.2.2
machine # [   12.330600] systemd[1]: Finished Firewall.
machine # [   12.332800] systemd[1]: Reached target Preparation for Network.
machine # [   12.334494] systemd[1]: Reached target All Network Interfaces (deprecated).
machine # [   12.352095] systemd[1]: Starting Networking Setup...
machine # [   12.496464] systemd[1]: Stopped target Host and Network Name Lookups.
machine # [   12.497658] systemd[1]: Stopping Host and Network Name Lookups...
machine # [   12.500672] systemd[1]: Stopped target User and Group Name Lookups.
machine # [   12.505483] systemd[1]: Stopping User and Group Name Lookups...
machine # [   12.508463] systemd[1]: Stopping Name Service Cache Daemon (nsncd)...
machine # [   12.521013] systemd[1]: nscd.service: Deactivated successfully.
machine # [   12.540417] systemd[1]: Stopped Name Service Cache Daemon (nsncd).
machine # [   12.559389] systemd[1]: Starting Name Service Cache Daemon (nsncd)...
machine # [   12.589617] dhcpcd[784]: Failed to reload-or-try-restart ntpd.service: Unit ntpd.service not found.
machine # [   12.591511] nsncd[1006]: Mar 08 02:13:40.783 INFO started, handoff_timeout: 3s, worker_count: 8, path: "/var/run/nscd/socket"
machine # [   12.593467] systemd[1]: Started Name Service Cache Daemon (nsncd).
machine # [   12.595417] systemd[1]: Reached target Host and Network Name Lookups.
machine # [   12.598174] systemd[1]: Reached target User and Group Name Lookups.
(finished: must succeed: udevadm settle, in 1.48 seconds)
machine # [   12.610035] dhcpcd[784]: Failed to reload-or-try-restart openntpd.service: Unit openntpd.service not found.
(finished: subtest: Wait for hard disks to appear in /dev, in 1.48 seconds)
machine: must succeed: flock /dev/vda parted --script /dev/vda -- mklabel msdos mkpart primary ext2 1M 100MB mkpart primary 100MB 512MB   mkpart primary 512MB 1024MB mkpart primary 1024MB -1s 
machine # [   12.611619] systemd[1]: Started DHCP Client.
(finished: must succeed: flock /dev/vda parted --script /dev/vda -- mklabel msdos mkpart primary ext2 1M 100MB mkpart primary 100MB 512MB   mkpart primary 512MB 1024MB mkpart primary 1024MB -1s , in 0.20 seconds)
machine: must succeed: modprobe bcache
(finished: must succeed: modprobe bcache, in 0.12 seconds)
machine: must succeed: udevadm settle
(finished: must succeed: udevadm settle, in 0.06 seconds)
machine: must succeed: make-bcache -B /dev/vda4 -C /dev/vda3
(finished: must succeed: make-bcache -B /dev/vda4 -C /dev/vda3, in 0.08 seconds)
machine: must succeed: udevadm settle
machine # [   13.786318] bcache: run_cache_set() invalidating existing data
machine # [   13.805233] bcache: register_cache() registered cache device vda3
machine # [   13.806367] bcache: register_bdev() registered backing device vda4
machine # [   13.815206] bcache: bch_cached_dev_attach() Caching vda4 as bcache0 on set 7b7d06ee-b3c0-439b-98f4-91ccb0228e0e
(finished: must succeed: udevadm settle, in 0.13 seconds)
machine: must succeed: mkfs.ext3 -L nixos /dev/bcache0
machine # mke2fs 1.46.5 (30-Dec-2021)
machine # [   13.319092] dhcpcd[797]: eth0: Router Advertisement from fe80::2
machine # [   13.319730] dhcpcd[797]: eth0: adding address fec0::5054:ff:fe12:3456/64
machine # [   13.321457] dhcpcd[797]: eth0: adding route to fec0::/64
machine # [   13.323500] dhcpcd[797]: eth0: adding default route via fe80::2
machine # [   13.604141] systemd[1]: Finished Networking Setup.
machine # [   13.619521] systemd[1]: Starting Extra networking commands....
machine # [   13.654472] systemd[1]: Finished Extra networking commands..
machine # [   13.656202] systemd[1]: Reached target Network.
machine # [   13.658703] systemd[1]: Reached target Network is Online.
machine # [   13.674378] systemd[1]: Starting SSH Daemon...
machine # [   13.678241] systemd[1]: Starting Permit User Sessions...
machine # [   13.744531] systemd[1]: Finished Permit User Sessions.
machine # [   13.763321] systemd[1]: Started Getty on tty1.
machine # [   13.764679] systemd[1]: Reached target Login Prompts.
machine # [   14.722278] sshd-pre-start[1112]: Generating public/private rsa key pair.
machine # [   14.723458] sshd-pre-start[1112]: Your identification has been saved in /etc/ssh/ssh_host_rsa_key
machine # [   14.724556] sshd-pre-start[1112]: Your public key has been saved in /etc/ssh/ssh_host_rsa_key.pub
machine # [   14.727164] sshd-pre-start[1112]: The key fingerprint is:
machine # [   14.727659] sshd-pre-start[1112]: SHA256://anrx4dFGBKaoxr5koBnSUSDknfhxfvMIgJ3U6PJhU root@machine
machine # [   14.729142] sshd-pre-start[1112]: The key's randomart image is:
machine # [   14.730116] sshd-pre-start[1112]: +---[RSA 4096]----+
machine # [   14.731045] sshd-pre-start[1112]: |.+oooE.o   . o.. |
machine # [   14.731485] sshd-pre-start[1112]: | .=.*+* = o o   .|
machine # [   14.733204] sshd-pre-start[1112]: |   *+*o* = .   . |
machine # [   14.733636] sshd-pre-start[1112]: |   ..+o.*     .  |
machine # [   14.735087] sshd-pre-start[1112]: |    o. +S.     . |
machine # [   14.735518] sshd-pre-start[1112]: |      =  .     ..|
machine # [   14.736755] sshd-pre-start[1112]: |     . .  .   . .|
machine # [   14.739391] sshd-pre-start[1112]: |    . .    ..  ..|
machine # [   14.740806] sshd-pre-start[1112]: |     .     ..o==.|
machine # [   14.742746] sshd-pre-start[1112]: +----[SHA256]-----+
(finished: must succeed: mkfs.ext3 -L nixos /dev/bcache0, in 1.58 seconds)
machine: must succeed: mount LABEL=nixos /mnt
machine # [   14.825601] sshd-pre-start[1120]: Generating public/private ed25519 key pair.
machine # [   14.826327] sshd-pre-start[1120]: Your identification has been saved in /etc/ssh/ssh_host_ed25519_key
machine # [   14.827277] sshd-pre-start[1120]: Your public key has been saved in /etc/ssh/ssh_host_ed25519_key.pub
machine # [   14.827671] sshd-pre-start[1120]: The key fingerprint is:
machine # [   14.830221] sshd-pre-start[1120]: SHA256:j+0i5sB1Q7aHdiRjOE5slZZicZkWOGTkN4/Qtj7sTpI root@machine
machine # [   14.830683] sshd-pre-start[1120]: The key's randomart image is:
machine # [   14.832021] sshd-pre-start[1120[   15.533938] EXT4-fs (bcache0): mounting ext3 file system using the ext4 subsystem
machine # ]: +--[ED25519 256]--+
machine # [   14.832473] sshd-pre-start[1120]: |     o=o+*       |
machine # [   14.833210] sshd-pre-start[1120]: |     +==B        |
machine # [   14.833678] sshd-pre-start[1120]: |     .O=@ .      |
machine # [   14.835100] sshd-pre-start[1120]: |     + O @       |
machine # [   14.835494] sshd-pre-start[1120]: |      o S +      |
machine # [   14.836736] sshd-pre-start[1120]: |   . . * B       |
machine # [   14.838148] sshd-pre-start[1120]: |    o E * o      |
machine # [   14.838612] sshd-pre-start[1120]: |     .o+.o       |
machine # [   14.839799] sshd-pre-start[1120]: |     o.oo..      |
machine # [   14.841238][   15.558725] EXT4-fs (bcache0): mounted filesystem with ordered data mode. Quota mode: none.
machine #  sshd-pre-start[1120]: +----[SHA256]-----+
(finished: must succeed: mount LABEL=nixos /mnt, in 0.10 seconds)
machine: must succeed: mkfs.ext3 -L boot /dev/vda1
machine # [   14.895601] systemd[1]: Started SSH Daemon.
machine # [   14.901567] systemd[1]: Reached target Multi-User System.
machine # [   14.902433] systemd[1]: Startup finished in 6.801s (kernel) + 8.099s (userspace) = 14.901s.
machine # mke2fs 1.46.5 (30-Dec-2021)
machine # [   14.956019] sshd[1122]: Server listening on 0.0.0.0 port 22.
machine # [   14.957058] sshd[1122]: Server listening on :: port 22.
machine # [   15.002023] login[1113]: pam_unix(login:session): session opened for user nixos(uid=1000) by LOGIN(uid=0)
machine # [   15.063097] systemd[1]: Created slice Slice /user/1000.
machine # [   15.065500] systemd[1]: Starting User Runtime Directory /run/user/1000...
machine # [   15.075719] systemd-logind[863]: New session 1 of user nixos.
machine # [   15.136440] systemd[1]: Finished User Runtime Directory /run/user/1000.
machine # [   15.152235] systemd[1]: Starting User Manager for UID 1000...
machine # [   15.189670] systemd[1130]: pam_unix(systemd-user:session): session opened for user nixos(uid=1000) by (uid=0)
(finished: must succeed: mkfs.ext3 -L boot /dev/vda1, in 0.46 seconds)
machine: must succeed: mkdir /mnt/boot
(finished: must succeed: mkdir /mnt/boot, in 0.07 seconds)
machine: must succeed: mount LABEL=boot /mnt/boot
machine # [   16.146443] EXT4-fs (vda1): mounting ext3 file system using the ext4 subsystem
machine # [   16.162332] EXT4-fs (vda1): mounted filesystem with ordered data mode. Quota mode: none.
(finished: must succeed: mount LABEL=boot /mnt/boot, in 0.07 seconds)
machine: must succeed: mkswap -f /dev/vda2 -L swap
(finished: must succeed: mkswap -f /dev/vda2 -L swap, in 0.05 seconds)
machine: must succeed: swapon -L swap
machine # [   16.259175] Adding 402428k swap on /dev/vda2.  Priority:-2 extents:1 across:402428k FS
(finished: must succeed: swapon -L swap, in 0.05 seconds)
subtest: Create the NixOS configuration
machine: must succeed: nixos-generate-config --root /mnt
machine # [   15.639485] systemd[1130]: Queued start job for default target Main User Target.
machine # [   15.677197] systemd[1130]: Created slice User Application Slice.
machine # [   15.679608] systemd[1130]: Reached target Paths.
machine # [   15.681784] systemd[1130]: Reached target Timers.
machine # [   15.693217] systemd[1130]: Starting D-Bus User Message Bus Socket...
machine # [   15.752191] systemd[1130]: Listening on D-Bus User Message Bus Socket.
machine # [   15.754395] systemd[1130]: Reached target Sockets.
machine # [   15.755553] systemd[1130]: Reached target Basic System.
machine # [   15.757674] systemd[1]: Started User Manager for UID 1000.
machine # [   15.784334] systemd[1130]: Starting Run user-specific NixOS activation...
machine # [   15.786219] systemd[1]: Started Session 1 of User nixos.
machine # [   15.802747] systemd[1130]: Finished Run user-specific NixOS activation.
machine # [   15.804782] systemd[1130]: Reached target Main User Target.
machine # [   15.806512] systemd[1130]: Startup finished in 569ms.
machine # writing /mnt/etc/nixos/hardware-configuration.nix...
machine # writing /mnt/etc/nixos/configuration.nix...
machine # For more hardware-specific settings, see https://github.com/NixOS/nixos-hardware.
(finished: must succeed: nixos-generate-config --root /mnt, in 0.65 seconds)
machine: must succeed: cat /mnt/etc/nixos/hardware-configuration.nix >&2
machine # # Do not modify this file!  It was generated by nixos-generate-config
machine # # and may be overwritten by future invocations.  Please make changes
machine # # to /etc/nixos/configuration.nix instead.
machine # { config, lib, pkgs, modulesPath, ... }:
machine # 
machine # {
machine #   imports =
machine #     [ (modulesPath + "/profiles/qemu-guest.nix")
machine #     ];
machine # 
machine #   boot.initrd.availableKernelModules = [ "ata_piix" "uhci_hcd" "virtio_pci" "floppy" "sr_mod" "virtio_blk" "bcache" ];
machine #   boot.initrd.kernelModules = [ ];
machine #   boot.kernelModules = [ "kvm-intel" ];
machine #   boot.extraModulePackages = [ ];
machine # 
machine #   fileSystems."/" =
machine #     { device = "/dev/disk/by-uuid/a435b072-d20e-4953-99d3-557accbf4f05";
machine #       fsType = "ext3";
machine #     };
machine # 
machine #   fileSystems."/boot" =
machine #     { device = "/dev/disk/by-uuid/33d7bec8-3c89-42fd-a20e-5a9eb34aa2c8";
machine #       fsType = "ext3";
machine #     };
machine # 
machine #   swapDevices =
machine #     [ { device = "/dev/disk/by-uuid/d51adc45-22c4-4fcf-8971-4a3f29e568f0"; }
machine #     ];
machine # 
machine #   # Enables DHCP on each ethernet and wireless interface. In case of scripted networking
machine #   # (the default) this is the recommended approach. When using systemd-networkd it's
machine #   # still possible to use this option, but it's recommended to use it in conjunction
machine #   # with explicit per-interface declarations with `networking.interfaces.<interface>.useDHCP`.
machine #   networking.useDHCP = lib.mkDefault true;
machine #   # networking.interfaces.eth0.useDHCP = lib.mkDefault true;
machine # 
machine #   nixpkgs.hostPlatform = lib.mkDefault "x86_64-linux";
machine #   hardware.cpu.intel.updateMicrocode = lib.mkDefault config.hardware.enableRedistributableFirmware;
machine # }
(finished: must succeed: cat /mnt/etc/nixos/hardware-configuration.nix >&2, in 0.13 seconds)
machine: must succeed: mkdir -p /tmp/shared/tmpdmjghaht
(finished: must succeed: mkdir -p /tmp/shared/tmpdmjghaht, in 0.05 seconds)
machine: must succeed: mkdir -p /mnt/etc/nixos
(finished: must succeed: mkdir -p /mnt/etc/nixos, in 0.04 seconds)
machine: must succeed: cp -r /tmp/shared/tmpdmjghaht/p0wcah8mscf24p5rjbxn1dw1hp56fidk-configuration.nix /mnt/etc/nixos/configuration.nix
(finished: must succeed: cp -r /tmp/shared/tmpdmjghaht/p0wcah8mscf24p5rjbxn1dw1hp56fidk-configuration.nix /mnt/etc/nixos/configuration.nix, in 0.05 seconds)
machine: must succeed: mkdir -p /tmp/shared/tmpkfh55lj1
(finished: must succeed: mkdir -p /tmp/shared/tmpkfh55lj1, in 0.04 seconds)
machine: must succeed: mkdir -p /mnt/etc/nixos
(finished: must succeed: mkdir -p /mnt/etc/nixos, in 0.05 seconds)
machine: must succeed: cp -r /tmp/shared/tmpkfh55lj1/kfx27q2scxy6aqrg0z7jsqz13bv22x27-secret /mnt/etc/nixos/secret
(finished: must succeed: cp -r /tmp/shared/tmpkfh55lj1/kfx27q2scxy6aqrg0z7jsqz13bv22x27-secret /mnt/etc/nixos/secret, in 0.05 seconds)
(finished: subtest: Create the NixOS configuration, in 1.05 seconds)
subtest: Perform the installation
machine: must succeed: nixos-install < /dev/null >&2
machine # copying channel...
machine # building the configuration in /mnt/etc/nixos/configuration.nix...
machine # these 227 derivations will be built:
machine #   /nix/store/01azjqnkv7yyrg282wdl65lngf855vbz-audit-disable.drv
machine #   /nix/store/w6fqwsi0by5ajj93m56nj7h3rq887n2m-unit-script-network-local-commands-start.drv
machine #   /nix/store/02kdz66wk077xz9hhq35m4vix7ga3yfm-unit-network-local-commands.service.drv
machine #   /nix/store/cqpk8wj5b6bkfzgp71w3w8ra428q3inq-mount-pstore.sh.drv
machine #   /nix/store/07j4zyfljazak1jcikwl1qh6xk78bq4f-unit-mount-pstore.service.drv
machine #   /nix/store/09m9hpvj9wz0sccy3z6pcb7r6jr4yr50-vlock.pam.drv
machine #   /nix/store/12l5cd0aywmapdcrpx7iizj74ia64hfn-other.pam.drv
machine #   /nix/store/133raxrib512vsznnqw3i8l3il7s0ca0-chfn.pam.drv
machine #   /nix/store/1bygfchgc9fwkhmwdxkyvf4yav1nnmdy-etc-logind.conf.drv
machine #   /nix/store/4l9b9bv6zdgjhi5cd4r3l1lbzvm83992-extra-hwdb-file.drv
machine #   /nix/store/b0fchk8yv6da2zqwn5b7q8i39xmap3vv-ipv6-privacy-extensions.rules.drv
machine #   /nix/store/cny9vqxh7i7cx92pcfjxmhcx5ymrs5zx-ipv6-privacy-extensions.rules.drv
machine #   /nix/store/rnf84p4l27da1rz7xz2cdbbf2aykvm6q-extra-udev-rules.drv
machine #   /nix/store/1cn3jx9977m8r4j1lha8ai6ir718kbll-hwdb.bin.drv
machine #   /nix/store/1hcw5179k1z9958difk7kw1ib57igm0y-locale.conf.drv
machine #   /nix/store/2qvzqpb2kp24y0qrs4wx5q3d2wi49bzq-extra-hosts.drv
machine #   /nix/store/7y5r99l0rpcmj3pnihfhnzgypxin1mls-localhost-hosts.drv
machine #   /nix/store/f31s46w2wscpbdmlgsarlrn5vh9qg4rf-string-hosts.drv
machine #   /nix/store/1jp6sm62ijhpdl88q41c65mmdqkw4p1c-hosts.drv
machine #   /nix/store/2vh2wgg28jk8j69jkbc4cnhlp7i2b1ph-builder.pl.drv
machine #   /nix/store/7043vvxwq7gg962pmrzr0yxx93z01zw8-die-hook.drv
machine #   /nix/store/q5ynfl04kpa2hj470a7has6932cyhy8c-make-shell-wrapper-hook.drv
machine #   /nix/store/1p6y3swzp8b0cxlq8sj6a9pc8vbbsh1m-perl-5.36.0-env.drv
machine #   /nix/store/21rf5jl2ly29s216kmba6cy5k24m3mm0-systemd-default-tmpfiles.drv
machine #   /nix/store/cx73g2b8licbpkc7xswvc07v91q9fxwf-etc-journald.conf.drv
machine #   /nix/store/28f26zzvi9qlr4kgb357fw3lgjc0nj5f-unit-systemd-journald.service.drv
machine #   /nix/store/rvrkm2fysv2d7qanlb5dd7navgzgprgv-firmware.drv
machine #   /nix/store/28gs5pp763zb5212qs1lccywxa9a7m9r-etc-firmware.conf.drv
machine #   /nix/store/fas1z8xiv6v16qj5i73pbh3rz00mnzgl-unit-script-post-resume-start.drv
machine #   /nix/store/2am2zfjd8jhacqmd85rfwgrw9m07gbkq-unit-post-resume.service.drv
machine #   /nix/store/2d51dngi1bkr1vk2xqcbbn1iaklb2js0-etc-lsb-release.drv
machine #   /nix/store/lg54ia805pjw8y5f3bzjgbpkq38lvfii-etc-60-nixos.conf.drv
machine #   /nix/store/2hqv5cv9lzq802h7sh3b5jipy0qhby0r-unit-systemd-sysctl.service.drv
machine #   /nix/store/2i45izg52hlp0lypf2wgb8y18ryr1mwj-initrd-kmod-blacklist-ubuntu.drv
machine #   /nix/store/2iiaqy2pldh76l4psawwx1k12nm8nll5-client.conf.drv
machine #   /nix/store/38pzimacgnxgxxss9ya1sfzwqx1hz3ka-unit-nscd.service.drv
machine #   /nix/store/3hk02pa22lpcfbnk5wsrwaz1a8lz2v5z-unit-run-initramfs.mount.drv
machine #   /nix/store/vls3wp5snqixkrhns1758a5siimbd2p5-unit-script-network-setup-start.drv
machine #   /nix/store/3km6vrhb5q7aid3h3rv9mk590bs0ry65-unit-network-setup.service.drv
machine #   /nix/store/3n2pzmshjzpsq9pa0adbqa0x60r6m4js-unit-systemd-journal-flush.service.drv
machine #   /nix/store/njll11mhvzfbbd4a5nngc05gzxadym28-unit-script-pre-sleep-start.drv
machine #   /nix/store/3vg1q5sa5andq61sa2halyzzc4im6x68-unit-pre-sleep.service.drv
machine #   /nix/store/467xgd1snkyp717h2xqqvv1dn8pahv21-unit-systemd-journal-gatewayd.socket.drv
machine #   /nix/store/48sc1j9rrx88248d36ysh844wk6slvjz-unit-network-interfaces.target.drv
machine #   /nix/store/4i6skz3f0i7fkjvbckn0yypjai1gybnq-unit-systemd-logind.service.drv
machine #   /nix/store/xj3k8nfanfxg8achhmj60d8alw7q5s3g-audit-stop.drv
machine #   /nix/store/5nvq20b0s7v53kcdfylw2si8xr9r7b42-unit-audit.service.drv
machine #   /nix/store/62k8llr753x3nq72yn09mqzcwq8n0cgb-unit-serial-getty-.service.drv
machine #   /nix/store/m5m0a6l1bgyxj4i8lf09fgxw9bdz154h-logrotate.conf.drv
machine #   /nix/store/6kjwbx0lpmiqca0mi6dz8vwbri6yav50-unit-logrotate.service.drv
machine #   /nix/store/6miggljj3mk82apdgcsf1i640sagmwgx-unit-systemd-importd.service.drv
machine #   /nix/store/6szbf51lf2d366cldpkn57psbzsylzlw-unit-systemd-udev-settle.service.drv
machine #   /nix/store/76k6hh41v9ihyxhwa70sqx0rgxyybc12-unit-logrotate-checkconf.service.drv
machine #   /nix/store/7wzxaj81fkc805qzscy8hjayiyayc80v-unit-kmod-static-nodes.service.drv
machine #   /nix/store/9j6677f2ph61kqwm20cyiili9gpssmvh-unit-user-runtime-dir-.service.drv
machine #   /nix/store/n5bhfkf105vhg6vbcf25dr4g9psbwy33-etc-timesyncd.conf.drv
machine #   /nix/store/9lnvv19fnfh6c56grln6hsnalk2zlh01-unit-systemd-timesyncd.service.drv
machine #   /nix/store/9v1s49wfkzbayw7cdm5zkxwfz764s4jf-unit-nix-optimise.service.drv
machine #   /nix/store/9x126g5j9n02dx4fqjbaa23fqhkgzcj6-unit-systemd-journald-.service.drv
machine #   /nix/store/arlir0hjvi7lrrg7cxx6fm46cxvhcgw7-unit-systemd-random-seed.service.drv
machine #   /nix/store/avp1myx6lkinqmir6rwlnv2iw4is2cin-unit--.slice.drv
machine #   /nix/store/azxhzm9gpg1cznkxabqfy8bnannazqh8-unit-autovt-.service.drv
machine #   /nix/store/bgcww5k4z90pw9pjy0kf6q2w2r2lxjxv-unit-console-getty.service-disabled.drv
machine #   /nix/store/bm7qhpzip147xgf3qk904prlf1xs75x4-unit-systemd-oomd.service.drv
machine #   /nix/store/bylinzvw3xff7cviqwwrw65dh5nv0ls8-unit-logrotate.timer.drv
machine #   /nix/store/c2ylrp0nvqnxz0p36gkqpjns102rsxaq-unit-system.slice.drv
machine #   /nix/store/3ka0rdwjg8pg61mfvgsml43x9bb5px7k-dhcpcd.conf.drv
machine #   /nix/store/lsx4r46d7q6syl5ziqn6w8byk22m0knq-dhcpcd.exit-hook.drv
machine #   /nix/store/clgai7nacmlbr1gmf6gv04ddya962wff-unit-dhcpcd.service.drv
machine #   /nix/store/w6gmdxy0v5cqjmq1dgprixv177gsm5gn-etc-resolvconf.conf.drv
machine #   /nix/store/d328x69kxwx28c9z4sbd4jh1v1mkpbsh-unit-resolvconf.service.drv
machine #   /nix/store/3wi8rzdjays9izrh0r4fy7427ncbypw8-unit-script-nix-gc-start.drv
machine #   /nix/store/da4inhb6bm3pn3wnl4rf9q90ypwv92dc-unit-nix-gc.service.drv
machine #   /nix/store/h6cr5svyrkwd6jrz6jkl9k5xlh1lx5s8-nixos-container.drv
machine #   /nix/store/3515wj4bl0wzq6pcvsza488c08054wj9-reload-container.drv
machine #   /nix/store/44k3k8ywygaz0mzna4v6x7grkvac3jh1-unit-script-container_-post-start.drv
machine #   /nix/store/h3933pdqvvpdjf5g5yr60w8w75bj7v7l-container-init.drv
machine #   /nix/store/736gnvj07ayq96wy20k3v4ibwn49w0av-unit-script-container_-start.drv
machine #   /nix/store/d62l1q7432pkg1kwzv3rrzwgn4mdix9q-unit-script-container_-pre-start.drv
machine #   /nix/store/gf4drnrwq4n5qhbcwv8f79x3bq9asjpy-unit-container-.service.drv
machine #   /nix/store/rkvlw69wqbf1j748l76ck96zqpri02qy-perl-5.36.0-env.drv
machine #   /nix/store/5b3yyj3kjjqc9f0hlqmqnwy5agd3r366-command-not-found.drv
machine #   /nix/store/7c22k6lq520h6w1lhgc17hhpy01ki35z-nixos-rebuild.drv
machine #   /nix/store/ahp4q76nm2zf1nv86s85rncp24jwv73m-nixos-generate-config.drv
machine #   /nix/store/arwl9cswf7x65il3m9lgv8g4xnsxsixs-nixos-enter.drv
machine #   /nix/store/b0nzimqaan68ql685s24dhbcfbb713qm-getconf-glibc-2.35-224.drv
machine #   /nix/store/dy6l8fmx164ps3nz3xlhwvx6qa118yqi-nixos-build-vms.drv
machine #   /nix/store/mn7m1yg25skmvc5h4ylxs8c4jhic6a6d-nixos-install.drv
machine #   /nix/store/nx9dkia8328rf31yb4piiw0p7k32gz91-nixos-version.drv
machine #   /nix/store/3n7p06xkdlh6h34vngmka3wqixmg80lm-system-path.drv
machine #   /nix/store/qm17lmzvqnjaqy1mzrkvcz4sglsdn7jj-dbus-1.drv
machine #   /nix/store/hd0s29crdx3fjazdq2w5znk76zvnp7q1-unit-dbus.service.drv
machine #   /nix/store/rb0715m8amvlzbaanshqgyiazfmp6p28-vconsole.conf.drv
machine #   /nix/store/ygm83hf2j99lw3hh1f3qd39p0rkl2d4p-console-env.drv
machine #   /nix/store/i6m2w72zna0njrsi25v8jwbkmq7fpykk-unit-reload-systemd-vconsole-setup.service.drv
machine #   /nix/store/i7b819gafp3i2xs6g2d27hx2zzbyjml0-unit-save-hwclock.service.drv
machine #   /nix/store/ih8ja0gjzd9c7ys795j9mjjk08ja7ml9-unit-systemd-remount-fs.service.drv
machine #   /nix/store/kd2z1cdlkfgrn34slnn94sx0wcb1k0kn-unit-systemd-user-sessions.service.drv
machine #   /nix/store/lcynz9h5rhdkiz9v93zr1wrkaair1k4d-unit-container-getty-.service.drv
machine #   /nix/store/lpjl0dpppsymal28i01gpcsnghky3y0z-unit-fs.target.drv
machine #   /nix/store/m31nrg6jsy3b62wm156j85khkrnxwl2x-unit-serial-getty-hvc0.service-disabled.drv
machine #   /nix/store/mk71p54xxk45zadhb5v03dkzvh3ri932-unit-systemd-pstore.service.drv
machine #   /nix/store/mvnig7c0jzpy27vvisxmdmks8cj8j1hn-unit-post-resume.target.drv
machine #   /nix/store/nb576v100j9y9y192wfypq4rl9a4ymyn-unit-systemd-fsck-.service.drv
machine #   /nix/store/ndfbyizdqpp2dbpcc92364c4gww2pzgn-unit-serial-getty-ttyS0.service-disabled.drv
machine #   /nix/store/fbbfncdljlrdcah460vnhw637pia0sxx-shutdown-ramfs-contents.drv
machine #   /nix/store/njn1avxj3yyrwcsi0fm5790mxcjyp7yi-unit-generate-shutdown-ramfs.service.drv
machine #   /nix/store/p2ivl2syx0aq5j6dkpcaidi3pdwswkqb-unit-nix-daemon.socket.drv
machine #   /nix/store/p6b4x4kbdjc02xi74bgjbddik4rs194n-unit-systemd-udevd.service.drv
machine #   /nix/store/pgqqhfjpb5q3711yc385l3mjcswlziiz-unit-multi-user.target.drv
machine #   /nix/store/pljszdgayzi956rxk5g2n9hx0l4lbrir-unit-keys.target.drv
machine #   /nix/store/95c98j4cwbr9bbgqnyi605phs8sr91xv-unit-script-prepare-kexec-start.drv
machine #   /nix/store/qrykzkr0in1m6ddfki1rkgv2ggzp7jdy-unit-prepare-kexec.service.drv
machine #   /nix/store/s8hiz3dykprbpygy5z4sziyzq542la4x-unit-systemd-timedated.service.drv
machine #   /nix/store/s9k3xvw76dnbk1ni1ai98imjdz5z94l2-unit-user-.service.drv
machine #   /nix/store/n5v0bi3399bgq362zla65p6jmmw0y2lr-nixos.conf.drv
machine #   /nix/store/sg3mc70jdi3ba76k52m76vmm8rwa96zy-unit-systemd-modules-load.service.drv
machine #   /nix/store/si7sg4kjhvm2hnjp2nd4n9nzpdqr4fpm-unit-remote-fs.target.drv
machine #   /nix/store/srb4jzr9gxda2ag4kwl93gfgk0m8v1n8-unit-getty-.service.drv
machine #   /nix/store/w1cjk1giaph626hpcsi73j1i3p5gjhqf-unit-network-online.target.drv
machine #   /nix/store/wbrmnfjq8h9a0gfrws4kmwj7h5h61mdd-unit-local-fs.target.drv
machine #   /nix/store/qrp1lpgdaxhqv1cmcb9nc9iaqzcl1889-nix.conf.drv
machine #   /nix/store/wh0v9csjbd8w89ay8jl37g35qf0qmbna-unit-nix-daemon.service.drv
machine #   /nix/store/7sq69wgmncj1x4lbv7r4ppc2k81dbk8z-unit-script-backdoor-start.drv
machine #   /nix/store/wkbnmx88agwg3z489jkx2pcp9fa4fdw7-unit-backdoor.service.drv
machine #   /nix/store/x0cxhdhvf6hh867dz0j80ws2ksh6dpk5-unit-systemd-update-utmp.service.drv
machine #   /nix/store/g3fvnsbm6yx77p7bg6cc4imsjpc3krml-firewall-stop.drv
machine #   /nix/store/gsx4xmbnbnsjd3ssynpps8bhjfnpnvz2-firewall-start.drv
machine #   /nix/store/w1gpi0v2k7gzkgwxangxkx5p2337ci4b-firewall-reload.drv
machine #   /nix/store/xlslcli1lr3bpmk9kc649lr6ajh2ia0a-unit-firewall.service.drv
machine #   /nix/store/ycs12bg8xcqw9yw3r397ij0n93k6ky6w-unit-systemd-backlight-.service.drv
machine #   /nix/store/2r1w49cp4ygha938m5kc35hr7h7wgy1k-system-units.drv
machine #   /nix/store/3y5bmg0b8dlfk078gs8lmwxp3d06h011-etc-nixos.conf.drv
machine #   /nix/store/c781az2d8frl1lw8lq9xvwf43m9zzymh-mdadm.conf.drv
machine #   /nix/store/46rd53fr95b9w8q7nay1jlrzl2ljgnyh-initrd-fsinfo.drv
machine #   /nix/store/bpkn7riz11mdmalrl8pq6cr5drjqkrs2-find-libs.drv
machine #   /nix/store/w50fjv08waapjpi79vq4mm8kls87xyzx-nuke-references.drv
machine #   /nix/store/7sq6sz4ai9lmwhf1wvk70wijf3h1xnv8-extra-utils.drv
machine #   /nix/store/7bq6lx9862c11ay4hc7v2jhz5y0ypilk-linux-6.1.15-modules.drv
machine #   /nix/store/9s00922081vkx64lvfv6b1l2q9kb4fix-linux-6.1.15-modules-shrunk.drv
machine #   /nix/store/g2z2xqmn0z5gfd6z48rsb0idivskba49-udev-rules.drv
machine #   /nix/store/n9h4f0c9kw2fsdqwzf2b1lknzkqzycyq-link-units.drv
machine #   /nix/store/qcxa9b6n5yaxhwyv7lgnidj92liwkd96-mounts.sh.drv
machine #   /nix/store/d7nj09r5fcvs060mdgrzv1mrk5h1b7a9-stage-1-init.sh.drv
machine #   /nix/store/34q9wji5qf8s7daa841pgbgg5hl05iy1-initrd-linux-6.1.15.drv
machine #   /nix/store/ppw8c959nc40dilh2rdzhpqypmjbsdvn-udev-path.drv
machine #   /nix/store/3bsvm4g2wx7pvsnxkbfh9875fvw8ffmh-udev-rules.drv
machine #   /nix/store/3lwzrzmark7qwfqhng7rnmiwr7niax6f-etc-lvm.conf.drv
machine #   /nix/store/464w5d6dhxxv461srl2bjs1gh7qw6hmq-system-generators.drv
machine #   /nix/store/9f1q1mgbdxrak8rwvq77vkcnwhmyrnab-nixos-tmpfiles.d.drv
machine #   /nix/store/47lprrwx1mayv2frajmycqmxvvzz03vf-tmpfiles.d.drv
machine #   /nix/store/5fdq6k4v0wqn83984634ng98l9h1fgc7-etc-user.conf.drv
machine #   /nix/store/5hfvzf3qf8b8rh8kfx28csbhips0vvqp-i3lock-color.pam.drv
machine #   /nix/store/5p9z1kqg8w580y9jd095jb8fya4nxahy-i3lock.pam.drv
machine #   /nix/store/s5p8k8mc6jpk6aicxqa6j2lrq1d15dqq-desktops.drv
machine #   /nix/store/6anv7qkzxix37n3b7g6vma87knh7332m-etc-environment.drv
machine #   /nix/store/84xhi1r2xvw96628viyx3jcmv7pr6ymp-xlock.pam.drv
machine #   /nix/store/8fpa3d4vc07xszvx48cjggk3v4l746hl-xscreensaver.pam.drv
machine #   /nix/store/8hahv02ympkl6966nnq3l5r7z35fkbip-systemd-user.pam.drv
machine #   /nix/store/8ikik8j01xi823j1mnrpyzvjz9f4gzby-etc-host.conf.drv
machine #   /nix/store/9x2nv207lbbypd3cp75h4pbsci2cr8h6-su.pam.drv
machine #   /nix/store/9xxmyz36y8jjzg4a640rj4vm4h80qk82-etc-fstab.drv
machine #   /nix/store/ay0fnpac4n5x17ipn9pivalpvp6mncqg-etc-nanorc.drv
machine #   /nix/store/bq7wh12b70rs6dplq9vzhb1ghkwfxaqf-userdel.pam.drv
machine #   /nix/store/bwcsqkz9vkydzh47npa93cfqi8jgpyrp-system-shutdown.drv
machine #   /nix/store/ca9vq86nm1gphnhigigfx2f402dzjyvp-runuser-l.pam.drv
machine #   /nix/store/cslw59dshcn02n7pznwfcjjnhz5av38z-etc-shells.drv
machine #   /nix/store/fp9bahc43ri3qhgl89v8jw0yjmf9asbm-chsh.pam.drv
machine #   /nix/store/n6civ62wybf3byjz63bjcgjlvh77c9fb-systemd.drv
machine #   /nix/store/fydpjhwcir57pkyxjrazk3xnylf35aqs-50-coredump.conf.drv
machine #   /nix/store/gch117m729pizyc0k8p13sgp6qka94j0-useradd.pam.drv
machine #   /nix/store/gmq81fkb5s11f67vm0zf0nqj6m36imxz-groupdel.pam.drv
machine #   /nix/store/hbbr9w5ydqngr9b3jfyf7plyp0aqpbnf-groupmod.pam.drv
machine #   /nix/store/k2sg87pa05qwmvbrfhak5jc27mg3fn0l-etc-sleep.conf.drv
machine #   /nix/store/kw03926ry8jyg7zh0nnafi6sx3mvwxrn-etc-bashrc.drv
machine #   /nix/store/l3d1yxpgkakpj01jg5jzanjldj7j1357-etc-man_db.conf.drv
machine #   /nix/store/lbbvjyiqmvnfh2wr7byghpy7jfwiwyn5-etc-system.conf.drv
machine #   /nix/store/lczgcg1bpcf9lxvfadhr586rjmzdcm84-etc-hostname.drv
machine #   /nix/store/lkw8g7mppnw7rqd5g43fxnkvl18hp8a7-groupmems.pam.drv
machine #   /nix/store/lpdzysk7lasvi8yyrfxj2w6kynv347f0-fontconfig-etc.drv
machine #   /nix/store/mqhgmdjv756gfp3k5vnng24jg4kz7fms-useradd.drv
machine #   /nix/store/jxc9xd4y2ac9v9j0bsrhgqaw5mdykrnb-lessconfig.drv
machine #   /nix/store/nisphgfkvqqizx7bhxkhq57h1p8rl4zg-set-environment.drv
machine #   /nix/store/nkxvqw1fwf6h5yansiqinbwnndg78hdd-issue.drv
machine #   /nix/store/npsd2b3mr36sdzrz8lfmxwyw1kry06wn-usermod.pam.drv
machine #   /nix/store/jnpvssirfjlgg8iqgm9hx2vsx81xplhr-unit-script-nixos-activation-start.drv
machine #   /nix/store/6rvsymzav7d77aw4ri7lh56w4xax0mhw-unit-nixos-activation.service.drv
machine #   /nix/store/d84fd09683xmf549hirysbcm3wc6ljiz-unit-graphical-session.target.drv
machine #   /nix/store/gp1x6gzwrr06b14c67d6xf06sag2l99h-unit-dbus.socket.drv
machine #   /nix/store/m430n9jjx29iww12vknh8m0bgcymkb46-unit-dbus.service.drv
machine #   /nix/store/wyzs7n53x23rmlkszwzdbs4p3hnxqvkc-unit-systemd-tmpfiles-setup.service.drv
machine #   /nix/store/nx3p4avzrgwa38pslrihqrxc3nhc5bx7-user-units.drv
machine #   /nix/store/pa75jjlqz680flhfqxd5hjxgc46bncgs-sudo.pam.drv
machine #   /nix/store/q8vw4v7q85i73fmdlz335zm1394f1kzv-passwd.pam.drv
machine #   /nix/store/qczfxbqa1c1k7wnwdz3asrgci505qlg8-etc-coredump.conf.drv
machine #   /nix/store/r6dh6srnfbi94zqy70fhc6hlkg9iq0pi-runuser.pam.drv
machine #   /nix/store/r8bvfahb35v64zv09gkvflwb5wm6fws7-etc-nscd.conf.drv
machine #   /nix/store/rmilbkd83wx37p0khfsiqrl6sqgjl43p-login.pam.drv
machine #   /nix/store/rnwnv0iazv866w4djd9zm0m1kgd97cjv-etc-netgroup.drv
machine #   /nix/store/sv6yjd4w9amy8p33982y9fp50yz6mn9x-etc-oomd.conf.drv
machine #   /nix/store/vl796f388xswh22krilc4z0n3k3c7iz6-etc-nsswitch.conf.drv
machine #   /nix/store/vr4nw84gh2va9xg1325qincp4mmransc-smb-dummy.conf.drv
machine #   /nix/store/w83p9rggw18vl5jwmzc6qqxv4nz5q92w-groupadd.pam.drv
machine #   /nix/store/wb26p24fgxzxjdk1lq1a5wk86048s66p-chpasswd.pam.drv
machine #   /nix/store/wk8q8xlqh2vry6vs89qd77i333hw6qsw-etc-profile.drv
machine #   /nix/store/rzb09qma8k52ixzcdp2s7yvdr3lg5bq4-sudoers-in.drv
machine #   /nix/store/wn4ig77sdnw3h0m4diwiywxcwi5qfl3p-sudoers.drv
machine #   /nix/store/wz9z4mzsi93cy975b9fyj9lffpb6qzrx-etc-fuse.conf.drv
