building '/nix/store/cwpm3lwzycry63qvzqwy0j7amkic576y-nixos-test-driver-installer-bcachefs-encrypted.drv'...
     1  # This file contains type hints that can be prepended to Nix test scripts so they can be type
     2  # checked.
     3  
     4  from test_driver.driver import Driver
     5  from test_driver.vlan import VLan
     6  from test_driver.machine import Machine
     7  from test_driver.logger import Logger
     8  from typing import Callable, Iterator, ContextManager, Optional, List, Dict, Any, Union
     9  from typing_extensions import Protocol
    10  from pathlib import Path
    11  
    12  
    13  class RetryProtocol(Protocol):
    14      def __call__(self, fn: Callable, timeout: int = 900) -> None:
    15          raise Exception("This is just type information for the Nix test driver")
    16  
    17  
    18  class PollingConditionProtocol(Protocol):
    19      def __call__(
    20          self,
    21          fun_: Optional[Callable] = None,
    22          *,
    23          seconds_interval: float = 2.0,
    24          description: Optional[str] = None,
    25      ) -> Union[Callable[[Callable], ContextManager], ContextManager]:
    26          raise Exception("This is just type information for the Nix test driver")
    27  
    28  
    29  start_all: Callable[[], None]
    30  subtest: Callable[[str], ContextManager[None]]
    31  retry: RetryProtocol
    32  test_script: Callable[[], None]
    33  machines: List[Machine]
    34  vlans: List[VLan]
    35  driver: Driver
    36  log: Logger
    37  create_machine: Callable[[Dict[str, Any]], Machine]
    38  run_tests: Callable[[], None]
    39  join_all: Callable[[], None]
    40  serial_stdout_off: Callable[[], None]
    41  serial_stdout_on: Callable[[], None]
    42  polling_condition: PollingConditionProtocol
    43  machine: Machine;
    44  
    45  def assemble_qemu_flags():
    46      flags = "-cpu max"
    47      flags += " -m 1024"
    48      return flags
    49  
    50  
    51  qemu_flags = {"qemuFlags": assemble_qemu_flags()}
    52  
    53  hd_flags = {
    54      "hdaInterface": "virtio",
    55      "hda": "vm-state-machine/machine.qcow2",
    56  }
    57  
    58  default_flags = {**hd_flags, **qemu_flags}
    59  
    60  
    61  def create_machine_named(name):
    62      return create_machine({**default_flags, "name": name})
    63  
    64  
    65  machine.start()
    66  
    67  with subtest("Assert readiness of login prompt"):
    68      machine.succeed("echo hello")
    69  
    70  with subtest("Wait for hard disks to appear in /dev"):
    71      machine.succeed("udevadm settle")
    72  
    73  machine.succeed(
    74    "flock /dev/vda parted --script /dev/vda -- mklabel msdos"
    75    + " mkpart primary ext2 1M 100MB"          # /boot
    76    + " mkpart primary linux-swap 100M 1024M"  # swap
    77    + " mkpart primary 1024M -1s",             # /
    78    "udevadm settle",
    79    "mkswap /dev/vda2 -L swap",
    80    "swapon -L swap",
    81    "keyctl link @u @s",
    82    "echo password | mkfs.bcachefs -L root --encrypted /dev/vda3",
    83    "echo password | bcachefs unlock /dev/vda3",
    84    "mount -t bcachefs /dev/vda3 /mnt",
    85    "mkfs.ext3 -L boot /dev/vda1",
    86    "mkdir -p /mnt/boot",
    87    "mount /dev/vda1 /mnt/boot",
    88  )
    89  
    90  
    91  with subtest("Create the NixOS configuration"):
    92      machine.succeed("nixos-generate-config --root /mnt")
    93      machine.succeed("cat /mnt/etc/nixos/hardware-configuration.nix >&2")
    94      machine.copy_from_host(
    95          "/nix/store/l7dzqx1y1530l4hwppli6azzvd8h0g3g-configuration.nix",
    96          "/mnt/etc/nixos/configuration.nix",
    97      )
    98      machine.copy_from_host("/nix/store/kfx27q2scxy6aqrg0z7jsqz13bv22x27-secret", "/mnt/etc/nixos/secret")
    99  
   100  with subtest("Perform the installation"):
   101      machine.succeed("nixos-install < /dev/null >&2")
   102  
   103  with subtest("Do it again to make sure it's idempotent"):
   104      machine.succeed("nixos-install < /dev/null >&2")
   105  
   106  with subtest("Check that we can build things in nixos-enter"):
   107      machine.succeed(
   108          """
   109          nixos-enter -- nix-build --option substitute false -E 'derivation {
   110              name = "t";
   111              builder = "/bin/sh";
   112              args = ["-c" "echo nixos-enter build > $out"];
   113              system = builtins.currentSystem;
   114              preferLocalBuild = true;
   115          }'
   116          """
   117      )
   118  
   119  with subtest("Shutdown system after installation"):
   120      machine.succeed("umount -R /mnt")
   121      machine.succeed("sync")
   122      machine.shutdown()
   123  
   124  # Now see if we can boot the installation.
   125  machine = create_machine_named("boot-after-install")
   126  
   127  # For example to enter LUKS passphrase.
   128  machine.start()
   129  machine.wait_for_text("enter passphrase for ")
   130  machine.send_chars("password\n")
   131  
   132  
   133  with subtest("Assert that /boot get mounted"):
   134      machine.wait_for_unit("local-fs.target")
   135      machine.succeed("test -e /boot/grub")
   136  
   137  with subtest("Check whether /root has correct permissions"):
   138      assert "700" in machine.succeed("stat -c '%a' /root")
   139  
   140  with subtest("Assert swap device got activated"):
   141      # uncomment once https://bugs.freedesktop.org/show_bug.cgi?id=86930 is resolved
   142      machine.wait_for_unit("swap.target")
   143      machine.succeed("cat /proc/swaps | grep -q /dev")
   144  
   145  with subtest("Check that the store is in good shape"):
   146      machine.succeed("nix-store --verify --check-contents >&2")
   147  
   148  with subtest("Check whether the channel works"):
   149      machine.succeed("nix-env -iA nixos.procps >&2")
   150      assert ".nix-profile" in machine.succeed("type -tP ps | tee /dev/stderr")
   151  
   152  with subtest(
   153      "Check that the daemon works, and that non-root users can run builds "
   154      "(this will build a new profile generation through the daemon)"
   155  ):
   156      machine.succeed("su alice -l -c 'nix-env -iA nixos.procps' >&2")
   157  
   158  with subtest("Configure system with writable Nix store on next boot"):
   159      # we're not using copy_from_host here because the installer image
   160      # doesn't know about the host-guest sharing mechanism.
   161      machine.copy_from_host_via_shell(
   162          "/nix/store/30y7al41zzfi2gvh8saqfnhhkh8jmn51-configuration.nix",
   163          "/etc/nixos/configuration.nix",
   164      )
   165  
   166  with subtest("Check whether nixos-rebuild works"):
   167      machine.succeed("nixos-rebuild switch >&2")
   168  
   169  # FIXME: Nix 2.4 broke nixos-option, someone has to fix it.
   170  # with subtest("Test nixos-option"):
   171  #     kernel_modules = machine.succeed("nixos-option boot.initrd.kernelModules")
   172  #     assert "virtio_console" in kernel_modules
   173  #     assert "List of modules" in kernel_modules
   174  #     assert "qemu-guest.nix" in kernel_modules
   175  
   176  machine.shutdown()
   177  
   178  # Check whether a writable store build works
   179  machine = create_machine_named("rebuild-switch")
   180  machine.start()
   181  machine.wait_for_text("enter passphrase for ")
   182  machine.send_chars("password\n")
   183  
   184  machine.wait_for_unit("multi-user.target")
   185  
   186  # we're not using copy_from_host here because the installer image
   187  # doesn't know about the host-guest sharing mechanism.
   188  machine.copy_from_host_via_shell(
   189      "/nix/store/pam5s17gm9ync6sjgcmacwh03j2llcrd-configuration.nix",
   190      "/etc/nixos/configuration.nix",
   191  )
   192  machine.succeed("nixos-rebuild boot >&2")
   193  machine.shutdown()
   194  
   195  # And just to be sure, check that the machine still boots after
   196  # "nixos-rebuild switch".
   197  machine = create_machine_named("boot-after-rebuild-switch")
   198  machine.start()
   199  machine.wait_for_text("enter passphrase for ")
   200  machine.send_chars("password\n")
   201  
   202  machine.wait_for_unit("network.target")
   203  
   204  machine.shutdown()
   205  
   206  # Tests for validating clone configuration entries in grub menu
Success: no issues found in 1 source file
start all VLans
(finished: start all VLans, in 0.00 seconds)
additionally exposed symbols:
    ,
    ,
    start_all, test_script, machines, vlans, driver, log, os, create_machine, subtest, run_tests, join_all, retry, serial_stdout_off, serial_stdout_on, polling_condition, Machine
building '/nix/store/idp6jqvy592av16pdx0rnfclsalzp9iz-vm-test-run-installer-bcachefs-encrypted.drv'...
Machine state will be reset. To keep it, pass --keep-vm-state
start all VLans
(finished: start all VLans, in 0.00 seconds)
run the VM test script
additionally exposed symbols:
    machine,
    ,
    start_all, test_script, machines, vlans, driver, log, os, create_machine, subtest, run_tests, join_all, retry, serial_stdout_off, serial_stdout_on, polling_condition, Machine
machine: starting vm
machine # Formatting '/build/vm-state-machine/machine.qcow2', fmt=qcow2 cluster_size=65536 extended_l2=off compression_type=zlib size=17179869184 lazy_refcounts=off refcount_bits=16
machine # Formatting 'empty0.qcow2', fmt=qcow2 cluster_size=65536 extended_l2=off compression_type=zlib size=1073741824 lazy_refcounts=off refcount_bits=16
machine: QEMU running (pid 7)
subtest: Assert readiness of login prompt
machine: must succeed: echo hello
machine: waiting for the VM to finish booting
machine # cSeaBIOS (version rel-1.16.1-0-g3208b098f51a-prebuilt.qemu.org)
machine # 
machine # 
machine # iPXE (http://ipxe.org) 00:03.0 CA00 PCI2.10 PnP PMM+5EFD0C20+5EF30C20 CA00
machine # Press Ctrl-B to configure iPXE (PCI 00:03.0)...
machine # 
machine # 
machine # Booting from ROM...
machine # Probing EDD (edd=off to disable)... ok
machine # c[    0.000000] Linux version 6.1.3 (nixbld@localhost) (gcc (GCC) 12.2.0, GNU ld (GNU Binutils) 2.40) #1-NixOS SMP PREEMPT_DYNAMIC Wed Jan  4 10:29:02 UTC 2023
machine # [    0.000000] Command line: console=ttyS0 panic=1 boot.panic_on_fail clock=acpi_pm loglevel=7 net.ifnames=0 init=/nix/store/r597dhriqs0s5i5kqn2s39dib0fm9q0j-nixos-system-machine-23.05pre-git/init regInfo=/nix/store/yhwwlnylljihljv47xsg1231l19gasic-closure-info/registration console=ttyS0
machine # [    0.000000] x86/fpu: Supporting XSAVE feature 0x001: 'x87 floating point registers'
machine # [    0.000000] x86/fpu: Supporting XSAVE feature 0x002: 'SSE registers'
machine # [    0.000000] x86/fpu: Supporting XSAVE feature 0x004: 'AVX registers'
machine # [    0.000000] x86/fpu: Supporting XSAVE feature 0x008: 'MPX bounds registers'
machine # [    0.000000] x86/fpu: Supporting XSAVE feature 0x010: 'MPX CSR'
machine # [    0.000000] x86/fpu: Supporting XSAVE feature 0x020: 'AVX-512 opmask'
machine # [    0.000000] x86/fpu: Supporting XSAVE feature 0x040: 'AVX-512 Hi256'
machine # [    0.000000] x86/fpu: Supporting XSAVE feature 0x080: 'AVX-512 ZMM_Hi256'
machine # [    0.000000] x86/fpu: xstate_offset[2]:  576, xstate_sizes[2]:  256
machine # [    0.000000] x86/fpu: xstate_offset[3]:  832, xstate_sizes[3]:   64
machine # [    0.000000] x86/fpu: xstate_offset[4]:  896, xstate_sizes[4]:   64
machine # [    0.000000] x86/fpu: xstate_offset[5]:  960, xstate_sizes[5]:   64
machine # [    0.000000] x86/fpu: xstate_offset[6]: 1024, xstate_sizes[6]:  512
machine # [    0.000000] x86/fpu: xstate_offset[7]: 1536, xstate_sizes[7]: 1024
machine # [    0.000000] x86/fpu: Enabled xstate features 0xff, context size is 2560 bytes, using 'compacted' format.
machine # [    0.000000] signal: max sigframe size: 3632
machine # [    0.000000] BIOS-provided physical RAM map:
machine # [    0.000000] BIOS-e820: [mem 0x0000000000000000-0x000000000009fbff] usable
machine # [    0.000000] BIOS-e820: [mem 0x000000000009fc00-0x000000000009ffff] reserved
machine # [    0.000000] BIOS-e820: [mem 0x00000000000f0000-0x00000000000fffff] reserved
machine # [    0.000000] BIOS-e820: [mem 0x0000000000100000-0x000000005ffd7fff] usable
machine # [    0.000000] BIOS-e820: [mem 0x000000005ffd8000-0x000000005fffffff] reserved
machine # [    0.000000] BIOS-e820: [mem 0x00000000feffc000-0x00000000feffffff] reserved
machine # [    0.000000] BIOS-e820: [mem 0x00000000fffc0000-0x00000000ffffffff] reserved
machine # [    0.000000] random: crng init done
machine # [    0.000000] NX (Execute Disable) protection: active
machine # [    0.000000] extended physical RAM map:
machine # [    0.000000] reserve setup_data: [mem 0x0000000000000000-0x000000000009fbff] usable
machine # [    0.000000] reserve setup_data: [mem 0x000000000009fc00-0x000000000009ffff] reserved
machine # [    0.000000] reserve setup_data: [mem 0x00000000000f0000-0x00000000000fffff] reserved
machine # [    0.000000] reserve setup_data: [mem 0x0000000000100000-0x000000000093aa9f] usable
machine # [    0.000000] reserve setup_data: [mem 0x000000000093aaa0-0x000000000093aaaf] usable
machine # [    0.000000] reserve setup_data: [mem 0x000000000093aab0-0x000000005ffd7fff] usable
machine # [    0.000000] reserve setup_data: [mem 0x000000005ffd8000-0x000000005fffffff] reserved
machine # [    0.000000] reserve setup_data: [mem 0x00000000feffc000-0x00000000feffffff] reserved
machine # [    0.000000] reserve setup_data: [mem 0x00000000fffc0000-0x00000000ffffffff] reserved
machine # [    0.000000] SMBIOS 2.8 present.
machine # [    0.000000] DMI: QEMU Standard PC (i440FX + PIIX, 1996), BIOS rel-1.16.1-0-g3208b098f51a-prebuilt.qemu.org 04/01/2014
machine # [    0.000000] Hypervisor detected: KVM
machine # [    0.000000] kvm-clock: Using msrs 4b564d01 and 4b564d00
machine # [    0.000001] kvm-clock: using sched offset of 604977178 cycles
machine # [    0.000004] clocksource: kvm-clock: mask: 0xffffffffffffffff max_cycles: 0x1cd42e4dffb, max_idle_ns: 881590591483 ns
machine # [    0.000011] tsc: Detected 3311.998 MHz processor
machine # [    0.000690] last_pfn = 0x5ffd8 max_arch_pfn = 0x400000000
machine # [    0.001151] x86/PAT: Configuration [0-7]: WB  WC  UC- UC  WB  WP  UC- WT
machine # [    0.008124] found SMP MP-table at [mem 0x000f5bb0-0x000f5bbf]
machine # [    0.008559] Using GB pages for direct mapping
machine # [    0.008868] RAMDISK: [mem 0x5f342000-0x5ffcffff]
machine # [    0.008938] ACPI: Early table checksum verification disabled
machine # [    0.009001] ACPI: RSDP 0x00000000000F59D0 000014 (v00 BOCHS )
machine # [    0.009025] ACPI: RSDT 0x000000005FFE1D56 000034 (v01 BOCHS  BXPC     00000001 BXPC 00000001)
machine # [    0.009038] ACPI: FACP 0x000000005FFE1BD2 000074 (v01 BOCHS  BXPC     00000001 BXPC 00000001)
machine # [    0.009043] ACPI: DSDT 0x000000005FFE0040 001B92 (v01 BOCHS  BXPC     00000001 BXPC 00000001)
machine # [    0.009046] ACPI: FACS 0x000000005FFE0000 000040
machine # [    0.009049] ACPI: APIC 0x000000005FFE1C46 0000B0 (v01 BOCHS  BXPC     00000001 BXPC 00000001)
machine # [    0.009052] ACPI: HPET 0x000000005FFE1CF6 000038 (v01 BOCHS  BXPC     00000001 BXPC 00000001)
machine # [    0.009055] ACPI: WAET 0x000000005FFE1D2E 000028 (v01 BOCHS  BXPC     00000001 BXPC 00000001)
machine # [    0.009058] ACPI: Reserving FACP table memory at [mem 0x5ffe1bd2-0x5ffe1c45]
machine # [    0.009059] ACPI: Reserving DSDT table memory at [mem 0x5ffe0040-0x5ffe1bd1]
machine # [    0.009060] ACPI: Reserving FACS table memory at [mem 0x5ffe0000-0x5ffe003f]
machine # [    0.009060] ACPI: Reserving APIC table memory at [mem 0x5ffe1c46-0x5ffe1cf5]
machine # [    0.009061] ACPI: Reserving HPET table memory at [mem 0x5ffe1cf6-0x5ffe1d2d]
machine # [    0.009062] ACPI: Reserving WAET table memory at [mem 0x5ffe1d2e-0x5ffe1d55]
machine # [    0.011145] No NUMA configuration found
machine # [    0.011146] Faking a node at [mem 0x0000000000000000-0x000000005ffd7fff]
machine # [    0.011151] NODE_DATA(0) allocated [mem 0x5ffd2000-0x5ffd7fff]
machine # [    0.011181] Zone ranges:
machine # [    0.011182]   DMA      [mem 0x0000000000001000-0x0000000000ffffff]
machine # [    0.011183]   DMA32    [mem 0x0000000001000000-0x000000005ffd7fff]
machine # [    0.011185]   Normal   empty
machine # [    0.011185]   Device   empty
machine # [    0.011186] Movable zone start for each node
machine # [    0.011187] Early memory node ranges
machine # [    0.011187]   node   0: [mem 0x0000000000001000-0x000000000009efff]
machine # [    0.011190]   node   0: [mem 0x0000000000100000-0x000000005ffd7fff]
machine # [    0.011206] Initmem setup node 0 [mem 0x0000000000001000-0x000000005ffd7fff]
machine # [    0.011377] On node 0, zone DMA: 1 pages in unavailable ranges
machine # [    0.011391] On node 0, zone DMA: 97 pages in unavailable ranges
machine # [    0.014357] On node 0, zone DMA32: 40 pages in unavailable ranges
machine # [    0.018583] ACPI: PM-Timer IO Port: 0x608
machine # [    0.018620] ACPI: LAPIC_NMI (acpi_id[0xff] dfl dfl lint[0x1])
machine # [    0.018805] IOAPIC[0]: apic_id 0, version 17, address 0xfec00000, GSI 0-23
machine # [    0.018807] ACPI: INT_SRC_OVR (bus 0 bus_irq 0 global_irq 2 dfl dfl)
machine # [    0.018809] ACPI: INT_SRC_OVR (bus 0 bus_irq 5 global_irq 5 high level)
machine # [    0.018810] ACPI: INT_SRC_OVR (bus 0 bus_irq 9 global_irq 9 high level)
machine # [    0.018815] ACPI: INT_SRC_OVR (bus 0 bus_irq 10 global_irq 10 high level)
machine # [    0.018816] ACPI: INT_SRC_OVR (bus 0 bus_irq 11 global_irq 11 high level)
machine # [    0.018819] ACPI: Using ACPI (MADT) for SMP configuration information
machine # [    0.018821] ACPI: HPET id: 0x8086a201 base: 0xfed00000
machine # [    0.018826] TSC deadline timer available
machine # [    0.018827] smpboot: Allowing 8 CPUs, 0 hotplug CPUs
machine # [    0.018942] kvm-guest: KVM setup pv remote TLB flush
machine # [    0.018992] kvm-guest: setup PV sched yield
machine # [    0.019014] PM: hibernation: Registered nosave memory: [mem 0x00000000-0x00000fff]
machine # [    0.019015] PM: hibernation: Registered nosave memory: [mem 0x0009f000-0x0009ffff]
machine # [    0.019016] PM: hibernation: Registered nosave memory: [mem 0x000a0000-0x000effff]
machine # [    0.019016] PM: hibernation: Registered nosave memory: [mem 0x000f0000-0x000fffff]
machine # [    0.019017] PM: hibernation: Registered nosave memory: [mem 0x0093a000-0x0093afff]
machine # [    0.019018] PM: hibernation: Registered nosave memory: [mem 0x0093a000-0x0093afff]
machine # [    0.019020] [mem 0x60000000-0xfeffbfff] available for PCI devices
machine # [    0.019021] Booting paravirtualized kernel on KVM
machine # [    0.019037] clocksource: refined-jiffies: mask: 0xffffffff max_cycles: 0xffffffff, max_idle_ns: 1910969940391419 ns
machine # [    0.021882] setup_percpu: NR_CPUS:384 nr_cpumask_bits:8 nr_cpu_ids:8 nr_node_ids:1
machine # [    0.022414] percpu: Embedded 61 pages/cpu s212992 r8192 d28672 u262144
machine # [    0.022555] kvm-guest: PV spinlocks enabled
machine # [    0.022557] PV qspinlock hash table entries: 256 (order: 0, 4096 bytes, linear)
machine # [    0.022562] Fallback order for Node 0: 0
machine # [    0.022565] Built 1 zonelists, mobility grouping on.  Total pages: 386775
machine # [    0.022568] Policy zone: DMA32
machine # [    0.022569] Kernel command line: console=ttyS0 panic=1 boot.panic_on_fail clock=acpi_pm loglevel=7 net.ifnames=0 init=/nix/store/r597dhriqs0s5i5kqn2s39dib0fm9q0j-nixos-system-machine-23.05pre-git/init regInfo=/nix/store/yhwwlnylljihljv47xsg1231l19gasic-closure-info/registration console=ttyS0
machine # [    0.022622] clocksource: clock= boot option is deprecated - use clocksource=xyz
machine # [    0.022655] Unknown kernel command line parameters "regInfo=/nix/store/yhwwlnylljihljv47xsg1231l19gasic-closure-info/registration", will be passed to user space.
machine # [    0.022886] Dentry cache hash table entries: 262144 (order: 9, 2097152 bytes, linear)
machine # [    0.022931] Inode-cache hash table entries: 131072 (order: 8, 1048576 bytes, linear)
machine # [    0.023242] mem auto-init: stack:all(zero), heap alloc:off, heap free:off
machine # [    0.025511] Memory: 1494000K/1572312K available (12294K kernel code, 2283K rwdata, 7540K rodata, 1880K init, 4360K bss, 78052K reserved, 0K cma-reserved)
machine # [    0.025615] SLUB: HWalign=64, Order=0-3, MinObjects=0, CPUs=8, Nodes=1
machine # [    0.025625] Kernel/User page tables isolation: enabled
machine # [    0.025643] ftrace: allocating 37053 entries in 145 pages
machine # [    0.034342] ftrace: allocated 145 pages with 3 groups
machine # [    0.034896] Dynamic Preempt: voluntary
machine # [    0.035075] rcu: Preemptible hierarchical RCU implementation.
machine # [    0.035075] rcu:   RCU event tracing is enabled.
machine # [    0.035076] rcu:   RCU restricting CPUs from NR_CPUS=384 to nr_cpu_ids=8.
machine # [    0.035077]        Trampoline variant of Tasks RCU enabled.
machine # [    0.035077]        Rude variant of Tasks RCU enabled.
machine # [    0.035078]        Tracing variant of Tasks RCU enabled.
machine # [    0.035078] rcu: RCU calculated value of scheduler-enlistment delay is 100 jiffies.
machine # [    0.035079] rcu: Adjusting geometry for rcu_fanout_leaf=16, nr_cpu_ids=8
machine # [    0.037990] NR_IRQS: 24832, nr_irqs: 488, preallocated irqs: 16
machine # [    0.038286] rcu: srcu_init: Setting srcu_struct sizes based on contention.
machine # [    0.072035] Console: colour VGA+ 80x25
machine # [    0.692433] printk: console [ttyS0] enabled
machine # [    0.695416] ACPI: Core revision 20220331
machine # [    0.699063] clocksource: hpet: mask: 0xffffffff max_cycles: 0xffffffff, max_idle_ns: 19112604467 ns
machine # [    0.705928] APIC: Switch to symmetric I/O mode setup
machine # [    0.711465] x2apic enabled
machine # [    0.715505] Switched APIC routing to physical x2apic.
machine # [    0.719188] kvm-guest: setup PV IPIs
machine # [    0.729624] ..TIMER: vector=0x30 apic1=0 pin1=2 apic2=-1 pin2=-1
machine # [    0.733955] clocksource: tsc-early: mask: 0xffffffffffffffff max_cycles: 0x2fbd924e8de, max_idle_ns: 440795321919 ns
machine # [    0.741244] Calibrating delay loop (skipped) preset value.. 6623.99 BogoMIPS (lpj=3311998)
machine # [    0.742242] pid_max: default: 32768 minimum: 301
machine # [    0.743266] LSM: Security Framework initializing
machine # [    0.744250] landlock: Up and running.
machine # [    0.745241] Yama: becoming mindful.
machine # [    0.746247] SELinux:  Initializing.
machine # [    0.747256] LSM support for eBPF active
machine # [    0.748274] Mount-cache hash table entries: 4096 (order: 3, 32768 bytes, linear)
machine # [    0.749243] Mountpoint-cache hash table entries: 4096 (order: 3, 32768 bytes, linear)
machine # [    0.753187] x86/cpu: User Mode Instruction Prevention (UMIP) activated
machine # [    0.755884] Last level iTLB entries: 4KB 0, 2MB 0, 4MB 0
machine # [    0.756241] Last level dTLB entries: 4KB 0, 2MB 0, 4MB 0, 1GB 0
machine # [    0.757286] Spectre V1 : Mitigation: usercopy/swapgs barriers and __user pointer sanitization
machine # [    0.758258] Spectre V2 : Mitigation: IBRS
machine # [    0.759241] Spectre V2 : Spectre v2 / SpectreRSB mitigation: Filling RSB on context switch
machine # [    0.760242] Spectre V2 : Spectre v2 / SpectreRSB : Filling RSB on VMEXIT
machine # [    0.761241] RETBleed: Mitigation: IBRS
machine # [    0.762246] Spectre V2 : mitigation: Enabling conditional Indirect Branch Prediction Barrier
machine # [    0.763242] Speculative Store Bypass: Mitigation: Speculative Store Bypass disabled via prctl
machine # [    0.764277] MDS: Mitigation: Clear CPU buffers
machine # [    0.765241] TAA: Mitigation: Clear CPU buffers
machine # [    0.767241] MMIO Stale Data: Vulnerable: Clear CPU buffers attempted, no microcode
machine # [    0.785597] Freeing SMP alternatives memory: 32K
machine # [    0.786624] smpboot: CPU0: Intel(R) Core(TM) i9-9940X CPU @ 3.30GHz (family: 0x6, model: 0x55, stepping: 0x4)
machine # [    0.787351] cblist_init_generic: Setting adjustable number of callback queues.
machine # [    0.788254] cblist_init_generic: Setting shift to 3 and lim to 1.
machine # [    0.789271] cblist_init_generic: Setting shift to 3 and lim to 1.
machine # [    0.790270] cblist_init_generic: Setting shift to 3 and lim to 1.
machine # [    0.791267] Performance Events: Skylake events, full-width counters, Intel PMU driver.
machine # [    0.792268] ... version:                2
machine # [    0.793253] ... bit width:              48
machine # [    0.794254] ... generic registers:      4
machine # [    0.795253] ... value mask:             0000ffffffffffff
machine # [    0.796253] ... max period:             00007fffffffffff
machine # [    0.797253] ... fixed-purpose events:   3
machine # [    0.798254] ... event mask:             000000070000000f
machine # [    0.799566] rcu: Hierarchical SRCU implementation.
machine # [    0.800254] rcu:   Max phase no-delay instances is 400.
machine # [    0.801637] smp: Bringing up secondary CPUs ...
machine # [    0.802482] x86: Booting SMP configuration:
machine # [    0.803255] .... node  #0, CPUs:      #1 #2 #3 #4 #5 #6 #7
machine # [    0.828369] smp: Brought up 1 node, 8 CPUs
machine # [    0.830254] smpboot: Max logical packages: 1
machine # [    0.831254] smpboot: Total of 8 processors activated (52991.96 BogoMIPS)
machine # [    0.833605] devtmpfs: initialized
machine # [    0.834298] x86/mm: Memory block size: 128MB
machine # [    0.835521] clocksource: jiffies: mask: 0xffffffff max_cycles: 0xffffffff, max_idle_ns: 1911260446275000 ns
machine # [    0.836262] futex hash table entries: 2048 (order: 5, 131072 bytes, linear)
machine # [    0.837318] pinctrl core: initialized pinctrl subsystem
machine # [    0.839141] NET: Registered PF_NETLINK/PF_ROUTE protocol family
machine # [    0.839366] DMA: preallocated 256 KiB GFP_KERNEL pool for atomic allocations
machine # [    0.840263] DMA: preallocated 256 KiB GFP_KERNEL|GFP_DMA pool for atomic allocations
machine # [    0.841257] DMA: preallocated 256 KiB GFP_KERNEL|GFP_DMA32 pool for atomic allocations
machine # [    0.842263] audit: initializing netlink subsys (disabled)
machine # [    0.843285] audit: type=2000 audit(1678242138.499:1): state=initialized audit_enabled=0 res=1
machine # [    0.843357] thermal_sys: Registered thermal governor 'bang_bang'
machine # [    0.844254] thermal_sys: Registered thermal governor 'step_wise'
machine # [    0.845254] thermal_sys: Registered thermal governor 'user_space'
machine # [    0.846285] cpuidle: using governor menu
machine # [    0.853500] acpiphp: ACPI Hot Plug PCI Controller Driver version: 0.5
machine # [    0.857885] PCI: Using configuration type 1 for base access
machine # [    0.863297] kprobes: kprobe jump-optimization is enabled. All kprobes are optimized if possible.
machine # [    0.864305] HugeTLB: registered 1.00GiB page size, pre-allocated 0 pages
machine # [    0.865271] HugeTLB: 16380 KiB vmemmap can be freed for a 1.00GiB page
machine # [    0.866254] HugeTLB: registered 2.00MiB page size, pre-allocated 0 pages
machine # [    0.867256] HugeTLB: 28 KiB vmemmap can be freed for a 2.00MiB page
machine # [    0.868329] ACPI: Added _OSI(Module Device)
machine # [    0.869270] ACPI: Added _OSI(Processor Device)
machine # [    0.870254] ACPI: Added _OSI(3.0 _SCP Extensions)
machine # [    0.871271] ACPI: Added _OSI(Processor Aggregator Device)
machine # [    0.872894] ACPI: 1 ACPI AML tables successfully acquired and loaded
machine # [    0.875286] ACPI: Interpreter enabled
machine # [    0.876267] ACPI: PM: (supports S0 S3 S4 S5)
machine # [    0.877255] ACPI: Using IOAPIC for interrupt routing
machine # [    0.878267] PCI: Using host bridge windows from ACPI; if necessary, use "pci=nocrs" and report a bug
machine # [    0.879254] PCI: Using E820 reservations for host bridge windows
machine # [    0.880457] ACPI: Enabled 2 GPEs in block 00 to 0F
machine # [    0.884836] ACPI: PCI Root Bridge [PCI0] (domain 0000 [bus 00-ff])
machine # [    0.885258] acpi PNP0A03:00: _OSC: OS supports [ASPM ClockPM Segments MSI HPX-Type3]
machine # [    0.886255] acpi PNP0A03:00: _OSC: not requesting OS control; OS requires [ExtendedConfig ASPM ClockPM MSI]
machine # [    0.887262] acpi PNP0A03:00: fail to add MMCONFIG information, can't access extended PCI configuration space under this bridge.
machine # [    0.888577] acpiphp: Slot [3] registered
machine # [    0.889321] acpiphp: Slot [4] registered
machine # [    0.890319] acpiphp: Slot [5] registered
machine # [    0.891319] acpiphp: Slot [6] registered
machine # [    0.892323] acpiphp: Slot [7] registered
machine # [    0.893320] acpiphp: Slot [8] registered
machine # [    0.894318] acpiphp: Slot [9] registered
machine # [    0.895319] acpiphp: Slot [10] registered
machine # [    0.896319] acpiphp: Slot [11] registered
machine # [    0.897318] acpiphp: Slot [12] registered
machine # [    0.898319] acpiphp: Slot [13] registered
machine # [    0.899319] acpiphp: Slot [14] registered
machine # [    0.900318] acpiphp: Slot [15] registered
machine # [    0.901341] acpiphp: Slot [16] registered
machine # [    0.902318] acpiphp: Slot [17] registered
machine # [    0.903318] acpiphp: Slot [18] registered
machine # [    0.904318] acpiphp: Slot [19] registered
machine # [    0.905322] acpiphp: Slot [20] registered
machine # [    0.906319] acpiphp: Slot [21] registered
machine # [    0.907325] acpiphp: Slot [22] registered
machine # [    0.908333] acpiphp: Slot [23] registered
machine # [    0.909326] acpiphp: Slot [24] registered
machine # [    0.910320] acpiphp: Slot [25] registered
machine # [    0.911318] acpiphp: Slot [26] registered
machine # [    0.912340] acpiphp: Slot [27] registered
machine # [    0.913319] acpiphp: Slot [28] registered
machine # [    0.914321] acpiphp: Slot [29] registered
machine # [    0.915318] acpiphp: Slot [30] registered
machine # [    0.916319] acpiphp: Slot [31] registered
machine # [    0.917311] PCI host bridge to bus 0000:00
machine # [    0.918255] pci_bus 0000:00: root bus resource [io  0x0000-0x0cf7 window]
machine # [    0.919254] pci_bus 0000:00: root bus resource [io  0x0d00-0xffff window]
machine # [    0.920254] pci_bus 0000:00: root bus resource [mem 0x000a0000-0x000bffff window]
machine # [    0.921254] pci_bus 0000:00: root bus resource [mem 0x60000000-0xfebfffff window]
machine # [    0.922254] pci_bus 0000:00: root bus resource [mem 0x100000000-0x17fffffff window]
machine # [    0.923254] pci_bus 0000:00: root bus resource [bus 00-ff]
machine # [    0.924499] pci 0000:00:00.0: [8086:1237] type 00 class 0x060000
machine # [    0.928544] pci 0000:00:01.0: [8086:7000] type 00 class 0x060100
machine # [    0.933626] pci 0000:00:01.1: [8086:7010] type 00 class 0x010180
machine # [    0.938565] pci 0000:00:01.1: reg 0x20: [io  0xc240-0xc24f]
machine # [    0.941364] pci 0000:00:01.1: legacy IDE quirk: reg 0x10: [io  0x01f0-0x01f7]
machine # [    0.942267] pci 0000:00:01.1: legacy IDE quirk: reg 0x14: [io  0x03f6]
machine # [    0.943254] pci 0000:00:01.1: legacy IDE quirk: reg 0x18: [io  0x0170-0x0177]
machine # [    0.944254] pci 0000:00:01.1: legacy IDE quirk: reg 0x1c: [io  0x0376]
machine # [    0.946026] pci 0000:00:01.2: [8086:7020] type 00 class 0x0c0300
machine # [    0.950191] pci 0000:00:01.2: reg 0x20: [io  0xc180-0xc19f]
machine # [    0.952560] pci 0000:00:01.3: [8086:7113] type 00 class 0x068000
machine # [    0.956437] pci 0000:00:01.3: quirk: [io  0x0600-0x063f] claimed by PIIX4 ACPI
machine # [    0.957307] pci 0000:00:01.3: quirk: [io  0x0700-0x070f] claimed by PIIX4 SMB
machine # [    0.959477] pci 0000:00:02.0: [1234:1111] type 00 class 0x030000
machine # [    0.962290] pci 0000:00:02.0: reg 0x10: [mem 0xfd000000-0xfdffffff pref]
machine # [    0.966073] pci 0000:00:02.0: reg 0x18: [mem 0xfebd0000-0xfebd0fff]
machine # [    0.971276] pci 0000:00:02.0: reg 0x30: [mem 0xfebc0000-0xfebcffff pref]
machine # [    0.972613] pci 0000:00:02.0: Video device with shadowed ROM at [mem 0x000c0000-0x000dffff]
machine # [    0.975590] pci 0000:00:03.0: [1af4:1000] type 00 class 0x020000
machine # [    0.977732] pci 0000:00:03.0: reg 0x10: [io  0xc1a0-0xc1bf]
machine # [    0.979256] pci 0000:00:03.0: reg 0x14: [mem 0xfebd1000-0xfebd1fff]
machine # [    0.983982] pci 0000:00:03.0: reg 0x20: [mem 0xfe000000-0xfe003fff 64bit pref]
machine # [    0.986256] pci 0000:00:03.0: reg 0x30: [mem 0xfeb80000-0xfebbffff pref]
machine # [    0.992254] pci 0000:00:04.0: [1af4:1005] type 00 class 0x00ff00
machine # [    0.994742] pci 0000:00:04.0: reg 0x10: [io  0xc1c0-0xc1df]
machine # [    0.996875] pci 0000:00:04.0: reg 0x14: [mem 0xfebd2000-0xfebd2fff]
machine # [    1.000256] pci 0000:00:04.0: reg 0x20: [mem 0xfe004000-0xfe007fff 64bit pref]
machine # [    1.007529] pci 0000:00:05.0: [1af4:1009] type 00 class 0x000200
machine # [    1.009718] pci 0000:00:05.0: reg 0x10: [io  0xc100-0xc13f]
machine # [    1.011256] pci 0000:00:05.0: reg 0x14: [mem 0xfebd3000-0xfebd3fff]
machine # [    1.015256] pci 0000:00:05.0: reg 0x20: [mem 0xfe008000-0xfe00bfff 64bit pref]
machine # [    1.022636] pci 0000:00:06.0: [1af4:1009] type 00 class 0x000200
machine # [    1.024707] pci 0000:00:06.0: reg 0x10: [io  0xc1e0-0xc1ff]
machine # [    1.026256] pci 0000:00:06.0: reg 0x14: [mem 0xfebd4000-0xfebd4fff]
machine # [    1.030256] pci 0000:00:06.0: reg 0x20: [mem 0xfe00c000-0xfe00ffff 64bit pref]
machine # [    1.037804] pci 0000:00:07.0: [1af4:1009] type 00 class 0x000200
machine # [    1.039723] pci 0000:00:07.0: reg 0x10: [io  0xc200-0xc21f]
machine # [    1.041256] pci 0000:00:07.0: reg 0x14: [mem 0xfebd5000-0xfebd5fff]
machine # [    1.045255] pci 0000:00:07.0: reg 0x20: [mem 0xfe010000-0xfe013fff 64bit pref]
machine # [    1.052362] pci 0000:00:08.0: [1af4:1001] type 00 class 0x010000
machine # [    1.054941] pci 0000:00:08.0: reg 0x10: [io  0xc000-0xc07f]
machine # [    1.056256] pci 0000:00:08.0: reg 0x14: [mem 0xfebd6000-0xfebd6fff]
machine # [    1.061197] pci 0000:00:08.0: reg 0x20: [mem 0xfe014000-0xfe017fff 64bit pref]
machine # [    1.067755] pci 0000:00:09.0: [1af4:1001] type 00 class 0x010000
machine # [    1.069922] pci 0000:00:09.0: reg 0x10: [io  0xc080-0xc0ff]
machine # [    1.071256] pci 0000:00:09.0: reg 0x14: [mem 0xfebd7000-0xfebd7fff]
machine # [    1.076197] pci 0000:00:09.0: reg 0x20: [mem 0xfe018000-0xfe01bfff 64bit pref]
machine # [    1.082808] pci 0000:00:0a.0: [1af4:1052] type 00 class 0x090000
machine # [    1.085262] pci 0000:00:0a.0: reg 0x14: [mem 0xfebd8000-0xfebd8fff]
machine # [    1.088810] pci 0000:00:0a.0: reg 0x20: [mem 0xfe01c000-0xfe01ffff 64bit pref]
machine # [    1.095254] pci 0000:00:0b.0: [1af4:1003] type 00 class 0x078000
machine # [    1.097790] pci 0000:00:0b.0: reg 0x10: [io  0xc140-0xc17f]
machine # [    1.099256] pci 0000:00:0b.0: reg 0x14: [mem 0xfebd9000-0xfebd9fff]
machine # [    1.103255] pci 0000:00:0b.0: reg 0x20: [mem 0xfe020000-0xfe023fff 64bit pref]
machine # [    1.110364] pci 0000:00:0c.0: [1af4:1005] type 00 class 0x00ff00
machine # [    1.112718] pci 0000:00:0c.0: reg 0x10: [io  0xc220-0xc23f]
machine # [    1.114256] pci 0000:00:0c.0: reg 0x14: [mem 0xfebda000-0xfebdafff]
machine # [    1.118255] pci 0000:00:0c.0: reg 0x20: [mem 0xfe024000-0xfe027fff 64bit pref]
machine # [    1.125664] ACPI: PCI: Interrupt link LNKA configured for IRQ 10
machine # [    1.126569] ACPI: PCI: Interrupt link LNKB configured for IRQ 10
machine # [    1.127547] ACPI: PCI: Interrupt link LNKC configured for IRQ 11
machine # [    1.128547] ACPI: PCI: Interrupt link LNKD configured for IRQ 11
machine # [    1.129419] ACPI: PCI: Interrupt link LNKS configured for IRQ 9
machine # [    1.131334] iommu: Default domain type: Translated
machine # [    1.132255] iommu: DMA domain TLB invalidation policy: lazy mode
machine # [    1.133512] NetLabel: Initializing
machine # [    1.134255] NetLabel:  domain hash size = 128
machine # [    1.135253] NetLabel:  protocols = UNLABELED CIPSOv4 CALIPSO
machine # [    1.136272] NetLabel:  unlabeled traffic allowed by default
machine # [    1.137259] PCI: Using ACPI for IRQ routing
machine # [    1.140334] pci 0000:00:02.0: vgaarb: setting as boot VGA device
machine # [    1.141240] pci 0000:00:02.0: vgaarb: bridge control possible
machine # [    1.141240] pci 0000:00:02.0: vgaarb: VGA device added: decodes=io+mem,owns=io+mem,locks=none
machine # [    1.141257] vgaarb: loaded
machine # [    1.142380] hpet0: at MMIO 0xfed00000, IRQs 2, 8, 0
machine # [    1.143253] hpet0: 3 comparators, 64-bit 100.000000 MHz counter
machine # [    1.147574] clocksource: Switched to clocksource kvm-clock
machine # [    1.151333] VFS: Disk quotas dquot_6.6.0
machine # [    1.154208] VFS: Dquot-cache hash table entries: 512 (order 0, 4096 bytes)
machine # [    1.159108] pnp: PnP ACPI init
machine # [    1.161928] pnp: PnP ACPI: found 6 devices
machine # [    1.180958] clocksource: acpi_pm: mask: 0xffffff max_cycles: 0xffffff, max_idle_ns: 2085701024 ns
machine # [    1.187460] clocksource: Switched to clocksource acpi_pm
machine # [    1.191495] NET: Registered PF_INET protocol family
machine # [    1.195413] IP idents hash table entries: 32768 (order: 6, 262144 bytes, linear)
machine # [    1.201470] tcp_listen_portaddr_hash hash table entries: 1024 (order: 2, 16384 bytes, linear)
machine # [    1.207484] Table-perturb hash table entries: 65536 (order: 6, 262144 bytes, linear)
machine # [    1.212965] TCP established hash table entries: 16384 (order: 5, 131072 bytes, linear)
machine # [    1.218580] TCP bind hash table entries: 16384 (order: 7, 524288 bytes, linear)
machine # [    1.224115] TCP: Hash tables configured (established 16384 bind 16384)
machine # [    1.228732] MPTCP token hash table entries: 2048 (order: 3, 49152 bytes, linear)
machine # [    1.234059] UDP hash table entries: 1024 (order: 3, 32768 bytes, linear)
machine # [    1.238922] UDP-Lite hash table entries: 1024 (order: 3, 32768 bytes, linear)
machine # [    1.244070] NET: Registered PF_UNIX/PF_LOCAL protocol family
machine # [    1.248150] NET: Registered PF_XDP protocol family
machine # [    1.251607] pci_bus 0000:00: resource 4 [io  0x0000-0x0cf7 window]
machine # [    1.255987] pci_bus 0000:00: resource 5 [io  0x0d00-0xffff window]
machine # [    1.260404] pci_bus 0000:00: resource 6 [mem 0x000a0000-0x000bffff window]
machine # [    1.265186] pci_bus 0000:00: resource 7 [mem 0x60000000-0xfebfffff window]
machine # [    1.270118] pci_bus 0000:00: resource 8 [mem 0x100000000-0x17fffffff window]
machine # [    1.275218] pci 0000:00:01.0: PIIX3: Enabling Passive Release
machine # [    1.279519] pci 0000:00:00.0: Limiting direct PCI/PCI transfers
machine # [    1.307187] ACPI: \_SB_.LNKD: Enabled at IRQ 11
machine # [    1.334639] pci 0000:00:01.2: quirk_usb_early_handoff+0x0/0x750 took 49401 usecs
machine # [    1.340577] PCI: CLS 0 bytes, default 64
machine # [    1.343619] clocksource: tsc: mask: 0xffffffffffffffff max_cycles: 0x2fbd924e8de, max_idle_ns: 440795321919 ns
machine # [    1.343865] Trying to unpack rootfs image as initramfs...
machine # [    1.356510] Initialise system trusted keyrings
machine # [    1.360991] workingset: timestamp_bits=40 max_order=19 bucket_order=0
machine # [    1.367450] zbud: loaded
machine # [    1.372078] Key type asymmetric registered
machine # [    1.375127] Asymmetric key parser 'x509' registered
machine # [    1.420892] Freeing initrd memory: 12856K
machine # [    1.428923] alg: self-tests for CTR-KDF (hmac(sha256)) passed
machine # [    1.433180] Block layer SCSI generic (bsg) driver version 0.4 loaded (major 252)
machine # [    1.439222] io scheduler mq-deadline registered
machine # [    1.442577] io scheduler kyber registered
machine # [    1.450393] Serial: 8250/16550 driver, 4 ports, IRQ sharing enabled
machine # [    1.455703] 00:04: ttyS0 at I/O 0x3f8 (irq = 4, base_baud = 115200) is a 16550A
machine # [    1.467670] intel_pstate: CPU model not supported
machine # [    1.471210] drop_monitor: Initializing network drop monitor service
machine # [    1.484929] NET: Registered PF_INET6 protocol family
machine # [    1.495028] Segment Routing with IPv6
machine # [    1.497806] In-situ OAM (IOAM) with IPv6
machine # [    1.505849] IPI shorthand broadcast: enabled
machine # [    1.509485] registered taskstats version 1
machine # [    1.512578] Loading compiled-in X.509 certificates
machine # [    1.516772] zswap: loaded using pool lzo/zbud
machine # [    1.521489] Key type .fscrypt registered
machine # [    1.524442] Key type fscrypt-provisioning registered
machine # [    1.536754] Unstable clock detected, switching default tracing clock to "global"
machine # [    1.536754] If you want to keep using the local clock, then add:
machine # [    1.536754]   "trace_clock=local"
machine # [    1.536754] on the kernel command line
machine # [    1.553896] Freeing unused decrypted memory: 2036K
machine # [    1.557397] Freeing unused kernel image (initmem) memory: 1880K
machine # [    1.574154] Write protecting the kernel read-only data: 22528k
machine # [    1.579137] Freeing unused kernel image (text/rodata gap) memory: 2040K
machine # [    1.582766] Freeing unused kernel image (rodata/data gap) memory: 652K
machine # [    1.625939] x86/mm: Checked W+X mappings: passed, no W+X pages found.
machine # [    1.628709] x86/mm: Checking user space page tables
machine # [    1.669143] x86/mm: Checked W+X mappings: passed, no W+X pages found.
machine # [    1.672020] Run /init as init process
machine # 
machine # <<< NixOS Stage 1 >>>
machine # 
machine # loading module virtio_balloon...
machine # loading module virtio_console...
machine # loading module virtio_rng...
machine # loading module dm_mod...
machine # [    1.795760] device-mapper: ioctl: 4.47.0-ioctl (2022-07-28) initialised: dm-devel@redhat.com
machine # running udev...
machine # Starting systemd-udevd version 252.5
machine # [    1.878014] rtc_cmos 00:05: RTC can wake from S4
machine # [    1.881750] i8042: PNP: PS/2 Controller [PNP0303:KBD,PNP0f13:MOU] at 0x60,0x64 irq 1,12
machine # [    1.883967] rtc_cmos 00:05: registered as rtc0
machine # [    1.887914] rtc_cmos 00:05: alarms up to one day, y3k, 242 bytes nvram, hpet irqs
machine # [    1.890079] serio: i8042 KBD port at 0x60,0x64 irq 1
machine # [    1.893909] serio: i8042 AUX port at 0x60,0x64 irq 12
machine # [    1.918857] SCSI subsystem initialized
machine # [    1.924818] ACPI: bus type USB registered
machine # [    1.926927] usbcore: registered new interface driver usbfs
machine # [    1.929423] usbcore: registered new interface driver hub
machine # [    1.930126] ACPI: \_SB_.LNKC: Enabled at IRQ 10
machine # [    1.931931] usbcore: registered new device driver usb
machine # [    1.976130] scsi host0: ata_piix
machine # [    1.979757] scsi host1: ata_piix
machine # [    1.981495] ata1: PATA max MWDMA2 cmd 0x1f0 ctl 0x3f6 bmdma 0xc240 irq 14
machine # [    1.984543] ata2: PATA max MWDMA2 cmd 0x170 ctl 0x376 bmdma 0xc248 irq 15
machine # [    1.998147] uhci_hcd 0000:00:01.2: UHCI Host Controller
machine # [    2.000534] uhci_hcd 0000:00:01.2: new USB bus registered, assigned bus number 1
machine # [    2.003926] uhci_hcd 0000:00:01.2: detected 2 ports
machine # [    2.006877] uhci_hcd 0000:00:01.2: irq 11, io port 0x0000c180
machine # [    2.009824] usb usb1: New USB device found, idVendor=1d6b, idProduct=0001, bcdDevice= 6.01
machine # [    2.013478] usb usb1: New USB device strings: Mfr=3, Product=2, SerialNumber=1
machine # [    2.016703] usb usb1: Product: UHCI Host Controller
machine # [    2.018985] usb usb1: Manufacturer: Linux 6.1.3 uhci_hcd
machine # [    2.021405] usb usb1: SerialNumber: 0000:00:01.2
machine # [    2.022127] ACPI: \_SB_.LNKA: Enabled at IRQ 10
machine # [    2.024607] hub 1-0:1.0: USB hub found
machine # [    2.027574] hub 1-0:1.0: 2 ports detected
machine # [    2.057498] ACPI: \_SB_.LNKB: Enabled at IRQ 11
machine # [    2.148663] ata2: found unknown device (class 0)
machine # [    2.154067] ata2.00: ATAPI: QEMU DVD-ROM, 2.5+, max UDMA/100
machine # [    2.162484] scsi 1:0:0:0: CD-ROM            QEMU     QEMU DVD-ROM     2.5+ PQ: 0 ANSI: 5
machine # [    2.253466] usb 1-1: new full-speed USB device number 2 using uhci_hcd
machine # [    2.321412] input: AT Translated Set 2 keyboard as /devices/platform/i8042/serio0/input/input0
machine # [    2.332479] virtio_blk virtio5: 8/0/0 default/read/poll queues
machine # [    2.348547] virtio_blk virtio5: [vda] 33554432 512-byte logical blocks (17.2GB/16.0GiB)
machine # [    2.354409] virtio_blk virtio6: 8/0/0 default/read/poll queues
machine # [    2.365962] 9pnet: Installing 9P2000 support
machine # [    2.370464] virtio_blk virtio6: [vdb] 2097152 512-byte logical blocks (1.07GB/1.00GiB)
machine # [    2.415377] sr 1:0:0:0: [sr0] scsi3-mmc drive: 4x/4x cd/rw xa/form2 tray
machine # [    2.418447] cdrom: Uniform CD-ROM driver Revision: 3.20
machine # [    2.427457] usb 1-1: New USB device found, idVendor=0627, idProduct=0001, bcdDevice= 0.00
machine # [    2.431065] usb 1-1: New USB device strings: Mfr=1, Product=3, SerialNumber=10
machine # [    2.434445] usb 1-1: Product: QEMU USB Tablet
machine # [    2.436489] usb 1-1: Manufacturer: QEMU
machine # [    2.438485] usb 1-1: SerialNumber: 28754-0000:00:01.2-1
machine # [    2.453810] hid: raw HID events driver (C) Jiri Kosina
machine # [    2.464671] usbcore: registered new interface driver usbhid
machine # [    2.467407] usbhid: USB HID core driver
machine # [    2.473494] input: QEMU QEMU USB Tablet as /devices/pci0000:00/0000:00:01.2/usb1/1-1/1-1:1.0/0003:0627:0001.0001/input/input2
machine # [    2.478918] hid-generic 0003:0627:0001.0001: input,hidraw0: USB HID v0.01 Mouse [QEMU QEMU USB Tablet] on usb-0000:00:01.2-1/input0
machine # kbd_mode: KDSKBMODE: Inappropriate ioctl for device
machine # %Gstarting device mapper and LVM...
machine # mke2fs 1.46.5 (30-Dec-2021)
machine # Discarding device blocks: done         
machine # Creating filesystem with 262144 4k blocks and 65536 inodes
machine # Filesystem UUID: 7671cbc1-b9f2-41cb-b374-821cdab935f1
machine # Superblock backups stored on blocks:
machine #       32768, 98304, 163840, 229376
machine # 
machine # Allocating group tables: done
machine # Writing inode tables: done
machine # Creating journal (8192 blocks): done
machine # Writing superblocks and filesystem accounting information: done
machine # 
machine # checking /dev/vdb...
machine # fsck (busybox 1.36.0)
machine # [fsck.ext4 (1) -- /mnt-root/] fsck.ext4 -a /dev/vdb
machine # /dev/vdb: clean, 11/65536 files, 12955/262144 blocks
machine # mounting /dev/vdb on /...
machine # [    3.313950] EXT4-fs (vdb): mounted filesystem with ordered data mode. Quota mode: none.
machine # mounting nix-store on /nix/.ro-store...
machine # [    3.381622] FS-Cache: Loaded
machine # [    3.412143] 9p: Installing v9fs 9p2000 file system support
machine # mounting tmpfs on /nix/.rw-store...
machine # mounting shared on /tmp/shared...
machine # mounting xchg on /tmp/xchg...
machine # mounting overlay filesystem on /nix/store...
machine # 
machine # <<< NixOS Stage 2 >>>
machine # 
machine # [    3.827492] EXT4-fs (vdb): re-mounted. Quota mode: none.
machine # [    3.832887] booting system configuration /nix/store/r597dhriqs0s5i5kqn2s39dib0fm9q0j-nixos-system-machine-23.05pre-git
machine # running activation script...
machine # setting up /etc...
machine # unpacking the NixOS/Nixpkgs sources...
machine # ln: failed to create symbolic link '/root/.nix-defexpr/channels/channels': Read-only file system
machine # starting systemd...
machine # [    6.904767] systemd[1]: Inserted module 'autofs4'
machine # [    7.000863] systemd[1]: systemd 252.5 running in system mode (+PAM +AUDIT -SELINUX +APPARMOR +IMA +SMACK +SECCOMP +GCRYPT -GNUTLS +OPENSSL +ACL +BLKID +CURL +ELFUTILS +FIDO2 +IDN2 -IDN +IPTC +KMOD +LIBCRYPTSETUP +LIBFDISK +PCRE2 -PWQUALITY +P11KIT -QRENCODE +TPM2 +BZIP2 +LZ4 +XZ +ZLIB +ZSTD +BPF_FRAMEWORK -XKBCOMMON +UTMP -SYSVINIT default-hierarchy=unified)
machine # [    7.014701] systemd[1]: Detected virtualization kvm.
machine # [    7.017133] systemd[1]: Detected architecture x86-64.
machine # [    7.025942] systemd[1]: Initializing machine ID from random generator.
machine # [    7.391857] systemd[1]: bpf-lsm: LSM BPF program attached
machine # [    8.535119] systemd[1]: Queued start job for default target Multi-User System.
machine # [    8.553796] systemd[1]: Created slice Slice /system/getty.
machine # [    8.557427] systemd[1]: Created slice Slice /system/modprobe.
machine # [    8.560955] systemd[1]: Created slice User and Session Slice.
machine # [    8.563770] systemd[1]: Started Dispatch Password Requests to Console Directory Watch.
machine # [    8.567522] systemd[1]: Started Forward Password Requests to Wall Directory Watch.
machine # [    8.571399] systemd[1]: Reached target Local Encrypted Volumes.
machine # [    8.574197] systemd[1]: Reached target Containers.
machine # [    8.576633] systemd[1]: Reached target Path Units.
machine # [    8.578974] systemd[1]: Reached target Remote File Systems.
machine # [    8.581701] systemd[1]: Reached target Slice Units.
machine # [    8.584037] systemd[1]: Reached target Swaps.
machine # [    8.592799] systemd[1]: Listening on Process Core Dump Socket.
machine # [    8.597075] systemd[1]: Listening on Journal Audit Socket.
machine # [    8.599813] systemd[1]: Listening on Journal Socket (/dev/log).
machine # [    8.602845] systemd[1]: Listening on Journal Socket.
machine # [    8.606618] systemd[1]: Listening on Userspace Out-Of-Memory (OOM) Killer Socket.
machine # [    8.612798] systemd[1]: Listening on udev Control Socket.
machine # [    8.616039] systemd[1]: Listening on udev Kernel Socket.
machine # [    8.630902] systemd[1]: Mounting Huge Pages File System...
machine # [    8.635620] systemd[1]: Mounting POSIX Message Queue File System...
machine # [    8.640676] systemd[1]: Mounting Kernel Debug File System...
machine # [    8.648003] systemd[1]: Starting Create List of Static Device Nodes...
machine # [    8.653241] systemd[1]: Starting Load Kernel Module configfs...
machine # [    8.658851] systemd[1]: Starting Load Kernel Module drm...
machine # [    8.664577] systemd[1]: Starting Load Kernel Module efi_pstore...
machine # [    8.671205] systemd[1]: Starting Load Kernel Module fuse...
machine # [    8.676982] systemd[1]: Starting mount-pstore.service...
machine # [    8.681068] systemd[1]: File System Check on Root Device was skipped because of an unmet condition check (ConditionPathIsReadWrite=!/).
machine # [    8.691991] systemd[1]: Starting Journal Service...
machine # [    8.697759] systemd[1]: Starting Load Kernel Modules...
machine # [    8.705124] systemd[1]: Starting Remount Root and Kernel File Systems...
machine # [    8.714061] systemd[1]: Starting Coldplug All udev Devices...
machine # [    8.726589] systemd[1]: Mounted Huge Pages File System.
machine # [    8.731048] systemd[1]: Mounted POSIX Message Queue File System.
machine # [    8.735058] systemd[1]: Mounted Kernel Debug File System.
machine # [    8.744413] fuse: init (API version 7.37)
machine # [    8.759799] systemd[1]: Finished Create List of Static Device Nodes.
machine # [    8.764937] systemd[1]: modprobe@configfs.service: Deactivated successfully.
machine # [    8.778886] systemd[1]: Finished Load Kernel Module configfs.
machine # [    8.780140] EXT4-fs (vdb): re-mounted. Quota mode: none.
machine # [    8.782099] audit: type=1130 audit(1678242146.792:2): pid=1 uid=0 auid=4294967295 ses=4294967295 subj=kernel msg='unit=modprobe@configfs comm="systemd" exe="/nix/store/d1h33vvfagj7bhg0b8dw3p5nifghb01q-systemd-252.5/lib/systemd/systemd" hostname=? addr=? terminal=? res=success'
machine # [    8.783132] systemd[1]: modprobe@efi_pstore.service: Deactivated successfully.
machine # [    8.798432] audit: type=1131 audit(1678242146.792:3): pid=1 uid=0 auid=4294967295 ses=4294967295 subj=kernel msg='unit=modprobe@configfs comm="systemd" exe="/nix/store/d1h33vvfagj7bhg0b8dw3p5nifghb01q-systemd-252.5/lib/systemd/systemd" hostname=? addr=? terminal=? res=success'
machine # [    8.830851] systemd[1]: Finished Load Kernel Module efi_pstore.
machine # [    8.834004] audit: type=1130 audit(1678242146.843:4): pid=1 uid=0 auid=4294967295 ses=4294967295 subj=kernel msg='unit=modprobe@efi_pstore comm="systemd" exe="/nix/store/d1h33vvfagj7bhg0b8dw3p5nifghb01q-systemd-252.5/lib/systemd/systemd" hostname=? addr=? terminal=? res=success'
machine # [    8.835987] systemd[1]: modprobe@fuse.service: Deactivated successfully.
machine # [    8.844402] audit: type=1131 audit(1678242146.843:5): pid=1 uid=0 auid=4294967295 ses=4294967295 subj=kernel msg='unit=modprobe@efi_pstore comm="systemd" exe="/nix/store/d1h33vvfagj7bhg0b8dw3p5nifghb01q-systemd-252.5/lib/systemd/systemd" hostname=? addr=? terminal=? res=success'
machine # [    8.861858] ACPI: bus type drm_connector registered
machine # [    8.887046] bridge: filtering via arp/ip/ip6tables is no longer available by default. Update your scripts to load br_netfilter if you need this.
machine # [    8.896500] systemd[1]: Finished Load Kernel Module fuse.
machine # [    8.899469] audit: type=1130 audit(1678242146.909:6): pid=1 uid=0 auid=4294967295 ses=4294967295 subj=kernel msg='unit=modprobe@fuse comm="systemd" exe="/nix/store/d1h33vvfagj7bhg0b8dw3p5nifghb01q-systemd-252.5/lib/systemd/systemd" hostname=? addr=? terminal=? res=success'
machine # [    8.900755] systemd[1]: modprobe@drm.service: Deactivated successfully.
machine # [    8.909679] audit: type=1131 audit(1678242146.909:7): pid=1 uid=0 auid=4294967295 ses=4294967295 subj=kernel msg='unit=modprobe@fuse comm="systemd" exe="/nix/store/d1h33vvfagj7bhg0b8dw3p5nifghb01q-systemd-252.5/lib/systemd/systemd" hostname=? addr=? terminal=? res=success'
machine # [    8.934221] systemd[1]: Finished Load Kernel Module drm.
machine # [    8.937121] audit: type=1130 audit(1678242146.946:8): pid=1 uid=0 auid=4294967295 ses=4294967295 subj=kernel msg='unit=modprobe@drm comm="systemd" exe="/nix/store/d1h33vvfagj7bhg0b8dw3p5nifghb01q-systemd-252.5/lib/systemd/systemd" hostname=? addr=? terminal=? res=success'
machine # [    8.947394] audit: type=1131 audit(1678242146.946:9): pid=1 uid=0 auid=4294967295 ses=4294967295 subj=kernel msg='unit=modprobe@drm comm="systemd" exe="/nix/store/d1h33vvfagj7bhg0b8dw3p5nifghb01q-systemd-252.5/lib/systemd/systemd" hostname=? addr=? terminal=? res=success'
machine # [    8.959694] tun: Universal TUN/TAP device driver, 1.6
machine # [    8.976103] loop: module loaded
machine # [    8.976902] systemd[1]: Started Journal Service.
machine # [    8.282270] s[    8.980749] audit: type=1130 audit(1678242146.990:10): pid=1 uid=0 auid=4294967295 ses=4294967295 subj=kernel msg='unit=systemd-journald comm="systemd" exe="/nix/store/d1h33vvfagj7bhg0b8dw3p5nifghb01q-systemd-252.5/lib/systemd/systemd" hostname=? addr=? terminal=? res=success'
machine # ystemd-modules-load[593]: Inserted module 'bridge'
machine # [    8.305055] systemd-modules-load[593]: Inserted module 'macvlan'
machine # [    8.310248] systemd-modules-load[593]: Inserted module 'tap'
machine # [    8.315061] systemd-modules-load[593]: Inserted module 'tun'
machine # [    8.319672] s[    9.014218] audit: type=1130 audit(1678242147.023:11): pid=1 uid=0 auid=4294967295 ses=4294967295 subj=kernel msg='unit=systemd-remount-fs comm="systemd" exe="/nix/store/d1h33vvfagj7bhg0b8dw3p5nifghb01q-systemd-252.5/lib/systemd/systemd" hostname=? addr=? terminal=? res=success'
machine # ystemd-modules-load[593]: Inserted module 'loop'
machine # [    8.335827] systemd[1]: Finished Remount Root and Kernel File Systems.
machine # [    8.348004] systemd[1]: Finished Load Kernel Modules.
machine # [    8.368695] systemd[1]: Finished Coldplug All udev Devices.
machine # [    8.396289] systemd[1]: Mounting FUSE Control File System...
machine # [    8.402125] systemd[1]: Mounting Kernel Configuration File System...
machine # [    8.408712] systemd[1]: Starting Firewall...
machine # [    8.413806] systemd[1]: Starting Flush Journal to Persistent Storage...
machine # [    8.420605] systemd[1]: Starting Load/Save Random Seed...
machine # [    8.427938] systemd[1]: Starting Apply Kernel Variables...
machine # [    8.433788] systemd[1]: Starting Create Static Device Nodes in /dev...
machine # [    8.444809] systemd[1]: Mounted FUSE Control File System.
machine # [    8.450512] systemd[1]: Mounted Kernel Configuration File System.
machine # [    9.161563] systemd-journald[592]: Received client request to flush runtime journal.
machine # [    8.630507] systemd[1]: Finished Load/Save Random Seed.
machine # [    8.635644] systemd[1]: Finished Apply Kernel Variables.
machine # [    8.640215] systemd[1]: Finished Create Static Device Nodes in /dev.
machine # [    8.644298] systemd[1]: Reached target Preparation for Local File Systems.
machine # [    8.648888] systemd[1]: Reached target Local File Systems.
machine # [    8.652858] systemd[1]: Starting Rule-based Manager for Device Events and Files...
machine # [    8.668712] systemd[1]: Finished Flush Journal to Persistent Storage.
machine # [    8.691025] systemd-udevd[617]: Using default interface naming scheme 'v252'.
machine # [    8.696140] systemd[1]: Starting Create Volatile Files and Directories...
machine # [    8.795638] systemd[1]: Finished Create Volatile Files and Directories.
machine # [    8.801863] systemd[1]: Started Rule-based Manager for Device Events and Files.
machine # [    8.808572] systemd[1]: Starting Rebuild Journal Catalog...
machine # [    8.816585] systemd[1]: Starting Userspace Out-Of-Memory (OOM) Killer...
machine # [    8.822719] systemd[1]: Starting Record System Boot/Shutdown in UTMP...
machine # [    8.874238] systemd[1]: Found device /dev/ttyS0.
machine # [    8.883080] systemd-udevd[642]: Network interface NamePolicy= disabled on kernel command line.
machine # [    8.890619] systemd[1]: Finished Record System Boot/Shutdown in UTMP.
machine # [    8.907010] systemd[1]: Finished Rebuild Journal Catalog.
machine # [    8.911913] systemd[1]: Found device /dev/hvc0.
machine # [    8.923651] systemd-oomd[650]: Swap is currently not detected; memory pressure usage will be degraded
machine # [    8.934635] systemd[1]: Started Userspace Out-Of-Memory (OOM) Killer.
machine # [    8.940093] systemd[1]: Starting Update is Completed...
machine # [    8.945681] systemd-udevd[663]: event_source: Failed to get device name: No such file or directory
machine # [    9.648467] mousedev: PS/2 mouse device common for all mice
machine # [    9.679608] input: Power Button as /devices/LNXSYSTM:00/LNXPWRBN:00/input/input3
machine # [    8.990128] systemd[1]: Finished Update is Completed.
machine # [    9.688077] ACPI: button: Power Button [PWRF]
machine # [    9.715511] parport_pc 00:03: reported by Plug and Play ACPI
machine # [    9.719077] parport0: PC-style at 0x378, irq 7 [PCSPP(,...)]
machine # [    9.723020] Floppy drive(s): fd0 is 2.88M AMI BIOS
machine # [    9.740698] FDC 0 is a S82078B
machine # [    9.798409] Linux agpgart interface v0.103
machine # [    9.802960] piix4_smbus 0000:00:01.3: SMBus Host Controller at 0x700, revision 0
machine # [    9.859466] input: VirtualPS/2 VMware VMMouse as /devices/platform/i8042/serio1/input/input6
machine # [    9.860523] input: QEMU Virtio Keyboard as /devices/pci0000:00/0000:00:0a.0/virtio7/input/input4
machine # [    9.866086] input: VirtualPS/2 VMware VMMouse as /devices/platform/i8042/serio1/input/input5
machine # [   10.007573] RAPL PMU: API unit is 2^-32 Joules, 0 fixed counters, 10737418240 ms ovfl timer
machine # [   10.012415] bochs-drm 0000:00:02.0: vgaarb: deactivate vga console
machine # [   10.035457] Console: switching to colour dummy device 80x25
machine # [   10.038671] [drm] Found bochs VGA, ID 0xb0c5.
machine # [   10.041058] [drm] Framebuffer size 16384 kB @ 0xfd000000, mmio @ 0xfebd0000.
machine # [   10.055581] [drm] Found EDID data blob.
machine # [   10.057828] [drm] Initialized bochs-drm 1.0.0 20130925 for 0000:00:02.0 on minor 0
machine # [   10.063504] fbcon: bochs-drmdrmfb (fb0) is primary device
machine # [   10.081525] Console: switching to colour frame buffer device 160x50
machine # [   10.088693] bochs-drm 0000:00:02.0: [drm] fb0: bochs-drmdrmfb frame buffer device
machine # [   10.094850] cryptd: max_cpu_qlen set to 1000
machine # [   10.147763] AVX2 version of gcm_enc/dec engaged.
machine # [   10.152405] AES CTR mode by8 optimization enabled
machine # [   10.288809] ppdev: user-space parallel port driver
machine # [   10.297897] f4xrzmq3i4d8ywd9vz5c0kafbb83b1jq-mount-pstore.sh[597]: Persistent Storage backend was not registered in time.
machine # [   10.362484] systemd[1]: Finished mount-pstore.service.
machine # [   10.368964] systemd[1]: Platform Persistent Storage Archival was skipped because of an unmet condition check (ConditionDirectoryNotEmpty=/sys/fs/pstore).
machine # [   10.380177] systemd[1]: Reached target System Initialization.
machine # [   10.386244] systemd[1]: Started logrotate.timer.
machine # [   10.394011] systemd[1]: Started Daily Cleanup of Temporary Directories.
machine # [   10.406688] systemd[1]: Reached target Timer Units.
machine # [   10.417535] systemd[1]: Listening on D-Bus System Message Bus Socket.
machine # connecting to host...
machine # [   10.432998] j72arpq1dfn7q59irzji3xwljjdiq8vs-audit-disable[789]: No rules
machine # [   10.442147] dhcpcd[786]: dhcpcd-9.4.1 starting
machine # [   10.451670] systemd[1]: Listening on Nix Daemon Socket.
machine # [   10.461593] dhcpcd[797]: dev: loaded udev
machine # [   10.466507] logrotate[787]: warning: logrotate in debug mode does nothing except printing debug messages!  Consider using verbose mode (-v) instead if this is not what you want.
machine # [   10.477186] logrotate[787]: reading config file /nix/store/ysgfy4413nrn23ddins98pcrk81bmzsy-logrotate.conf
machine # [   10.485710] logrotate[787]: note: 'monthly' overrides previously specified 'weekly'
machine # [   10.492769] logrotate[787]: Reading state from file: /var/lib/logrotate.status
machine # [   10.500538] logrotate[787]: state file /var/lib/logrotate.status does not exist
machine # [   10.507820] logrotate[787]: Allocating hash table for state file, size 64 entries
machine # [   10.514890] logrotate[787]: Handling 2 logs
machine: connected to guest root shell
machine: (connecting took 12.50 seconds)
(finished: waiting for the VM to finish booting, in 12.51 seconds)
machine # [   10.518952] logrotate[787]: rotating pattern: "/var/log/btmp"  monthly (1 rotations)
machine # [   10.524046] logrotate[787]: empty log files are not rotated, only log files >= 1048576 bytes are rotated, old logs are removed
machine # [   10.532559] logrotate[787]: considering log /var/log/btmp
machine # [   11.230814] 8021q: 802.1Q VLAN Support v1.8
machine # [   10.537084] logrotate[787]: Creating new state
machine # [   10.540069] logrotate[787]:   Now: 2023-03-08 02:22
machine # [   10.543696] logrotate[787]:   Last rotated at 2023-03-08 02:00
machine # [   10.544248] logrotate[787]:   log does not need rotating (log has already been rotated)
machine # sh: cannot set terminal process group (-1): Inappropriate ioctl for device
machine # sh: no job control in this shell
machine # [   10.548250] logrotate[787]: rotating pattern: "/var/log/wtmp"  monthly (1 rotations)
machine # [   10.550566] logrotate[787]: empty log files are not rotated, only log files >= 1048576 bytes are rotated, old logs are removed
machine # [   10.550990] logrotate[787]: considering log /var/log/wtmp
machine # [   10.552545] logrotate[787]: Creating new state
machine # [   10.553027] logrotate[787]:   Now: 2023-03-08 02:22
machine # [   10.554652] logrotate[787]:   Last rotated at 2023-03-08 02:00
machine # [   10.555094] logrotate[787]:   log does not need rotating (log has already been rotated)
machine # [   10.558189] systemd[1]: Reached target Socket Units.
machine # [   10.561049] systemd[1]: Reached target Basic System.
machine # [   10.562203] nsncd[788]: Mar 08 02:22:29.203 INFO started, handoff_timeout: 3s, worker_count: 8, path: "/var/run/nscd/socket"
machine # [   10.564993] systemd[1]: Starting Kernel Auditing...
machine # [   10.566866] systemd[1]: Started backdoor.service.
machine # [   10.568298] systemd[1]: Starting DHCP Client...
machine # [   10.569867] systemd[1]: Starting Logrotate configuration check...
machine # [   10.570739] systemd[1]: Starting Name Service Cache Daemon (nsncd)...
machine # [   10.571950] systemd[1]: Started Reset console on configuration changes.
machine # [   10.573763] systemd[1]: Starting resolvconf update...
machine # [   10.575670] systemd[1]: Starting D-Bus System Message Bus...
machine # [   10.576949] systemd[1]: Finished Kernel Auditing.
machine # [   10.578801] systemd[1]: Finished Logrotate configuration check.
machine # [   10.580002] systemd[1]: Started Name Service Cache Daemon (nsncd).
machine # [   10.581865] systemd[1]: Reached target Host and Network Name Lookups.
machine # [   10.583737] systemd[1]: Reached target User and Group Name Lookups.
machine # [   10.584977] systemd[1]: Starting User Login Management...
machine # [   10.633741] dbus-daemon[801]: dbus[801]: Unknown username "systemd-timesync" in message bus configuration file
(finished: must succeed: echo hello, in 12.65 seconds)
(finished: subtest: Assert readiness of login prompt, in 12.65 seconds)
subtest: Wait for hard disks to appear in /dev
machine: must succeed: udevadm settle
machine # [   10.683094] systemd[1]: Listening on Load/Save RF Kill Switch Status /dev/rfkill Watch.
machine # [   10.712816] systemd-logind[823]: New seat seat0.
machine # [   10.716492] systemd[1]: Stopped target Host and Network Name Lookups.
machine # [   10.717761] systemd[1]: Stopping Host and Network Name Lookups...
machine # [   10.723283] systemd[1]: Stopped target User and Group Name Lookups.
machine # [   10.728288] systemd[1]: Stopping User and Group Name Lookups...
machine # [   10.729669] systemd[1]: Stopping Name Service Cache Daemon (nsncd)...
machine # [   10.734996] systemd-logind[823]: Watching system buttons on /dev/input/event2 (Power Button)
machine # [   10.736761] systemd-logind[823]: Watching system buttons on /dev/input/event4 (QEMU Virtio Keyboard)
machine # [   10.738203] systemd-logind[823]: Watching system buttons on /dev/input/event0 (AT Translated Set 2 keyboard)
machine # [   10.739225] systemd[1]: nscd.service: Deactivated successfully.
machine # [   10.784191] systemd[1]: Stopped Name Service Cache Daemon (nsncd).
machine # [   10.785647] systemd[1]: Started D-Bus System Message Bus.
machine # [   11.076012] systemd[1]: Finished resolvconf update.
machine # [   11.776217] cfg80211: Loading compiled-in X.509 certificates for regulatory database
machine # [   11.090249] systemd[1]: Finished Firewall.
machine # [   11.094527] dbus-daemon[801]: [system] Successfully activated service 'org.freedesktop.systemd1'
machine # [   11.095892] systemd[1]: Reached target Preparation for Network.
machine # [   11.097038] systemd[1]: Reached target All Network Interfaces (deprecated).
machine # [   11.112973] systemd[1]: Starting Networking Setup...
machine # [   11.115916] systemd[1]: Starting Name Service Cache Daemon (nsncd)...
machine # [   11.119952] systemd[1]: Started User Login Management.
machine # [   11.832846] cfg80211: Loaded X.509 cert 'sforshee: 00b28ddf47aef9cea7'
machine # [   11.832917] Key type encrypted registered
machine # [   11.864491] EDAC MC: Ver: 3.0.0
machine # [   11.182697] nsncd[888]: Mar 08 02:22:29.885 INFO started, handoff_timeout: 3s, worker_count: 8, path: "/var/run/nscd/socket"
machine # [   11.183956] systemd[1]: Started Name Service Cache Daemon (nsncd).
machine # [   11.186593] systemd[1]: Reached target Host and Network Name Lookups.
machine # [   11.187863] systemd[1]: Reached target User and Group Name Lookups.
machine # [   11.351706] systemd[1]: Finished Networking Setup.
machine # [   11.375703] systemd[1]: Starting Extra networking commands....
machine # [   11.421537] systemd[1]: Finished Extra networking commands..
machine # [   11.426169] systemd[1]: Reached target Network.
machine # [   11.449680] systemd[1]: Starting SSH Daemon...
machine # [   11.455205] systemd[1]: Starting Permit User Sessions...
machine # [   11.518821] systemd[1]: Finished Permit User Sessions.
machine # [   11.536074] systemd[1]: Started Getty on tty1.
machine # [   11.539609] systemd[1]: Reached target Login Prompts.
(finished: must succeed: udevadm settle, in 1.52 seconds)
(finished: subtest: Wait for hard disks to appear in /dev, in 1.52 seconds)
machine: must succeed: flock /dev/vda parted --script /dev/vda -- mklabel msdos mkpart primary ext2 1M 100MB mkpart primary linux-swap 100M 1024M mkpart primary 1024M -1s
machine # [   13.003089] 8021q: adding VLAN 0 to HW filter on device eth0
machine # [   12.313983] dhcpcd[797]: eth0: waiting for carrier
machine # [   12.315232] dhcpcd[797]: eth0: carrier acquired
machine # [   12.333743] dhcpcd[797]: DUID 00:01:00:01:2b:9a:ad:e7:52:54:00:12:34:56
machine # [   12.334702] dhcpcd[797]: eth0: IAID 00:12:34:56
machine # [   12.338033] dhcpcd[797]: eth0: adding address fe80::5054:ff:fe12:3456
(finished: must succeed: flock /dev/vda parted --script /dev/vda -- mklabel msdos mkpart primary ext2 1M 100MB mkpart primary linux-swap 100M 1024M mkpart primary 1024M -1s, in 0.16 seconds)
machine: must succeed: udevadm settle
machine # [   13.103589]  vda: vda1 vda2 vda3
(finished: must succeed: udevadm settle, in 0.11 seconds)
machine: must succeed: mkswap /dev/vda2 -L swap
(finished: must succeed: mkswap /dev/vda2 -L swap, in 0.06 seconds)
machine: must succeed: swapon -L swap
machine # [   13.250741] Adding 903164k swap on /dev/vda2.  Priority:-2 extents:1 across:903164k FS
(finished: must succeed: swapon -L swap, in 0.04 seconds)
machine: must succeed: keyctl link @u @s
(finished: must succeed: keyctl link @u @s, in 0.04 seconds)
machine: must succeed: echo password | mkfs.bcachefs -L root --encrypted /dev/vda3
machine # [   12.662552] dhcpcd[797]: eth0: soliciting an IPv6 router
machine # [   12.787866] sshd-pre-start[954]: Generating public/private rsa key pair.
machine # [   12.788762] sshd-pre-start[954]: Your identification has been saved in /etc/ssh/ssh_host_rsa_key
machine # [   12.790658] sshd-pre-start[954]: Your public key has been saved in /etc/ssh/ssh_host_rsa_key.pub
machine # [   12.792261] sshd-pre-start[954]: The key fingerprint is:
machine # [   12.794183] sshd-pre-start[954]: SHA256:lXacsbpw+7CAWFnF2kfHJ3RbZAVRnytN+ej1xJ3Ufr4 root@machine
machine # [   12.796254] sshd-pre-start[954]: The key's randomart image is:
machine # [   12.798651] sshd-pre-start[954]: +---[RSA 4096]----+
machine # [   12.798898] sshd-pre-start[954]: |         .. .o+=O|
machine # [   12.800166] sshd-pre-start[954]: |         ..o.++oO|
machine # [   12.801739] sshd-pre-start[954]: |        .o+.=. Oo|
machine # [   12.802152] sshd-pre-start[954]: |       o.o.o. ++=|
machine # [   12.803783] sshd-pre-start[954]: |      o S o. ..+O|
machine # [   12.804120] sshd-pre-start[954]: |     o . o o ..+o|
machine # [   12.805650] sshd-pre-start[954]: |    . . . +   . o|
machine # [   12.806545] sshd-pre-start[954]: |         . +    .|
machine # [   12.807644] sshd-pre-start[954]: |          . .  E |
machine # [   12.808105] sshd-pre-start[954]: +----[SHA256]-----+
machine # [   12.846277] sshd-pre-start[1004]: Generating public/private ed25519 key pair.
machine # [   12.846833] sshd-pre-start[1004]: Your identification has been saved in /etc/ssh/ssh_host_ed25519_key
machine # [   12.848632] sshd-pre-start[1004]: Your public key has been saved in /etc/ssh/ssh_host_ed25519_key.pub
machine # [   12.848984] sshd-pre-start[1004]: The key fingerprint is:
machine # [   12.850523] sshd-pre-start[1004]: SHA256:MUyVS2SNvdr+yek/blcglHTE43AX2cUxUbpyd7ODfCE root@machine
machine # [   12.851085] sshd-pre-start[1004]: The key's randomart image is:
machine # [   12.852274] sshd-pre-start[1004]: +--[ED25519 256]--+
machine # [   12.853739] sshd-pre-start[1004]: |        .o+*.+o*@|
machine # [   12.854119] sshd-pre-start[1004]: |       o .+ *.+o=|
machine # [   12.855566] sshd-pre-start[1004]: |        +. o =.o |
machine # [   12.855985] sshd-pre-start[1004]: |         o. o o. |
machine # [   12.857183] sshd-pre-start[1004]: |        S  o.Eo+o|
machine # [   12.858714] sshd-pre-start[1004]: |          . ooo.*|
machine # [   12.859109] sshd-pre-start[1004]: |           . o +.|
machine # [   12.860551] sshd-pre-start[1004]: |            ...=o|
machine # [   12.860924] sshd-pre-start[1004]: |             oOo+|
machine # [   12.861762] sshd-pre-start[1004]: +----[SHA256]-----+
machine # [   12.912169] systemd[1]: Started SSH Daemon.
machine # [   12.964075] sshd[1005]: Server listening on 0.0.0.0 port 22.
machine # [   12.965046] sshd[1005]: Server listening on :: port 22.
machine # [   13.577871] dhcpcd[797]: eth0: Router Advertisement from fe80::2
machine # [   13.578830] dhcpcd[797]: eth0: adding address fec0::5054:ff:fe12:3456/64
machine # [   13.580844] dhcpcd[797]: eth0: adding route to fec0::/64
machine # [   13.582789] dhcpcd[797]: eth0: adding default route via fe80::2
(finished: must succeed: echo password | mkfs.bcachefs -L root --encrypted /dev/vda3, in 1.15 seconds)
machine: must succeed: echo password | bcachefs unlock /dev/vda3
machine # [   14.049849] dhcpcd[797]: eth0: soliciting a DHCP lease
machine # [   14.776899] NET: Registered PF_PACKET protocol family
machine # [   14.103918] dhcpcd[797]: eth0: offered 10.0.2.15 from 10.0.2.2
machine # [   14.104911] dhcpcd[797]: eth0: leased 10.0.2.15 for 86400 seconds
machine # [   14.106761] dhcpcd[797]: eth0: adding route to 10.0.2.0/24
machine # [   14.108811] dhcpcd[797]: eth0: adding default route via 10.0.2.2
machine # [   14.278496] systemd[1]: Stopped target Host and Network Name Lookups.
machine # [   14.279215] systemd[1]: Stopping Host and Network Name Lookups...
machine # [   14.279975] systemd[1]: Stopped target User and Group Name Lookups.
machine # [   14.281858] systemd[1]: Stopping User and Group Name Lookups...
machine # [   14.290906] systemd[1]: Stopping Name Service Cache Daemon (nsncd)...
machine # [   14.299827] systemd[1]: nscd.service: Deactivated successfully.
machine # [   14.314920] systemd[1]: Stopped Name Service Cache Daemon (nsncd).
machine # [   14.346996] systemd[1]: Starting Name Service Cache Daemon (nsncd)...
machine # [   14.375687] nsncd[1068]: Mar 08 02:22:33.079 INFO started, handoff_timeout: 3s, worker_count: 8, path: "/var/run/nscd/socket"
machine # [   14.376594] systemd[1]: Started Name Service Cache Daemon (nsncd).
machine # [   14.387549] systemd[1]: Reached target Host and Network Name Lookups.
machine # [   14.391155] systemd[1]: Reached target User and Group Name Lookups.
machine # [   14.396616] dhcpcd[786]: Failed to reload-or-try-restart ntpd.service: Unit ntpd.service not found.
machine # [   14.397548] dhcpcd[786]: Failed to reload-or-try-restart openntpd.service: Unit openntpd.service not found.
machine # [   14.407252] dhcpcd[786]: Failed to reload-or-try-restart chronyd.service: Unit chronyd.service not found.
machine # [   14.418671] systemd[1]: Started DHCP Client.
machine # [   14.422824] systemd[1]: Reached target Network is Online.
machine # [   14.425897] systemd[1]: Reached target Multi-User System.
machine # [   14.426707] systemd[1]: Startup finished in 6.139s (kernel) + 8.286s (userspace) = 14.425s.
machine # [   14.542831] login[957]: pam_unix(login:session): session opened for user nixos(uid=1000) by LOGIN(uid=0)
machine # [   14.610894] systemd[1]: Created slice Slice /user/1000.
machine # [   14.626754] systemd[1]: Starting User Runtime Directory /run/user/1000...
machine # [   14.640765] systemd-logind[823]: New session 1 of user nixos.
machine # [   14.696120] systemd[1]: Finished User Runtime Directory /run/user/1000.
machine # [   14.715607] systemd[1]: Starting User Manager for UID 1000...
machine # [   14.753134] systemd[1083]: pam_unix(systemd-user:session): session opened for user nixos(uid=1000) by (uid=0)
(finished: must succeed: echo password | bcachefs unlock /dev/vda3, in 1.10 seconds)
machine: must succeed: mount -t bcachefs /dev/vda3 /mnt
machine # [   15.713433] raid6: avx512x4 gen() 42147 MB/s
machine # [   15.732420] raid6: avx512x2 gen() 40633 MB/s
machine # [   15.751390] raid6: avx512x1 gen() 40287 MB/s
machine # [   15.770438] raid6: avx2x4   gen() 29151 MB/s
machine # [   15.789457] raid6: avx2x2   gen() 32172 MB/s
machine # [   15.808388] raid6: avx2x1   gen() 27628 MB/s
machine # [   15.810772] raid6: using algorithm avx512x4 gen() 42147 MB/s
machine # [   15.830420] raid6: .... xor() 6949 MB/s, rmw enabled
machine # [   15.833197] raid6: using avx512x2 recovery algorithm
machine # [   15.840845] xor: automatically using best checksumming function   avx
machine # [   15.212897] systemd[1083]: Queued start job for default target Main User Target.
machine # [   15.229069] systemd[1083]: Created slice User Application Slice.
machine # [   15.231851] systemd[1083]: Reached target Paths.
machine # [   15.233669] systemd[1083]: Reached target Timers.
machine # [   15.234667] systemd[1083]: Starting D-Bus User Message Bus Socket...
machine # [   15.295297] systemd[1083]: Listening on D-Bus User Message Bus Socket.
machine # [   15.299827] systemd[1083]: Reached target Sockets.
machine # [   15.302833] systemd[1083]: Reached target Basic System.
machine # [   15.303867] systemd[1]: Started User Manager for UID 1000.
machine # [   15.313080] systemd[1083]: Starting Run user-specific NixOS activation...
machine # [   15.318100] systemd[1]: Started Session 1 of User nixos.
machine # [   15.334144] systemd[1083]: Finished Run user-specific NixOS activation.
machine # [   15.339262] systemd[1083]: Reached target Main User Target.
machine # [   15.340136] systemd[1083]: Startup finished in 536ms.
machine # [   16.299193] bcachefs (vda3): initializing new filesystem
machine # [   16.302066] bcachefs (vda3): going read-write
machine # [   16.307469] bcachefs (vda3): initializing freespace
machine # [   16.332052] bcachefs (vda3): mounted version=lru_v2 opts=nojournal_transaction_names
(finished: must succeed: mount -t bcachefs /dev/vda3 /mnt, in 0.79 seconds)
machine: must succeed: mkfs.ext3 -L boot /dev/vda1
machine # mke2fs 1.46.5 (30-Dec-2021)
(finished: must succeed: mkfs.ext3 -L boot /dev/vda1, in 0.42 seconds)
machine: must succeed: mkdir -p /mnt/boot
(finished: must succeed: mkdir -p /mnt/boot, in 0.05 seconds)
machine: must succeed: mount /dev/vda1 /mnt/boot
machine # [   16.854768] EXT4-fs (vda1): mounting ext3 file system using the ext4 subsystem
machine # [   16.873065] EXT4-fs (vda1): mounted filesystem with ordered data mode. Quota mode: none.
(finished: must succeed: mount /dev/vda1 /mnt/boot, in 0.07 seconds)
subtest: Create the NixOS configuration
machine: must succeed: nixos-generate-config --root /mnt
machine # writing /mnt/etc/nixos/hardware-configuration.nix...
machine # writing /mnt/etc/nixos/configuration.nix...
machine # For more hardware-specific settings, see https://github.com/NixOS/nixos-hardware.
(finished: must succeed: nixos-generate-config --root /mnt, in 0.65 seconds)
machine: must succeed: cat /mnt/etc/nixos/hardware-configuration.nix >&2
machine # # Do not modify this file!  It was generated by nixos-generate-config
machine # # and may be overwritten by future invocations.  Please make changes
(finished: must succeed: cat /mnt/etc/nixos/hardware-configuration.nix >&2, in 0.05 seconds)
machine: must succeed: mkdir -p /tmp/shared/tmpklospkzu
machine # # to /etc/nixos/configuration.nix instead.
machine # { config, lib, pkgs, modulesPath, ... }:
machine # 
machine # {
machine #   imports =
machine #     [ (modulesPath + "/profiles/qemu-guest.nix")
machine #     ];
machine # 
machine #   boot.initrd.availableKernelModules = [ "ata_piix" "uhci_hcd" "virtio_pci" "floppy" "sr_mod" "virtio_blk" "bcache" ];
machine #   boot.initrd.kernelModules = [ ];
machine #   boot.kernelModules = [ "kvm-intel" ];
machine #   boot.extraModulePackages = [ ];
machine # 
machine #   fileSystems."/" =
machine #     { device = "/dev/vda3";
machine #       fsType = "bcachefs";
machine #     };
machine # 
machine #   fileSystems."/boot" =
machine #     { device = "/dev/disk/by-uuid/814e0675-ddc2-47d9-a93a-eec49e921f29";
machine #       fsType = "ext3";
machine #     };
machine # 
machine #   swapDevices =
machine #     [ { device = "/dev/disk/by-uuid/455c655a-1168-4a74-a518-dca90ff195b9"; }
machine #     ];
machine # 
machine #   # Enables DHCP on each ethernet and wireless interface. In case of scripted networking
machine #   # (the default) this is the recommended approach. When using systemd-networkd it's
machine #   # still possible to use this option, but it's recommended to use it in conjunction
machine #   # with explicit per-interface declarations with `networking.interfaces.<interface>.useDHCP`.
machine #   networking.useDHCP = lib.mkDefault true;
machine #   # networking.interfaces.eth0.useDHCP = lib.mkDefault true;
machine # 
machine #   nixpkgs.hostPlatform = lib.mkDefault "x86_64-linux";
machine #   hardware.cpu.intel.updateMicrocode = lib.mkDefault config.hardware.enableRedistributableFirmware;
machine # }
(finished: must succeed: mkdir -p /tmp/shared/tmpklospkzu, in 0.08 seconds)
machine: must succeed: mkdir -p /mnt/etc/nixos
(finished: must succeed: mkdir -p /mnt/etc/nixos, in 0.04 seconds)
machine: must succeed: cp -r /tmp/shared/tmpklospkzu/l7dzqx1y1530l4hwppli6azzvd8h0g3g-configuration.nix /mnt/etc/nixos/configuration.nix
(finished: must succeed: cp -r /tmp/shared/tmpklospkzu/l7dzqx1y1530l4hwppli6azzvd8h0g3g-configuration.nix /mnt/etc/nixos/configuration.nix, in 0.05 seconds)
machine: must succeed: mkdir -p /tmp/shared/tmp8m53yvad
(finished: must succeed: mkdir -p /tmp/shared/tmp8m53yvad, in 0.05 seconds)
machine: must succeed: mkdir -p /mnt/etc/nixos
(finished: must succeed: mkdir -p /mnt/etc/nixos, in 0.04 seconds)
machine: must succeed: cp -r /tmp/shared/tmp8m53yvad/kfx27q2scxy6aqrg0z7jsqz13bv22x27-secret /mnt/etc/nixos/secret
(finished: must succeed: cp -r /tmp/shared/tmp8m53yvad/kfx27q2scxy6aqrg0z7jsqz13bv22x27-secret /mnt/etc/nixos/secret, in 0.05 seconds)
(finished: subtest: Create the NixOS configuration, in 1.02 seconds)
subtest: Perform the installation
machine: must succeed: nixos-install < /dev/null >&2
machine # copying channel...
machine # building the configuration in /mnt/etc/nixos/configuration.nix...
machine # these 224 derivations will be built:
machine #   /nix/store/01azjqnkv7yyrg282wdl65lngf855vbz-audit-disable.drv
machine #   /nix/store/w6fqwsi0by5ajj93m56nj7h3rq887n2m-unit-script-network-local-commands-start.drv
machine #   /nix/store/02kdz66wk077xz9hhq35m4vix7ga3yfm-unit-network-local-commands.service.drv
machine #   /nix/store/cqpk8wj5b6bkfzgp71w3w8ra428q3inq-mount-pstore.sh.drv
machine #   /nix/store/07j4zyfljazak1jcikwl1qh6xk78bq4f-unit-mount-pstore.service.drv
machine #   /nix/store/09m9hpvj9wz0sccy3z6pcb7r6jr4yr50-vlock.pam.drv
machine #   /nix/store/bpkn7riz11mdmalrl8pq6cr5drjqkrs2-find-libs.drv
machine #   /nix/store/w50fjv08waapjpi79vq4mm8kls87xyzx-nuke-references.drv
machine #   /nix/store/112z219s5x99453abcqp5avjmnin9v15-extra-utils.drv
machine #   /nix/store/12l5cd0aywmapdcrpx7iizj74ia64hfn-other.pam.drv
machine #   /nix/store/133raxrib512vsznnqw3i8l3il7s0ca0-chfn.pam.drv
machine #   /nix/store/1bygfchgc9fwkhmwdxkyvf4yav1nnmdy-etc-logind.conf.drv
machine #   /nix/store/4l9b9bv6zdgjhi5cd4r3l1lbzvm83992-extra-hwdb-file.drv
machine #   /nix/store/b0fchk8yv6da2zqwn5b7q8i39xmap3vv-ipv6-privacy-extensions.rules.drv
machine #   /nix/store/cny9vqxh7i7cx92pcfjxmhcx5ymrs5zx-ipv6-privacy-extensions.rules.drv
machine #   /nix/store/rnf84p4l27da1rz7xz2cdbbf2aykvm6q-extra-udev-rules.drv
machine #   /nix/store/1cn3jx9977m8r4j1lha8ai6ir718kbll-hwdb.bin.drv
machine #   /nix/store/1hcw5179k1z9958difk7kw1ib57igm0y-locale.conf.drv
machine #   /nix/store/2qvzqpb2kp24y0qrs4wx5q3d2wi49bzq-extra-hosts.drv
machine #   /nix/store/7y5r99l0rpcmj3pnihfhnzgypxin1mls-localhost-hosts.drv
machine #   /nix/store/f31s46w2wscpbdmlgsarlrn5vh9qg4rf-string-hosts.drv
machine #   /nix/store/1jp6sm62ijhpdl88q41c65mmdqkw4p1c-hosts.drv
machine #   /nix/store/2vh2wgg28jk8j69jkbc4cnhlp7i2b1ph-builder.pl.drv
machine #   /nix/store/7043vvxwq7gg962pmrzr0yxx93z01zw8-die-hook.drv
machine #   /nix/store/q5ynfl04kpa2hj470a7has6932cyhy8c-make-shell-wrapper-hook.drv
machine #   /nix/store/1p6y3swzp8b0cxlq8sj6a9pc8vbbsh1m-perl-5.36.0-env.drv
machine #   /nix/store/21rf5jl2ly29s216kmba6cy5k24m3mm0-systemd-default-tmpfiles.drv
machine #   /nix/store/cx73g2b8licbpkc7xswvc07v91q9fxwf-etc-journald.conf.drv
machine #   /nix/store/28f26zzvi9qlr4kgb357fw3lgjc0nj5f-unit-systemd-journald.service.drv
machine #   /nix/store/rvrkm2fysv2d7qanlb5dd7navgzgprgv-firmware.drv
machine #   /nix/store/28gs5pp763zb5212qs1lccywxa9a7m9r-etc-firmware.conf.drv
machine #   /nix/store/fas1z8xiv6v16qj5i73pbh3rz00mnzgl-unit-script-post-resume-start.drv
machine #   /nix/store/2am2zfjd8jhacqmd85rfwgrw9m07gbkq-unit-post-resume.service.drv
machine #   /nix/store/2d51dngi1bkr1vk2xqcbbn1iaklb2js0-etc-lsb-release.drv
machine #   /nix/store/lg54ia805pjw8y5f3bzjgbpkq38lvfii-etc-60-nixos.conf.drv
machine #   /nix/store/2hqv5cv9lzq802h7sh3b5jipy0qhby0r-unit-systemd-sysctl.service.drv
machine #   /nix/store/2iiaqy2pldh76l4psawwx1k12nm8nll5-client.conf.drv
machine #   /nix/store/h6cr5svyrkwd6jrz6jkl9k5xlh1lx5s8-nixos-container.drv
machine #   /nix/store/3515wj4bl0wzq6pcvsza488c08054wj9-reload-container.drv
machine #   /nix/store/38pzimacgnxgxxss9ya1sfzwqx1hz3ka-unit-nscd.service.drv
machine #   /nix/store/ppw8c959nc40dilh2rdzhpqypmjbsdvn-udev-path.drv
machine #   /nix/store/3bsvm4g2wx7pvsnxkbfh9875fvw8ffmh-udev-rules.drv
machine #   /nix/store/3hk02pa22lpcfbnk5wsrwaz1a8lz2v5z-unit-run-initramfs.mount.drv
machine #   /nix/store/3ka0rdwjg8pg61mfvgsml43x9bb5px7k-dhcpcd.conf.drv
machine #   /nix/store/vls3wp5snqixkrhns1758a5siimbd2p5-unit-script-network-setup-start.drv
machine #   /nix/store/3km6vrhb5q7aid3h3rv9mk590bs0ry65-unit-network-setup.service.drv
machine #   /nix/store/3lwzrzmark7qwfqhng7rnmiwr7niax6f-etc-lvm.conf.drv
machine #   /nix/store/3n2pzmshjzpsq9pa0adbqa0x60r6m4js-unit-systemd-journal-flush.service.drv
machine #   /nix/store/njll11mhvzfbbd4a5nngc05gzxadym28-unit-script-pre-sleep-start.drv
machine #   /nix/store/3vg1q5sa5andq61sa2halyzzc4im6x68-unit-pre-sleep.service.drv
machine #   /nix/store/3wi8rzdjays9izrh0r4fy7427ncbypw8-unit-script-nix-gc-start.drv
machine #   /nix/store/sjb7aqxmjcvalfs4f0v16cwz0gs9s2kb-linux-6.1.3-modules.drv
machine #   /nix/store/3wz9j41f68y18yr092sgk24ddyh63lqy-linux-6.1.3-modules-shrunk.drv
machine #   /nix/store/3y5bmg0b8dlfk078gs8lmwxp3d06h011-etc-nixos.conf.drv
machine #   /nix/store/44k3k8ywygaz0mzna4v6x7grkvac3jh1-unit-script-container_-post-start.drv
machine #   /nix/store/467xgd1snkyp717h2xqqvv1dn8pahv21-unit-systemd-journal-gatewayd.socket.drv
machine #   /nix/store/48sc1j9rrx88248d36ysh844wk6slvjz-unit-network-interfaces.target.drv
machine #   /nix/store/4i6skz3f0i7fkjvbckn0yypjai1gybnq-unit-systemd-logind.service.drv
machine #   /nix/store/xj3k8nfanfxg8achhmj60d8alw7q5s3g-audit-stop.drv
machine #   /nix/store/5nvq20b0s7v53kcdfylw2si8xr9r7b42-unit-audit.service.drv
machine #   /nix/store/62k8llr753x3nq72yn09mqzcwq8n0cgb-unit-serial-getty-.service.drv
machine #   /nix/store/m5m0a6l1bgyxj4i8lf09fgxw9bdz154h-logrotate.conf.drv
machine #   /nix/store/6kjwbx0lpmiqca0mi6dz8vwbri6yav50-unit-logrotate.service.drv
machine #   /nix/store/rkvlw69wqbf1j748l76ck96zqpri02qy-perl-5.36.0-env.drv
machine #   /nix/store/5b3yyj3kjjqc9f0hlqmqnwy5agd3r366-command-not-found.drv
machine #   /nix/store/7c22k6lq520h6w1lhgc17hhpy01ki35z-nixos-rebuild.drv
machine #   /nix/store/ahp4q76nm2zf1nv86s85rncp24jwv73m-nixos-generate-config.drv
machine #   /nix/store/arwl9cswf7x65il3m9lgv8g4xnsxsixs-nixos-enter.drv
machine #   /nix/store/b0nzimqaan68ql685s24dhbcfbb713qm-getconf-glibc-2.35-224.drv
machine #   /nix/store/dy6l8fmx164ps3nz3xlhwvx6qa118yqi-nixos-build-vms.drv
machine #   /nix/store/mn7m1yg25skmvc5h4ylxs8c4jhic6a6d-nixos-install.drv
machine #   /nix/store/nx9dkia8328rf31yb4piiw0p7k32gz91-nixos-version.drv
machine #   /nix/store/qgfbk02rp9fc23z6vyb83sls9srbjsa4-system-path.drv
machine #   /nix/store/6lhj2cbimma9rqkmdri4lg92xr0rkdqy-unit-systemd-fsck-.service.drv
machine #   /nix/store/6miggljj3mk82apdgcsf1i640sagmwgx-unit-systemd-importd.service.drv
machine #   /nix/store/6szbf51lf2d366cldpkn57psbzsylzlw-unit-systemd-udev-settle.service.drv
machine #   /nix/store/76k6hh41v9ihyxhwa70sqx0rgxyybc12-unit-logrotate-checkconf.service.drv
machine #   /nix/store/7wzxaj81fkc805qzscy8hjayiyayc80v-unit-kmod-static-nodes.service.drv
machine #   /nix/store/9j6677f2ph61kqwm20cyiili9gpssmvh-unit-user-runtime-dir-.service.drv
machine #   /nix/store/n5bhfkf105vhg6vbcf25dr4g9psbwy33-etc-timesyncd.conf.drv
machine #   /nix/store/9lnvv19fnfh6c56grln6hsnalk2zlh01-unit-systemd-timesyncd.service.drv
machine #   /nix/store/9v1s49wfkzbayw7cdm5zkxwfz764s4jf-unit-nix-optimise.service.drv
machine #   /nix/store/9x126g5j9n02dx4fqjbaa23fqhkgzcj6-unit-systemd-journald-.service.drv
machine #   /nix/store/arlir0hjvi7lrrg7cxx6fm46cxvhcgw7-unit-systemd-random-seed.service.drv
machine #   /nix/store/avp1myx6lkinqmir6rwlnv2iw4is2cin-unit--.slice.drv
machine #   /nix/store/azxhzm9gpg1cznkxabqfy8bnannazqh8-unit-autovt-.service.drv
machine #   /nix/store/bgcww5k4z90pw9pjy0kf6q2w2r2lxjxv-unit-console-getty.service-disabled.drv
machine #   /nix/store/bm7qhpzip147xgf3qk904prlf1xs75x4-unit-systemd-oomd.service.drv
machine #   /nix/store/bylinzvw3xff7cviqwwrw65dh5nv0ls8-unit-logrotate.timer.drv
machine #   /nix/store/c2ylrp0nvqnxz0p36gkqpjns102rsxaq-unit-system.slice.drv
machine #   /nix/store/lsx4r46d7q6syl5ziqn6w8byk22m0knq-dhcpcd.exit-hook.drv
machine #   /nix/store/clgai7nacmlbr1gmf6gv04ddya962wff-unit-dhcpcd.service.drv
machine #   /nix/store/w6gmdxy0v5cqjmq1dgprixv177gsm5gn-etc-resolvconf.conf.drv
machine #   /nix/store/d328x69kxwx28c9z4sbd4jh1v1mkpbsh-unit-resolvconf.service.drv
machine #   /nix/store/da4inhb6bm3pn3wnl4rf9q90ypwv92dc-unit-nix-gc.service.drv
machine #   /nix/store/h3933pdqvvpdjf5g5yr60w8w75bj7v7l-container-init.drv
machine #   /nix/store/736gnvj07ayq96wy20k3v4ibwn49w0av-unit-script-container_-start.drv
machine #   /nix/store/d62l1q7432pkg1kwzv3rrzwgn4mdix9q-unit-script-container_-pre-start.drv
machine #   /nix/store/gf4drnrwq4n5qhbcwv8f79x3bq9asjpy-unit-container-.service.drv
machine #   /nix/store/rb0715m8amvlzbaanshqgyiazfmp6p28-vconsole.conf.drv
machine #   /nix/store/ygm83hf2j99lw3hh1f3qd39p0rkl2d4p-console-env.drv
machine #   /nix/store/i6m2w72zna0njrsi25v8jwbkmq7fpykk-unit-reload-systemd-vconsole-setup.service.drv
machine #   /nix/store/i7b819gafp3i2xs6g2d27hx2zzbyjml0-unit-save-hwclock.service.drv
machine #   /nix/store/ih8ja0gjzd9c7ys795j9mjjk08ja7ml9-unit-systemd-remount-fs.service.drv
machine #   /nix/store/kd2z1cdlkfgrn34slnn94sx0wcb1k0kn-unit-systemd-user-sessions.service.drv
machine #   /nix/store/lcynz9h5rhdkiz9v93zr1wrkaair1k4d-unit-container-getty-.service.drv
machine #   /nix/store/lpjl0dpppsymal28i01gpcsnghky3y0z-unit-fs.target.drv
machine #   /nix/store/m31nrg6jsy3b62wm156j85khkrnxwl2x-unit-serial-getty-hvc0.service-disabled.drv
machine #   /nix/store/mk71p54xxk45zadhb5v03dkzvh3ri932-unit-systemd-pstore.service.drv
machine #   /nix/store/mvnig7c0jzpy27vvisxmdmks8cj8j1hn-unit-post-resume.target.drv
machine #   /nix/store/ndfbyizdqpp2dbpcc92364c4gww2pzgn-unit-serial-getty-ttyS0.service-disabled.drv
machine #   /nix/store/fbbfncdljlrdcah460vnhw637pia0sxx-shutdown-ramfs-contents.drv
machine #   /nix/store/njn1avxj3yyrwcsi0fm5790mxcjyp7yi-unit-generate-shutdown-ramfs.service.drv
machine #   /nix/store/p2ivl2syx0aq5j6dkpcaidi3pdwswkqb-unit-nix-daemon.socket.drv
machine #   /nix/store/p6b4x4kbdjc02xi74bgjbddik4rs194n-unit-systemd-udevd.service.drv
machine #   /nix/store/pgqqhfjpb5q3711yc385l3mjcswlziiz-unit-multi-user.target.drv
machine #   /nix/store/pljszdgayzi956rxk5g2n9hx0l4lbrir-unit-keys.target.drv
machine #   /nix/store/95c98j4cwbr9bbgqnyi605phs8sr91xv-unit-script-prepare-kexec-start.drv
machine #   /nix/store/qrykzkr0in1m6ddfki1rkgv2ggzp7jdy-unit-prepare-kexec.service.drv
machine #   /nix/store/s8hiz3dykprbpygy5z4sziyzq542la4x-unit-systemd-timedated.service.drv
machine #   /nix/store/s9k3xvw76dnbk1ni1ai98imjdz5z94l2-unit-user-.service.drv
machine #   /nix/store/n5v0bi3399bgq362zla65p6jmmw0y2lr-nixos.conf.drv
machine #   /nix/store/sg3mc70jdi3ba76k52m76vmm8rwa96zy-unit-systemd-modules-load.service.drv
machine #   /nix/store/si7sg4kjhvm2hnjp2nd4n9nzpdqr4fpm-unit-remote-fs.target.drv
machine #   /nix/store/srb4jzr9gxda2ag4kwl93gfgk0m8v1n8-unit-getty-.service.drv
machine #   /nix/store/w1cjk1giaph626hpcsi73j1i3p5gjhqf-unit-network-online.target.drv
machine #   /nix/store/wbrmnfjq8h9a0gfrws4kmwj7h5h61mdd-unit-local-fs.target.drv
machine #   /nix/store/qrp1lpgdaxhqv1cmcb9nc9iaqzcl1889-nix.conf.drv
machine #   /nix/store/wh0v9csjbd8w89ay8jl37g35qf0qmbna-unit-nix-daemon.service.drv
machine #   /nix/store/7sq69wgmncj1x4lbv7r4ppc2k81dbk8z-unit-script-backdoor-start.drv
machine #   /nix/store/wkbnmx88agwg3z489jkx2pcp9fa4fdw7-unit-backdoor.service.drv
machine #   /nix/store/x0cxhdhvf6hh867dz0j80ws2ksh6dpk5-unit-systemd-update-utmp.service.drv
machine #   /nix/store/zrn9gaxhbiarb9ij0z9ngqicvhbsxw9z-dbus-1.drv
machine #   /nix/store/xl1lx938h394c4gaji2k3f4q53fhla3j-unit-dbus.service.drv
machine #   /nix/store/g3fvnsbm6yx77p7bg6cc4imsjpc3krml-firewall-stop.drv
machine #   /nix/store/gsx4xmbnbnsjd3ssynpps8bhjfnpnvz2-firewall-start.drv
machine #   /nix/store/w1gpi0v2k7gzkgwxangxkx5p2337ci4b-firewall-reload.drv
machine #   /nix/store/xlslcli1lr3bpmk9kc649lr6ajh2ia0a-unit-firewall.service.drv
machine #   /nix/store/ycs12bg8xcqw9yw3r397ij0n93k6ky6w-unit-systemd-backlight-.service.drv
machine #   /nix/store/46w3lykbrdml107br1x641lblb1xpby8-system-units.drv
machine #   /nix/store/9f1q1mgbdxrak8rwvq77vkcnwhmyrnab-nixos-tmpfiles.d.drv
machine #   /nix/store/47lprrwx1mayv2frajmycqmxvvzz03vf-tmpfiles.d.drv
machine #   /nix/store/4y8qnzpac04vk3lpsfi3bbn2g5anyqwq-link-units.drv
machine #   /nix/store/50g6ab9yvk8qxy4i271l70s9gd4sijbj-perl-5.36.0-env.drv
machine #   /nix/store/5fdq6k4v0wqn83984634ng98l9h1fgc7-etc-user.conf.drv
machine #   /nix/store/5hfvzf3qf8b8rh8kfx28csbhips0vvqp-i3lock-color.pam.drv
machine #   /nix/store/5p48fw0mxp82gcnfm8bjbi20krgq85z3-udev-rules.drv
machine #   /nix/store/5p9z1kqg8w580y9jd095jb8fya4nxahy-i3lock.pam.drv
machine #   /nix/store/s5p8k8mc6jpk6aicxqa6j2lrq1d15dqq-desktops.drv
machine #   /nix/store/6anv7qkzxix37n3b7g6vma87knh7332m-etc-environment.drv
machine #   /nix/store/84xhi1r2xvw96628viyx3jcmv7pr6ymp-xlock.pam.drv
machine #   /nix/store/8fpa3d4vc07xszvx48cjggk3v4l746hl-xscreensaver.pam.drv
machine #   /nix/store/8hahv02ympkl6966nnq3l5r7z35fkbip-systemd-user.pam.drv
machine #   /nix/store/8ikik8j01xi823j1mnrpyzvjz9f4gzby-etc-host.conf.drv
machine #   /nix/store/9x2nv207lbbypd3cp75h4pbsci2cr8h6-su.pam.drv
machine #   /nix/store/ay0fnpac4n5x17ipn9pivalpvp6mncqg-etc-nanorc.drv
machine #   /nix/store/bq7wh12b70rs6dplq9vzhb1ghkwfxaqf-userdel.pam.drv
machine #   /nix/store/ca9vq86nm1gphnhigigfx2f402dzjyvp-runuser-l.pam.drv
machine #   /nix/store/cslw59dshcn02n7pznwfcjjnhz5av38z-etc-shells.drv
machine #   /nix/store/dwg3bzxrn3gdm71rwc46jdi0rv2lv8dn-etc-fstab.drv
machine #   /nix/store/fp9bahc43ri3qhgl89v8jw0yjmf9asbm-chsh.pam.drv
machine #   /nix/store/n6civ62wybf3byjz63bjcgjlvh77c9fb-systemd.drv
machine #   /nix/store/fydpjhwcir57pkyxjrazk3xnylf35aqs-50-coredump.conf.drv
machine #   /nix/store/gch117m729pizyc0k8p13sgp6qka94j0-useradd.pam.drv
machine #   /nix/store/gmq81fkb5s11f67vm0zf0nqj6m36imxz-groupdel.pam.drv
machine #   /nix/store/hbbr9w5ydqngr9b3jfyf7plyp0aqpbnf-groupmod.pam.drv
machine #   /nix/store/k2sg87pa05qwmvbrfhak5jc27mg3fn0l-etc-sleep.conf.drv
machine #   /nix/store/kw03926ry8jyg7zh0nnafi6sx3mvwxrn-etc-bashrc.drv
machine #   /nix/store/l3d1yxpgkakpj01jg5jzanjldj7j1357-etc-man_db.conf.drv
machine #   /nix/store/lczgcg1bpcf9lxvfadhr586rjmzdcm84-etc-hostname.drv
machine #   /nix/store/lkw8g7mppnw7rqd5g43fxnkvl18hp8a7-groupmems.pam.drv
machine #   /nix/store/lpdzysk7lasvi8yyrfxj2w6kynv347f0-fontconfig-etc.drv
machine #   /nix/store/mqhgmdjv756gfp3k5vnng24jg4kz7fms-useradd.drv
machine #   /nix/store/jnpvssirfjlgg8iqgm9hx2vsx81xplhr-unit-script-nixos-activation-start.drv
machine #   /nix/store/6rvsymzav7d77aw4ri7lh56w4xax0mhw-unit-nixos-activation.service.drv
machine #   /nix/store/d84fd09683xmf549hirysbcm3wc6ljiz-unit-graphical-session.target.drv
machine #   /nix/store/gp1x6gzwrr06b14c67d6xf06sag2l99h-unit-dbus.socket.drv
machine #   /nix/store/v0793ls4c2qf33bwb611lmkaplgxs1z1-unit-dbus.service.drv
machine #   /nix/store/wyzs7n53x23rmlkszwzdbs4p3hnxqvkc-unit-systemd-tmpfiles-setup.service.drv
machine #   /nix/store/ms4lx8skphy1r2zcxxqqh3l7wyhsjppv-user-units.drv
machine #   /nix/store/jxc9xd4y2ac9v9j0bsrhgqaw5mdykrnb-lessconfig.drv
machine #   /nix/store/nisphgfkvqqizx7bhxkhq57h1p8rl4zg-set-environment.drv
machine #   /nix/store/nkxvqw1fwf6h5yansiqinbwnndg78hdd-issue.drv
machine #   /nix/store/npsd2b3mr36sdzrz8lfmxwyw1kry06wn-usermod.pam.drv
machine #   /nix/store/pa75jjlqz680flhfqxd5hjxgc46bncgs-sudo.pam.drv
machine #   /nix/store/q8vw4v7q85i73fmdlz335zm1394f1kzv-passwd.pam.drv
machine #   /nix/store/qczfxbqa1c1k7wnwdz3asrgci505qlg8-etc-coredump.conf.drv
machine #   /nix/store/r6dh6srnfbi94zqy70fhc6hlkg9iq0pi-runuser.pam.drv
machine #   /nix/store/r8bvfahb35v64zv09gkvflwb5wm6fws7-etc-nscd.conf.drv
machine #   /nix/store/rmilbkd83wx37p0khfsiqrl6sqgjl43p-login.pam.drv
machine #   /nix/store/rnwnv0iazv866w4djd9zm0m1kgd97cjv-etc-netgroup.drv
machine #   /nix/store/sv6yjd4w9amy8p33982y9fp50yz6mn9x-etc-oomd.conf.drv
machine #   /nix/store/vl796f388xswh22krilc4z0n3k3c7iz6-etc-nsswitch.conf.drv
machine #   /nix/store/vr4nw84gh2va9xg1325qincp4mmransc-smb-dummy.conf.drv
machine #   /nix/store/w83p9rggw18vl5jwmzc6qqxv4nz5q92w-groupadd.pam.drv
machine #   /nix/store/wb26p24fgxzxjdk1lq1a5wk86048s66p-chpasswd.pam.drv
machine #   /nix/store/wk8q8xlqh2vry6vs89qd77i333hw6qsw-etc-profile.drv
machine #   /nix/store/rzb09qma8k52ixzcdp2s7yvdr3lg5bq4-sudoers-in.drv
machine #   /nix/store/wn4ig77sdnw3h0m4diwiywxcwi5qfl3p-sudoers.drv
machine #   /nix/store/wz9z4mzsi93cy975b9fyj9lffpb6qzrx-etc-fuse.conf.drv
machine #   /nix/store/wzpmlirf6srk9ij0v5c0dammfvf7khwd-etc-ssh_config.drv
machine #   /nix/store/x04dxg6yvzc4d37id4yfrahm1jhq77yv-etc-os-release.drv
machine #   /nix/store/z023fy2h4g5y6h9sffys79xbvxw67qlw-etc-ssh_known_hosts.drv
machine #   /nix/store/z9nz0j9bcyw2fhf7g5qhwzqyshcjmj5m-etc-system.conf.drv
machine #   /nix/store/zcd071rip3cl5iasi12kqf1npwq9gvrj-login.defs.drv
machine #   /nix/store/zp6cw0j47rvfqmfd6xc84fdy4qiyi9vm-etc-registry.json.drv
machine #   /nix/store/60ssc5cfkn9malhhdcdd8zd1jc8vp4cx-etc.drv
machine #   /nix/store/8v344qfmmjzsafdn378yr7abnw7jl39f-perl-5.36.0-env.drv
machine #   /nix/store/97lny9a4n1k3z79skkgc3h28jmxvbmb4-users-groups.json.drv
machine #   /nix/store/d2wayhbqyr2h6xb9p6v5sgrbpg92v81c-ensure-all-wrappers-paths-exist.drv
machine #   /nix/store/pypzw4rka2bkak2aqp89lb16v9xf9q4m-local-cmds.drv
machine #   /nix/store/qcxa9b6n5yaxhwyv7lgnidj92liwkd96-mounts.sh.drv
machine #   /nix/store/f5y797cjnhn333556izjadbs3l9bzr3m-stage-2-init.sh.drv
machine #   /nix/store/s8cr12nyc7db3ifsdmwzah3wlp30paxq-kernel-modules.drv
