building '/nix/store/nc8wf1s955bn6cy0pgjwqzzif65lgg68-nixos-test-driver-installer-bcachefs-simple.drv'...
     1  # This file contains type hints that can be prepended to Nix test scripts so they can be type
     2  # checked.
     3  
     4  from test_driver.driver import Driver
     5  from test_driver.vlan import VLan
     6  from test_driver.machine import Machine
     7  from test_driver.logger import Logger
     8  from typing import Callable, Iterator, ContextManager, Optional, List, Dict, Any, Union
     9  from typing_extensions import Protocol
    10  from pathlib import Path
    11  
    12  
    13  class RetryProtocol(Protocol):
    14      def __call__(self, fn: Callable, timeout: int = 900) -> None:
    15          raise Exception("This is just type information for the Nix test driver")
    16  
    17  
    18  class PollingConditionProtocol(Protocol):
    19      def __call__(
    20          self,
    21          fun_: Optional[Callable] = None,
    22          *,
    23          seconds_interval: float = 2.0,
    24          description: Optional[str] = None,
    25      ) -> Union[Callable[[Callable], ContextManager], ContextManager]:
    26          raise Exception("This is just type information for the Nix test driver")
    27  
    28  
    29  start_all: Callable[[], None]
    30  subtest: Callable[[str], ContextManager[None]]
    31  retry: RetryProtocol
    32  test_script: Callable[[], None]
    33  machines: List[Machine]
    34  vlans: List[VLan]
    35  driver: Driver
    36  log: Logger
    37  create_machine: Callable[[Dict[str, Any]], Machine]
    38  run_tests: Callable[[], None]
    39  join_all: Callable[[], None]
    40  serial_stdout_off: Callable[[], None]
    41  serial_stdout_on: Callable[[], None]
    42  polling_condition: PollingConditionProtocol
    43  machine: Machine;
    44  
    45  def assemble_qemu_flags():
    46      flags = "-cpu max"
    47      flags += " -m 1024"
    48      return flags
    49  
    50  
    51  qemu_flags = {"qemuFlags": assemble_qemu_flags()}
    52  
    53  hd_flags = {
    54      "hdaInterface": "virtio",
    55      "hda": "vm-state-machine/machine.qcow2",
    56  }
    57  
    58  default_flags = {**hd_flags, **qemu_flags}
    59  
    60  
    61  def create_machine_named(name):
    62      return create_machine({**default_flags, "name": name})
    63  
    64  
    65  machine.start()
    66  
    67  with subtest("Assert readiness of login prompt"):
    68      machine.succeed("echo hello")
    69  
    70  with subtest("Wait for hard disks to appear in /dev"):
    71      machine.succeed("udevadm settle")
    72  
    73  machine.succeed(
    74    "flock /dev/vda parted --script /dev/vda -- mklabel msdos"
    75    + " mkpart primary ext2 1M 100MB"          # /boot
    76    + " mkpart primary linux-swap 100M 1024M"  # swap
    77    + " mkpart primary 1024M -1s",             # /
    78    "udevadm settle",
    79    "mkswap /dev/vda2 -L swap",
    80    "swapon -L swap",
    81    "mkfs.bcachefs -L root /dev/vda3",
    82    "mount -t bcachefs /dev/vda3 /mnt",
    83    "mkfs.ext3 -L boot /dev/vda1",
    84    "mkdir -p /mnt/boot",
    85    "mount /dev/vda1 /mnt/boot",
    86  )
    87  
    88  
    89  with subtest("Create the NixOS configuration"):
    90      machine.succeed("nixos-generate-config --root /mnt")
    91      machine.succeed("cat /mnt/etc/nixos/hardware-configuration.nix >&2")
    92      machine.copy_from_host(
    93          "/nix/store/p0wcah8mscf24p5rjbxn1dw1hp56fidk-configuration.nix",
    94          "/mnt/etc/nixos/configuration.nix",
    95      )
    96      machine.copy_from_host("/nix/store/kfx27q2scxy6aqrg0z7jsqz13bv22x27-secret", "/mnt/etc/nixos/secret")
    97  
    98  with subtest("Perform the installation"):
    99      machine.succeed("nixos-install < /dev/null >&2")
   100  
   101  with subtest("Do it again to make sure it's idempotent"):
   102      machine.succeed("nixos-install < /dev/null >&2")
   103  
   104  with subtest("Check that we can build things in nixos-enter"):
   105      machine.succeed(
   106          """
   107          nixos-enter -- nix-build --option substitute false -E 'derivation {
   108              name = "t";
   109              builder = "/bin/sh";
   110              args = ["-c" "echo nixos-enter build > $out"];
   111              system = builtins.currentSystem;
   112              preferLocalBuild = true;
   113          }'
   114          """
   115      )
   116  
   117  with subtest("Shutdown system after installation"):
   118      machine.succeed("umount -R /mnt")
   119      machine.succeed("sync")
   120      machine.shutdown()
   121  
   122  # Now see if we can boot the installation.
   123  machine = create_machine_named("boot-after-install")
   124  
   125  # For example to enter LUKS passphrase.
   126  
   127  
   128  with subtest("Assert that /boot get mounted"):
   129      machine.wait_for_unit("local-fs.target")
   130      machine.succeed("test -e /boot/grub")
   131  
   132  with subtest("Check whether /root has correct permissions"):
   133      assert "700" in machine.succeed("stat -c '%a' /root")
   134  
   135  with subtest("Assert swap device got activated"):
   136      # uncomment once https://bugs.freedesktop.org/show_bug.cgi?id=86930 is resolved
   137      machine.wait_for_unit("swap.target")
   138      machine.succeed("cat /proc/swaps | grep -q /dev")
   139  
   140  with subtest("Check that the store is in good shape"):
   141      machine.succeed("nix-store --verify --check-contents >&2")
   142  
   143  with subtest("Check whether the channel works"):
   144      machine.succeed("nix-env -iA nixos.procps >&2")
   145      assert ".nix-profile" in machine.succeed("type -tP ps | tee /dev/stderr")
   146  
   147  with subtest(
   148      "Check that the daemon works, and that non-root users can run builds "
   149      "(this will build a new profile generation through the daemon)"
   150  ):
   151      machine.succeed("su alice -l -c 'nix-env -iA nixos.procps' >&2")
   152  
   153  with subtest("Configure system with writable Nix store on next boot"):
   154      # we're not using copy_from_host here because the installer image
   155      # doesn't know about the host-guest sharing mechanism.
   156      machine.copy_from_host_via_shell(
   157          "/nix/store/32i5r5ijwl110ap2600qvb9vpqmv8air-configuration.nix",
   158          "/etc/nixos/configuration.nix",
   159      )
   160  
   161  with subtest("Check whether nixos-rebuild works"):
   162      machine.succeed("nixos-rebuild switch >&2")
   163  
   164  # FIXME: Nix 2.4 broke nixos-option, someone has to fix it.
   165  # with subtest("Test nixos-option"):
   166  #     kernel_modules = machine.succeed("nixos-option boot.initrd.kernelModules")
   167  #     assert "virtio_console" in kernel_modules
   168  #     assert "List of modules" in kernel_modules
   169  #     assert "qemu-guest.nix" in kernel_modules
   170  
   171  machine.shutdown()
   172  
   173  # Check whether a writable store build works
   174  machine = create_machine_named("rebuild-switch")
   175  
   176  machine.wait_for_unit("multi-user.target")
   177  
   178  # we're not using copy_from_host here because the installer image
   179  # doesn't know about the host-guest sharing mechanism.
   180  machine.copy_from_host_via_shell(
   181      "/nix/store/4wzp7qxzglhnmw5ncnja64ak5b452jpi-configuration.nix",
   182      "/etc/nixos/configuration.nix",
   183  )
   184  machine.succeed("nixos-rebuild boot >&2")
   185  machine.shutdown()
   186  
   187  # And just to be sure, check that the machine still boots after
   188  # "nixos-rebuild switch".
   189  machine = create_machine_named("boot-after-rebuild-switch")
   190  
   191  machine.wait_for_unit("network.target")
   192  
   193  machine.shutdown()
   194  
   195  # Tests for validating clone configuration entries in grub menu
Success: no issues found in 1 source file
start all VLans
(finished: start all VLans, in 0.00 seconds)
additionally exposed symbols:
    ,
    ,
    start_all, test_script, machines, vlans, driver, log, os, create_machine, subtest, run_tests, join_all, retry, serial_stdout_off, serial_stdout_on, polling_condition, Machine
building '/nix/store/bbk0k3hw0ar56gly4xdf3dydmnwh76j8-vm-test-run-installer-bcachefs-simple.drv'...
Machine state will be reset. To keep it, pass --keep-vm-state
start all VLans
(finished: start all VLans, in 0.00 seconds)
run the VM test script
additionally exposed symbols:
    machine,
    ,
    start_all, test_script, machines, vlans, driver, log, os, create_machine, subtest, run_tests, join_all, retry, serial_stdout_off, serial_stdout_on, polling_condition, Machine
machine: starting vm
machine # Formatting '/build/vm-state-machine/machine.qcow2', fmt=qcow2 cluster_size=65536 extended_l2=off compression_type=zlib size=17179869184 lazy_refcounts=off refcount_bits=16
machine # Formatting 'empty0.qcow2', fmt=qcow2 cluster_size=65536 extended_l2=off compression_type=zlib size=1073741824 lazy_refcounts=off refcount_bits=16
machine: QEMU running (pid 7)
subtest: Assert readiness of login prompt
machine: must succeed: echo hello
machine: waiting for the VM to finish booting
machine # cSeaBIOS (version rel-1.16.1-0-g3208b098f51a-prebuilt.qemu.org)
machine # 
machine # 
machine # iPXE (http://ipxe.org) 00:03.0 CA00 PCI2.10 PnP PMM+5EFD0C20+5EF30C20 CA00
machine # Press Ctrl-B to configure iPXE (PCI 00:03.0)...
machine # 
machine # 
machine # Booting from ROM...
machine # Probing EDD (edd=off to disable)... ok
machine # c[    0.000000] Linux version 6.1.3 (nixbld@localhost) (gcc (GCC) 12.2.0, GNU ld (GNU Binutils) 2.40) #1-NixOS SMP PREEMPT_DYNAMIC Wed Jan  4 10:29:02 UTC 2023
machine # [    0.000000] Command line: console=ttyS0 panic=1 boot.panic_on_fail clock=acpi_pm loglevel=7 net.ifnames=0 init=/nix/store/sy2p853i92q8xbzfbnycysyzir6pcwj7-nixos-system-machine-23.05pre-git/init regInfo=/nix/store/sif80rwdzgw6awwy8a6m7dpl6kczml6h-closure-info/registration console=ttyS0
machine # [    0.000000] x86/fpu: Supporting XSAVE feature 0x001: 'x87 floating point registers'
machine # [    0.000000] x86/fpu: Supporting XSAVE feature 0x002: 'SSE registers'
machine # [    0.000000] x86/fpu: Supporting XSAVE feature 0x004: 'AVX registers'
machine # [    0.000000] x86/fpu: Supporting XSAVE feature 0x008: 'MPX bounds registers'
machine # [    0.000000] x86/fpu: Supporting XSAVE feature 0x010: 'MPX CSR'
machine # [    0.000000] x86/fpu: Supporting XSAVE feature 0x020: 'AVX-512 opmask'
machine # [    0.000000] x86/fpu: Supporting XSAVE feature 0x040: 'AVX-512 Hi256'
machine # [    0.000000] x86/fpu: Supporting XSAVE feature 0x080: 'AVX-512 ZMM_Hi256'
machine # [    0.000000] x86/fpu: xstate_offset[2]:  576, xstate_sizes[2]:  256
machine # [    0.000000] x86/fpu: xstate_offset[3]:  832, xstate_sizes[3]:   64
machine # [    0.000000] x86/fpu: xstate_offset[4]:  896, xstate_sizes[4]:   64
machine # [    0.000000] x86/fpu: xstate_offset[5]:  960, xstate_sizes[5]:   64
machine # [    0.000000] x86/fpu: xstate_offset[6]: 1024, xstate_sizes[6]:  512
machine # [    0.000000] x86/fpu: xstate_offset[7]: 1536, xstate_sizes[7]: 1024
machine # [    0.000000] x86/fpu: Enabled xstate features 0xff, context size is 2560 bytes, using 'compacted' format.
machine # [    0.000000] signal: max sigframe size: 3632
machine # [    0.000000] BIOS-provided physical RAM map:
machine # [    0.000000] BIOS-e820: [mem 0x0000000000000000-0x000000000009fbff] usable
machine # [    0.000000] BIOS-e820: [mem 0x000000000009fc00-0x000000000009ffff] reserved
machine # [    0.000000] BIOS-e820: [mem 0x00000000000f0000-0x00000000000fffff] reserved
machine # [    0.000000] BIOS-e820: [mem 0x0000000000100000-0x000000005ffd7fff] usable
machine # [    0.000000] BIOS-e820: [mem 0x000000005ffd8000-0x000000005fffffff] reserved
machine # [    0.000000] BIOS-e820: [mem 0x00000000feffc000-0x00000000feffffff] reserved
machine # [    0.000000] BIOS-e820: [mem 0x00000000fffc0000-0x00000000ffffffff] reserved
machine # [    0.000000] random: crng init done
machine # [    0.000000] NX (Execute Disable) protection: active
machine # [    0.000000] extended physical RAM map:
machine # [    0.000000] reserve setup_data: [mem 0x0000000000000000-0x000000000009fbff] usable
machine # [    0.000000] reserve setup_data: [mem 0x000000000009fc00-0x000000000009ffff] reserved
machine # [    0.000000] reserve setup_data: [mem 0x00000000000f0000-0x00000000000fffff] reserved
machine # [    0.000000] reserve setup_data: [mem 0x0000000000100000-0x000000000093aa9f] usable
machine # [    0.000000] reserve setup_data: [mem 0x000000000093aaa0-0x000000000093aaaf] usable
machine # [    0.000000] reserve setup_data: [mem 0x000000000093aab0-0x000000005ffd7fff] usable
machine # [    0.000000] reserve setup_data: [mem 0x000000005ffd8000-0x000000005fffffff] reserved
machine # [    0.000000] reserve setup_data: [mem 0x00000000feffc000-0x00000000feffffff] reserved
machine # [    0.000000] reserve setup_data: [mem 0x00000000fffc0000-0x00000000ffffffff] reserved
machine # [    0.000000] SMBIOS 2.8 present.
machine # [    0.000000] DMI: QEMU Standard PC (i440FX + PIIX, 1996), BIOS rel-1.16.1-0-g3208b098f51a-prebuilt.qemu.org 04/01/2014
machine # [    0.000000] Hypervisor detected: KVM
machine # [    0.000000] kvm-clock: Using msrs 4b564d01 and 4b564d00
machine # [    0.000001] kvm-clock: using sched offset of 561703340 cycles
machine # [    0.000004] clocksource: kvm-clock: mask: 0xffffffffffffffff max_cycles: 0x1cd42e4dffb, max_idle_ns: 881590591483 ns
machine # [    0.000011] tsc: Detected 3311.998 MHz processor
machine # [    0.000646] last_pfn = 0x5ffd8 max_arch_pfn = 0x400000000
machine # [    0.001080] x86/PAT: Configuration [0-7]: WB  WC  UC- UC  WB  WP  UC- WT
machine # [    0.007799] found SMP MP-table at [mem 0x000f5bb0-0x000f5bbf]
machine # [    0.008202] Using GB pages for direct mapping
machine # [    0.008493] RAMDISK: [mem 0x5f342000-0x5ffcffff]
machine # [    0.008589] ACPI: Early table checksum verification disabled
machine # [    0.008632] ACPI: RSDP 0x00000000000F59D0 000014 (v00 BOCHS )
machine # [    0.008655] ACPI: RSDT 0x000000005FFE1D56 000034 (v01 BOCHS  BXPC     00000001 BXPC 00000001)
machine # [    0.008667] ACPI: FACP 0x000000005FFE1BD2 000074 (v01 BOCHS  BXPC     00000001 BXPC 00000001)
machine # [    0.008672] ACPI: DSDT 0x000000005FFE0040 001B92 (v01 BOCHS  BXPC     00000001 BXPC 00000001)
machine # [    0.008675] ACPI: FACS 0x000000005FFE0000 000040
machine # [    0.008678] ACPI: APIC 0x000000005FFE1C46 0000B0 (v01 BOCHS  BXPC     00000001 BXPC 00000001)
machine # [    0.008681] ACPI: HPET 0x000000005FFE1CF6 000038 (v01 BOCHS  BXPC     00000001 BXPC 00000001)
machine # [    0.008684] ACPI: WAET 0x000000005FFE1D2E 000028 (v01 BOCHS  BXPC     00000001 BXPC 00000001)
machine # [    0.008686] ACPI: Reserving FACP table memory at [mem 0x5ffe1bd2-0x5ffe1c45]
machine # [    0.008688] ACPI: Reserving DSDT table memory at [mem 0x5ffe0040-0x5ffe1bd1]
machine # [    0.008688] ACPI: Reserving FACS table memory at [mem 0x5ffe0000-0x5ffe003f]
machine # [    0.008689] ACPI: Reserving APIC table memory at [mem 0x5ffe1c46-0x5ffe1cf5]
machine # [    0.008690] ACPI: Reserving HPET table memory at [mem 0x5ffe1cf6-0x5ffe1d2d]
machine # [    0.008690] ACPI: Reserving WAET table memory at [mem 0x5ffe1d2e-0x5ffe1d55]
machine # [    0.010665] No NUMA configuration found
machine # [    0.010666] Faking a node at [mem 0x0000000000000000-0x000000005ffd7fff]
machine # [    0.010671] NODE_DATA(0) allocated [mem 0x5ffd2000-0x5ffd7fff]
machine # [    0.010702] Zone ranges:
machine # [    0.010702]   DMA      [mem 0x0000000000001000-0x0000000000ffffff]
machine # [    0.010704]   DMA32    [mem 0x0000000001000000-0x000000005ffd7fff]
machine # [    0.010705]   Normal   empty
machine # [    0.010706]   Device   empty
machine # [    0.010707] Movable zone start for each node
machine # [    0.010707] Early memory node ranges
machine # [    0.010708]   node   0: [mem 0x0000000000001000-0x000000000009efff]
machine # [    0.010710]   node   0: [mem 0x0000000000100000-0x000000005ffd7fff]
machine # [    0.010717] Initmem setup node 0 [mem 0x0000000000001000-0x000000005ffd7fff]
machine # [    0.010892] On node 0, zone DMA: 1 pages in unavailable ranges
machine # [    0.010907] On node 0, zone DMA: 97 pages in unavailable ranges
machine # [    0.013767] On node 0, zone DMA32: 40 pages in unavailable ranges
machine # [    0.017830] ACPI: PM-Timer IO Port: 0x608
machine # [    0.017869] ACPI: LAPIC_NMI (acpi_id[0xff] dfl dfl lint[0x1])
machine # [    0.018081] IOAPIC[0]: apic_id 0, version 17, address 0xfec00000, GSI 0-23
machine # [    0.018085] ACPI: INT_SRC_OVR (bus 0 bus_irq 0 global_irq 2 dfl dfl)
machine # [    0.018086] ACPI: INT_SRC_OVR (bus 0 bus_irq 5 global_irq 5 high level)
machine # [    0.018087] ACPI: INT_SRC_OVR (bus 0 bus_irq 9 global_irq 9 high level)
machine # [    0.018092] ACPI: INT_SRC_OVR (bus 0 bus_irq 10 global_irq 10 high level)
machine # [    0.018093] ACPI: INT_SRC_OVR (bus 0 bus_irq 11 global_irq 11 high level)
machine # [    0.018097] ACPI: Using ACPI (MADT) for SMP configuration information
machine # [    0.018098] ACPI: HPET id: 0x8086a201 base: 0xfed00000
machine # [    0.018105] TSC deadline timer available
machine # [    0.018106] smpboot: Allowing 8 CPUs, 0 hotplug CPUs
machine # [    0.018228] kvm-guest: KVM setup pv remote TLB flush
machine # [    0.018265] kvm-guest: setup PV sched yield
machine # [    0.018288] PM: hibernation: Registered nosave memory: [mem 0x00000000-0x00000fff]
machine # [    0.018289] PM: hibernation: Registered nosave memory: [mem 0x0009f000-0x0009ffff]
machine # [    0.018290] PM: hibernation: Registered nosave memory: [mem 0x000a0000-0x000effff]
machine # [    0.018290] PM: hibernation: Registered nosave memory: [mem 0x000f0000-0x000fffff]
machine # [    0.018291] PM: hibernation: Registered nosave memory: [mem 0x0093a000-0x0093afff]
machine # [    0.018292] PM: hibernation: Registered nosave memory: [mem 0x0093a000-0x0093afff]
machine # [    0.018294] [mem 0x60000000-0xfeffbfff] available for PCI devices
machine # [    0.018295] Booting paravirtualized kernel on KVM
machine # [    0.018311] clocksource: refined-jiffies: mask: 0xffffffff max_cycles: 0xffffffff, max_idle_ns: 1910969940391419 ns
machine # [    0.021374] setup_percpu: NR_CPUS:384 nr_cpumask_bits:8 nr_cpu_ids:8 nr_node_ids:1
machine # [    0.021915] percpu: Embedded 61 pages/cpu s212992 r8192 d28672 u262144
machine # [    0.022064] kvm-guest: PV spinlocks enabled
machine # [    0.022066] PV qspinlock hash table entries: 256 (order: 0, 4096 bytes, linear)
machine # [    0.022071] Fallback order for Node 0: 0
machine # [    0.022074] Built 1 zonelists, mobility grouping on.  Total pages: 386775
machine # [    0.022077] Policy zone: DMA32
machine # [    0.022077] Kernel command line: console=ttyS0 panic=1 boot.panic_on_fail clock=acpi_pm loglevel=7 net.ifnames=0 init=/nix/store/sy2p853i92q8xbzfbnycysyzir6pcwj7-nixos-system-machine-23.05pre-git/init regInfo=/nix/store/sif80rwdzgw6awwy8a6m7dpl6kczml6h-closure-info/registration console=ttyS0
machine # [    0.022126] clocksource: clock= boot option is deprecated - use clocksource=xyz
machine # [    0.022157] Unknown kernel command line parameters "regInfo=/nix/store/sif80rwdzgw6awwy8a6m7dpl6kczml6h-closure-info/registration", will be passed to user space.
machine # [    0.022385] Dentry cache hash table entries: 262144 (order: 9, 2097152 bytes, linear)
machine # [    0.022437] Inode-cache hash table entries: 131072 (order: 8, 1048576 bytes, linear)
machine # [    0.022669] mem auto-init: stack:all(zero), heap alloc:off, heap free:off
machine # [    0.025035] Memory: 1494000K/1572312K available (12294K kernel code, 2283K rwdata, 7540K rodata, 1880K init, 4360K bss, 78052K reserved, 0K cma-reserved)
machine # [    0.025139] SLUB: HWalign=64, Order=0-3, MinObjects=0, CPUs=8, Nodes=1
machine # [    0.025149] Kernel/User page tables isolation: enabled
machine # [    0.025169] ftrace: allocating 37053 entries in 145 pages
machine # [    0.034035] ftrace: allocated 145 pages with 3 groups
machine # [    0.034608] Dynamic Preempt: voluntary
machine # [    0.034780] rcu: Preemptible hierarchical RCU implementation.
machine # [    0.034781] rcu:   RCU event tracing is enabled.
machine # [    0.034782] rcu:   RCU restricting CPUs from NR_CPUS=384 to nr_cpu_ids=8.
machine # [    0.034783]        Trampoline variant of Tasks RCU enabled.
machine # [    0.034783]        Rude variant of Tasks RCU enabled.
machine # [    0.034784]        Tracing variant of Tasks RCU enabled.
machine # [    0.034784] rcu: RCU calculated value of scheduler-enlistment delay is 100 jiffies.
machine # [    0.034785] rcu: Adjusting geometry for rcu_fanout_leaf=16, nr_cpu_ids=8
machine # [    0.037744] NR_IRQS: 24832, nr_irqs: 488, preallocated irqs: 16
machine # [    0.038067] rcu: srcu_init: Setting srcu_struct sizes based on contention.
machine # [    0.070108] Console: colour VGA+ 80x25
machine # [    0.653117] printk: console [ttyS0] enabled
machine # [    0.655938] ACPI: Core revision 20220331
machine # [    0.659328] clocksource: hpet: mask: 0xffffffff max_cycles: 0xffffffff, max_idle_ns: 19112604467 ns
machine # [    0.665615] APIC: Switch to symmetric I/O mode setup
machine # [    0.670898] x2apic enabled
machine # [    0.674847] Switched APIC routing to physical x2apic.
machine # [    0.678257] kvm-guest: setup PV IPIs
machine # [    0.688475] ..TIMER: vector=0x30 apic1=0 pin1=2 apic2=-1 pin2=-1
machine # [    0.692622] clocksource: tsc-early: mask: 0xffffffffffffffff max_cycles: 0x2fbd924e8de, max_idle_ns: 440795321919 ns
machine # [    0.699467] Calibrating delay loop (skipped) preset value.. 6623.99 BogoMIPS (lpj=3311998)
machine # [    0.700465] pid_max: default: 32768 minimum: 301
machine # [    0.701499] LSM: Security Framework initializing
machine # [    0.702473] landlock: Up and running.
machine # [    0.703465] Yama: becoming mindful.
machine # [    0.704471] SELinux:  Initializing.
machine # [    0.705480] LSM support for eBPF active
machine # [    0.706483] Mount-cache hash table entries: 4096 (order: 3, 32768 bytes, linear)
machine # [    0.707467] Mountpoint-cache hash table entries: 4096 (order: 3, 32768 bytes, linear)
machine # [    0.710893] x86/cpu: User Mode Instruction Prevention (UMIP) activated
machine # [    0.712522] Last level iTLB entries: 4KB 0, 2MB 0, 4MB 0
machine # [    0.713464] Last level dTLB entries: 4KB 0, 2MB 0, 4MB 0, 1GB 0
machine # [    0.714510] Spectre V1 : Mitigation: usercopy/swapgs barriers and __user pointer sanitization
machine # [    0.715482] Spectre V2 : Mitigation: IBRS
machine # [    0.716465] Spectre V2 : Spectre v2 / SpectreRSB mitigation: Filling RSB on context switch
machine # [    0.717465] Spectre V2 : Spectre v2 / SpectreRSB : Filling RSB on VMEXIT
machine # [    0.718465] RETBleed: Mitigation: IBRS
machine # [    0.719469] Spectre V2 : mitigation: Enabling conditional Indirect Branch Prediction Barrier
machine # [    0.720465] Speculative Store Bypass: Mitigation: Speculative Store Bypass disabled via prctl
machine # [    0.721500] MDS: Mitigation: Clear CPU buffers
machine # [    0.722465] TAA: Mitigation: Clear CPU buffers
machine # [    0.723465] MMIO Stale Data: Vulnerable: Clear CPU buffers attempted, no microcode
machine # [    0.741998] Freeing SMP alternatives memory: 32K
machine # [    0.742838] smpboot: CPU0: Intel(R) Core(TM) i9-9940X CPU @ 3.30GHz (family: 0x6, model: 0x55, stepping: 0x4)
machine # [    0.743591] cblist_init_generic: Setting adjustable number of callback queues.
machine # [    0.744478] cblist_init_generic: Setting shift to 3 and lim to 1.
machine # [    0.745508] cblist_init_generic: Setting shift to 3 and lim to 1.
machine # [    0.746507] cblist_init_generic: Setting shift to 3 and lim to 1.
machine # [    0.747491] Performance Events: Skylake events, full-width counters, Intel PMU driver.
machine # [    0.748495] ... version:                2
machine # [    0.749477] ... bit width:              48
machine # [    0.750477] ... generic registers:      4
machine # [    0.751477] ... value mask:             0000ffffffffffff
machine # [    0.752477] ... max period:             00007fffffffffff
machine # [    0.753477] ... fixed-purpose events:   3
machine # [    0.754477] ... event mask:             000000070000000f
machine # [    0.755808] rcu: Hierarchical SRCU implementation.
machine # [    0.756478] rcu:   Max phase no-delay instances is 400.
machine # [    0.757850] smp: Bringing up secondary CPUs ...
machine # [    0.758725] x86: Booting SMP configuration:
machine # [    0.759479] .... node  #0, CPUs:      #1 #2 #3 #4 #5 #6 #7
machine # [    0.784597] smp: Brought up 1 node, 8 CPUs
machine # [    0.786478] smpboot: Max logical packages: 1
machine # [    0.787477] smpboot: Total of 8 processors activated (52991.96 BogoMIPS)
machine # [    0.789812] devtmpfs: initialized
machine # [    0.790522] x86/mm: Memory block size: 128MB
machine # [    0.791772] clocksource: jiffies: mask: 0xffffffff max_cycles: 0xffffffff, max_idle_ns: 1911260446275000 ns
machine # [    0.792485] futex hash table entries: 2048 (order: 5, 131072 bytes, linear)
machine # [    0.793541] pinctrl core: initialized pinctrl subsystem
machine # [    0.795355] NET: Registered PF_NETLINK/PF_ROUTE protocol family
machine # [    0.795569] DMA: preallocated 256 KiB GFP_KERNEL pool for atomic allocations
machine # [    0.796486] DMA: preallocated 256 KiB GFP_KERNEL|GFP_DMA pool for atomic allocations
machine # [    0.797480] DMA: preallocated 256 KiB GFP_KERNEL|GFP_DMA32 pool for atomic allocations
machine # [    0.798485] audit: initializing netlink subsys (disabled)
machine # [    0.799499] audit: type=2000 audit(1678249906.020:1): state=initialized audit_enabled=0 res=1
machine # [    0.799563] thermal_sys: Registered thermal governor 'bang_bang'
machine # [    0.800480] thermal_sys: Registered thermal governor 'step_wise'
machine # [    0.801478] thermal_sys: Registered thermal governor 'user_space'
machine # [    0.802506] cpuidle: using governor menu
machine # [    0.809726] acpiphp: ACPI Hot Plug PCI Controller Driver version: 0.5
machine # [    0.815118] PCI: Using configuration type 1 for base access
machine # [    0.820559] kprobes: kprobe jump-optimization is enabled. All kprobes are optimized if possible.
machine # [    0.821563] HugeTLB: registered 1.00GiB page size, pre-allocated 0 pages
machine # [    0.822478] HugeTLB: 16380 KiB vmemmap can be freed for a 1.00GiB page
machine # [    0.823478] HugeTLB: registered 2.00MiB page size, pre-allocated 0 pages
machine # [    0.824477] HugeTLB: 28 KiB vmemmap can be freed for a 2.00MiB page
machine # [    0.826525] ACPI: Added _OSI(Module Device)
machine # [    0.827478] ACPI: Added _OSI(Processor Device)
machine # [    0.828477] ACPI: Added _OSI(3.0 _SCP Extensions)
machine # [    0.829477] ACPI: Added _OSI(Processor Aggregator Device)
machine # [    0.831097] ACPI: 1 ACPI AML tables successfully acquired and loaded
machine # [    0.833493] ACPI: Interpreter enabled
machine # [    0.834491] ACPI: PM: (supports S0 S3 S4 S5)
machine # [    0.835478] ACPI: Using IOAPIC for interrupt routing
machine # [    0.836506] PCI: Using host bridge windows from ACPI; if necessary, use "pci=nocrs" and report a bug
machine # [    0.837477] PCI: Using E820 reservations for host bridge windows
machine # [    0.838668] ACPI: Enabled 2 GPEs in block 00 to 0F
machine # [    0.843025] ACPI: PCI Root Bridge [PCI0] (domain 0000 [bus 00-ff])
machine # [    0.843482] acpi PNP0A03:00: _OSC: OS supports [ASPM ClockPM Segments MSI HPX-Type3]
machine # [    0.844478] acpi PNP0A03:00: _OSC: not requesting OS control; OS requires [ExtendedConfig ASPM ClockPM MSI]
machine # [    0.845485] acpi PNP0A03:00: fail to add MMCONFIG information, can't access extended PCI configuration space under this bridge.
machine # [    0.846794] acpiphp: Slot [3] registered
machine # [    0.847561] acpiphp: Slot [4] registered
machine # [    0.848538] acpiphp: Slot [5] registered
machine # [    0.849540] acpiphp: Slot [6] registered
machine # [    0.850539] acpiphp: Slot [7] registered
machine # [    0.851540] acpiphp: Slot [8] registered
machine # [    0.852539] acpiphp: Slot [9] registered
machine # [    0.853553] acpiphp: Slot [10] registered
machine # [    0.854539] acpiphp: Slot [11] registered
machine # [    0.855540] acpiphp: Slot [12] registered
machine # [    0.856539] acpiphp: Slot [13] registered
machine # [    0.857541] acpiphp: Slot [14] registered
machine # [    0.858540] acpiphp: Slot [15] registered
machine # [    0.859539] acpiphp: Slot [16] registered
machine # [    0.860539] acpiphp: Slot [17] registered
machine # [    0.861539] acpiphp: Slot [18] registered
machine # [    0.862539] acpiphp: Slot [19] registered
machine # [    0.863539] acpiphp: Slot [20] registered
machine # [    0.864538] acpiphp: Slot [21] registered
machine # [    0.865543] acpiphp: Slot [22] registered
machine # [    0.866541] acpiphp: Slot [23] registered
machine # [    0.867549] acpiphp: Slot [24] registered
machine # [    0.868540] acpiphp: Slot [25] registered
machine # [    0.869542] acpiphp: Slot [26] registered
machine # [    0.870539] acpiphp: Slot [27] registered
machine # [    0.871539] acpiphp: Slot [28] registered
machine # [    0.872540] acpiphp: Slot [29] registered
machine # [    0.873539] acpiphp: Slot [30] registered
machine # [    0.874549] acpiphp: Slot [31] registered
machine # [    0.875532] PCI host bridge to bus 0000:00
machine # [    0.876478] pci_bus 0000:00: root bus resource [io  0x0000-0x0cf7 window]
machine # [    0.877477] pci_bus 0000:00: root bus resource [io  0x0d00-0xffff window]
machine # [    0.878478] pci_bus 0000:00: root bus resource [mem 0x000a0000-0x000bffff window]
machine # [    0.879478] pci_bus 0000:00: root bus resource [mem 0x60000000-0xfebfffff window]
machine # [    0.880478] pci_bus 0000:00: root bus resource [mem 0x100000000-0x17fffffff window]
machine # [    0.881478] pci_bus 0000:00: root bus resource [bus 00-ff]
machine # [    0.882697] pci 0000:00:00.0: [8086:1237] type 00 class 0x060000
machine # [    0.886587] pci 0000:00:01.0: [8086:7000] type 00 class 0x060100
machine # [    0.891640] pci 0000:00:01.1: [8086:7010] type 00 class 0x010180
machine # [    0.896874] pci 0000:00:01.1: reg 0x20: [io  0xc240-0xc24f]
machine # [    0.899479] pci 0000:00:01.1: legacy IDE quirk: reg 0x10: [io  0x01f0-0x01f7]
machine # [    0.900492] pci 0000:00:01.1: legacy IDE quirk: reg 0x14: [io  0x03f6]
machine # [    0.901478] pci 0000:00:01.1: legacy IDE quirk: reg 0x18: [io  0x0170-0x0177]
machine # [    0.902478] pci 0000:00:01.1: legacy IDE quirk: reg 0x1c: [io  0x0376]
machine # [    0.904187] pci 0000:00:01.2: [8086:7020] type 00 class 0x0c0300
machine # [    0.908245] pci 0000:00:01.2: reg 0x20: [io  0xc180-0xc19f]
machine # [    0.910586] pci 0000:00:01.3: [8086:7113] type 00 class 0x068000
machine # [    0.914478] pci 0000:00:01.3: quirk: [io  0x0600-0x063f] claimed by PIIX4 ACPI
machine # [    0.915529] pci 0000:00:01.3: quirk: [io  0x0700-0x070f] claimed by PIIX4 SMB
machine # [    0.917635] pci 0000:00:02.0: [1234:1111] type 00 class 0x030000
machine # [    0.920266] pci 0000:00:02.0: reg 0x10: [mem 0xfd000000-0xfdffffff pref]
machine # [    0.923278] pci 0000:00:02.0: reg 0x18: [mem 0xfebd0000-0xfebd0fff]
machine # [    0.928463] pci 0000:00:02.0: reg 0x30: [mem 0xfebc0000-0xfebcffff pref]
machine # [    0.928829] pci 0000:00:02.0: Video device with shadowed ROM at [mem 0x000c0000-0x000dffff]
machine # [    0.931739] pci 0000:00:03.0: [1af4:1000] type 00 class 0x020000
machine # [    0.933921] pci 0000:00:03.0: reg 0x10: [io  0xc1a0-0xc1bf]
machine # [    0.935480] pci 0000:00:03.0: reg 0x14: [mem 0xfebd1000-0xfebd1fff]
machine # [    0.940480] pci 0000:00:03.0: reg 0x20: [mem 0xfe000000-0xfe003fff 64bit pref]
machine # [    0.942480] pci 0000:00:03.0: reg 0x30: [mem 0xfeb80000-0xfebbffff pref]
machine # [    0.948579] pci 0000:00:04.0: [1af4:1005] type 00 class 0x00ff00
machine # [    0.950925] pci 0000:00:04.0: reg 0x10: [io  0xc1c0-0xc1df]
machine # [    0.952480] pci 0000:00:04.0: reg 0x14: [mem 0xfebd2000-0xfebd2fff]
machine # [    0.957174] pci 0000:00:04.0: reg 0x20: [mem 0xfe004000-0xfe007fff 64bit pref]
machine # [    0.963585] pci 0000:00:05.0: [1af4:1009] type 00 class 0x000200
machine # [    0.965881] pci 0000:00:05.0: reg 0x10: [io  0xc100-0xc13f]
machine # [    0.967479] pci 0000:00:05.0: reg 0x14: [mem 0xfebd3000-0xfebd3fff]
machine # [    0.971480] pci 0000:00:05.0: reg 0x20: [mem 0xfe008000-0xfe00bfff 64bit pref]
machine # [    0.978677] pci 0000:00:06.0: [1af4:1009] type 00 class 0x000200
machine # [    0.980947] pci 0000:00:06.0: reg 0x10: [io  0xc1e0-0xc1ff]
machine # [    0.982480] pci 0000:00:06.0: reg 0x14: [mem 0xfebd4000-0xfebd4fff]
machine # [    0.986479] pci 0000:00:06.0: reg 0x20: [mem 0xfe00c000-0xfe00ffff 64bit pref]
machine # [    0.993196] pci 0000:00:07.0: [1af4:1009] type 00 class 0x000200
machine # [    0.994906] pci 0000:00:07.0: reg 0x10: [io  0xc200-0xc21f]
machine # [    0.996479] pci 0000:00:07.0: reg 0x14: [mem 0xfebd5000-0xfebd5fff]
machine # [    1.000479] pci 0000:00:07.0: reg 0x20: [mem 0xfe010000-0xfe013fff 64bit pref]
machine # [    1.007143] pci 0000:00:08.0: [1af4:1001] type 00 class 0x010000
machine # [    1.009085] pci 0000:00:08.0: reg 0x10: [io  0xc000-0xc07f]
machine # [    1.010479] pci 0000:00:08.0: reg 0x14: [mem 0xfebd6000-0xfebd6fff]
machine # [    1.014479] pci 0000:00:08.0: reg 0x20: [mem 0xfe014000-0xfe017fff 64bit pref]
machine # [    1.021195] pci 0000:00:09.0: [1af4:1001] type 00 class 0x010000
machine # [    1.023075] pci 0000:00:09.0: reg 0x10: [io  0xc080-0xc0ff]
machine # [    1.024479] pci 0000:00:09.0: reg 0x14: [mem 0xfebd7000-0xfebd7fff]
machine # [    1.028480] pci 0000:00:09.0: reg 0x20: [mem 0xfe018000-0xfe01bfff 64bit pref]
machine # [    1.035193] pci 0000:00:0a.0: [1af4:1052] type 00 class 0x090000
machine # [    1.037342] pci 0000:00:0a.0: reg 0x14: [mem 0xfebd8000-0xfebd8fff]
machine # [    1.040024] pci 0000:00:0a.0: reg 0x20: [mem 0xfe01c000-0xfe01ffff 64bit pref]
machine # [    1.046345] pci 0000:00:0b.0: [1af4:1003] type 00 class 0x078000
machine # [    1.047996] pci 0000:00:0b.0: reg 0x10: [io  0xc140-0xc17f]
machine # [    1.049479] pci 0000:00:0b.0: reg 0x14: [mem 0xfebd9000-0xfebd9fff]
machine # [    1.053479] pci 0000:00:0b.0: reg 0x20: [mem 0xfe020000-0xfe023fff 64bit pref]
machine # [    1.060244] pci 0000:00:0c.0: [1af4:1005] type 00 class 0x00ff00
machine # [    1.061867] pci 0000:00:0c.0: reg 0x10: [io  0xc220-0xc23f]
machine # [    1.063479] pci 0000:00:0c.0: reg 0x14: [mem 0xfebda000-0xfebdafff]
machine # [    1.067480] pci 0000:00:0c.0: reg 0x20: [mem 0xfe024000-0xfe027fff 64bit pref]
machine # [    1.074553] ACPI: PCI: Interrupt link LNKA configured for IRQ 10
machine # [    1.075782] ACPI: PCI: Interrupt link LNKB configured for IRQ 10
machine # [    1.076765] ACPI: PCI: Interrupt link LNKC configured for IRQ 11
machine # [    1.077753] ACPI: PCI: Interrupt link LNKD configured for IRQ 11
machine # [    1.078626] ACPI: PCI: Interrupt link LNKS configured for IRQ 9
machine # [    1.080560] iommu: Default domain type: Translated
machine # [    1.081478] iommu: DMA domain TLB invalidation policy: lazy mode
machine # [    1.082742] NetLabel: Initializing
machine # [    1.083478] NetLabel:  domain hash size = 128
machine # [    1.084477] NetLabel:  protocols = UNLABELED CIPSOv4 CALIPSO
machine # [    1.085496] NetLabel:  unlabeled traffic allowed by default
machine # [    1.086483] PCI: Using ACPI for IRQ routing
machine # [    1.089188] pci 0000:00:02.0: vgaarb: setting as boot VGA device
machine # [    1.089463] pci 0000:00:02.0: vgaarb: bridge control possible
machine # [    1.089463] pci 0000:00:02.0: vgaarb: VGA device added: decodes=io+mem,owns=io+mem,locks=none
machine # [    1.089479] vgaarb: loaded
machine # [    1.090577] hpet0: at MMIO 0xfed00000, IRQs 2, 8, 0
machine # [    1.091477] hpet0: 3 comparators, 64-bit 100.000000 MHz counter
machine # [    1.095788] clocksource: Switched to clocksource kvm-clock
machine # [    1.099306] VFS: Disk quotas dquot_6.6.0
machine # [    1.101988] VFS: Dquot-cache hash table entries: 512 (order 0, 4096 bytes)
machine # [    1.106658] pnp: PnP ACPI init
machine # [    1.109359] pnp: PnP ACPI: found 6 devices
machine # [    1.127769] clocksource: acpi_pm: mask: 0xffffff max_cycles: 0xffffff, max_idle_ns: 2085701024 ns
machine # [    1.133782] clocksource: Switched to clocksource acpi_pm
machine # [    1.137675] NET: Registered PF_INET protocol family
machine # [    1.141010] IP idents hash table entries: 32768 (order: 6, 262144 bytes, linear)
machine # [    1.146679] tcp_listen_portaddr_hash hash table entries: 1024 (order: 2, 16384 bytes, linear)
machine # [    1.152391] Table-perturb hash table entries: 65536 (order: 6, 262144 bytes, linear)
machine # [    1.157680] TCP established hash table entries: 16384 (order: 5, 131072 bytes, linear)
machine # [    1.162933] TCP bind hash table entries: 16384 (order: 7, 524288 bytes, linear)
machine # [    1.168122] TCP: Hash tables configured (established 16384 bind 16384)
machine # [    1.172698] MPTCP token hash table entries: 2048 (order: 3, 49152 bytes, linear)
machine # [    1.177680] UDP hash table entries: 1024 (order: 3, 32768 bytes, linear)
machine # [    1.182206] UDP-Lite hash table entries: 1024 (order: 3, 32768 bytes, linear)
machine # [    1.187086] NET: Registered PF_UNIX/PF_LOCAL protocol family
machine # [    1.191012] NET: Registered PF_XDP protocol family
machine # [    1.194363] pci_bus 0000:00: resource 4 [io  0x0000-0x0cf7 window]
machine # [    1.198677] pci_bus 0000:00: resource 5 [io  0x0d00-0xffff window]
machine # [    1.202889] pci_bus 0000:00: resource 6 [mem 0x000a0000-0x000bffff window]
machine # [    1.207654] pci_bus 0000:00: resource 7 [mem 0x60000000-0xfebfffff window]
machine # [    1.212331] pci_bus 0000:00: resource 8 [mem 0x100000000-0x17fffffff window]
machine # [    1.217208] pci 0000:00:01.0: PIIX3: Enabling Passive Release
machine # [    1.221171] pci 0000:00:00.0: Limiting direct PCI/PCI transfers
machine # [    1.249419] ACPI: \_SB_.LNKD: Enabled at IRQ 11
machine # [    1.277687] pci 0000:00:01.2: quirk_usb_early_handoff+0x0/0x750 took 51033 usecs
machine # [    1.283327] PCI: CLS 0 bytes, default 64
machine # [    1.286237] clocksource: tsc: mask: 0xffffffffffffffff max_cycles: 0x2fbd924e8de, max_idle_ns: 440795321919 ns
machine # [    1.286716] Trying to unpack rootfs image as initramfs...
machine # [    1.298918] Initialise system trusted keyrings
machine # [    1.303087] workingset: timestamp_bits=40 max_order=19 bucket_order=0
machine # [    1.309176] zbud: loaded
machine # [    1.313770] Key type asymmetric registered
machine # [    1.316709] Asymmetric key parser 'x509' registered
machine # [    1.369109] Freeing initrd memory: 12856K
machine # [    1.376943] alg: self-tests for CTR-KDF (hmac(sha256)) passed
machine # [    1.380904] Block layer SCSI generic (bsg) driver version 0.4 loaded (major 252)
machine # [    1.386755] io scheduler mq-deadline registered
machine # [    1.389928] io scheduler kyber registered
machine # [    1.397098] Serial: 8250/16550 driver, 4 ports, IRQ sharing enabled
machine # [    1.402044] 00:04: ttyS0 at I/O 0x3f8 (irq = 4, base_baud = 115200) is a 16550A
machine # [    1.413055] intel_pstate: CPU model not supported
machine # [    1.416404] drop_monitor: Initializing network drop monitor service
machine # [    1.430225] NET: Registered PF_INET6 protocol family
machine # [    1.440687] Segment Routing with IPv6
machine # [    1.443313] In-situ OAM (IOAM) with IPv6
machine # [    1.451220] IPI shorthand broadcast: enabled
machine # [    1.454707] registered taskstats version 1
machine # [    1.457632] Loading compiled-in X.509 certificates
machine # [    1.461714] zswap: loaded using pool lzo/zbud
machine # [    1.466899] Key type .fscrypt registered
machine # [    1.469718] Key type fscrypt-provisioning registered
machine # [    1.484212] Unstable clock detected, switching default tracing clock to "global"
machine # [    1.484212] If you want to keep using the local clock, then add:
machine # [    1.484212]   "trace_clock=local"
machine # [    1.484212] on the kernel command line
machine # [    1.500762] Freeing unused decrypted memory: 2036K
machine # [    1.503961] Freeing unused kernel image (initmem) memory: 1880K
machine # [    1.522994] Write protecting the kernel read-only data: 22528k
machine # [    1.527917] Freeing unused kernel image (text/rodata gap) memory: 2040K
machine # [    1.531437] Freeing unused kernel image (rodata/data gap) memory: 652K
machine # [    1.575016] x86/mm: Checked W+X mappings: passed, no W+X pages found.
machine # [    1.577627] x86/mm: Checking user space page tables
machine # [    1.619953] x86/mm: Checked W+X mappings: passed, no W+X pages found.
machine # [    1.622661] Run /init as init process
machine # 
machine # <<< NixOS Stage 1 >>>
machine # 
machine # loading module virtio_balloon...
machine # loading module virtio_console...
machine # loading module virtio_rng...
machine # loading module dm_mod...
machine # [    1.744732] device-mapper: ioctl: 4.47.0-ioctl (2022-07-28) initialised: dm-devel@redhat.com
machine # running udev...
machine # Starting systemd-udevd version 252.5
machine # [    1.828382] rtc_cmos 00:05: RTC can wake from S4
machine # [    1.831945] i8042: PNP: PS/2 Controller [PNP0303:KBD,PNP0f13:MOU] at 0x60,0x64 irq 1,12
machine # [    1.834161] rtc_cmos 00:05: registered as rtc0
machine # [    1.838043] rtc_cmos 00:05: alarms up to one day, y3k, 242 bytes nvram, hpet irqs
machine # [    1.840237] serio: i8042 KBD port at 0x60,0x64 irq 1
machine # [    1.843751] serio: i8042 AUX port at 0x60,0x64 irq 12
machine # [    1.870311] SCSI subsystem initialized
machine # [    1.876194] ACPI: bus type USB registered
machine # [    1.878183] usbcore: registered new interface driver usbfs
machine # [    1.880697] usbcore: registered new interface driver hub
machine # [    1.882465] ACPI: \_SB_.LNKC: Enabled at IRQ 10
machine # [    1.883231] usbcore: registered new device driver usb
machine # [    1.935713] scsi host0: ata_piix
machine # [    1.938689] scsi host1: ata_piix
machine # [    1.940407] ata1: PATA max MWDMA2 cmd 0x1f0 ctl 0x3f6 bmdma 0xc240 irq 14
machine # [    1.943613] ata2: PATA max MWDMA2 cmd 0x170 ctl 0x376 bmdma 0xc248 irq 15
machine # [    1.978159] uhci_hcd 0000:00:01.2: UHCI Host Controller
machine # [    1.978402] ACPI: \_SB_.LNKA: Enabled at IRQ 10
machine # [    1.980599] uhci_hcd 0000:00:01.2: new USB bus registered, assigned bus number 1
machine # [    1.986181] uhci_hcd 0000:00:01.2: detected 2 ports
machine # [    1.989674] uhci_hcd 0000:00:01.2: irq 11, io port 0x0000c180
machine # [    1.992936] usb usb1: New USB device found, idVendor=1d6b, idProduct=0001, bcdDevice= 6.01
machine # [    1.996602] usb usb1: New USB device strings: Mfr=3, Product=2, SerialNumber=1
machine # [    1.999826] usb usb1: Product: UHCI Host Controller
machine # [    2.002070] usb usb1: Manufacturer: Linux 6.1.3 uhci_hcd
machine # [    2.004619] usb usb1: SerialNumber: 0000:00:01.2
machine # [    2.007414] hub 1-0:1.0: USB hub found
machine # [    2.009189] hub 1-0:1.0: 2 ports detected
machine # [    2.014908] ACPI: \_SB_.LNKB: Enabled at IRQ 11
machine # [    2.107752] ata2: found unknown device (class 0)
machine # [    2.112980] ata2.00: ATAPI: QEMU DVD-ROM, 2.5+, max UDMA/100
machine # [    2.121149] scsi 1:0:0:0: CD-ROM            QEMU     QEMU DVD-ROM     2.5+ PQ: 0 ANSI: 5
machine # [    2.229910] usb 1-1: new full-speed USB device number 2 using uhci_hcd
machine # [    2.300634] 9pnet: Installing 9P2000 support
machine # [    2.309175] virtio_blk virtio5: 8/0/0 default/read/poll queues
machine # [    2.311264] input: AT Translated Set 2 keyboard as /devices/platform/i8042/serio0/input/input0
machine # [    2.325206] virtio_blk virtio5: [vda] 33554432 512-byte logical blocks (17.2GB/16.0GiB)
machine # [    2.331761] virtio_blk virtio6: 8/0/0 default/read/poll queues
machine # [    2.347690] virtio_blk virtio6: [vdb] 2097152 512-byte logical blocks (1.07GB/1.00GiB)
machine # [    2.394062] sr 1:0:0:0: [sr0] scsi3-mmc drive: 4x/4x cd/rw xa/form2 tray
machine # [    2.397170] cdrom: Uniform CD-ROM driver Revision: 3.20
machine # [    2.403669] usb 1-1: New USB device found, idVendor=0627, idProduct=0001, bcdDevice= 0.00
machine # [    2.407269] usb 1-1: New USB device strings: Mfr=1, Product=3, SerialNumber=10
machine # [    2.410454] usb 1-1: Product: QEMU USB Tablet
machine # [    2.412624] usb 1-1: Manufacturer: QEMU
machine # [    2.414463] usb 1-1: SerialNumber: 28754-0000:00:01.2-1
machine # [    2.428421] hid: raw HID events driver (C) Jiri Kosina
machine # [    2.440816] usbcore: registered new interface driver usbhid
machine # [    2.443393] usbhid: USB HID core driver
machine # [    2.448647] input: QEMU QEMU USB Tablet as /devices/pci0000:00/0000:00:01.2/usb1/1-1/1-1:1.0/0003:0627:0001.0001/input/input2
machine # [    2.454208] hid-generic 0003:0627:0001.0001: input,hidraw0: USB HID v0.01 Mouse [QEMU QEMU USB Tablet] on usb-0000:00:01.2-1/input0
machine # kbd_mode: KDSKBMODE: Inappropriate ioctl for device
machine # %Gstarting device mapper and LVM...
machine # mke2fs 1.46.5 (30-Dec-2021)
machine # Discarding device blocks: done         
machine # Creating filesystem with 262144 4k blocks and 65536 inodes
machine # Filesystem UUID: cd2f98c7-c096-4a74-8bc2-0c0e716666c2
machine # Superblock backups stored on blocks:
machine #       32768, 98304, 163840, 229376
machine # 
machine # Allocating group tables: done
machine # Writing inode tables: done
machine # Creating journal (8192 blocks): done
machine # Writing superblocks and filesystem accounting information: done
machine # 
machine # checking /dev/vdb...
machine # fsck (busybox 1.36.0)
machine # [fsck.ext4 (1) -- /mnt-root/] fsck.ext4 -a /dev/vdb
machine # /dev/vdb: clean, 11/65536 files, 12955/262144 blocks
machine # mounting /dev/vdb on /...
machine # [    3.329953] EXT4-fs (vdb): mounted filesystem with ordered data mode. Quota mode: none.
machine # mounting nix-store on /nix/.ro-store...
machine # [    3.400015] FS-Cache: Loaded
machine # [    3.430041] 9p: Installing v9fs 9p2000 file system support
machine # mounting tmpfs on /nix/.rw-store...
machine # mounting shared on /tmp/shared...
machine # mounting xchg on /tmp/xchg...
machine # mounting overlay filesystem on /nix/store...
machine # 
machine # <<< NixOS Stage 2 >>>
machine # 
machine # [    3.836695] EXT4-fs (vdb): re-mounted. Quota mode: none.
machine # [    3.842751] booting system configuration /nix/store/sy2p853i92q8xbzfbnycysyzir6pcwj7-nixos-system-machine-23.05pre-git
machine # running activation script...
machine # setting up /etc...
machine # unpacking the NixOS/Nixpkgs sources...
machine # ln: failed to create symbolic link '/root/.nix-defexpr/channels/channels': Read-only file system
machine # starting systemd...
machine # [    7.103902] systemd[1]: Inserted module 'autofs4'
machine # [    7.185677] systemd[1]: systemd 252.5 running in system mode (+PAM +AUDIT -SELINUX +APPARMOR +IMA +SMACK +SECCOMP +GCRYPT -GNUTLS +OPENSSL +ACL +BLKID +CURL +ELFUTILS +FIDO2 +IDN2 -IDN +IPTC +KMOD +LIBCRYPTSETUP +LIBFDISK +PCRE2 -PWQUALITY +P11KIT -QRENCODE +TPM2 +BZIP2 +LZ4 +XZ +ZLIB +ZSTD +BPF_FRAMEWORK -XKBCOMMON +UTMP -SYSVINIT default-hierarchy=unified)
machine # [    7.198896] systemd[1]: Detected virtualization kvm.
machine # [    7.201227] systemd[1]: Detected architecture x86-64.
machine # [    7.210181] systemd[1]: Initializing machine ID from random generator.
machine # [    7.679045] systemd[1]: bpf-lsm: LSM BPF program attached
machine # [    8.732335] systemd[1]: Queued start job for default target Multi-User System.
machine # [    8.750960] systemd[1]: Created slice Slice /system/getty.
machine # [    8.754748] systemd[1]: Created slice Slice /system/modprobe.
machine # [    8.758660] systemd[1]: Created slice User and Session Slice.
machine # [    8.761838] systemd[1]: Started Dispatch Password Requests to Console Directory Watch.
machine # [    8.765847] systemd[1]: Started Forward Password Requests to Wall Directory Watch.
machine # [    8.769915] systemd[1]: Reached target Local Encrypted Volumes.
machine # [    8.772891] systemd[1]: Reached target Containers.
machine # [    8.775346] systemd[1]: Reached target Path Units.
machine # [    8.777827] systemd[1]: Reached target Remote File Systems.
machine # [    8.780815] systemd[1]: Reached target Slice Units.
machine # [    8.783335] systemd[1]: Reached target Swaps.
machine # [    8.792829] systemd[1]: Listening on Process Core Dump Socket.
machine # [    8.797065] systemd[1]: Listening on Journal Audit Socket.
machine # [    8.800055] systemd[1]: Listening on Journal Socket (/dev/log).
machine # [    8.803152] systemd[1]: Listening on Journal Socket.
machine # [    8.807119] systemd[1]: Listening on Userspace Out-Of-Memory (OOM) Killer Socket.
machine # [    8.813272] systemd[1]: Listening on udev Control Socket.
machine # [    8.816681] systemd[1]: Listening on udev Kernel Socket.
machine # [    8.833064] systemd[1]: Mounting Huge Pages File System...
machine # [    8.837903] systemd[1]: Mounting POSIX Message Queue File System...
machine # [    8.843283] systemd[1]: Mounting Kernel Debug File System...
machine # [    8.851629] systemd[1]: Starting Create List of Static Device Nodes...
machine # [    8.857716] systemd[1]: Starting Load Kernel Module configfs...
machine # [    8.863013] systemd[1]: Starting Load Kernel Module drm...
machine # [    8.868809] systemd[1]: Starting Load Kernel Module efi_pstore...
machine # [    8.875450] systemd[1]: Starting Load Kernel Module fuse...
machine # [    8.881742] systemd[1]: Starting mount-pstore.service...
machine # [    8.886026] systemd[1]: File System Check on Root Device was skipped because of an unmet condition check (ConditionPathIsReadWrite=!/).
machine # [    8.897983] systemd[1]: Starting Journal Service...
machine # [    8.903691] systemd[1]: Starting Load Kernel Modules...
machine # [    8.913232] systemd[1]: Starting Remount Root and Kernel File Systems...
machine # [    8.920853] systemd[1]: Starting Coldplug All udev Devices...
machine # [    8.936289] fuse: init (API version 7.37)
machine # [    8.939220] systemd[1]: Mounted Huge Pages File System.
machine # [    8.943242] systemd[1]: Mounted POSIX Message Queue File System.
machine # [    8.947469] systemd[1]: Mounted Kernel Debug File System.
machine # [    8.964853] systemd[1]: Finished Create List of Static Device Nodes.
machine # [    8.969979] audit: type=1130 audit(1678249914.987:2): pid=1 uid=0 auid=4294967295 ses=4294967295 subj=kernel msg='unit=kmod-static-nodes comm="systemd" exe="/nix/store/d1h33vvfagj7bhg0b8dw3p5nifghb01q-systemd-252.5/lib/systemd/systemd" hostname=? addr=? terminal=? res=success'
machine # [    8.971794] systemd[1]: modprobe@configfs.service: Deactivated successfully.
machine # [    8.985370] EXT4-fs (vdb): re-mounted. Quota mode: none.
machine # [    9.012072] ACPI: bus type drm_connector registered
machine # [    9.017683] systemd[1]: Finished Load Kernel Module configfs.
machine # [    9.020802] audit: type=1130 audit(1678249915.038:3): pid=1 uid=0 auid=4294967295 ses=4294967295 subj=kernel msg='unit=modprobe@configfs comm="systemd" exe="/nix/store/d1h33vvfagj7bhg0b8dw3p5nifghb01q-systemd-252.5/lib/systemd/systemd" hostname=? addr=? terminal=? res=success'
machine # [    9.022943] systemd[1]: modprobe@drm.service: Deactivated successfully.
machine # [    9.032021] audit: type=1131 audit(1678249915.038:4): pid=1 uid=0 auid=4294967295 ses=4294967295 subj=kernel msg='unit=modprobe@configfs comm="systemd" exe="/nix/store/d1h33vvfagj7bhg0b8dw3p5nifghb01q-systemd-252.5/lib/systemd/systemd" hostname=? addr=? terminal=? res=success'
machine # [    9.064698] bridge: filtering via arp/ip/ip6tables is no longer available by default. Update your scripts to load br_netfilter if you need this.
machine # [    9.068131] systemd[1]: Finished Load Kernel Module drm.
machine # [    9.072919] audit: type=1130 audit(1678249915.090:5): pid=1 uid=0 auid=4294967295 ses=4294967295 subj=kernel msg='unit=modprobe@drm comm="systemd" exe="/nix/store/d1h33vvfagj7bhg0b8dw3p5nifghb01q-systemd-252.5/lib/systemd/systemd" hostname=? addr=? terminal=? res=success'
machine # [    9.073938] systemd[1]: modprobe@efi_pstore.service: Deactivated successfully.
machine # [    9.083434] audit: type=1131 audit(1678249915.090:6): pid=1 uid=0 auid=4294967295 ses=4294967295 subj=kernel msg='unit=modprobe@drm comm="systemd" exe="/nix/store/d1h33vvfagj7bhg0b8dw3p5nifghb01q-systemd-252.5/lib/systemd/systemd" hostname=? addr=? terminal=? res=success'
machine # [    9.101674] systemd[1]: Finished Load Kernel Module efi_pstore.
machine # [    9.104767] audit: type=1130 audit(1678249915.122:7): pid=1 uid=0 auid=4294967295 ses=4294967295 subj=kernel msg='unit=modprobe@efi_pstore comm="systemd" exe="/nix/store/d1h33vvfagj7bhg0b8dw3p5nifghb01q-systemd-252.5/lib/systemd/systemd" hostname=? addr=? terminal=? res=success'
machine # [    9.105868] systemd[1]: modprobe@fuse.service: Deactivated successfully.
machine # [    9.115093] audit: type=1131 audit(1678249915.122:8): pid=1 uid=0 auid=4294967295 ses=4294967295 subj=kernel msg='unit=modprobe@efi_pstore comm="systemd" exe="/nix/store/d1h33vvfagj7bhg0b8dw3p5nifghb01q-systemd-252.5/lib/systemd/systemd" hostname=? addr=? terminal=? res=success'
machine # [    9.132000] tun: Universal TUN/TAP device driver, 1.6
machine # [    9.144360] systemd[1]: Finished Load Kernel Module fuse.
machine # [    8.490962] s[    9.147130] audit: type=1130 audit(1678249915.164:9): pid=1 uid=0 auid=4294967295 ses=4294967295 subj=kernel msg='unit=modprobe@fuse comm="systemd" exe="/nix/store/d1h33vvfagj7bhg0b8dw3p5nifghb01q-systemd-252.5/lib/systemd/systemd" hostname=? addr=? terminal=? res=success'
machine # ystemd-modules-l[    9.147885] loop: module loaded
machine # [    9.147989] systemd[1]: Started Journal Service.
machine # oad[590]: Insert[    9.157742] audit: type=1131 audit(1678249915.164:10): pid=1 uid=0 auid=4294967295 ses=4294967295 subj=kernel msg='unit=modprobe@fuse comm="systemd" exe="/nix/store/d1h33vvfagj7bhg0b8dw3p5nifghb01q-systemd-252.5/lib/systemd/systemd" hostname=? addr=? terminal=? res=success'
machine # ed module 'bridg[    9.172556] audit: type=1130 audit(1678249915.165:11): pid=1 uid=0 auid=4294967295 ses=4294967295 subj=kernel msg='unit=systemd-journald comm="systemd" exe="/nix/store/d1h33vvfagj7bhg0b8dw3p5nifghb01q-systemd-252.5/lib/systemd/systemd" hostname=? addr=? terminal=? res=success'
machine # e'
machine # [    8.535630] systemd-modules-load[590]: Inserted module 'macvlan'
machine # [    8.540800] systemd-modules-load[590]: Inserted module 'tap'
machine # [    8.545631] systemd-modules-load[590]: Inserted module 'tun'
machine # [    8.550670] systemd-modules-load[590]: Inserted module 'loop'
machine # [    8.565623] systemd[1]: Finished Load Kernel Modules.
machine # [    8.579672] systemd[1]: Finished Remount Root and Kernel File Systems.
machine # [    8.599381] systemd[1]: Finished Coldplug All udev Devices.
machine # [    8.621496] systemd[1]: Mounting FUSE Control File System...
machine # [    8.630636] systemd[1]: Mounting Kernel Configuration File System...
machine # [    8.641460] systemd[1]: Starting Firewall...
machine # [    8.647774] systemd[1]: Starting Flush Journal to Persistent Storage...
machine # [    8.654756] systemd[1]: Starting Load/Save Random Seed...
machine # [    8.660963] systemd[1]: Starting Apply Kernel Variables...
machine # [    8.667998] systemd[1]: Starting Create Static Device Nodes in /dev...
machine # [    8.673906] systemd[1]: Mounted FUSE Control File System.
machine # [    8.678057] systemd[1]: Mounted Kernel Configuration File System.
machine # [    9.355981] systemd-journald[589]: Received client request to flush runtime journal.
machine # [    8.869913] systemd[1]: Finished Load/Save Random Seed.
machine # [    8.875787] systemd[1]: Finished Apply Kernel Variables.
machine # [    8.881525] systemd[1]: Finished Create Static Device Nodes in /dev.
machine # [    8.885890] systemd[1]: Reached target Preparation for Local File Systems.
machine # [    8.890061] systemd[1]: Reached target Local File Systems.
machine # [    8.896344] systemd[1]: Starting Rule-based Manager for Device Events and Files...
machine # [    8.903035] systemd-udevd[615]: Using default interface naming scheme 'v252'.
machine # [    8.908935] systemd[1]: Finished Flush Journal to Persistent Storage.
machine # [    8.913979] systemd[1]: Starting Create Volatile Files and Directories...
machine # [    9.011427] systemd[1]: Finished Create Volatile Files and Directories.
machine # [    9.017542] systemd[1]: Started Rule-based Manager for Device Events and Files.
machine # [    9.030314] systemd[1]: Starting Rebuild Journal Catalog...
machine # [    9.037570] systemd[1]: Starting Userspace Out-Of-Memory (OOM) Killer...
machine # [    9.043295] systemd[1]: Starting Record System Boot/Shutdown in UTMP...
machine # [    9.077858] systemd[1]: Found device /dev/ttyS0.
machine # [    9.100473] systemd-udevd[651]: Network interface NamePolicy= disabled on kernel command line.
machine # [    9.112679] systemd[1]: Finished Record System Boot/Shutdown in UTMP.
machine # [    9.123637] systemd[1]: Finished Rebuild Journal Catalog.
machine # [    9.131936] systemd[1]: Found device /dev/hvc0.
machine # [    9.813030] mousedev: PS/2 mouse device common for all mice
machine # [    9.140984] systemd-udevd[639]: event_source: Failed to get device name: No such file or directory
machine # [    9.181677] systemd[1]: Starting Update is Completed...
machine # [    9.186885] systemd-oomd[646]: Swap is currently not detected; memory pressure usage will be degraded
machine # [    9.847004] input: Power Button as /devices/LNXSYSTM:00/LNXPWRBN:00/input/input3
machine # [    9.197386] s[    9.852757] ACPI: button: Power Button [PWRF]
machine # ystemd[1]: Started Userspace Out-Of-Memory (OOM) Killer.
machine # [    9.214403] systemd[1]: Finished Update is Completed.
machine # [    9.894047] Floppy drive(s): fd0 is 2.88M AMI BIOS
machine # [    9.898824] parport_pc 00:03: reported by Plug and Play ACPI
machine # [    9.902011] parport0: PC-style at 0x378, irq 7 [PCSPP(,...)]
machine # [    9.911858] FDC 0 is a S82078B
machine # [    9.964302] Linux agpgart interface v0.103
machine # [    9.970818] piix4_smbus 0000:00:01.3: SMBus Host Controller at 0x700, revision 0
machine # [   10.016101] input: QEMU Virtio Keyboard as /devices/pci0000:00/0000:00:0a.0/virtio7/input/input4
machine # [   10.046888] input: VirtualPS/2 VMware VMMouse as /devices/platform/i8042/serio1/input/input6
machine # [   10.054206] input: VirtualPS/2 VMware VMMouse as /devices/platform/i8042/serio1/input/input5
machine # [   10.166071] RAPL PMU: API unit is 2^-32 Joules, 0 fixed counters, 10737418240 ms ovfl timer
machine # [   10.198742] bochs-drm 0000:00:02.0: vgaarb: deactivate vga console
machine # [   10.233402] Console: switching to colour dummy device 80x25
machine # [   10.237189] [drm] Found bochs VGA, ID 0xb0c5.
machine # [   10.240130] [drm] Framebuffer size 16384 kB @ 0xfd000000, mmio @ 0xfebd0000.
machine # [   10.246630] cryptd: max_cpu_qlen set to 1000
machine # [   10.262336] [drm] Found EDID data blob.
machine # [   10.265809] [drm] Initialized bochs-drm 1.0.0 20130925 for 0000:00:02.0 on minor 0
machine # [   10.271371] fbcon: bochs-drmdrmfb (fb0) is primary device
machine # [   10.289840] Console: switching to colour frame buffer device 160x50
machine # [   10.297628] bochs-drm 0000:00:02.0: [drm] fb0: bochs-drmdrmfb frame buffer device
machine # [   10.303915] AVX2 version of gcm_enc/dec engaged.
machine # [   10.309031] AES CTR mode by8 optimization enabled
machine # [   10.413863] ppdev: user-space parallel port driver
machine # [   10.520491] f4xrzmq3i4d8ywd9vz5c0kafbb83b1jq-mount-pstore.sh[595]: Persistent Storage backend was not registered in time.
machine # [   10.540793] systemd[1]: Finished mount-pstore.service.
machine # [   10.552264] systemd[1]: Platform Persistent Storage Archival was skipped because of an unmet condition check (ConditionDirectoryNotEmpty=/sys/fs/pstore).
machine # [   10.561897] systemd[1]: Reached target System Initialization.
machine # [   10.566067] systemd[1]: Started logrotate.timer.
machine # [   10.569676] systemd[1]: Started Daily Cleanup of Temporary Directories.
machine # [   10.585080] systemd[1]: Reached target Timer Units.
machine # [   10.598900] systemd[1]: Listening on D-Bus System Message Bus Socket.
machine # connecting to host...
machine # [   10.609649] systemd[1]: Listening on Nix Daemon Socket.
machine # [   10.611662] j72arpq1dfn7q59irzji3xwljjdiq8vs-audit-disable[782]: No rules
machine # [   10.615999] dhcpcd[776]: dhcpcd-9.4.1 starting
machine # [   10.627768] systemd[1]: Reached target Socket Units.
machine # [   10.629638] logrotate[777]: warning: logrotate in debug mode does nothing except printing debug messages!  Consider using verbose mode (-v) instead if this is not what you want.
machine # [   10.631021] logrotate[777]: reading config file /nix/store/ysgfy4413nrn23ddins98pcrk81bmzsy-logrotate.conf
machine # [   10.639030] logrotate[777]: note: 'monthly' overrides previously specified 'weekly'
machine # [   10.646576] logrotate[777]: Reading state from file: /var/lib/logrotate.status
machine # [   10.652496] logrotate[777]: state file /var/lib/logrotate.status does not exist
machine # [   10.652867] logrotate[777]: Allocating hash table for state file, size 64 entries
machine # [   10.654741] logrotate[777]: Handling 2 logs
machine # [   10.656443] logrotate[777]: rotating pattern: "/var/log/btmp"  monthly (1 rotations)
machine # [   10.656835] logrotate[777]: empty log files are not rotated, only log files >= 1048576 bytes are rotated, old logs are removed
machine # [   10.658414] logrotate[777]: considering log /var/log/btmp
machine # [   10.658826] logrotate[777]: Creating new state
machine # [   10.660344] logrotate[777]:   Now: 2023-03-08 04:31
machine: connected to guest root shell
machine: (connecting took 12.54 seconds)
machine # [   10.660907] logrotate[777]:   Last rotated at 2023-03-08 04:00
(finished: waiting for the VM to finish booting, in 12.59 seconds)
machine # [   10.662420] logrotate[777]:   log does not need rotating (log has already been rotated)
machine # [   10.664870] logrotate[777]: rotating pattern: "/var/log/wtmp"  monthly (1 rotations)
machine # [   10.665665] logrotate[777]: empty log files are not rotated, only log files >= 1048576 bytes are rotated, old logs are removed
machine # [   10.666675] logrotate[777]: considering log /var/log/wtmp
machine # [   10.673420] logrotate[777]: Creating new state
machine # [   10.674062] logrotate[777]:   Now: 2023-03-08 04:31
machine # [   10.679977] logrotate[777]:   Last rotated at 2023-03-08 04:00
machine # [   10.681734] logrotate[777]:   log does not need rotating (log has already been rotated)
machine # [   10.683961] dhcpcd[790]: dev: loaded udev
machine # [   10.689410] systemd[1]: Reached target Basic System.
machine # [   10.691945] systemd[1]: Starting Kernel Auditing...
machine # [   10.693396] nsncd[778]: Mar 08 04:31:57.349 INFO started, handoff_timeout: 3s, worker_count: 8, path: "/var/run/nscd/socket"
machine # [   10.695820] systemd[1]: Started backdoor.service.
machine # [   10.705844] systemd[1]: Starting DHCP Client...
machine # [   10.714443] systemd[1]: Starting Logrotate configuration check...
machine # [   10.715370] systemd[1]: Starting Name Service Cache Daemon (nsncd)...
machine # [   10.716607] systemd[1]: Started Reset console on configuration changes.
machine # sh: cannot set terminal process group (-1): Inappropriate ioctl for device
machine # [   10.717911] systemd[1]: Starting resolvconf update...
machine # sh: no job control in this shell
machine # [   10.725536] systemd[1]: Starting D-Bus System Message Bus...
machine # [   10.781667] systemd[1]: Finished Kernel Auditing.
(finished: must succeed: echo hello, in 12.63 seconds)
(finished: subtest: Assert readiness of login prompt, in 12.63 seconds)
subtest: Wait for hard disks to appear in /dev
machine: must succeed: udevadm settle
machine # [   10.783153] systemd[1]: Started Name Service Cache Daemon (nsncd).
machine # [   11.443774] 8021q: 802.1Q VLAN Support v1.8
machine # [   10.804339] systemd[1]: Finished Logrotate configuration check.
machine # [   10.816761] systemd[1]: Reached target Host and Network Name Lookups.
machine # [   10.818507] dbus-daemon[784]: dbus[784]: Unknown username "systemd-timesync" in message bus configuration file
machine # [   10.831989] systemd[1]: Reached target User and Group Name Lookups.
machine # [   10.851381] systemd[1]: Starting User Login Management...
machine # [   10.875066] systemd[1]: Listening on Load/Save RF Kill Switch Status /dev/rfkill Watch.
machine # [   10.952523] systemd-logind[828]: New seat seat0.
machine # [   10.956871] systemd[1]: Started D-Bus System Message Bus.
machine # [   10.957997] systemd-logind[828]: Watching system buttons on /dev/input/event2 (Power Button)
machine # [   10.960838] systemd-logind[828]: Watching system buttons on /dev/input/event3 (QEMU Virtio Keyboard)
machine # [   10.961891] systemd-logind[828]: Watching system buttons on /dev/input/event0 (AT Translated Set 2 keyboard)
machine # [   10.968539] systemd[1]: Stopped target Host and Network Name Lookups.
machine # [   10.970378] dbus-daemon[784]: [system] Successfully activated service 'org.freedesktop.systemd1'
machine # [   10.972080] systemd[1]: Stopping Host and Network Name Lookups...
machine # [   10.974065] systemd[1]: Stopped target User and Group Name Lookups.
machine # [   10.978378] systemd[1]: Stopping User and Group Name Lookups...
machine # [   10.979561] systemd[1]: Stopping Name Service Cache Daemon (nsncd)...
machine # [   10.981805] systemd[1]: Started User Login Management.
machine # [   11.004839] systemd[1]: nscd.service: Deactivated successfully.
machine # [   11.267820] systemd[1]: Stopped Name Service Cache Daemon (nsncd).
machine # [   11.997403] cfg80211: Loading compiled-in X.509 certificates for regulatory database
machine # [   11.360902] systemd[1]: Finished Firewall.
machine # [   11.373316] systemd[1]: Finished resolvconf update.
machine # [   11.377950] systemd[1]: Reached target Preparation for Network.
machine # [   11.379488] systemd[1]: Reached target All Network Interfaces (deprecated).
machine # [   12.055608] cfg80211: Loaded X.509 cert 'sforshee: 00b28ddf47aef9cea7'
machine # [   11.407691] systemd[1]: Starting Networking Setup...
machine # [   11.411749] systemd[1]: Starting Name Service Cache Daemon (nsncd)...
machine # [   12.079269] Key type encrypted registered
machine # [   12.106648] EDAC MC: Ver: 3.0.0
machine # [   11.456618] nsncd[886]: Mar 08 04:31:58.128 INFO started, handoff_timeout: 3s, worker_count: 8, path: "/var/run/nscd/socket"
machine # [   11.458463] systemd[1]: Started Name Service Cache Daemon (nsncd).
machine # [   11.467900] systemd[1]: Reached target Host and Network Name Lookups.
machine # [   11.470655] systemd[1]: Reached target User and Group Name Lookups.
machine # [   11.638057] systemd[1]: Finished Networking Setup.
machine # [   11.662520] systemd[1]: Starting Extra networking commands....
machine # [   11.700943] systemd[1]: Finished Extra networking commands..
machine # [   11.702809] systemd[1]: Reached target Network.
machine # [   11.725456] systemd[1]: Starting SSH Daemon...
machine # [   11.728879] systemd[1]: Starting Permit User Sessions...
machine # [   11.793364] systemd[1]: Finished Permit User Sessions.
machine # [   11.815384] systemd[1]: Started Getty on tty1.
machine # [   11.816593] systemd[1]: Reached target Login Prompts.
machine # [   12.439702] sshd-pre-start[954]: Generating public/private rsa key pair.
machine # [   12.440617] sshd-pre-start[954]: Your identification has been saved in /etc/ssh/ssh_host_rsa_key
machine # [   12.442734] sshd-pre-start[954]: Your public key has been saved in /etc/ssh/ssh_host_rsa_key.pub
machine # [   12.445396] sshd-pre-start[954]: The key fingerprint is:
machine # [   12.446034] sshd-pre-start[954]: SHA256:+NGzgSo/OjBE022CB5+Cv1jnbcBebBoD1SYvdMtQUAo root@machine
machine # [   12.448501] sshd-pre-start[954]: The key's randomart image is:
machine # [   12.449408] sshd-pre-start[954]: +---[RSA 4096]----+
machine # [   12.449875] sshd-pre-start[954]: |  E+o*o          |
machine # [   12.451531] sshd-pre-start[954]: | .++Bo*          |
machine # [   12.452477] sshd-pre-start[954]: |..o++X .         |
machine # [   12.452869] sshd-pre-start[954]: | ..+..+. o       |
machine # [   12.454406] sshd-pre-start[954]: | .o *.= S +      |
machine # [   12.454979] sshd-pre-start[954]: | oo= O o . +     |
machine # [   12.457011] sshd-pre-start[954]: |. .o= + . .      |
machine # [   12.459529] sshd-pre-start[954]: |    .+.          |
machine # [   12.461319] sshd-pre-start[954]: |    .o..         |
machine # [   12.461930] sshd-pre-start[954]: +----[SHA256]-----+
machine # [   12.498389] sshd-pre-start[964]: Generating public/private ed25519 key pair.
machine # [   12.498732] sshd-pre-start[964]: Your identification has been saved in /etc/ssh/ssh_host_ed25519_key
machine # [   12.500412] sshd-pre-start[964]: Your public key has been saved in /etc/ssh/ssh_host_ed25519_key.pub
machine # [   12.500871] sshd-pre-start[964]: The key fingerprint is:
machine # [   12.502347] sshd-pre-start[964]: SHA256:PuDzgTo6AcGxqiDOPFKv3zhZfgkPg2QrwHgbg+GlHSM root@machine
machine # [   12.502779] sshd-pre-start[964]: The key's randomart image is:
machine # [   12.504316] sshd-pre-start[964]: +--[ED25519 256]--+
machine # [   12.504765] sshd-pre-start[964]: |...              |
machine # [   12.505967] sshd-pre-start[964]: |oE.+             |
machine # [   12.507407] sshd-pre-start[964]: |+== o            |
machine # [   12.507857] sshd-pre-start[964]: |*++.o            |
machine # [   12.509096] sshd-pre-start[964]: |++.* o. S        |
machine # [   12.509733] sshd-pre-start[964]: |B.+.o.=+         |
machine # [   12.510446] sshd-pre-start[964]: |o= o.++=+.       |
machine # [   12.510992] sshd-pre-start[964]: |. o.++.o+o       |
machine # [   12.512340] sshd-pre-start[964]: |  o++o...        |
machine # [   12.512814] sshd-pre-start[964]: +----[SHA256]-----+
(finished: must succeed: udevadm settle, in 1.76 seconds)
(finished: subtest: Wait for hard disks to appear in /dev, in 1.76 seconds)
machine: must succeed: flock /dev/vda parted --script /dev/vda -- mklabel msdos mkpart primary ext2 1M 100MB mkpart primary linux-swap 100M 1024M mkpart primary 1024M -1s
machine # [   12.560635] systemd[1]: Started SSH Daemon.
machine # [   13.226940] 8021q: adding VLAN 0 to HW filter on device eth0
machine # [   12.577421] dhcpcd[790]: eth0: waiting for carrier
machine # [   12.578668] dhcpcd[790]: eth0: carrier acquired
machine # [   12.596896] dhcpcd[790]: DUID 00:01:00:01:2b:9a:cc:3f:52:54:00:12:34:56
machine # [   12.597801] dhcpcd[790]: eth0: IAID 00:12:34:56
machine # [   12.598783] dhcpcd[790]: eth0: adding address fe80::5054:ff:fe12:3456
machine # [   12.609844] sshd[965]: Server listening on 0.0.0.0 port 22.
machine # [   12.610800] sshd[965]: Server listening on :: port 22.
(finished: must succeed: flock /dev/vda parted --script /dev/vda -- mklabel msdos mkpart primary ext2 1M 100MB mkpart primary linux-swap 100M 1024M mkpart primary 1024M -1s, in 0.17 seconds)
machine: must succeed: udevadm settle
machine # [   13.429671]  vda: vda1 vda2 vda3
(finished: must succeed: udevadm settle, in 0.11 seconds)
machine: must succeed: mkswap /dev/vda2 -L swap
(finished: must succeed: mkswap /dev/vda2 -L swap, in 0.07 seconds)
machine: must succeed: swapon -L swap
machine # [   13.595885] Adding 903164k swap on /dev/vda2.  Priority:-2 extents:1 across:903164k FS
(finished: must succeed: swapon -L swap, in 0.05 seconds)
machine: must succeed: mkfs.bcachefs -L root /dev/vda3
machine # [   13.014548] dhcpcd[790]: eth0: soliciting a DHCP lease
machine # [   13.697316] NET: Registered PF_PACKET protocol family
machine # [   13.070020] dhcpcd[790]: eth0: offered 10.0.2.15 from 10.0.2.2
machine # [   13.070809] dhcpcd[790]: eth0: leased 10.0.2.15 for 86400 seconds
machine # [   13.071764] dhcpcd[790]: eth0: adding route to 10.0.2.0/24
machine # [   13.073766] dhcpcd[790]: eth0: adding default route via 10.0.2.2
machine # [   13.233375] systemd[1]: Stopped target Host and Network Name Lookups.
machine # [   13.234035] systemd[1]: Stopping Host and Network Name Lookups...
machine # [   13.235895] systemd[1]: Stopped target User and Group Name Lookups.
machine # [   13.237716] systemd[1]: Stopping User and Group Name Lookups...
machine # [   13.238482] systemd[1]: Stopping Name Service Cache Daemon (nsncd)...
machine # [   13.256703] systemd[1]: nscd.service: Deactivated successfully.
machine # [   13.282497] systemd[1]: Stopped Name Service Cache Daemon (nsncd).
machine # [   13.308802] systemd[1]: Starting Name Service Cache Daemon (nsncd)...
machine # [   13.321569] dhcpcd[776]: Failed to reload-or-try-restart ntpd.service: Unit ntpd.service not found.
machine # [   13.322520] dhcpcd[776]: Failed to reload-or-try-restart openntpd.service: Unit openntpd.service not found.
machine # [   13.323583] dhcpcd[776]: Failed to reload-or-try-restart chronyd.service: Unit chronyd.service not found.
machine # [   13.335371] dhcpcd[790]: eth0: soliciting an IPv6 router
machine # [   13.336392] systemd[1]: Started DHCP Client.
machine # [   13.338352] systemd[1]: Reached target Network is Online.
machine # [   13.346515] nsncd[1060]: Mar 08 04:32:00.017 INFO started, handoff_timeout: 3s, worker_count: 8, path: "/var/run/nscd/socket"
machine # [   13.347338] systemd[1]: Started Name Service Cache Daemon (nsncd).
machine # [   13.348687] systemd[1]: Reached target Multi-User System.
machine # [   13.350559] systemd[1]: Reached target Host and Network Name Lookups.
machine # [   13.351703] systemd[1]: Reached target User and Group Name Lookups.
machine # [   13.353606] systemd[1]: Startup finished in 6.389s (kernel) + 6.957s (userspace) = 13.347s.
machine # [   13.449508] login[955]: pam_unix(login:session): session opened for user nixos(uid=1000) by LOGIN(uid=0)
machine # [   13.522000] systemd-logind[828]: New session 1 of user nixos.
machine # [   13.524319] systemd[1]: Created slice Slice /user/1000.
machine # [   13.527027] systemd[1]: Starting User Runtime Directory /run/user/1000...
machine # [   13.597473] systemd[1]: Finished User Runtime Directory /run/user/1000.
machine # [   13.620282] systemd[1]: Starting User Manager for UID 1000...
machine # [   13.658563] systemd[1072]: pam_unix(systemd-user:session): session opened for user nixos(uid=1000) by (uid=0)
machine # [   14.118707] systemd[1072]: Queued start job for default target Main User Target.
machine # [   14.137903] systemd[1072]: Created slice User Application Slice.
machine # [   14.140703] systemd[1072]: Reached target Paths.
machine # [   14.142531] systemd[1072]: Reached target Timers.
machine # [   14.143674] systemd[1072]: Starting D-Bus User Message Bus Socket...
machine # [   14.198573] systemd[1072]: Listening on D-Bus User Message Bus Socket.
machine # [   14.203319] systemd[1072]: Reached target Sockets.
machine # [   14.206396] systemd[1072]: Reached target Basic System.
machine # [   14.207428] systemd[1]: Started User Manager for UID 1000.
machine # [   14.218895] systemd[1]: Started Session 1 of User nixos.
machine # [   14.226854] systemd[1072]: Starting Run user-specific NixOS activation...
machine # [   14.247513] systemd[1072]: Finished Run user-specific NixOS activation.
machine # [   14.249403] systemd[1072]: Reached target Main User Target.
machine # [   14.250333] systemd[1072]: Startup finished in 536ms.
machine # [   14.344074] dhcpcd[790]: eth0: Router Advertisement from fe80::2
machine # [   14.345078] dhcpcd[790]: eth0: adding address fec0::5054:ff:fe12:3456/64
machine # [   14.346524] dhcpcd[790]: eth0: adding route to fec0::/64
machine # [   14.347930] dhcpcd[790]: eth0: adding default route via fe80::2
(finished: must succeed: mkfs.bcachefs -L root /dev/vda3, in 2.16 seconds)
machine: must succeed: mount -t bcachefs /dev/vda3 /mnt
machine # [   15.940642] raid6: avx512x4 gen() 43401 MB/s
machine # [   15.959657] raid6: avx512x2 gen() 43265 MB/s
machine # [   15.978638] raid6: avx512x1 gen() 41916 MB/s
machine # [   15.997651] raid6: avx2x4   gen() 28948 MB/s
machine # [   16.016642] raid6: avx2x2   gen() 32194 MB/s
machine # [   16.035662] raid6: avx2x1   gen() 26831 MB/s
machine # [   16.038000] raid6: using algorithm avx512x4 gen() 43401 MB/s
machine # [   16.057649] raid6: .... xor() 8009 MB/s, rmw enabled
machine # [   16.060384] raid6: using avx512x2 recovery algorithm
machine # [   16.067150] xor: automatically using best checksumming function   avx
machine # [   16.313608] bcachefs (vda3): recovering from clean shutdown, journal seq 4
machine # [   16.320848] bcachefs (vda3): going read-write
machine # [   16.325697] bcachefs (vda3): mounted version=lru_v2 opts=nojournal_transaction_names
(finished: must succeed: mount -t bcachefs /dev/vda3 /mnt, in 0.57 seconds)
machine: must succeed: mkfs.ext3 -L boot /dev/vda1
machine # mke2fs 1.46.5 (30-Dec-2021)
(finished: must succeed: mkfs.ext3 -L boot /dev/vda1, in 0.42 seconds)
machine: must succeed: mkdir -p /mnt/boot
(finished: must succeed: mkdir -p /mnt/boot, in 0.05 seconds)
machine: must succeed: mount /dev/vda1 /mnt/boot
machine # [   16.846000] EXT4-fs (vda1): mounting ext3 file system using the ext4 subsystem
machine # [   16.862714] EXT4-fs (vda1): mounted filesystem with ordered data mode. Quota mode: none.
(finished: must succeed: mount /dev/vda1 /mnt/boot, in 0.06 seconds)
subtest: Create the NixOS configuration
machine: must succeed: nixos-generate-config --root /mnt
machine # writing /mnt/etc/nixos/hardware-configuration.nix...
machine # writing /mnt/etc/nixos/configuration.nix...
machine # For more hardware-specific settings, see https://github.com/NixOS/nixos-hardware.
(finished: must succeed: nixos-generate-config --root /mnt, in 0.65 seconds)
machine: must succeed: cat /mnt/etc/nixos/hardware-configuration.nix >&2
machine # # Do not modify this file!  It was generated by nixos-generate-config
machine # # and may be overwritten by future invocations.  Please make changes
machine # # to /etc/nixos/configuration.nix instead.
machine # { config, lib, pkgs, modulesPath, ... }:
machine # 
machine # {
machine #   imports =
machine #     [ (modulesPath + "/profiles/qemu-guest.nix")
machine #     ];
machine # 
machine #   boot.initrd.availableKernelModules = [ "ata_piix" "uhci_hcd" "virtio_pci" "floppy" "sr_mod" "virtio_blk" "bcache" ];
machine #   boot.initrd.kernelModules = [ ];
machine #   boot.kernelModules = [ "kvm-intel" ];
machine #   boot.extraModulePackages = [ ];
machine # 
machine #   fileSystems."/" =
machine #     { device = "/dev/vda3";
machine #       fsType = "bcachefs";
machine #     };
machine # 
machine #   fileSystems."/boot" =
machine #     { device = "/dev/disk/by-uuid/b3986b1d-28a1-4266-b61d-132edfecd49a";
machine #       fsType = "ext3";
machine #     };
machine # 
machine #   swapDevices =
machine #     [ { device = "/dev/disk/by-uuid/31946c51-869c-42ad-9f1e-8b60cf5f1c9b"; }
machine #     ];
machine # 
machine #   # Enables DHCP on each ethernet and wireless interface. In case of scripted networking
machine #   # (the default) this is the recommended approach. When using systemd-networkd it's
machine #   # still possible to use this option, but it's recommended to use it in conjunction
machine #   # with explicit per-interface declarations with `networking.interfaces.<interface>.useDHCP`.
machine #   networking.useDHCP = lib.mkDefault true;
machine #   # networking.interfaces.eth0.useDHCP = lib.mkDefault true;
machine # 
machine #   nixpkgs.hostPlatform = lib.mkDefault "x86_64-linux";
machine #   hardware.cpu.intel.updateMicrocode = lib.mkDefault config.hardware.enableRedistributableFirmware;
machine # }
(finished: must succeed: cat /mnt/etc/nixos/hardware-configuration.nix >&2, in 0.11 seconds)
machine: must succeed: mkdir -p /tmp/shared/tmpezlb0748
(finished: must succeed: mkdir -p /tmp/shared/tmpezlb0748, in 0.05 seconds)
machine: must succeed: mkdir -p /mnt/etc/nixos
(finished: must succeed: mkdir -p /mnt/etc/nixos, in 0.05 seconds)
machine: must succeed: cp -r /tmp/shared/tmpezlb0748/p0wcah8mscf24p5rjbxn1dw1hp56fidk-configuration.nix /mnt/etc/nixos/configuration.nix
(finished: must succeed: cp -r /tmp/shared/tmpezlb0748/p0wcah8mscf24p5rjbxn1dw1hp56fidk-configuration.nix /mnt/etc/nixos/configuration.nix, in 0.06 seconds)
machine: must succeed: mkdir -p /tmp/shared/tmpspz5va5x
(finished: must succeed: mkdir -p /tmp/shared/tmpspz5va5x, in 0.05 seconds)
machine: must succeed: mkdir -p /mnt/etc/nixos
(finished: must succeed: mkdir -p /mnt/etc/nixos, in 0.04 seconds)
machine: must succeed: cp -r /tmp/shared/tmpspz5va5x/kfx27q2scxy6aqrg0z7jsqz13bv22x27-secret /mnt/etc/nixos/secret
(finished: must succeed: cp -r /tmp/shared/tmpspz5va5x/kfx27q2scxy6aqrg0z7jsqz13bv22x27-secret /mnt/etc/nixos/secret, in 0.05 seconds)
(finished: subtest: Create the NixOS configuration, in 1.05 seconds)
subtest: Perform the installation
machine: must succeed: nixos-install < /dev/null >&2
machine # copying channel...
machine # building the configuration in /mnt/etc/nixos/configuration.nix...
machine # these 224 derivations will be built:
machine #   /nix/store/01azjqnkv7yyrg282wdl65lngf855vbz-audit-disable.drv
machine #   /nix/store/w6fqwsi0by5ajj93m56nj7h3rq887n2m-unit-script-network-local-commands-start.drv
machine #   /nix/store/02kdz66wk077xz9hhq35m4vix7ga3yfm-unit-network-local-commands.service.drv
machine #   /nix/store/cqpk8wj5b6bkfzgp71w3w8ra428q3inq-mount-pstore.sh.drv
machine #   /nix/store/07j4zyfljazak1jcikwl1qh6xk78bq4f-unit-mount-pstore.service.drv
machine #   /nix/store/09m9hpvj9wz0sccy3z6pcb7r6jr4yr50-vlock.pam.drv
machine #   /nix/store/bpkn7riz11mdmalrl8pq6cr5drjqkrs2-find-libs.drv
machine #   /nix/store/w50fjv08waapjpi79vq4mm8kls87xyzx-nuke-references.drv
machine #   /nix/store/112z219s5x99453abcqp5avjmnin9v15-extra-utils.drv
machine #   /nix/store/12l5cd0aywmapdcrpx7iizj74ia64hfn-other.pam.drv
machine #   /nix/store/133raxrib512vsznnqw3i8l3il7s0ca0-chfn.pam.drv
machine #   /nix/store/1bygfchgc9fwkhmwdxkyvf4yav1nnmdy-etc-logind.conf.drv
machine #   /nix/store/4l9b9bv6zdgjhi5cd4r3l1lbzvm83992-extra-hwdb-file.drv
machine #   /nix/store/b0fchk8yv6da2zqwn5b7q8i39xmap3vv-ipv6-privacy-extensions.rules.drv
machine #   /nix/store/cny9vqxh7i7cx92pcfjxmhcx5ymrs5zx-ipv6-privacy-extensions.rules.drv
machine #   /nix/store/rnf84p4l27da1rz7xz2cdbbf2aykvm6q-extra-udev-rules.drv
machine #   /nix/store/1cn3jx9977m8r4j1lha8ai6ir718kbll-hwdb.bin.drv
machine #   /nix/store/1hcw5179k1z9958difk7kw1ib57igm0y-locale.conf.drv
machine #   /nix/store/2qvzqpb2kp24y0qrs4wx5q3d2wi49bzq-extra-hosts.drv
machine #   /nix/store/7y5r99l0rpcmj3pnihfhnzgypxin1mls-localhost-hosts.drv
machine #   /nix/store/f31s46w2wscpbdmlgsarlrn5vh9qg4rf-string-hosts.drv
machine #   /nix/store/1jp6sm62ijhpdl88q41c65mmdqkw4p1c-hosts.drv
machine #   /nix/store/2vh2wgg28jk8j69jkbc4cnhlp7i2b1ph-builder.pl.drv
machine #   /nix/store/7043vvxwq7gg962pmrzr0yxx93z01zw8-die-hook.drv
machine #   /nix/store/q5ynfl04kpa2hj470a7has6932cyhy8c-make-shell-wrapper-hook.drv
machine #   /nix/store/1p6y3swzp8b0cxlq8sj6a9pc8vbbsh1m-perl-5.36.0-env.drv
machine #   /nix/store/21rf5jl2ly29s216kmba6cy5k24m3mm0-systemd-default-tmpfiles.drv
machine #   /nix/store/cx73g2b8licbpkc7xswvc07v91q9fxwf-etc-journald.conf.drv
machine #   /nix/store/28f26zzvi9qlr4kgb357fw3lgjc0nj5f-unit-systemd-journald.service.drv
machine #   /nix/store/rvrkm2fysv2d7qanlb5dd7navgzgprgv-firmware.drv
machine #   /nix/store/28gs5pp763zb5212qs1lccywxa9a7m9r-etc-firmware.conf.drv
machine #   /nix/store/fas1z8xiv6v16qj5i73pbh3rz00mnzgl-unit-script-post-resume-start.drv
machine #   /nix/store/2am2zfjd8jhacqmd85rfwgrw9m07gbkq-unit-post-resume.service.drv
machine #   /nix/store/2d51dngi1bkr1vk2xqcbbn1iaklb2js0-etc-lsb-release.drv
machine #   /nix/store/lg54ia805pjw8y5f3bzjgbpkq38lvfii-etc-60-nixos.conf.drv
machine #   /nix/store/2hqv5cv9lzq802h7sh3b5jipy0qhby0r-unit-systemd-sysctl.service.drv
machine #   /nix/store/2iiaqy2pldh76l4psawwx1k12nm8nll5-client.conf.drv
machine #   /nix/store/h6cr5svyrkwd6jrz6jkl9k5xlh1lx5s8-nixos-container.drv
machine #   /nix/store/3515wj4bl0wzq6pcvsza488c08054wj9-reload-container.drv
machine #   /nix/store/38pzimacgnxgxxss9ya1sfzwqx1hz3ka-unit-nscd.service.drv
machine #   /nix/store/ppw8c959nc40dilh2rdzhpqypmjbsdvn-udev-path.drv
machine #   /nix/store/3bsvm4g2wx7pvsnxkbfh9875fvw8ffmh-udev-rules.drv
machine #   /nix/store/3hk02pa22lpcfbnk5wsrwaz1a8lz2v5z-unit-run-initramfs.mount.drv
machine #   /nix/store/3ka0rdwjg8pg61mfvgsml43x9bb5px7k-dhcpcd.conf.drv
machine #   /nix/store/vls3wp5snqixkrhns1758a5siimbd2p5-unit-script-network-setup-start.drv
machine #   /nix/store/3km6vrhb5q7aid3h3rv9mk590bs0ry65-unit-network-setup.service.drv
machine #   /nix/store/3lwzrzmark7qwfqhng7rnmiwr7niax6f-etc-lvm.conf.drv
machine #   /nix/store/3n2pzmshjzpsq9pa0adbqa0x60r6m4js-unit-systemd-journal-flush.service.drv
machine #   /nix/store/njll11mhvzfbbd4a5nngc05gzxadym28-unit-script-pre-sleep-start.drv
machine #   /nix/store/3vg1q5sa5andq61sa2halyzzc4im6x68-unit-pre-sleep.service.drv
machine #   /nix/store/3wi8rzdjays9izrh0r4fy7427ncbypw8-unit-script-nix-gc-start.drv
machine #   /nix/store/sjb7aqxmjcvalfs4f0v16cwz0gs9s2kb-linux-6.1.3-modules.drv
machine #   /nix/store/3wz9j41f68y18yr092sgk24ddyh63lqy-linux-6.1.3-modules-shrunk.drv
machine #   /nix/store/3y5bmg0b8dlfk078gs8lmwxp3d06h011-etc-nixos.conf.drv
machine #   /nix/store/44k3k8ywygaz0mzna4v6x7grkvac3jh1-unit-script-container_-post-start.drv
machine #   /nix/store/467xgd1snkyp717h2xqqvv1dn8pahv21-unit-systemd-journal-gatewayd.socket.drv
machine #   /nix/store/48sc1j9rrx88248d36ysh844wk6slvjz-unit-network-interfaces.target.drv
machine #   /nix/store/4i6skz3f0i7fkjvbckn0yypjai1gybnq-unit-systemd-logind.service.drv
machine #   /nix/store/xj3k8nfanfxg8achhmj60d8alw7q5s3g-audit-stop.drv
machine #   /nix/store/5nvq20b0s7v53kcdfylw2si8xr9r7b42-unit-audit.service.drv
machine #   /nix/store/62k8llr753x3nq72yn09mqzcwq8n0cgb-unit-serial-getty-.service.drv
machine #   /nix/store/m5m0a6l1bgyxj4i8lf09fgxw9bdz154h-logrotate.conf.drv
machine #   /nix/store/6kjwbx0lpmiqca0mi6dz8vwbri6yav50-unit-logrotate.service.drv
machine #   /nix/store/rkvlw69wqbf1j748l76ck96zqpri02qy-perl-5.36.0-env.drv
machine #   /nix/store/5b3yyj3kjjqc9f0hlqmqnwy5agd3r366-command-not-found.drv
machine #   /nix/store/7c22k6lq520h6w1lhgc17hhpy01ki35z-nixos-rebuild.drv
machine #   /nix/store/ahp4q76nm2zf1nv86s85rncp24jwv73m-nixos-generate-config.drv
machine #   /nix/store/arwl9cswf7x65il3m9lgv8g4xnsxsixs-nixos-enter.drv
machine #   /nix/store/b0nzimqaan68ql685s24dhbcfbb713qm-getconf-glibc-2.35-224.drv
machine #   /nix/store/dy6l8fmx164ps3nz3xlhwvx6qa118yqi-nixos-build-vms.drv
machine #   /nix/store/mn7m1yg25skmvc5h4ylxs8c4jhic6a6d-nixos-install.drv
machine #   /nix/store/nx9dkia8328rf31yb4piiw0p7k32gz91-nixos-version.drv
machine #   /nix/store/qgfbk02rp9fc23z6vyb83sls9srbjsa4-system-path.drv
machine #   /nix/store/6lhj2cbimma9rqkmdri4lg92xr0rkdqy-unit-systemd-fsck-.service.drv
machine #   /nix/store/6miggljj3mk82apdgcsf1i640sagmwgx-unit-systemd-importd.service.drv
machine #   /nix/store/6szbf51lf2d366cldpkn57psbzsylzlw-unit-systemd-udev-settle.service.drv
machine #   /nix/store/76k6hh41v9ihyxhwa70sqx0rgxyybc12-unit-logrotate-checkconf.service.drv
machine #   /nix/store/7wzxaj81fkc805qzscy8hjayiyayc80v-unit-kmod-static-nodes.service.drv
machine #   /nix/store/9j6677f2ph61kqwm20cyiili9gpssmvh-unit-user-runtime-dir-.service.drv
machine #   /nix/store/n5bhfkf105vhg6vbcf25dr4g9psbwy33-etc-timesyncd.conf.drv
machine #   /nix/store/9lnvv19fnfh6c56grln6hsnalk2zlh01-unit-systemd-timesyncd.service.drv
machine #   /nix/store/9v1s49wfkzbayw7cdm5zkxwfz764s4jf-unit-nix-optimise.service.drv
machine #   /nix/store/9x126g5j9n02dx4fqjbaa23fqhkgzcj6-unit-systemd-journald-.service.drv
machine #   /nix/store/arlir0hjvi7lrrg7cxx6fm46cxvhcgw7-unit-systemd-random-seed.service.drv
machine #   /nix/store/avp1myx6lkinqmir6rwlnv2iw4is2cin-unit--.slice.drv
machine #   /nix/store/azxhzm9gpg1cznkxabqfy8bnannazqh8-unit-autovt-.service.drv
machine #   /nix/store/bgcww5k4z90pw9pjy0kf6q2w2r2lxjxv-unit-console-getty.service-disabled.drv
machine #   /nix/store/bm7qhpzip147xgf3qk904prlf1xs75x4-unit-systemd-oomd.service.drv
machine #   /nix/store/bylinzvw3xff7cviqwwrw65dh5nv0ls8-unit-logrotate.timer.drv
machine #   /nix/store/c2ylrp0nvqnxz0p36gkqpjns102rsxaq-unit-system.slice.drv
machine #   /nix/store/lsx4r46d7q6syl5ziqn6w8byk22m0knq-dhcpcd.exit-hook.drv
machine #   /nix/store/clgai7nacmlbr1gmf6gv04ddya962wff-unit-dhcpcd.service.drv
machine #   /nix/store/w6gmdxy0v5cqjmq1dgprixv177gsm5gn-etc-resolvconf.conf.drv
machine #   /nix/store/d328x69kxwx28c9z4sbd4jh1v1mkpbsh-unit-resolvconf.service.drv
machine #   /nix/store/da4inhb6bm3pn3wnl4rf9q90ypwv92dc-unit-nix-gc.service.drv
machine #   /nix/store/h3933pdqvvpdjf5g5yr60w8w75bj7v7l-container-init.drv
machine #   /nix/store/736gnvj07ayq96wy20k3v4ibwn49w0av-unit-script-container_-start.drv
machine #   /nix/store/d62l1q7432pkg1kwzv3rrzwgn4mdix9q-unit-script-container_-pre-start.drv
machine #   /nix/store/gf4drnrwq4n5qhbcwv8f79x3bq9asjpy-unit-container-.service.drv
machine #   /nix/store/rb0715m8amvlzbaanshqgyiazfmp6p28-vconsole.conf.drv
machine #   /nix/store/ygm83hf2j99lw3hh1f3qd39p0rkl2d4p-console-env.drv
machine #   /nix/store/i6m2w72zna0njrsi25v8jwbkmq7fpykk-unit-reload-systemd-vconsole-setup.service.drv
machine #   /nix/store/i7b819gafp3i2xs6g2d27hx2zzbyjml0-unit-save-hwclock.service.drv
machine #   /nix/store/ih8ja0gjzd9c7ys795j9mjjk08ja7ml9-unit-systemd-remount-fs.service.drv
machine #   /nix/store/kd2z1cdlkfgrn34slnn94sx0wcb1k0kn-unit-systemd-user-sessions.service.drv
machine #   /nix/store/lcynz9h5rhdkiz9v93zr1wrkaair1k4d-unit-container-getty-.service.drv
machine #   /nix/store/lpjl0dpppsymal28i01gpcsnghky3y0z-unit-fs.target.drv
machine #   /nix/store/m31nrg6jsy3b62wm156j85khkrnxwl2x-unit-serial-getty-hvc0.service-disabled.drv
machine #   /nix/store/mk71p54xxk45zadhb5v03dkzvh3ri932-unit-systemd-pstore.service.drv
machine #   /nix/store/mvnig7c0jzpy27vvisxmdmks8cj8j1hn-unit-post-resume.target.drv
machine #   /nix/store/ndfbyizdqpp2dbpcc92364c4gww2pzgn-unit-serial-getty-ttyS0.service-disabled.drv
machine #   /nix/store/fbbfncdljlrdcah460vnhw637pia0sxx-shutdown-ramfs-contents.drv
machine #   /nix/store/njn1avxj3yyrwcsi0fm5790mxcjyp7yi-unit-generate-shutdown-ramfs.service.drv
machine #   /nix/store/p2ivl2syx0aq5j6dkpcaidi3pdwswkqb-unit-nix-daemon.socket.drv
machine #   /nix/store/p6b4x4kbdjc02xi74bgjbddik4rs194n-unit-systemd-udevd.service.drv
machine #   /nix/store/pgqqhfjpb5q3711yc385l3mjcswlziiz-unit-multi-user.target.drv
machine #   /nix/store/pljszdgayzi956rxk5g2n9hx0l4lbrir-unit-keys.target.drv
machine #   /nix/store/95c98j4cwbr9bbgqnyi605phs8sr91xv-unit-script-prepare-kexec-start.drv
machine #   /nix/store/qrykzkr0in1m6ddfki1rkgv2ggzp7jdy-unit-prepare-kexec.service.drv
machine #   /nix/store/s8hiz3dykprbpygy5z4sziyzq542la4x-unit-systemd-timedated.service.drv
machine #   /nix/store/s9k3xvw76dnbk1ni1ai98imjdz5z94l2-unit-user-.service.drv
machine #   /nix/store/n5v0bi3399bgq362zla65p6jmmw0y2lr-nixos.conf.drv
machine #   /nix/store/sg3mc70jdi3ba76k52m76vmm8rwa96zy-unit-systemd-modules-load.service.drv
machine #   /nix/store/si7sg4kjhvm2hnjp2nd4n9nzpdqr4fpm-unit-remote-fs.target.drv
machine #   /nix/store/srb4jzr9gxda2ag4kwl93gfgk0m8v1n8-unit-getty-.service.drv
machine #   /nix/store/w1cjk1giaph626hpcsi73j1i3p5gjhqf-unit-network-online.target.drv
machine #   /nix/store/wbrmnfjq8h9a0gfrws4kmwj7h5h61mdd-unit-local-fs.target.drv
machine #   /nix/store/qrp1lpgdaxhqv1cmcb9nc9iaqzcl1889-nix.conf.drv
machine #   /nix/store/wh0v9csjbd8w89ay8jl37g35qf0qmbna-unit-nix-daemon.service.drv
machine #   /nix/store/7sq69wgmncj1x4lbv7r4ppc2k81dbk8z-unit-script-backdoor-start.drv
machine #   /nix/store/wkbnmx88agwg3z489jkx2pcp9fa4fdw7-unit-backdoor.service.drv
machine #   /nix/store/x0cxhdhvf6hh867dz0j80ws2ksh6dpk5-unit-systemd-update-utmp.service.drv
machine #   /nix/store/zrn9gaxhbiarb9ij0z9ngqicvhbsxw9z-dbus-1.drv
machine #   /nix/store/xl1lx938h394c4gaji2k3f4q53fhla3j-unit-dbus.service.drv
machine #   /nix/store/g3fvnsbm6yx77p7bg6cc4imsjpc3krml-firewall-stop.drv
machine #   /nix/store/gsx4xmbnbnsjd3ssynpps8bhjfnpnvz2-firewall-start.drv
machine #   /nix/store/w1gpi0v2k7gzkgwxangxkx5p2337ci4b-firewall-reload.drv
machine #   /nix/store/xlslcli1lr3bpmk9kc649lr6ajh2ia0a-unit-firewall.service.drv
machine #   /nix/store/ycs12bg8xcqw9yw3r397ij0n93k6ky6w-unit-systemd-backlight-.service.drv
machine #   /nix/store/46w3lykbrdml107br1x641lblb1xpby8-system-units.drv
machine #   /nix/store/9f1q1mgbdxrak8rwvq77vkcnwhmyrnab-nixos-tmpfiles.d.drv
machine #   /nix/store/47lprrwx1mayv2frajmycqmxvvzz03vf-tmpfiles.d.drv
machine #   /nix/store/4y8qnzpac04vk3lpsfi3bbn2g5anyqwq-link-units.drv
machine #   /nix/store/50g6ab9yvk8qxy4i271l70s9gd4sijbj-perl-5.36.0-env.drv
machine #   /nix/store/5fdq6k4v0wqn83984634ng98l9h1fgc7-etc-user.conf.drv
machine #   /nix/store/5hfvzf3qf8b8rh8kfx28csbhips0vvqp-i3lock-color.pam.drv
machine #   /nix/store/5p48fw0mxp82gcnfm8bjbi20krgq85z3-udev-rules.drv
machine #   /nix/store/qcxa9b6n5yaxhwyv7lgnidj92liwkd96-mounts.sh.drv
machine #   /nix/store/xi41wssdy36k94784rlvwxrmp3rjxia2-initrd-fsinfo.drv
machine #   /nix/store/85jzjqdqaczb25hmdhx8ps4m9v2m9d1x-stage-1-init.sh.drv
machine #   /nix/store/c781az2d8frl1lw8lq9xvwf43m9zzymh-mdadm.conf.drv
machine #   /nix/store/5kizln8c1wpp90ixf1zqp3dm6k09sfz8-initrd-linux-6.1.3.drv
machine #   /nix/store/5p9z1kqg8w580y9jd095jb8fya4nxahy-i3lock.pam.drv
machine #   /nix/store/s5p8k8mc6jpk6aicxqa6j2lrq1d15dqq-desktops.drv
machine #   /nix/store/6anv7qkzxix37n3b7g6vma87knh7332m-etc-environment.drv
machine #   /nix/store/jnpvssirfjlgg8iqgm9hx2vsx81xplhr-unit-script-nixos-activation-start.drv
machine #   /nix/store/6rvsymzav7d77aw4ri7lh56w4xax0mhw-unit-nixos-activation.service.drv
machine #   /nix/store/84xhi1r2xvw96628viyx3jcmv7pr6ymp-xlock.pam.drv
machine #   /nix/store/8fpa3d4vc07xszvx48cjggk3v4l746hl-xscreensaver.pam.drv
machine #   /nix/store/8hahv02ympkl6966nnq3l5r7z35fkbip-systemd-user.pam.drv
machine #   /nix/store/8ikik8j01xi823j1mnrpyzvjz9f4gzby-etc-host.conf.drv
machine #   /nix/store/8v344qfmmjzsafdn378yr7abnw7jl39f-perl-5.36.0-env.drv
machine #   /nix/store/97lny9a4n1k3z79skkgc3h28jmxvbmb4-users-groups.json.drv
machine #   /nix/store/9x2nv207lbbypd3cp75h4pbsci2cr8h6-su.pam.drv
machine #   /nix/store/ay0fnpac4n5x17ipn9pivalpvp6mncqg-etc-nanorc.drv
machine #   /nix/store/bq7wh12b70rs6dplq9vzhb1ghkwfxaqf-userdel.pam.drv
machine #   /nix/store/ca9vq86nm1gphnhigigfx2f402dzjyvp-runuser-l.pam.drv
machine #   /nix/store/cslw59dshcn02n7pznwfcjjnhz5av38z-etc-shells.drv
machine #   /nix/store/d2wayhbqyr2h6xb9p6v5sgrbpg92v81c-ensure-all-wrappers-paths-exist.drv
machine #   /nix/store/d84fd09683xmf549hirysbcm3wc6ljiz-unit-graphical-session.target.drv
machine #   /nix/store/dh4ym0m5cgvdmi0n81815kmspxlqgdkc-etc-fstab.drv
machine #   /nix/store/pypzw4rka2bkak2aqp89lb16v9xf9q4m-local-cmds.drv
machine #   /nix/store/f5y797cjnhn333556izjadbs3l9bzr3m-stage-2-init.sh.drv
machine #   /nix/store/fp9bahc43ri3qhgl89v8jw0yjmf9asbm-chsh.pam.drv
machine #   /nix/store/n6civ62wybf3byjz63bjcgjlvh77c9fb-systemd.drv
machine #   /nix/store/fydpjhwcir57pkyxjrazk3xnylf35aqs-50-coredump.conf.drv
machine #   /nix/store/gch117m729pizyc0k8p13sgp6qka94j0-useradd.pam.drv
machine #   /nix/store/gmq81fkb5s11f67vm0zf0nqj6m36imxz-groupdel.pam.drv
machine #   /nix/store/gp1x6gzwrr06b14c67d6xf06sag2l99h-unit-dbus.socket.drv
machine #   /nix/store/hbbr9w5ydqngr9b3jfyf7plyp0aqpbnf-groupmod.pam.drv
machine #   /nix/store/k2sg87pa05qwmvbrfhak5jc27mg3fn0l-etc-sleep.conf.drv
machine #   /nix/store/kw03926ry8jyg7zh0nnafi6sx3mvwxrn-etc-bashrc.drv
machine #   /nix/store/l3d1yxpgkakpj01jg5jzanjldj7j1357-etc-man_db.conf.drv
machine #   /nix/store/lczgcg1bpcf9lxvfadhr586rjmzdcm84-etc-hostname.drv
machine #   /nix/store/lkw8g7mppnw7rqd5g43fxnkvl18hp8a7-groupmems.pam.drv
machine #   /nix/store/lpdzysk7lasvi8yyrfxj2w6kynv347f0-fontconfig-etc.drv
machine #   /nix/store/mqhgmdjv756gfp3k5vnng24jg4kz7fms-useradd.drv
machine #   /nix/store/v0793ls4c2qf33bwb611lmkaplgxs1z1-unit-dbus.service.drv
machine #   /nix/store/wyzs7n53x23rmlkszwzdbs4p3hnxqvkc-unit-systemd-tmpfiles-setup.service.drv
machine #   /nix/store/ms4lx8skphy1r2zcxxqqh3l7wyhsjppv-user-units.drv
machine #   /nix/store/jxc9xd4y2ac9v9j0bsrhgqaw5mdykrnb-lessconfig.drv
machine #   /nix/store/nisphgfkvqqizx7bhxkhq57h1p8rl4zg-set-environment.drv
machine #   /nix/store/nkxvqw1fwf6h5yansiqinbwnndg78hdd-issue.drv
machine #   /nix/store/npsd2b3mr36sdzrz8lfmxwyw1kry06wn-usermod.pam.drv
machine #   /nix/store/pa75jjlqz680flhfqxd5hjxgc46bncgs-sudo.pam.drv
machine #   /nix/store/q8vw4v7q85i73fmdlz335zm1394f1kzv-passwd.pam.drv
machine #   /nix/store/qczfxbqa1c1k7wnwdz3asrgci505qlg8-etc-coredump.conf.drv
machine #   /nix/store/r6dh6srnfbi94zqy70fhc6hlkg9iq0pi-runuser.pam.drv
machine #   /nix/store/r8bvfahb35v64zv09gkvflwb5wm6fws7-etc-nscd.conf.drv
machine #   /nix/store/rmilbkd83wx37p0khfsiqrl6sqgjl43p-login.pam.drv
machine #   /nix/store/rnwnv0iazv866w4djd9zm0m1kgd97cjv-etc-netgroup.drv
machine #   /nix/store/sv6yjd4w9amy8p33982y9fp50yz6mn9x-etc-oomd.conf.drv
machine #   /nix/store/vl796f388xswh22krilc4z0n3k3c7iz6-etc-nsswitch.conf.drv
machine #   /nix/store/vr4nw84gh2va9xg1325qincp4mmransc-smb-dummy.conf.drv
machine #   /nix/store/w83p9rggw18vl5jwmzc6qqxv4nz5q92w-groupadd.pam.drv
machine #   /nix/store/wb26p24fgxzxjdk1lq1a5wk86048s66p-chpasswd.pam.drv
machine #   /nix/store/wk8q8xlqh2vry6vs89qd77i333hw6qsw-etc-profile.drv
machine #   /nix/store/rzb09qma8k52ixzcdp2s7yvdr3lg5bq4-sudoers-in.drv
machine #   /nix/store/wn4ig77sdnw3h0m4diwiywxcwi5qfl3p-sudoers.drv
machine #   /nix/store/wz9z4mzsi93cy975b9fyj9lffpb6qzrx-etc-fuse.conf.drv
machine #   /nix/store/wzpmlirf6srk9ij0v5c0dammfvf7khwd-etc-ssh_config.drv
machine #   /nix/store/x04dxg6yvzc4d37id4yfrahm1jhq77yv-etc-os-release.drv
machine #   /nix/store/z023fy2h4g5y6h9sffys79xbvxw67qlw-etc-ssh_known_hosts.drv
machine #   /nix/store/z9nz0j9bcyw2fhf7g5qhwzqyshcjmj5m-etc-system.conf.drv
machine #   /nix/store/zcd071rip3cl5iasi12kqf1npwq9gvrj-login.defs.drv
machine #   /nix/store/zp6cw0j47rvfqmfd6xc84fdy4qiyi9vm-etc-registry.json.drv
machine #   /nix/store/jfmc359z3jlawi6ac8qdshzrizpj95kx-etc.drv
machine #   /nix/store/s8cr12nyc7db3ifsdmwzah3wlp30paxq-kernel-modules.drv
machine #   /nix/store/wk6g7nh37bj1d9bxhra18vy15lpbxhqf-append-initrd-secrets.drv
machine #   /nix/store/j8nhvc738064lg4n49gfk7yf1q25bjjz-perl-5.36.0-env.drv
machine #   /nix/store/s5qx2ky1pbjazpgkqhnzaj3b8p8s4shx-install-grub.pl.drv
machine #   /nix/store/ybbp2a4nap4x5mhnz81n80ywhv3r2vmf-grub-config.xml.drv
machine #   /nix/store/z03qiagakg566c954zd1cbs0i9b5sxqs-install-grub.sh.drv
machine #   /nix/store/i9z1mnysmjr8l0rar4f0mxgx63n0l6gy-nixos-system-nixos-23.05pre-git.drv
machine # these 279 paths will be fetched (0.00 MiB download, 595.43 MiB unpacked):
