building '/nix/store/jbk2dqpfg4qvzkz5496g0jb6mg60nkv0-nixos-test-driver-installer-btrfsSubvolDefault.drv'...
     1  # This file contains type hints that can be prepended to Nix test scripts so they can be type
     2  # checked.
     3  
     4  from test_driver.driver import Driver
     5  from test_driver.vlan import VLan
     6  from test_driver.machine import Machine
     7  from test_driver.logger import Logger
     8  from typing import Callable, Iterator, ContextManager, Optional, List, Dict, Any, Union
     9  from typing_extensions import Protocol
    10  from pathlib import Path
    11  
    12  
    13  class RetryProtocol(Protocol):
    14      def __call__(self, fn: Callable, timeout: int = 900) -> None:
    15          raise Exception("This is just type information for the Nix test driver")
    16  
    17  
    18  class PollingConditionProtocol(Protocol):
    19      def __call__(
    20          self,
    21          fun_: Optional[Callable] = None,
    22          *,
    23          seconds_interval: float = 2.0,
    24          description: Optional[str] = None,
    25      ) -> Union[Callable[[Callable], ContextManager], ContextManager]:
    26          raise Exception("This is just type information for the Nix test driver")
    27  
    28  
    29  start_all: Callable[[], None]
    30  subtest: Callable[[str], ContextManager[None]]
    31  retry: RetryProtocol
    32  test_script: Callable[[], None]
    33  machines: List[Machine]
    34  vlans: List[VLan]
    35  driver: Driver
    36  log: Logger
    37  create_machine: Callable[[Dict[str, Any]], Machine]
    38  run_tests: Callable[[], None]
    39  join_all: Callable[[], None]
    40  serial_stdout_off: Callable[[], None]
    41  serial_stdout_on: Callable[[], None]
    42  polling_condition: PollingConditionProtocol
    43  machine: Machine;
    44  
    45  def assemble_qemu_flags():
    46      flags = "-cpu max"
    47      flags += " -m 1024"
    48      return flags
    49  
    50  
    51  qemu_flags = {"qemuFlags": assemble_qemu_flags()}
    52  
    53  hd_flags = {
    54      "hdaInterface": "virtio",
    55      "hda": "vm-state-machine/machine.qcow2",
    56  }
    57  
    58  default_flags = {**hd_flags, **qemu_flags}
    59  
    60  
    61  def create_machine_named(name):
    62      return create_machine({**default_flags, "name": name})
    63  
    64  
    65  machine.start()
    66  
    67  with subtest("Assert readiness of login prompt"):
    68      machine.succeed("echo hello")
    69  
    70  with subtest("Wait for hard disks to appear in /dev"):
    71      machine.succeed("udevadm settle")
    72  
    73  machine.succeed(
    74      "sgdisk -Z /dev/vda",
    75      "sgdisk -n 1:0:+1M -n 2:0:+1G -N 3 -t 1:ef02 -t 2:8200 -t 3:8300 -c 3:root /dev/vda",
    76      "mkswap /dev/vda2 -L swap",
    77      "swapon -L swap",
    78      "mkfs.btrfs -L root /dev/vda3",
    79      "btrfs device scan",
    80      "mount LABEL=root /mnt",
    81      "btrfs subvol create /mnt/badpath",
    82      "btrfs subvol create /mnt/badpath/boot",
    83      "btrfs subvol create /mnt/nixos",
    84      "btrfs subvol set-default "
    85      + "$(btrfs subvol list /mnt | grep 'nixos' | awk '{print $2}') /mnt",
    86      "umount /mnt",
    87      "mount -o defaults LABEL=root /mnt",
    88      "mkdir -p /mnt/badpath/boot",  # Help ensure the detection mechanism
    89      # is actually looking up subvolumes
    90      "mkdir /mnt/boot",
    91      "mount -o defaults,subvol=badpath/boot LABEL=root /mnt/boot",
    92  )
    93  
    94  
    95  with subtest("Create the NixOS configuration"):
    96      machine.succeed("nixos-generate-config --root /mnt")
    97      machine.succeed("cat /mnt/etc/nixos/hardware-configuration.nix >&2")
    98      machine.copy_from_host(
    99          "/nix/store/p0wcah8mscf24p5rjbxn1dw1hp56fidk-configuration.nix",
   100          "/mnt/etc/nixos/configuration.nix",
   101      )
   102      machine.copy_from_host("/nix/store/kfx27q2scxy6aqrg0z7jsqz13bv22x27-secret", "/mnt/etc/nixos/secret")
   103  
   104  with subtest("Perform the installation"):
   105      machine.succeed("nixos-install < /dev/null >&2")
   106  
   107  with subtest("Do it again to make sure it's idempotent"):
   108      machine.succeed("nixos-install < /dev/null >&2")
   109  
   110  with subtest("Check that we can build things in nixos-enter"):
   111      machine.succeed(
   112          """
   113          nixos-enter -- nix-build --option substitute false -E 'derivation {
   114              name = "t";
   115              builder = "/bin/sh";
   116              args = ["-c" "echo nixos-enter build > $out"];
   117              system = builtins.currentSystem;
   118              preferLocalBuild = true;
   119          }'
   120          """
   121      )
   122  
   123  with subtest("Shutdown system after installation"):
   124      machine.succeed("umount -R /mnt")
   125      machine.succeed("sync")
   126      machine.shutdown()
   127  
   128  # Now see if we can boot the installation.
   129  machine = create_machine_named("boot-after-install")
   130  
   131  # For example to enter LUKS passphrase.
   132  
   133  
   134  with subtest("Assert that /boot get mounted"):
   135      machine.wait_for_unit("local-fs.target")
   136      machine.succeed("test -e /boot/grub")
   137  
   138  with subtest("Check whether /root has correct permissions"):
   139      assert "700" in machine.succeed("stat -c '%a' /root")
   140  
   141  with subtest("Assert swap device got activated"):
   142      # uncomment once https://bugs.freedesktop.org/show_bug.cgi?id=86930 is resolved
   143      machine.wait_for_unit("swap.target")
   144      machine.succeed("cat /proc/swaps | grep -q /dev")
   145  
   146  with subtest("Check that the store is in good shape"):
   147      machine.succeed("nix-store --verify --check-contents >&2")
   148  
   149  with subtest("Check whether the channel works"):
   150      machine.succeed("nix-env -iA nixos.procps >&2")
   151      assert ".nix-profile" in machine.succeed("type -tP ps | tee /dev/stderr")
   152  
   153  with subtest(
   154      "Check that the daemon works, and that non-root users can run builds "
   155      "(this will build a new profile generation through the daemon)"
   156  ):
   157      machine.succeed("su alice -l -c 'nix-env -iA nixos.procps' >&2")
   158  
   159  with subtest("Configure system with writable Nix store on next boot"):
   160      # we're not using copy_from_host here because the installer image
   161      # doesn't know about the host-guest sharing mechanism.
   162      machine.copy_from_host_via_shell(
   163          "/nix/store/32i5r5ijwl110ap2600qvb9vpqmv8air-configuration.nix",
   164          "/etc/nixos/configuration.nix",
   165      )
   166  
   167  with subtest("Check whether nixos-rebuild works"):
   168      machine.succeed("nixos-rebuild switch >&2")
   169  
   170  # FIXME: Nix 2.4 broke nixos-option, someone has to fix it.
   171  # with subtest("Test nixos-option"):
   172  #     kernel_modules = machine.succeed("nixos-option boot.initrd.kernelModules")
   173  #     assert "virtio_console" in kernel_modules
   174  #     assert "List of modules" in kernel_modules
   175  #     assert "qemu-guest.nix" in kernel_modules
   176  
   177  machine.shutdown()
   178  
   179  # Check whether a writable store build works
   180  machine = create_machine_named("rebuild-switch")
   181  
   182  machine.wait_for_unit("multi-user.target")
   183  
   184  # we're not using copy_from_host here because the installer image
   185  # doesn't know about the host-guest sharing mechanism.
   186  machine.copy_from_host_via_shell(
   187      "/nix/store/4wzp7qxzglhnmw5ncnja64ak5b452jpi-configuration.nix",
   188      "/etc/nixos/configuration.nix",
   189  )
   190  machine.succeed("nixos-rebuild boot >&2")
   191  machine.shutdown()
   192  
   193  # And just to be sure, check that the machine still boots after
   194  # "nixos-rebuild switch".
   195  machine = create_machine_named("boot-after-rebuild-switch")
   196  
   197  machine.wait_for_unit("network.target")
   198  
   199  machine.shutdown()
   200  
   201  # Tests for validating clone configuration entries in grub menu
Success: no issues found in 1 source file
start all VLans
(finished: start all VLans, in 0.00 seconds)
additionally exposed symbols:
    ,
    ,
    start_all, test_script, machines, vlans, driver, log, os, create_machine, subtest, run_tests, join_all, retry, serial_stdout_off, serial_stdout_on, polling_condition, Machine
building '/nix/store/17dv5lkfacrqfz0gsbgi2gkrvcmijhx2-vm-test-run-installer-btrfsSubvolDefault.drv'...
Machine state will be reset. To keep it, pass --keep-vm-state
start all VLans
(finished: start all VLans, in 0.00 seconds)
run the VM test script
additionally exposed symbols:
    machine,
    ,
    start_all, test_script, machines, vlans, driver, log, os, create_machine, subtest, run_tests, join_all, retry, serial_stdout_off, serial_stdout_on, polling_condition, Machine
machine: starting vm
machine # Formatting '/build/vm-state-machine/machine.qcow2', fmt=qcow2 cluster_size=65536 extended_l2=off compression_type=zlib size=17179869184 lazy_refcounts=off refcount_bits=16
machine # Formatting 'empty0.qcow2', fmt=qcow2 cluster_size=65536 extended_l2=off compression_type=zlib size=1073741824 lazy_refcounts=off refcount_bits=16
machine: QEMU running (pid 7)
subtest: Assert readiness of login prompt
machine: must succeed: echo hello
machine: waiting for the VM to finish booting
machine # cSeaBIOS (version rel-1.16.1-0-g3208b098f51a-prebuilt.qemu.org)
machine # 
machine # 
machine # iPXE (http://ipxe.org) 00:03.0 CA00 PCI2.10 PnP PMM+5EFD0C20+5EF30C20 CA00
machine # Press Ctrl-B to configure iPXE (PCI 00:03.0)...
machine # 
machine # 
machine # Booting from ROM...
machine # Probing EDD (edd=off to disable)... ok
machine # c[    0.000000] Linux version 6.1.15 (nixbld@localhost) (gcc (GCC) 12.2.0, GNU ld (GNU Binutils) 2.40) #1-NixOS SMP PREEMPT_DYNAMIC Fri Mar  3 10:52:25 UTC 2023
machine # [    0.000000] Command line: console=ttyS0 panic=1 boot.panic_on_fail clock=acpi_pm nohibernate loglevel=7 net.ifnames=0 init=/nix/store/bqdnkfah42h34a93ncdabjdd851qbs9j-nixos-system-machine-23.05pre-git/init regInfo=/nix/store/dn1bcf3cl3y5zxaim96nqa3pmksd0glp-closure-info/registration console=ttyS0
machine # [    0.000000] x86/fpu: Supporting XSAVE feature 0x001: 'x87 floating point registers'
machine # [    0.000000] x86/fpu: Supporting XSAVE feature 0x002: 'SSE registers'
machine # [    0.000000] x86/fpu: Supporting XSAVE feature 0x004: 'AVX registers'
machine # [    0.000000] x86/fpu: Supporting XSAVE feature 0x008: 'MPX bounds registers'
machine # [    0.000000] x86/fpu: Supporting XSAVE feature 0x010: 'MPX CSR'
machine # [    0.000000] x86/fpu: Supporting XSAVE feature 0x020: 'AVX-512 opmask'
machine # [    0.000000] x86/fpu: Supporting XSAVE feature 0x040: 'AVX-512 Hi256'
machine # [    0.000000] x86/fpu: Supporting XSAVE feature 0x080: 'AVX-512 ZMM_Hi256'
machine # [    0.000000] x86/fpu: xstate_offset[2]:  576, xstate_sizes[2]:  256
machine # [    0.000000] x86/fpu: xstate_offset[3]:  832, xstate_sizes[3]:   64
machine # [    0.000000] x86/fpu: xstate_offset[4]:  896, xstate_sizes[4]:   64
machine # [    0.000000] x86/fpu: xstate_offset[5]:  960, xstate_sizes[5]:   64
machine # [    0.000000] x86/fpu: xstate_offset[6]: 1024, xstate_sizes[6]:  512
machine # [    0.000000] x86/fpu: xstate_offset[7]: 1536, xstate_sizes[7]: 1024
machine # [    0.000000] x86/fpu: Enabled xstate features 0xff, context size is 2560 bytes, using 'compacted' format.
machine # [    0.000000] signal: max sigframe size: 3632
machine # [    0.000000] BIOS-provided physical RAM map:
machine # [    0.000000] BIOS-e820: [mem 0x0000000000000000-0x000000000009fbff] usable
machine # [    0.000000] BIOS-e820: [mem 0x000000000009fc00-0x000000000009ffff] reserved
machine # [    0.000000] BIOS-e820: [mem 0x00000000000f0000-0x00000000000fffff] reserved
machine # [    0.000000] BIOS-e820: [mem 0x0000000000100000-0x000000005ffd7fff] usable
machine # [    0.000000] BIOS-e820: [mem 0x000000005ffd8000-0x000000005fffffff] reserved
machine # [    0.000000] BIOS-e820: [mem 0x00000000feffc000-0x00000000feffffff] reserved
machine # [    0.000000] BIOS-e820: [mem 0x00000000fffc0000-0x00000000ffffffff] reserved
machine # [    0.000000] random: crng init done
machine # [    0.000000] NX (Execute Disable) protection: active
machine # [    0.000000] extended physical RAM map:
machine # [    0.000000] reserve setup_data: [mem 0x0000000000000000-0x000000000009fbff] usable
machine # [    0.000000] reserve setup_data: [mem 0x000000000009fc00-0x000000000009ffff] reserved
machine # [    0.000000] reserve setup_data: [mem 0x00000000000f0000-0x00000000000fffff] reserved
machine # [    0.000000] reserve setup_data: [mem 0x0000000000100000-0x00000000009379bf] usable
machine # [    0.000000] reserve setup_data: [mem 0x00000000009379c0-0x00000000009379cf] usable
machine # [    0.000000] reserve setup_data: [mem 0x00000000009379d0-0x000000005ffd7fff] usable
machine # [    0.000000] reserve setup_data: [mem 0x000000005ffd8000-0x000000005fffffff] reserved
machine # [    0.000000] reserve setup_data: [mem 0x00000000feffc000-0x00000000feffffff] reserved
machine # [    0.000000] reserve setup_data: [mem 0x00000000fffc0000-0x00000000ffffffff] reserved
machine # [    0.000000] SMBIOS 2.8 present.
machine # [    0.000000] DMI: QEMU Standard PC (i440FX + PIIX, 1996), BIOS rel-1.16.1-0-g3208b098f51a-prebuilt.qemu.org 04/01/2014
machine # [    0.000000] Hypervisor detected: KVM
machine # [    0.000000] kvm-clock: Using msrs 4b564d01 and 4b564d00
machine # [    0.000001] kvm-clock: using sched offset of 576695309 cycles
machine # [    0.000002] clocksource: kvm-clock: mask: 0xffffffffffffffff max_cycles: 0x1cd42e4dffb, max_idle_ns: 881590591483 ns
machine # [    0.000010] tsc: Detected 3311.998 MHz processor
machine # [    0.000651] last_pfn = 0x5ffd8 max_arch_pfn = 0x400000000
machine # [    0.001078] x86/PAT: Configuration [0-7]: WB  WC  UC- UC  WB  WP  UC- WT
machine # [    0.007384] found SMP MP-table at [mem 0x000f5bb0-0x000f5bbf]
machine # [    0.007787] Using GB pages for direct mapping
machine # [    0.008124] RAMDISK: [mem 0x5f33f000-0x5ffcffff]
machine # [    0.008192] ACPI: Early table checksum verification disabled
machine # [    0.008234] ACPI: RSDP 0x00000000000F59D0 000014 (v00 BOCHS )
machine # [    0.008258] ACPI: RSDT 0x000000005FFE1D56 000034 (v01 BOCHS  BXPC     00000001 BXPC 00000001)
machine # [    0.008270] ACPI: FACP 0x000000005FFE1BD2 000074 (v01 BOCHS  BXPC     00000001 BXPC 00000001)
machine # [    0.008274] ACPI: DSDT 0x000000005FFE0040 001B92 (v01 BOCHS  BXPC     00000001 BXPC 00000001)
machine # [    0.008277] ACPI: FACS 0x000000005FFE0000 000040
machine # [    0.008280] ACPI: APIC 0x000000005FFE1C46 0000B0 (v01 BOCHS  BXPC     00000001 BXPC 00000001)
machine # [    0.008282] ACPI: HPET 0x000000005FFE1CF6 000038 (v01 BOCHS  BXPC     00000001 BXPC 00000001)
machine # [    0.008285] ACPI: WAET 0x000000005FFE1D2E 000028 (v01 BOCHS  BXPC     00000001 BXPC 00000001)
machine # [    0.008287] ACPI: Reserving FACP table memory at [mem 0x5ffe1bd2-0x5ffe1c45]
machine # [    0.008288] ACPI: Reserving DSDT table memory at [mem 0x5ffe0040-0x5ffe1bd1]
machine # [    0.008289] ACPI: Reserving FACS table memory at [mem 0x5ffe0000-0x5ffe003f]
machine # [    0.008290] ACPI: Reserving APIC table memory at [mem 0x5ffe1c46-0x5ffe1cf5]
machine # [    0.008290] ACPI: Reserving HPET table memory at [mem 0x5ffe1cf6-0x5ffe1d2d]
machine # [    0.008291] ACPI: Reserving WAET table memory at [mem 0x5ffe1d2e-0x5ffe1d55]
machine # [    0.010230] No NUMA configuration found
machine # [    0.010231] Faking a node at [mem 0x0000000000000000-0x000000005ffd7fff]
machine # [    0.010236] NODE_DATA(0) allocated [mem 0x5ffd2000-0x5ffd7fff]
machine # [    0.010265] Zone ranges:
machine # [    0.010266]   DMA      [mem 0x0000000000001000-0x0000000000ffffff]
machine # [    0.010267]   DMA32    [mem 0x0000000001000000-0x000000005ffd7fff]
machine # [    0.010268]   Normal   empty
machine # [    0.010268]   Device   empty
machine # [    0.010269] Movable zone start for each node
machine # [    0.010270] Early memory node ranges
machine # [    0.010270]   node   0: [mem 0x0000000000001000-0x000000000009efff]
machine # [    0.010273]   node   0: [mem 0x0000000000100000-0x000000005ffd7fff]
machine # [    0.010274] Initmem setup node 0 [mem 0x0000000000001000-0x000000005ffd7fff]
machine # [    0.010651] On node 0, zone DMA: 1 pages in unavailable ranges
machine # [    0.010664] On node 0, zone DMA: 97 pages in unavailable ranges
machine # [    0.013348] On node 0, zone DMA32: 40 pages in unavailable ranges
machine # [    0.017634] ACPI: PM-Timer IO Port: 0x608
machine # [    0.017669] ACPI: LAPIC_NMI (acpi_id[0xff] dfl dfl lint[0x1])
machine # [    0.017855] IOAPIC[0]: apic_id 0, version 17, address 0xfec00000, GSI 0-23
machine # [    0.017858] ACPI: INT_SRC_OVR (bus 0 bus_irq 0 global_irq 2 dfl dfl)
machine # [    0.017860] ACPI: INT_SRC_OVR (bus 0 bus_irq 5 global_irq 5 high level)
machine # [    0.017860] ACPI: INT_SRC_OVR (bus 0 bus_irq 9 global_irq 9 high level)
machine # [    0.017864] ACPI: INT_SRC_OVR (bus 0 bus_irq 10 global_irq 10 high level)
machine # [    0.017865] ACPI: INT_SRC_OVR (bus 0 bus_irq 11 global_irq 11 high level)
machine # [    0.017869] ACPI: Using ACPI (MADT) for SMP configuration information
machine # [    0.017870] ACPI: HPET id: 0x8086a201 base: 0xfed00000
machine # [    0.017876] TSC deadline timer available
machine # [    0.017877] smpboot: Allowing 8 CPUs, 0 hotplug CPUs
machine # [    0.017973] kvm-guest: KVM setup pv remote TLB flush
machine # [    0.018007] kvm-guest: setup PV sched yield
machine # [    0.018027] PM: hibernation: Registered nosave memory: [mem 0x00000000-0x00000fff]
machine # [    0.018028] PM: hibernation: Registered nosave memory: [mem 0x0009f000-0x0009ffff]
machine # [    0.018029] PM: hibernation: Registered nosave memory: [mem 0x000a0000-0x000effff]
machine # [    0.018029] PM: hibernation: Registered nosave memory: [mem 0x000f0000-0x000fffff]
machine # [    0.018030] PM: hibernation: Registered nosave memory: [mem 0x00937000-0x00937fff]
machine # [    0.018031] PM: hibernation: Registered nosave memory: [mem 0x00937000-0x00937fff]
machine # [    0.018033] [mem 0x60000000-0xfeffbfff] available for PCI devices
machine # [    0.018033] Booting paravirtualized kernel on KVM
machine # [    0.018039] clocksource: refined-jiffies: mask: 0xffffffff max_cycles: 0xffffffff, max_idle_ns: 1910969940391419 ns
machine # [    0.020877] setup_percpu: NR_CPUS:384 nr_cpumask_bits:8 nr_cpu_ids:8 nr_node_ids:1
machine # [    0.021230] percpu: Embedded 61 pages/cpu s212992 r8192 d28672 u262144
machine # [    0.021371] kvm-guest: PV spinlocks enabled
machine # [    0.021373] PV qspinlock hash table entries: 256 (order: 0, 4096 bytes, linear)
machine # [    0.021382] Fallback order for Node 0: 0
machine # [    0.021387] Built 1 zonelists, mobility grouping on.  Total pages: 386775
machine # [    0.021390] Policy zone: DMA32
machine # [    0.021390] Kernel command line: console=ttyS0 panic=1 boot.panic_on_fail clock=acpi_pm nohibernate loglevel=7 net.ifnames=0 init=/nix/store/bqdnkfah42h34a93ncdabjdd851qbs9j-nixos-system-machine-23.05pre-git/init regInfo=/nix/store/dn1bcf3cl3y5zxaim96nqa3pmksd0glp-closure-info/registration console=ttyS0
machine # [    0.021436] clocksource: clock= boot option is deprecated - use clocksource=xyz
machine # [    0.021470] Unknown kernel command line parameters "regInfo=/nix/store/dn1bcf3cl3y5zxaim96nqa3pmksd0glp-closure-info/registration", will be passed to user space.
machine # [    0.021739] Dentry cache hash table entries: 262144 (order: 9, 2097152 bytes, linear)
machine # [    0.021783] Inode-cache hash table entries: 131072 (order: 8, 1048576 bytes, linear)
machine # [    0.022002] mem auto-init: stack:all(zero), heap alloc:off, heap free:off
machine # [    0.024238] Memory: 1493988K/1572312K available (12294K kernel code, 2307K rwdata, 7532K rodata, 1876K init, 4344K bss, 78064K reserved, 0K cma-reserved)
machine # [    0.024317] SLUB: HWalign=64, Order=0-3, MinObjects=0, CPUs=8, Nodes=1
machine # [    0.024326] Kernel/User page tables isolation: enabled
machine # [    0.024337] ftrace: allocating 37041 entries in 145 pages
machine # [    0.032336] ftrace: allocated 145 pages with 3 groups
machine # [    0.032883] Dynamic Preempt: voluntary
machine # [    0.033055] rcu: Preemptible hierarchical RCU implementation.
machine # [    0.033055] rcu:   RCU event tracing is enabled.
machine # [    0.033056] rcu:   RCU restricting CPUs from NR_CPUS=384 to nr_cpu_ids=8.
machine # [    0.033057]        Trampoline variant of Tasks RCU enabled.
machine # [    0.033057]        Rude variant of Tasks RCU enabled.
machine # [    0.033058]        Tracing variant of Tasks RCU enabled.
machine # [    0.033058] rcu: RCU calculated value of scheduler-enlistment delay is 100 jiffies.
machine # [    0.033059] rcu: Adjusting geometry for rcu_fanout_leaf=16, nr_cpu_ids=8
machine # [    0.035784] NR_IRQS: 24832, nr_irqs: 488, preallocated irqs: 16
machine # [    0.036074] rcu: srcu_init: Setting srcu_struct sizes based on contention.
machine # [    0.069207] Console: colour VGA+ 80x25
machine # [    0.683550] printk: console [ttyS0] enabled
machine # [    0.686441] ACPI: Core revision 20220331
machine # [    0.689823] clocksource: hpet: mask: 0xffffffff max_cycles: 0xffffffff, max_idle_ns: 19112604467 ns
machine # [    0.696604] APIC: Switch to symmetric I/O mode setup
machine # [    0.702089] x2apic enabled
machine # [    0.706096] Switched APIC routing to physical x2apic.
machine # [    0.709672] kvm-guest: setup PV IPIs
machine # [    0.719924] ..TIMER: vector=0x30 apic1=0 pin1=2 apic2=-1 pin2=-1
machine # [    0.724275] clocksource: tsc-early: mask: 0xffffffffffffffff max_cycles: 0x2fbd924e8de, max_idle_ns: 440795321919 ns
machine # [    0.731527] Calibrating delay loop (skipped) preset value.. 6623.99 BogoMIPS (lpj=3311998)
machine # [    0.732525] pid_max: default: 32768 minimum: 301
machine # [    0.733551] LSM: Security Framework initializing
machine # [    0.734533] landlock: Up and running.
machine # [    0.735524] Yama: becoming mindful.
machine # [    0.736530] SELinux:  Initializing.
machine # [    0.737536] LSM support for eBPF active
machine # [    0.738721] Mount-cache hash table entries: 4096 (order: 3, 32768 bytes, linear)
machine # [    0.739527] Mountpoint-cache hash table entries: 4096 (order: 3, 32768 bytes, linear)
machine # [    0.742871] x86/cpu: User Mode Instruction Prevention (UMIP) activated
machine # [    0.744614] Last level iTLB entries: 4KB 0, 2MB 0, 4MB 0
machine # [    0.745524] Last level dTLB entries: 4KB 0, 2MB 0, 4MB 0, 1GB 0
machine # [    0.747555] Spectre V1 : Mitigation: usercopy/swapgs barriers and __user pointer sanitization
machine # [    0.748541] Spectre V2 : Mitigation: IBRS
machine # [    0.749524] Spectre V2 : Spectre v2 / SpectreRSB mitigation: Filling RSB on context switch
machine # [    0.750524] Spectre V2 : Spectre v2 / SpectreRSB : Filling RSB on VMEXIT
machine # [    0.751524] RETBleed: Mitigation: IBRS
machine # [    0.752525] Spectre V2 : mitigation: Enabling conditional Indirect Branch Prediction Barrier
machine # [    0.753525] Speculative Store Bypass: Mitigation: Speculative Store Bypass disabled via prctl
machine # [    0.754561] MDS: Mitigation: Clear CPU buffers
machine # [    0.755524] TAA: Mitigation: Clear CPU buffers
machine # [    0.756524] MMIO Stale Data: Vulnerable: Clear CPU buffers attempted, no microcode
machine # [    0.773836] Freeing SMP alternatives memory: 32K
machine # [    0.774934] smpboot: CPU0: Intel(R) Core(TM) i9-9940X CPU @ 3.30GHz (family: 0x6, model: 0x55, stepping: 0x4)
machine # [    0.775631] cblist_init_generic: Setting adjustable number of callback queues.
machine # [    0.776537] cblist_init_generic: Setting shift to 3 and lim to 1.
machine # [    0.777552] cblist_init_generic: Setting shift to 3 and lim to 1.
machine # [    0.778552] cblist_init_generic: Setting shift to 3 and lim to 1.
machine # [    0.779549] Performance Events: Skylake events, full-width counters, Intel PMU driver.
machine # [    0.780552] ... version:                2
machine # [    0.781536] ... bit width:              48
machine # [    0.782536] ... generic registers:      4
machine # [    0.783537] ... value mask:             0000ffffffffffff
machine # [    0.784537] ... max period:             00007fffffffffff
machine # [    0.785537] ... fixed-purpose events:   3
machine # [    0.786536] ... event mask:             000000070000000f
machine # [    0.787918] rcu: Hierarchical SRCU implementation.
machine # [    0.788537] rcu:   Max phase no-delay instances is 400.
machine # [    0.789899] smp: Bringing up secondary CPUs ...
machine # [    0.790780] x86: Booting SMP configuration:
machine # [    0.791538] .... node  #0, CPUs:      #1 #2 #3 #4 #5 #6 #7
machine # [    0.816640] smp: Brought up 1 node, 8 CPUs
machine # [    0.818537] smpboot: Max logical packages: 1
machine # [    0.819537] smpboot: Total of 8 processors activated (52991.96 BogoMIPS)
machine # [    0.821849] devtmpfs: initialized
machine # [    0.822581] x86/mm: Memory block size: 128MB
machine # [    0.823792] clocksource: jiffies: mask: 0xffffffff max_cycles: 0xffffffff, max_idle_ns: 1911260446275000 ns
machine # [    0.824545] futex hash table entries: 2048 (order: 5, 131072 bytes, linear)
machine # [    0.825600] pinctrl core: initialized pinctrl subsystem
machine # [    0.827423] NET: Registered PF_NETLINK/PF_ROUTE protocol family
machine # [    0.827627] DMA: preallocated 256 KiB GFP_KERNEL pool for atomic allocations
machine # [    0.828546] DMA: preallocated 256 KiB GFP_KERNEL|GFP_DMA pool for atomic allocations
machine # [    0.829541] DMA: preallocated 256 KiB GFP_KERNEL|GFP_DMA32 pool for atomic allocations
machine # [    0.830545] audit: initializing netlink subsys (disabled)
machine # [    0.831560] audit: type=2000 audit(1678257528.849:1): state=initialized audit_enabled=0 res=1
machine # [    0.831650] thermal_sys: Registered thermal governor 'bang_bang'
machine # [    0.832553] thermal_sys: Registered thermal governor 'step_wise'
machine # [    0.833538] thermal_sys: Registered thermal governor 'user_space'
machine # [    0.834569] cpuidle: using governor menu
machine # [    0.841815] acpiphp: ACPI Hot Plug PCI Controller Driver version: 0.5
machine # [    0.847188] PCI: Using configuration type 1 for base access
machine # [    0.851573] kprobes: kprobe jump-optimization is enabled. All kprobes are optimized if possible.
machine # [    0.858755] HugeTLB: registered 1.00 GiB page size, pre-allocated 0 pages
machine # [    0.863539] HugeTLB: 16380 KiB vmemmap can be freed for a 1.00 GiB page
machine # [    0.867538] HugeTLB: registered 2.00 MiB page size, pre-allocated 0 pages
machine # [    0.872538] HugeTLB: 28 KiB vmemmap can be freed for a 2.00 MiB page
machine # [    0.877614] ACPI: Added _OSI(Module Device)
machine # [    0.880538] ACPI: Added _OSI(Processor Device)
machine # [    0.884538] ACPI: Added _OSI(3.0 _SCP Extensions)
machine # [    0.887537] ACPI: Added _OSI(Processor Aggregator Device)
machine # [    0.892138] ACPI: 1 ACPI AML tables successfully acquired and loaded
machine # [    0.898697] ACPI: Interpreter enabled
machine # [    0.900550] ACPI: PM: (supports S0 S3 S4 S5)
machine # [    0.903537] ACPI: Using IOAPIC for interrupt routing
machine # [    0.907548] PCI: Using host bridge windows from ACPI; if necessary, use "pci=nocrs" and report a bug
machine # [    0.913537] PCI: Using E820 reservations for host bridge windows
machine # [    0.917734] ACPI: Enabled 2 GPEs in block 00 to 0F
machine # [    0.925081] ACPI: PCI Root Bridge [PCI0] (domain 0000 [bus 00-ff])
machine # [    0.928540] acpi PNP0A03:00: _OSC: OS supports [ASPM ClockPM Segments MSI HPX-Type3]
machine # [    0.934538] acpi PNP0A03:00: _OSC: not requesting OS control; OS requires [ExtendedConfig ASPM ClockPM MSI]
machine # [    0.940544] acpi PNP0A03:00: fail to add MMCONFIG information, can't access extended PCI configuration space under this bridge.
machine # [    0.948866] acpiphp: Slot [3] registered
machine # [    0.951604] acpiphp: Slot [4] registered
machine # [    0.954602] acpiphp: Slot [5] registered
machine # [    0.957602] acpiphp: Slot [6] registered
machine # [    0.960601] acpiphp: Slot [7] registered
machine # [    0.963603] acpiphp: Slot [8] registered
machine # [    0.965604] acpiphp: Slot [9] registered
machine # [    0.968602] acpiphp: Slot [10] registered
machine # [    0.971601] acpiphp: Slot [11] registered
machine # [    0.974604] acpiphp: Slot [12] registered
machine # [    0.977607] acpiphp: Slot [13] registered
machine # [    0.980601] acpiphp: Slot [14] registered
machine # [    0.983601] acpiphp: Slot [15] registered
machine # [    0.985601] acpiphp: Slot [16] registered
machine # [    0.988601] acpiphp: Slot [17] registered
machine # [    0.991604] acpiphp: Slot [18] registered
machine # [    0.994602] acpiphp: Slot [19] registered
machine # [    0.997606] acpiphp: Slot [20] registered
machine # [    1.000601] acpiphp: Slot [21] registered
machine # [    1.003602] acpiphp: Slot [22] registered
machine # [    1.006601] acpiphp: Slot [23] registered
machine # [    1.009602] acpiphp: Slot [24] registered
machine # [    1.011601] acpiphp: Slot [25] registered
machine # [    1.014601] acpiphp: Slot [26] registered
machine # [    1.017601] acpiphp: Slot [27] registered
machine # [    1.020601] acpiphp: Slot [28] registered
machine # [    1.023617] acpiphp: Slot [29] registered
machine # [    1.026610] acpiphp: Slot [30] registered
machine # [    1.029602] acpiphp: Slot [31] registered
machine # [    1.032594] PCI host bridge to bus 0000:00
machine # [    1.034538] pci_bus 0000:00: root bus resource [io  0x0000-0x0cf7 window]
machine # [    1.039537] pci_bus 0000:00: root bus resource [io  0x0d00-0xffff window]
machine # [    1.044537] pci_bus 0000:00: root bus resource [mem 0x000a0000-0x000bffff window]
machine # [    1.049537] pci_bus 0000:00: root bus resource [mem 0x60000000-0xfebfffff window]
machine # [    1.054538] pci_bus 0000:00: root bus resource [mem 0x100000000-0x17fffffff window]
machine # [    1.059537] pci_bus 0000:00: root bus resource [bus 00-ff]
machine # [    1.063774] pci 0000:00:00.0: [8086:1237] type 00 class 0x060000
machine # [    1.070705] pci 0000:00:01.0: [8086:7000] type 00 class 0x060100
machine # [    1.079830] pci 0000:00:01.1: [8086:7010] type 00 class 0x010180
machine # [    1.089136] pci 0000:00:01.1: reg 0x20: [io  0xc240-0xc24f]
machine # [    1.095646] pci 0000:00:01.1: legacy IDE quirk: reg 0x10: [io  0x01f0-0x01f7]
machine # [    1.100538] pci 0000:00:01.1: legacy IDE quirk: reg 0x14: [io  0x03f6]
machine # [    1.104537] pci 0000:00:01.1: legacy IDE quirk: reg 0x18: [io  0x0170-0x0177]
machine # [    1.109537] pci 0000:00:01.1: legacy IDE quirk: reg 0x1c: [io  0x0376]
machine # [    1.115286] pci 0000:00:01.2: [8086:7020] type 00 class 0x0c0300
machine # [    1.124123] pci 0000:00:01.2: reg 0x20: [io  0xc180-0xc19f]
machine # [    1.129712] pci 0000:00:01.3: [8086:7113] type 00 class 0x068000
machine # [    1.137595] pci 0000:00:01.3: quirk: [io  0x0600-0x063f] claimed by PIIX4 ACPI
machine # [    1.142593] pci 0000:00:01.3: quirk: [io  0x0700-0x070f] claimed by PIIX4 SMB
machine # [    1.148762] pci 0000:00:02.0: [1234:1111] type 00 class 0x030000
machine # [    1.155562] pci 0000:00:02.0: reg 0x10: [mem 0xfd000000-0xfdffffff pref]
machine # [    1.161504] pci 0000:00:02.0: reg 0x18: [mem 0xfebd0000-0xfebd0fff]
machine # [    1.171340] pci 0000:00:02.0: reg 0x30: [mem 0xfebc0000-0xfebcffff pref]
machine # [    1.176912] pci 0000:00:02.0: Video device with shadowed ROM at [mem 0x000c0000-0x000dffff]
machine # [    1.184859] pci 0000:00:03.0: [1af4:1000] type 00 class 0x020000
machine # [    1.190008] pci 0000:00:03.0: reg 0x10: [io  0xc1a0-0xc1bf]
machine # [    1.195539] pci 0000:00:03.0: reg 0x14: [mem 0xfebd1000-0xfebd1fff]
machine # [    1.204321] pci 0000:00:03.0: reg 0x20: [mem 0xfe000000-0xfe003fff 64bit pref]
machine # [    1.210538] pci 0000:00:03.0: reg 0x30: [mem 0xfeb80000-0xfebbffff pref]
machine # [    1.220463] pci 0000:00:04.0: [1af4:1005] type 00 class 0x00ff00
machine # [    1.226029] pci 0000:00:04.0: reg 0x10: [io  0xc1c0-0xc1df]
machine # [    1.231538] pci 0000:00:04.0: reg 0x14: [mem 0xfebd2000-0xfebd2fff]
machine # [    1.239538] pci 0000:00:04.0: reg 0x20: [mem 0xfe004000-0xfe007fff 64bit pref]
machine # [    1.251463] pci 0000:00:05.0: [1af4:1009] type 00 class 0x000200
machine # [    1.256945] pci 0000:00:05.0: reg 0x10: [io  0xc100-0xc13f]
machine # [    1.262538] pci 0000:00:05.0: reg 0x14: [mem 0xfebd3000-0xfebd3fff]
machine # [    1.270538] pci 0000:00:05.0: reg 0x20: [mem 0xfe008000-0xfe00bfff 64bit pref]
machine # [    1.281470] pci 0000:00:06.0: [1af4:1009] type 00 class 0x000200
machine # [    1.287982] pci 0000:00:06.0: reg 0x10: [io  0xc1e0-0xc1ff]
machine # [    1.292539] pci 0000:00:06.0: reg 0x14: [mem 0xfebd4000-0xfebd4fff]
machine # [    1.300538] pci 0000:00:06.0: reg 0x20: [mem 0xfe00c000-0xfe00ffff 64bit pref]
machine # [    1.312456] pci 0000:00:07.0: [1af4:1009] type 00 class 0x000200
machine # [    1.317929] pci 0000:00:07.0: reg 0x10: [io  0xc200-0xc21f]
machine # [    1.323538] pci 0000:00:07.0: reg 0x14: [mem 0xfebd5000-0xfebd5fff]
machine # [    1.331538] pci 0000:00:07.0: reg 0x20: [mem 0xfe010000-0xfe013fff 64bit pref]
machine # [    1.342514] pci 0000:00:08.0: [1af4:1001] type 00 class 0x010000
machine # [    1.349206] pci 0000:00:08.0: reg 0x10: [io  0xc000-0xc07f]
machine # [    1.353539] pci 0000:00:08.0: reg 0x14: [mem 0xfebd6000-0xfebd6fff]
machine # [    1.363170] pci 0000:00:08.0: reg 0x20: [mem 0xfe014000-0xfe017fff 64bit pref]
machine # [    1.374467] pci 0000:00:09.0: [1af4:1001] type 00 class 0x010000
machine # [    1.380202] pci 0000:00:09.0: reg 0x10: [io  0xc080-0xc0ff]
machine # [    1.385539] pci 0000:00:09.0: reg 0x14: [mem 0xfebd7000-0xfebd7fff]
machine # [    1.394143] pci 0000:00:09.0: reg 0x20: [mem 0xfe018000-0xfe01bfff 64bit pref]
machine # [    1.406522] pci 0000:00:0a.0: [1af4:1052] type 00 class 0x090000
machine # [    1.412375] pci 0000:00:0a.0: reg 0x14: [mem 0xfebd8000-0xfebd8fff]
machine # [    1.420101] pci 0000:00:0a.0: reg 0x20: [mem 0xfe01c000-0xfe01ffff 64bit pref]
machine # [    1.431645] pci 0000:00:0b.0: [1af4:1003] type 00 class 0x078000
machine # [    1.437071] pci 0000:00:0b.0: reg 0x10: [io  0xc140-0xc17f]
machine # [    1.442539] pci 0000:00:0b.0: reg 0x14: [mem 0xfebd9000-0xfebd9fff]
machine # [    1.450539] pci 0000:00:0b.0: reg 0x20: [mem 0xfe020000-0xfe023fff 64bit pref]
machine # [    1.462028] pci 0000:00:0c.0: [1af4:1005] type 00 class 0x00ff00
machine # [    1.468028] pci 0000:00:0c.0: reg 0x10: [io  0xc220-0xc23f]
machine # [    1.472539] pci 0000:00:0c.0: reg 0x14: [mem 0xfebda000-0xfebdafff]
machine # [    1.481538] pci 0000:00:0c.0: reg 0x20: [mem 0xfe024000-0xfe027fff 64bit pref]
machine # [    1.493081] ACPI: PCI: Interrupt link LNKA configured for IRQ 10
machine # [    1.497853] ACPI: PCI: Interrupt link LNKB configured for IRQ 10
machine # [    1.501824] ACPI: PCI: Interrupt link LNKC configured for IRQ 11
machine # [    1.506825] ACPI: PCI: Interrupt link LNKD configured for IRQ 11
machine # [    1.510691] ACPI: PCI: Interrupt link LNKS configured for IRQ 9
machine # [    1.515595] iommu: Default domain type: Translated
machine # [    1.519537] iommu: DMA domain TLB invalidation policy: lazy mode
machine # [    1.523798] NetLabel: Initializing
machine # [    1.526538] NetLabel:  domain hash size = 128
machine # [    1.529537] NetLabel:  protocols = UNLABELED CIPSOv4 CALIPSO
machine # [    1.533560] NetLabel:  unlabeled traffic allowed by default
machine # [    1.537543] PCI: Using ACPI for IRQ routing
machine # [    1.542606] pci 0000:00:02.0: vgaarb: setting as boot VGA device
machine # [    1.543523] pci 0000:00:02.0: vgaarb: bridge control possible
machine # [    1.543523] pci 0000:00:02.0: vgaarb: VGA device added: decodes=io+mem,owns=io+mem,locks=none
machine # [    1.557540] vgaarb: loaded
machine # [    1.559659] hpet0: at MMIO 0xfed00000, IRQs 2, 8, 0
machine # [    1.563537] hpet0: 3 comparators, 64-bit 100.000000 MHz counter
machine # [    1.572825] clocksource: Switched to clocksource kvm-clock
machine # [    1.576766] VFS: Disk quotas dquot_6.6.0
machine # [    1.579757] VFS: Dquot-cache hash table entries: 512 (order 0, 4096 bytes)
machine # [    1.584874] pnp: PnP ACPI init
machine # [    1.587829] pnp: PnP ACPI: found 6 devices
machine # [    1.608409] clocksource: acpi_pm: mask: 0xffffff max_cycles: 0xffffff, max_idle_ns: 2085701024 ns
machine # [    1.615123] clocksource: Switched to clocksource acpi_pm
machine # [    1.619310] NET: Registered PF_INET protocol family
machine # [    1.623095] IP idents hash table entries: 32768 (order: 6, 262144 bytes, linear)
machine # [    1.629365] tcp_listen_portaddr_hash hash table entries: 1024 (order: 2, 16384 bytes, linear)
machine # [    1.635715] Table-perturb hash table entries: 65536 (order: 6, 262144 bytes, linear)
machine # [    1.641463] TCP established hash table entries: 16384 (order: 5, 131072 bytes, linear)
machine # [    1.647140] TCP bind hash table entries: 16384 (order: 7, 524288 bytes, linear)
machine # [    1.652796] TCP: Hash tables configured (established 16384 bind 16384)
machine # [    1.657828] MPTCP token hash table entries: 2048 (order: 3, 49152 bytes, linear)
machine # [    1.663232] UDP hash table entries: 1024 (order: 3, 32768 bytes, linear)
machine # [    1.668257] UDP-Lite hash table entries: 1024 (order: 3, 32768 bytes, linear)
machine # [    1.673746] NET: Registered PF_UNIX/PF_LOCAL protocol family
machine # [    1.677997] NET: Registered PF_XDP protocol family
machine # [    1.681691] pci_bus 0000:00: resource 4 [io  0x0000-0x0cf7 window]
machine # [    1.686299] pci_bus 0000:00: resource 5 [io  0x0d00-0xffff window]
machine # [    1.690980] pci_bus 0000:00: resource 6 [mem 0x000a0000-0x000bffff window]
machine # [    1.696037] pci_bus 0000:00: resource 7 [mem 0x60000000-0xfebfffff window]
machine # [    1.701003] pci_bus 0000:00: resource 8 [mem 0x100000000-0x17fffffff window]
machine # [    1.706203] pci 0000:00:01.0: PIIX3: Enabling Passive Release
machine # [    1.710701] pci 0000:00:00.0: Limiting direct PCI/PCI transfers
machine # [    1.739253] ACPI: \_SB_.LNKD: Enabled at IRQ 11
machine # [    1.767434] pci 0000:00:01.2: quirk_usb_early_handoff+0x0/0x750 took 50928 usecs
machine # [    1.773471] PCI: CLS 0 bytes, default 64
machine # [    1.776704] clocksource: tsc: mask: 0xffffffffffffffff max_cycles: 0x2fbd924e8de, max_idle_ns: 440795321919 ns
machine # [    1.776807] Trying to unpack rootfs image as initramfs...
machine # [    1.789414] Initialise system trusted keyrings
machine # [    1.793934] workingset: timestamp_bits=40 max_order=19 bucket_order=0
machine # [    1.800397] zbud: loaded
machine # [    1.805447] Key type asymmetric registered
machine # [    1.808626] Asymmetric key parser 'x509' registered
machine # [    1.854459] Freeing initrd memory: 12868K
machine # [    1.863072] alg: self-tests for CTR-KDF (hmac(sha256)) passed
machine # [    1.867309] Block layer SCSI generic (bsg) driver version 0.4 loaded (major 252)
machine # [    1.873323] io scheduler mq-deadline registered
machine # [    1.876727] io scheduler kyber registered
machine # [    1.884678] Serial: 8250/16550 driver, 4 ports, IRQ sharing enabled
machine # [    1.890038] 00:04: ttyS0 at I/O 0x3f8 (irq = 4, base_baud = 115200) is a 16550A
machine # [    1.902948] intel_pstate: CPU model not supported
machine # [    1.906694] drop_monitor: Initializing network drop monitor service
machine # [    1.920484] NET: Registered PF_INET6 protocol family
machine # [    1.931067] Segment Routing with IPv6
machine # [    1.933861] In-situ OAM (IOAM) with IPv6
machine # [    1.941400] IPI shorthand broadcast: enabled
machine # [    1.945039] registered taskstats version 1
machine # [    1.948097] Loading compiled-in X.509 certificates
machine # [    1.952237] zswap: loaded using pool lzo/zbud
machine # [    1.957062] Key type .fscrypt registered
machine # [    1.960039] Key type fscrypt-provisioning registered
machine # [    1.973349] Unstable clock detected, switching default tracing clock to "global"
machine # [    1.973349] If you want to keep using the local clock, then add:
machine # [    1.973349]   "trace_clock=local"
machine # [    1.973349] on the kernel command line
machine # [    1.990796] Freeing unused decrypted memory: 2036K
machine # [    1.994276] Freeing unused kernel image (initmem) memory: 1876K
machine # [    2.011050] Write protecting the kernel read-only data: 22528k
machine # [    2.015868] Freeing unused kernel image (text/rodata gap) memory: 2040K
machine # [    2.019427] Freeing unused kernel image (rodata/data gap) memory: 660K
machine # [    2.061187] x86/mm: Checked W+X mappings: passed, no W+X pages found.
machine # [    2.064012] x86/mm: Checking user space page tables
machine # [    2.104208] x86/mm: Checked W+X mappings: passed, no W+X pages found.
machine # [    2.107068] Run /init as init process
machine # 
machine # <<< NixOS Stage 1 >>>
machine # 
machine # loading module virtio_balloon...
machine # loading module virtio_console...
machine # loading module virtio_rng...
machine # loading module dm_mod...
machine # [    2.224866] device-mapper: ioctl: 4.47.0-ioctl (2022-07-28) initialised: dm-devel@redhat.com
machine # running udev...
machine # Starting systemd-udevd version 252.5
machine # [    2.306117] rtc_cmos 00:05: RTC can wake from S4
machine # [    2.309385] i8042: PNP: PS/2 Controller [PNP0303:KBD,PNP0f13:MOU] at 0x60,0x64 irq 1,12
machine # [    2.312313] rtc_cmos 00:05: registered as rtc0
machine # [    2.315439] rtc_cmos 00:05: alarms up to one day, y3k, 242 bytes nvram, hpet irqs
machine # [    2.317392] serio: i8042 KBD port at 0x60,0x64 irq 1
machine # [    2.321203] serio: i8042 AUX port at 0x60,0x64 irq 12
machine # [    2.349859] SCSI subsystem initialized
machine # [    2.357215] ACPI: bus type USB registered
machine # [    2.358449] ACPI: \_SB_.LNKC: Enabled at IRQ 10
machine # [    2.359190] usbcore: registered new interface driver usbfs
machine # [    2.363918] usbcore: registered new interface driver hub
machine # [    2.366369] usbcore: registered new device driver usb
machine # [    2.428228] scsi host0: ata_piix
machine # [    2.431162] scsi host1: ata_piix
machine # [    2.432899] ata1: PATA max MWDMA2 cmd 0x1f0 ctl 0x3f6 bmdma 0xc240 irq 14
machine # [    2.435893] ata2: PATA max MWDMA2 cmd 0x170 ctl 0x376 bmdma 0xc248 irq 15
machine # [    2.453841] uhci_hcd 0000:00:01.2: UHCI Host Controller
machine # [    2.453912] ACPI: \_SB_.LNKA: Enabled at IRQ 10
machine # [    2.456216] uhci_hcd 0000:00:01.2: new USB bus registered, assigned bus number 1
machine # [    2.461758] uhci_hcd 0000:00:01.2: detected 2 ports
machine # [    2.465160] uhci_hcd 0000:00:01.2: irq 11, io port 0x0000c180
machine # [    2.468196] usb usb1: New USB device found, idVendor=1d6b, idProduct=0001, bcdDevice= 6.01
machine # [    2.471973] usb usb1: New USB device strings: Mfr=3, Product=2, SerialNumber=1
machine # [    2.475196] usb usb1: Product: UHCI Host Controller
machine # [    2.477432] usb usb1: Manufacturer: Linux 6.1.15 uhci_hcd
machine # [    2.479877] usb usb1: SerialNumber: 0000:00:01.2
machine # [    2.482754] hub 1-0:1.0: USB hub found
machine # [    2.484692] hub 1-0:1.0: 2 ports detected
machine # [    2.490282] ACPI: \_SB_.LNKB: Enabled at IRQ 11
machine # [    2.596854] ata2: found unknown device (class 0)
machine # [    2.601700] ata2.00: ATAPI: QEMU DVD-ROM, 2.5+, max UDMA/100
machine # [    2.609859] scsi 1:0:0:0: CD-ROM            QEMU     QEMU DVD-ROM     2.5+ PQ: 0 ANSI: 5
machine # [    2.708705] usb 1-1: new full-speed USB device number 2 using uhci_hcd
machine # [    2.753098] input: AT Translated Set 2 keyboard as /devices/platform/i8042/serio0/input/input0
machine # [    2.780331] 9pnet: Installing 9P2000 support
machine # [    2.794312] virtio_blk virtio5: 8/0/0 default/read/poll queues
machine # [    2.811764] virtio_blk virtio5: [vda] 33554432 512-byte logical blocks (17.2 GB/16.0 GiB)
machine # [    2.817817] virtio_blk virtio6: 8/0/0 default/read/poll queues
machine # [    2.833496] virtio_blk virtio6: [vdb] 2097152 512-byte logical blocks (1.07 GB/1.00 GiB)
machine # [    2.851881] sr 1:0:0:0: [sr0] scsi3-mmc drive: 4x/4x cd/rw xa/form2 tray
machine # [    2.855207] cdrom: Uniform CD-ROM driver Revision: 3.20
machine # [    2.882427] usb 1-1: New USB device found, idVendor=0627, idProduct=0001, bcdDevice= 0.00
machine # [    2.886108] usb 1-1: New USB device strings: Mfr=1, Product=3, SerialNumber=10
machine # [    2.889312] usb 1-1: Product: QEMU USB Tablet
machine # [    2.891461] usb 1-1: Manufacturer: QEMU
machine # [    2.893387] usb 1-1: SerialNumber: 28754-0000:00:01.2-1
machine # [    2.908804] hid: raw HID events driver (C) Jiri Kosina
machine # [    2.920229] usbcore: registered new interface driver usbhid
machine # [    2.922932] usbhid: USB HID core driver
machine # [    2.928098] input: QEMU QEMU USB Tablet as /devices/pci0000:00/0000:00:01.2/usb1/1-1/1-1:1.0/0003:0627:0001.0001/input/input2
machine # [    2.933477] hid-generic 0003:0627:0001.0001: input,hidraw0: USB HID v0.01 Mouse [QEMU QEMU USB Tablet] on usb-0000:00:01.2-1/input0
machine # %Gkbd_mode: KDSKBMODE: Inappropriate ioctl for device
machine # starting device mapper and LVM...
machine # mke2fs 1.46.5 (30-Dec-2021)
machine # Discarding device blocks: done         
machine # Creating filesystem with 262144 4k blocks and 65536 inodes
machine # Filesystem UUID: aaa96c83-9e1f-4ceb-852e-2714e2a7890e
machine # Superblock backups stored on blocks:
machine #       32768, 98304, 163840, 229376
machine # 
machine # Allocating group tables: done
machine # Writing inode tables: done
machine # Creating journal (8192 blocks): done
machine # Writing superblocks and filesystem accounting information: done
machine # 
machine # checking /dev/vdb...
machine # fsck (busybox 1.36.0)
machine # [fsck.ext4 (1) -- /mnt-root/] fsck.ext4 -a /dev/vdb
machine # /dev/vdb: clean, 11/65536 files, 12955/262144 blocks
machine # mounting /dev/vdb on /...
machine # [    3.780823] EXT4-fs (vdb): mounted filesystem with ordered data mode. Quota mode: none.
machine # mounting nix-store on /nix/.ro-store...
machine # [    3.851963] FS-Cache: Loaded
machine # [    3.882389] 9p: Installing v9fs 9p2000 file system support
machine # mounting tmpfs on /nix/.rw-store...
machine # mounting shared on /tmp/shared...
machine # mounting xchg on /tmp/xchg...
machine # mounting overlay filesystem on /nix/store...
machine # 
machine # <<< NixOS Stage 2 >>>
machine # 
machine # [    4.293757] EXT4-fs (vdb): re-mounted. Quota mode: none.
machine # [    4.299053] booting system configuration /nix/store/bqdnkfah42h34a93ncdabjdd851qbs9j-nixos-system-machine-23.05pre-git
machine # running activation script...
machine # setting up /etc...
machine # unpacking the NixOS/Nixpkgs sources...
machine # ln: failed to create symbolic link '/root/.nix-defexpr/channels/channels': Read-only file system
machine # starting systemd...
machine # [    7.549015] systemd[1]: Inserted module 'autofs4'
machine # [    7.629774] systemd[1]: systemd 252.5 running in system mode (+PAM +AUDIT -SELINUX +APPARMOR +IMA +SMACK +SECCOMP +GCRYPT -GNUTLS +OPENSSL +ACL +BLKID +CURL +ELFUTILS +FIDO2 +IDN2 -IDN +IPTC +KMOD +LIBCRYPTSETUP +LIBFDISK +PCRE2 -PWQUALITY +P11KIT -QRENCODE +TPM2 +BZIP2 +LZ4 +XZ +ZLIB +ZSTD +BPF_FRAMEWORK -XKBCOMMON +UTMP -SYSVINIT default-hierarchy=unified)
machine # [    7.642995] systemd[1]: Detected virtualization kvm.
machine # [    7.645339] systemd[1]: Detected architecture x86-64.
machine # [    7.653823] systemd[1]: Initializing machine ID from random generator.
machine # [    8.136101] systemd[1]: bpf-lsm: LSM BPF program attached
machine # [    9.283947] systemd[1]: Queued start job for default target Multi-User System.
machine # [    9.310181] systemd[1]: Created slice Slice /system/getty.
machine # [    9.313848] systemd[1]: Created slice Slice /system/modprobe.
machine # [    9.317792] systemd[1]: Created slice User and Session Slice.
machine # [    9.320928] systemd[1]: Started Dispatch Password Requests to Console Directory Watch.
machine # [    9.324923] systemd[1]: Started Forward Password Requests to Wall Directory Watch.
machine # [    9.329004] systemd[1]: Reached target Local Encrypted Volumes.
machine # [    9.331946] systemd[1]: Reached target Containers.
machine # [    9.334447] systemd[1]: Reached target Path Units.
machine # [    9.336929] systemd[1]: Reached target Remote File Systems.
machine # [    9.339889] systemd[1]: Reached target Slice Units.
machine # [    9.342401] systemd[1]: Reached target Swaps.
machine # [    9.344866] systemd[1]: Reached target ZFS pool import target.
machine # [    9.354893] systemd[1]: Listening on Process Core Dump Socket.
machine # [    9.359311] systemd[1]: Listening on Journal Audit Socket.
machine # [    9.362205] systemd[1]: Listening on Journal Socket (/dev/log).
machine # [    9.365266] systemd[1]: Listening on Journal Socket.
machine # [    9.368929] systemd[1]: Listening on Userspace Out-Of-Memory (OOM) Killer Socket.
machine # [    9.375090] systemd[1]: Listening on udev Control Socket.
machine # [    9.378355] systemd[1]: Listening on udev Kernel Socket.
machine # [    9.394095] systemd[1]: Mounting Huge Pages File System...
machine # [    9.398937] systemd[1]: Mounting POSIX Message Queue File System...
machine # [    9.404453] systemd[1]: Mounting Kernel Debug File System...
machine # [    9.412187] systemd[1]: Starting Create List of Static Device Nodes...
machine # [    9.417928] systemd[1]: Starting Load Kernel Module configfs...
machine # [    9.423186] systemd[1]: Starting Load Kernel Module drm...
machine # [    9.428926] systemd[1]: Starting Load Kernel Module efi_pstore...
machine # [    9.435065] systemd[1]: Starting Load Kernel Module fuse...
machine # [    9.441085] systemd[1]: Starting mount-pstore.service...
machine # [    9.444922] systemd[1]: File System Check on Root Device was skipped because of an unmet condition check (ConditionPathIsReadWrite=!/).
machine # [    9.457315] systemd[1]: Starting Journal Service...
machine # [    9.465132] systemd[1]: Starting Load Kernel Modules...
machine # [    9.470036] systemd[1]: Starting Remount Root and Kernel File Systems...
machine # [    9.481529] systemd[1]: Starting Coldplug All udev Devices...
machine # [    9.488775] fuse: init (API version 7.37)
machine # [    9.492379] systemd[1]: Mounted Huge Pages File System.
machine # [    9.498494] systemd[1]: Mounted POSIX Message Queue File System.
machine # [    9.504365] systemd[1]: Mounted Kernel Debug File System.
machine # [    9.531341] systemd[1]: Finished Create List of Static Device Nodes.
machine # [    9.536341] audit: type=1130 audit(1678257538.073:2): pid=1 uid=0 auid=4294967295 ses=4294967295 subj=kernel msg='unit=kmod-static-nodes comm="systemd" exe="/nix/store/d1h33vvfagj7bhg0b8dw3p5nifghb01q-systemd-252.5/lib/systemd/systemd" hostname=? addr=? terminal=? res=success'
machine # [    9.537876] systemd[1]: modprobe@configfs.service: Deactivated successfully.
machine # [    9.538350] EXT4-fs (vdb): re-mounted. Quota mode: none.
machine # [    9.561505] ACPI: bus type drm_connector registered
machine # [    9.580450] systemd[1]: Finished Load Kernel Module configfs.
machine # [    9.583302] audit: type=1130 audit(1678257538.120:3): pid=1 uid=0 auid=4294967295 ses=4294967295 subj=kernel msg='unit=modprobe@configfs comm="systemd" exe="/nix/store/d1h33vvfagj7bhg0b8dw3p5nifghb01q-systemd-252.5/lib/systemd/systemd" hostname=? addr=? terminal=? res=success'
machine # [    9.585070] systemd[1]: modprobe@drm.service: Deactivated successfully.
machine # [    9.596221] audit: type=1131 audit(1678257538.120:4): pid=1 uid=0 auid=4294967295 ses=4294967295 subj=kernel msg='unit=modprobe@configfs comm="systemd" exe="/nix/store/d1h33vvfagj7bhg0b8dw3p5nifghb01q-systemd-252.5/lib/systemd/systemd" hostname=? addr=? terminal=? res=success'
machine # [    9.630390] bridge: filtering via arp/ip/ip6tables is no longer available by default. Update your scripts to load br_netfilter if you need this.
machine # [    9.647873] systemd[1]: Finished Load Kernel Module drm.
machine # [    9.650773] audit: type=1130 audit(1678257538.188:5): pid=1 uid=0 auid=4294967295 ses=4294967295 subj=kernel msg='unit=modprobe@drm comm="systemd" exe="/nix/store/d1h33vvfagj7bhg0b8dw3p5nifghb01q-systemd-252.5/lib/systemd/systemd" hostname=? addr=? terminal=? res=success'
machine # [    9.651954] systemd[1]: modprobe@efi_pstore.service: Deactivated successfully.
machine # [    9.660946] audit: type=1131 audit(1678257538.188:6): pid=1 uid=0 auid=4294967295 ses=4294967295 subj=kernel msg='unit=modprobe@drm comm="systemd" exe="/nix/store/d1h33vvfagj7bhg0b8dw3p5nifghb01q-systemd-252.5/lib/systemd/systemd" hostname=? addr=? terminal=? res=success'
machine # [    9.681745] systemd[1]: Finished Load Kernel Module efi_pstore.
machine # [    9.684773] audit: type=1130 audit(1678257538.222:7): pid=1 uid=0 auid=4294967295 ses=4294967295 subj=kernel msg='unit=modprobe@efi_pstore comm="systemd" exe="/nix/store/d1h33vvfagj7bhg0b8dw3p5nifghb01q-systemd-252.5/lib/systemd/systemd" hostname=? addr=? terminal=? res=success'
machine # [    9.685815] systemd[1]: modprobe@fuse.service: Deactivated successfully.
machine # [    9.695128] audit: type=1131 audit(1678257538.222:8): pid=1 uid=0 auid=4294967295 ses=4294967295 subj=kernel msg='unit=modprobe@efi_pstore comm="systemd" exe="/nix/store/d1h33vvfagj7bhg0b8dw3p5nifghb01q-systemd-252.5/lib/systemd/systemd" hostname=? addr=? terminal=? res=success'
machine # [    9.708428] tun: Universal TUN/TAP device driver, 1.6
machine # [    9.019893] systemd-modules-load[594]: Inserted module 'bridge'
machine # [    9.028663] systemd-modules-load[594]: Insert[    9.717858] systemd[1]: Finished Load Kernel Module fuse.
machine # ed module 'macvlan'
machine # [    9.722152] audit: type=1130 audit(1678257538.256:9): pid=1 uid=0 auid=4294967295 ses=4294967295 subj=kernel msg='unit=modprobe@fuse comm="systemd" exe="/nix/store/d1h33vvfagj7bhg0b8dw3p5nifghb01q-systemd-252.5/lib/systemd/systemd" hostname=? addr=? terminal=? res=success'
machine # [    9.722229] systemd[1]: Started Journal Service.
machine # [    9.732788] audit: type=1131 audit(1678257538.259:10): pid=1 uid=0 auid=4294967295 ses=4294967295 subj=kernel msg='unit=modprobe@fuse comm="systemd" exe="/nix/store/d1h33vvfagj7bhg0b8dw3p5nifghb01q-systemd-252.5/lib/systemd/systemd" hostname=? addr=? terminal=? res=success'
machine # [    9.745173] spl: loading out-of-tree module taints kernel.
machine # [    9.746282] audit: type=1130 audit(1678257538.283:11): pid=1 uid=0 auid=4294967295 ses=4294967295 subj=kernel msg='unit=systemd-journald comm="systemd" exe="/nix/store/d1h33vvfagj7bhg0b8dw3p5nifghb01q-systemd-252.5/lib/systemd/systemd" hostname=? addr=? terminal=? res=success'
machine # [    9.038002] systemd-modules-load[594]: Inserted module 'tap'
machine # [    9.078490] systemd-modules-load[594]: Inserted module 'tun'
machine # [    9.778954] znvpair: module license 'CDDL' taints kernel.
machine # [    9.781668] Disabling lock debugging due to kernel taint
machine # [    9.110657] systemd[1]: Finished Remount Root and Kernel File Systems.
machine # [    9.147582] systemd[1]: Finished Coldplug All udev Devices.
machine # [    9.173745] systemd[1]: Mounting FUSE Control File System...
machine # [    9.181515] systemd[1]: Mounting Kernel Configuration File System...
machine # [    9.188563] systemd[1]: Starting Flush Journal to Persistent Storage...
machine # [    9.194681] systemd[1]: Starting Load/Save Random Seed...
machine # [    9.200428] systemd[1]: Starting Create Static Device Nodes in /dev...
machine # [    9.205990] systemd[1]: Mounted FUSE Control File System.
machine # [    9.210701] systemd[1]: Mounted Kernel Configuration File System.
machine # [    9.929711] systemd-journald[593]: Received client request to flush runtime journal.
machine # [    9.390450] systemd[1]: Finished Load/Save Random Seed.
machine # [    9.394868] systemd[1]: Finished Create Static Device Nodes in /dev.
machine # [    9.398814] systemd[1]: Reached target Preparation for Local File Systems.
machine # [    9.402883] systemd[1]: Starting Rule-based Manager for Device Events and Files...
machine # [    9.652066] systemd-udevd[616]: Using default interface naming scheme 'v252'.
machine # [    9.658308] systemd[1]: Finished Flush Journal to Persistent Storage.
machine # [   10.415889] ZFS: Loaded module v2.1.9-1, ZFS pool version 5000, ZFS filesystem version 5
machine # [    9.733998] systemd-modules-load[594]: Inserted module 'zfs'
machine # [   10.443247] loop: module loaded
machine # [    9.758348] systemd-modules-load[594]: Inserted module 'loop'
machine # [    9.775418] systemd[1]: Started Rule-based Manager for Device Events and Files.
machine # [    9.794450] systemd[1]: Finished Load Kernel Modules.
machine # [    9.813463] systemd[1]: Starting Firewall...
machine # [    9.820362] systemd[1]: Starting Apply Kernel Variables...
machine # [    9.825814] systemd[1]: Starting Mount ZFS filesystems...
machine # [    9.845346] systemd[1]: Found device /dev/ttyS0.
machine # [    9.851572] systemd[1]: Found device /dev/hvc0.
machine # [    9.856546] systemd-udevd[646]: Network interface NamePolicy= disabled on kernel command line.
machine # [    9.919399] systemd-udevd[645]: event_source: Failed to get device name: No such file or directory
machine # [    9.926814] systemd[1]: Finished Mount ZFS filesystems.
machine # [    9.935047] systemd[1]: Finished Apply Kernel Variables.
machine # [   10.627137] mousedev: PS/2 mouse device common for all mice
machine # [    9.942037] systemd[1]: Reached target Local File Systems.
machine # [    9.953541] systemd[1]: Starting Create Volatile Files and Directories...
machine # [   10.653397] input: Power Button as /devices/LNXSYSTM:00/LNXPWRBN:00/input/input3
machine # [   10.658873] ACPI: button: Power Button [PWRF]
machine # [   10.695796] Floppy drive(s): fd0 is 2.88M AMI BIOS
machine # [   10.699269] parport_pc 00:03: reported by Plug and Play ACPI
machine # [   10.703935] parport0: PC-style at 0x378, irq 7 [PCSPP(,...)]
machine # [   10.708105] Linux agpgart interface v0.103
machine # [   10.714470] piix4_smbus 0000:00:01.3: SMBus Host Controller at 0x700, revision 0
machine # [   10.715760] FDC 0 is a S82078B
machine # [   10.736472] input: QEMU Virtio Keyboard as /devices/pci0000:00/0000:00:0a.0/virtio7/input/input4
machine # [   10.052887] systemd[1]: Finished Create Volatile Files and Directories.
machine # [   10.751929] input: VirtualPS/2 VMware VMMouse as /devices/platform/i8042/serio1/input/input6
machine # [   10.065892] systemd[1]: Starting Rebuild Jour[   10.759925] input: VirtualPS/2 VMware VMMouse as /devices/platform/i8042/serio1/input/input5
machine # nal Catalog...
machine # [   10.087576] systemd[1]: Starting Userspace Out-Of-Memory (OOM) Killer...
machine # [   10.095592] systemd[1]: Starting Record System Boot/Shutdown in UTMP...
machine # [   10.806105] RAPL PMU: API unit is 2^-32 Joules, 0 fixed counters, 10737418240 ms ovfl timer
machine # [   10.143939] systemd[1]: Finished Record System Boot/Shutdown in UTMP.
machine # [   10.838813] bochs-drm 0000:00:02.0: vgaarb: deactivate vga console
machine # [   10.842392] cryptd: max_cpu_qlen set to 1000
machine # [   10.873187] Console: switching to colour dummy device 80x25
machine # [   10.188666] systemd-oomd[675]: Swap is currently not detected; memory pressure usage will be degraded
machine # [   10.882229] [drm] Found bochs VGA, ID 0xb0c5.
machine # [   10.885880] [drm] Framebuffer size 16384 kB @ 0xfd000000, mmio @ 0xfebd0000.
machine # [   10.199527] systemd[1]: Finished Rebuild Journal Catalog.
machine # [   10.894816] AVX2 version of gcm_enc/dec engaged.
machine # [   10.207963] systemd[1]: Started Userspace Out-Of-Memory (OOM) Killer.
machine # [   10.902114] [drm] Found EDID data blob.
machine # [   10.904476] [drm] Initialized bochs-drm 1.0.0 20130925 for 0000:00:02.0 on minor 0
machine # [   10.904686] AES CTR mode by8 optimization enabled
machine # [   10.911035] fbcon: bochs-drmdrmfb (fb0) is primary device
machine # [   10.931245] Console: switching to colour frame buffer device 160x50
machine # [   10.940319] bochs-drm 0000:00:02.0: [drm] fb0: bochs-drmdrmfb frame buffer device
machine # [   10.228752] systemd[1]: Starting Update is Completed...
machine # [   10.290007] systemd[1]: Finished Update is Completed.
machine # [   11.497973] ppdev: user-space parallel port driver
machine # [   11.123788] f4xrzmq3i4d8ywd9vz5c0kafbb83b1jq-mount-pstore.sh[599]: Persistent Storage backend was not registered in time.
machine # [   11.140982] systemd[1]: Finished mount-pstore.service.
machine # [   11.145775] systemd[1]: Platform Persistent Storage Archival was skipped because of an unmet condition check (ConditionDirectoryNotEmpty=/sys/fs/pstore).
machine # [   11.158005] systemd[1]: Reached target System Initialization.
machine # [   11.162872] systemd[1]: Started logrotate.timer.
machine # [   11.166869] systemd[1]: Started Daily Cleanup of Temporary Directories.
machine # [   11.172013] systemd[1]: Started zpool-trim.timer.
machine # [   11.176490] systemd[1]: Reached target Timer Units.
machine # [   11.186104] systemd[1]: Listening on D-Bus System Message Bus Socket.
machine # [   11.200275] systemd[1]: Listening on Nix Daemon Socket.
machine # [   11.215406] systemd[1]: Reached target Socket Units.
machine # connecting to host...
machine # [   11.233748] systemd[1]: Reached target Basic System.
machine # [   11.256597] dhcpcd[781]: dhcpcd-9.4.1 starting
machine # [   11.264961] j72arpq1dfn7q59irzji3xwljjdiq8vs-audit-disable[785]: No rules
machine # [   11.276543] systemd[1]: Starting Kernel Auditing...
machine # [   11.284926] dhcpcd[796]: dev: loaded udev
machine # [   11.291313] logrotate[782]: warning: logrotate in debug mode does nothing except printing debug messages!  Consider using verbose mode (-v) instead if this is not what you want.
machine # [   11.305640] l[   11.993742] 8021q: 802.1Q VLAN Support v1.8
machine # ogrotate[782]: reading config file /nix/store/ysgfy4413nrn23ddins98pcrk81bmzsy-logrotate.conf
machine # [   11.316532] logrotate[782]: note: 'monthly' overrides previously specified 'weekly'
machine: connected to guest root shell
machine # [   11.322481] logrotate[782]: R[   12.011437] Key type encrypted registered
machine # eading state from file: /var/lib/logrotate.status
machine # [   11.332917] logrotate[782]: state file /var/lib/logrotate.status does not exist
machine: (connecting took 12.83 seconds)
(finished: waiting for the VM to finish booting, in 12.84 seconds)
machine # [   11.339789] logrotate[782]: Allocating hash table for state file, size 64 entries
machine # [   11.346657] logrotate[782]: Handling 2 logs
machine # sh: cannot set terminal process group (-1): Inappropriate ioctl for device
machine # [   11.354778] logrotate[782]: rotating pattern: "/var/log/btmp"  monthly (1 rotations)
machine # [   11.355795] logrotate[782]: empty log files are not rotated, only log files >= 1048576 bytes are rotated, old logs are removed
machine # [   11.358595] logrotate[782]: considering log /var/log/btmp
machine # [   11.359047] logrotate[782]: Creating new state
machine # [   11.362466] logrotate[782]:   Now: 2023-03-08 06:39
machine # [   11.362929] logrotate[782]:   Last rotated at 2023-03-08 06:00
machine # [   11.364452] logrotate[782]:   log does not need rotating (log has already been rotated)
machine # [   11.365433] logrotate[782]: rotating pattern: "/var/log/wtmp"  monthly (1 rotations)
machine # [   11.369668] logrotate[782]: empty log files are not rotated, only log files >= 1048576 bytes are rotated, old logs are removed
machine # [   11.374487] logrotate[782]: considering log /var/log/wtmp
machine # [   11.375510] logrotate[782]: Creating new state
machine # [   11.376014] logrotate[782]:   Now: 2023-03-08 06:39
machine # [   11.377626] logrotate[782]:   Last rotated at 2023-03-08 06:00
machine # [   11.378450] logrotate[782]:   log does not need rotating (log has already been rotated)
machine # [   11.381341] systemd[1]: Started backdoor.service.
machine # [   11.384358] systemd[1]: Starting DHCP Client...
machine # [   11.386938] systemd[1]: Starting Logrotate configuration check...
machine # [   11.392007] nsncd[784]: Mar 08 06:39:00.535 INFO started, handoff_timeout: 3s, worker_count: 8, path: "/var/run/nscd/socket"
machine # [   11.396601] systemd[1]: Starting Name Service Cache Daemon (nsncd)...
machine # [   11.404513] systemd[1]: Started Reset console on configuration changes.
machine # [   11.411024] zed[791]: ZFS Event Daemon 2.1.9-1 (PID 791)
machine # [   11.417005] zed[791]: Processing events since eid=0
machine # [   11.423007] systemd[1]: Starting resolvconf update...
machine # [   11.427844] dbus-daemon[804]: dbus[804]: Unknown username "systemd-timesync" in message bus configuration file
machine # [   11.432803] systemd[1]: Starting ZFS file system shares...
machine # [   11.440537] systemd[1]: Started ZFS Event Daemon (zed).
machine # [   11.443048] systemd[1]: Starting D-Bus System Message Bus...
machine # [   11.449418] systemd[1]: Finished Kernel Auditing.
machine # [   11.450985] systemd[1]: Finished Logrotate configuration check.
machine # [   11.454855] systemd[1]: Finished ZFS file system shares.
machine # [   11.456876] systemd[1]: Started Name Service Cache Daemon (nsncd).
machine # [   11.458811] systemd[1]: Reached target Host and Network Name Lookups.
machine # [   11.460781] systemd[1]: Reached target User and Group Name Lookups.
machine # [   11.462947] systemd[1]: Reached target ZFS startup target.
machine # [   11.464984] systemd[1]: Starting User Login Management...
machine # [   11.468778] systemd[1]: Stopped target Host and Network Name Lookups.
machine # [   11.472012] systemd[1]: Stopping Host and Network Name Lookups...
machine # [   11.475043] systemd[1]: Stopped target User and Group Name Lookups.
machine # [   11.478577] systemd[1]: Stopping User and Group Name Lookups...
machine # [   11.480750] systemd[1]: Stopping Name Service Cache Daemon (nsncd)...
machine # sh: no job control in this shell
machine # [   11.508918] systemd[1]: Finished resolvconf update.
machine # [   11.510002] systemd[1]: nscd.service: Deactivated successfully.
machine # [   12.205204] EDAC MC: Ver: 3.0.0
machine # [   11.530601] systemd[1]: Stopped Name Service Cache Daemon (nsncd).
machine # [   11.531558] systemd[1]: Started D-Bus System Message Bus.
machine # [   11.552033] systemd[1]: Listening on Load/Save RF Kill Switch Status /dev/rfkill Watch.
(finished: must succeed: echo hello, in 13.07 seconds)
(finished: subtest: Assert readiness of login prompt, in 13.07 seconds)
subtest: Wait for hard disks to appear in /dev
machine: must succeed: udevadm settle
machine # [   11.573798] systemd[1]: Starting Name Service Cache Daemon (nsncd)...
machine # [   11.600855] systemd-logind[835]: New seat seat0.
machine # [   11.602823] systemd-logind[835]: Watching system buttons on /dev/input/event2 (Power Button)
machine # [   11.605763] systemd-logind[835]: Watching system buttons on /dev/input/event3 (QEMU Virtio Keyboard)
machine # [   11.608366] systemd-logind[835]: Watching system buttons on /dev/input/event0 (AT Translated Set 2 keyboard)
machine # [   11.609797] systemd[1]: Started User Login Management.
machine # [   11.631569] nsncd[875]: Mar 08 06:39:00.856 INFO started, handoff_timeout: 3s, worker_count: 8, path: "/var/run/nscd/socket"
machine # [   11.633023] systemd[1]: Started Name Service Cache Daemon (nsncd).
machine # [   11.639038] systemd[1]: Reached target Host and Network Name Lookups.
machine # [   11.643873] systemd[1]: Reached target User and Group Name Lookups.
machine # [   12.630403] cfg80211: Loading compiled-in X.509 certificates for regulatory database
machine # [   12.680137] cfg80211: Loaded X.509 cert 'sforshee: 00b28ddf47aef9cea7'
machine # [   12.797410] 8021q: adding VLAN 0 to HW filter on device eth0
machine # [   12.113838] dhcpcd[796]: eth0: waiting for carrier
machine # [   12.115444] dhcpcd[796]: eth0: carrier acquired
machine # [   12.136353] dhcpcd[796]: DUID 00:01:00:01:2b:9a:ea:05:52:54:00:12:34:56
machine # [   12.137332] dhcpcd[796]: eth0: IAID 00:12:34:56
machine # [   12.139559] dhcpcd[796]: eth0: adding address fe80::5054:ff:fe12:3456
machine # [   12.492701] systemd[1]: Finished Firewall.
machine # [   12.494085] systemd[1]: Reached target Preparation for Network.
machine # [   12.495518] systemd[1]: Reached target All Network Interfaces (deprecated).
machine # [   12.511657] systemd[1]: Starting Networking Setup...
machine # [   12.618043] dhcpcd[796]: eth0: soliciting an IPv6 router
machine # [   12.701428] systemd[1]: Finished Networking Setup.
machine # [   12.726381] systemd[1]: Starting Extra networking commands....
machine # [   12.759824] systemd[1]: Finished Extra networking commands..
machine # [   12.761009] systemd[1]: Reached target Network.
machine # [   12.775378] systemd[1]: Starting SSH Daemon...
machine # [   12.778047] systemd[1]: Starting Permit User Sessions...
machine # [   12.849808] systemd[1]: Finished Permit User Sessions.
machine # [   12.867906] systemd[1]: Started Getty on tty1.
machine # [   12.868857] systemd[1]: Reached target Login Prompts.
(finished: must succeed: udevadm settle, in 1.64 seconds)
(finished: subtest: Wait for hard disks to appear in /dev, in 1.64 seconds)
machine: must succeed: sgdisk -Z /dev/vda
machine # [   13.254527] dhcpcd[796]: eth0: Router Advertisement from fe80::2
machine # [   13.255773] dhcpcd[796]: eth0: adding address fec0::5054:ff:fe12:3456/64
machine # [   13.257740] dhcpcd[796]: eth0: adding route to fec0::/64
machine # [   13.259659] dhcpcd[796]: eth0: adding default route via fe80::2
machine # [   13.510714] dhcpcd[796]: eth0: soliciting a DHCP lease
machine # [   14.230243] NET: Registered PF_PACKET protocol family
machine # [   13.562986] dhcpcd[796]: eth0: offered 10.0.2.15 from 10.0.2.2
machine # [   13.564075] dhcpcd[796]: eth0: leased 10.0.2.15 for 86400 seconds
machine # [   13.566687] dhcpcd[796]: eth0: adding route to 10.0.2.0/24
machine # [   13.568594] dhcpcd[796]: eth0: adding default route via 10.0.2.2
machine # [   13.730620] systemd[1]: Stopped target Host and Network Name Lookups.
machine # [   13.731568] systemd[1]: Stopping Host and Network Name Lookups...
machine # [   13.732894] systemd[1]: Stopped target User and Group Name Lookups.
machine # [   13.734760] systemd[1]: Stopping User and Group Name Lookups...
machine # [   13.736662] systemd[1]: Stopping Name Service Cache Daemon (nsncd)...
machine # [   13.750609] systemd[1]: nscd.service: Deactivated successfully.
machine # [   13.769769] systemd[1]: Stopped Name Service Cache Daemon (nsncd).
machine # [   13.793881] systemd[1]: Starting Name Service Cache Daemon (nsncd)...
machine # [   13.825700] dhcpcd[781]: Failed to reload-or-try-restart ntpd.service: Unit ntpd.service not found.
machine # [   13.827039] nsncd[1048]: Mar 08 06:39:03.052 INFO started, handoff_timeout: 3s, worker_count: 8, path: "/var/run/nscd/socket"
machine # [   13.828623] systemd[1]: Started Name Service Cache Daemon (nsncd).
machine # [   13.830530] systemd[1]: Reached target Host and Network Name Lookups.
machine # [   13.831359] systemd[1]: Reached target User and Group Name Lookups.
machine # [   13.845042] dhcpcd[781]: Failed to reload-or-try-restart openntpd.service: Unit openntpd.service not found.
machine # [   13.846492] systemd[1]: Started DHCP Client.
machine # [   13.848444] systemd[1]: Reached target Network is Online.
(finished: must succeed: sgdisk -Z /dev/vda, in 1.09 seconds)
machine: must succeed: sgdisk -n 1:0:+1M -n 2:0:+1G -N 3 -t 1:ef02 -t 2:8200 -t 3:8300 -c 3:root /dev/vda
machine # [   16.073153]  vda: vda1 vda2 vda3
(finished: must succeed: sgdisk -n 1:0:+1M -n 2:0:+1G -N 3 -t 1:ef02 -t 2:8200 -t 3:8300 -c 3:root /dev/vda, in 1.08 seconds)
machine: must succeed: mkswap /dev/vda2 -L swap
(finished: must succeed: mkswap /dev/vda2 -L swap, in 0.07 seconds)
machine: must succeed: swapon -L swap
machine # [   16.185378] Adding 1048572k swap on /dev/vda2.  Priority:-2 extents:1 across:1048572k FS
(finished: must succeed: swapon -L swap, in 0.05 seconds)
machine: must succeed: mkfs.btrfs -L root /dev/vda3
machine # [   15.929395] sshd-pre-start[990]: Generating public/private rsa key pair.
machine # [   15.929998] sshd-pre-start[990]: Your identification has been saved in /etc/ssh/ssh_host_rsa_key
machine # [   15.931634] sshd-pre-start[990]: Your public key has been saved in /etc/ssh/ssh_host_rsa_key.pub
machine # [   15.931890] sshd-pre-start[990]: The key fingerprint is:
machine # [   15.933378] sshd-pre-start[990]: SHA256:7f2lC1kDdmLcibytm3IfCEVvsw5Blt13+cTl+y2Fufg root@machine
machine # [   15.933968] sshd-pre-start[990]: The key's randomart image is:
machine # [   15.935714] sshd-pre-start[990]: +---[RSA 4096]----+
machine # [   15.936026] sshd-pre-start[990]: |            +o o+|
machine # [   15.938073] sshd-pre-start[990]: |           *.+.+*|
machine # [   15.940431] sshd-pre-start[990]: |            @ B.=|
machine # [   15.940872] sshd-pre-start[990]: |         . + O =o|
machine # [   15.942446] sshd-pre-start[990]: |        S o o B..|
machine # [   15.942879] sshd-pre-start[990]: |         . o O +o|
machine # [   15.945723] sshd-pre-start[990]: |          . B = +|
machine # [   15.948409] sshd-pre-start[990]: |          . .* = |
machine # [   15.948745] sshd-pre-start[990]: |           oo.E. |
machine # [   15.950299] sshd-pre-start[990]: +----[SHA256]-----+
machine # [   15.986276] sshd-pre-start[1094]: Generating public/private ed25519 key pair.
machine # [   15.986717] sshd-pre-start[1094]: Your identification has been saved in /etc/ssh/ssh_host_ed25519_key
machine # [   15.987678] sshd-pre-start[1094]: Your public key has been saved in /etc/ssh/ssh_host_ed25519_key.pub
machine # [   15.988036] sshd-pre-start[1094]: The key fingerprint is:
machine # [   15.989511] sshd-pre-start[1094]: SHA256:j4o2ie1zg60HkkDUlpQ3DL0wYP1FfLaW0uLnHpiTYEI root@machine
machine # [   15.990080] sshd-pre-start[1094]: The key's randomart image is:
machine # [   15.992340] sshd-pre-start[1094]: +--[ED25519 256]--+
machine # [   15.992775] sshd-pre-start[1094]: |.+=o* o.         |
machine # [   15.994084] sshd-pre-start[1094]: |.. O = o o       |
machine # [   15.994733] sshd-pre-start[1094]: |. .E= + + o      |
machine # [   15.996060] sshd-pre-start[1094]: |. .  o o =       |
machine # [   15.998086] sshd-pre-start[1094]: | . o o. S        |
machine # [   15.998787] sshd-pre-start[1094]: |  o + ..++       |
machine # [   16.000397] sshd-pre-start[1094]: |   + = =+..      |
machine # [   16.000908] sshd-pre-start[1094]: |  . B.=....      |
machine # [   16.002469] sshd-pre-start[1094]: |   o+*....       |
machine # [   16.002830] sshd-pre-start[1094]: +----[SHA256]-----+
machine # [   16.045327] systemd[1]: Started SSH Daemon.
machine # [   16.046996] systemd[1]: Reached target Multi-User System.
machine # [   16.048830] systemd[1]: Startup finished in 6.798s (kernel) + 9.248s (userspace) = 16.046s.
machine # [   16.751677] raid6: avx512x4 gen() 41116 MB/s
machine # [   16.770752] raid6: avx512x2 gen() 41500 MB/s
machine # [   16.089714] sshd[1096]: Server listening on 0.0.0.0 port 22.
machine # [   16.090704] sshd[1096]: Server listening on :: port 22.
machine # [   16.789677] raid6: avx512x1 gen() 40835 MB/s
machine # [   16.808687] raid6: avx2x4   gen() 30169 MB/s
machine # [   16.827677] raid6: avx2x2   gen() 33599 MB/s
machine # [   16.148852] login[991]: pam_unix(login:session): session opened for user nixos(uid=1000) by LOGIN(uid=0)
machine # [   16.846685] raid6: avx2x1   gen() 28249 MB/s
machine # [   16.849095] raid6: using algorithm avx512x2 gen() 41500 MB/s
machine # [   16.868675] raid6: .... xor() 25629 MB/s, rmw enabled
machine # [   16.871679] raid6: using avx512x2 recovery algorithm
machine # [   16.879713] xor: automatically using best checksumming function   avx
machine # [   16.201370] systemd-logind[835]: New session 1 of user nixos.
machine # [   16.207596] systemd[1]: Created slice Slice /user/1000.
machine # [   16.211590] systemd[1]: Starting User Runtime Directory /run/user/1000...
machine # [   16.286918] systemd[1]: Finished User Runtime Directory /run/user/1000.
machine # [   16.303670] systemd[1]: Starting User Manager for UID 1000...
machine # [   16.335397] systemd[1102]: pam_unix(systemd-user:session): session opened for user nixos(uid=1000) by (uid=0)
machine # [   17.270203] Btrfs loaded, crc32c=crc32c-intel, zoned=no, fsverity=no
machine # [   17.280299] BTRFS: device label root devid 1 transid 6 /dev/vda3 scanned by mkfs.btrfs (1084)
(finished: must succeed: mkfs.btrfs -L root /dev/vda3, in 1.10 seconds)
machine: must succeed: btrfs device scan
machine # [   16.742560] systemd[1102]: Queued start job for default target Main User Target.
machine # [   16.759576] systemd[1102]: Created slice User Application Slice.
machine # [   16.762893] systemd[1102]: Reached target Paths.
machine # [   16.764948] systemd[1102]: Reached target Timers.
machine # [   16.766713] systemd[1102]: Starting D-Bus User Message Bus Socket...
machine # [   16.822067] systemd[1102]: Listening on D-Bus User Message Bus Socket.
machine # [   16.824758] systemd[1102]: Reached target Sockets.
machine # [   16.825779] systemd[1102]: Reached target Basic System.
machine # [   16.827693] systemd[1]: Started User Manager for UID 1000.
machine # [   16.853530] systemd[1102]: Starting Run user-specific NixOS activation...
machine # [   16.855469] systemd[1]: Started Session 1 of User nixos.
machine # [   17.558919] I/O error, dev fd0, sector 0 op 0x0:(READ) flags 0x0 phys_seg 1 prio class 2
machine # [   17.562715] floppy: error 10 while reading block 0
machine # [   16.874371] systemd[1102]: Finished Run user-specific NixOS activation.
machine # [   16.879576] systemd[1102]: Reached target Main User Target.
machine # [   16.880584] systemd[1102]: Startup finished in 500ms.
(finished: must succeed: btrfs device scan, in 0.30 seconds)
machine: must succeed: mount LABEL=root /mnt
machine # [   17.643475] BTRFS info (device vda3): using crc32c (crc32c-intel) checksum algorithm
machine # [   17.646944] BTRFS info (device vda3): using free space tree
machine # [   17.663851] BTRFS info (device vda3): checking UUID tree
(finished: must succeed: mount LABEL=root /mnt, in 0.08 seconds)
machine: must succeed: btrfs subvol create /mnt/badpath
(finished: must succeed: btrfs subvol create /mnt/badpath, in 0.05 seconds)
machine: must succeed: btrfs subvol create /mnt/badpath/boot
(finished: must succeed: btrfs subvol create /mnt/badpath/boot, in 0.05 seconds)
machine: must succeed: btrfs subvol create /mnt/nixos
(finished: must succeed: btrfs subvol create /mnt/nixos, in 0.05 seconds)
machine: must succeed: btrfs subvol set-default $(btrfs subvol list /mnt | grep 'nixos' | awk '{print $2}') /mnt
machine # [   17.894050] BTRFS info (device vda3): setting incompat feature flag for DEFAULT_SUBVOL (0x2)
(finished: must succeed: btrfs subvol set-default $(btrfs subvol list /mnt | grep 'nixos' | awk '{print $2}') /mnt, in 0.08 seconds)
machine: must succeed: umount /mnt
machine # [   17.254601] systemd[1]: mnt.mount: Deactivated successfully.
(finished: must succeed: umount /mnt, in 0.07 seconds)
machine: must succeed: mount -o defaults LABEL=root /mnt
machine # [   18.013111] BTRFS: device label root devid 1 transid 11 /dev/vda3 scanned by mount (1160)
machine # [   18.017753] BTRFS info (device vda3): using crc32c (crc32c-intel) checksum algorithm
machine # [   18.021025] BTRFS info (device vda3): using free space tree
(finished: must succeed: mount -o defaults LABEL=root /mnt, in 0.07 seconds)
machine: must succeed: mkdir -p /mnt/badpath/boot
(finished: must succeed: mkdir -p /mnt/badpath/boot, in 0.05 seconds)
machine: must succeed: mkdir /mnt/boot
(finished: must succeed: mkdir /mnt/boot, in 0.03 seconds)
machine: must succeed: mount -o defaults,subvol=badpath/boot LABEL=root /mnt/boot
(finished: must succeed: mount -o defaults,subvol=badpath/boot LABEL=root /mnt/boot, in 0.04 seconds)
subtest: Create the NixOS configuration
machine: must succeed: nixos-generate-config --root /mnt
machine # writing /mnt/etc/nixos/hardware-configuration.nix...
machine # writing /mnt/etc/nixos/configuration.nix...
machine # For more hardware-specific settings, see https://github.com/NixOS/nixos-hardware.
(finished: must succeed: nixos-generate-config --root /mnt, in 0.68 seconds)
machine: must succeed: cat /mnt/etc/nixos/hardware-configuration.nix >&2
machine # # Do not modify this file!  It was generated by nixos-generate-config
machine # # and may be overwritten by future invocations.  Please make changes
machine # # to /etc/nixos/configuration.nix instead.
machine # { config, lib, pkgs, modulesPath, ... }:
machine # 
machine # {
machine #   imports =
machine #     [ (modulesPath + "/profiles/qemu-guest.nix")
machine #     ];
machine # 
machine #   boot.initrd.availableKernelModules = [ "ata_piix" "uhci_hcd" "virtio_pci" "floppy" "sr_mod" "virtio_blk" ];
machine #   boot.initrd.kernelModules = [ ];
machine #   boot.kernelModules = [ "kvm-intel" ];
machine #   boot.extraModulePackages = [ ];
machine # 
machine #   fileSystems."/" =
machine #     { device = "/dev/disk/by-uuid/374bcb20-5247-437c-87a3-96ba0f2a5748";
machine #       fsType = "btrfs";
machine #       options = [ "subvol=nixos" ];
machine #     };
machine # 
machine #   fileSystems."/boot" =
machine #     { device = "/dev/disk/by-uuid/374bcb20-5247-437c-87a3-96ba0f2a5748";
machine #       fsType = "btrfs";
machine #       options = [ "subvol=badpath/boot" ];
machine #     };
machine # 
machine #   swapDevices =
machine #     [ { device = "/dev/disk/by-uuid/2e135a7e-6fcf-4586-be49-a6555793cfd7"; }
machine #     ];
machine # 
machine #   # Enables DHCP on each ethernet and wireless interface. In case of scripted networking
machine #   # (the default) this is the recommended approach. When using systemd-networkd it's
machine #   # still possible to use this option, but it's recommended to use it in conjunction
machine #   # with explicit per-interface declarations with `networking.interfaces.<interface>.useDHCP`.
machine #   networking.useDHCP = lib.mkDefault true;
machine #   # networking.interfaces.eth0.useDHCP = lib.mkDefault true;
machine # 
machine #   nixpkgs.hostPlatform = lib.mkDefault "x86_64-linux";
machine #   hardware.cpu.intel.updateMicrocode = lib.mkDefault config.hardware.enableRedistributableFirmware;
machine # }
(finished: must succeed: cat /mnt/etc/nixos/hardware-configuration.nix >&2, in 0.11 seconds)
machine: must succeed: mkdir -p /tmp/shared/tmpkf7_zp37
(finished: must succeed: mkdir -p /tmp/shared/tmpkf7_zp37, in 0.04 seconds)
machine: must succeed: mkdir -p /mnt/etc/nixos
(finished: must succeed: mkdir -p /mnt/etc/nixos, in 0.05 seconds)
machine: must succeed: cp -r /tmp/shared/tmpkf7_zp37/p0wcah8mscf24p5rjbxn1dw1hp56fidk-configuration.nix /mnt/etc/nixos/configuration.nix
(finished: must succeed: cp -r /tmp/shared/tmpkf7_zp37/p0wcah8mscf24p5rjbxn1dw1hp56fidk-configuration.nix /mnt/etc/nixos/configuration.nix, in 0.05 seconds)
machine: must succeed: mkdir -p /tmp/shared/tmpc8gw6doh
(finished: must succeed: mkdir -p /tmp/shared/tmpc8gw6doh, in 0.05 seconds)
machine: must succeed: mkdir -p /mnt/etc/nixos
(finished: must succeed: mkdir -p /mnt/etc/nixos, in 0.04 seconds)
machine: must succeed: cp -r /tmp/shared/tmpc8gw6doh/kfx27q2scxy6aqrg0z7jsqz13bv22x27-secret /mnt/etc/nixos/secret
(finished: must succeed: cp -r /tmp/shared/tmpc8gw6doh/kfx27q2scxy6aqrg0z7jsqz13bv22x27-secret /mnt/etc/nixos/secret, in 0.05 seconds)
(finished: subtest: Create the NixOS configuration, in 1.06 seconds)
subtest: Perform the installation
machine: must succeed: nixos-install < /dev/null >&2
machine # copying channel...
machine # building the configuration in /mnt/etc/nixos/configuration.nix...
machine # these 227 derivations will be built:
machine #   /nix/store/01azjqnkv7yyrg282wdl65lngf855vbz-audit-disable.drv
machine #   /nix/store/w6fqwsi0by5ajj93m56nj7h3rq887n2m-unit-script-network-local-commands-start.drv
machine #   /nix/store/02kdz66wk077xz9hhq35m4vix7ga3yfm-unit-network-local-commands.service.drv
machine #   /nix/store/cqpk8wj5b6bkfzgp71w3w8ra428q3inq-mount-pstore.sh.drv
machine #   /nix/store/07j4zyfljazak1jcikwl1qh6xk78bq4f-unit-mount-pstore.service.drv
machine #   /nix/store/09m9hpvj9wz0sccy3z6pcb7r6jr4yr50-vlock.pam.drv
machine #   /nix/store/12l5cd0aywmapdcrpx7iizj74ia64hfn-other.pam.drv
machine #   /nix/store/133raxrib512vsznnqw3i8l3il7s0ca0-chfn.pam.drv
machine #   /nix/store/bpkn7riz11mdmalrl8pq6cr5drjqkrs2-find-libs.drv
machine #   /nix/store/w50fjv08waapjpi79vq4mm8kls87xyzx-nuke-references.drv
machine #   /nix/store/1avrhix4b22wplyayyrijjw88na9wh0c-extra-utils.drv
machine #   /nix/store/1bygfchgc9fwkhmwdxkyvf4yav1nnmdy-etc-logind.conf.drv
machine #   /nix/store/4l9b9bv6zdgjhi5cd4r3l1lbzvm83992-extra-hwdb-file.drv
machine #   /nix/store/b0fchk8yv6da2zqwn5b7q8i39xmap3vv-ipv6-privacy-extensions.rules.drv
machine #   /nix/store/cny9vqxh7i7cx92pcfjxmhcx5ymrs5zx-ipv6-privacy-extensions.rules.drv
machine #   /nix/store/rnf84p4l27da1rz7xz2cdbbf2aykvm6q-extra-udev-rules.drv
machine #   /nix/store/1cn3jx9977m8r4j1lha8ai6ir718kbll-hwdb.bin.drv
machine #   /nix/store/1hcw5179k1z9958difk7kw1ib57igm0y-locale.conf.drv
machine #   /nix/store/2qvzqpb2kp24y0qrs4wx5q3d2wi49bzq-extra-hosts.drv
machine #   /nix/store/7y5r99l0rpcmj3pnihfhnzgypxin1mls-localhost-hosts.drv
machine #   /nix/store/f31s46w2wscpbdmlgsarlrn5vh9qg4rf-string-hosts.drv
machine #   /nix/store/1jp6sm62ijhpdl88q41c65mmdqkw4p1c-hosts.drv
machine #   /nix/store/2vh2wgg28jk8j69jkbc4cnhlp7i2b1ph-builder.pl.drv
machine #   /nix/store/7043vvxwq7gg962pmrzr0yxx93z01zw8-die-hook.drv
machine #   /nix/store/q5ynfl04kpa2hj470a7has6932cyhy8c-make-shell-wrapper-hook.drv
machine #   /nix/store/1p6y3swzp8b0cxlq8sj6a9pc8vbbsh1m-perl-5.36.0-env.drv
machine #   /nix/store/1ww9ylqnfdwa5mln5wz80h4398rf5zwk-link-units.drv
machine #   /nix/store/21rf5jl2ly29s216kmba6cy5k24m3mm0-systemd-default-tmpfiles.drv
machine #   /nix/store/cx73g2b8licbpkc7xswvc07v91q9fxwf-etc-journald.conf.drv
machine #   /nix/store/28f26zzvi9qlr4kgb357fw3lgjc0nj5f-unit-systemd-journald.service.drv
machine #   /nix/store/rvrkm2fysv2d7qanlb5dd7navgzgprgv-firmware.drv
machine #   /nix/store/28gs5pp763zb5212qs1lccywxa9a7m9r-etc-firmware.conf.drv
machine #   /nix/store/fas1z8xiv6v16qj5i73pbh3rz00mnzgl-unit-script-post-resume-start.drv
machine #   /nix/store/2am2zfjd8jhacqmd85rfwgrw9m07gbkq-unit-post-resume.service.drv
machine #   /nix/store/2d51dngi1bkr1vk2xqcbbn1iaklb2js0-etc-lsb-release.drv
machine #   /nix/store/lg54ia805pjw8y5f3bzjgbpkq38lvfii-etc-60-nixos.conf.drv
machine #   /nix/store/2hqv5cv9lzq802h7sh3b5jipy0qhby0r-unit-systemd-sysctl.service.drv
machine #   /nix/store/2i45izg52hlp0lypf2wgb8y18ryr1mwj-initrd-kmod-blacklist-ubuntu.drv
machine #   /nix/store/2iiaqy2pldh76l4psawwx1k12nm8nll5-client.conf.drv
machine #   /nix/store/h6cr5svyrkwd6jrz6jkl9k5xlh1lx5s8-nixos-container.drv
machine #   /nix/store/3515wj4bl0wzq6pcvsza488c08054wj9-reload-container.drv
machine #   /nix/store/38pzimacgnxgxxss9ya1sfzwqx1hz3ka-unit-nscd.service.drv
machine #   /nix/store/ppw8c959nc40dilh2rdzhpqypmjbsdvn-udev-path.drv
machine #   /nix/store/3bsvm4g2wx7pvsnxkbfh9875fvw8ffmh-udev-rules.drv
machine #   /nix/store/3hk02pa22lpcfbnk5wsrwaz1a8lz2v5z-unit-run-initramfs.mount.drv
machine #   /nix/store/3ka0rdwjg8pg61mfvgsml43x9bb5px7k-dhcpcd.conf.drv
machine #   /nix/store/vls3wp5snqixkrhns1758a5siimbd2p5-unit-script-network-setup-start.drv
machine #   /nix/store/3km6vrhb5q7aid3h3rv9mk590bs0ry65-unit-network-setup.service.drv
machine #   /nix/store/3lwzrzmark7qwfqhng7rnmiwr7niax6f-etc-lvm.conf.drv
machine #   /nix/store/3n2pzmshjzpsq9pa0adbqa0x60r6m4js-unit-systemd-journal-flush.service.drv
machine #   /nix/store/njll11mhvzfbbd4a5nngc05gzxadym28-unit-script-pre-sleep-start.drv
machine #   /nix/store/3vg1q5sa5andq61sa2halyzzc4im6x68-unit-pre-sleep.service.drv
machine #   /nix/store/3wi8rzdjays9izrh0r4fy7427ncbypw8-unit-script-nix-gc-start.drv
machine #   /nix/store/3y5bmg0b8dlfk078gs8lmwxp3d06h011-etc-nixos.conf.drv
machine #   /nix/store/44k3k8ywygaz0mzna4v6x7grkvac3jh1-unit-script-container_-post-start.drv
machine #   /nix/store/464w5d6dhxxv461srl2bjs1gh7qw6hmq-system-generators.drv
machine #   /nix/store/467xgd1snkyp717h2xqqvv1dn8pahv21-unit-systemd-journal-gatewayd.socket.drv
machine #   /nix/store/9f1q1mgbdxrak8rwvq77vkcnwhmyrnab-nixos-tmpfiles.d.drv
machine #   /nix/store/47lprrwx1mayv2frajmycqmxvvzz03vf-tmpfiles.d.drv
machine #   /nix/store/48sc1j9rrx88248d36ysh844wk6slvjz-unit-network-interfaces.target.drv
machine #   /nix/store/4i6skz3f0i7fkjvbckn0yypjai1gybnq-unit-systemd-logind.service.drv
machine #   /nix/store/5fdq6k4v0wqn83984634ng98l9h1fgc7-etc-user.conf.drv
machine #   /nix/store/5hfvzf3qf8b8rh8kfx28csbhips0vvqp-i3lock-color.pam.drv
machine #   /nix/store/5p9z1kqg8w580y9jd095jb8fya4nxahy-i3lock.pam.drv
machine #   /nix/store/s5p8k8mc6jpk6aicxqa6j2lrq1d15dqq-desktops.drv
machine #   /nix/store/6anv7qkzxix37n3b7g6vma87knh7332m-etc-environment.drv
machine #   /nix/store/84xhi1r2xvw96628viyx3jcmv7pr6ymp-xlock.pam.drv
machine #   /nix/store/8fpa3d4vc07xszvx48cjggk3v4l746hl-xscreensaver.pam.drv
machine #   /nix/store/8hahv02ympkl6966nnq3l5r7z35fkbip-systemd-user.pam.drv
machine #   /nix/store/8ikik8j01xi823j1mnrpyzvjz9f4gzby-etc-host.conf.drv
machine #   /nix/store/9x2nv207lbbypd3cp75h4pbsci2cr8h6-su.pam.drv
machine #   /nix/store/xj3k8nfanfxg8achhmj60d8alw7q5s3g-audit-stop.drv
machine #   /nix/store/5nvq20b0s7v53kcdfylw2si8xr9r7b42-unit-audit.service.drv
machine #   /nix/store/62k8llr753x3nq72yn09mqzcwq8n0cgb-unit-serial-getty-.service.drv
machine #   /nix/store/m5m0a6l1bgyxj4i8lf09fgxw9bdz154h-logrotate.conf.drv
machine #   /nix/store/6kjwbx0lpmiqca0mi6dz8vwbri6yav50-unit-logrotate.service.drv
machine #   /nix/store/6miggljj3mk82apdgcsf1i640sagmwgx-unit-systemd-importd.service.drv
machine #   /nix/store/6szbf51lf2d366cldpkn57psbzsylzlw-unit-systemd-udev-settle.service.drv
machine #   /nix/store/76k6hh41v9ihyxhwa70sqx0rgxyybc12-unit-logrotate-checkconf.service.drv
machine #   /nix/store/7wzxaj81fkc805qzscy8hjayiyayc80v-unit-kmod-static-nodes.service.drv
machine #   /nix/store/9j6677f2ph61kqwm20cyiili9gpssmvh-unit-user-runtime-dir-.service.drv
machine #   /nix/store/n5bhfkf105vhg6vbcf25dr4g9psbwy33-etc-timesyncd.conf.drv
machine #   /nix/store/9lnvv19fnfh6c56grln6hsnalk2zlh01-unit-systemd-timesyncd.service.drv
machine #   /nix/store/9v1s49wfkzbayw7cdm5zkxwfz764s4jf-unit-nix-optimise.service.drv
machine #   /nix/store/9x126g5j9n02dx4fqjbaa23fqhkgzcj6-unit-systemd-journald-.service.drv
machine #   /nix/store/arlir0hjvi7lrrg7cxx6fm46cxvhcgw7-unit-systemd-random-seed.service.drv
machine #   /nix/store/avp1myx6lkinqmir6rwlnv2iw4is2cin-unit--.slice.drv
machine #   /nix/store/azxhzm9gpg1cznkxabqfy8bnannazqh8-unit-autovt-.service.drv
machine #   /nix/store/bgcww5k4z90pw9pjy0kf6q2w2r2lxjxv-unit-console-getty.service-disabled.drv
machine #   /nix/store/bm7qhpzip147xgf3qk904prlf1xs75x4-unit-systemd-oomd.service.drv
machine #   /nix/store/bylinzvw3xff7cviqwwrw65dh5nv0ls8-unit-logrotate.timer.drv
machine #   /nix/store/c2ylrp0nvqnxz0p36gkqpjns102rsxaq-unit-system.slice.drv
machine #   /nix/store/lsx4r46d7q6syl5ziqn6w8byk22m0knq-dhcpcd.exit-hook.drv
machine #   /nix/store/clgai7nacmlbr1gmf6gv04ddya962wff-unit-dhcpcd.service.drv
machine #   /nix/store/w6gmdxy0v5cqjmq1dgprixv177gsm5gn-etc-resolvconf.conf.drv
machine #   /nix/store/d328x69kxwx28c9z4sbd4jh1v1mkpbsh-unit-resolvconf.service.drv
machine #   /nix/store/da4inhb6bm3pn3wnl4rf9q90ypwv92dc-unit-nix-gc.service.drv
machine #   /nix/store/rkvlw69wqbf1j748l76ck96zqpri02qy-perl-5.36.0-env.drv
machine #   /nix/store/5b3yyj3kjjqc9f0hlqmqnwy5agd3r366-command-not-found.drv
machine #   /nix/store/7c22k6lq520h6w1lhgc17hhpy01ki35z-nixos-rebuild.drv
machine #   /nix/store/ahp4q76nm2zf1nv86s85rncp24jwv73m-nixos-generate-config.drv
machine #   /nix/store/arwl9cswf7x65il3m9lgv8g4xnsxsixs-nixos-enter.drv
machine #   /nix/store/b0nzimqaan68ql685s24dhbcfbb713qm-getconf-glibc-2.35-224.drv
machine #   /nix/store/dy6l8fmx164ps3nz3xlhwvx6qa118yqi-nixos-build-vms.drv
machine #   /nix/store/mn7m1yg25skmvc5h4ylxs8c4jhic6a6d-nixos-install.drv
machine #   /nix/store/nx9dkia8328rf31yb4piiw0p7k32gz91-nixos-version.drv
machine #   /nix/store/svvjvyh8npdwcslnw1apsz8fk4dji0yv-system-path.drv
machine #   /nix/store/bqqacjshlyy5908wrfiyx22bamglvm9c-dbus-1.drv
machine #   /nix/store/fc7dgz1l0l0s81krvyan7z59a3yaz04w-unit-dbus.service.drv
machine #   /nix/store/h3933pdqvvpdjf5g5yr60w8w75bj7v7l-container-init.drv
machine #   /nix/store/736gnvj07ayq96wy20k3v4ibwn49w0av-unit-script-container_-start.drv
machine #   /nix/store/d62l1q7432pkg1kwzv3rrzwgn4mdix9q-unit-script-container_-pre-start.drv
machine #   /nix/store/gf4drnrwq4n5qhbcwv8f79x3bq9asjpy-unit-container-.service.drv
machine #   /nix/store/rb0715m8amvlzbaanshqgyiazfmp6p28-vconsole.conf.drv
machine #   /nix/store/ygm83hf2j99lw3hh1f3qd39p0rkl2d4p-console-env.drv
machine #   /nix/store/i6m2w72zna0njrsi25v8jwbkmq7fpykk-unit-reload-systemd-vconsole-setup.service.drv
machine #   /nix/store/i7b819gafp3i2xs6g2d27hx2zzbyjml0-unit-save-hwclock.service.drv
machine #   /nix/store/ih8ja0gjzd9c7ys795j9mjjk08ja7ml9-unit-systemd-remount-fs.service.drv
machine #   /nix/store/kd2z1cdlkfgrn34slnn94sx0wcb1k0kn-unit-systemd-user-sessions.service.drv
machine #   /nix/store/lcynz9h5rhdkiz9v93zr1wrkaair1k4d-unit-container-getty-.service.drv
machine #   /nix/store/lpjl0dpppsymal28i01gpcsnghky3y0z-unit-fs.target.drv
machine #   /nix/store/m31nrg6jsy3b62wm156j85khkrnxwl2x-unit-serial-getty-hvc0.service-disabled.drv
machine #   /nix/store/mk71p54xxk45zadhb5v03dkzvh3ri932-unit-systemd-pstore.service.drv
machine #   /nix/store/mvnig7c0jzpy27vvisxmdmks8cj8j1hn-unit-post-resume.target.drv
machine #   /nix/store/ndfbyizdqpp2dbpcc92364c4gww2pzgn-unit-serial-getty-ttyS0.service-disabled.drv
machine #   /nix/store/fbbfncdljlrdcah460vnhw637pia0sxx-shutdown-ramfs-contents.drv
machine #   /nix/store/njn1avxj3yyrwcsi0fm5790mxcjyp7yi-unit-generate-shutdown-ramfs.service.drv
machine #   /nix/store/p2ivl2syx0aq5j6dkpcaidi3pdwswkqb-unit-nix-daemon.socket.drv
machine #   /nix/store/p6b4x4kbdjc02xi74bgjbddik4rs194n-unit-systemd-udevd.service.drv
machine #   /nix/store/pgqqhfjpb5q3711yc385l3mjcswlziiz-unit-multi-user.target.drv
machine #   /nix/store/pljszdgayzi956rxk5g2n9hx0l4lbrir-unit-keys.target.drv
machine #   /nix/store/95c98j4cwbr9bbgqnyi605phs8sr91xv-unit-script-prepare-kexec-start.drv
machine #   /nix/store/qrykzkr0in1m6ddfki1rkgv2ggzp7jdy-unit-prepare-kexec.service.drv
machine #   /nix/store/s8hiz3dykprbpygy5z4sziyzq542la4x-unit-systemd-timedated.service.drv
machine #   /nix/store/s9k3xvw76dnbk1ni1ai98imjdz5z94l2-unit-user-.service.drv
machine #   /nix/store/n5v0bi3399bgq362zla65p6jmmw0y2lr-nixos.conf.drv
machine #   /nix/store/sg3mc70jdi3ba76k52m76vmm8rwa96zy-unit-systemd-modules-load.service.drv
machine #   /nix/store/si7sg4kjhvm2hnjp2nd4n9nzpdqr4fpm-unit-remote-fs.target.drv
machine #   /nix/store/srb4jzr9gxda2ag4kwl93gfgk0m8v1n8-unit-getty-.service.drv
machine #   /nix/store/vyx4glww4k1fni7hnayndwb83pnlkvmy-unit-systemd-fsck-.service.drv
machine #   /nix/store/w1cjk1giaph626hpcsi73j1i3p5gjhqf-unit-network-online.target.drv
machine #   /nix/store/wbrmnfjq8h9a0gfrws4kmwj7h5h61mdd-unit-local-fs.target.drv
machine #   /nix/store/qrp1lpgdaxhqv1cmcb9nc9iaqzcl1889-nix.conf.drv
machine #   /nix/store/wh0v9csjbd8w89ay8jl37g35qf0qmbna-unit-nix-daemon.service.drv
machine #   /nix/store/7sq69wgmncj1x4lbv7r4ppc2k81dbk8z-unit-script-backdoor-start.drv
machine #   /nix/store/wkbnmx88agwg3z489jkx2pcp9fa4fdw7-unit-backdoor.service.drv
machine #   /nix/store/x0cxhdhvf6hh867dz0j80ws2ksh6dpk5-unit-systemd-update-utmp.service.drv
machine #   /nix/store/g3fvnsbm6yx77p7bg6cc4imsjpc3krml-firewall-stop.drv
machine #   /nix/store/gsx4xmbnbnsjd3ssynpps8bhjfnpnvz2-firewall-start.drv
machine #   /nix/store/w1gpi0v2k7gzkgwxangxkx5p2337ci4b-firewall-reload.drv
machine #   /nix/store/xlslcli1lr3bpmk9kc649lr6ajh2ia0a-unit-firewall.service.drv
machine #   /nix/store/ycs12bg8xcqw9yw3r397ij0n93k6ky6w-unit-systemd-backlight-.service.drv
machine #   /nix/store/an14aswvx5jzl5sxyk0p7hp0nsaf3g1f-system-units.drv
machine #   /nix/store/ay0fnpac4n5x17ipn9pivalpvp6mncqg-etc-nanorc.drv
machine #   /nix/store/bq7wh12b70rs6dplq9vzhb1ghkwfxaqf-userdel.pam.drv
machine #   /nix/store/bwcsqkz9vkydzh47npa93cfqi8jgpyrp-system-shutdown.drv
machine #   /nix/store/ca9vq86nm1gphnhigigfx2f402dzjyvp-runuser-l.pam.drv
machine #   /nix/store/jnpvssirfjlgg8iqgm9hx2vsx81xplhr-unit-script-nixos-activation-start.drv
machine #   /nix/store/6rvsymzav7d77aw4ri7lh56w4xax0mhw-unit-nixos-activation.service.drv
machine #   /nix/store/bcm50vcrpcbn9ix8j9b47zclv9kn7c6w-unit-dbus.service.drv
machine #   /nix/store/d84fd09683xmf549hirysbcm3wc6ljiz-unit-graphical-session.target.drv
machine #   /nix/store/gp1x6gzwrr06b14c67d6xf06sag2l99h-unit-dbus.socket.drv
machine #   /nix/store/wyzs7n53x23rmlkszwzdbs4p3hnxqvkc-unit-systemd-tmpfiles-setup.service.drv
machine #   /nix/store/cik5xhqz81r2zmk42vv90lgnpg9gpya0-user-units.drv
machine #   /nix/store/cslw59dshcn02n7pznwfcjjnhz5av38z-etc-shells.drv
machine #   /nix/store/f0ya006m6k12q49az7jd5d8gzxakx7xa-etc-system.conf.drv
machine #   /nix/store/fp9bahc43ri3qhgl89v8jw0yjmf9asbm-chsh.pam.drv
machine #   /nix/store/n6civ62wybf3byjz63bjcgjlvh77c9fb-systemd.drv
machine #   /nix/store/fydpjhwcir57pkyxjrazk3xnylf35aqs-50-coredump.conf.drv
machine #   /nix/store/gch117m729pizyc0k8p13sgp6qka94j0-useradd.pam.drv
machine #   /nix/store/gmq81fkb5s11f67vm0zf0nqj6m36imxz-groupdel.pam.drv
machine #   /nix/store/hbbr9w5ydqngr9b3jfyf7plyp0aqpbnf-groupmod.pam.drv
machine #   /nix/store/k2sg87pa05qwmvbrfhak5jc27mg3fn0l-etc-sleep.conf.drv
machine #   /nix/store/kw03926ry8jyg7zh0nnafi6sx3mvwxrn-etc-bashrc.drv
machine #   /nix/store/l3d1yxpgkakpj01jg5jzanjldj7j1357-etc-man_db.conf.drv
machine #   /nix/store/lczgcg1bpcf9lxvfadhr586rjmzdcm84-etc-hostname.drv
machine #   /nix/store/lkw8g7mppnw7rqd5g43fxnkvl18hp8a7-groupmems.pam.drv
machine #   /nix/store/lpdzysk7lasvi8yyrfxj2w6kynv347f0-fontconfig-etc.drv
machine #   /nix/store/mqhgmdjv756gfp3k5vnng24jg4kz7fms-useradd.drv
machine #   /nix/store/jxc9xd4y2ac9v9j0bsrhgqaw5mdykrnb-lessconfig.drv
machine #   /nix/store/nisphgfkvqqizx7bhxkhq57h1p8rl4zg-set-environment.drv
machine #   /nix/store/nkxvqw1fwf6h5yansiqinbwnndg78hdd-issue.drv
machine #   /nix/store/npsd2b3mr36sdzrz8lfmxwyw1kry06wn-usermod.pam.drv
machine #   /nix/store/p37m9bi8195m82a2w4cj1x7qfz4p8n28-etc-fstab.drv
machine #   /nix/store/pa75jjlqz680flhfqxd5hjxgc46bncgs-sudo.pam.drv
machine #   /nix/store/q8vw4v7q85i73fmdlz335zm1394f1kzv-passwd.pam.drv
machine #   /nix/store/qczfxbqa1c1k7wnwdz3asrgci505qlg8-etc-coredump.conf.drv
