building '/nix/store/9axgacds4svkcb0r0gbszx47dln8fxya-nixos-test-driver-installer-btrfsSubvolEscape.drv'...
     1  # This file contains type hints that can be prepended to Nix test scripts so they can be type
     2  # checked.
     3  
     4  from test_driver.driver import Driver
     5  from test_driver.vlan import VLan
     6  from test_driver.machine import Machine
     7  from test_driver.logger import Logger
     8  from typing import Callable, Iterator, ContextManager, Optional, List, Dict, Any, Union
     9  from typing_extensions import Protocol
    10  from pathlib import Path
    11  
    12  
    13  class RetryProtocol(Protocol):
    14      def __call__(self, fn: Callable, timeout: int = 900) -> None:
    15          raise Exception("This is just type information for the Nix test driver")
    16  
    17  
    18  class PollingConditionProtocol(Protocol):
    19      def __call__(
    20          self,
    21          fun_: Optional[Callable] = None,
    22          *,
    23          seconds_interval: float = 2.0,
    24          description: Optional[str] = None,
    25      ) -> Union[Callable[[Callable], ContextManager], ContextManager]:
    26          raise Exception("This is just type information for the Nix test driver")
    27  
    28  
    29  start_all: Callable[[], None]
    30  subtest: Callable[[str], ContextManager[None]]
    31  retry: RetryProtocol
    32  test_script: Callable[[], None]
    33  machines: List[Machine]
    34  vlans: List[VLan]
    35  driver: Driver
    36  log: Logger
    37  create_machine: Callable[[Dict[str, Any]], Machine]
    38  run_tests: Callable[[], None]
    39  join_all: Callable[[], None]
    40  serial_stdout_off: Callable[[], None]
    41  serial_stdout_on: Callable[[], None]
    42  polling_condition: PollingConditionProtocol
    43  machine: Machine;
    44  
    45  def assemble_qemu_flags():
    46      flags = "-cpu max"
    47      flags += " -m 1024"
    48      return flags
    49  
    50  
    51  qemu_flags = {"qemuFlags": assemble_qemu_flags()}
    52  
    53  hd_flags = {
    54      "hdaInterface": "virtio",
    55      "hda": "vm-state-machine/machine.qcow2",
    56  }
    57  
    58  default_flags = {**hd_flags, **qemu_flags}
    59  
    60  
    61  def create_machine_named(name):
    62      return create_machine({**default_flags, "name": name})
    63  
    64  
    65  machine.start()
    66  
    67  with subtest("Assert readiness of login prompt"):
    68      machine.succeed("echo hello")
    69  
    70  with subtest("Wait for hard disks to appear in /dev"):
    71      machine.succeed("udevadm settle")
    72  
    73  machine.succeed(
    74      "sgdisk -Z /dev/vda",
    75      "sgdisk -n 1:0:+1M -n 2:0:+1G -N 3 -t 1:ef02 -t 2:8200 -t 3:8300 -c 3:root /dev/vda",
    76      "mkswap /dev/vda2 -L swap",
    77      "swapon -L swap",
    78      "mkfs.btrfs -L root /dev/vda3",
    79      "btrfs device scan",
    80      "mount LABEL=root /mnt",
    81      "btrfs subvol create '/mnt/nixos in space'",
    82      "btrfs subvol create /mnt/boot",
    83      "umount /mnt",
    84      "mount -o 'defaults,subvol=nixos in space' LABEL=root /mnt",
    85      "mkdir /mnt/boot",
    86      "mount -o defaults,subvol=boot LABEL=root /mnt/boot",
    87  )
    88  
    89  
    90  with subtest("Create the NixOS configuration"):
    91      machine.succeed("nixos-generate-config --root /mnt")
    92      machine.succeed("cat /mnt/etc/nixos/hardware-configuration.nix >&2")
    93      machine.copy_from_host(
    94          "/nix/store/p0wcah8mscf24p5rjbxn1dw1hp56fidk-configuration.nix",
    95          "/mnt/etc/nixos/configuration.nix",
    96      )
    97      machine.copy_from_host("/nix/store/kfx27q2scxy6aqrg0z7jsqz13bv22x27-secret", "/mnt/etc/nixos/secret")
    98  
    99  with subtest("Perform the installation"):
   100      machine.succeed("nixos-install < /dev/null >&2")
   101  
   102  with subtest("Do it again to make sure it's idempotent"):
   103      machine.succeed("nixos-install < /dev/null >&2")
   104  
   105  with subtest("Check that we can build things in nixos-enter"):
   106      machine.succeed(
   107          """
   108          nixos-enter -- nix-build --option substitute false -E 'derivation {
   109              name = "t";
   110              builder = "/bin/sh";
   111              args = ["-c" "echo nixos-enter build > $out"];
   112              system = builtins.currentSystem;
   113              preferLocalBuild = true;
   114          }'
   115          """
   116      )
   117  
   118  with subtest("Shutdown system after installation"):
   119      machine.succeed("umount -R /mnt")
   120      machine.succeed("sync")
   121      machine.shutdown()
   122  
   123  # Now see if we can boot the installation.
   124  machine = create_machine_named("boot-after-install")
   125  
   126  # For example to enter LUKS passphrase.
   127  
   128  
   129  with subtest("Assert that /boot get mounted"):
   130      machine.wait_for_unit("local-fs.target")
   131      machine.succeed("test -e /boot/grub")
   132  
   133  with subtest("Check whether /root has correct permissions"):
   134      assert "700" in machine.succeed("stat -c '%a' /root")
   135  
   136  with subtest("Assert swap device got activated"):
   137      # uncomment once https://bugs.freedesktop.org/show_bug.cgi?id=86930 is resolved
   138      machine.wait_for_unit("swap.target")
   139      machine.succeed("cat /proc/swaps | grep -q /dev")
   140  
   141  with subtest("Check that the store is in good shape"):
   142      machine.succeed("nix-store --verify --check-contents >&2")
   143  
   144  with subtest("Check whether the channel works"):
   145      machine.succeed("nix-env -iA nixos.procps >&2")
   146      assert ".nix-profile" in machine.succeed("type -tP ps | tee /dev/stderr")
   147  
   148  with subtest(
   149      "Check that the daemon works, and that non-root users can run builds "
   150      "(this will build a new profile generation through the daemon)"
   151  ):
   152      machine.succeed("su alice -l -c 'nix-env -iA nixos.procps' >&2")
   153  
   154  with subtest("Configure system with writable Nix store on next boot"):
   155      # we're not using copy_from_host here because the installer image
   156      # doesn't know about the host-guest sharing mechanism.
   157      machine.copy_from_host_via_shell(
   158          "/nix/store/32i5r5ijwl110ap2600qvb9vpqmv8air-configuration.nix",
   159          "/etc/nixos/configuration.nix",
   160      )
   161  
   162  with subtest("Check whether nixos-rebuild works"):
   163      machine.succeed("nixos-rebuild switch >&2")
   164  
   165  # FIXME: Nix 2.4 broke nixos-option, someone has to fix it.
   166  # with subtest("Test nixos-option"):
   167  #     kernel_modules = machine.succeed("nixos-option boot.initrd.kernelModules")
   168  #     assert "virtio_console" in kernel_modules
   169  #     assert "List of modules" in kernel_modules
   170  #     assert "qemu-guest.nix" in kernel_modules
   171  
   172  machine.shutdown()
   173  
   174  # Check whether a writable store build works
   175  machine = create_machine_named("rebuild-switch")
   176  
   177  machine.wait_for_unit("multi-user.target")
   178  
   179  # we're not using copy_from_host here because the installer image
   180  # doesn't know about the host-guest sharing mechanism.
   181  machine.copy_from_host_via_shell(
   182      "/nix/store/4wzp7qxzglhnmw5ncnja64ak5b452jpi-configuration.nix",
   183      "/etc/nixos/configuration.nix",
   184  )
   185  machine.succeed("nixos-rebuild boot >&2")
   186  machine.shutdown()
   187  
   188  # And just to be sure, check that the machine still boots after
   189  # "nixos-rebuild switch".
   190  machine = create_machine_named("boot-after-rebuild-switch")
   191  
   192  machine.wait_for_unit("network.target")
   193  
   194  machine.shutdown()
   195  
   196  # Tests for validating clone configuration entries in grub menu
Success: no issues found in 1 source file
start all VLans
(finished: start all VLans, in 0.00 seconds)
additionally exposed symbols:
    ,
    ,
    start_all, test_script, machines, vlans, driver, log, os, create_machine, subtest, run_tests, join_all, retry, serial_stdout_off, serial_stdout_on, polling_condition, Machine
building '/nix/store/35k7mrsa3vw6d1i6yhd9x1y7jfh012hm-vm-test-run-installer-btrfsSubvolEscape.drv'...
Machine state will be reset. To keep it, pass --keep-vm-state
start all VLans
(finished: start all VLans, in 0.00 seconds)
run the VM test script
additionally exposed symbols:
    machine,
    ,
    start_all, test_script, machines, vlans, driver, log, os, create_machine, subtest, run_tests, join_all, retry, serial_stdout_off, serial_stdout_on, polling_condition, Machine
machine: starting vm
machine # Formatting '/build/vm-state-machine/machine.qcow2', fmt=qcow2 cluster_size=65536 extended_l2=off compression_type=zlib size=17179869184 lazy_refcounts=off refcount_bits=16
machine # Formatting 'empty0.qcow2', fmt=qcow2 cluster_size=65536 extended_l2=off compression_type=zlib size=1073741824 lazy_refcounts=off refcount_bits=16
machine: QEMU running (pid 7)
subtest: Assert readiness of login prompt
machine: must succeed: echo hello
machine: waiting for the VM to finish booting
machine # cSeaBIOS (version rel-1.16.1-0-g3208b098f51a-prebuilt.qemu.org)
machine # 
machine # 
machine # iPXE (http://ipxe.org) 00:03.0 CA00 PCI2.10 PnP PMM+5EFD0C20+5EF30C20 CA00
machine # Press Ctrl-B to configure iPXE (PCI 00:03.0)...
machine # 
machine # 
machine # Booting from ROM...
machine # Probing EDD (edd=off to disable)... ok
machine # c[    0.000000] Linux version 6.1.15 (nixbld@localhost) (gcc (GCC) 12.2.0, GNU ld (GNU Binutils) 2.40) #1-NixOS SMP PREEMPT_DYNAMIC Fri Mar  3 10:52:25 UTC 2023
machine # [    0.000000] Command line: console=ttyS0 panic=1 boot.panic_on_fail clock=acpi_pm nohibernate loglevel=7 net.ifnames=0 init=/nix/store/bqdnkfah42h34a93ncdabjdd851qbs9j-nixos-system-machine-23.05pre-git/init regInfo=/nix/store/dn1bcf3cl3y5zxaim96nqa3pmksd0glp-closure-info/registration console=ttyS0
machine # [    0.000000] x86/fpu: Supporting XSAVE feature 0x001: 'x87 floating point registers'
machine # [    0.000000] x86/fpu: Supporting XSAVE feature 0x002: 'SSE registers'
machine # [    0.000000] x86/fpu: Supporting XSAVE feature 0x004: 'AVX registers'
machine # [    0.000000] x86/fpu: Supporting XSAVE feature 0x008: 'MPX bounds registers'
machine # [    0.000000] x86/fpu: Supporting XSAVE feature 0x010: 'MPX CSR'
machine # [    0.000000] x86/fpu: Supporting XSAVE feature 0x020: 'AVX-512 opmask'
machine # [    0.000000] x86/fpu: Supporting XSAVE feature 0x040: 'AVX-512 Hi256'
machine # [    0.000000] x86/fpu: Supporting XSAVE feature 0x080: 'AVX-512 ZMM_Hi256'
machine # [    0.000000] x86/fpu: xstate_offset[2]:  576, xstate_sizes[2]:  256
machine # [    0.000000] x86/fpu: xstate_offset[3]:  832, xstate_sizes[3]:   64
machine # [    0.000000] x86/fpu: xstate_offset[4]:  896, xstate_sizes[4]:   64
machine # [    0.000000] x86/fpu: xstate_offset[5]:  960, xstate_sizes[5]:   64
machine # [    0.000000] x86/fpu: xstate_offset[6]: 1024, xstate_sizes[6]:  512
machine # [    0.000000] x86/fpu: xstate_offset[7]: 1536, xstate_sizes[7]: 1024
machine # [    0.000000] x86/fpu: Enabled xstate features 0xff, context size is 2560 bytes, using 'compacted' format.
machine # [    0.000000] signal: max sigframe size: 3632
machine # [    0.000000] BIOS-provided physical RAM map:
machine # [    0.000000] BIOS-e820: [mem 0x0000000000000000-0x000000000009fbff] usable
machine # [    0.000000] BIOS-e820: [mem 0x000000000009fc00-0x000000000009ffff] reserved
machine # [    0.000000] BIOS-e820: [mem 0x00000000000f0000-0x00000000000fffff] reserved
machine # [    0.000000] BIOS-e820: [mem 0x0000000000100000-0x000000005ffd7fff] usable
machine # [    0.000000] BIOS-e820: [mem 0x000000005ffd8000-0x000000005fffffff] reserved
machine # [    0.000000] BIOS-e820: [mem 0x00000000feffc000-0x00000000feffffff] reserved
machine # [    0.000000] BIOS-e820: [mem 0x00000000fffc0000-0x00000000ffffffff] reserved
machine # [    0.000000] random: crng init done
machine # [    0.000000] NX (Execute Disable) protection: active
machine # [    0.000000] extended physical RAM map:
machine # [    0.000000] reserve setup_data: [mem 0x0000000000000000-0x000000000009fbff] usable
machine # [    0.000000] reserve setup_data: [mem 0x000000000009fc00-0x000000000009ffff] reserved
machine # [    0.000000] reserve setup_data: [mem 0x00000000000f0000-0x00000000000fffff] reserved
machine # [    0.000000] reserve setup_data: [mem 0x0000000000100000-0x00000000009379bf] usable
machine # [    0.000000] reserve setup_data: [mem 0x00000000009379c0-0x00000000009379cf] usable
machine # [    0.000000] reserve setup_data: [mem 0x00000000009379d0-0x000000005ffd7fff] usable
machine # [    0.000000] reserve setup_data: [mem 0x000000005ffd8000-0x000000005fffffff] reserved
machine # [    0.000000] reserve setup_data: [mem 0x00000000feffc000-0x00000000feffffff] reserved
machine # [    0.000000] reserve setup_data: [mem 0x00000000fffc0000-0x00000000ffffffff] reserved
machine # [    0.000000] SMBIOS 2.8 present.
machine # [    0.000000] DMI: QEMU Standard PC (i440FX + PIIX, 1996), BIOS rel-1.16.1-0-g3208b098f51a-prebuilt.qemu.org 04/01/2014
machine # [    0.000000] Hypervisor detected: KVM
machine # [    0.000000] kvm-clock: Using msrs 4b564d01 and 4b564d00
machine # [    0.000001] kvm-clock: using sched offset of 548723394 cycles
machine # [    0.000003] clocksource: kvm-clock: mask: 0xffffffffffffffff max_cycles: 0x1cd42e4dffb, max_idle_ns: 881590591483 ns
machine # [    0.000009] tsc: Detected 3311.998 MHz processor
machine # [    0.000628] last_pfn = 0x5ffd8 max_arch_pfn = 0x400000000
machine # [    0.001060] x86/PAT: Configuration [0-7]: WB  WC  UC- UC  WB  WP  UC- WT
machine # [    0.007773] found SMP MP-table at [mem 0x000f5bb0-0x000f5bbf]
machine # [    0.008243] Using GB pages for direct mapping
machine # [    0.008637] RAMDISK: [mem 0x5f33f000-0x5ffcffff]
machine # [    0.008702] ACPI: Early table checksum verification disabled
machine # [    0.008741] ACPI: RSDP 0x00000000000F59D0 000014 (v00 BOCHS )
machine # [    0.008764] ACPI: RSDT 0x000000005FFE1D56 000034 (v01 BOCHS  BXPC     00000001 BXPC 00000001)
machine # [    0.008774] ACPI: FACP 0x000000005FFE1BD2 000074 (v01 BOCHS  BXPC     00000001 BXPC 00000001)
machine # [    0.008778] ACPI: DSDT 0x000000005FFE0040 001B92 (v01 BOCHS  BXPC     00000001 BXPC 00000001)
machine # [    0.008781] ACPI: FACS 0x000000005FFE0000 000040
machine # [    0.008784] ACPI: APIC 0x000000005FFE1C46 0000B0 (v01 BOCHS  BXPC     00000001 BXPC 00000001)
machine # [    0.008786] ACPI: HPET 0x000000005FFE1CF6 000038 (v01 BOCHS  BXPC     00000001 BXPC 00000001)
machine # [    0.008789] ACPI: WAET 0x000000005FFE1D2E 000028 (v01 BOCHS  BXPC     00000001 BXPC 00000001)
machine # [    0.008791] ACPI: Reserving FACP table memory at [mem 0x5ffe1bd2-0x5ffe1c45]
machine # [    0.008792] ACPI: Reserving DSDT table memory at [mem 0x5ffe0040-0x5ffe1bd1]
machine # [    0.008792] ACPI: Reserving FACS table memory at [mem 0x5ffe0000-0x5ffe003f]
machine # [    0.008793] ACPI: Reserving APIC table memory at [mem 0x5ffe1c46-0x5ffe1cf5]
machine # [    0.008793] ACPI: Reserving HPET table memory at [mem 0x5ffe1cf6-0x5ffe1d2d]
machine # [    0.008794] ACPI: Reserving WAET table memory at [mem 0x5ffe1d2e-0x5ffe1d55]
machine # [    0.010597] No NUMA configuration found
machine # [    0.010597] Faking a node at [mem 0x0000000000000000-0x000000005ffd7fff]
machine # [    0.010602] NODE_DATA(0) allocated [mem 0x5ffd2000-0x5ffd7fff]
machine # [    0.010637] Zone ranges:
machine # [    0.010637]   DMA      [mem 0x0000000000001000-0x0000000000ffffff]
machine # [    0.010638]   DMA32    [mem 0x0000000001000000-0x000000005ffd7fff]
machine # [    0.010639]   Normal   empty
machine # [    0.010640]   Device   empty
machine # [    0.010641] Movable zone start for each node
machine # [    0.010641] Early memory node ranges
machine # [    0.010642]   node   0: [mem 0x0000000000001000-0x000000000009efff]
machine # [    0.010644]   node   0: [mem 0x0000000000100000-0x000000005ffd7fff]
machine # [    0.010647] Initmem setup node 0 [mem 0x0000000000001000-0x000000005ffd7fff]
machine # [    0.010812] On node 0, zone DMA: 1 pages in unavailable ranges
machine # [    0.010826] On node 0, zone DMA: 97 pages in unavailable ranges
machine # [    0.013362] On node 0, zone DMA32: 40 pages in unavailable ranges
machine # [    0.017278] ACPI: PM-Timer IO Port: 0x608
machine # [    0.017316] ACPI: LAPIC_NMI (acpi_id[0xff] dfl dfl lint[0x1])
machine # [    0.017502] IOAPIC[0]: apic_id 0, version 17, address 0xfec00000, GSI 0-23
machine # [    0.017505] ACPI: INT_SRC_OVR (bus 0 bus_irq 0 global_irq 2 dfl dfl)
machine # [    0.017506] ACPI: INT_SRC_OVR (bus 0 bus_irq 5 global_irq 5 high level)
machine # [    0.017507] ACPI: INT_SRC_OVR (bus 0 bus_irq 9 global_irq 9 high level)
machine # [    0.017511] ACPI: INT_SRC_OVR (bus 0 bus_irq 10 global_irq 10 high level)
machine # [    0.017511] ACPI: INT_SRC_OVR (bus 0 bus_irq 11 global_irq 11 high level)
machine # [    0.017515] ACPI: Using ACPI (MADT) for SMP configuration information
machine # [    0.017516] ACPI: HPET id: 0x8086a201 base: 0xfed00000
machine # [    0.017522] TSC deadline timer available
machine # [    0.017523] smpboot: Allowing 8 CPUs, 0 hotplug CPUs
machine # [    0.017656] kvm-guest: KVM setup pv remote TLB flush
machine # [    0.017690] kvm-guest: setup PV sched yield
machine # [    0.017712] PM: hibernation: Registered nosave memory: [mem 0x00000000-0x00000fff]
machine # [    0.017714] PM: hibernation: Registered nosave memory: [mem 0x0009f000-0x0009ffff]
machine # [    0.017714] PM: hibernation: Registered nosave memory: [mem 0x000a0000-0x000effff]
machine # [    0.017715] PM: hibernation: Registered nosave memory: [mem 0x000f0000-0x000fffff]
machine # [    0.017716] PM: hibernation: Registered nosave memory: [mem 0x00937000-0x00937fff]
machine # [    0.017716] PM: hibernation: Registered nosave memory: [mem 0x00937000-0x00937fff]
machine # [    0.017718] [mem 0x60000000-0xfeffbfff] available for PCI devices
machine # [    0.017719] Booting paravirtualized kernel on KVM
machine # [    0.017731] clocksource: refined-jiffies: mask: 0xffffffff max_cycles: 0xffffffff, max_idle_ns: 1910969940391419 ns
machine # [    0.020460] setup_percpu: NR_CPUS:384 nr_cpumask_bits:8 nr_cpu_ids:8 nr_node_ids:1
machine # [    0.020978] percpu: Embedded 61 pages/cpu s212992 r8192 d28672 u262144
machine # [    0.021113] kvm-guest: PV spinlocks enabled
machine # [    0.021114] PV qspinlock hash table entries: 256 (order: 0, 4096 bytes, linear)
machine # [    0.021125] Fallback order for Node 0: 0
machine # [    0.021129] Built 1 zonelists, mobility grouping on.  Total pages: 386775
machine # [    0.021131] Policy zone: DMA32
machine # [    0.021132] Kernel command line: console=ttyS0 panic=1 boot.panic_on_fail clock=acpi_pm nohibernate loglevel=7 net.ifnames=0 init=/nix/store/bqdnkfah42h34a93ncdabjdd851qbs9j-nixos-system-machine-23.05pre-git/init regInfo=/nix/store/dn1bcf3cl3y5zxaim96nqa3pmksd0glp-closure-info/registration console=ttyS0
machine # [    0.021177] clocksource: clock= boot option is deprecated - use clocksource=xyz
machine # [    0.021209] Unknown kernel command line parameters "regInfo=/nix/store/dn1bcf3cl3y5zxaim96nqa3pmksd0glp-closure-info/registration", will be passed to user space.
machine # [    0.021431] Dentry cache hash table entries: 262144 (order: 9, 2097152 bytes, linear)
machine # [    0.021473] Inode-cache hash table entries: 131072 (order: 8, 1048576 bytes, linear)
machine # [    0.021700] mem auto-init: stack:all(zero), heap alloc:off, heap free:off
machine # [    0.023859] Memory: 1493988K/1572312K available (12294K kernel code, 2307K rwdata, 7532K rodata, 1876K init, 4344K bss, 78064K reserved, 0K cma-reserved)
machine # [    0.023968] SLUB: HWalign=64, Order=0-3, MinObjects=0, CPUs=8, Nodes=1
machine # [    0.023978] Kernel/User page tables isolation: enabled
machine # [    0.023998] ftrace: allocating 37041 entries in 145 pages
machine # [    0.032529] ftrace: allocated 145 pages with 3 groups
machine # [    0.033096] Dynamic Preempt: voluntary
machine # [    0.033257] rcu: Preemptible hierarchical RCU implementation.
machine # [    0.033258] rcu:   RCU event tracing is enabled.
machine # [    0.033258] rcu:   RCU restricting CPUs from NR_CPUS=384 to nr_cpu_ids=8.
machine # [    0.033259]        Trampoline variant of Tasks RCU enabled.
machine # [    0.033260]        Rude variant of Tasks RCU enabled.
machine # [    0.033260]        Tracing variant of Tasks RCU enabled.
machine # [    0.033261] rcu: RCU calculated value of scheduler-enlistment delay is 100 jiffies.
machine # [    0.033262] rcu: Adjusting geometry for rcu_fanout_leaf=16, nr_cpu_ids=8
machine # [    0.035988] NR_IRQS: 24832, nr_irqs: 488, preallocated irqs: 16
machine # [    0.036304] rcu: srcu_init: Setting srcu_struct sizes based on contention.
machine # [    0.067204] Console: colour VGA+ 80x25
machine # [    0.643226] printk: console [ttyS0] enabled
machine # [    0.646003] ACPI: Core revision 20220331
machine # [    0.649179] clocksource: hpet: mask: 0xffffffff max_cycles: 0xffffffff, max_idle_ns: 19112604467 ns
machine # [    0.655424] APIC: Switch to symmetric I/O mode setup
machine # [    0.660724] x2apic enabled
machine # [    0.664608] Switched APIC routing to physical x2apic.
machine # [    0.668078] kvm-guest: setup PV IPIs
machine # [    0.678152] ..TIMER: vector=0x30 apic1=0 pin1=2 apic2=-1 pin2=-1
machine # [    0.682178] clocksource: tsc-early: mask: 0xffffffffffffffff max_cycles: 0x2fbd924e8de, max_idle_ns: 440795321919 ns
machine # [    0.688944] Calibrating delay loop (skipped) preset value.. 6623.99 BogoMIPS (lpj=3311998)
machine # [    0.689942] pid_max: default: 32768 minimum: 301
machine # [    0.691964] LSM: Security Framework initializing
machine # [    0.692950] landlock: Up and running.
machine # [    0.693942] Yama: becoming mindful.
machine # [    0.694947] SELinux:  Initializing.
machine # [    0.695953] LSM support for eBPF active
machine # [    0.697111] Mount-cache hash table entries: 4096 (order: 3, 32768 bytes, linear)
machine # [    0.697944] Mountpoint-cache hash table entries: 4096 (order: 3, 32768 bytes, linear)
machine # [    0.701940] x86/cpu: User Mode Instruction Prevention (UMIP) activated
machine # [    0.704254] Last level iTLB entries: 4KB 0, 2MB 0, 4MB 0
machine # [    0.704942] Last level dTLB entries: 4KB 0, 2MB 0, 4MB 0, 1GB 0
machine # [    0.705986] Spectre V1 : Mitigation: usercopy/swapgs barriers and __user pointer sanitization
machine # [    0.706959] Spectre V2 : Mitigation: IBRS
machine # [    0.707942] Spectre V2 : Spectre v2 / SpectreRSB mitigation: Filling RSB on context switch
machine # [    0.708942] Spectre V2 : Spectre v2 / SpectreRSB : Filling RSB on VMEXIT
machine # [    0.709942] RETBleed: Mitigation: IBRS
machine # [    0.710946] Spectre V2 : mitigation: Enabling conditional Indirect Branch Prediction Barrier
machine # [    0.711942] Speculative Store Bypass: Mitigation: Speculative Store Bypass disabled via prctl
machine # [    0.712979] MDS: Mitigation: Clear CPU buffers
machine # [    0.713942] TAA: Mitigation: Clear CPU buffers
machine # [    0.714942] MMIO Stale Data: Vulnerable: Clear CPU buffers attempted, no microcode
machine # [    0.732699] Freeing SMP alternatives memory: 32K
machine # [    0.733355] smpboot: CPU0: Intel(R) Core(TM) i9-9940X CPU @ 3.30GHz (family: 0x6, model: 0x55, stepping: 0x4)
machine # [    0.734055] cblist_init_generic: Setting adjustable number of callback queues.
machine # [    0.734954] cblist_init_generic: Setting shift to 3 and lim to 1.
machine # [    0.735970] cblist_init_generic: Setting shift to 3 and lim to 1.
machine # [    0.736970] cblist_init_generic: Setting shift to 3 and lim to 1.
machine # [    0.737967] Performance Events: Skylake events, full-width counters, Intel PMU driver.
machine # [    0.738969] ... version:                2
machine # [    0.739954] ... bit width:              48
machine # [    0.740954] ... generic registers:      4
machine # [    0.741954] ... value mask:             0000ffffffffffff
machine # [    0.742954] ... max period:             00007fffffffffff
machine # [    0.743954] ... fixed-purpose events:   3
machine # [    0.744954] ... event mask:             000000070000000f
machine # [    0.746271] rcu: Hierarchical SRCU implementation.
machine # [    0.746955] rcu:   Max phase no-delay instances is 400.
machine # [    0.748317] smp: Bringing up secondary CPUs ...
machine # [    0.749191] x86: Booting SMP configuration:
machine # [    0.749956] .... node  #0, CPUs:      #1 #2 #3 #4 #5 #6 #7
machine # [    0.775063] smp: Brought up 1 node, 8 CPUs
machine # [    0.776955] smpboot: Max logical packages: 1
machine # [    0.777955] smpboot: Total of 8 processors activated (52991.96 BogoMIPS)
machine # [    0.780315] devtmpfs: initialized
machine # [    0.780997] x86/mm: Memory block size: 128MB
machine # [    0.782222] clocksource: jiffies: mask: 0xffffffff max_cycles: 0xffffffff, max_idle_ns: 1911260446275000 ns
machine # [    0.782962] futex hash table entries: 2048 (order: 5, 131072 bytes, linear)
machine # [    0.784034] pinctrl core: initialized pinctrl subsystem
machine # [    0.785815] NET: Registered PF_NETLINK/PF_ROUTE protocol family
machine # [    0.786045] DMA: preallocated 256 KiB GFP_KERNEL pool for atomic allocations
machine # [    0.786964] DMA: preallocated 256 KiB GFP_KERNEL|GFP_DMA pool for atomic allocations
machine # [    0.787957] DMA: preallocated 256 KiB GFP_KERNEL|GFP_DMA32 pool for atomic allocations
machine # [    0.788963] audit: initializing netlink subsys (disabled)
machine # [    0.789977] audit: type=2000 audit(1678258786.213:1): state=initialized audit_enabled=0 res=1
machine # [    0.790041] thermal_sys: Registered thermal governor 'bang_bang'
machine # [    0.790956] thermal_sys: Registered thermal governor 'step_wise'
machine # [    0.791955] thermal_sys: Registered thermal governor 'user_space'
machine # [    0.792985] cpuidle: using governor menu
machine # [    0.795322] acpiphp: ACPI Hot Plug PCI Controller Driver version: 0.5
machine # [    0.796413] PCI: Using configuration type 1 for base access
machine # [    0.797986] kprobes: kprobe jump-optimization is enabled. All kprobes are optimized if possible.
machine # [    0.800002] HugeTLB: registered 1.00 GiB page size, pre-allocated 0 pages
machine # [    0.803975] HugeTLB: 16380 KiB vmemmap can be freed for a 1.00 GiB page
machine # [    0.808956] HugeTLB: registered 2.00 MiB page size, pre-allocated 0 pages
machine # [    0.812954] HugeTLB: 28 KiB vmemmap can be freed for a 2.00 MiB page
machine # [    0.818013] ACPI: Added _OSI(Module Device)
machine # [    0.818956] ACPI: Added _OSI(Processor Device)
machine # [    0.819955] ACPI: Added _OSI(3.0 _SCP Extensions)
machine # [    0.820955] ACPI: Added _OSI(Processor Aggregator Device)
machine # [    0.822566] ACPI: 1 ACPI AML tables successfully acquired and loaded
machine # [    0.825103] ACPI: Interpreter enabled
machine # [    0.825968] ACPI: PM: (supports S0 S3 S4 S5)
machine # [    0.826955] ACPI: Using IOAPIC for interrupt routing
machine # [    0.827965] PCI: Using host bridge windows from ACPI; if necessary, use "pci=nocrs" and report a bug
machine # [    0.828954] PCI: Using E820 reservations for host bridge windows
machine # [    0.830147] ACPI: Enabled 2 GPEs in block 00 to 0F
machine # [    0.834491] ACPI: PCI Root Bridge [PCI0] (domain 0000 [bus 00-ff])
machine # [    0.834959] acpi PNP0A03:00: _OSC: OS supports [ASPM ClockPM Segments MSI HPX-Type3]
machine # [    0.835955] acpi PNP0A03:00: _OSC: not requesting OS control; OS requires [ExtendedConfig ASPM ClockPM MSI]
machine # [    0.836977] acpi PNP0A03:00: fail to add MMCONFIG information, can't access extended PCI configuration space under this bridge.
machine # [    0.838292] acpiphp: Slot [3] registered
machine # [    0.839036] acpiphp: Slot [4] registered
machine # [    0.840032] acpiphp: Slot [5] registered
machine # [    0.841018] acpiphp: Slot [6] registered
machine # [    0.842031] acpiphp: Slot [7] registered
machine # [    0.843028] acpiphp: Slot [8] registered
machine # [    0.844015] acpiphp: Slot [9] registered
machine # [    0.845015] acpiphp: Slot [10] registered
machine # [    0.846016] acpiphp: Slot [11] registered
machine # [    0.847016] acpiphp: Slot [12] registered
machine # [    0.848017] acpiphp: Slot [13] registered
machine # [    0.849015] acpiphp: Slot [14] registered
machine # [    0.850015] acpiphp: Slot [15] registered
machine # [    0.851016] acpiphp: Slot [16] registered
machine # [    0.852027] acpiphp: Slot [17] registered
machine # [    0.853023] acpiphp: Slot [18] registered
machine # [    0.854014] acpiphp: Slot [19] registered
machine # [    0.855016] acpiphp: Slot [20] registered
machine # [    0.856016] acpiphp: Slot [21] registered
machine # [    0.857018] acpiphp: Slot [22] registered
machine # [    0.858032] acpiphp: Slot [23] registered
machine # [    0.859017] acpiphp: Slot [24] registered
machine # [    0.860016] acpiphp: Slot [25] registered
machine # [    0.861025] acpiphp: Slot [26] registered
machine # [    0.862025] acpiphp: Slot [27] registered
machine # [    0.863020] acpiphp: Slot [28] registered
machine # [    0.864015] acpiphp: Slot [29] registered
machine # [    0.865015] acpiphp: Slot [30] registered
machine # [    0.866016] acpiphp: Slot [31] registered
machine # [    0.867009] PCI host bridge to bus 0000:00
machine # [    0.867955] pci_bus 0000:00: root bus resource [io  0x0000-0x0cf7 window]
machine # [    0.868973] pci_bus 0000:00: root bus resource [io  0x0d00-0xffff window]
machine # [    0.869955] pci_bus 0000:00: root bus resource [mem 0x000a0000-0x000bffff window]
machine # [    0.870955] pci_bus 0000:00: root bus resource [mem 0x60000000-0xfebfffff window]
machine # [    0.871954] pci_bus 0000:00: root bus resource [mem 0x100000000-0x17fffffff window]
machine # [    0.872955] pci_bus 0000:00: root bus resource [bus 00-ff]
machine # [    0.874189] pci 0000:00:00.0: [8086:1237] type 00 class 0x060000
machine # [    0.878052] pci 0000:00:01.0: [8086:7000] type 00 class 0x060100
machine # [    0.883006] pci 0000:00:01.1: [8086:7010] type 00 class 0x010180
machine # [    0.888229] pci 0000:00:01.1: reg 0x20: [io  0xc240-0xc24f]
machine # [    0.890956] pci 0000:00:01.1: legacy IDE quirk: reg 0x10: [io  0x01f0-0x01f7]
machine # [    0.891955] pci 0000:00:01.1: legacy IDE quirk: reg 0x14: [io  0x03f6]
machine # [    0.892955] pci 0000:00:01.1: legacy IDE quirk: reg 0x18: [io  0x0170-0x0177]
machine # [    0.893954] pci 0000:00:01.1: legacy IDE quirk: reg 0x1c: [io  0x0376]
machine # [    0.895659] pci 0000:00:01.2: [8086:7020] type 00 class 0x0c0300
machine # [    0.899798] pci 0000:00:01.2: reg 0x20: [io  0xc180-0xc19f]
machine # [    0.902007] pci 0000:00:01.3: [8086:7113] type 00 class 0x068000
machine # [    0.905918] pci 0000:00:01.3: quirk: [io  0x0600-0x063f] claimed by PIIX4 ACPI
machine # [    0.906004] pci 0000:00:01.3: quirk: [io  0x0700-0x070f] claimed by PIIX4 SMB
machine # [    0.908131] pci 0000:00:02.0: [1234:1111] type 00 class 0x030000
machine # [    0.910940] pci 0000:00:02.0: reg 0x10: [mem 0xfd000000-0xfdffffff pref]
machine # [    0.913732] pci 0000:00:02.0: reg 0x18: [mem 0xfebd0000-0xfebd0fff]
machine # [    0.919007] pci 0000:00:02.0: reg 0x30: [mem 0xfebc0000-0xfebcffff pref]
machine # [    0.920307] pci 0000:00:02.0: Video device with shadowed ROM at [mem 0x000c0000-0x000dffff]
machine # [    0.923156] pci 0000:00:03.0: [1af4:1000] type 00 class 0x020000
machine # [    0.925417] pci 0000:00:03.0: reg 0x10: [io  0xc1a0-0xc1bf]
machine # [    0.926956] pci 0000:00:03.0: reg 0x14: [mem 0xfebd1000-0xfebd1fff]
machine # [    0.931957] pci 0000:00:03.0: reg 0x20: [mem 0xfe000000-0xfe003fff 64bit pref]
machine # [    0.933957] pci 0000:00:03.0: reg 0x30: [mem 0xfeb80000-0xfebbffff pref]
machine # [    0.939956] pci 0000:00:04.0: [1af4:1005] type 00 class 0x00ff00
machine # [    0.942408] pci 0000:00:04.0: reg 0x10: [io  0xc1c0-0xc1df]
machine # [    0.943956] pci 0000:00:04.0: reg 0x14: [mem 0xfebd2000-0xfebd2fff]
machine # [    0.948637] pci 0000:00:04.0: reg 0x20: [mem 0xfe004000-0xfe007fff 64bit pref]
machine # [    0.955269] pci 0000:00:05.0: [1af4:1009] type 00 class 0x000200
machine # [    0.957426] pci 0000:00:05.0: reg 0x10: [io  0xc100-0xc13f]
machine # [    0.958956] pci 0000:00:05.0: reg 0x14: [mem 0xfebd3000-0xfebd3fff]
machine # [    0.963780] pci 0000:00:05.0: reg 0x20: [mem 0xfe008000-0xfe00bfff 64bit pref]
machine # [    0.969860] pci 0000:00:06.0: [1af4:1009] type 00 class 0x000200
machine # [    0.971414] pci 0000:00:06.0: reg 0x10: [io  0xc1e0-0xc1ff]
machine # [    0.972974] pci 0000:00:06.0: reg 0x14: [mem 0xfebd4000-0xfebd4fff]
machine # [    0.976956] pci 0000:00:06.0: reg 0x20: [mem 0xfe00c000-0xfe00ffff 64bit pref]
machine # [    0.983810] pci 0000:00:07.0: [1af4:1009] type 00 class 0x000200
machine # [    0.985437] pci 0000:00:07.0: reg 0x10: [io  0xc200-0xc21f]
machine # [    0.986956] pci 0000:00:07.0: reg 0x14: [mem 0xfebd5000-0xfebd5fff]
machine # [    0.990956] pci 0000:00:07.0: reg 0x20: [mem 0xfe010000-0xfe013fff 64bit pref]
machine # [    0.997919] pci 0000:00:08.0: [1af4:1001] type 00 class 0x010000
machine # [    0.999611] pci 0000:00:08.0: reg 0x10: [io  0xc000-0xc07f]
machine # [    1.000957] pci 0000:00:08.0: reg 0x14: [mem 0xfebd6000-0xfebd6fff]
machine # [    1.005474] pci 0000:00:08.0: reg 0x20: [mem 0xfe014000-0xfe017fff 64bit pref]
machine # [    1.011811] pci 0000:00:09.0: [1af4:1001] type 00 class 0x010000
machine # [    1.013674] pci 0000:00:09.0: reg 0x10: [io  0xc080-0xc0ff]
machine # [    1.014957] pci 0000:00:09.0: reg 0x14: [mem 0xfebd7000-0xfebd7fff]
machine # [    1.018958] pci 0000:00:09.0: reg 0x20: [mem 0xfe018000-0xfe01bfff 64bit pref]
machine # [    1.025811] pci 0000:00:0a.0: [1af4:1052] type 00 class 0x090000
machine # [    1.027785] pci 0000:00:0a.0: reg 0x14: [mem 0xfebd8000-0xfebd8fff]
machine # [    1.030521] pci 0000:00:0a.0: reg 0x20: [mem 0xfe01c000-0xfe01ffff 64bit pref]
machine # [    1.036747] pci 0000:00:0b.0: [1af4:1003] type 00 class 0x078000
machine # [    1.038474] pci 0000:00:0b.0: reg 0x10: [io  0xc140-0xc17f]
machine # [    1.039956] pci 0000:00:0b.0: reg 0x14: [mem 0xfebd9000-0xfebd9fff]
machine # [    1.043956] pci 0000:00:0b.0: reg 0x20: [mem 0xfe020000-0xfe023fff 64bit pref]
machine # [    1.051550] pci 0000:00:0c.0: [1af4:1005] type 00 class 0x00ff00
machine # [    1.053468] pci 0000:00:0c.0: reg 0x10: [io  0xc220-0xc23f]
machine # [    1.054956] pci 0000:00:0c.0: reg 0x14: [mem 0xfebda000-0xfebdafff]
machine # [    1.058956] pci 0000:00:0c.0: reg 0x20: [mem 0xfe024000-0xfe027fff 64bit pref]
machine # [    1.066761] ACPI: PCI: Interrupt link LNKA configured for IRQ 10
machine # [    1.067284] ACPI: PCI: Interrupt link LNKB configured for IRQ 10
machine # [    1.068262] ACPI: PCI: Interrupt link LNKC configured for IRQ 11
machine # [    1.069249] ACPI: PCI: Interrupt link LNKD configured for IRQ 11
machine # [    1.070121] ACPI: PCI: Interrupt link LNKS configured for IRQ 9
machine # [    1.072036] iommu: Default domain type: Translated
machine # [    1.072955] iommu: DMA domain TLB invalidation policy: lazy mode
machine # [    1.074217] NetLabel: Initializing
machine # [    1.074955] NetLabel:  domain hash size = 128
machine # [    1.075955] NetLabel:  protocols = UNLABELED CIPSOv4 CALIPSO
machine # [    1.076973] NetLabel:  unlabeled traffic allowed by default
machine # [    1.077960] PCI: Using ACPI for IRQ routing
machine # [    1.080703] pci 0000:00:02.0: vgaarb: setting as boot VGA device
machine # [    1.080940] pci 0000:00:02.0: vgaarb: bridge control possible
machine # [    1.080940] pci 0000:00:02.0: vgaarb: VGA device added: decodes=io+mem,owns=io+mem,locks=none
machine # [    1.080957] vgaarb: loaded
machine # [    1.082265] hpet0: at MMIO 0xfed00000, IRQs 2, 8, 0
machine # [    1.082955] hpet0: 3 comparators, 64-bit 100.000000 MHz counter
machine # [    1.088181] clocksource: Switched to clocksource kvm-clock
machine # [    1.091940] VFS: Disk quotas dquot_6.6.0
machine # [    1.094726] VFS: Dquot-cache hash table entries: 512 (order 0, 4096 bytes)
machine # [    1.099519] pnp: PnP ACPI init
machine # [    1.102323] pnp: PnP ACPI: found 6 devices
machine # [    1.121813] clocksource: acpi_pm: mask: 0xffffff max_cycles: 0xffffff, max_idle_ns: 2085701024 ns
machine # [    1.128281] clocksource: Switched to clocksource acpi_pm
machine # [    1.132323] NET: Registered PF_INET protocol family
machine # [    1.136312] IP idents hash table entries: 32768 (order: 6, 262144 bytes, linear)
machine # [    1.142185] tcp_listen_portaddr_hash hash table entries: 1024 (order: 2, 16384 bytes, linear)
machine # [    1.148305] Table-perturb hash table entries: 65536 (order: 6, 262144 bytes, linear)
machine # [    1.153669] TCP established hash table entries: 16384 (order: 5, 131072 bytes, linear)
machine # [    1.159210] TCP bind hash table entries: 16384 (order: 7, 524288 bytes, linear)
machine # [    1.164458] TCP: Hash tables configured (established 16384 bind 16384)
machine # [    1.169326] MPTCP token hash table entries: 2048 (order: 3, 49152 bytes, linear)
machine # [    1.174515] UDP hash table entries: 1024 (order: 3, 32768 bytes, linear)
machine # [    1.179204] UDP-Lite hash table entries: 1024 (order: 3, 32768 bytes, linear)
machine # [    1.184190] NET: Registered PF_UNIX/PF_LOCAL protocol family
machine # [    1.188290] NET: Registered PF_XDP protocol family
machine # [    1.191860] pci_bus 0000:00: resource 4 [io  0x0000-0x0cf7 window]
machine # [    1.196315] pci_bus 0000:00: resource 5 [io  0x0d00-0xffff window]
machine # [    1.200709] pci_bus 0000:00: resource 6 [mem 0x000a0000-0x000bffff window]
machine # [    1.205493] pci_bus 0000:00: resource 7 [mem 0x60000000-0xfebfffff window]
machine # [    1.210376] pci_bus 0000:00: resource 8 [mem 0x100000000-0x17fffffff window]
machine # [    1.215378] pci 0000:00:01.0: PIIX3: Enabling Passive Release
machine # [    1.219640] pci 0000:00:00.0: Limiting direct PCI/PCI transfers
machine # [    1.246864] ACPI: \_SB_.LNKD: Enabled at IRQ 11
machine # [    1.273443] pci 0000:00:01.2: quirk_usb_early_handoff+0x0/0x750 took 48092 usecs
machine # [    1.279194] PCI: CLS 0 bytes, default 64
machine # [    1.282173] clocksource: tsc: mask: 0xffffffffffffffff max_cycles: 0x2fbd924e8de, max_idle_ns: 440795321919 ns
machine # [    1.282483] Trying to unpack rootfs image as initramfs...
machine # [    1.294522] Initialise system trusted keyrings
machine # [    1.298807] workingset: timestamp_bits=40 max_order=19 bucket_order=0
machine # [    1.305212] zbud: loaded
machine # [    1.309690] Key type asymmetric registered
machine # [    1.312757] Asymmetric key parser 'x509' registered
machine # [    1.358526] Freeing initrd memory: 12868K
machine # [    1.367190] alg: self-tests for CTR-KDF (hmac(sha256)) passed
machine # [    1.371433] Block layer SCSI generic (bsg) driver version 0.4 loaded (major 252)
machine # [    1.377391] io scheduler mq-deadline registered
machine # [    1.380890] io scheduler kyber registered
machine # [    1.387410] Serial: 8250/16550 driver, 4 ports, IRQ sharing enabled
machine # [    1.392736] 00:04: ttyS0 at I/O 0x3f8 (irq = 4, base_baud = 115200) is a 16550A
machine # [    1.405401] intel_pstate: CPU model not supported
machine # [    1.408898] drop_monitor: Initializing network drop monitor service
machine # [    1.422539] NET: Registered PF_INET6 protocol family
machine # [    1.433189] Segment Routing with IPv6
machine # [    1.436086] In-situ OAM (IOAM) with IPv6
machine # [    1.444359] IPI shorthand broadcast: enabled
machine # [    1.448160] registered taskstats version 1
machine # [    1.451264] Loading compiled-in X.509 certificates
machine # [    1.455845] zswap: loaded using pool lzo/zbud
machine # [    1.461095] Key type .fscrypt registered
machine # [    1.464076] Key type fscrypt-provisioning registered
machine # [    1.478104] Unstable clock detected, switching default tracing clock to "global"
machine # [    1.478104] If you want to keep using the local clock, then add:
machine # [    1.478104]   "trace_clock=local"
machine # [    1.478104] on the kernel command line
machine # [    1.495384] Freeing unused decrypted memory: 2036K
machine # [    1.498813] Freeing unused kernel image (initmem) memory: 1876K
machine # [    1.522303] Write protecting the kernel read-only data: 22528k
machine # [    1.527251] Freeing unused kernel image (text/rodata gap) memory: 2040K
machine # [    1.530785] Freeing unused kernel image (rodata/data gap) memory: 660K
machine # [    1.572354] x86/mm: Checked W+X mappings: passed, no W+X pages found.
machine # [    1.575088] x86/mm: Checking user space page tables
machine # [    1.615446] x86/mm: Checked W+X mappings: passed, no W+X pages found.
machine # [    1.618249] Run /init as init process
machine # 
machine # <<< NixOS Stage 1 >>>
machine # 
machine # loading module virtio_balloon...
machine # loading module virtio_console...
machine # loading module virtio_rng...
machine # loading module dm_mod...
machine # [    1.739392] device-mapper: ioctl: 4.47.0-ioctl (2022-07-28) initialised: dm-devel@redhat.com
machine # running udev...
machine # Starting systemd-udevd version 252.5
machine # [    1.824104] rtc_cmos 00:05: RTC can wake from S4
machine # [    1.828325] i8042: PNP: PS/2 Controller [PNP0303:KBD,PNP0f13:MOU] at 0x60,0x64 irq 1,12
machine # [    1.830421] rtc_cmos 00:05: registered as rtc0
machine # [    1.834543] rtc_cmos 00:05: alarms up to one day, y3k, 242 bytes nvram, hpet irqs
machine # [    1.836737] serio: i8042 KBD port at 0x60,0x64 irq 1
machine # [    1.840605] serio: i8042 AUX port at 0x60,0x64 irq 12
machine # [    1.865205] SCSI subsystem initialized
machine # [    1.871120] ACPI: bus type USB registered
machine # [    1.873636] usbcore: registered new interface driver usbfs
machine # [    1.876868] usbcore: registered new interface driver hub
machine # [    1.880079] usbcore: registered new device driver usb
machine # [    1.880158] ACPI: \_SB_.LNKC: Enabled at IRQ 10
machine # [    1.929151] scsi host0: ata_piix
machine # [    1.932587] scsi host1: ata_piix
machine # [    1.934448] ata1: PATA max MWDMA2 cmd 0x1f0 ctl 0x3f6 bmdma 0xc240 irq 14
machine # [    1.937598] ata2: PATA max MWDMA2 cmd 0x170 ctl 0x376 bmdma 0xc248 irq 15
machine # [    1.975168] uhci_hcd 0000:00:01.2: UHCI Host Controller
machine # [    1.975198] ACPI: \_SB_.LNKA: Enabled at IRQ 10
machine # [    1.977615] uhci_hcd 0000:00:01.2: new USB bus registered, assigned bus number 1
machine # [    1.983239] uhci_hcd 0000:00:01.2: detected 2 ports
machine # [    1.986683] uhci_hcd 0000:00:01.2: irq 11, io port 0x0000c180
machine # [    1.989650] usb usb1: New USB device found, idVendor=1d6b, idProduct=0001, bcdDevice= 6.01
machine # [    1.993397] usb usb1: New USB device strings: Mfr=3, Product=2, SerialNumber=1
machine # [    1.996650] usb usb1: Product: UHCI Host Controller
machine # [    1.998916] usb usb1: Manufacturer: Linux 6.1.15 uhci_hcd
machine # [    2.001358] usb usb1: SerialNumber: 0000:00:01.2
machine # [    2.004149] hub 1-0:1.0: USB hub found
machine # [    2.006101] hub 1-0:1.0: 2 ports detected
machine # [    2.011327] ACPI: \_SB_.LNKB: Enabled at IRQ 11
machine # [    2.098173] ata2: found unknown device (class 0)
machine # [    2.102847] ata2.00: ATAPI: QEMU DVD-ROM, 2.5+, max UDMA/100
machine # [    2.111602] scsi 1:0:0:0: CD-ROM            QEMU     QEMU DVD-ROM     2.5+ PQ: 0 ANSI: 5
machine # [    2.226336] usb 1-1: new full-speed USB device number 2 using uhci_hcd
machine # [    2.275139] input: AT Translated Set 2 keyboard as /devices/platform/i8042/serio0/input/input0
machine # [    2.316542] 9pnet: Installing 9P2000 support
machine # [    2.331901] virtio_blk virtio5: 8/0/0 default/read/poll queues
machine # [    2.349305] virtio_blk virtio5: [vda] 33554432 512-byte logical blocks (17.2 GB/16.0 GiB)
machine # [    2.355491] virtio_blk virtio6: 8/0/0 default/read/poll queues
machine # [    2.370853] virtio_blk virtio6: [vdb] 2097152 512-byte logical blocks (1.07 GB/1.00 GiB)
machine # [    2.394153] sr 1:0:0:0: [sr0] scsi3-mmc drive: 4x/4x cd/rw xa/form2 tray
machine # [    2.397218] cdrom: Uniform CD-ROM driver Revision: 3.20
machine # [    2.401295] usb 1-1: New USB device found, idVendor=0627, idProduct=0001, bcdDevice= 0.00
machine # [    2.405081] usb 1-1: New USB device strings: Mfr=1, Product=3, SerialNumber=10
machine # [    2.408521] usb 1-1: Product: QEMU USB Tablet
machine # [    2.410698] usb 1-1: Manufacturer: QEMU
machine # [    2.412598] usb 1-1: SerialNumber: 28754-0000:00:01.2-1
machine # [    2.427245] hid: raw HID events driver (C) Jiri Kosina
machine # [    2.438308] usbcore: registered new interface driver usbhid
machine # [    2.440897] usbhid: USB HID core driver
machine # [    2.446735] input: QEMU QEMU USB Tablet as /devices/pci0000:00/0000:00:01.2/usb1/1-1/1-1:1.0/0003:0627:0001.0001/input/input2
machine # [    2.451715] hid-generic 0003:0627:0001.0001: input,hidraw0: USB HID v0.01 Mouse [QEMU QEMU USB Tablet] on usb-0000:00:01.2-1/input0
machine # kbd_mode: KDSKBMODE: Inappropriate ioctl for device
machine # %Gstarting device mapper and LVM...
machine # mke2fs 1.46.5 (30-Dec-2021)
machine # Discarding device blocks: done         
machine # Creating filesystem with 262144 4k blocks and 65536 inodes
machine # Filesystem UUID: 1bfa118c-e647-4bbf-aefa-db416644f053
machine # Superblock backups stored on blocks:
machine #       32768, 98304, 163840, 229376
machine # 
machine # Allocating group tables: done
machine # Writing inode tables: done
machine # Creating journal (8192 blocks): done
machine # Writing superblocks and filesystem accounting information: done
machine # 
machine # checking /dev/vdb...
machine # fsck (busybox 1.36.0)
machine # [fsck.ext4 (1) -- /mnt-root/] fsck.ext4 -a /dev/vdb
machine # /dev/vdb: clean, 11/65536 files, 12955/262144 blocks
machine # mounting /dev/vdb on /...
machine # [    3.372159] EXT4-fs (vdb): mounted filesystem with ordered data mode. Quota mode: none.
machine # mounting nix-store on /nix/.ro-store...
machine # [    3.439120] FS-Cache: Loaded
machine # [    3.469545] 9p: Installing v9fs 9p2000 file system support
machine # mounting tmpfs on /nix/.rw-store...
machine # mounting shared on /tmp/shared...
machine # mounting xchg on /tmp/xchg...
machine # mounting overlay filesystem on /nix/store...
machine # 
machine # <<< NixOS Stage 2 >>>
machine # 
machine # [    3.882877] EXT4-fs (vdb): re-mounted. Quota mode: none.
machine # [    3.887614] booting system configuration /nix/store/bqdnkfah42h34a93ncdabjdd851qbs9j-nixos-system-machine-23.05pre-git
machine # running activation script...
machine # setting up /etc...
machine # unpacking the NixOS/Nixpkgs sources...
machine # ln: failed to create symbolic link '/root/.nix-defexpr/channels/channels': Read-only file system
machine # starting systemd...
machine # [    7.105906] systemd[1]: Inserted module 'autofs4'
machine # [    7.185536] systemd[1]: systemd 252.5 running in system mode (+PAM +AUDIT -SELINUX +APPARMOR +IMA +SMACK +SECCOMP +GCRYPT -GNUTLS +OPENSSL +ACL +BLKID +CURL +ELFUTILS +FIDO2 +IDN2 -IDN +IPTC +KMOD +LIBCRYPTSETUP +LIBFDISK +PCRE2 -PWQUALITY +P11KIT -QRENCODE +TPM2 +BZIP2 +LZ4 +XZ +ZLIB +ZSTD +BPF_FRAMEWORK -XKBCOMMON +UTMP -SYSVINIT default-hierarchy=unified)
machine # [    7.198689] systemd[1]: Detected virtualization kvm.
machine # [    7.201152] systemd[1]: Detected architecture x86-64.
machine # [    7.209855] systemd[1]: Initializing machine ID from random generator.
machine # [    7.595456] systemd[1]: bpf-lsm: LSM BPF program attached
machine # [    8.728814] systemd[1]: Queued start job for default target Multi-User System.
machine # [    8.752707] systemd[1]: Created slice Slice /system/getty.
machine # [    8.756587] systemd[1]: Created slice Slice /system/modprobe.
machine # [    8.760455] systemd[1]: Created slice User and Session Slice.
machine # [    8.763628] systemd[1]: Started Dispatch Password Requests to Console Directory Watch.
machine # [    8.767652] systemd[1]: Started Forward Password Requests to Wall Directory Watch.
machine # [    8.771777] systemd[1]: Reached target Local Encrypted Volumes.
machine # [    8.774880] systemd[1]: Reached target Containers.
machine # [    8.777504] systemd[1]: Reached target Path Units.
machine # [    8.780304] systemd[1]: Reached target Remote File Systems.
machine # [    8.783424] systemd[1]: Reached target Slice Units.
machine # [    8.786278] systemd[1]: Reached target Swaps.
machine # [    8.788727] systemd[1]: Reached target ZFS pool import target.
machine # [    8.799354] systemd[1]: Listening on Process Core Dump Socket.
machine # [    8.803806] systemd[1]: Listening on Journal Audit Socket.
machine # [    8.806859] systemd[1]: Listening on Journal Socket (/dev/log).
machine # [    8.810272] systemd[1]: Listening on Journal Socket.
machine # [    8.814288] systemd[1]: Listening on Userspace Out-Of-Memory (OOM) Killer Socket.
machine # [    8.821367] systemd[1]: Listening on udev Control Socket.
machine # [    8.824803] systemd[1]: Listening on udev Kernel Socket.
machine # [    8.840644] systemd[1]: Mounting Huge Pages File System...
machine # [    8.845758] systemd[1]: Mounting POSIX Message Queue File System...
machine # [    8.851463] systemd[1]: Mounting Kernel Debug File System...
machine # [    8.860197] systemd[1]: Starting Create List of Static Device Nodes...
machine # [    8.866776] systemd[1]: Starting Load Kernel Module configfs...
machine # [    8.873412] systemd[1]: Starting Load Kernel Module drm...
machine # [    8.879171] systemd[1]: Starting Load Kernel Module efi_pstore...
machine # [    8.884780] systemd[1]: Starting Load Kernel Module fuse...
machine # [    8.890510] systemd[1]: Starting mount-pstore.service...
machine # [    8.894503] systemd[1]: File System Check on Root Device was skipped because of an unmet condition check (ConditionPathIsReadWrite=!/).
machine # [    8.908675] systemd[1]: Starting Journal Service...
machine # [    8.917400] systemd[1]: Starting Load Kernel Modules...
machine # [    8.931757] systemd[1]: Starting Remount Root and Kernel File Systems...
machine # [    8.941253] systemd[1]: Starting Coldplug All udev Devices...
machine # [    8.951304] systemd[1]: Mounted Huge Pages File System.
machine # [    8.955504] systemd[1]: Mounted POSIX Message Queue File System.
machine # [    8.959693] fuse: init (API version 7.37)
machine # [    8.960439] systemd[1]: Mounted Kernel Debug File System.
machine # [    8.992580] systemd[1]: Finished Create List of Static Device Nodes.
machine # [    8.996303] audit: type=1130 audit(1678258794.963:2): pid=1 uid=0 auid=4294967295 ses=4294967295 subj=kernel msg='unit=kmod-static-nodes comm="systemd" exe="/nix/store/d1h33vvfagj7bhg0b8dw3p5nifghb01q-systemd-252.5/lib/systemd/systemd" hostname=? addr=? terminal=? res=success'
machine # [    8.997403] systemd[1]: modprobe@configfs.service: Deactivated successfully.
machine # [    9.016429] EXT4-fs (vdb): re-mounted. Quota mode: none.
machine # [    9.031209] ACPI: bus type drm_connector registered
machine # [    9.045889] systemd[1]: Finished Load Kernel Module configfs.
machine # [    9.048917] audit: type=1130 audit(1678258795.015:3): pid=1 uid=0 auid=4294967295 ses=4294967295 subj=kernel msg='unit=modprobe@configfs comm="systemd" exe="/nix/store/d1h33vvfagj7bhg0b8dw3p5nifghb01q-systemd-252.5/lib/systemd/systemd" hostname=? addr=? terminal=? res=success'
machine # [    9.050687] systemd[1]: modprobe@drm.service: Deactivated successfully.
machine # [    9.059680] audit: type=1131 audit(1678258795.015:4): pid=1 uid=0 auid=4294967295 ses=4294967295 subj=kernel msg='unit=modprobe@configfs comm="systemd" exe="/nix/store/d1h33vvfagj7bhg0b8dw3p5nifghb01q-systemd-252.5/lib/systemd/systemd" hostname=? addr=? terminal=? res=success'
machine # [    9.092267] bridge: filtering via arp/ip/ip6tables is no longer available by default. Update your scripts to load br_netfilter if you need this.
machine # [    9.102162] systemd[1]: Finished Load Kernel Module drm.
machine # [    9.105137] audit: type=1130 audit(1678258795.071:5): pid=1 uid=0 auid=4294967295 ses=4294967295 subj=kernel msg='unit=modprobe@drm comm="systemd" exe="/nix/store/d1h33vvfagj7bhg0b8dw3p5nifghb01q-systemd-252.5/lib/systemd/systemd" hostname=? addr=? terminal=? res=success'
machine # [    9.106478] systemd[1]: modprobe@efi_pstore.service: Deactivated successfully.
machine # [    9.115376] audit: type=1131 audit(1678258795.072:6): pid=1 uid=0 auid=4294967295 ses=4294967295 subj=kernel msg='unit=modprobe@drm comm="systemd" exe="/nix/store/d1h33vvfagj7bhg0b8dw3p5nifghb01q-systemd-252.5/lib/systemd/systemd" hostname=? addr=? terminal=? res=success'
machine # [    9.140291] systemd[1]: Finished Load Kernel Module efi_pstore.
machine # [    9.143341] audit: type=1130 audit(1678258795.110:7): pid=1 uid=0 auid=4294967295 ses=4294967295 subj=kernel msg='unit=modprobe@efi_pstore comm="systemd" exe="/nix/store/d1h33vvfagj7bhg0b8dw3p5nifghb01q-systemd-252.5/lib/systemd/systemd" hostname=? addr=? terminal=? res=success'
machine # [    9.144356] systemd[1]: modprobe@fuse.service: Deactivated successfully.
machine # [    9.153785] audit: type=1131 audit(1678258795.110:8): pid=1 uid=0 auid=4294967295 ses=4294967295 subj=kernel msg='unit=modprobe@efi_pstore comm="systemd" exe="/nix/store/d1h33vvfagj7bhg0b8dw3p5nifghb01q-systemd-252.5/lib/systemd/systemd" hostname=? addr=? terminal=? res=success'
machine # [    8.520953] systemd-modules-load[593]: Inserted module 'bridge'
machine # [    9.171855] tun: Universal TUN/TAP device driver, 1.6
machine # [    8.527208] systemd-modules-load[593]: Inserted module 'macvlan'
machine # [    8.534805] systemd-modules-load[593]: Inserted module 'tap'
machine # [    9.182586] systemd[1]: Finished Load Kernel Module fuse.
machine # [    8.539595] s[    9.185483] audit: type=1130 audit(1678258795.152:9): pid=1 uid=0 auid=4294967295 ses=4294967295 subj=kernel msg='unit=modprobe@fuse comm="systemd" exe="/nix/store/d1h33vvfagj7bhg0b8dw3p5nifghb01q-systemd-252.5/lib/systemd/systemd" hostname=? addr=? terminal=? res=success'
machine # ystemd-modules-load[593]: Inserted module 'tun'
machine # [    9.199433] audit: type=1131 audit(1678258795.166:10): pid=1 uid=0 auid=4294967295 ses=4294967295 subj=kernel msg='unit=modprobe@fuse comm="systemd" exe="/nix/store/d1h33vvfagj7bhg0b8dw3p5nifghb01q-systemd-252.5/lib/systemd/systemd" hostname=? addr=? terminal=? res=success'
machine # [    9.199933] systemd[1]: Started Journal Service.
machine # [    9.210915] spl: loading out-of-tree module taints kernel.
machine # [    9.212865] audit: type=1130 audit(1678258795.179:11): pid=1 uid=0 auid=4294967295 ses=4294967295 subj=kernel msg='unit=systemd-journald comm="systemd" exe="/nix/store/d1h33vvfagj7bhg0b8dw3p5nifghb01q-systemd-252.5/lib/systemd/systemd" hostname=? addr=? terminal=? res=success'
machine # [    9.240803] znvpair: module license 'CDDL' taints kernel.
machine # [    9.243592] Disabling lock debugging due to kernel taint
machine # [    8.606553] systemd[1]: Finished Remount Root and Kernel File Systems.
machine # [    8.640946] systemd[1]: Finished Coldplug All udev Devices.
machine # [    8.665653] systemd[1]: Mounting FUSE Control File System...
machine # [    8.674069] systemd[1]: Mounting Kernel Configuration File System...
machine # [    8.683124] systemd[1]: Starting Flush Journal to Persistent Storage...
machine # [    8.690014] systemd[1]: Starting Load/Save Random Seed...
machine # [    8.695627] systemd[1]: Starting Create Static Device Nodes in /dev...
machine # [    8.701278] systemd[1]: Mounted FUSE Control File System.
machine # [    8.706270] systemd[1]: Mounted Kernel Configuration File System.
machine # [    9.368801] systemd-journald[592]: Received client request to flush runtime journal.
machine # [    8.887217] systemd[1]: Finished Load/Save Random Seed.
machine # [    8.891703] systemd[1]: Finished Create Static Device Nodes in /dev.
machine # [    8.895696] systemd[1]: Reached target Preparation for Local File Systems.
machine # [    8.899793] systemd[1]: Starting Rule-based Manager for Device Events and Files...
machine # [    9.199117] systemd-udevd[615]: Using default interface naming scheme 'v252'.
machine # [    9.204770] systemd[1]: Finished Flush Journal to Persistent Storage.
machine # [    9.926844] ZFS: Loaded module v2.1.9-1, ZFS pool version 5000, ZFS filesystem version 5
machine # [    9.287162] systemd-modules-load[593]: Inserted module 'zfs'
machine # [    9.948892] loop: module loaded
machine # [    9.307055] systemd-modules-load[593]: Inserted module 'loop'
machine # [    9.333780] systemd[1]: Finished Load Kernel Modules.
machine # [    9.337574] systemd[1]: Started Rule-based Manager for Device Events and Files.
machine # [    9.358040] systemd[1]: Starting Firewall...
machine # [    9.363815] systemd[1]: Starting Apply Kernel Variables...
machine # [    9.370926] systemd[1]: Starting Mount ZFS filesystems...
machine # [    9.415947] systemd[1]: Found device /dev/ttyS0.
machine # [    9.420782] systemd[1]: Found device /dev/hvc0.
machine # [    9.427705] systemd-udevd[638]: Network interface NamePolicy= disabled on kernel command line.
machine # [    9.461738] systemd[1]: Finished Mount ZFS filesystems.
machine # [    9.471146] systemd[1]: Finished Apply Kernel Variables.
machine # [    9.477979] systemd[1]: Reached target Local File Systems.
machine # [    9.488860] systemd-udevd[649]: event_source: Failed to get device name: No such file or directory
machine # [    9.496659] systemd[1]: Starting Create Volatile Files and Directories...
machine # [   10.149124] mousedev: PS/2 mouse device common for all mice
machine # [   10.178761] input: Power Button as /devices/LNXSYSTM:00/LNXPWRBN:00/input/input3
machine # [   10.183661] ACPI: button: Power Button [PWRF]
machine # [   10.211749] Floppy drive(s): fd0 is 2.88M AMI BIOS
machine # [   10.223255] parport_pc 00:03: reported by Plug and Play ACPI
machine # [   10.227915] parport0: PC-style at 0x378, irq 7 [PCSPP(,...)]
machine # [   10.231497] FDC 0 is a S82078B
machine # [    9.585718] systemd[1]: Finished Create Volatile Files and Directories.
machine # [   10.241768] piix4_smbus 0000:00:01.3: SMBus Host Controller at 0x700, revision 0
machine # [    9.605533] systemd[1]: Starting Rebuild Journal Catalog...
machine # [   10.258099] Linux agpgart interface v0.103
machine # [    9.616741] systemd[1]: Starting Userspace Out-Of-Memory (OOM) Killer...
machine # [    9.624147] systemd[1]: Starting Record System Boot/Shutdown in UTMP...
machine # [   10.275265] input: QEMU Virtio Keyboard as /devices/pci0000:00/0000:00:0a.0/virtio7/input/input4
machine # [   10.286736] input: VirtualPS/2 VMware VMMouse as /devices/platform/i8042/serio1/input/input6
machine # [   10.297194] input: VirtualPS/2 VMware VMMouse as /devices/platform/i8042/serio1/input/input5
machine # [   10.325810] RAPL PMU: API unit is 2^-32 Joules, 0 fixed counters, 10737418240 ms ovfl timer
machine # [    9.698171] systemd[1]: Finished Record System Boot/Shutdown in UTMP.
machine # [    9.706517] systemd[1]: Finished Rebuild Journal Catalog.
machine # [   10.355384] cryptd: max_cpu_qlen set to 1000
machine # [    9.720721] systemd[1]: Starting Update is Completed...
machine # [   10.378167] AVX2 version of gcm_enc/dec engaged.
machine # [    9.737867] systemd-oomd[675]: Swap is currently not detected; memory pressure usage will be degraded
machine # [   10.388574] AES CTR mode by8 optimization enabled
machine # [    9.745811] systemd[1]: Started Userspace Out-Of-Memory (OOM) Killer.
machine # [   10.400752] bochs-drm 0000:00:02.0: vgaarb: deactivate vga console
machine # [   10.431727] Console: switching to colour dummy device 80x25
machine # [   10.434755] [drm] Found bochs VGA, ID 0xb0c5.
machine # [   10.437093] [drm] Framebuffer size 16384 kB @ 0xfd000000, mmio @ 0xfebd0000.
machine # [    9.795659] systemd[1]: Finished Update is Completed.
machine # [   10.453332] [drm] Found EDID data blob.
machine # [   10.455410] [drm] Initialized bochs-drm 1.0.0 20130925 for 0000:00:02.0 on minor 0
machine # [   10.459912] fbcon: bochs-drmdrmfb (fb0) is primary device
machine # [   10.479446] Console: switching to colour frame buffer device 160x50
machine # [   10.489381] bochs-drm 0000:00:02.0: [drm] fb0: bochs-drmdrmfb frame buffer device
machine # [   10.958309] ppdev: user-space parallel port driver
machine # [   10.601824] f4xrzmq3i4d8ywd9vz5c0kafbb83b1jq-mount-pstore.sh[599]: Persistent Storage backend was not registered in time.
machine # [   10.617176] systemd[1]: Finished mount-pstore.service.
machine # [   10.621065] systemd[1]: Platform Persistent Storage Archival was skipped because of an unmet condition check (ConditionDirectoryNotEmpty=/sys/fs/pstore).
machine # [   10.628185] systemd[1]: Reached target System Initialization.
machine # [   10.632171] systemd[1]: Started logrotate.timer.
machine # [   10.636759] systemd[1]: Started Daily Cleanup of Temporary Directories.
machine # [   10.642056] systemd[1]: Started zpool-trim.timer.
machine # [   10.647789] systemd[1]: Reached target Timer Units.
machine # [   10.651902] systemd[1]: Listening on D-Bus System Message Bus Socket.
machine # [   10.656307] systemd[1]: Listening on Nix Daemon Socket.
machine # [   10.663130] systemd[1]: Reached target Socket Units.
machine # [   10.666897] systemd[1]: Reached target Basic System.
machine # [   10.679029] systemd[1]: Starting Kernel Auditing...
machine # [   10.688869] systemd[1]: Started backdoor.service.
machine # [   10.705599] systemd[1]: Starting DHCP Client...
machine # connecting to host...
machine # [   10.718193] systemd[1]: Starting Logrotate configuration check...
machine # [   10.723150] dhcpcd[783]: dhcpcd-9.4.1 starting
machine # [   10.737630] j72arpq1dfn7q59irzji3xwljjdiq8vs-audit-disable[787]: No rules
machine # [   10.741769] logrotate[784]: warning: logrotate in debug mode does nothing except printing debug messages!  Consider using verbose mode (-v) instead if this is not what you want.
machine # [   10.745851] logrotate[784]: reading config file /nix/store/ysgfy4413nrn23ddins98pcrk81bmzsy-logrotate.conf
machine # [   10.747166] logrotate[784]: note: 'monthly' overrides previously specified 'weekly'
machine # [   10.753718] logrotate[784]: Reading state from file: /var/lib/logrotate.status
machine # [   10.764857] logrotate[784]: state file /var/lib/logrotate.status does not exist
machine # [   10.765826] logrotate[784]: Allocating hash table for state file, size 64 entries
machine # [   10.767831] logrotate[784]: Handling 2 logs
machine # [   10.774147] logrotate[784]: rotating pattern: "/var/log/btmp"  monthly (1 rotations)
machine # [   10.775093] logrotate[784]: empty log files are not rotated, only log files >= 1048576 bytes are rotated, old logs are removed
machine # [   10.777957] logrotate[784]: considering log /var/log/btmp
machine # [   10.778879] logrotate[784]: Creating new state
machine # [   10.779825] logrotate[784]:   Now: 2023-03-08 06:59
machine # [   10.780981] logrotate[784]:   Last rotated at 2023-03-08 06:00
machine # [   10.781785] logrotate[784]:   log does not need rotating (log has already been rotated)
machine # [   10.783245] logrotate[784]: rotating pattern: "/var/log/wtmp"  monthly (1 rotations)
machine # [   10.789148] logrotate[784]: empty log files are not rotated, only log files >= 1048576 bytes are rotated, old logs are removed
machine # [   10.795231] logrotate[784]: considering log /var/log/wtmp
machine # [   10.796056] logrotate[784]: Creating new state
machine # [   10.798158] logrotate[784]:   Now: 2023-03-08 06:59
machine # [   10.800108] logrotate[784]:   Last rotated at 2023-03-08 06:00
machine # [   10.802905] logrotate[784]:   log does not need rotating (log has already been rotated)
machine # [   10.806220] systemd[1]: Starting Name Service Cache Daemon (nsncd)...
machine # [   10.809010] dhcpcd[793]: dev: loaded udev
machine # [   10.813964] systemd[1]: Started Reset console on configuration changes.
machine # [   10.817171] systemd[1]: Starting resolvconf update...
machine # [   10.820801] nsncd[785]: Mar 08 06:59:57.404 INFO started, handoff_timeout: 3s, worker_count: 8, path: "/var/run/nscd/socket"
machine # [   10.824730] systemd[1]: Starting ZFS file system shares...
machine # [   10.827269] systemd[1]: Started ZFS Event Daemon (zed).
machine # [   11.507842] 8021q: 802.1Q VLAN Support v1.8
machine # [   10.869231] systemd[1]: Finished Kernel Auditing.
machine # [   10.872249] z[   11.517724] Key type encrypted registered
machine # ed[796]: ZFS Event Daemon 2.1.9-1 (PID 796)
machine # [   10.875116] systemd[1]: Started Name Service Cache Daemon (nsncd).
machine # [   10.881824] zed[796]: Processing events since eid=0
machine # [   10.898737] systemd[1]: Finished Logrotate configuration check.
machine: connected to guest root shell
machine # [   11.550693] EDAC MC: Ver: 3.0.0
machine # [   10.917038] systemd[1]: Finished ZFS file system shares.
machine: (connecting took 12.74 seconds)
(finished: waiting for the VM to finish booting, in 12.79 seconds)
machine # [   10.935692] systemd[1]: Reached target Host and Network Name Lookups.
machine # [   10.943619] systemd[1]: Reached target User and Group Name Lookups.
machine # sh: cannot set terminal process group (-1): Inappropriate ioctl for device
machine # sh: no job control in this shell
machine # [   10.955730] systemd[1]: Reached target ZFS startup target.
machine # [   10.961224] systemd[1]: Listening on Load/Save RF Kill Switch Status /dev/rfkill Watch.
machine # [   10.968533] systemd[1]: Starting D-Bus System Message Bus...
machine # [   10.975097] systemd[1]: Starting User Login Management...
machine # [   10.990943] systemd[1]: Stopped target Host and Network Name Lookups.
machine # [   10.992654] systemd[1]: Stopping Host and Network Name Lookups...
machine # [   10.999565] systemd[1]: Stopped target User and Group Name Lookups.
machine # [   11.001778] systemd[1]: Stopping User and Group Name Lookups...
machine # [   11.008787] systemd[1]: Stopping Name Service Cache Daemon (nsncd)...
machine # [   11.009941] systemd[1]: nscd.service: Deactivated successfully.
(finished: must succeed: echo hello, in 12.86 seconds)
(finished: subtest: Assert readiness of login prompt, in 12.86 seconds)
subtest: Wait for hard disks to appear in /dev
machine: must succeed: udevadm settle
machine # [   11.134288] dbus-daemon[858]: dbus[858]: Unknown username "systemd-timesync" in message bus configuration file
machine # [   11.236790] systemd[1]: Stopped Name Service Cache Daemon (nsncd).
machine # [   11.254548] systemd-logind[860]: New seat seat0.
machine # [   11.261108] systemd-logind[860]: Watching system buttons on /dev/input/event2 (Power Button)
machine # [   11.262521] systemd-logind[860]: Watching system buttons on /dev/input/event3 (QEMU Virtio Keyboard)
machine # [   11.264038] systemd-logind[860]: Watching system buttons on /dev/input/event0 (AT Translated Set 2 keyboard)
machine # [   11.992858] cfg80211: Loading compiled-in X.509 certificates for regulatory database
machine # [   11.349998] systemd[1]: Finished resolvconf update.
machine # [   11.354917] systemd[1]: Started D-Bus System Message Bus.
machine # [   11.357188] dbus-daemon[858]: [system] Successfully activated service 'org.freedesktop.systemd1'
machine # [   11.383749] systemd[1]: Starting Name Service Cache Daemon (nsncd)...
machine # [   11.389710] systemd[1]: Started User Login Management.
machine # [   12.048306] cfg80211: Loaded X.509 cert 'sforshee: 00b28ddf47aef9cea7'
machine # [   11.423565] nsncd[887]: Mar 08 06:59:58.035 INFO started, handoff_timeout: 3s, worker_count: 8, path: "/var/run/nscd/socket"
machine # [   11.425205] systemd[1]: Started Name Service Cache Daemon (nsncd).
machine # [   11.427074] systemd[1]: Reached target Host and Network Name Lookups.
machine # [   11.431046] systemd[1]: Reached target User and Group Name Lookups.
machine # [   12.169508] 8021q: adding VLAN 0 to HW filter on device eth0
machine # [   11.529118] dhcpcd[793]: eth0: waiting for carrier
machine # [   11.530168] dhcpcd[793]: eth0: carrier acquired
machine # [   11.551880] dhcpcd[793]: DUID 00:01:00:01:2b:9a:ee:ee:52:54:00:12:34:56
machine # [   11.553109] dhcpcd[793]: eth0: IAID 00:12:34:56
machine # [   11.557131] dhcpcd[793]: eth0: adding address fe80::5054:ff:fe12:3456
machine # [   11.915170] systemd[1]: Finished Firewall.
machine # [   11.916717] systemd[1]: Reached target Preparation for Network.
machine # [   11.917808] systemd[1]: Reached target All Network Interfaces (deprecated).
machine # [   11.935167] systemd[1]: Starting Networking Setup...
machine # [   12.133694] systemd[1]: Finished Networking Setup.
machine # [   12.157299] systemd[1]: Starting Extra networking commands....
machine # [   12.199737] systemd[1]: Finished Extra networking commands..
machine # [   12.201245] systemd[1]: Reached target Network.
machine # [   12.211743] systemd[1]: Starting SSH Daemon...
machine # [   12.217164] systemd[1]: Starting Permit User Sessions...
machine # [   12.288741] systemd[1]: Finished Permit User Sessions.
machine # [   12.310519] systemd[1]: Started Getty on tty1.
machine # [   12.311655] systemd[1]: Reached target Login Prompts.
machine # [   12.357646] dhcpcd[793]: eth0: soliciting a DHCP lease
machine # [   13.028203] NET: Registered PF_PACKET protocol family
machine # [   12.399944] dhcpcd[793]: eth0: offered 10.0.2.15 from 10.0.2.2
machine # [   12.404768] dhcpcd[793]: eth0: leased 10.0.2.15 for 86400 seconds
machine # [   12.409786] dhcpcd[793]: eth0: adding route to 10.0.2.0/24
machine # [   12.414310] dhcpcd[793]: eth0: adding default route via 10.0.2.2
machine # [   12.544112] systemd[1]: Stopped target Host and Network Name Lookups.
machine # [   12.545077] systemd[1]: Stopping Host and Network Name Lookups...
machine # [   12.547049] systemd[1]: Stopped target User and Group Name Lookups.
machine # [   12.549109] systemd[1]: Stopping User and Group Name Lookups...
machine # [   12.557310] systemd[1]: Stopping Name Service Cache Daemon (nsncd)...
machine # [   12.565765] systemd[1]: nscd.service: Deactivated successfully.
machine # [   12.582855] systemd[1]: Stopped Name Service Cache Daemon (nsncd).
machine # [   12.612889] systemd[1]: Starting Name Service Cache Daemon (nsncd)...
machine # [   12.642152] dhcpcd[783]: Failed to reload-or-try-restart ntpd.service: Unit ntpd.service not found.
machine # [   12.643055] dhcpcd[783]: Failed to reload-or-try-restart openntpd.service: Unit openntpd.service not found.
machine # [   12.644634] nsncd[1046]: Mar 08 06:59:59.255 INFO started, handoff_timeout: 3s, worker_count: 8, path: "/var/run/nscd/socket"
machine # [   12.646004] systemd[1]: Started Name Service Cache Daemon (nsncd).
machine # [   12.652195] systemd[1]: Reached target Host and Network Name Lookups.
machine # [   12.653302] dhcpcd[783]: Failed to reload-or-try-restart chronyd.service: Unit chronyd.service not found.
machine # [   12.658213] systemd[1]: Reached target User and Group Name Lookups.
machine # [   12.659230] dhcpcd[793]: eth0: soliciting an IPv6 router
machine # [   12.663683] systemd[1]: Started DHCP Client.
machine # [   12.664817] systemd[1]: Reached target Network is Online.
(finished: must succeed: udevadm settle, in 1.69 seconds)
(finished: subtest: Wait for hard disks to appear in /dev, in 1.69 seconds)
machine: must succeed: sgdisk -Z /dev/vda
machine # [   13.255001] sshd-pre-start[992]: Generating public/private rsa key pair.
machine # [   13.256002] sshd-pre-start[992]: Your identification has been saved in /etc/ssh/ssh_host_rsa_key
machine # [   13.258749] sshd-pre-start[992]: Your public key has been saved in /etc/ssh/ssh_host_rsa_key.pub
machine # [   13.260533] sshd-pre-start[992]: The key fingerprint is:
machine # [   13.261000] sshd-pre-start[992]: SHA256:yIcETgW0W+6zZG902YWjLuwyCJ7i47UQzwV3O+1pzSs root@machine
machine # [   13.262579] sshd-pre-start[992]: The key's randomart image is:
machine # [   13.263262] sshd-pre-start[992]: +---[RSA 4096]----+
machine # [   13.264716] sshd-pre-start[992]: |   .=o.          |
machine # [   13.265188] sshd-pre-start[992]: |   o o           |
machine # [   13.266700] sshd-pre-start[992]: |   .o.o.     .   |
machine # [   13.267218] sshd-pre-start[992]: |    o*.oo   o .  |
machine # [   13.269257] sshd-pre-start[992]: | .  ..=oS. + o   |
machine # [   13.270758] sshd-pre-start[992]: |  = .. .+ B .    |
machine # [   13.271190] sshd-pre-start[992]: | o * .=o * o     |
machine # [   13.272949] sshd-pre-start[992]: |..= ooo+=E. .    |
machine # [   13.274636] sshd-pre-start[992]: |o+..  .=o...     |
machine # [   13.275087] sshd-pre-start[992]: +----[SHA256]-----+
machine # [   13.339758] sshd-pre-start[1068]: Generating public/private ed25519 key pair.
machine # [   13.340097] sshd-pre-start[1068]: Your identification has been saved in /etc/ssh/ssh_host_ed25519_key
machine # [   13.341790] sshd-pre-start[1068]: Your public key has been saved in /etc/ssh/ssh_host_ed25519_key.pub
machine # [   13.342185] sshd-pre-start[1068]: The key fingerprint is:
machine # [   13.343639] sshd-pre-start[1068]: SHA256:yARuQs801e3lqhJH56xskWBjHFeyORIzuh5dbjePUnw root@machine
machine # [   13.344092] sshd-pre-start[1068]: The key's randomart image is:
machine # [   13.345531] sshd-pre-start[1068]: +--[ED25519 256]--+
machine # [   13.346005] sshd-pre-start[1068]: |  . +.=..o.      |
machine # [   13.347242] sshd-pre-start[1068]: | . = +.+o+. .    |
machine # [   13.348705] sshd-pre-start[1068]: |  . *.oo=. o     |
machine # [   13.349123] sshd-pre-start[1068]: |   o =*=.oo .    |
machine # [   13.350559] sshd-pre-start[1068]: |    oo++S==.E    |
machine # [   13.351032] sshd-pre-start[1068]: |   . ...+o+=     |
machine # [   13.352238] sshd-pre-start[1068]: |    .  +.+. .    |
machine # [   13.353783] sshd-pre-start[1068]: |      . =.       |
machine # [   13.354125] sshd-pre-start[1068]: |       o         |
machine # [   13.355556] sshd-pre-start[1068]: +----[SHA256]-----+
machine # [   13.397311] systemd[1]: Started SSH Daemon.
machine # [   13.400680] systemd[1]: Reached target Multi-User System.
machine # [   13.404229] systemd[1]: Started Logrotate Service.
machine # [   13.405162] systemd[1]: Startup finished in 6.398s (kernel) + 7.004s (userspace) = 13.403s.
machine # [   13.439188] systemd[1]: logrotate.service: Deactivated successfully.
machine # [   13.448796] sshd[1069]: Server listening on 0.0.0.0 port 22.
machine # [   13.449882] sshd[1069]: Server listening on :: port 22.
machine # [   13.495755] login[993]: pam_unix(login:session): session opened for user nixos(uid=1000) by LOGIN(uid=0)
machine # [   13.550788] systemd[1]: Created slice Slice /user/1000.
machine # [   13.554845] systemd[1]: Starting User Runtime Directory /run/user/1000...
machine # [   13.564663] systemd-logind[860]: New session 1 of user nixos.
machine # [   13.574106] dhcpcd[793]: eth0: Router Advertisement from fe80::2
machine # [   13.574877] dhcpcd[793]: eth0: adding address fec0::5054:ff:fe12:3456/64
machine # [   13.576917] dhcpcd[793]: eth0: adding route to fec0::/64
machine # [   13.578721] dhcpcd[793]: eth0: adding default route via fe80::2
machine # [   13.642605] systemd[1]: Finished User Runtime Directory /run/user/1000.
machine # [   13.663020] systemd[1]: Starting User Manager for UID 1000...
machine # [   13.701212] systemd[1072]: pam_unix(systemd-user:session): session opened for user nixos(uid=1000) by (uid=0)
(finished: must succeed: sgdisk -Z /dev/vda, in 1.08 seconds)
machine: must succeed: sgdisk -n 1:0:+1M -n 2:0:+1G -N 3 -t 1:ef02 -t 2:8200 -t 3:8300 -c 3:root /dev/vda
machine # [   14.098937] systemd[1072]: Queued start job for default target Main User Target.
machine # [   14.113686] systemd[1072]: Created slice User Application Slice.
machine # [   14.115848] systemd[1072]: Reached target Paths.
machine # [   14.117724] systemd[1072]: Reached target Timers.
machine # [   14.127634] systemd[1072]: Starting D-Bus User Message Bus Socket...
machine # [   14.189871] systemd[1072]: Listening on D-Bus User Message Bus Socket.
machine # [   14.194061] systemd[1072]: Reached target Sockets.
machine # [   14.195204] systemd[1072]: Reached target Basic System.
machine # [   14.202626] systemd[1]: Started User Manager for UID 1000.
machine # [   14.217306] systemd[1]: Started Session 1 of User nixos.
machine # [   14.220928] systemd[1072]: Starting Run user-specific NixOS activation...
machine # [   14.238529] systemd[1072]: Finished Run user-specific NixOS activation.
machine # [   14.243796] systemd[1072]: Reached target Main User Target.
machine # [   14.244744] systemd[1072]: Startup finished in 493ms.
machine # [   15.512474]  vda: vda1 vda2 vda3
(finished: must succeed: sgdisk -n 1:0:+1M -n 2:0:+1G -N 3 -t 1:ef02 -t 2:8200 -t 3:8300 -c 3:root /dev/vda, in 1.08 seconds)
machine: must succeed: mkswap /dev/vda2 -L swap
(finished: must succeed: mkswap /dev/vda2 -L swap, in 0.07 seconds)
machine: must succeed: swapon -L swap
machine # [   15.629621] Adding 1048572k swap on /dev/vda2.  Priority:-2 extents:1 across:1048572k FS
(finished: must succeed: swapon -L swap, in 0.05 seconds)
machine: must succeed: mkfs.btrfs -L root /dev/vda3
machine # [   16.213084] raid6: avx512x4 gen() 43901 MB/s
machine # [   16.232089] raid6: avx512x2 gen() 43469 MB/s
machine # [   16.251133] raid6: avx512x1 gen() 43444 MB/s
machine # [   16.270086] raid6: avx2x4   gen() 30106 MB/s
machine # [   16.289085] raid6: avx2x2   gen() 33316 MB/s
machine # [   16.308105] raid6: avx2x1   gen() 28078 MB/s
machine # [   16.310371] raid6: using algorithm avx512x4 gen() 43901 MB/s
machine # [   16.330100] raid6: .... xor() 7029 MB/s, rmw enabled
machine # [   16.333251] raid6: using avx512x2 recovery algorithm
machine # [   16.339498] xor: automatically using best checksumming function   avx
machine # [   16.706781] Btrfs loaded, crc32c=crc32c-intel, zoned=no, fsverity=no
machine # [   16.716384] BTRFS: device label root devid 1 transid 6 /dev/vda3 scanned by mkfs.btrfs (1106)
(finished: must succeed: mkfs.btrfs -L root /dev/vda3, in 1.09 seconds)
machine: must succeed: btrfs device scan
machine # [   16.928186] I/O error, dev fd0, sector 0 op 0x0:(READ) flags 0x0 phys_seg 1 prio class 2
machine # [   16.931638] floppy: error 10 while reading block 0
(finished: must succeed: btrfs device scan, in 0.24 seconds)
machine: must succeed: mount LABEL=root /mnt
machine # [   17.020692] BTRFS info (device vda3): using crc32c (crc32c-intel) checksum algorithm
machine # [   17.024118] BTRFS info (device vda3): using free space tree
machine # [   17.041268] BTRFS info (device vda3): checking UUID tree
(finished: must succeed: mount LABEL=root /mnt, in 0.08 seconds)
machine: must succeed: btrfs subvol create '/mnt/nixos in space'
(finished: must succeed: btrfs subvol create '/mnt/nixos in space', in 0.06 seconds)
machine: must succeed: btrfs subvol create /mnt/boot
(finished: must succeed: btrfs subvol create /mnt/boot, in 0.06 seconds)
machine: must succeed: umount /mnt
machine # [   16.561318] systemd[1]: mnt.mount: Deactivated successfully.
(finished: must succeed: umount /mnt, in 0.06 seconds)
machine: must succeed: mount -o 'defaults,subvol=nixos in space' LABEL=root /mnt
machine # [   17.267532] BTRFS: device label root devid 1 transid 9 /dev/vda3 scanned by mount (1151)
machine # [   17.272463] BTRFS info (device vda3): using crc32c (crc32c-intel) checksum algorithm
machine # [   17.275909] BTRFS info (device vda3): using free space tree
(finished: must succeed: mount -o 'defaults,subvol=nixos in space' LABEL=root /mnt, in 0.08 seconds)
machine: must succeed: mkdir /mnt/boot
(finished: must succeed: mkdir /mnt/boot, in 0.04 seconds)
machine: must succeed: mount -o defaults,subvol=boot LABEL=root /mnt/boot
(finished: must succeed: mount -o defaults,subvol=boot LABEL=root /mnt/boot, in 0.06 seconds)
subtest: Create the NixOS configuration
machine: must succeed: nixos-generate-config --root /mnt
machine # writing /mnt/etc/nixos/hardware-configuration.nix...
machine # writing /mnt/etc/nixos/configuration.nix...
machine # For more hardware-specific settings, see https://github.com/NixOS/nixos-hardware.
(finished: must succeed: nixos-generate-config --root /mnt, in 0.69 seconds)
machine: must succeed: cat /mnt/etc/nixos/hardware-configuration.nix >&2
machine # # Do not modify this file!  It was generated by nixos-generate-config
machine # # and may be overwritten by future invocations.  Please make changes
machine # # to /etc/nixos/configuration.nix instead.
machine # { config, lib, pkgs, modulesPath, ... }:
machine # 
machine # {
machine #   imports =
machine #     [ (modulesPath + "/profiles/qemu-guest.nix")
machine #     ];
machine # 
machine #   boot.initrd.availableKernelModules = [ "ata_piix" "uhci_hcd" "virtio_pci" "floppy" "sr_mod" "virtio_blk" ];
machine #   boot.initrd.kernelModules = [ ];
machine #   boot.kernelModules = [ "kvm-intel" ];
machine #   boot.extraModulePackages = [ ];
machine # 
machine #   fileSystems."/" =
machine #     { device = "/dev/vda3";
machine #       fsType = "btrfs";
machine #       options = [ "subvol=nixos in space" ];
machine #     };
machine # 
machine #   fileSystems."/boot" =
machine #     { device = "/dev/vda3";
machine #       fsType = "btrfs";
machine #       options = [ "subvol=boot" ];
machine #     };
machine # 
machine #   swapDevices =
machine #     [ { device = "/dev/disk/by-uuid/4de013db-0b9a-4902-8301-5b01087bbec4"; }
machine #     ];
machine # 
machine #   # Enables DHCP on each ethernet and wireless interface. In case of scripted networking
machine #   # (the default) this is the recommended approach. When using systemd-networkd it's
machine #   # still possible to use this option, but it's recommended to use it in conjunction
machine #   # with explicit per-interface declarations with `networking.interfaces.<interface>.useDHCP`.
machine #   networking.useDHCP = lib.mkDefault true;
machine #   # networking.interfaces.eth0.useDHCP = lib.mkDefault true;
machine # 
machine #   nixpkgs.hostPlatform = lib.mkDefault "x86_64-linux";
machine #   hardware.cpu.intel.updateMicrocode = lib.mkDefault config.hardware.enableRedistributableFirmware;
machine # }
(finished: must succeed: cat /mnt/etc/nixos/hardware-configuration.nix >&2, in 0.11 seconds)
machine: must succeed: mkdir -p /tmp/shared/tmpxa89cszt
(finished: must succeed: mkdir -p /tmp/shared/tmpxa89cszt, in 0.04 seconds)
machine: must succeed: mkdir -p /mnt/etc/nixos
(finished: must succeed: mkdir -p /mnt/etc/nixos, in 0.04 seconds)
machine: must succeed: cp -r /tmp/shared/tmpxa89cszt/p0wcah8mscf24p5rjbxn1dw1hp56fidk-configuration.nix /mnt/etc/nixos/configuration.nix
(finished: must succeed: cp -r /tmp/shared/tmpxa89cszt/p0wcah8mscf24p5rjbxn1dw1hp56fidk-configuration.nix /mnt/etc/nixos/configuration.nix, in 0.06 seconds)
machine: must succeed: mkdir -p /tmp/shared/tmpb0kxfgun
(finished: must succeed: mkdir -p /tmp/shared/tmpb0kxfgun, in 0.05 seconds)
machine: must succeed: mkdir -p /mnt/etc/nixos
(finished: must succeed: mkdir -p /mnt/etc/nixos, in 0.03 seconds)
machine: must succeed: cp -r /tmp/shared/tmpb0kxfgun/kfx27q2scxy6aqrg0z7jsqz13bv22x27-secret /mnt/etc/nixos/secret
(finished: must succeed: cp -r /tmp/shared/tmpb0kxfgun/kfx27q2scxy6aqrg0z7jsqz13bv22x27-secret /mnt/etc/nixos/secret, in 0.05 seconds)
(finished: subtest: Create the NixOS configuration, in 1.07 seconds)
subtest: Perform the installation
machine: must succeed: nixos-install < /dev/null >&2
machine # copying channel...
machine # building the configuration in /mnt/etc/nixos/configuration.nix...
machine # these 227 derivations will be built:
machine #   /nix/store/01azjqnkv7yyrg282wdl65lngf855vbz-audit-disable.drv
machine #   /nix/store/w6fqwsi0by5ajj93m56nj7h3rq887n2m-unit-script-network-local-commands-start.drv
machine #   /nix/store/02kdz66wk077xz9hhq35m4vix7ga3yfm-unit-network-local-commands.service.drv
machine #   /nix/store/cqpk8wj5b6bkfzgp71w3w8ra428q3inq-mount-pstore.sh.drv
machine #   /nix/store/07j4zyfljazak1jcikwl1qh6xk78bq4f-unit-mount-pstore.service.drv
machine #   /nix/store/09m9hpvj9wz0sccy3z6pcb7r6jr4yr50-vlock.pam.drv
machine #   /nix/store/12l5cd0aywmapdcrpx7iizj74ia64hfn-other.pam.drv
machine #   /nix/store/133raxrib512vsznnqw3i8l3il7s0ca0-chfn.pam.drv
machine #   /nix/store/bpkn7riz11mdmalrl8pq6cr5drjqkrs2-find-libs.drv
machine #   /nix/store/w50fjv08waapjpi79vq4mm8kls87xyzx-nuke-references.drv
machine #   /nix/store/1avrhix4b22wplyayyrijjw88na9wh0c-extra-utils.drv
machine #   /nix/store/1bygfchgc9fwkhmwdxkyvf4yav1nnmdy-etc-logind.conf.drv
machine #   /nix/store/4l9b9bv6zdgjhi5cd4r3l1lbzvm83992-extra-hwdb-file.drv
machine #   /nix/store/b0fchk8yv6da2zqwn5b7q8i39xmap3vv-ipv6-privacy-extensions.rules.drv
machine #   /nix/store/cny9vqxh7i7cx92pcfjxmhcx5ymrs5zx-ipv6-privacy-extensions.rules.drv
machine #   /nix/store/rnf84p4l27da1rz7xz2cdbbf2aykvm6q-extra-udev-rules.drv
machine #   /nix/store/1cn3jx9977m8r4j1lha8ai6ir718kbll-hwdb.bin.drv
machine #   /nix/store/1hcw5179k1z9958difk7kw1ib57igm0y-locale.conf.drv
machine #   /nix/store/2qvzqpb2kp24y0qrs4wx5q3d2wi49bzq-extra-hosts.drv
machine #   /nix/store/7y5r99l0rpcmj3pnihfhnzgypxin1mls-localhost-hosts.drv
machine #   /nix/store/f31s46w2wscpbdmlgsarlrn5vh9qg4rf-string-hosts.drv
machine #   /nix/store/1jp6sm62ijhpdl88q41c65mmdqkw4p1c-hosts.drv
machine #   /nix/store/2vh2wgg28jk8j69jkbc4cnhlp7i2b1ph-builder.pl.drv
machine #   /nix/store/7043vvxwq7gg962pmrzr0yxx93z01zw8-die-hook.drv
machine #   /nix/store/q5ynfl04kpa2hj470a7has6932cyhy8c-make-shell-wrapper-hook.drv
machine #   /nix/store/1p6y3swzp8b0cxlq8sj6a9pc8vbbsh1m-perl-5.36.0-env.drv
machine #   /nix/store/1ww9ylqnfdwa5mln5wz80h4398rf5zwk-link-units.drv
machine #   /nix/store/2i45izg52hlp0lypf2wgb8y18ryr1mwj-initrd-kmod-blacklist-ubuntu.drv
machine #   /nix/store/3y5bmg0b8dlfk078gs8lmwxp3d06h011-etc-nixos.conf.drv
machine #   /nix/store/c781az2d8frl1lw8lq9xvwf43m9zzymh-mdadm.conf.drv
machine #   /nix/store/3qfhx23yz45jwv5mlra78881v52vz8sz-initrd-fsinfo.drv
machine #   /nix/store/7bq6lx9862c11ay4hc7v2jhz5y0ypilk-linux-6.1.15-modules.drv
machine #   /nix/store/rvrkm2fysv2d7qanlb5dd7navgzgprgv-firmware.drv
machine #   /nix/store/c86vydjalf2zmsj2d8l6lbw18bqbb6hn-linux-6.1.15-modules-shrunk.drv
machine #   /nix/store/gpwqv8zrbrdgbnf7y0fhlvsf0gcrhs4s-udev-rules.drv
machine #   /nix/store/qcxa9b6n5yaxhwyv7lgnidj92liwkd96-mounts.sh.drv
machine #   /nix/store/f90lhhwvmr6ah8ddb8x7llhwjih7mwyh-stage-1-init.sh.drv
machine #   /nix/store/1ybia2vlpqvih4ajq8sj0hfdqnps930d-initrd-linux-6.1.15.drv
machine #   /nix/store/21rf5jl2ly29s216kmba6cy5k24m3mm0-systemd-default-tmpfiles.drv
machine #   /nix/store/cx73g2b8licbpkc7xswvc07v91q9fxwf-etc-journald.conf.drv
machine #   /nix/store/28f26zzvi9qlr4kgb357fw3lgjc0nj5f-unit-systemd-journald.service.drv
machine #   /nix/store/28gs5pp763zb5212qs1lccywxa9a7m9r-etc-firmware.conf.drv
machine #   /nix/store/fas1z8xiv6v16qj5i73pbh3rz00mnzgl-unit-script-post-resume-start.drv
machine #   /nix/store/2am2zfjd8jhacqmd85rfwgrw9m07gbkq-unit-post-resume.service.drv
machine #   /nix/store/2d51dngi1bkr1vk2xqcbbn1iaklb2js0-etc-lsb-release.drv
machine #   /nix/store/lg54ia805pjw8y5f3bzjgbpkq38lvfii-etc-60-nixos.conf.drv
machine #   /nix/store/2hqv5cv9lzq802h7sh3b5jipy0qhby0r-unit-systemd-sysctl.service.drv
machine #   /nix/store/2iiaqy2pldh76l4psawwx1k12nm8nll5-client.conf.drv
machine #   /nix/store/h6cr5svyrkwd6jrz6jkl9k5xlh1lx5s8-nixos-container.drv
machine #   /nix/store/3515wj4bl0wzq6pcvsza488c08054wj9-reload-container.drv
machine #   /nix/store/38pzimacgnxgxxss9ya1sfzwqx1hz3ka-unit-nscd.service.drv
machine #   /nix/store/ppw8c959nc40dilh2rdzhpqypmjbsdvn-udev-path.drv
machine #   /nix/store/3bsvm4g2wx7pvsnxkbfh9875fvw8ffmh-udev-rules.drv
machine #   /nix/store/50g6ab9yvk8qxy4i271l70s9gd4sijbj-perl-5.36.0-env.drv
machine #   /nix/store/8v344qfmmjzsafdn378yr7abnw7jl39f-perl-5.36.0-env.drv
machine #   /nix/store/97lny9a4n1k3z79skkgc3h28jmxvbmb4-users-groups.json.drv
machine #   /nix/store/ci6vlnq7ssp9y5y32crhdwyrcg3qrx0q-kernel-modules.drv
machine #   /nix/store/d2wayhbqyr2h6xb9p6v5sgrbpg92v81c-ensure-all-wrappers-paths-exist.drv
machine #   /nix/store/pypzw4rka2bkak2aqp89lb16v9xf9q4m-local-cmds.drv
machine #   /nix/store/f5y797cjnhn333556izjadbs3l9bzr3m-stage-2-init.sh.drv
machine #   /nix/store/rkvlw69wqbf1j748l76ck96zqpri02qy-perl-5.36.0-env.drv
machine #   /nix/store/5b3yyj3kjjqc9f0hlqmqnwy5agd3r366-command-not-found.drv
machine #   /nix/store/7c22k6lq520h6w1lhgc17hhpy01ki35z-nixos-rebuild.drv
machine #   /nix/store/ahp4q76nm2zf1nv86s85rncp24jwv73m-nixos-generate-config.drv
machine #   /nix/store/arwl9cswf7x65il3m9lgv8g4xnsxsixs-nixos-enter.drv
machine #   /nix/store/b0nzimqaan68ql685s24dhbcfbb713qm-getconf-glibc-2.35-224.drv
machine #   /nix/store/dy6l8fmx164ps3nz3xlhwvx6qa118yqi-nixos-build-vms.drv
machine #   /nix/store/mn7m1yg25skmvc5h4ylxs8c4jhic6a6d-nixos-install.drv
machine #   /nix/store/nx9dkia8328rf31yb4piiw0p7k32gz91-nixos-version.drv
machine #   /nix/store/svvjvyh8npdwcslnw1apsz8fk4dji0yv-system-path.drv
machine #   /nix/store/wk6g7nh37bj1d9bxhra18vy15lpbxhqf-append-initrd-secrets.drv
machine #   /nix/store/3lwzrzmark7qwfqhng7rnmiwr7niax6f-etc-lvm.conf.drv
machine #   /nix/store/464w5d6dhxxv461srl2bjs1gh7qw6hmq-system-generators.drv
machine #   /nix/store/9f1q1mgbdxrak8rwvq77vkcnwhmyrnab-nixos-tmpfiles.d.drv
machine #   /nix/store/47lprrwx1mayv2frajmycqmxvvzz03vf-tmpfiles.d.drv
machine #   /nix/store/5fdq6k4v0wqn83984634ng98l9h1fgc7-etc-user.conf.drv
machine #   /nix/store/5hfvzf3qf8b8rh8kfx28csbhips0vvqp-i3lock-color.pam.drv
machine #   /nix/store/5p9z1kqg8w580y9jd095jb8fya4nxahy-i3lock.pam.drv
machine #   /nix/store/s5p8k8mc6jpk6aicxqa6j2lrq1d15dqq-desktops.drv
machine #   /nix/store/6anv7qkzxix37n3b7g6vma87knh7332m-etc-environment.drv
machine #   /nix/store/7wwy74j7j5jdw7yzwngy188kz3mdfhmr-etc-fstab.drv
machine #   /nix/store/84xhi1r2xvw96628viyx3jcmv7pr6ymp-xlock.pam.drv
machine #   /nix/store/8fpa3d4vc07xszvx48cjggk3v4l746hl-xscreensaver.pam.drv
machine #   /nix/store/8hahv02ympkl6966nnq3l5r7z35fkbip-systemd-user.pam.drv
machine #   /nix/store/8ikik8j01xi823j1mnrpyzvjz9f4gzby-etc-host.conf.drv
machine #   /nix/store/9x2nv207lbbypd3cp75h4pbsci2cr8h6-su.pam.drv
machine #   /nix/store/3hk02pa22lpcfbnk5wsrwaz1a8lz2v5z-unit-run-initramfs.mount.drv
machine #   /nix/store/vls3wp5snqixkrhns1758a5siimbd2p5-unit-script-network-setup-start.drv
machine #   /nix/store/3km6vrhb5q7aid3h3rv9mk590bs0ry65-unit-network-setup.service.drv
machine #   /nix/store/3n2pzmshjzpsq9pa0adbqa0x60r6m4js-unit-systemd-journal-flush.service.drv
machine #   /nix/store/njll11mhvzfbbd4a5nngc05gzxadym28-unit-script-pre-sleep-start.drv
machine #   /nix/store/3vg1q5sa5andq61sa2halyzzc4im6x68-unit-pre-sleep.service.drv
machine #   /nix/store/467xgd1snkyp717h2xqqvv1dn8pahv21-unit-systemd-journal-gatewayd.socket.drv
machine #   /nix/store/48sc1j9rrx88248d36ysh844wk6slvjz-unit-network-interfaces.target.drv
machine #   /nix/store/4i6skz3f0i7fkjvbckn0yypjai1gybnq-unit-systemd-logind.service.drv
machine #   /nix/store/xj3k8nfanfxg8achhmj60d8alw7q5s3g-audit-stop.drv
machine #   /nix/store/5nvq20b0s7v53kcdfylw2si8xr9r7b42-unit-audit.service.drv
machine #   /nix/store/62k8llr753x3nq72yn09mqzcwq8n0cgb-unit-serial-getty-.service.drv
machine #   /nix/store/m5m0a6l1bgyxj4i8lf09fgxw9bdz154h-logrotate.conf.drv
machine #   /nix/store/6kjwbx0lpmiqca0mi6dz8vwbri6yav50-unit-logrotate.service.drv
machine #   /nix/store/6miggljj3mk82apdgcsf1i640sagmwgx-unit-systemd-importd.service.drv
machine #   /nix/store/6szbf51lf2d366cldpkn57psbzsylzlw-unit-systemd-udev-settle.service.drv
machine #   /nix/store/76k6hh41v9ihyxhwa70sqx0rgxyybc12-unit-logrotate-checkconf.service.drv
machine #   /nix/store/7wzxaj81fkc805qzscy8hjayiyayc80v-unit-kmod-static-nodes.service.drv
machine #   /nix/store/9j6677f2ph61kqwm20cyiili9gpssmvh-unit-user-runtime-dir-.service.drv
machine #   /nix/store/n5bhfkf105vhg6vbcf25dr4g9psbwy33-etc-timesyncd.conf.drv
machine #   /nix/store/9lnvv19fnfh6c56grln6hsnalk2zlh01-unit-systemd-timesyncd.service.drv
machine #   /nix/store/9v1s49wfkzbayw7cdm5zkxwfz764s4jf-unit-nix-optimise.service.drv
machine #   /nix/store/9x126g5j9n02dx4fqjbaa23fqhkgzcj6-unit-systemd-journald-.service.drv
machine #   /nix/store/arlir0hjvi7lrrg7cxx6fm46cxvhcgw7-unit-systemd-random-seed.service.drv
machine #   /nix/store/avp1myx6lkinqmir6rwlnv2iw4is2cin-unit--.slice.drv
machine #   /nix/store/azxhzm9gpg1cznkxabqfy8bnannazqh8-unit-autovt-.service.drv
machine #   /nix/store/bgcww5k4z90pw9pjy0kf6q2w2r2lxjxv-unit-console-getty.service-disabled.drv
machine #   /nix/store/bm7qhpzip147xgf3qk904prlf1xs75x4-unit-systemd-oomd.service.drv
machine #   /nix/store/bylinzvw3xff7cviqwwrw65dh5nv0ls8-unit-logrotate.timer.drv
machine #   /nix/store/c2ylrp0nvqnxz0p36gkqpjns102rsxaq-unit-system.slice.drv
machine #   /nix/store/3ka0rdwjg8pg61mfvgsml43x9bb5px7k-dhcpcd.conf.drv
machine #   /nix/store/lsx4r46d7q6syl5ziqn6w8byk22m0knq-dhcpcd.exit-hook.drv
machine #   /nix/store/clgai7nacmlbr1gmf6gv04ddya962wff-unit-dhcpcd.service.drv
machine #   /nix/store/w6gmdxy0v5cqjmq1dgprixv177gsm5gn-etc-resolvconf.conf.drv
machine #   /nix/store/d328x69kxwx28c9z4sbd4jh1v1mkpbsh-unit-resolvconf.service.drv
machine #   /nix/store/3wi8rzdjays9izrh0r4fy7427ncbypw8-unit-script-nix-gc-start.drv
machine #   /nix/store/da4inhb6bm3pn3wnl4rf9q90ypwv92dc-unit-nix-gc.service.drv
machine #   /nix/store/bqqacjshlyy5908wrfiyx22bamglvm9c-dbus-1.drv
machine #   /nix/store/fc7dgz1l0l0s81krvyan7z59a3yaz04w-unit-dbus.service.drv
machine #   /nix/store/44k3k8ywygaz0mzna4v6x7grkvac3jh1-unit-script-container_-post-start.drv
machine #   /nix/store/h3933pdqvvpdjf5g5yr60w8w75bj7v7l-container-init.drv
machine #   /nix/store/736gnvj07ayq96wy20k3v4ibwn49w0av-unit-script-container_-start.drv
machine #   /nix/store/d62l1q7432pkg1kwzv3rrzwgn4mdix9q-unit-script-container_-pre-start.drv
machine #   /nix/store/gf4drnrwq4n5qhbcwv8f79x3bq9asjpy-unit-container-.service.drv
machine #   /nix/store/rb0715m8amvlzbaanshqgyiazfmp6p28-vconsole.conf.drv
machine #   /nix/store/ygm83hf2j99lw3hh1f3qd39p0rkl2d4p-console-env.drv
machine #   /nix/store/i6m2w72zna0njrsi25v8jwbkmq7fpykk-unit-reload-systemd-vconsole-setup.service.drv
machine #   /nix/store/i7b819gafp3i2xs6g2d27hx2zzbyjml0-unit-save-hwclock.service.drv
machine #   /nix/store/ih8ja0gjzd9c7ys795j9mjjk08ja7ml9-unit-systemd-remount-fs.service.drv
machine #   /nix/store/kd2z1cdlkfgrn34slnn94sx0wcb1k0kn-unit-systemd-user-sessions.service.drv
machine #   /nix/store/lcynz9h5rhdkiz9v93zr1wrkaair1k4d-unit-container-getty-.service.drv
machine #   /nix/store/lpjl0dpppsymal28i01gpcsnghky3y0z-unit-fs.target.drv
machine #   /nix/store/m31nrg6jsy3b62wm156j85khkrnxwl2x-unit-serial-getty-hvc0.service-disabled.drv
machine #   /nix/store/mk71p54xxk45zadhb5v03dkzvh3ri932-unit-systemd-pstore.service.drv
machine #   /nix/store/mvnig7c0jzpy27vvisxmdmks8cj8j1hn-unit-post-resume.target.drv
machine #   /nix/store/ndfbyizdqpp2dbpcc92364c4gww2pzgn-unit-serial-getty-ttyS0.service-disabled.drv
machine #   /nix/store/fbbfncdljlrdcah460vnhw637pia0sxx-shutdown-ramfs-contents.drv
machine #   /nix/store/njn1avxj3yyrwcsi0fm5790mxcjyp7yi-unit-generate-shutdown-ramfs.service.drv
machine #   /nix/store/p2ivl2syx0aq5j6dkpcaidi3pdwswkqb-unit-nix-daemon.socket.drv
machine #   /nix/store/p6b4x4kbdjc02xi74bgjbddik4rs194n-unit-systemd-udevd.service.drv
machine #   /nix/store/pgqqhfjpb5q3711yc385l3mjcswlziiz-unit-multi-user.target.drv
machine #   /nix/store/pljszdgayzi956rxk5g2n9hx0l4lbrir-unit-keys.target.drv
machine #   /nix/store/95c98j4cwbr9bbgqnyi605phs8sr91xv-unit-script-prepare-kexec-start.drv
machine #   /nix/store/qrykzkr0in1m6ddfki1rkgv2ggzp7jdy-unit-prepare-kexec.service.drv
machine #   /nix/store/s8hiz3dykprbpygy5z4sziyzq542la4x-unit-systemd-timedated.service.drv
machine #   /nix/store/s9k3xvw76dnbk1ni1ai98imjdz5z94l2-unit-user-.service.drv
machine #   /nix/store/n5v0bi3399bgq362zla65p6jmmw0y2lr-nixos.conf.drv
machine #   /nix/store/sg3mc70jdi3ba76k52m76vmm8rwa96zy-unit-systemd-modules-load.service.drv
machine #   /nix/store/si7sg4kjhvm2hnjp2nd4n9nzpdqr4fpm-unit-remote-fs.target.drv
machine #   /nix/store/srb4jzr9gxda2ag4kwl93gfgk0m8v1n8-unit-getty-.service.drv
machine #   /nix/store/vyx4glww4k1fni7hnayndwb83pnlkvmy-unit-systemd-fsck-.service.drv
machine #   /nix/store/w1cjk1giaph626hpcsi73j1i3p5gjhqf-unit-network-online.target.drv
machine #   /nix/store/wbrmnfjq8h9a0gfrws4kmwj7h5h61mdd-unit-local-fs.target.drv
machine #   /nix/store/qrp1lpgdaxhqv1cmcb9nc9iaqzcl1889-nix.conf.drv
machine #   /nix/store/wh0v9csjbd8w89ay8jl37g35qf0qmbna-unit-nix-daemon.service.drv
machine #   /nix/store/7sq69wgmncj1x4lbv7r4ppc2k81dbk8z-unit-script-backdoor-start.drv
machine #   /nix/store/wkbnmx88agwg3z489jkx2pcp9fa4fdw7-unit-backdoor.service.drv
machine #   /nix/store/x0cxhdhvf6hh867dz0j80ws2ksh6dpk5-unit-systemd-update-utmp.service.drv
machine #   /nix/store/g3fvnsbm6yx77p7bg6cc4imsjpc3krml-firewall-stop.drv
machine #   /nix/store/gsx4xmbnbnsjd3ssynpps8bhjfnpnvz2-firewall-start.drv
machine #   /nix/store/w1gpi0v2k7gzkgwxangxkx5p2337ci4b-firewall-reload.drv
machine #   /nix/store/xlslcli1lr3bpmk9kc649lr6ajh2ia0a-unit-firewall.service.drv
machine #   /nix/store/ycs12bg8xcqw9yw3r397ij0n93k6ky6w-unit-systemd-backlight-.service.drv
machine #   /nix/store/an14aswvx5jzl5sxyk0p7hp0nsaf3g1f-system-units.drv
machine #   /nix/store/ay0fnpac4n5x17ipn9pivalpvp6mncqg-etc-nanorc.drv
machine #   /nix/store/bq7wh12b70rs6dplq9vzhb1ghkwfxaqf-userdel.pam.drv
machine #   /nix/store/bwcsqkz9vkydzh47npa93cfqi8jgpyrp-system-shutdown.drv
machine #   /nix/store/ca9vq86nm1gphnhigigfx2f402dzjyvp-runuser-l.pam.drv
machine #   /nix/store/jnpvssirfjlgg8iqgm9hx2vsx81xplhr-unit-script-nixos-activation-start.drv
machine #   /nix/store/6rvsymzav7d77aw4ri7lh56w4xax0mhw-unit-nixos-activation.service.drv
machine #   /nix/store/bcm50vcrpcbn9ix8j9b47zclv9kn7c6w-unit-dbus.service.drv
machine #   /nix/store/d84fd09683xmf549hirysbcm3wc6ljiz-unit-graphical-session.target.drv
machine #   /nix/store/gp1x6gzwrr06b14c67d6xf06sag2l99h-unit-dbus.socket.drv
machine #   /nix/store/wyzs7n53x23rmlkszwzdbs4p3hnxqvkc-unit-systemd-tmpfiles-setup.service.drv
machine #   /nix/store/cik5xhqz81r2zmk42vv90lgnpg9gpya0-user-units.drv
machine #   /nix/store/cslw59dshcn02n7pznwfcjjnhz5av38z-etc-shells.drv
machine #   /nix/store/f0ya006m6k12q49az7jd5d8gzxakx7xa-etc-system.conf.drv
machine #   /nix/store/fp9bahc43ri3qhgl89v8jw0yjmf9asbm-chsh.pam.drv
machine #   /nix/store/n6civ62wybf3byjz63bjcgjlvh77c9fb-systemd.drv
machine #   /nix/store/fydpjhwcir57pkyxjrazk3xnylf35aqs-50-coredump.conf.drv
machine #   /nix/store/gch117m729pizyc0k8p13sgp6qka94j0-useradd.pam.drv
machine #   /nix/store/gmq81fkb5s11f67vm0zf0nqj6m36imxz-groupdel.pam.drv
machine #   /nix/store/hbbr9w5ydqngr9b3jfyf7plyp0aqpbnf-groupmod.pam.drv
machine #   /nix/store/k2sg87pa05qwmvbrfhak5jc27mg3fn0l-etc-sleep.conf.drv
machine #   /nix/store/kw03926ry8jyg7zh0nnafi6sx3mvwxrn-etc-bashrc.drv
machine #   /nix/store/l3d1yxpgkakpj01jg5jzanjldj7j1357-etc-man_db.conf.drv
machine #   /nix/store/lczgcg1bpcf9lxvfadhr586rjmzdcm84-etc-hostname.drv
