building '/nix/store/5dkcq8wg6qcmvaavm1blaik9gg42ijq8-nixos-test-driver-installer-bcachefs-multi.drv'...
     1  # This file contains type hints that can be prepended to Nix test scripts so they can be type
     2  # checked.
     3  
     4  from test_driver.driver import Driver
     5  from test_driver.vlan import VLan
     6  from test_driver.machine import Machine
     7  from test_driver.logger import Logger
     8  from typing import Callable, Iterator, ContextManager, Optional, List, Dict, Any, Union
     9  from typing_extensions import Protocol
    10  from pathlib import Path
    11  
    12  
    13  class RetryProtocol(Protocol):
    14      def __call__(self, fn: Callable, timeout: int = 900) -> None:
    15          raise Exception("This is just type information for the Nix test driver")
    16  
    17  
    18  class PollingConditionProtocol(Protocol):
    19      def __call__(
    20          self,
    21          fun_: Optional[Callable] = None,
    22          *,
    23          seconds_interval: float = 2.0,
    24          description: Optional[str] = None,
    25      ) -> Union[Callable[[Callable], ContextManager], ContextManager]:
    26          raise Exception("This is just type information for the Nix test driver")
    27  
    28  
    29  start_all: Callable[[], None]
    30  subtest: Callable[[str], ContextManager[None]]
    31  retry: RetryProtocol
    32  test_script: Callable[[], None]
    33  machines: List[Machine]
    34  vlans: List[VLan]
    35  driver: Driver
    36  log: Logger
    37  create_machine: Callable[[Dict[str, Any]], Machine]
    38  run_tests: Callable[[], None]
    39  join_all: Callable[[], None]
    40  serial_stdout_off: Callable[[], None]
    41  serial_stdout_on: Callable[[], None]
    42  polling_condition: PollingConditionProtocol
    43  machine: Machine;
    44  
    45  def assemble_qemu_flags():
    46      flags = "-cpu max"
    47      flags += " -m 1024"
    48      return flags
    49  
    50  
    51  qemu_flags = {"qemuFlags": assemble_qemu_flags()}
    52  
    53  hd_flags = {
    54      "hdaInterface": "virtio",
    55      "hda": "vm-state-machine/machine.qcow2",
    56  }
    57  
    58  default_flags = {**hd_flags, **qemu_flags}
    59  
    60  
    61  def create_machine_named(name):
    62      return create_machine({**default_flags, "name": name})
    63  
    64  
    65  machine.start()
    66  
    67  with subtest("Assert readiness of login prompt"):
    68      machine.succeed("echo hello")
    69  
    70  with subtest("Wait for hard disks to appear in /dev"):
    71      machine.succeed("udevadm settle")
    72  
    73  machine.succeed(
    74    "flock /dev/vda parted --script /dev/vda -- mklabel msdos"
    75    + " mkpart primary ext2 1M 100MB"          # /boot
    76    + " mkpart primary linux-swap 100M 1024M"  # swap
    77    + " mkpart primary 1024M 4096M"            # /
    78    + " mkpart primary 4096M -1s",             # /
    79    "udevadm settle",
    80    "mkswap /dev/vda2 -L swap",
    81    "swapon -L swap",
    82    "mkfs.bcachefs -L root --metadata_replicas 2 --foreground_target ssd --promote_target ssd --background_target hdd --label ssd /dev/vda3 --label hdd /dev/vda4",
    83    "mount -t bcachefs /dev/vda3:/dev/vda4 /mnt",
    84    "mkfs.ext3 -L boot /dev/vda1",
    85    "mkdir -p /mnt/boot",
    86    "mount /dev/vda1 /mnt/boot",
    87  )
    88  
    89  
    90  with subtest("Create the NixOS configuration"):
    91      machine.succeed("nixos-generate-config --root /mnt")
    92      machine.succeed("cat /mnt/etc/nixos/hardware-configuration.nix >&2")
    93      machine.copy_from_host(
    94          "/nix/store/p0wcah8mscf24p5rjbxn1dw1hp56fidk-configuration.nix",
    95          "/mnt/etc/nixos/configuration.nix",
    96      )
    97      machine.copy_from_host("/nix/store/kfx27q2scxy6aqrg0z7jsqz13bv22x27-secret", "/mnt/etc/nixos/secret")
    98  
    99  with subtest("Perform the installation"):
   100      machine.succeed("nixos-install < /dev/null >&2")
   101  
   102  with subtest("Do it again to make sure it's idempotent"):
   103      machine.succeed("nixos-install < /dev/null >&2")
   104  
   105  with subtest("Check that we can build things in nixos-enter"):
   106      machine.succeed(
   107          """
   108          nixos-enter -- nix-build --option substitute false -E 'derivation {
   109              name = "t";
   110              builder = "/bin/sh";
   111              args = ["-c" "echo nixos-enter build > $out"];
   112              system = builtins.currentSystem;
   113              preferLocalBuild = true;
   114          }'
   115          """
   116      )
   117  
   118  with subtest("Shutdown system after installation"):
   119      machine.succeed("umount -R /mnt")
   120      machine.succeed("sync")
   121      machine.shutdown()
   122  
   123  # Now see if we can boot the installation.
   124  machine = create_machine_named("boot-after-install")
   125  
   126  # For example to enter LUKS passphrase.
   127  
   128  
   129  with subtest("Assert that /boot get mounted"):
   130      machine.wait_for_unit("local-fs.target")
   131      machine.succeed("test -e /boot/grub")
   132  
   133  with subtest("Check whether /root has correct permissions"):
   134      assert "700" in machine.succeed("stat -c '%a' /root")
   135  
   136  with subtest("Assert swap device got activated"):
   137      # uncomment once https://bugs.freedesktop.org/show_bug.cgi?id=86930 is resolved
   138      machine.wait_for_unit("swap.target")
   139      machine.succeed("cat /proc/swaps | grep -q /dev")
   140  
   141  with subtest("Check that the store is in good shape"):
   142      machine.succeed("nix-store --verify --check-contents >&2")
   143  
   144  with subtest("Check whether the channel works"):
   145      machine.succeed("nix-env -iA nixos.procps >&2")
   146      assert ".nix-profile" in machine.succeed("type -tP ps | tee /dev/stderr")
   147  
   148  with subtest(
   149      "Check that the daemon works, and that non-root users can run builds "
   150      "(this will build a new profile generation through the daemon)"
   151  ):
   152      machine.succeed("su alice -l -c 'nix-env -iA nixos.procps' >&2")
   153  
   154  with subtest("Configure system with writable Nix store on next boot"):
   155      # we're not using copy_from_host here because the installer image
   156      # doesn't know about the host-guest sharing mechanism.
   157      machine.copy_from_host_via_shell(
   158          "/nix/store/32i5r5ijwl110ap2600qvb9vpqmv8air-configuration.nix",
   159          "/etc/nixos/configuration.nix",
   160      )
   161  
   162  with subtest("Check whether nixos-rebuild works"):
   163      machine.succeed("nixos-rebuild switch >&2")
   164  
   165  # FIXME: Nix 2.4 broke nixos-option, someone has to fix it.
   166  # with subtest("Test nixos-option"):
   167  #     kernel_modules = machine.succeed("nixos-option boot.initrd.kernelModules")
   168  #     assert "virtio_console" in kernel_modules
   169  #     assert "List of modules" in kernel_modules
   170  #     assert "qemu-guest.nix" in kernel_modules
   171  
   172  machine.shutdown()
   173  
   174  # Check whether a writable store build works
   175  machine = create_machine_named("rebuild-switch")
   176  
   177  machine.wait_for_unit("multi-user.target")
   178  
   179  # we're not using copy_from_host here because the installer image
   180  # doesn't know about the host-guest sharing mechanism.
   181  machine.copy_from_host_via_shell(
   182      "/nix/store/4wzp7qxzglhnmw5ncnja64ak5b452jpi-configuration.nix",
   183      "/etc/nixos/configuration.nix",
   184  )
   185  machine.succeed("nixos-rebuild boot >&2")
   186  machine.shutdown()
   187  
   188  # And just to be sure, check that the machine still boots after
   189  # "nixos-rebuild switch".
   190  machine = create_machine_named("boot-after-rebuild-switch")
   191  
   192  machine.wait_for_unit("network.target")
   193  
   194  machine.shutdown()
   195  
   196  # Tests for validating clone configuration entries in grub menu
Success: no issues found in 1 source file
start all VLans
(finished: start all VLans, in 0.00 seconds)
additionally exposed symbols:
    ,
    ,
    start_all, test_script, machines, vlans, driver, log, os, create_machine, subtest, run_tests, join_all, retry, serial_stdout_off, serial_stdout_on, polling_condition, Machine
building '/nix/store/1xy6p9caay2r466rnvqsxghxlfnc9j7s-vm-test-run-installer-bcachefs-multi.drv'...
Machine state will be reset. To keep it, pass --keep-vm-state
start all VLans
(finished: start all VLans, in 0.00 seconds)
run the VM test script
additionally exposed symbols:
    machine,
    ,
    start_all, test_script, machines, vlans, driver, log, os, create_machine, subtest, run_tests, join_all, retry, serial_stdout_off, serial_stdout_on, polling_condition, Machine
machine: starting vm
machine # Formatting '/build/vm-state-machine/machine.qcow2', fmt=qcow2 cluster_size=65536 extended_l2=off compression_type=zlib size=17179869184 lazy_refcounts=off refcount_bits=16
machine # Formatting 'empty0.qcow2', fmt=qcow2 cluster_size=65536 extended_l2=off compression_type=zlib size=1073741824 lazy_refcounts=off refcount_bits=16
machine: QEMU running (pid 7)
subtest: Assert readiness of login prompt
machine: must succeed: echo hello
machine: waiting for the VM to finish booting
machine # cSeaBIOS (version rel-1.16.1-0-g3208b098f51a-prebuilt.qemu.org)
machine # 
machine # 
machine # iPXE (http://ipxe.org) 00:03.0 CA00 PCI2.10 PnP PMM+5EFD0C20+5EF30C20 CA00
machine # Press Ctrl-B to configure iPXE (PCI 00:03.0)...
machine # 
machine # 
machine # Booting from ROM...
machine # Probing EDD (edd=off to disable)... ok
machine # c[    0.000000] Linux version 6.1.3 (nixbld@localhost) (gcc (GCC) 12.2.0, GNU ld (GNU Binutils) 2.40) #1-NixOS SMP PREEMPT_DYNAMIC Wed Jan  4 10:29:02 UTC 2023
machine # [    0.000000] Command line: console=ttyS0 panic=1 boot.panic_on_fail clock=acpi_pm loglevel=7 net.ifnames=0 init=/nix/store/sy2p853i92q8xbzfbnycysyzir6pcwj7-nixos-system-machine-23.05pre-git/init regInfo=/nix/store/sif80rwdzgw6awwy8a6m7dpl6kczml6h-closure-info/registration console=ttyS0
machine # [    0.000000] x86/fpu: Supporting XSAVE feature 0x001: 'x87 floating point registers'
machine # [    0.000000] x86/fpu: Supporting XSAVE feature 0x002: 'SSE registers'
machine # [    0.000000] x86/fpu: Supporting XSAVE feature 0x004: 'AVX registers'
machine # [    0.000000] x86/fpu: Supporting XSAVE feature 0x008: 'MPX bounds registers'
machine # [    0.000000] x86/fpu: Supporting XSAVE feature 0x010: 'MPX CSR'
machine # [    0.000000] x86/fpu: Supporting XSAVE feature 0x020: 'AVX-512 opmask'
machine # [    0.000000] x86/fpu: Supporting XSAVE feature 0x040: 'AVX-512 Hi256'
machine # [    0.000000] x86/fpu: Supporting XSAVE feature 0x080: 'AVX-512 ZMM_Hi256'
machine # [    0.000000] x86/fpu: xstate_offset[2]:  576, xstate_sizes[2]:  256
machine # [    0.000000] x86/fpu: xstate_offset[3]:  832, xstate_sizes[3]:   64
machine # [    0.000000] x86/fpu: xstate_offset[4]:  896, xstate_sizes[4]:   64
machine # [    0.000000] x86/fpu: xstate_offset[5]:  960, xstate_sizes[5]:   64
machine # [    0.000000] x86/fpu: xstate_offset[6]: 1024, xstate_sizes[6]:  512
machine # [    0.000000] x86/fpu: xstate_offset[7]: 1536, xstate_sizes[7]: 1024
machine # [    0.000000] x86/fpu: Enabled xstate features 0xff, context size is 2560 bytes, using 'compacted' format.
machine # [    0.000000] signal: max sigframe size: 3632
machine # [    0.000000] BIOS-provided physical RAM map:
machine # [    0.000000] BIOS-e820: [mem 0x0000000000000000-0x000000000009fbff] usable
machine # [    0.000000] BIOS-e820: [mem 0x000000000009fc00-0x000000000009ffff] reserved
machine # [    0.000000] BIOS-e820: [mem 0x00000000000f0000-0x00000000000fffff] reserved
machine # [    0.000000] BIOS-e820: [mem 0x0000000000100000-0x000000005ffd7fff] usable
machine # [    0.000000] BIOS-e820: [mem 0x000000005ffd8000-0x000000005fffffff] reserved
machine # [    0.000000] BIOS-e820: [mem 0x00000000feffc000-0x00000000feffffff] reserved
machine # [    0.000000] BIOS-e820: [mem 0x00000000fffc0000-0x00000000ffffffff] reserved
machine # [    0.000000] random: crng init done
machine # [    0.000000] NX (Execute Disable) protection: active
machine # [    0.000000] extended physical RAM map:
machine # [    0.000000] reserve setup_data: [mem 0x0000000000000000-0x000000000009fbff] usable
machine # [    0.000000] reserve setup_data: [mem 0x000000000009fc00-0x000000000009ffff] reserved
machine # [    0.000000] reserve setup_data: [mem 0x00000000000f0000-0x00000000000fffff] reserved
machine # [    0.000000] reserve setup_data: [mem 0x0000000000100000-0x000000000093aa9f] usable
machine # [    0.000000] reserve setup_data: [mem 0x000000000093aaa0-0x000000000093aaaf] usable
machine # [    0.000000] reserve setup_data: [mem 0x000000000093aab0-0x000000005ffd7fff] usable
machine # [    0.000000] reserve setup_data: [mem 0x000000005ffd8000-0x000000005fffffff] reserved
machine # [    0.000000] reserve setup_data: [mem 0x00000000feffc000-0x00000000feffffff] reserved
machine # [    0.000000] reserve setup_data: [mem 0x00000000fffc0000-0x00000000ffffffff] reserved
machine # [    0.000000] SMBIOS 2.8 present.
machine # [    0.000000] DMI: QEMU Standard PC (i440FX + PIIX, 1996), BIOS rel-1.16.1-0-g3208b098f51a-prebuilt.qemu.org 04/01/2014
machine # [    0.000000] Hypervisor detected: KVM
machine # [    0.000000] kvm-clock: Using msrs 4b564d01 and 4b564d00
machine # [    0.000001] kvm-clock: using sched offset of 582128630 cycles
machine # [    0.000005] clocksource: kvm-clock: mask: 0xffffffffffffffff max_cycles: 0x1cd42e4dffb, max_idle_ns: 881590591483 ns
machine # [    0.000011] tsc: Detected 3311.998 MHz processor
machine # [    0.000732] last_pfn = 0x5ffd8 max_arch_pfn = 0x400000000
machine # [    0.001200] x86/PAT: Configuration [0-7]: WB  WC  UC- UC  WB  WP  UC- WT
machine # [    0.007955] found SMP MP-table at [mem 0x000f5bb0-0x000f5bbf]
machine # [    0.008359] Using GB pages for direct mapping
machine # [    0.008664] RAMDISK: [mem 0x5f342000-0x5ffcffff]
machine # [    0.008731] ACPI: Early table checksum verification disabled
machine # [    0.008890] ACPI: RSDP 0x00000000000F59D0 000014 (v00 BOCHS )
machine # [    0.008914] ACPI: RSDT 0x000000005FFE1D56 000034 (v01 BOCHS  BXPC     00000001 BXPC 00000001)
machine # [    0.008926] ACPI: FACP 0x000000005FFE1BD2 000074 (v01 BOCHS  BXPC     00000001 BXPC 00000001)
machine # [    0.008931] ACPI: DSDT 0x000000005FFE0040 001B92 (v01 BOCHS  BXPC     00000001 BXPC 00000001)
machine # [    0.008934] ACPI: FACS 0x000000005FFE0000 000040
machine # [    0.008937] ACPI: APIC 0x000000005FFE1C46 0000B0 (v01 BOCHS  BXPC     00000001 BXPC 00000001)
machine # [    0.008940] ACPI: HPET 0x000000005FFE1CF6 000038 (v01 BOCHS  BXPC     00000001 BXPC 00000001)
machine # [    0.008943] ACPI: WAET 0x000000005FFE1D2E 000028 (v01 BOCHS  BXPC     00000001 BXPC 00000001)
machine # [    0.008945] ACPI: Reserving FACP table memory at [mem 0x5ffe1bd2-0x5ffe1c45]
machine # [    0.008947] ACPI: Reserving DSDT table memory at [mem 0x5ffe0040-0x5ffe1bd1]
machine # [    0.008947] ACPI: Reserving FACS table memory at [mem 0x5ffe0000-0x5ffe003f]
machine # [    0.008948] ACPI: Reserving APIC table memory at [mem 0x5ffe1c46-0x5ffe1cf5]
machine # [    0.008949] ACPI: Reserving HPET table memory at [mem 0x5ffe1cf6-0x5ffe1d2d]
machine # [    0.008949] ACPI: Reserving WAET table memory at [mem 0x5ffe1d2e-0x5ffe1d55]
machine # [    0.010902] No NUMA configuration found
machine # [    0.010903] Faking a node at [mem 0x0000000000000000-0x000000005ffd7fff]
machine # [    0.010908] NODE_DATA(0) allocated [mem 0x5ffd2000-0x5ffd7fff]
machine # [    0.010933] Zone ranges:
machine # [    0.010934]   DMA      [mem 0x0000000000001000-0x0000000000ffffff]
machine # [    0.010935]   DMA32    [mem 0x0000000001000000-0x000000005ffd7fff]
machine # [    0.010936]   Normal   empty
machine # [    0.010937]   Device   empty
machine # [    0.010938] Movable zone start for each node
machine # [    0.010938] Early memory node ranges
machine # [    0.010939]   node   0: [mem 0x0000000000001000-0x000000000009efff]
machine # [    0.010941]   node   0: [mem 0x0000000000100000-0x000000005ffd7fff]
machine # [    0.010945] Initmem setup node 0 [mem 0x0000000000001000-0x000000005ffd7fff]
machine # [    0.011324] On node 0, zone DMA: 1 pages in unavailable ranges
machine # [    0.011338] On node 0, zone DMA: 97 pages in unavailable ranges
machine # [    0.014126] On node 0, zone DMA32: 40 pages in unavailable ranges
machine # [    0.018444] ACPI: PM-Timer IO Port: 0x608
machine # [    0.018478] ACPI: LAPIC_NMI (acpi_id[0xff] dfl dfl lint[0x1])
machine # [    0.018667] IOAPIC[0]: apic_id 0, version 17, address 0xfec00000, GSI 0-23
machine # [    0.018670] ACPI: INT_SRC_OVR (bus 0 bus_irq 0 global_irq 2 dfl dfl)
machine # [    0.018672] ACPI: INT_SRC_OVR (bus 0 bus_irq 5 global_irq 5 high level)
machine # [    0.018673] ACPI: INT_SRC_OVR (bus 0 bus_irq 9 global_irq 9 high level)
machine # [    0.018678] ACPI: INT_SRC_OVR (bus 0 bus_irq 10 global_irq 10 high level)
machine # [    0.018679] ACPI: INT_SRC_OVR (bus 0 bus_irq 11 global_irq 11 high level)
machine # [    0.018683] ACPI: Using ACPI (MADT) for SMP configuration information
machine # [    0.018684] ACPI: HPET id: 0x8086a201 base: 0xfed00000
machine # [    0.018690] TSC deadline timer available
machine # [    0.018691] smpboot: Allowing 8 CPUs, 0 hotplug CPUs
machine # [    0.018783] kvm-guest: KVM setup pv remote TLB flush
machine # [    0.018818] kvm-guest: setup PV sched yield
machine # [    0.018839] PM: hibernation: Registered nosave memory: [mem 0x00000000-0x00000fff]
machine # [    0.018840] PM: hibernation: Registered nosave memory: [mem 0x0009f000-0x0009ffff]
machine # [    0.018841] PM: hibernation: Registered nosave memory: [mem 0x000a0000-0x000effff]
machine # [    0.018841] PM: hibernation: Registered nosave memory: [mem 0x000f0000-0x000fffff]
machine # [    0.018842] PM: hibernation: Registered nosave memory: [mem 0x0093a000-0x0093afff]
machine # [    0.018843] PM: hibernation: Registered nosave memory: [mem 0x0093a000-0x0093afff]
machine # [    0.018845] [mem 0x60000000-0xfeffbfff] available for PCI devices
machine # [    0.018846] Booting paravirtualized kernel on KVM
machine # [    0.018855] clocksource: refined-jiffies: mask: 0xffffffff max_cycles: 0xffffffff, max_idle_ns: 1910969940391419 ns
machine # [    0.021764] setup_percpu: NR_CPUS:384 nr_cpumask_bits:8 nr_cpu_ids:8 nr_node_ids:1
machine # [    0.022089] percpu: Embedded 61 pages/cpu s212992 r8192 d28672 u262144
machine # [    0.022236] kvm-guest: PV spinlocks enabled
machine # [    0.022238] PV qspinlock hash table entries: 256 (order: 0, 4096 bytes, linear)
machine # [    0.022242] Fallback order for Node 0: 0
machine # [    0.022245] Built 1 zonelists, mobility grouping on.  Total pages: 386775
machine # [    0.022248] Policy zone: DMA32
machine # [    0.022248] Kernel command line: console=ttyS0 panic=1 boot.panic_on_fail clock=acpi_pm loglevel=7 net.ifnames=0 init=/nix/store/sy2p853i92q8xbzfbnycysyzir6pcwj7-nixos-system-machine-23.05pre-git/init regInfo=/nix/store/sif80rwdzgw6awwy8a6m7dpl6kczml6h-closure-info/registration console=ttyS0
machine # [    0.022311] clocksource: clock= boot option is deprecated - use clocksource=xyz
machine # [    0.022342] Unknown kernel command line parameters "regInfo=/nix/store/sif80rwdzgw6awwy8a6m7dpl6kczml6h-closure-info/registration", will be passed to user space.
machine # [    0.022589] Dentry cache hash table entries: 262144 (order: 9, 2097152 bytes, linear)
machine # [    0.022634] Inode-cache hash table entries: 131072 (order: 8, 1048576 bytes, linear)
machine # [    0.022880] mem auto-init: stack:all(zero), heap alloc:off, heap free:off
machine # [    0.025177] Memory: 1494000K/1572312K available (12294K kernel code, 2283K rwdata, 7540K rodata, 1880K init, 4360K bss, 78052K reserved, 0K cma-reserved)
machine # [    0.025287] SLUB: HWalign=64, Order=0-3, MinObjects=0, CPUs=8, Nodes=1
machine # [    0.025300] Kernel/User page tables isolation: enabled
machine # [    0.025313] ftrace: allocating 37053 entries in 145 pages
machine # [    0.033525] ftrace: allocated 145 pages with 3 groups
machine # [    0.034088] Dynamic Preempt: voluntary
machine # [    0.034287] rcu: Preemptible hierarchical RCU implementation.
machine # [    0.034288] rcu:   RCU event tracing is enabled.
machine # [    0.034289] rcu:   RCU restricting CPUs from NR_CPUS=384 to nr_cpu_ids=8.
machine # [    0.034290]        Trampoline variant of Tasks RCU enabled.
machine # [    0.034290]        Rude variant of Tasks RCU enabled.
machine # [    0.034291]        Tracing variant of Tasks RCU enabled.
machine # [    0.034291] rcu: RCU calculated value of scheduler-enlistment delay is 100 jiffies.
machine # [    0.034292] rcu: Adjusting geometry for rcu_fanout_leaf=16, nr_cpu_ids=8
machine # [    0.037241] NR_IRQS: 24832, nr_irqs: 488, preallocated irqs: 16
machine # [    0.037547] rcu: srcu_init: Setting srcu_struct sizes based on contention.
machine # [    0.071484] Console: colour VGA+ 80x25
machine # [    0.689155] printk: console [ttyS0] enabled
machine # [    0.692125] ACPI: Core revision 20220331
machine # [    0.695716] clocksource: hpet: mask: 0xffffffff max_cycles: 0xffffffff, max_idle_ns: 19112604467 ns
machine # [    0.702407] APIC: Switch to symmetric I/O mode setup
machine # [    0.707914] x2apic enabled
machine # [    0.711913] Switched APIC routing to physical x2apic.
machine # [    0.715537] kvm-guest: setup PV IPIs
machine # [    0.725860] ..TIMER: vector=0x30 apic1=0 pin1=2 apic2=-1 pin2=-1
machine # [    0.730175] clocksource: tsc-early: mask: 0xffffffffffffffff max_cycles: 0x2fbd924e8de, max_idle_ns: 440795321919 ns
machine # [    0.737497] Calibrating delay loop (skipped) preset value.. 6623.99 BogoMIPS (lpj=3311998)
machine # [    0.738495] pid_max: default: 32768 minimum: 301
machine # [    0.739516] LSM: Security Framework initializing
machine # [    0.740504] landlock: Up and running.
machine # [    0.741494] Yama: becoming mindful.
machine # [    0.742501] SELinux:  Initializing.
machine # [    0.743509] LSM support for eBPF active
machine # [    0.744513] Mount-cache hash table entries: 4096 (order: 3, 32768 bytes, linear)
machine # [    0.745496] Mountpoint-cache hash table entries: 4096 (order: 3, 32768 bytes, linear)
machine # [    0.748845] x86/cpu: User Mode Instruction Prevention (UMIP) activated
machine # [    0.750747] Last level iTLB entries: 4KB 0, 2MB 0, 4MB 0
machine # [    0.751494] Last level dTLB entries: 4KB 0, 2MB 0, 4MB 0, 1GB 0
machine # [    0.752530] Spectre V1 : Mitigation: usercopy/swapgs barriers and __user pointer sanitization
machine # [    0.753511] Spectre V2 : Mitigation: IBRS
machine # [    0.754494] Spectre V2 : Spectre v2 / SpectreRSB mitigation: Filling RSB on context switch
machine # [    0.755494] Spectre V2 : Spectre v2 / SpectreRSB : Filling RSB on VMEXIT
machine # [    0.756494] RETBleed: Mitigation: IBRS
machine # [    0.757496] Spectre V2 : mitigation: Enabling conditional Indirect Branch Prediction Barrier
machine # [    0.758495] Speculative Store Bypass: Mitigation: Speculative Store Bypass disabled via prctl
machine # [    0.759531] MDS: Mitigation: Clear CPU buffers
machine # [    0.760495] TAA: Mitigation: Clear CPU buffers
machine # [    0.761494] MMIO Stale Data: Vulnerable: Clear CPU buffers attempted, no microcode
machine # [    0.779268] Freeing SMP alternatives memory: 32K
machine # [    0.779876] smpboot: CPU0: Intel(R) Core(TM) i9-9940X CPU @ 3.30GHz (family: 0x6, model: 0x55, stepping: 0x4)
machine # [    0.780605] cblist_init_generic: Setting adjustable number of callback queues.
machine # [    0.781508] cblist_init_generic: Setting shift to 3 and lim to 1.
machine # [    0.782525] cblist_init_generic: Setting shift to 3 and lim to 1.
machine # [    0.783524] cblist_init_generic: Setting shift to 3 and lim to 1.
machine # [    0.784520] Performance Events: Skylake events, full-width counters, Intel PMU driver.
machine # [    0.785522] ... version:                2
machine # [    0.786507] ... bit width:              48
machine # [    0.787507] ... generic registers:      4
machine # [    0.788507] ... value mask:             0000ffffffffffff
machine # [    0.789507] ... max period:             00007fffffffffff
machine # [    0.790521] ... fixed-purpose events:   3
machine # [    0.791507] ... event mask:             000000070000000f
machine # [    0.792828] rcu: Hierarchical SRCU implementation.
machine # [    0.793507] rcu:   Max phase no-delay instances is 400.
machine # [    0.794912] smp: Bringing up secondary CPUs ...
machine # [    0.795762] x86: Booting SMP configuration:
machine # [    0.796524] .... node  #0, CPUs:      #1 #2 #3 #4 #5 #6 #7
machine # [    0.821609] smp: Brought up 1 node, 8 CPUs
machine # [    0.823507] smpboot: Max logical packages: 1
machine # [    0.824507] smpboot: Total of 8 processors activated (52991.96 BogoMIPS)
machine # [    0.826838] devtmpfs: initialized
machine # [    0.827555] x86/mm: Memory block size: 128MB
machine # [    0.828777] clocksource: jiffies: mask: 0xffffffff max_cycles: 0xffffffff, max_idle_ns: 1911260446275000 ns
machine # [    0.829516] futex hash table entries: 2048 (order: 5, 131072 bytes, linear)
machine # [    0.830588] pinctrl core: initialized pinctrl subsystem
machine # [    0.832282] NET: Registered PF_NETLINK/PF_ROUTE protocol family
machine # [    0.832599] DMA: preallocated 256 KiB GFP_KERNEL pool for atomic allocations
machine # [    0.833517] DMA: preallocated 256 KiB GFP_KERNEL|GFP_DMA pool for atomic allocations
machine # [    0.834512] DMA: preallocated 256 KiB GFP_KERNEL|GFP_DMA32 pool for atomic allocations
machine # [    0.835516] audit: initializing netlink subsys (disabled)
machine # [    0.836538] audit: type=2000 audit(1678249410.110:1): state=initialized audit_enabled=0 res=1
machine # [    0.836600] thermal_sys: Registered thermal governor 'bang_bang'
machine # [    0.837508] thermal_sys: Registered thermal governor 'step_wise'
machine # [    0.838507] thermal_sys: Registered thermal governor 'user_space'
machine # [    0.839551] cpuidle: using governor menu
machine # [    0.846824] acpiphp: ACPI Hot Plug PCI Controller Driver version: 0.5
machine # [    0.851144] PCI: Using configuration type 1 for base access
machine # [    0.856555] kprobes: kprobe jump-optimization is enabled. All kprobes are optimized if possible.
machine # [    0.857559] HugeTLB: registered 1.00GiB page size, pre-allocated 0 pages
machine # [    0.858508] HugeTLB: 16380 KiB vmemmap can be freed for a 1.00GiB page
machine # [    0.859507] HugeTLB: registered 2.00MiB page size, pre-allocated 0 pages
machine # [    0.860507] HugeTLB: 28 KiB vmemmap can be freed for a 2.00MiB page
machine # [    0.862561] ACPI: Added _OSI(Module Device)
machine # [    0.863507] ACPI: Added _OSI(Processor Device)
machine # [    0.864508] ACPI: Added _OSI(3.0 _SCP Extensions)
machine # [    0.865507] ACPI: Added _OSI(Processor Aggregator Device)
machine # [    0.867127] ACPI: 1 ACPI AML tables successfully acquired and loaded
machine # [    0.869629] ACPI: Interpreter enabled
machine # [    0.870521] ACPI: PM: (supports S0 S3 S4 S5)
machine # [    0.871524] ACPI: Using IOAPIC for interrupt routing
machine # [    0.872523] PCI: Using host bridge windows from ACPI; if necessary, use "pci=nocrs" and report a bug
machine # [    0.873507] PCI: Using E820 reservations for host bridge windows
machine # [    0.874707] ACPI: Enabled 2 GPEs in block 00 to 0F
machine # [    0.879099] ACPI: PCI Root Bridge [PCI0] (domain 0000 [bus 00-ff])
machine # [    0.879512] acpi PNP0A03:00: _OSC: OS supports [ASPM ClockPM Segments MSI HPX-Type3]
machine # [    0.880508] acpi PNP0A03:00: _OSC: not requesting OS control; OS requires [ExtendedConfig ASPM ClockPM MSI]
machine # [    0.881515] acpi PNP0A03:00: fail to add MMCONFIG information, can't access extended PCI configuration space under this bridge.
machine # [    0.882820] acpiphp: Slot [3] registered
machine # [    0.883575] acpiphp: Slot [4] registered
machine # [    0.884570] acpiphp: Slot [5] registered
machine # [    0.885587] acpiphp: Slot [6] registered
machine # [    0.886577] acpiphp: Slot [7] registered
machine # [    0.887573] acpiphp: Slot [8] registered
machine # [    0.888587] acpiphp: Slot [9] registered
machine # [    0.889584] acpiphp: Slot [10] registered
machine # [    0.890581] acpiphp: Slot [11] registered
machine # [    0.891570] acpiphp: Slot [12] registered
machine # [    0.892587] acpiphp: Slot [13] registered
machine # [    0.893573] acpiphp: Slot [14] registered
machine # [    0.894574] acpiphp: Slot [15] registered
machine # [    0.895572] acpiphp: Slot [16] registered
machine # [    0.896572] acpiphp: Slot [17] registered
machine # [    0.897573] acpiphp: Slot [18] registered
machine # [    0.898572] acpiphp: Slot [19] registered
machine # [    0.899573] acpiphp: Slot [20] registered
machine # [    0.900572] acpiphp: Slot [21] registered
machine # [    0.901573] acpiphp: Slot [22] registered
machine # [    0.902573] acpiphp: Slot [23] registered
machine # [    0.903571] acpiphp: Slot [24] registered
machine # [    0.904573] acpiphp: Slot [25] registered
machine # [    0.905573] acpiphp: Slot [26] registered
machine # [    0.906572] acpiphp: Slot [27] registered
machine # [    0.907571] acpiphp: Slot [28] registered
machine # [    0.908573] acpiphp: Slot [29] registered
machine # [    0.909572] acpiphp: Slot [30] registered
machine # [    0.910571] acpiphp: Slot [31] registered
machine # [    0.911565] PCI host bridge to bus 0000:00
machine # [    0.912508] pci_bus 0000:00: root bus resource [io  0x0000-0x0cf7 window]
machine # [    0.913507] pci_bus 0000:00: root bus resource [io  0x0d00-0xffff window]
machine # [    0.914507] pci_bus 0000:00: root bus resource [mem 0x000a0000-0x000bffff window]
machine # [    0.915507] pci_bus 0000:00: root bus resource [mem 0x60000000-0xfebfffff window]
machine # [    0.916507] pci_bus 0000:00: root bus resource [mem 0x100000000-0x17fffffff window]
machine # [    0.917508] pci_bus 0000:00: root bus resource [bus 00-ff]
machine # [    0.918754] pci 0000:00:00.0: [8086:1237] type 00 class 0x060000
machine # [    0.922745] pci 0000:00:01.0: [8086:7000] type 00 class 0x060100
machine # [    0.927805] pci 0000:00:01.1: [8086:7010] type 00 class 0x010180
machine # [    0.933509] pci 0000:00:01.1: reg 0x20: [io  0xc240-0xc24f]
machine # [    0.936616] pci 0000:00:01.1: legacy IDE quirk: reg 0x10: [io  0x01f0-0x01f7]
machine # [    0.937508] pci 0000:00:01.1: legacy IDE quirk: reg 0x14: [io  0x03f6]
machine # [    0.938507] pci 0000:00:01.1: legacy IDE quirk: reg 0x18: [io  0x0170-0x0177]
machine # [    0.939507] pci 0000:00:01.1: legacy IDE quirk: reg 0x1c: [io  0x0376]
machine # [    0.941255] pci 0000:00:01.2: [8086:7020] type 00 class 0x0c0300
machine # [    0.945824] pci 0000:00:01.2: reg 0x20: [io  0xc180-0xc19f]
machine # [    0.948730] pci 0000:00:01.3: [8086:7113] type 00 class 0x068000
machine # [    0.952619] pci 0000:00:01.3: quirk: [io  0x0600-0x063f] claimed by PIIX4 ACPI
machine # [    0.953592] pci 0000:00:01.3: quirk: [io  0x0700-0x070f] claimed by PIIX4 SMB
machine # [    0.955728] pci 0000:00:02.0: [1234:1111] type 00 class 0x030000
machine # [    0.958493] pci 0000:00:02.0: reg 0x10: [mem 0xfd000000-0xfdffffff pref]
machine # [    0.961356] pci 0000:00:02.0: reg 0x18: [mem 0xfebd0000-0xfebd0fff]
machine # [    0.966341] pci 0000:00:02.0: reg 0x30: [mem 0xfebc0000-0xfebcffff pref]
machine # [    0.966877] pci 0000:00:02.0: Video device with shadowed ROM at [mem 0x000c0000-0x000dffff]
machine # [    0.969840] pci 0000:00:03.0: [1af4:1000] type 00 class 0x020000
machine # [    0.971974] pci 0000:00:03.0: reg 0x10: [io  0xc1a0-0xc1bf]
machine # [    0.973509] pci 0000:00:03.0: reg 0x14: [mem 0xfebd1000-0xfebd1fff]
machine # [    0.978202] pci 0000:00:03.0: reg 0x20: [mem 0xfe000000-0xfe003fff 64bit pref]
machine # [    0.980519] pci 0000:00:03.0: reg 0x30: [mem 0xfeb80000-0xfebbffff pref]
machine # [    0.986508] pci 0000:00:04.0: [1af4:1005] type 00 class 0x00ff00
machine # [    0.988980] pci 0000:00:04.0: reg 0x10: [io  0xc1c0-0xc1df]
machine # [    0.990509] pci 0000:00:04.0: reg 0x14: [mem 0xfebd2000-0xfebd2fff]
machine # [    0.994509] pci 0000:00:04.0: reg 0x20: [mem 0xfe004000-0xfe007fff 64bit pref]
machine # [    1.001493] pci 0000:00:05.0: [1af4:1009] type 00 class 0x000200
machine # [    1.003962] pci 0000:00:05.0: reg 0x10: [io  0xc100-0xc13f]
machine # [    1.005509] pci 0000:00:05.0: reg 0x14: [mem 0xfebd3000-0xfebd3fff]
machine # [    1.009509] pci 0000:00:05.0: reg 0x20: [mem 0xfe008000-0xfe00bfff 64bit pref]
machine # [    1.016562] pci 0000:00:06.0: [1af4:1009] type 00 class 0x000200
machine # [    1.018972] pci 0000:00:06.0: reg 0x10: [io  0xc1e0-0xc1ff]
machine # [    1.020509] pci 0000:00:06.0: reg 0x14: [mem 0xfebd4000-0xfebd4fff]
machine # [    1.024509] pci 0000:00:06.0: reg 0x20: [mem 0xfe00c000-0xfe00ffff 64bit pref]
machine # [    1.031492] pci 0000:00:07.0: [1af4:1009] type 00 class 0x000200
machine # [    1.032962] pci 0000:00:07.0: reg 0x10: [io  0xc200-0xc21f]
machine # [    1.034509] pci 0000:00:07.0: reg 0x14: [mem 0xfebd5000-0xfebd5fff]
machine # [    1.038509] pci 0000:00:07.0: reg 0x20: [mem 0xfe010000-0xfe013fff 64bit pref]
machine # [    1.045562] pci 0000:00:08.0: [1af4:1001] type 00 class 0x010000
machine # [    1.048189] pci 0000:00:08.0: reg 0x10: [io  0xc000-0xc07f]
machine # [    1.049509] pci 0000:00:08.0: reg 0x14: [mem 0xfebd6000-0xfebd6fff]
machine # [    1.053510] pci 0000:00:08.0: reg 0x20: [mem 0xfe014000-0xfe017fff 64bit pref]
machine # [    1.060564] pci 0000:00:09.0: [1af4:1001] type 00 class 0x010000
machine # [    1.063188] pci 0000:00:09.0: reg 0x10: [io  0xc080-0xc0ff]
machine # [    1.065123] pci 0000:00:09.0: reg 0x14: [mem 0xfebd7000-0xfebd7fff]
machine # [    1.069422] pci 0000:00:09.0: reg 0x20: [mem 0xfe018000-0xfe01bfff 64bit pref]
machine # [    1.075777] pci 0000:00:0a.0: [1af4:1052] type 00 class 0x090000
machine # [    1.078369] pci 0000:00:0a.0: reg 0x14: [mem 0xfebd8000-0xfebd8fff]
machine # [    1.081241] pci 0000:00:0a.0: reg 0x20: [mem 0xfe01c000-0xfe01ffff 64bit pref]
machine # [    1.087440] pci 0000:00:0b.0: [1af4:1003] type 00 class 0x078000
machine # [    1.089116] pci 0000:00:0b.0: reg 0x10: [io  0xc140-0xc17f]
machine # [    1.090509] pci 0000:00:0b.0: reg 0x14: [mem 0xfebd9000-0xfebd9fff]
machine # [    1.094510] pci 0000:00:0b.0: reg 0x20: [mem 0xfe020000-0xfe023fff 64bit pref]
machine # [    1.101731] pci 0000:00:0c.0: [1af4:1005] type 00 class 0x00ff00
machine # [    1.104069] pci 0000:00:0c.0: reg 0x10: [io  0xc220-0xc23f]
machine # [    1.105509] pci 0000:00:0c.0: reg 0x14: [mem 0xfebda000-0xfebdafff]
machine # [    1.109509] pci 0000:00:0c.0: reg 0x20: [mem 0xfe024000-0xfe027fff 64bit pref]
machine # [    1.117051] ACPI: PCI: Interrupt link LNKA configured for IRQ 10
machine # [    1.117828] ACPI: PCI: Interrupt link LNKB configured for IRQ 10
machine # [    1.118797] ACPI: PCI: Interrupt link LNKC configured for IRQ 11
machine # [    1.119807] ACPI: PCI: Interrupt link LNKD configured for IRQ 11
machine # [    1.120661] ACPI: PCI: Interrupt link LNKS configured for IRQ 9
machine # [    1.122603] iommu: Default domain type: Translated
machine # [    1.123507] iommu: DMA domain TLB invalidation policy: lazy mode
machine # [    1.124766] NetLabel: Initializing
machine # [    1.125508] NetLabel:  domain hash size = 128
machine # [    1.126507] NetLabel:  protocols = UNLABELED CIPSOv4 CALIPSO
machine # [    1.127525] NetLabel:  unlabeled traffic allowed by default
machine # [    1.128511] PCI: Using ACPI for IRQ routing
machine # [    1.131315] pci 0000:00:02.0: vgaarb: setting as boot VGA device
machine # [    1.131493] pci 0000:00:02.0: vgaarb: bridge control possible
machine # [    1.131493] pci 0000:00:02.0: vgaarb: VGA device added: decodes=io+mem,owns=io+mem,locks=none
machine # [    1.131511] vgaarb: loaded
machine # [    1.132614] hpet0: at MMIO 0xfed00000, IRQs 2, 8, 0
machine # [    1.133507] hpet0: 3 comparators, 64-bit 100.000000 MHz counter
machine # [    1.138760] clocksource: Switched to clocksource kvm-clock
machine # [    1.142605] VFS: Disk quotas dquot_6.6.0
machine # [    1.145462] VFS: Dquot-cache hash table entries: 512 (order 0, 4096 bytes)
machine # [    1.150312] pnp: PnP ACPI init
machine # [    1.153116] pnp: PnP ACPI: found 6 devices
machine # [    1.171813] clocksource: acpi_pm: mask: 0xffffff max_cycles: 0xffffff, max_idle_ns: 2085701024 ns
machine # [    1.178178] clocksource: Switched to clocksource acpi_pm
machine # [    1.182054] NET: Registered PF_INET protocol family
machine # [    1.185695] IP idents hash table entries: 32768 (order: 6, 262144 bytes, linear)
machine # [    1.191738] tcp_listen_portaddr_hash hash table entries: 1024 (order: 2, 16384 bytes, linear)
machine # [    1.197801] Table-perturb hash table entries: 65536 (order: 6, 262144 bytes, linear)
machine # [    1.203302] TCP established hash table entries: 16384 (order: 5, 131072 bytes, linear)
machine # [    1.208955] TCP bind hash table entries: 16384 (order: 7, 524288 bytes, linear)
machine # [    1.214367] TCP: Hash tables configured (established 16384 bind 16384)
machine # [    1.219147] MPTCP token hash table entries: 2048 (order: 3, 49152 bytes, linear)
machine # [    1.224466] UDP hash table entries: 1024 (order: 3, 32768 bytes, linear)
machine # [    1.229323] UDP-Lite hash table entries: 1024 (order: 3, 32768 bytes, linear)
machine # [    1.234484] NET: Registered PF_UNIX/PF_LOCAL protocol family
machine # [    1.238613] NET: Registered PF_XDP protocol family
machine # [    1.242197] pci_bus 0000:00: resource 4 [io  0x0000-0x0cf7 window]
machine # [    1.246690] pci_bus 0000:00: resource 5 [io  0x0d00-0xffff window]
machine # [    1.251184] pci_bus 0000:00: resource 6 [mem 0x000a0000-0x000bffff window]
machine # [    1.256085] pci_bus 0000:00: resource 7 [mem 0x60000000-0xfebfffff window]
machine # [    1.261018] pci_bus 0000:00: resource 8 [mem 0x100000000-0x17fffffff window]
machine # [    1.266255] pci 0000:00:01.0: PIIX3: Enabling Passive Release
machine # [    1.270682] pci 0000:00:00.0: Limiting direct PCI/PCI transfers
machine # [    1.299998] ACPI: \_SB_.LNKD: Enabled at IRQ 11
machine # [    1.328695] pci 0000:00:01.2: quirk_usb_early_handoff+0x0/0x750 took 52265 usecs
machine # [    1.334979] PCI: CLS 0 bytes, default 64
machine # [    1.338063] clocksource: tsc: mask: 0xffffffffffffffff max_cycles: 0x2fbd924e8de, max_idle_ns: 440795321919 ns
machine # [    1.338296] Trying to unpack rootfs image as initramfs...
machine # [    1.350857] Initialise system trusted keyrings
machine # [    1.355153] workingset: timestamp_bits=40 max_order=19 bucket_order=0
machine # [    1.361371] zbud: loaded
machine # [    1.366372] Key type asymmetric registered
machine # [    1.369392] Asymmetric key parser 'x509' registered
machine # [    1.419192] Freeing initrd memory: 12856K
machine # [    1.426987] alg: self-tests for CTR-KDF (hmac(sha256)) passed
machine # [    1.431194] Block layer SCSI generic (bsg) driver version 0.4 loaded (major 252)
machine # [    1.437474] io scheduler mq-deadline registered
machine # [    1.440831] io scheduler kyber registered
machine # [    1.447791] Serial: 8250/16550 driver, 4 ports, IRQ sharing enabled
machine # [    1.453104] 00:04: ttyS0 at I/O 0x3f8 (irq = 4, base_baud = 115200) is a 16550A
machine # [    1.464416] intel_pstate: CPU model not supported
machine # [    1.467962] drop_monitor: Initializing network drop monitor service
machine # [    1.482144] NET: Registered PF_INET6 protocol family
machine # [    1.492053] Segment Routing with IPv6
machine # [    1.494796] In-situ OAM (IOAM) with IPv6
machine # [    1.502292] IPI shorthand broadcast: enabled
machine # [    1.505966] registered taskstats version 1
machine # [    1.509042] Loading compiled-in X.509 certificates
machine # [    1.513181] zswap: loaded using pool lzo/zbud
machine # [    1.517996] Key type .fscrypt registered
machine # [    1.520931] Key type fscrypt-provisioning registered
machine # [    1.533873] Unstable clock detected, switching default tracing clock to "global"
machine # [    1.533873] If you want to keep using the local clock, then add:
machine # [    1.533873]   "trace_clock=local"
machine # [    1.533873] on the kernel command line
machine # [    1.550918] Freeing unused decrypted memory: 2036K
machine # [    1.554322] Freeing unused kernel image (initmem) memory: 1880K
machine # [    1.574692] Write protecting the kernel read-only data: 22528k
machine # [    1.579634] Freeing unused kernel image (text/rodata gap) memory: 2040K
machine # [    1.583298] Freeing unused kernel image (rodata/data gap) memory: 652K
machine # [    1.626812] x86/mm: Checked W+X mappings: passed, no W+X pages found.
machine # [    1.629597] x86/mm: Checking user space page tables
machine # [    1.671306] x86/mm: Checked W+X mappings: passed, no W+X pages found.
machine # [    1.674125] Run /init as init process
machine # 
machine # <<< NixOS Stage 1 >>>
machine # 
machine # loading module virtio_balloon...
machine # loading module virtio_console...
machine # loading module virtio_rng...
machine # loading module dm_mod...
machine # [    1.795320] device-mapper: ioctl: 4.47.0-ioctl (2022-07-28) initialised: dm-devel@redhat.com
machine # running udev...
machine # Starting systemd-udevd version 252.5
machine # [    1.879883] rtc_cmos 00:05: RTC can wake from S4
machine # [    1.883215] i8042: PNP: PS/2 Controller [PNP0303:KBD,PNP0f13:MOU] at 0x60,0x64 irq 1,12
machine # [    1.885996] rtc_cmos 00:05: registered as rtc0
machine # [    1.889326] rtc_cmos 00:05: alarms up to one day, y3k, 242 bytes nvram, hpet irqs
machine # [    1.891276] serio: i8042 KBD port at 0x60,0x64 irq 1
machine # [    1.895157] serio: i8042 AUX port at 0x60,0x64 irq 12
machine # [    1.920871] SCSI subsystem initialized
machine # [    1.926286] ACPI: bus type USB registered
machine # [    1.928232] usbcore: registered new interface driver usbfs
machine # [    1.930770] usbcore: registered new interface driver hub
machine # [    1.933215] usbcore: registered new device driver usb
machine # [    1.934026] ACPI: \_SB_.LNKC: Enabled at IRQ 10
machine # [    1.980760] scsi host0: ata_piix
machine # [    1.984250] scsi host1: ata_piix
machine # [    1.985968] ata1: PATA max MWDMA2 cmd 0x1f0 ctl 0x3f6 bmdma 0xc240 irq 14
machine # [    1.988966] ata2: PATA max MWDMA2 cmd 0x170 ctl 0x376 bmdma 0xc248 irq 15
machine # [    2.004999] uhci_hcd 0000:00:01.2: UHCI Host Controller
machine # [    2.007460] uhci_hcd 0000:00:01.2: new USB bus registered, assigned bus number 1
machine # [    2.010778] uhci_hcd 0000:00:01.2: detected 2 ports
machine # [    2.013729] uhci_hcd 0000:00:01.2: irq 11, io port 0x0000c180
machine # [    2.016766] usb usb1: New USB device found, idVendor=1d6b, idProduct=0001, bcdDevice= 6.01
machine # [    2.020370] usb usb1: New USB device strings: Mfr=3, Product=2, SerialNumber=1
machine # [    2.023683] usb usb1: Product: UHCI Host Controller
machine # [    2.025947] usb usb1: Manufacturer: Linux 6.1.3 uhci_hcd
machine # [    2.028357] usb usb1: SerialNumber: 0000:00:01.2
machine # [    2.030062] ACPI: \_SB_.LNKA: Enabled at IRQ 10
machine # [    2.031267] hub 1-0:1.0: USB hub found
machine # [    2.034280] hub 1-0:1.0: 2 ports detected
machine # [    2.064364] ACPI: \_SB_.LNKB: Enabled at IRQ 11
machine # [    2.154911] ata2: found unknown device (class 0)
machine # [    2.159789] ata2.00: ATAPI: QEMU DVD-ROM, 2.5+, max UDMA/100
machine # [    2.168664] scsi 1:0:0:0: CD-ROM            QEMU     QEMU DVD-ROM     2.5+ PQ: 0 ANSI: 5
machine # [    2.258808] usb 1-1: new full-speed USB device number 2 using uhci_hcd
machine # [    2.334091] input: AT Translated Set 2 keyboard as /devices/platform/i8042/serio0/input/input0
machine # [    2.357796] 9pnet: Installing 9P2000 support
machine # [    2.374056] virtio_blk virtio5: 8/0/0 default/read/poll queues
machine # [    2.391805] virtio_blk virtio5: [vda] 33554432 512-byte logical blocks (17.2GB/16.0GiB)
machine # [    2.398121] virtio_blk virtio6: 8/0/0 default/read/poll queues
machine # [    2.414413] virtio_blk virtio6: [vdb] 2097152 512-byte logical blocks (1.07GB/1.00GiB)
machine # [    2.421310] sr 1:0:0:0: [sr0] scsi3-mmc drive: 4x/4x cd/rw xa/form2 tray
machine # [    2.424693] cdrom: Uniform CD-ROM driver Revision: 3.20
machine # [    2.438477] usb 1-1: New USB device found, idVendor=0627, idProduct=0001, bcdDevice= 0.00
machine # [    2.442277] usb 1-1: New USB device strings: Mfr=1, Product=3, SerialNumber=10
machine # [    2.445456] usb 1-1: Product: QEMU USB Tablet
machine # [    2.447487] usb 1-1: Manufacturer: QEMU
machine # [    2.449257] usb 1-1: SerialNumber: 28754-0000:00:01.2-1
machine # [    2.463063] hid: raw HID events driver (C) Jiri Kosina
machine # [    2.474728] usbcore: registered new interface driver usbhid
machine # [    2.477255] usbhid: USB HID core driver
machine # [    2.485272] input: QEMU QEMU USB Tablet as /devices/pci0000:00/0000:00:01.2/usb1/1-1/1-1:1.0/0003:0627:0001.0001/input/input2
machine # [    2.491183] hid-generic 0003:0627:0001.0001: input,hidraw0: USB HID v0.01 Mouse [QEMU QEMU USB Tablet] on usb-0000:00:01.2-1/input0
machine # %Gkbd_mode: KDSKBMODE: Inappropriate ioctl for device
machine # starting device mapper and LVM...
machine # mke2fs 1.46.5 (30-Dec-2021)
machine # Discarding device blocks: done         
machine # Creating filesystem with 262144 4k blocks and 65536 inodes
machine # Filesystem UUID: b040dc70-bca0-498a-a93d-2b7196e4f2d9
machine # Superblock backups stored on blocks:
machine #       32768, 98304, 163840, 229376
machine # 
machine # Allocating group tables: done
machine # Writing inode tables: done
machine # Creating journal (8192 blocks): done
machine # Writing superblocks and filesystem accounting information: done
machine # 
machine # checking /dev/vdb...
machine # fsck (busybox 1.36.0)
machine # [fsck.ext4 (1) -- /mnt-root/] fsck.ext4 -a /dev/vdb
machine # /dev/vdb: clean, 11/65536 files, 12955/262144 blocks
machine # mounting /dev/vdb on /...
machine # [    3.352663] EXT4-fs (vdb): mounted filesystem with ordered data mode. Quota mode: none.
machine # mounting nix-store on /nix/.ro-store...
machine # [    3.420910] FS-Cache: Loaded
machine # [    3.451162] 9p: Installing v9fs 9p2000 file system support
machine # mounting tmpfs on /nix/.rw-store...
machine # mounting shared on /tmp/shared...
machine # mounting xchg on /tmp/xchg...
machine # mounting overlay filesystem on /nix/store...
machine # 
machine # <<< NixOS Stage 2 >>>
machine # 
machine # [    3.866965] EXT4-fs (vdb): re-mounted. Quota mode: none.
machine # [    3.872833] booting system configuration /nix/store/sy2p853i92q8xbzfbnycysyzir6pcwj7-nixos-system-machine-23.05pre-git
machine # running activation script...
machine # setting up /etc...
machine # unpacking the NixOS/Nixpkgs sources...
machine # ln: failed to create symbolic link '/root/.nix-defexpr/channels/channels': Read-only file system
machine # starting systemd...
machine # [    7.116699] systemd[1]: Inserted module 'autofs4'
machine # [    7.188836] systemd[1]: systemd 252.5 running in system mode (+PAM +AUDIT -SELINUX +APPARMOR +IMA +SMACK +SECCOMP +GCRYPT -GNUTLS +OPENSSL +ACL +BLKID +CURL +ELFUTILS +FIDO2 +IDN2 -IDN +IPTC +KMOD +LIBCRYPTSETUP +LIBFDISK +PCRE2 -PWQUALITY +P11KIT -QRENCODE +TPM2 +BZIP2 +LZ4 +XZ +ZLIB +ZSTD +BPF_FRAMEWORK -XKBCOMMON +UTMP -SYSVINIT default-hierarchy=unified)
machine # [    7.202088] systemd[1]: Detected virtualization kvm.
machine # [    7.204405] systemd[1]: Detected architecture x86-64.
machine # [    7.213014] systemd[1]: Initializing machine ID from random generator.
machine # [    7.573348] systemd[1]: bpf-lsm: LSM BPF program attached
machine # [    8.746080] systemd[1]: Queued start job for default target Multi-User System.
machine # [    8.768144] systemd[1]: Created slice Slice /system/getty.
machine # [    8.771847] systemd[1]: Created slice Slice /system/modprobe.
machine # [    8.775760] systemd[1]: Created slice User and Session Slice.
machine # [    8.778908] systemd[1]: Started Dispatch Password Requests to Console Directory Watch.
machine # [    8.782975] systemd[1]: Started Forward Password Requests to Wall Directory Watch.
machine # [    8.787111] systemd[1]: Reached target Local Encrypted Volumes.
machine # [    8.790044] systemd[1]: Reached target Containers.
machine # [    8.792813] systemd[1]: Reached target Path Units.
machine # [    8.795343] systemd[1]: Reached target Remote File Systems.
machine # [    8.798147] systemd[1]: Reached target Slice Units.
machine # [    8.800863] systemd[1]: Reached target Swaps.
machine # [    8.810081] systemd[1]: Listening on Process Core Dump Socket.
machine # [    8.814333] systemd[1]: Listening on Journal Audit Socket.
machine # [    8.817241] systemd[1]: Listening on Journal Socket (/dev/log).
machine # [    8.820296] systemd[1]: Listening on Journal Socket.
machine # [    8.823953] systemd[1]: Listening on Userspace Out-Of-Memory (OOM) Killer Socket.
machine # [    8.830775] systemd[1]: Listening on udev Control Socket.
machine # [    8.833817] systemd[1]: Listening on udev Kernel Socket.
machine # [    8.846072] systemd[1]: Mounting Huge Pages File System...
machine # [    8.850885] systemd[1]: Mounting POSIX Message Queue File System...
machine # [    8.856864] systemd[1]: Mounting Kernel Debug File System...
machine # [    8.864831] systemd[1]: Starting Create List of Static Device Nodes...
machine # [    8.870895] systemd[1]: Starting Load Kernel Module configfs...
machine # [    8.876146] systemd[1]: Starting Load Kernel Module drm...
machine # [    8.881661] systemd[1]: Starting Load Kernel Module efi_pstore...
machine # [    8.888173] systemd[1]: Starting Load Kernel Module fuse...
machine # [    8.893957] systemd[1]: Starting mount-pstore.service...
machine # [    8.897489] systemd[1]: File System Check on Root Device was skipped because of an unmet condition check (ConditionPathIsReadWrite=!/).
machine # [    8.908720] systemd[1]: Starting Journal Service...
machine # [    8.914207] systemd[1]: Starting Load Kernel Modules...
machine # [    8.920705] systemd[1]: Starting Remount Root and Kernel File Systems...
machine # [    8.930987] systemd[1]: Starting Coldplug All udev Devices...
machine # [    8.949284] fuse: init (API version 7.37)
machine # [    8.952294] systemd[1]: Mounted Huge Pages File System.
machine # [    8.956260] systemd[1]: Mounted POSIX Message Queue File System.
machine # [    8.960408] systemd[1]: Mounted Kernel Debug File System.
machine # [    8.976058] systemd[1]: Finished Create List of Static Device Nodes.
machine # [    8.980784] audit: type=1130 audit(1678249418.953:2): pid=1 uid=0 auid=4294967295 ses=4294967295 subj=kernel msg='unit=kmod-static-nodes comm="systemd" exe="/nix/store/d1h33vvfagj7bhg0b8dw3p5nifghb01q-systemd-252.5/lib/systemd/systemd" hostname=? addr=? terminal=? res=success'
machine # [    8.981870] systemd[1]: modprobe@configfs.service: Deactivated successfully.
machine # [    8.989342] EXT4-fs (vdb): re-mounted. Quota mode: none.
machine # [    9.020329] ACPI: bus type drm_connector registered
machine # [    9.029453] systemd[1]: Finished Load Kernel Module configfs.
machine # [    9.032472] audit: type=1130 audit(1678249419.006:3): pid=1 uid=0 auid=4294967295 ses=4294967295 subj=kernel msg='unit=modprobe@configfs comm="systemd" exe="/nix/store/d1h33vvfagj7bhg0b8dw3p5nifghb01q-systemd-252.5/lib/systemd/systemd" hostname=? addr=? terminal=? res=success'
machine # [    9.034377] systemd[1]: modprobe@drm.service: Deactivated successfully.
machine # [    9.042841] audit: type=1131 audit(1678249419.006:4): pid=1 uid=0 auid=4294967295 ses=4294967295 subj=kernel msg='unit=modprobe@configfs comm="systemd" exe="/nix/store/d1h33vvfagj7bhg0b8dw3p5nifghb01q-systemd-252.5/lib/systemd/systemd" hostname=? addr=? terminal=? res=success'
machine # [    9.077213] bridge: filtering via arp/ip/ip6tables is no longer available by default. Update your scripts to load br_netfilter if you need this.
machine # [    9.086722] systemd[1]: Finished Load Kernel Module drm.
machine # [    9.089730] audit: type=1130 audit(1678249419.062:5): pid=1 uid=0 auid=4294967295 ses=4294967295 subj=kernel msg='unit=modprobe@drm comm="systemd" exe="/nix/store/d1h33vvfagj7bhg0b8dw3p5nifghb01q-systemd-252.5/lib/systemd/systemd" hostname=? addr=? terminal=? res=success'
machine # [    9.090736] systemd[1]: modprobe@efi_pstore.service: Deactivated successfully.
machine # [    9.099948] audit: type=1131 audit(1678249419.062:6): pid=1 uid=0 auid=4294967295 ses=4294967295 subj=kernel msg='unit=modprobe@drm comm="systemd" exe="/nix/store/d1h33vvfagj7bhg0b8dw3p5nifghb01q-systemd-252.5/lib/systemd/systemd" hostname=? addr=? terminal=? res=success'
machine # [    9.126304] tun: Universal TUN/TAP device driver, 1.6
machine # [    9.132710] systemd[1]: Finished Load Kernel Module efi_pstore.
machine # [    9.135948] audit: type=1130 audit(1678249419.109:7): pid=1 uid=0 auid=4294967295 ses=4294967295 subj=kernel msg='unit=modprobe@efi_pstore comm="systemd" exe="/nix/store/d1h33vvfagj7bhg0b8dw3p5nifghb01q-systemd-252.5/lib/systemd/systemd" hostname=? addr=? terminal=? res=success'
machine # [    9.136927] systemd[1]: modprobe@fuse.service: Deactivated successfully.
machine # [    9.146328] audit: type=1131 audit(1678249419.109:8): pid=1 uid=0 auid=4294967295 ses=4294967295 subj=kernel msg='unit=modprobe@efi_pstore comm="systemd" exe="/nix/store/d1h33vvfagj7bhg0b8dw3p5nifghb01q-systemd-252.5/lib/systemd/systemd" hostname=? addr=? terminal=? res=success'
machine # [    8.468501] systemd-modules-load[588]: Inserted module 'bridge'
machine # [    8.473062] systemd-modules-load[588]: Inserted module 'macvlan'
machine # [    9.169186] loop: module loaded
machine # [    8.478002] systemd-modules-load[588]: Inserted module 'tap'
machine # [    8.483933] systemd-modules-load[588]: Inserted module 'tun'
machine # [    9.180706] systemd[1]: Finished Load Kernel Module fuse.
machine # [    8.488500] s[    9.183831] audit: type=1130 audit(1678249419.156:9): pid=1 uid=0 auid=4294967295 ses=4294967295 subj=kernel msg='unit=modprobe@fuse comm="systemd" exe="/nix/store/d1h33vvfagj7bhg0b8dw3p5nifghb01q-systemd-252.5/lib/systemd/systemd" hostname=? addr=? terminal=? res=success'
machine # ystemd-modules-l[    9.184447] systemd[1]: Started Journal Service.
machine # [    9.194164] audit: type=1131 audit(1678249419.157:10): pid=1 uid=0 auid=4294967295 ses=4294967295 subj=kernel msg='unit=modprobe@fuse comm="systemd" exe="/nix/store/d1h33vvfagj7bhg0b8dw3p5nifghb01q-systemd-252.5/lib/systemd/systemd" hostname=? addr=? terminal=? res=success'
machine # oad[588]: Insert[    9.207090] audit: type=1130 audit(1678249419.170:11): pid=1 uid=0 auid=4294967295 ses=4294967295 subj=kernel msg='unit=systemd-journald comm="systemd" exe="/nix/store/d1h33vvfagj7bhg0b8dw3p5nifghb01q-systemd-252.5/lib/systemd/systemd" hostname=? addr=? terminal=? res=success'
machine # ed module 'loop'
machine # [    8.557002] systemd[1]: Finished Load Kernel Modules.
machine # [    8.574307] systemd[1]: Finished Remount Root and Kernel File Systems.
machine # [    8.590200] systemd[1]: Finished Coldplug All udev Devices.
machine # [    8.605787] systemd[1]: Mounting FUSE Control File System...
machine # [    8.611398] systemd[1]: Mounting Kernel Configuration File System...
machine # [    8.620144] systemd[1]: Starting Firewall...
machine # [    8.628349] systemd[1]: Starting Flush Journal to Persistent Storage...
machine # [    8.637016] systemd[1]: Starting Load/Save Random Seed...
machine # [    8.644759] systemd[1]: Starting Apply Kernel Variables...
machine # [    8.652497] systemd[1]: Starting Create Static Device Nodes in /dev...
machine # [    8.660853] systemd[1]: Mounted FUSE Control File System.
machine # [    8.667751] systemd[1]: Mounted Kernel Configuration File System.
machine # [    9.367484] systemd-journald[587]: Received client request to flush runtime journal.
machine # [    8.826979] systemd[1]: Finished Load/Save Random Seed.
machine # [    8.832778] systemd[1]: Finished Apply Kernel Variables.
machine # [    8.837950] systemd[1]: Finished Create Static Device Nodes in /dev.
machine # [    8.842450] systemd[1]: Reached target Preparation for Local File Systems.
machine # [    8.848322] systemd[1]: Reached target Local File Systems.
machine # [    8.853121] systemd[1]: Starting Rule-based Manager for Device Events and Files...
machine # [    8.860451] systemd[1]: Finished Flush Journal to Persistent Storage.
machine # [    8.866550] systemd[1]: Starting Create Volatile Files and Directories...
machine # [    8.877803] systemd-udevd[619]: Using default interface naming scheme 'v252'.
machine # [    8.974316] systemd[1]: Finished Create Volatile Files and Directories.
machine # [    8.997510] systemd[1]: Starting Rebuild Journal Catalog...
machine # [    9.005537] systemd[1]: Starting Userspace Out-Of-Memory (OOM) Killer...
machine # [    9.010761] systemd[1]: Starting Record System Boot/Shutdown in UTMP...
machine # [    9.016257] systemd[1]: Started Rule-based Manager for Device Events and Files.
machine # [    9.069841] systemd[1]: Finished Record System Boot/Shutdown in UTMP.
machine # [    9.077125] systemd[1]: Found device /dev/hvc0.
machine # [    9.085319] systemd[1]: Found device /dev/ttyS0.
machine # [    9.091318] systemd-udevd[660]: Network interface NamePolicy= disabled on kernel command line.
machine # [    9.103573] systemd-oomd[645]: Swap is currently not detected; memory pressure usage will be degraded
machine # [    9.115929] systemd[1]: Started Userspace Out-Of-Memory (OOM) Killer.
machine # [    9.140052] systemd-udevd[648]: event_source: Failed to get device name: No such file or directory
machine # [    9.149371] systemd[1]: Finished Rebuild Journal Catalog.
machine # [    9.153563] systemd[1]: Starting Update is Completed...
machine # [    9.860772] mousedev: PS/2 mouse device common for all mice
machine # [    9.884966] input: Power Button as /devices/LNXSYSTM:00/LNXPWRBN:00/input/input3
machine # [    9.891934] ACPI: button: Power Button [PWRF]
machine # [    9.208772] systemd[1]: Finished Update is Completed.
machine # [    9.926148] Floppy drive(s): fd0 is 2.88M AMI BIOS
machine # [    9.930777] parport_pc 00:03: reported by Plug and Play ACPI
machine # [    9.934126] parport0: PC-style at 0x378, irq 7 [PCSPP(,...)]
machine # [    9.943987] FDC 0 is a S82078B
machine # [    9.997189] Linux agpgart interface v0.103
machine # [   10.002940] piix4_smbus 0000:00:01.3: SMBus Host Controller at 0x700, revision 0
machine # [   10.050042] input: QEMU Virtio Keyboard as /devices/pci0000:00/0000:00:0a.0/virtio7/input/input4
machine # [   10.063282] input: VirtualPS/2 VMware VMMouse as /devices/platform/i8042/serio1/input/input6
machine # [   10.070046] input: VirtualPS/2 VMware VMMouse as /devices/platform/i8042/serio1/input/input5
machine # [   10.200027] bochs-drm 0000:00:02.0: vgaarb: deactivate vga console
machine # [   10.221875] Console: switching to colour dummy device 80x25
machine # [   10.224911] [drm] Found bochs VGA, ID 0xb0c5.
machine # [   10.227115] [drm] Framebuffer size 16384 kB @ 0xfd000000, mmio @ 0xfebd0000.
machine # [   10.238362] RAPL PMU: API unit is 2^-32 Joules, 0 fixed counters, 10737418240 ms ovfl timer
machine # [   10.242394] [drm] Found EDID data blob.
machine # [   10.242916] [drm] Initialized bochs-drm 1.0.0 20130925 for 0000:00:02.0 on minor 0
machine # [   10.249971] fbcon: bochs-drmdrmfb (fb0) is primary device
machine # [   10.268400] Console: switching to colour frame buffer device 160x50
machine # [   10.276070] bochs-drm 0000:00:02.0: [drm] fb0: bochs-drmdrmfb frame buffer device
machine # [   10.280761] cryptd: max_cpu_qlen set to 1000
machine # [   10.318009] AVX2 version of gcm_enc/dec engaged.
machine # [   10.323261] AES CTR mode by8 optimization enabled
machine # [   10.426448] ppdev: user-space parallel port driver
machine # [   10.556785] f4xrzmq3i4d8ywd9vz5c0kafbb83b1jq-mount-pstore.sh[593]: Persistent Storage backend was not registered in time.
machine # [   10.579046] systemd[1]: Finished mount-pstore.service.
machine # [   10.584792] systemd[1]: Platform Persistent Storage Archival was skipped because of an unmet condition check (ConditionDirectoryNotEmpty=/sys/fs/pstore).
machine # [   10.596232] systemd[1]: Reached target System Initialization.
machine # [   10.602040] systemd[1]: Started logrotate.timer.
machine # [   10.606445] systemd[1]: Started Daily Cleanup of Temporary Directories.
machine # [   10.616137] systemd[1]: Reached target Timer Units.
machine # [   10.628471] systemd[1]: Listening on D-Bus System Message Bus Socket.
machine # [   10.643211] systemd[1]: Listening on Nix Daemon Socket.
machine # connecting to host...
machine # [   10.655932] dhcpcd[802]: dhcpcd-9.4.1 starting
machine # [   10.664554] j72arpq1dfn7q59irzji3xwljjdiq8vs-audit-disable[806]: No rules
machine # [   10.670949] systemd[1]: Reached target Socket Units.
machine # [   10.678306] dhcpcd[811]: dev: loaded udev
machine # [   10.688319] systemd[1]: Reached target Basic System.
machine # [   10.696141] logrotate[803]: warning: logrotate in debug mode does nothing except printing debug messages!  Consider using verbose mode (-v) instead if this is not what you want.
machine # [   10.711334] logrotate[803]: reading config file /nix/store/ysgfy4413nrn23ddins98pcrk81bmzsy-logrotate.conf
machine # [   10.722471] logrotate[803]: note: 'monthly' overrides previously specified 'weekly'
machine # [   11.423709] 8021q: 802.1Q VLAN Support v1.8
machine # [   10.732147] logrotate[803]: Reading state from file: /var/lib/logrotate.status
machine # [   10.735498] logrotate[803]: state file /var/lib/logrotate.status does not exist
machine: connected to guest root shell
machine: (connecting took 12.70 seconds)
(finished: waiting for the VM to finish booting, in 12.72 seconds)
machine # [   10.740182] logrotate[803]: Allocating hash table for state file, size 64 entries
machine # [   10.741394] logrotate[803]: Handling 2 logs
machine # [   10.742603] logrotate[803]: rotating pattern: "/var/log/btmp"  monthly (1 rotations)
machine # [   10.744221] logrotate[803]: empty log files are not rotated, only log files >= 1048576 bytes are rotated, old logs are removed
machine # [   10.745214] logrotate[803]: considering log /var/log/btmp
machine # [   10.746050] logrotate[803]: Creating new state
machine # [   10.747015] logrotate[803]:   Now: 2023-03-08 04:23
machine # [   10.748201] logrotate[803]:   Last rotated at 2023-03-08 04:00
machine # [   10.750039] logrotate[803]:   log does not need rotating (log has already been rotated)
machine # [   10.759319] logrotate[803]: rotating pattern: "/var/log/wtmp"  monthly (1 rotations)
machine # [   10.765394] logrotate[803]: empty log files are not rotated, only log files >= 1048576 bytes are rotated, old logs are removed
machine # [   10.767577] logrotate[803]: considering log /var/log/wtmp
machine # [   10.768535] logrotate[803]: Creating new state
machine # [   10.772814] logrotate[803]:   Now: 2023-03-08 04:23
machine # [   10.773362] logrotate[803]:   Last rotated at 2023-03-08 04:00
machine # [   10.776552] logrotate[803]:   log does not need rotating (log has already been rotated)
machine # sh: cannot set terminal process group (-1): Inappropriate ioctl for device
machine # sh: no job control in this shell
(finished: must succeed: echo hello, in 12.78 seconds)
(finished: subtest: Assert readiness of login prompt, in 12.78 seconds)
subtest: Wait for hard disks to appear in /dev
machine: must succeed: udevadm settle
machine # [   10.779007] systemd[1]: Starting Kernel Auditing...
machine # [   10.781581] systemd[1]: Started backdoor.service.
machine # [   10.784071] nsncd[805]: Mar 08 04:23:41.392 INFO started, handoff_timeout: 3s, worker_count: 8, path: "/var/run/nscd/socket"
machine # [   10.787542] systemd[1]: Starting DHCP Client...
machine # [   10.792582] systemd[1]: Starting Logrotate configuration check...
machine # [   10.794523] systemd[1]: Starting Name Service Cache Daemon (nsncd)...
machine # [   10.796821] systemd[1]: Started Reset console on configuration changes.
machine # [   10.798030] systemd[1]: Starting resolvconf update...
machine # [   10.802485] systemd[1]: Starting D-Bus System Message Bus...
machine # [   10.803490] systemd[1]: Finished Kernel Auditing.
machine # [   10.810236] systemd[1]: Finished Logrotate configuration check.
machine # [   10.816333] systemd[1]: Started Name Service Cache Daemon (nsncd).
machine # [   10.817323] systemd[1]: Reached target Host and Network Name Lookups.
machine # [   10.823750] systemd[1]: Reached target User and Group Name Lookups.
machine # [   10.882311] systemd[1]: Starting User Login Management...
machine # [   10.890564] systemd[1]: Finished Firewall.
machine # [   10.895134] dbus-daemon[818]: dbus[818]: Unknown username "systemd-timesync" in message bus configuration file
machine # [   10.928878] systemd[1]: Listening on Load/Save RF Kill Switch Status /dev/rfkill Watch.
machine # [   10.991805] systemd-logind[845]: New seat seat0.
machine # [   10.993332] systemd[1]: Stopped target Host and Network Name Lookups.
machine # [   10.994287] systemd[1]: Stopping Host and Network Name Lookups...
machine # [   10.996250] systemd[1]: Stopped target User and Group Name Lookups.
machine # [   10.998462] systemd[1]: Stopping User and Group Name Lookups...
machine # [   11.001283] systemd-logind[845]: Watching system buttons on /dev/input/event2 (Power Button)
machine # [   11.004003] systemd-logind[845]: Watching system buttons on /dev/input/event3 (QEMU Virtio Keyboard)
machine # [   11.006132] systemd-logind[845]: Watching system buttons on /dev/input/event0 (AT Translated Set 2 keyboard)
machine # [   11.011478] systemd[1]: Stopping Name Service Cache Daemon (nsncd)...
machine # [   11.044777] systemd[1]: nscd.service: Deactivated successfully.
machine # [   11.340948] systemd[1]: Stopped Name Service Cache Daemon (nsncd).
machine # [   12.038383] cfg80211: Loading compiled-in X.509 certificates for regulatory database
machine # [   12.042240] Key type encrypted registered
machine # [   11.346786] systemd[1]: Started D-Bus System Message Bus.
machine # [   11.363374] systemd[1]: Finished resolvconf update.
machine # [   11.369469] systemd[1]: Reached target Preparation for Network.
machine # [   12.075321] EDAC MC: Ver: 3.0.0
machine # [   11.387857] dbus-daemon[818]: [system] Successfully activated service 'org.freedesktop.systemd1'
machine # [   11.390169] systemd[1]: Reached target All Network Interfaces (deprecated).
machine # [   11.391945] systemd[1]: Starting Networking Setup...
machine # [   11.394459] systemd[1]: Starting Name Service Cache Daemon (nsncd)...
machine # [   11.397375] systemd[1]: Started User Login Management.
machine # [   12.103799] cfg80211: Loaded X.509 cert 'sforshee: 00b28ddf47aef9cea7'
machine # [   11.439955] nsncd[890]: Mar 08 04:23:42.105 INFO started, handoff_timeout: 3s, worker_count: 8, path: "/var/run/nscd/socket"
machine # [   11.441865] systemd[1]: Started Name Service Cache Daemon (nsncd).
machine # [   11.443401] systemd[1]: Reached target Host and Network Name Lookups.
machine # [   11.444365] systemd[1]: Reached target User and Group Name Lookups.
machine # [   11.581851] systemd[1]: Finished Networking Setup.
machine # [   11.600523] systemd[1]: Starting Extra networking commands....
machine # [   11.632300] systemd[1]: Finished Extra networking commands..
machine # [   11.634162] systemd[1]: Reached target Network.
machine # [   11.648978] systemd[1]: Starting SSH Daemon...
machine # [   11.651987] systemd[1]: Starting Permit User Sessions...
machine # [   11.726238] systemd[1]: Finished Permit User Sessions.
machine # [   11.749503] systemd[1]: Started Getty on tty1.
machine # [   11.750340] systemd[1]: Reached target Login Prompts.
(finished: must succeed: udevadm settle, in 1.54 seconds)
(finished: subtest: Wait for hard disks to appear in /dev, in 1.54 seconds)
machine: must succeed: flock /dev/vda parted --script /dev/vda -- mklabel msdos mkpart primary ext2 1M 100MB mkpart primary linux-swap 100M 1024M mkpart primary 1024M 4096M mkpart primary 4096M -1s
(finished: must succeed: flock /dev/vda parted --script /dev/vda -- mklabel msdos mkpart primary ext2 1M 100MB mkpart primary linux-swap 100M 1024M mkpart primary 1024M 4096M mkpart primary 4096M -1s, in 0.16 seconds)
machine: must succeed: udevadm settle
machine # [   13.258790] 8021q: adding VLAN 0 to HW filter on device eth0
machine # [   13.263378]  vda: vda1 vda2 vda3 vda4
machine # [   12.571839] dhcpcd[811]: eth0: waiting for carrier
machine # [   12.575129] dhcpcd[811]: eth0: carrier acquired
machine # [   12.593957] dhcpcd[811]: DUID 00:01:00:01:2b:9a:ca:4f:52:54:00:12:34:56
machine # [   12.594878] dhcpcd[811]: eth0: IAID 00:12:34:56
machine # [   12.596289] dhcpcd[811]: eth0: adding address fe80::5054:ff:fe12:3456
machine # [   12.626223] sshd-pre-start[961]: Generating public/private rsa key pair.
machine # [   12.627063] sshd-pre-start[961]: Your identification has been saved in /etc/ssh/ssh_host_rsa_key
machine # [   12.627977] sshd-pre-start[961]: Your public key has been saved in /etc/ssh/ssh_host_rsa_key.pub
machine # [   12.628361] sshd-pre-start[961]: The key fingerprint is:
machine # [   12.635425] sshd-pre-start[961]: SHA256:KPFHpELTQQY8dMGN8nhr3k6Wc88NwzLrYJykEEM+uZk root@machine
machine # [   12.641313] sshd-pre-start[961]: The key's randomart image is:
machine # [   12.647463] sshd-pre-start[961]: +---[RSA 4096]----+
machine # [   12.650011] sshd-pre-start[961]: |   o*=*=.        |
machine # [   12.650909] sshd-pre-start[961]: |   ++=+o.        |
machine # [   12.651419] sshd-pre-start[961]: |    O=. .        |
machine # [   12.654028] sshd-pre-start[961]: |    .@oo         |
machine # [   12.654901] sshd-pre-start[961]: |    E.o.S        |
machine # [   12.655433] sshd-pre-start[961]: |     oo= o .     |
machine # [   12.657869] sshd-pre-start[961]: |     o..X + +    |
machine # [   12.659160] sshd-pre-start[961]: |      .+.+ * +   |
machine # [   12.661584] sshd-pre-start[961]: |       ...o o .  |
machine # [   12.662274] sshd-pre-start[961]: +----[SHA256]-----+
machine # [   12.687847] sshd-pre-start[985]: Generating public/private ed25519 key pair.
machine # [   12.688170] sshd-pre-start[985]: Your identification has been saved in /etc/ssh/ssh_host_ed25519_key
machine # [   12.689820] sshd-pre-start[985]: Your public key has been saved in /etc/ssh/ssh_host_ed25519_key.pub
machine # [   12.690214] sshd-pre-start[985]: The key fingerprint is:
machine # [   12.691534] sshd-pre-start[985]: SHA256:3IDhDkSg068krUYJMPWr2wEpsM0ubA+YNcwBaWSVviI root@machine
machine # [   12.693495] sshd-pre-start[985]: The key's randomart image is:
machine # [   12.694976] sshd-pre-start[985]: +--[ED25519 256]--+
machine # [   12.695390] sshd-pre-start[985]: |==+++ .          |
machine # [   12.696850] sshd-pre-start[985]: |+* + . o         |
machine # [   12.697285] sshd-pre-start[985]: |* + o o .        |
machine # [   12.698558] sshd-pre-start[985]: |oO.= + . o       |
machine # [   12.699191] sshd-pre-start[985]: |+o% + . S .      |
machine # [   12.699977] sshd-pre-start[985]: |EX *             |
machine # [   12.700420] sshd-pre-start[985]: |*== .            |
machine # [   12.701939] sshd-pre-start[985]: |o.oo .           |
machine # [   12.702364] sshd-pre-start[985]: |  ...            |
machine # [   12.703577] sshd-pre-start[985]: +----[SHA256]-----+
machine # [   12.744364] systemd[1]: Started SSH Daemon.
(finished: must succeed: udevadm settle, in 0.23 seconds)
machine: must succeed: mkswap /dev/vda2 -L swap
machine # [   12.761104] dhcpcd[811]: eth0: soliciting an IPv6 router
machine # [   12.792129] sshd[986]: Server listening on 0.0.0.0 port 22.
machine # [   12.793191] sshd[986]: Server listening on :: port 22.
(finished: must succeed: mkswap /dev/vda2 -L swap, in 0.07 seconds)
machine: must succeed: swapon -L swap
machine # [   13.551379] Adding 903164k swap on /dev/vda2.  Priority:-2 extents:1 across:903164k FS
(finished: must succeed: swapon -L swap, in 0.05 seconds)
machine: must succeed: mkfs.bcachefs -L root --metadata_replicas 2 --foreground_target ssd --promote_target ssd --background_target hdd --label ssd /dev/vda3 --label hdd /dev/vda4
machine # [   13.595055] dhcpcd[811]: eth0: soliciting a DHCP lease
machine # [   14.326793] NET: Registered PF_PACKET protocol family
machine # [   13.652899] dhcpcd[811]: eth0: offered 10.0.2.15 from 10.0.2.2
machine # [   13.653966] dhcpcd[811]: eth0: leased 10.0.2.15 for 86400 seconds
machine # [   13.655185] dhcpcd[811]: eth0: adding route to 10.0.2.0/24
machine # [   13.658271] dhcpcd[811]: eth0: adding default route via 10.0.2.2
machine # [   13.835845] systemd[1]: Stopped target Host and Network Name Lookups.
machine # [   13.836873] systemd[1]: Stopping Host and Network Name Lookups...
machine # [   13.838201] systemd[1]: Stopped target User and Group Name Lookups.
machine # [   13.840379] systemd[1]: Stopping User and Group Name Lookups...
machine # [   13.843294] systemd[1]: Stopping Name Service Cache Daemon (nsncd)...
machine # [   13.857987] systemd[1]: nscd.service: Deactivated successfully.
machine # [   13.878969] systemd[1]: Stopped Name Service Cache Daemon (nsncd).
machine # [   13.904402] systemd[1]: Starting Name Service Cache Daemon (nsncd)...
machine # [   13.934088] dhcpcd[802]: Failed to reload-or-try-restart ntpd.service: Unit ntpd.service not found.
machine # [   13.935177] dhcpcd[802]: Failed to reload-or-try-restart openntpd.service: Unit openntpd.service not found.
machine # [   13.936239] dhcpcd[802]: Failed to reload-or-try-restart chronyd.service: Unit chronyd.service not found.
machine # [   13.947760] systemd[1]: Started DHCP Client.
machine # [   13.949285] systemd[1]: Reached target Network is Online.
machine # [   13.956484] systemd[1]: Started Name Service Cache Daemon (nsncd).
machine # [   13.957486] nsncd[1065]: Mar 08 04:23:44.622 INFO started, handoff_timeout: 3s, worker_count: 8, path: "/var/run/nscd/socket"
machine # [   13.959317] systemd[1]: Reached target Multi-User System.
machine # [   13.961192] systemd[1]: Reached target Host and Network Name Lookups.
machine # [   13.962946] systemd[1]: Reached target User and Group Name Lookups.
machine # [   13.963385] systemd[1]: Startup finished in 6.362s (kernel) + 7.596s (userspace) = 13.958s.
machine # [   14.093336] login[962]: pam_unix(login:session): session opened for user nixos(uid=1000) by LOGIN(uid=0)
machine # [   14.161612] systemd-logind[845]: New session 1 of user nixos.
machine # [   14.163980] systemd[1]: Created slice Slice /user/1000.
machine # [   14.167146] systemd[1]: Starting User Runtime Directory /run/user/1000...
machine # [   14.244781] systemd[1]: Finished User Runtime Directory /run/user/1000.
machine # [   14.264902] systemd[1]: Starting User Manager for UID 1000...
machine # [   14.304442] systemd[1079]: pam_unix(systemd-user:session): session opened for user nixos(uid=1000) by (uid=0)
machine # [   14.536166] dhcpcd[811]: eth0: Router Advertisement from fe80::2
machine # [   14.537197] dhcpcd[811]: eth0: adding address fec0::5054:ff:fe12:3456/64
machine # [   14.539442] dhcpcd[811]: eth0: adding route to fec0::/64
machine # [   14.541996] dhcpcd[811]: eth0: adding default route via fe80::2
machine # [   14.792520] systemd[1079]: Queued start job for default target Main User Target.
machine # [   14.809038] systemd[1079]: Created slice User Application Slice.
machine # [   14.811961] systemd[1079]: Reached target Paths.
machine # [   14.813990] systemd[1079]: Reached target Timers.
machine # [   14.815225] systemd[1079]: Starting D-Bus User Message Bus Socket...
machine # [   14.865882] systemd[1079]: Listening on D-Bus User Message Bus Socket.
machine # [   14.867793] systemd[1079]: Reached target Sockets.
machine # [   14.868904] systemd[1079]: Reached target Basic System.
machine # [   14.871330] systemd[1]: Started User Manager for UID 1000.
machine # [   14.886993] systemd[1079]: Starting Run user-specific NixOS activation...
machine # [   14.888115] systemd[1]: Started Session 1 of User nixos.
machine # [   14.905557] systemd[1079]: Finished Run user-specific NixOS activation.
machine # [   14.907538] systemd[1079]: Reached target Main User Target.
machine # [   14.909979] systemd[1079]: Startup finished in 550ms.
(finished: must succeed: mkfs.bcachefs -L root --metadata_replicas 2 --foreground_target ssd --promote_target ssd --background_target hdd --label ssd /dev/vda3 --label hdd /dev/vda4, in 2.18 seconds)
machine: must succeed: mount -t bcachefs /dev/vda3:/dev/vda4 /mnt
machine # [   15.910672] raid6: avx512x4 gen() 41085 MB/s
machine # [   15.929667] raid6: avx512x2 gen() 41397 MB/s
machine # [   15.948708] raid6: avx512x1 gen() 40590 MB/s
machine # [   15.967685] raid6: avx2x4   gen() 29216 MB/s
machine # [   15.986672] raid6: avx2x2   gen() 32750 MB/s
machine # [   16.005672] raid6: avx2x1   gen() 27572 MB/s
machine # [   16.008021] raid6: using algorithm avx512x2 gen() 41397 MB/s
machine # [   16.027660] raid6: .... xor() 25771 MB/s, rmw enabled
machine # [   16.030323] raid6: using avx512x2 recovery algorithm
machine # [   16.036873] xor: automatically using best checksumming function   avx
machine # [   16.297868] bcachefs (e31f24cd-744c-4daf-a753-ba3b253e2455): recovering from clean shutdown, journal seq 4
machine # [   16.307073] bcachefs (e31f24cd-744c-4daf-a753-ba3b253e2455): going read-write
machine # [   16.314330] bcachefs (e31f24cd-744c-4daf-a753-ba3b253e2455): mounted version=lru_v2 opts=metadata_replicas=2,foreground_target=ssd,background_target=hdd,promote_target=ssd,nojournal_transaction_names
(finished: must succeed: mount -t bcachefs /dev/vda3:/dev/vda4 /mnt, in 0.59 seconds)
machine: must succeed: mkfs.ext3 -L boot /dev/vda1
machine # mke2fs 1.46.5 (30-Dec-2021)
(finished: must succeed: mkfs.ext3 -L boot /dev/vda1, in 0.45 seconds)
machine: must succeed: mkdir -p /mnt/boot
(finished: must succeed: mkdir -p /mnt/boot, in 0.05 seconds)
machine: must succeed: mount /dev/vda1 /mnt/boot
machine # [   16.868281] EXT4-fs (vda1): mounting ext3 file system using the ext4 subsystem
machine # [   16.887213] EXT4-fs (vda1): mounted filesystem with ordered data mode. Quota mode: none.
(finished: must succeed: mount /dev/vda1 /mnt/boot, in 0.07 seconds)
subtest: Create the NixOS configuration
machine: must succeed: nixos-generate-config --root /mnt
machine # writing /mnt/etc/nixos/hardware-configuration.nix...
machine # writing /mnt/etc/nixos/configuration.nix...
machine # For more hardware-specific settings, see https://github.com/NixOS/nixos-hardware.
(finished: must succeed: nixos-generate-config --root /mnt, in 0.68 seconds)
machine: must succeed: cat /mnt/etc/nixos/hardware-configuration.nix >&2
machine # # Do not modify this file!  It was generated by nixos-generate-config
machine # # and may be overwritten by future invocations.  Please make changes
machine # # to /etc/nixos/configuration.nix instead.
machine # { config, lib, pkgs, modulesPath, ... }:
machine # 
machine # {
machine #   imports =
machine #     [ (modulesPath + "/profiles/qemu-guest.nix")
machine #     ];
machine # 
machine #   boot.initrd.availableKernelModules = [ "ata_piix" "uhci_hcd" "virtio_pci" "floppy" "sr_mod" "virtio_blk" "bcache" ];
machine #   boot.initrd.kernelModules = [ ];
machine #   boot.kernelModules = [ "kvm-intel" ];
machine #   boot.extraModulePackages = [ ];
machine # 
machine #   fileSystems."/" =
machine #     { device = "/dev/vda3:/dev/vda4";
machine #       fsType = "bcachefs";
machine #     };
machine # 
machine #   fileSystems."/boot" =
machine #     { device = "/dev/disk/by-uuid/15ddd6e9-eca6-44f3-8903-cf8b6ff4616e";
machine #       fsType = "ext3";
machine #     };
machine # 
machine #   swapDevices =
machine #     [ { device = "/dev/disk/by-uuid/54b35164-b341-4fb8-8734-f1facd8a910b"; }
machine #     ];
machine # 
machine #   # Enables DHCP on each ethernet and wireless interface. In case of scripted networking
machine #   # (the default) this is the recommended approach. When using systemd-networkd it's
machine #   # still possible to use this option, but it's recommended to use it in conjunction
machine #   # with explicit per-interface declarations with `networking.interfaces.<interface>.useDHCP`.
machine #   networking.useDHCP = lib.mkDefault true;
machine #   # networking.interfaces.eth0.useDHCP = lib.mkDefault true;
machine # 
machine #   nixpkgs.hostPlatform = lib.mkDefault "x86_64-linux";
machine #   hardware.cpu.intel.updateMicrocode = lib.mkDefault config.hardware.enableRedistributableFirmware;
machine # }
(finished: must succeed: cat /mnt/etc/nixos/hardware-configuration.nix >&2, in 0.11 seconds)
machine: must succeed: mkdir -p /tmp/shared/tmpp48yycq8
(finished: must succeed: mkdir -p /tmp/shared/tmpp48yycq8, in 0.05 seconds)
machine: must succeed: mkdir -p /mnt/etc/nixos
(finished: must succeed: mkdir -p /mnt/etc/nixos, in 0.05 seconds)
machine: must succeed: cp -r /tmp/shared/tmpp48yycq8/p0wcah8mscf24p5rjbxn1dw1hp56fidk-configuration.nix /mnt/etc/nixos/configuration.nix
(finished: must succeed: cp -r /tmp/shared/tmpp48yycq8/p0wcah8mscf24p5rjbxn1dw1hp56fidk-configuration.nix /mnt/etc/nixos/configuration.nix, in 0.06 seconds)
machine: must succeed: mkdir -p /tmp/shared/tmp26ghpunz
(finished: must succeed: mkdir -p /tmp/shared/tmp26ghpunz, in 0.04 seconds)
machine: must succeed: mkdir -p /mnt/etc/nixos
(finished: must succeed: mkdir -p /mnt/etc/nixos, in 0.05 seconds)
machine: must succeed: cp -r /tmp/shared/tmp26ghpunz/kfx27q2scxy6aqrg0z7jsqz13bv22x27-secret /mnt/etc/nixos/secret
(finished: must succeed: cp -r /tmp/shared/tmp26ghpunz/kfx27q2scxy6aqrg0z7jsqz13bv22x27-secret /mnt/etc/nixos/secret, in 0.05 seconds)
(finished: subtest: Create the NixOS configuration, in 1.08 seconds)
subtest: Perform the installation
machine: must succeed: nixos-install < /dev/null >&2
machine # copying channel...
machine # building the configuration in /mnt/etc/nixos/configuration.nix...
machine # these 224 derivations will be built:
machine #   /nix/store/01azjqnkv7yyrg282wdl65lngf855vbz-audit-disable.drv
machine #   /nix/store/w6fqwsi0by5ajj93m56nj7h3rq887n2m-unit-script-network-local-commands-start.drv
machine #   /nix/store/02kdz66wk077xz9hhq35m4vix7ga3yfm-unit-network-local-commands.service.drv
machine #   /nix/store/cqpk8wj5b6bkfzgp71w3w8ra428q3inq-mount-pstore.sh.drv
machine #   /nix/store/07j4zyfljazak1jcikwl1qh6xk78bq4f-unit-mount-pstore.service.drv
machine #   /nix/store/09m9hpvj9wz0sccy3z6pcb7r6jr4yr50-vlock.pam.drv
machine #   /nix/store/bpkn7riz11mdmalrl8pq6cr5drjqkrs2-find-libs.drv
machine #   /nix/store/w50fjv08waapjpi79vq4mm8kls87xyzx-nuke-references.drv
machine #   /nix/store/112z219s5x99453abcqp5avjmnin9v15-extra-utils.drv
machine #   /nix/store/12l5cd0aywmapdcrpx7iizj74ia64hfn-other.pam.drv
machine #   /nix/store/133raxrib512vsznnqw3i8l3il7s0ca0-chfn.pam.drv
machine #   /nix/store/1bygfchgc9fwkhmwdxkyvf4yav1nnmdy-etc-logind.conf.drv
machine #   /nix/store/4l9b9bv6zdgjhi5cd4r3l1lbzvm83992-extra-hwdb-file.drv
machine #   /nix/store/b0fchk8yv6da2zqwn5b7q8i39xmap3vv-ipv6-privacy-extensions.rules.drv
machine #   /nix/store/cny9vqxh7i7cx92pcfjxmhcx5ymrs5zx-ipv6-privacy-extensions.rules.drv
machine #   /nix/store/rnf84p4l27da1rz7xz2cdbbf2aykvm6q-extra-udev-rules.drv
machine #   /nix/store/1cn3jx9977m8r4j1lha8ai6ir718kbll-hwdb.bin.drv
machine #   /nix/store/1hcw5179k1z9958difk7kw1ib57igm0y-locale.conf.drv
machine #   /nix/store/2qvzqpb2kp24y0qrs4wx5q3d2wi49bzq-extra-hosts.drv
machine #   /nix/store/7y5r99l0rpcmj3pnihfhnzgypxin1mls-localhost-hosts.drv
machine #   /nix/store/f31s46w2wscpbdmlgsarlrn5vh9qg4rf-string-hosts.drv
machine #   /nix/store/1jp6sm62ijhpdl88q41c65mmdqkw4p1c-hosts.drv
machine #   /nix/store/2vh2wgg28jk8j69jkbc4cnhlp7i2b1ph-builder.pl.drv
machine #   /nix/store/7043vvxwq7gg962pmrzr0yxx93z01zw8-die-hook.drv
machine #   /nix/store/q5ynfl04kpa2hj470a7has6932cyhy8c-make-shell-wrapper-hook.drv
machine #   /nix/store/1p6y3swzp8b0cxlq8sj6a9pc8vbbsh1m-perl-5.36.0-env.drv
machine #   /nix/store/21rf5jl2ly29s216kmba6cy5k24m3mm0-systemd-default-tmpfiles.drv
machine #   /nix/store/cx73g2b8licbpkc7xswvc07v91q9fxwf-etc-journald.conf.drv
machine #   /nix/store/28f26zzvi9qlr4kgb357fw3lgjc0nj5f-unit-systemd-journald.service.drv
machine #   /nix/store/rvrkm2fysv2d7qanlb5dd7navgzgprgv-firmware.drv
machine #   /nix/store/28gs5pp763zb5212qs1lccywxa9a7m9r-etc-firmware.conf.drv
machine #   /nix/store/fas1z8xiv6v16qj5i73pbh3rz00mnzgl-unit-script-post-resume-start.drv
machine #   /nix/store/2am2zfjd8jhacqmd85rfwgrw9m07gbkq-unit-post-resume.service.drv
machine #   /nix/store/2d51dngi1bkr1vk2xqcbbn1iaklb2js0-etc-lsb-release.drv
machine #   /nix/store/lg54ia805pjw8y5f3bzjgbpkq38lvfii-etc-60-nixos.conf.drv
machine #   /nix/store/2hqv5cv9lzq802h7sh3b5jipy0qhby0r-unit-systemd-sysctl.service.drv
machine #   /nix/store/2iiaqy2pldh76l4psawwx1k12nm8nll5-client.conf.drv
machine #   /nix/store/h6cr5svyrkwd6jrz6jkl9k5xlh1lx5s8-nixos-container.drv
machine #   /nix/store/3515wj4bl0wzq6pcvsza488c08054wj9-reload-container.drv
machine #   /nix/store/38pzimacgnxgxxss9ya1sfzwqx1hz3ka-unit-nscd.service.drv
machine #   /nix/store/ppw8c959nc40dilh2rdzhpqypmjbsdvn-udev-path.drv
machine #   /nix/store/3bsvm4g2wx7pvsnxkbfh9875fvw8ffmh-udev-rules.drv
machine #   /nix/store/3hk02pa22lpcfbnk5wsrwaz1a8lz2v5z-unit-run-initramfs.mount.drv
machine #   /nix/store/3ka0rdwjg8pg61mfvgsml43x9bb5px7k-dhcpcd.conf.drv
machine #   /nix/store/vls3wp5snqixkrhns1758a5siimbd2p5-unit-script-network-setup-start.drv
machine #   /nix/store/3km6vrhb5q7aid3h3rv9mk590bs0ry65-unit-network-setup.service.drv
machine #   /nix/store/3lwzrzmark7qwfqhng7rnmiwr7niax6f-etc-lvm.conf.drv
machine #   /nix/store/3n2pzmshjzpsq9pa0adbqa0x60r6m4js-unit-systemd-journal-flush.service.drv
machine #   /nix/store/njll11mhvzfbbd4a5nngc05gzxadym28-unit-script-pre-sleep-start.drv
machine #   /nix/store/3vg1q5sa5andq61sa2halyzzc4im6x68-unit-pre-sleep.service.drv
machine #   /nix/store/3wi8rzdjays9izrh0r4fy7427ncbypw8-unit-script-nix-gc-start.drv
machine #   /nix/store/sjb7aqxmjcvalfs4f0v16cwz0gs9s2kb-linux-6.1.3-modules.drv
machine #   /nix/store/3wz9j41f68y18yr092sgk24ddyh63lqy-linux-6.1.3-modules-shrunk.drv
machine #   /nix/store/3y5bmg0b8dlfk078gs8lmwxp3d06h011-etc-nixos.conf.drv
machine #   /nix/store/44k3k8ywygaz0mzna4v6x7grkvac3jh1-unit-script-container_-post-start.drv
machine #   /nix/store/467xgd1snkyp717h2xqqvv1dn8pahv21-unit-systemd-journal-gatewayd.socket.drv
machine #   /nix/store/48sc1j9rrx88248d36ysh844wk6slvjz-unit-network-interfaces.target.drv
machine #   /nix/store/4i6skz3f0i7fkjvbckn0yypjai1gybnq-unit-systemd-logind.service.drv
machine #   /nix/store/xj3k8nfanfxg8achhmj60d8alw7q5s3g-audit-stop.drv
machine #   /nix/store/5nvq20b0s7v53kcdfylw2si8xr9r7b42-unit-audit.service.drv
machine #   /nix/store/62k8llr753x3nq72yn09mqzcwq8n0cgb-unit-serial-getty-.service.drv
machine #   /nix/store/m5m0a6l1bgyxj4i8lf09fgxw9bdz154h-logrotate.conf.drv
machine #   /nix/store/6kjwbx0lpmiqca0mi6dz8vwbri6yav50-unit-logrotate.service.drv
machine #   /nix/store/rkvlw69wqbf1j748l76ck96zqpri02qy-perl-5.36.0-env.drv
machine #   /nix/store/5b3yyj3kjjqc9f0hlqmqnwy5agd3r366-command-not-found.drv
machine #   /nix/store/7c22k6lq520h6w1lhgc17hhpy01ki35z-nixos-rebuild.drv
machine #   /nix/store/ahp4q76nm2zf1nv86s85rncp24jwv73m-nixos-generate-config.drv
machine #   /nix/store/arwl9cswf7x65il3m9lgv8g4xnsxsixs-nixos-enter.drv
machine #   /nix/store/b0nzimqaan68ql685s24dhbcfbb713qm-getconf-glibc-2.35-224.drv
machine #   /nix/store/dy6l8fmx164ps3nz3xlhwvx6qa118yqi-nixos-build-vms.drv
machine #   /nix/store/mn7m1yg25skmvc5h4ylxs8c4jhic6a6d-nixos-install.drv
machine #   /nix/store/nx9dkia8328rf31yb4piiw0p7k32gz91-nixos-version.drv
machine #   /nix/store/qgfbk02rp9fc23z6vyb83sls9srbjsa4-system-path.drv
machine #   /nix/store/6lhj2cbimma9rqkmdri4lg92xr0rkdqy-unit-systemd-fsck-.service.drv
machine #   /nix/store/6miggljj3mk82apdgcsf1i640sagmwgx-unit-systemd-importd.service.drv
machine #   /nix/store/6szbf51lf2d366cldpkn57psbzsylzlw-unit-systemd-udev-settle.service.drv
machine #   /nix/store/76k6hh41v9ihyxhwa70sqx0rgxyybc12-unit-logrotate-checkconf.service.drv
machine #   /nix/store/7wzxaj81fkc805qzscy8hjayiyayc80v-unit-kmod-static-nodes.service.drv
machine #   /nix/store/9j6677f2ph61kqwm20cyiili9gpssmvh-unit-user-runtime-dir-.service.drv
machine #   /nix/store/n5bhfkf105vhg6vbcf25dr4g9psbwy33-etc-timesyncd.conf.drv
machine #   /nix/store/9lnvv19fnfh6c56grln6hsnalk2zlh01-unit-systemd-timesyncd.service.drv
machine #   /nix/store/9v1s49wfkzbayw7cdm5zkxwfz764s4jf-unit-nix-optimise.service.drv
machine #   /nix/store/9x126g5j9n02dx4fqjbaa23fqhkgzcj6-unit-systemd-journald-.service.drv
machine #   /nix/store/arlir0hjvi7lrrg7cxx6fm46cxvhcgw7-unit-systemd-random-seed.service.drv
machine #   /nix/store/avp1myx6lkinqmir6rwlnv2iw4is2cin-unit--.slice.drv
machine #   /nix/store/azxhzm9gpg1cznkxabqfy8bnannazqh8-unit-autovt-.service.drv
machine #   /nix/store/bgcww5k4z90pw9pjy0kf6q2w2r2lxjxv-unit-console-getty.service-disabled.drv
machine #   /nix/store/bm7qhpzip147xgf3qk904prlf1xs75x4-unit-systemd-oomd.service.drv
machine #   /nix/store/bylinzvw3xff7cviqwwrw65dh5nv0ls8-unit-logrotate.timer.drv
machine #   /nix/store/c2ylrp0nvqnxz0p36gkqpjns102rsxaq-unit-system.slice.drv
machine #   /nix/store/lsx4r46d7q6syl5ziqn6w8byk22m0knq-dhcpcd.exit-hook.drv
machine #   /nix/store/clgai7nacmlbr1gmf6gv04ddya962wff-unit-dhcpcd.service.drv
machine #   /nix/store/w6gmdxy0v5cqjmq1dgprixv177gsm5gn-etc-resolvconf.conf.drv
machine #   /nix/store/d328x69kxwx28c9z4sbd4jh1v1mkpbsh-unit-resolvconf.service.drv
machine #   /nix/store/da4inhb6bm3pn3wnl4rf9q90ypwv92dc-unit-nix-gc.service.drv
machine #   /nix/store/h3933pdqvvpdjf5g5yr60w8w75bj7v7l-container-init.drv
machine #   /nix/store/736gnvj07ayq96wy20k3v4ibwn49w0av-unit-script-container_-start.drv
machine #   /nix/store/d62l1q7432pkg1kwzv3rrzwgn4mdix9q-unit-script-container_-pre-start.drv
machine #   /nix/store/gf4drnrwq4n5qhbcwv8f79x3bq9asjpy-unit-container-.service.drv
machine #   /nix/store/rb0715m8amvlzbaanshqgyiazfmp6p28-vconsole.conf.drv
machine #   /nix/store/ygm83hf2j99lw3hh1f3qd39p0rkl2d4p-console-env.drv
machine #   /nix/store/i6m2w72zna0njrsi25v8jwbkmq7fpykk-unit-reload-systemd-vconsole-setup.service.drv
machine #   /nix/store/i7b819gafp3i2xs6g2d27hx2zzbyjml0-unit-save-hwclock.service.drv
machine #   /nix/store/ih8ja0gjzd9c7ys795j9mjjk08ja7ml9-unit-systemd-remount-fs.service.drv
machine #   /nix/store/kd2z1cdlkfgrn34slnn94sx0wcb1k0kn-unit-systemd-user-sessions.service.drv
machine #   /nix/store/lcynz9h5rhdkiz9v93zr1wrkaair1k4d-unit-container-getty-.service.drv
machine #   /nix/store/lpjl0dpppsymal28i01gpcsnghky3y0z-unit-fs.target.drv
machine #   /nix/store/m31nrg6jsy3b62wm156j85khkrnxwl2x-unit-serial-getty-hvc0.service-disabled.drv
machine #   /nix/store/mk71p54xxk45zadhb5v03dkzvh3ri932-unit-systemd-pstore.service.drv
machine #   /nix/store/mvnig7c0jzpy27vvisxmdmks8cj8j1hn-unit-post-resume.target.drv
machine #   /nix/store/ndfbyizdqpp2dbpcc92364c4gww2pzgn-unit-serial-getty-ttyS0.service-disabled.drv
machine #   /nix/store/fbbfncdljlrdcah460vnhw637pia0sxx-shutdown-ramfs-contents.drv
machine #   /nix/store/njn1avxj3yyrwcsi0fm5790mxcjyp7yi-unit-generate-shutdown-ramfs.service.drv
machine #   /nix/store/p2ivl2syx0aq5j6dkpcaidi3pdwswkqb-unit-nix-daemon.socket.drv
machine #   /nix/store/p6b4x4kbdjc02xi74bgjbddik4rs194n-unit-systemd-udevd.service.drv
machine #   /nix/store/pgqqhfjpb5q3711yc385l3mjcswlziiz-unit-multi-user.target.drv
machine #   /nix/store/pljszdgayzi956rxk5g2n9hx0l4lbrir-unit-keys.target.drv
machine #   /nix/store/95c98j4cwbr9bbgqnyi605phs8sr91xv-unit-script-prepare-kexec-start.drv
machine #   /nix/store/qrykzkr0in1m6ddfki1rkgv2ggzp7jdy-unit-prepare-kexec.service.drv
machine #   /nix/store/s8hiz3dykprbpygy5z4sziyzq542la4x-unit-systemd-timedated.service.drv
machine #   /nix/store/s9k3xvw76dnbk1ni1ai98imjdz5z94l2-unit-user-.service.drv
machine #   /nix/store/n5v0bi3399bgq362zla65p6jmmw0y2lr-nixos.conf.drv
machine #   /nix/store/sg3mc70jdi3ba76k52m76vmm8rwa96zy-unit-systemd-modules-load.service.drv
machine #   /nix/store/si7sg4kjhvm2hnjp2nd4n9nzpdqr4fpm-unit-remote-fs.target.drv
machine #   /nix/store/srb4jzr9gxda2ag4kwl93gfgk0m8v1n8-unit-getty-.service.drv
machine #   /nix/store/w1cjk1giaph626hpcsi73j1i3p5gjhqf-unit-network-online.target.drv
machine #   /nix/store/wbrmnfjq8h9a0gfrws4kmwj7h5h61mdd-unit-local-fs.target.drv
machine #   /nix/store/qrp1lpgdaxhqv1cmcb9nc9iaqzcl1889-nix.conf.drv
machine #   /nix/store/wh0v9csjbd8w89ay8jl37g35qf0qmbna-unit-nix-daemon.service.drv
machine #   /nix/store/7sq69wgmncj1x4lbv7r4ppc2k81dbk8z-unit-script-backdoor-start.drv
machine #   /nix/store/wkbnmx88agwg3z489jkx2pcp9fa4fdw7-unit-backdoor.service.drv
machine #   /nix/store/x0cxhdhvf6hh867dz0j80ws2ksh6dpk5-unit-systemd-update-utmp.service.drv
machine #   /nix/store/zrn9gaxhbiarb9ij0z9ngqicvhbsxw9z-dbus-1.drv
machine #   /nix/store/xl1lx938h394c4gaji2k3f4q53fhla3j-unit-dbus.service.drv
machine #   /nix/store/g3fvnsbm6yx77p7bg6cc4imsjpc3krml-firewall-stop.drv
machine #   /nix/store/gsx4xmbnbnsjd3ssynpps8bhjfnpnvz2-firewall-start.drv
machine #   /nix/store/w1gpi0v2k7gzkgwxangxkx5p2337ci4b-firewall-reload.drv
machine #   /nix/store/xlslcli1lr3bpmk9kc649lr6ajh2ia0a-unit-firewall.service.drv
machine #   /nix/store/ycs12bg8xcqw9yw3r397ij0n93k6ky6w-unit-systemd-backlight-.service.drv
machine #   /nix/store/46w3lykbrdml107br1x641lblb1xpby8-system-units.drv
machine #   /nix/store/9f1q1mgbdxrak8rwvq77vkcnwhmyrnab-nixos-tmpfiles.d.drv
machine #   /nix/store/47lprrwx1mayv2frajmycqmxvvzz03vf-tmpfiles.d.drv
machine #   /nix/store/4y8qnzpac04vk3lpsfi3bbn2g5anyqwq-link-units.drv
machine #   /nix/store/4yf8wax3a2bfbql5cqxw65rpkps3js7q-initrd-fsinfo.drv
machine #   /nix/store/50g6ab9yvk8qxy4i271l70s9gd4sijbj-perl-5.36.0-env.drv
machine #   /nix/store/5fdq6k4v0wqn83984634ng98l9h1fgc7-etc-user.conf.drv
machine #   /nix/store/5hfvzf3qf8b8rh8kfx28csbhips0vvqp-i3lock-color.pam.drv
machine #   /nix/store/5p48fw0mxp82gcnfm8bjbi20krgq85z3-udev-rules.drv
machine #   /nix/store/5p9z1kqg8w580y9jd095jb8fya4nxahy-i3lock.pam.drv
machine #   /nix/store/8v344qfmmjzsafdn378yr7abnw7jl39f-perl-5.36.0-env.drv
machine #   /nix/store/97lny9a4n1k3z79skkgc3h28jmxvbmb4-users-groups.json.drv
machine #   /nix/store/d2wayhbqyr2h6xb9p6v5sgrbpg92v81c-ensure-all-wrappers-paths-exist.drv
machine #   /nix/store/pypzw4rka2bkak2aqp89lb16v9xf9q4m-local-cmds.drv
machine #   /nix/store/qcxa9b6n5yaxhwyv7lgnidj92liwkd96-mounts.sh.drv
machine #   /nix/store/f5y797cjnhn333556izjadbs3l9bzr3m-stage-2-init.sh.drv
machine #   /nix/store/s5p8k8mc6jpk6aicxqa6j2lrq1d15dqq-desktops.drv
machine #   /nix/store/6anv7qkzxix37n3b7g6vma87knh7332m-etc-environment.drv
machine #   /nix/store/84xhi1r2xvw96628viyx3jcmv7pr6ymp-xlock.pam.drv
machine #   /nix/store/8fpa3d4vc07xszvx48cjggk3v4l746hl-xscreensaver.pam.drv
machine #   /nix/store/8hahv02ympkl6966nnq3l5r7z35fkbip-systemd-user.pam.drv
machine #   /nix/store/8ikik8j01xi823j1mnrpyzvjz9f4gzby-etc-host.conf.drv
machine #   /nix/store/9x2nv207lbbypd3cp75h4pbsci2cr8h6-su.pam.drv
machine #   /nix/store/ay0fnpac4n5x17ipn9pivalpvp6mncqg-etc-nanorc.drv
machine #   /nix/store/bq7wh12b70rs6dplq9vzhb1ghkwfxaqf-userdel.pam.drv
machine #   /nix/store/ca9vq86nm1gphnhigigfx2f402dzjyvp-runuser-l.pam.drv
machine #   /nix/store/cslw59dshcn02n7pznwfcjjnhz5av38z-etc-shells.drv
machine #   /nix/store/fnlxj02n71za47cjhqpwm7jd4zdapph3-etc-fstab.drv
machine #   /nix/store/fp9bahc43ri3qhgl89v8jw0yjmf9asbm-chsh.pam.drv
machine #   /nix/store/n6civ62wybf3byjz63bjcgjlvh77c9fb-systemd.drv
machine #   /nix/store/fydpjhwcir57pkyxjrazk3xnylf35aqs-50-coredump.conf.drv
machine #   /nix/store/gch117m729pizyc0k8p13sgp6qka94j0-useradd.pam.drv
machine #   /nix/store/gmq81fkb5s11f67vm0zf0nqj6m36imxz-groupdel.pam.drv
machine #   /nix/store/hbbr9w5ydqngr9b3jfyf7plyp0aqpbnf-groupmod.pam.drv
machine #   /nix/store/k2sg87pa05qwmvbrfhak5jc27mg3fn0l-etc-sleep.conf.drv
machine #   /nix/store/kw03926ry8jyg7zh0nnafi6sx3mvwxrn-etc-bashrc.drv
machine #   /nix/store/l3d1yxpgkakpj01jg5jzanjldj7j1357-etc-man_db.conf.drv
machine #   /nix/store/lczgcg1bpcf9lxvfadhr586rjmzdcm84-etc-hostname.drv
machine #   /nix/store/lkw8g7mppnw7rqd5g43fxnkvl18hp8a7-groupmems.pam.drv
machine #   /nix/store/lpdzysk7lasvi8yyrfxj2w6kynv347f0-fontconfig-etc.drv
machine #   /nix/store/mqhgmdjv756gfp3k5vnng24jg4kz7fms-useradd.drv
machine #   /nix/store/jnpvssirfjlgg8iqgm9hx2vsx81xplhr-unit-script-nixos-activation-start.drv
machine #   /nix/store/6rvsymzav7d77aw4ri7lh56w4xax0mhw-unit-nixos-activation.service.drv
machine #   /nix/store/d84fd09683xmf549hirysbcm3wc6ljiz-unit-graphical-session.target.drv
machine #   /nix/store/gp1x6gzwrr06b14c67d6xf06sag2l99h-unit-dbus.socket.drv
machine #   /nix/store/v0793ls4c2qf33bwb611lmkaplgxs1z1-unit-dbus.service.drv
machine #   /nix/store/wyzs7n53x23rmlkszwzdbs4p3hnxqvkc-unit-systemd-tmpfiles-setup.service.drv
machine #   /nix/store/ms4lx8skphy1r2zcxxqqh3l7wyhsjppv-user-units.drv
machine #   /nix/store/jxc9xd4y2ac9v9j0bsrhgqaw5mdykrnb-lessconfig.drv
machine #   /nix/store/nisphgfkvqqizx7bhxkhq57h1p8rl4zg-set-environment.drv
machine #   /nix/store/nkxvqw1fwf6h5yansiqinbwnndg78hdd-issue.drv
machine #   /nix/store/npsd2b3mr36sdzrz8lfmxwyw1kry06wn-usermod.pam.drv
machine #   /nix/store/pa75jjlqz680flhfqxd5hjxgc46bncgs-sudo.pam.drv
machine #   /nix/store/q8vw4v7q85i73fmdlz335zm1394f1kzv-passwd.pam.drv
machine #   /nix/store/qczfxbqa1c1k7wnwdz3asrgci505qlg8-etc-coredump.conf.drv
machine #   /nix/store/r6dh6srnfbi94zqy70fhc6hlkg9iq0pi-runuser.pam.drv
machine #   /nix/store/r8bvfahb35v64zv09gkvflwb5wm6fws7-etc-nscd.conf.drv
machine #   /nix/store/rmilbkd83wx37p0khfsiqrl6sqgjl43p-login.pam.drv
machine #   /nix/store/rnwnv0iazv866w4djd9zm0m1kgd97cjv-etc-netgroup.drv
machine #   /nix/store/sv6yjd4w9amy8p33982y9fp50yz6mn9x-etc-oomd.conf.drv
machine #   /nix/store/vl796f388xswh22krilc4z0n3k3c7iz6-etc-nsswitch.conf.drv
machine #   /nix/store/vr4nw84gh2va9xg1325qincp4mmransc-smb-dummy.conf.drv
machine #   /nix/store/w83p9rggw18vl5jwmzc6qqxv4nz5q92w-groupadd.pam.drv
machine #   /nix/store/wb26p24fgxzxjdk1lq1a5wk86048s66p-chpasswd.pam.drv
machine #   /nix/store/wk8q8xlqh2vry6vs89qd77i333hw6qsw-etc-profile.drv
machine #   /nix/store/rzb09qma8k52ixzcdp2s7yvdr3lg5bq4-sudoers-in.drv
machine #   /nix/store/wn4ig77sdnw3h0m4diwiywxcwi5qfl3p-sudoers.drv
machine #   /nix/store/wz9z4mzsi93cy975b9fyj9lffpb6qzrx-etc-fuse.conf.drv
machine #   /nix/store/wzpmlirf6srk9ij0v5c0dammfvf7khwd-etc-ssh_config.drv
machine #   /nix/store/x04dxg6yvzc4d37id4yfrahm1jhq77yv-etc-os-release.drv
machine #   /nix/store/z023fy2h4g5y6h9sffys79xbvxw67qlw-etc-ssh_known_hosts.drv
machine #   /nix/store/z9nz0j9bcyw2fhf7g5qhwzqyshcjmj5m-etc-system.conf.drv
machine #   /nix/store/zcd071rip3cl5iasi12kqf1npwq9gvrj-login.defs.drv
machine #   /nix/store/zp6cw0j47rvfqmfd6xc84fdy4qiyi9vm-etc-registry.json.drv
machine #   /nix/store/fw7qzbswgnc7ing3zzkwi1b9s85dyxhd-etc.drv
machine #   /nix/store/s8cr12nyc7db3ifsdmwzah3wlp30paxq-kernel-modules.drv
machine #   /nix/store/wk6g7nh37bj1d9bxhra18vy15lpbxhqf-append-initrd-secrets.drv
