building '/nix/store/ahpg3vf4ijqqzgfvd11gz0a1b5kqvqk8-nixos-test-driver-installer-btrfsSubvols.drv'...
     1  # This file contains type hints that can be prepended to Nix test scripts so they can be type
     2  # checked.
     3  
     4  from test_driver.driver import Driver
     5  from test_driver.vlan import VLan
     6  from test_driver.machine import Machine
     7  from test_driver.logger import Logger
     8  from typing import Callable, Iterator, ContextManager, Optional, List, Dict, Any, Union
     9  from typing_extensions import Protocol
    10  from pathlib import Path
    11  
    12  
    13  class RetryProtocol(Protocol):
    14      def __call__(self, fn: Callable, timeout: int = 900) -> None:
    15          raise Exception("This is just type information for the Nix test driver")
    16  
    17  
    18  class PollingConditionProtocol(Protocol):
    19      def __call__(
    20          self,
    21          fun_: Optional[Callable] = None,
    22          *,
    23          seconds_interval: float = 2.0,
    24          description: Optional[str] = None,
    25      ) -> Union[Callable[[Callable], ContextManager], ContextManager]:
    26          raise Exception("This is just type information for the Nix test driver")
    27  
    28  
    29  start_all: Callable[[], None]
    30  subtest: Callable[[str], ContextManager[None]]
    31  retry: RetryProtocol
    32  test_script: Callable[[], None]
    33  machines: List[Machine]
    34  vlans: List[VLan]
    35  driver: Driver
    36  log: Logger
    37  create_machine: Callable[[Dict[str, Any]], Machine]
    38  run_tests: Callable[[], None]
    39  join_all: Callable[[], None]
    40  serial_stdout_off: Callable[[], None]
    41  serial_stdout_on: Callable[[], None]
    42  polling_condition: PollingConditionProtocol
    43  machine: Machine;
    44  
    45  def assemble_qemu_flags():
    46      flags = "-cpu max"
    47      flags += " -m 1024"
    48      return flags
    49  
    50  
    51  qemu_flags = {"qemuFlags": assemble_qemu_flags()}
    52  
    53  hd_flags = {
    54      "hdaInterface": "virtio",
    55      "hda": "vm-state-machine/machine.qcow2",
    56  }
    57  
    58  default_flags = {**hd_flags, **qemu_flags}
    59  
    60  
    61  def create_machine_named(name):
    62      return create_machine({**default_flags, "name": name})
    63  
    64  
    65  machine.start()
    66  
    67  with subtest("Assert readiness of login prompt"):
    68      machine.succeed("echo hello")
    69  
    70  with subtest("Wait for hard disks to appear in /dev"):
    71      machine.succeed("udevadm settle")
    72  
    73  machine.succeed(
    74      "sgdisk -Z /dev/vda",
    75      "sgdisk -n 1:0:+1M -n 2:0:+1G -N 3 -t 1:ef02 -t 2:8200 -t 3:8300 -c 3:root /dev/vda",
    76      "mkswap /dev/vda2 -L swap",
    77      "swapon -L swap",
    78      "mkfs.btrfs -L root /dev/vda3",
    79      "btrfs device scan",
    80      "mount LABEL=root /mnt",
    81      "btrfs subvol create /mnt/boot",
    82      "btrfs subvol create /mnt/nixos",
    83      "btrfs subvol create /mnt/nixos/default",
    84      "umount /mnt",
    85      "mount -o defaults,subvol=nixos/default LABEL=root /mnt",
    86      "mkdir /mnt/boot",
    87      "mount -o defaults,subvol=boot LABEL=root /mnt/boot",
    88  )
    89  
    90  
    91  with subtest("Create the NixOS configuration"):
    92      machine.succeed("nixos-generate-config --root /mnt")
    93      machine.succeed("cat /mnt/etc/nixos/hardware-configuration.nix >&2")
    94      machine.copy_from_host(
    95          "/nix/store/p0wcah8mscf24p5rjbxn1dw1hp56fidk-configuration.nix",
    96          "/mnt/etc/nixos/configuration.nix",
    97      )
    98      machine.copy_from_host("/nix/store/kfx27q2scxy6aqrg0z7jsqz13bv22x27-secret", "/mnt/etc/nixos/secret")
    99  
   100  with subtest("Perform the installation"):
   101      machine.succeed("nixos-install < /dev/null >&2")
   102  
   103  with subtest("Do it again to make sure it's idempotent"):
   104      machine.succeed("nixos-install < /dev/null >&2")
   105  
   106  with subtest("Check that we can build things in nixos-enter"):
   107      machine.succeed(
   108          """
   109          nixos-enter -- nix-build --option substitute false -E 'derivation {
   110              name = "t";
   111              builder = "/bin/sh";
   112              args = ["-c" "echo nixos-enter build > $out"];
   113              system = builtins.currentSystem;
   114              preferLocalBuild = true;
   115          }'
   116          """
   117      )
   118  
   119  with subtest("Shutdown system after installation"):
   120      machine.succeed("umount -R /mnt")
   121      machine.succeed("sync")
   122      machine.shutdown()
   123  
   124  # Now see if we can boot the installation.
   125  machine = create_machine_named("boot-after-install")
   126  
   127  # For example to enter LUKS passphrase.
   128  
   129  
   130  with subtest("Assert that /boot get mounted"):
   131      machine.wait_for_unit("local-fs.target")
   132      machine.succeed("test -e /boot/grub")
   133  
   134  with subtest("Check whether /root has correct permissions"):
   135      assert "700" in machine.succeed("stat -c '%a' /root")
   136  
   137  with subtest("Assert swap device got activated"):
   138      # uncomment once https://bugs.freedesktop.org/show_bug.cgi?id=86930 is resolved
   139      machine.wait_for_unit("swap.target")
   140      machine.succeed("cat /proc/swaps | grep -q /dev")
   141  
   142  with subtest("Check that the store is in good shape"):
   143      machine.succeed("nix-store --verify --check-contents >&2")
   144  
   145  with subtest("Check whether the channel works"):
   146      machine.succeed("nix-env -iA nixos.procps >&2")
   147      assert ".nix-profile" in machine.succeed("type -tP ps | tee /dev/stderr")
   148  
   149  with subtest(
   150      "Check that the daemon works, and that non-root users can run builds "
   151      "(this will build a new profile generation through the daemon)"
   152  ):
   153      machine.succeed("su alice -l -c 'nix-env -iA nixos.procps' >&2")
   154  
   155  with subtest("Configure system with writable Nix store on next boot"):
   156      # we're not using copy_from_host here because the installer image
   157      # doesn't know about the host-guest sharing mechanism.
   158      machine.copy_from_host_via_shell(
   159          "/nix/store/32i5r5ijwl110ap2600qvb9vpqmv8air-configuration.nix",
   160          "/etc/nixos/configuration.nix",
   161      )
   162  
   163  with subtest("Check whether nixos-rebuild works"):
   164      machine.succeed("nixos-rebuild switch >&2")
   165  
   166  # FIXME: Nix 2.4 broke nixos-option, someone has to fix it.
   167  # with subtest("Test nixos-option"):
   168  #     kernel_modules = machine.succeed("nixos-option boot.initrd.kernelModules")
   169  #     assert "virtio_console" in kernel_modules
   170  #     assert "List of modules" in kernel_modules
   171  #     assert "qemu-guest.nix" in kernel_modules
   172  
   173  machine.shutdown()
   174  
   175  # Check whether a writable store build works
   176  machine = create_machine_named("rebuild-switch")
   177  
   178  machine.wait_for_unit("multi-user.target")
   179  
   180  # we're not using copy_from_host here because the installer image
   181  # doesn't know about the host-guest sharing mechanism.
   182  machine.copy_from_host_via_shell(
   183      "/nix/store/4wzp7qxzglhnmw5ncnja64ak5b452jpi-configuration.nix",
   184      "/etc/nixos/configuration.nix",
   185  )
   186  machine.succeed("nixos-rebuild boot >&2")
   187  machine.shutdown()
   188  
   189  # And just to be sure, check that the machine still boots after
   190  # "nixos-rebuild switch".
   191  machine = create_machine_named("boot-after-rebuild-switch")
   192  
   193  machine.wait_for_unit("network.target")
   194  
   195  machine.shutdown()
   196  
   197  # Tests for validating clone configuration entries in grub menu
Success: no issues found in 1 source file
start all VLans
(finished: start all VLans, in 0.00 seconds)
additionally exposed symbols:
    ,
    ,
    start_all, test_script, machines, vlans, driver, log, os, create_machine, subtest, run_tests, join_all, retry, serial_stdout_off, serial_stdout_on, polling_condition, Machine
building '/nix/store/kbymhjavnd5gc4cbz059k33h94vhhs3m-vm-test-run-installer-btrfsSubvols.drv'...
Machine state will be reset. To keep it, pass --keep-vm-state
start all VLans
(finished: start all VLans, in 0.00 seconds)
run the VM test script
additionally exposed symbols:
    machine,
    ,
    start_all, test_script, machines, vlans, driver, log, os, create_machine, subtest, run_tests, join_all, retry, serial_stdout_off, serial_stdout_on, polling_condition, Machine
machine: starting vm
machine # Formatting '/build/vm-state-machine/machine.qcow2', fmt=qcow2 cluster_size=65536 extended_l2=off compression_type=zlib size=17179869184 lazy_refcounts=off refcount_bits=16
machine # Formatting 'empty0.qcow2', fmt=qcow2 cluster_size=65536 extended_l2=off compression_type=zlib size=1073741824 lazy_refcounts=off refcount_bits=16
machine: QEMU running (pid 7)
subtest: Assert readiness of login prompt
machine: must succeed: echo hello
machine: waiting for the VM to finish booting
machine # cSeaBIOS (version rel-1.16.1-0-g3208b098f51a-prebuilt.qemu.org)
machine # 
machine # 
machine # iPXE (http://ipxe.org) 00:03.0 CA00 PCI2.10 PnP PMM+5EFD0C20+5EF30C20 CA00
machine # Press Ctrl-B to configure iPXE (PCI 00:03.0)...
machine # 
machine # 
machine # Booting from ROM...
machine # Probing EDD (edd=off to disable)... ok
machine # c[    0.000000] Linux version 6.1.15 (nixbld@localhost) (gcc (GCC) 12.2.0, GNU ld (GNU Binutils) 2.40) #1-NixOS SMP PREEMPT_DYNAMIC Fri Mar  3 10:52:25 UTC 2023
machine # [    0.000000] Command line: console=ttyS0 panic=1 boot.panic_on_fail clock=acpi_pm nohibernate loglevel=7 net.ifnames=0 init=/nix/store/bqdnkfah42h34a93ncdabjdd851qbs9j-nixos-system-machine-23.05pre-git/init regInfo=/nix/store/dn1bcf3cl3y5zxaim96nqa3pmksd0glp-closure-info/registration console=ttyS0
machine # [    0.000000] x86/fpu: Supporting XSAVE feature 0x001: 'x87 floating point registers'
machine # [    0.000000] x86/fpu: Supporting XSAVE feature 0x002: 'SSE registers'
machine # [    0.000000] x86/fpu: Supporting XSAVE feature 0x004: 'AVX registers'
machine # [    0.000000] x86/fpu: Supporting XSAVE feature 0x008: 'MPX bounds registers'
machine # [    0.000000] x86/fpu: Supporting XSAVE feature 0x010: 'MPX CSR'
machine # [    0.000000] x86/fpu: Supporting XSAVE feature 0x020: 'AVX-512 opmask'
machine # [    0.000000] x86/fpu: Supporting XSAVE feature 0x040: 'AVX-512 Hi256'
machine # [    0.000000] x86/fpu: Supporting XSAVE feature 0x080: 'AVX-512 ZMM_Hi256'
machine # [    0.000000] x86/fpu: xstate_offset[2]:  576, xstate_sizes[2]:  256
machine # [    0.000000] x86/fpu: xstate_offset[3]:  832, xstate_sizes[3]:   64
machine # [    0.000000] x86/fpu: xstate_offset[4]:  896, xstate_sizes[4]:   64
machine # [    0.000000] x86/fpu: xstate_offset[5]:  960, xstate_sizes[5]:   64
machine # [    0.000000] x86/fpu: xstate_offset[6]: 1024, xstate_sizes[6]:  512
machine # [    0.000000] x86/fpu: xstate_offset[7]: 1536, xstate_sizes[7]: 1024
machine # [    0.000000] x86/fpu: Enabled xstate features 0xff, context size is 2560 bytes, using 'compacted' format.
machine # [    0.000000] signal: max sigframe size: 3632
machine # [    0.000000] BIOS-provided physical RAM map:
machine # [    0.000000] BIOS-e820: [mem 0x0000000000000000-0x000000000009fbff] usable
machine # [    0.000000] BIOS-e820: [mem 0x000000000009fc00-0x000000000009ffff] reserved
machine # [    0.000000] BIOS-e820: [mem 0x00000000000f0000-0x00000000000fffff] reserved
machine # [    0.000000] BIOS-e820: [mem 0x0000000000100000-0x000000005ffd7fff] usable
machine # [    0.000000] BIOS-e820: [mem 0x000000005ffd8000-0x000000005fffffff] reserved
machine # [    0.000000] BIOS-e820: [mem 0x00000000feffc000-0x00000000feffffff] reserved
machine # [    0.000000] BIOS-e820: [mem 0x00000000fffc0000-0x00000000ffffffff] reserved
machine # [    0.000000] random: crng init done
machine # [    0.000000] NX (Execute Disable) protection: active
machine # [    0.000000] extended physical RAM map:
machine # [    0.000000] reserve setup_data: [mem 0x0000000000000000-0x000000000009fbff] usable
machine # [    0.000000] reserve setup_data: [mem 0x000000000009fc00-0x000000000009ffff] reserved
machine # [    0.000000] reserve setup_data: [mem 0x00000000000f0000-0x00000000000fffff] reserved
machine # [    0.000000] reserve setup_data: [mem 0x0000000000100000-0x00000000009379bf] usable
machine # [    0.000000] reserve setup_data: [mem 0x00000000009379c0-0x00000000009379cf] usable
machine # [    0.000000] reserve setup_data: [mem 0x00000000009379d0-0x000000005ffd7fff] usable
machine # [    0.000000] reserve setup_data: [mem 0x000000005ffd8000-0x000000005fffffff] reserved
machine # [    0.000000] reserve setup_data: [mem 0x00000000feffc000-0x00000000feffffff] reserved
machine # [    0.000000] reserve setup_data: [mem 0x00000000fffc0000-0x00000000ffffffff] reserved
machine # [    0.000000] SMBIOS 2.8 present.
machine # [    0.000000] DMI: QEMU Standard PC (i440FX + PIIX, 1996), BIOS rel-1.16.1-0-g3208b098f51a-prebuilt.qemu.org 04/01/2014
machine # [    0.000000] Hypervisor detected: KVM
machine # [    0.000000] kvm-clock: Using msrs 4b564d01 and 4b564d00
machine # [    0.000001] kvm-clock: using sched offset of 569635367 cycles
machine # [    0.000002] clocksource: kvm-clock: mask: 0xffffffffffffffff max_cycles: 0x1cd42e4dffb, max_idle_ns: 881590591483 ns
machine # [    0.000009] tsc: Detected 3311.998 MHz processor
machine # [    0.000645] last_pfn = 0x5ffd8 max_arch_pfn = 0x400000000
machine # [    0.001071] x86/PAT: Configuration [0-7]: WB  WC  UC- UC  WB  WP  UC- WT
machine # [    0.007387] found SMP MP-table at [mem 0x000f5bb0-0x000f5bbf]
machine # [    0.007842] Using GB pages for direct mapping
machine # [    0.008104] RAMDISK: [mem 0x5f33f000-0x5ffcffff]
machine # [    0.008177] ACPI: Early table checksum verification disabled
machine # [    0.008217] ACPI: RSDP 0x00000000000F59D0 000014 (v00 BOCHS )
machine # [    0.008240] ACPI: RSDT 0x000000005FFE1D56 000034 (v01 BOCHS  BXPC     00000001 BXPC 00000001)
machine # [    0.008250] ACPI: FACP 0x000000005FFE1BD2 000074 (v01 BOCHS  BXPC     00000001 BXPC 00000001)
machine # [    0.008254] ACPI: DSDT 0x000000005FFE0040 001B92 (v01 BOCHS  BXPC     00000001 BXPC 00000001)
machine # [    0.008257] ACPI: FACS 0x000000005FFE0000 000040
machine # [    0.008259] ACPI: APIC 0x000000005FFE1C46 0000B0 (v01 BOCHS  BXPC     00000001 BXPC 00000001)
machine # [    0.008262] ACPI: HPET 0x000000005FFE1CF6 000038 (v01 BOCHS  BXPC     00000001 BXPC 00000001)
machine # [    0.008265] ACPI: WAET 0x000000005FFE1D2E 000028 (v01 BOCHS  BXPC     00000001 BXPC 00000001)
machine # [    0.008266] ACPI: Reserving FACP table memory at [mem 0x5ffe1bd2-0x5ffe1c45]
machine # [    0.008268] ACPI: Reserving DSDT table memory at [mem 0x5ffe0040-0x5ffe1bd1]
machine # [    0.008268] ACPI: Reserving FACS table memory at [mem 0x5ffe0000-0x5ffe003f]
machine # [    0.008269] ACPI: Reserving APIC table memory at [mem 0x5ffe1c46-0x5ffe1cf5]
machine # [    0.008269] ACPI: Reserving HPET table memory at [mem 0x5ffe1cf6-0x5ffe1d2d]
machine # [    0.008270] ACPI: Reserving WAET table memory at [mem 0x5ffe1d2e-0x5ffe1d55]
machine # [    0.010160] No NUMA configuration found
machine # [    0.010161] Faking a node at [mem 0x0000000000000000-0x000000005ffd7fff]
machine # [    0.010166] NODE_DATA(0) allocated [mem 0x5ffd2000-0x5ffd7fff]
machine # [    0.010201] Zone ranges:
machine # [    0.010201]   DMA      [mem 0x0000000000001000-0x0000000000ffffff]
machine # [    0.010203]   DMA32    [mem 0x0000000001000000-0x000000005ffd7fff]
machine # [    0.010204]   Normal   empty
machine # [    0.010204]   Device   empty
machine # [    0.010205] Movable zone start for each node
machine # [    0.010205] Early memory node ranges
machine # [    0.010206]   node   0: [mem 0x0000000000001000-0x000000000009efff]
machine # [    0.010208]   node   0: [mem 0x0000000000100000-0x000000005ffd7fff]
machine # [    0.010211] Initmem setup node 0 [mem 0x0000000000001000-0x000000005ffd7fff]
machine # [    0.010375] On node 0, zone DMA: 1 pages in unavailable ranges
machine # [    0.010388] On node 0, zone DMA: 97 pages in unavailable ranges
machine # [    0.012938] On node 0, zone DMA32: 40 pages in unavailable ranges
machine # [    0.017227] ACPI: PM-Timer IO Port: 0x608
machine # [    0.017264] ACPI: LAPIC_NMI (acpi_id[0xff] dfl dfl lint[0x1])
machine # [    0.017449] IOAPIC[0]: apic_id 0, version 17, address 0xfec00000, GSI 0-23
machine # [    0.017452] ACPI: INT_SRC_OVR (bus 0 bus_irq 0 global_irq 2 dfl dfl)
machine # [    0.017454] ACPI: INT_SRC_OVR (bus 0 bus_irq 5 global_irq 5 high level)
machine # [    0.017455] ACPI: INT_SRC_OVR (bus 0 bus_irq 9 global_irq 9 high level)
machine # [    0.017458] ACPI: INT_SRC_OVR (bus 0 bus_irq 10 global_irq 10 high level)
machine # [    0.017459] ACPI: INT_SRC_OVR (bus 0 bus_irq 11 global_irq 11 high level)
machine # [    0.017463] ACPI: Using ACPI (MADT) for SMP configuration information
machine # [    0.017464] ACPI: HPET id: 0x8086a201 base: 0xfed00000
machine # [    0.017470] TSC deadline timer available
machine # [    0.017472] smpboot: Allowing 8 CPUs, 0 hotplug CPUs
machine # [    0.017594] kvm-guest: KVM setup pv remote TLB flush
machine # [    0.017628] kvm-guest: setup PV sched yield
machine # [    0.017651] PM: hibernation: Registered nosave memory: [mem 0x00000000-0x00000fff]
machine # [    0.017653] PM: hibernation: Registered nosave memory: [mem 0x0009f000-0x0009ffff]
machine # [    0.017653] PM: hibernation: Registered nosave memory: [mem 0x000a0000-0x000effff]
machine # [    0.017654] PM: hibernation: Registered nosave memory: [mem 0x000f0000-0x000fffff]
machine # [    0.017654] PM: hibernation: Registered nosave memory: [mem 0x00937000-0x00937fff]
machine # [    0.017655] PM: hibernation: Registered nosave memory: [mem 0x00937000-0x00937fff]
machine # [    0.017657] [mem 0x60000000-0xfeffbfff] available for PCI devices
machine # [    0.017658] Booting paravirtualized kernel on KVM
machine # [    0.017670] clocksource: refined-jiffies: mask: 0xffffffff max_cycles: 0xffffffff, max_idle_ns: 1910969940391419 ns
machine # [    0.020522] setup_percpu: NR_CPUS:384 nr_cpumask_bits:8 nr_cpu_ids:8 nr_node_ids:1
machine # [    0.021036] percpu: Embedded 61 pages/cpu s212992 r8192 d28672 u262144
machine # [    0.021172] kvm-guest: PV spinlocks enabled
machine # [    0.021174] PV qspinlock hash table entries: 256 (order: 0, 4096 bytes, linear)
machine # [    0.021183] Fallback order for Node 0: 0
machine # [    0.021187] Built 1 zonelists, mobility grouping on.  Total pages: 386775
machine # [    0.021190] Policy zone: DMA32
machine # [    0.021191] Kernel command line: console=ttyS0 panic=1 boot.panic_on_fail clock=acpi_pm nohibernate loglevel=7 net.ifnames=0 init=/nix/store/bqdnkfah42h34a93ncdabjdd851qbs9j-nixos-system-machine-23.05pre-git/init regInfo=/nix/store/dn1bcf3cl3y5zxaim96nqa3pmksd0glp-closure-info/registration console=ttyS0
machine # [    0.021236] clocksource: clock= boot option is deprecated - use clocksource=xyz
machine # [    0.021268] Unknown kernel command line parameters "regInfo=/nix/store/dn1bcf3cl3y5zxaim96nqa3pmksd0glp-closure-info/registration", will be passed to user space.
machine # [    0.021508] Dentry cache hash table entries: 262144 (order: 9, 2097152 bytes, linear)
machine # [    0.021551] Inode-cache hash table entries: 131072 (order: 8, 1048576 bytes, linear)
machine # [    0.021807] mem auto-init: stack:all(zero), heap alloc:off, heap free:off
machine # [    0.024015] Memory: 1493988K/1572312K available (12294K kernel code, 2307K rwdata, 7532K rodata, 1876K init, 4344K bss, 78064K reserved, 0K cma-reserved)
machine # [    0.024109] SLUB: HWalign=64, Order=0-3, MinObjects=0, CPUs=8, Nodes=1
machine # [    0.024119] Kernel/User page tables isolation: enabled
machine # [    0.024140] ftrace: allocating 37041 entries in 145 pages
machine # [    0.032721] ftrace: allocated 145 pages with 3 groups
machine # [    0.033270] Dynamic Preempt: voluntary
machine # [    0.033432] rcu: Preemptible hierarchical RCU implementation.
machine # [    0.033432] rcu:   RCU event tracing is enabled.
machine # [    0.033433] rcu:   RCU restricting CPUs from NR_CPUS=384 to nr_cpu_ids=8.
machine # [    0.033434]        Trampoline variant of Tasks RCU enabled.
machine # [    0.033434]        Rude variant of Tasks RCU enabled.
machine # [    0.033435]        Tracing variant of Tasks RCU enabled.
machine # [    0.033435] rcu: RCU calculated value of scheduler-enlistment delay is 100 jiffies.
machine # [    0.033436] rcu: Adjusting geometry for rcu_fanout_leaf=16, nr_cpu_ids=8
machine # [    0.036159] NR_IRQS: 24832, nr_irqs: 488, preallocated irqs: 16
machine # [    0.036447] rcu: srcu_init: Setting srcu_struct sizes based on contention.
machine # [    0.068199] Console: colour VGA+ 80x25
machine # [    0.680247] printk: console [ttyS0] enabled
machine # [    0.683205] ACPI: Core revision 20220331
machine # [    0.686570] clocksource: hpet: mask: 0xffffffff max_cycles: 0xffffffff, max_idle_ns: 19112604467 ns
machine # [    0.693097] APIC: Switch to symmetric I/O mode setup
machine # [    0.698618] x2apic enabled
machine # [    0.702610] Switched APIC routing to physical x2apic.
machine # [    0.706158] kvm-guest: setup PV IPIs
machine # [    0.716366] ..TIMER: vector=0x30 apic1=0 pin1=2 apic2=-1 pin2=-1
machine # [    0.720664] clocksource: tsc-early: mask: 0xffffffffffffffff max_cycles: 0x2fbd924e8de, max_idle_ns: 440795321919 ns
machine # [    0.727779] Calibrating delay loop (skipped) preset value.. 6623.99 BogoMIPS (lpj=3311998)
machine # [    0.728777] pid_max: default: 32768 minimum: 301
machine # [    0.729804] LSM: Security Framework initializing
machine # [    0.730785] landlock: Up and running.
machine # [    0.731777] Yama: becoming mindful.
machine # [    0.732782] SELinux:  Initializing.
machine # [    0.733787] LSM support for eBPF active
machine # [    0.734946] Mount-cache hash table entries: 4096 (order: 3, 32768 bytes, linear)
machine # [    0.735779] Mountpoint-cache hash table entries: 4096 (order: 3, 32768 bytes, linear)
machine # [    0.738868] x86/cpu: User Mode Instruction Prevention (UMIP) activated
machine # [    0.741551] Last level iTLB entries: 4KB 0, 2MB 0, 4MB 0
machine # [    0.741777] Last level dTLB entries: 4KB 0, 2MB 0, 4MB 0, 1GB 0
machine # [    0.742836] Spectre V1 : Mitigation: usercopy/swapgs barriers and __user pointer sanitization
machine # [    0.743798] Spectre V2 : Mitigation: IBRS
machine # [    0.744776] Spectre V2 : Spectre v2 / SpectreRSB mitigation: Filling RSB on context switch
machine # [    0.745777] Spectre V2 : Spectre v2 / SpectreRSB : Filling RSB on VMEXIT
machine # [    0.746777] RETBleed: Mitigation: IBRS
machine # [    0.747781] Spectre V2 : mitigation: Enabling conditional Indirect Branch Prediction Barrier
machine # [    0.748777] Speculative Store Bypass: Mitigation: Speculative Store Bypass disabled via prctl
machine # [    0.749813] MDS: Mitigation: Clear CPU buffers
machine # [    0.750777] TAA: Mitigation: Clear CPU buffers
machine # [    0.751777] MMIO Stale Data: Vulnerable: Clear CPU buffers attempted, no microcode
machine # [    0.770386] Freeing SMP alternatives memory: 32K
machine # [    0.772036] smpboot: CPU0: Intel(R) Core(TM) i9-9940X CPU @ 3.30GHz (family: 0x6, model: 0x55, stepping: 0x4)
machine # [    0.772887] cblist_init_generic: Setting adjustable number of callback queues.
machine # [    0.773789] cblist_init_generic: Setting shift to 3 and lim to 1.
machine # [    0.774805] cblist_init_generic: Setting shift to 3 and lim to 1.
machine # [    0.775805] cblist_init_generic: Setting shift to 3 and lim to 1.
machine # [    0.776802] Performance Events: Skylake events, full-width counters, Intel PMU driver.
machine # [    0.777803] ... version:                2
machine # [    0.778806] ... bit width:              48
machine # [    0.779789] ... generic registers:      4
machine # [    0.780789] ... value mask:             0000ffffffffffff
machine # [    0.781789] ... max period:             00007fffffffffff
machine # [    0.782789] ... fixed-purpose events:   3
machine # [    0.783789] ... event mask:             000000070000000f
machine # [    0.785121] rcu: Hierarchical SRCU implementation.
machine # [    0.785790] rcu:   Max phase no-delay instances is 400.
machine # [    0.787138] smp: Bringing up secondary CPUs ...
machine # [    0.788019] x86: Booting SMP configuration:
machine # [    0.788790] .... node  #0, CPUs:      #1 #2 #3 #4 #5 #6 #7
machine # [    0.813995] smp: Brought up 1 node, 8 CPUs
machine # [    0.815790] smpboot: Max logical packages: 1
machine # [    0.816789] smpboot: Total of 8 processors activated (52991.96 BogoMIPS)
machine # [    0.831130] devtmpfs: initialized
machine # [    0.831851] x86/mm: Memory block size: 128MB
machine # [    0.833048] clocksource: jiffies: mask: 0xffffffff max_cycles: 0xffffffff, max_idle_ns: 1911260446275000 ns
machine # [    0.833792] futex hash table entries: 2048 (order: 5, 131072 bytes, linear)
machine # [    0.834873] pinctrl core: initialized pinctrl subsystem
machine # [    0.836707] NET: Registered PF_NETLINK/PF_ROUTE protocol family
machine # [    0.836888] DMA: preallocated 256 KiB GFP_KERNEL pool for atomic allocations
machine # [    0.837792] DMA: preallocated 256 KiB GFP_KERNEL|GFP_DMA pool for atomic allocations
machine # [    0.838792] DMA: preallocated 256 KiB GFP_KERNEL|GFP_DMA32 pool for atomic allocations
machine # [    0.839797] audit: initializing netlink subsys (disabled)
machine # [    0.840831] audit: type=2000 audit(1678259407.301:1): state=initialized audit_enabled=0 res=1
machine # [    0.840889] thermal_sys: Registered thermal governor 'bang_bang'
machine # [    0.841790] thermal_sys: Registered thermal governor 'step_wise'
machine # [    0.842789] thermal_sys: Registered thermal governor 'user_space'
machine # [    0.843818] cpuidle: using governor menu
machine # [    0.851095] acpiphp: ACPI Hot Plug PCI Controller Driver version: 0.5
machine # [    0.855415] PCI: Using configuration type 1 for base access
machine # [    0.860816] kprobes: kprobe jump-optimization is enabled. All kprobes are optimized if possible.
machine # [    0.861881] HugeTLB: registered 1.00 GiB page size, pre-allocated 0 pages
machine # [    0.862806] HugeTLB: 16380 KiB vmemmap can be freed for a 1.00 GiB page
machine # [    0.863790] HugeTLB: registered 2.00 MiB page size, pre-allocated 0 pages
machine # [    0.864789] HugeTLB: 28 KiB vmemmap can be freed for a 2.00 MiB page
machine # [    0.866858] ACPI: Added _OSI(Module Device)
machine # [    0.867790] ACPI: Added _OSI(Processor Device)
machine # [    0.868789] ACPI: Added _OSI(3.0 _SCP Extensions)
machine # [    0.869789] ACPI: Added _OSI(Processor Aggregator Device)
machine # [    0.871395] ACPI: 1 ACPI AML tables successfully acquired and loaded
machine # [    0.873841] ACPI: Interpreter enabled
machine # [    0.874818] ACPI: PM: (supports S0 S3 S4 S5)
machine # [    0.875789] ACPI: Using IOAPIC for interrupt routing
machine # [    0.876801] PCI: Using host bridge windows from ACPI; if necessary, use "pci=nocrs" and report a bug
machine # [    0.877789] PCI: Using E820 reservations for host bridge windows
machine # [    0.878997] ACPI: Enabled 2 GPEs in block 00 to 0F
machine # [    0.883332] ACPI: PCI Root Bridge [PCI0] (domain 0000 [bus 00-ff])
machine # [    0.883794] acpi PNP0A03:00: _OSC: OS supports [ASPM ClockPM Segments MSI HPX-Type3]
machine # [    0.884792] acpi PNP0A03:00: _OSC: not requesting OS control; OS requires [ExtendedConfig ASPM ClockPM MSI]
machine # [    0.885815] acpi PNP0A03:00: fail to add MMCONFIG information, can't access extended PCI configuration space under this bridge.
machine # [    0.887135] acpiphp: Slot [3] registered
machine # [    0.887862] acpiphp: Slot [4] registered
machine # [    0.888852] acpiphp: Slot [5] registered
machine # [    0.889852] acpiphp: Slot [6] registered
machine # [    0.890854] acpiphp: Slot [7] registered
machine # [    0.891872] acpiphp: Slot [8] registered
machine # [    0.892853] acpiphp: Slot [9] registered
machine # [    0.893868] acpiphp: Slot [10] registered
machine # [    0.894855] acpiphp: Slot [11] registered
machine # [    0.895866] acpiphp: Slot [12] registered
machine # [    0.896854] acpiphp: Slot [13] registered
machine # [    0.897853] acpiphp: Slot [14] registered
machine # [    0.898854] acpiphp: Slot [15] registered
machine # [    0.899853] acpiphp: Slot [16] registered
machine # [    0.900854] acpiphp: Slot [17] registered
machine # [    0.901854] acpiphp: Slot [18] registered
machine # [    0.902853] acpiphp: Slot [19] registered
machine # [    0.903856] acpiphp: Slot [20] registered
machine # [    0.904854] acpiphp: Slot [21] registered
machine # [    0.905855] acpiphp: Slot [22] registered
machine # [    0.906857] acpiphp: Slot [23] registered
machine # [    0.907855] acpiphp: Slot [24] registered
machine # [    0.908855] acpiphp: Slot [25] registered
machine # [    0.909855] acpiphp: Slot [26] registered
machine # [    0.910865] acpiphp: Slot [27] registered
machine # [    0.911853] acpiphp: Slot [28] registered
machine # [    0.912855] acpiphp: Slot [29] registered
machine # [    0.913854] acpiphp: Slot [30] registered
machine # [    0.914857] acpiphp: Slot [31] registered
machine # [    0.915860] PCI host bridge to bus 0000:00
machine # [    0.916790] pci_bus 0000:00: root bus resource [io  0x0000-0x0cf7 window]
machine # [    0.917789] pci_bus 0000:00: root bus resource [io  0x0d00-0xffff window]
machine # [    0.918789] pci_bus 0000:00: root bus resource [mem 0x000a0000-0x000bffff window]
machine # [    0.919789] pci_bus 0000:00: root bus resource [mem 0x60000000-0xfebfffff window]
machine # [    0.920789] pci_bus 0000:00: root bus resource [mem 0x100000000-0x17fffffff window]
machine # [    0.921790] pci_bus 0000:00: root bus resource [bus 00-ff]
machine # [    0.923037] pci 0000:00:00.0: [8086:1237] type 00 class 0x060000
machine # [    0.926943] pci 0000:00:01.0: [8086:7000] type 00 class 0x060100
machine # [    0.932082] pci 0000:00:01.1: [8086:7010] type 00 class 0x010180
machine # [    0.937164] pci 0000:00:01.1: reg 0x20: [io  0xc240-0xc24f]
machine # [    0.939807] pci 0000:00:01.1: legacy IDE quirk: reg 0x10: [io  0x01f0-0x01f7]
machine # [    0.940790] pci 0000:00:01.1: legacy IDE quirk: reg 0x14: [io  0x03f6]
machine # [    0.941789] pci 0000:00:01.1: legacy IDE quirk: reg 0x18: [io  0x0170-0x0177]
machine # [    0.942789] pci 0000:00:01.1: legacy IDE quirk: reg 0x1c: [io  0x0376]
machine # [    0.944544] pci 0000:00:01.2: [8086:7020] type 00 class 0x0c0300
machine # [    0.948603] pci 0000:00:01.2: reg 0x20: [io  0xc180-0xc19f]
machine # [    0.950957] pci 0000:00:01.3: [8086:7113] type 00 class 0x068000
machine # [    0.954852] pci 0000:00:01.3: quirk: [io  0x0600-0x063f] claimed by PIIX4 ACPI
machine # [    0.955842] pci 0000:00:01.3: quirk: [io  0x0700-0x070f] claimed by PIIX4 SMB
machine # [    0.958008] pci 0000:00:02.0: [1234:1111] type 00 class 0x030000
machine # [    0.960704] pci 0000:00:02.0: reg 0x10: [mem 0xfd000000-0xfdffffff pref]
machine # [    0.963638] pci 0000:00:02.0: reg 0x18: [mem 0xfebd0000-0xfebd0fff]
machine # [    0.968775] pci 0000:00:02.0: reg 0x30: [mem 0xfebc0000-0xfebcffff pref]
machine # [    0.969153] pci 0000:00:02.0: Video device with shadowed ROM at [mem 0x000c0000-0x000dffff]
machine # [    0.972112] pci 0000:00:03.0: [1af4:1000] type 00 class 0x020000
machine # [    0.974278] pci 0000:00:03.0: reg 0x10: [io  0xc1a0-0xc1bf]
machine # [    0.975791] pci 0000:00:03.0: reg 0x14: [mem 0xfebd1000-0xfebd1fff]
machine # [    0.980530] pci 0000:00:03.0: reg 0x20: [mem 0xfe000000-0xfe003fff 64bit pref]
machine # [    0.981791] pci 0000:00:03.0: reg 0x30: [mem 0xfeb80000-0xfebbffff pref]
machine # [    0.987769] pci 0000:00:04.0: [1af4:1005] type 00 class 0x00ff00
machine # [    0.989242] pci 0000:00:04.0: reg 0x10: [io  0xc1c0-0xc1df]
machine # [    0.990791] pci 0000:00:04.0: reg 0x14: [mem 0xfebd2000-0xfebd2fff]
machine # [    0.994791] pci 0000:00:04.0: reg 0x20: [mem 0xfe004000-0xfe007fff 64bit pref]
machine # [    1.001844] pci 0000:00:05.0: [1af4:1009] type 00 class 0x000200
machine # [    1.004283] pci 0000:00:05.0: reg 0x10: [io  0xc100-0xc13f]
machine # [    1.005792] pci 0000:00:05.0: reg 0x14: [mem 0xfebd3000-0xfebd3fff]
machine # [    1.009791] pci 0000:00:05.0: reg 0x20: [mem 0xfe008000-0xfe00bfff 64bit pref]
machine # [    1.016844] pci 0000:00:06.0: [1af4:1009] type 00 class 0x000200
machine # [    1.019259] pci 0000:00:06.0: reg 0x10: [io  0xc1e0-0xc1ff]
machine # [    1.020791] pci 0000:00:06.0: reg 0x14: [mem 0xfebd4000-0xfebd4fff]
machine # [    1.024791] pci 0000:00:06.0: reg 0x20: [mem 0xfe00c000-0xfe00ffff 64bit pref]
machine # [    1.031769] pci 0000:00:07.0: [1af4:1009] type 00 class 0x000200
machine # [    1.033249] pci 0000:00:07.0: reg 0x10: [io  0xc200-0xc21f]
machine # [    1.034791] pci 0000:00:07.0: reg 0x14: [mem 0xfebd5000-0xfebd5fff]
machine # [    1.038791] pci 0000:00:07.0: reg 0x20: [mem 0xfe010000-0xfe013fff 64bit pref]
machine # [    1.045763] pci 0000:00:08.0: [1af4:1001] type 00 class 0x010000
machine # [    1.047452] pci 0000:00:08.0: reg 0x10: [io  0xc000-0xc07f]
machine # [    1.048791] pci 0000:00:08.0: reg 0x14: [mem 0xfebd6000-0xfebd6fff]
machine # [    1.052791] pci 0000:00:08.0: reg 0x20: [mem 0xfe014000-0xfe017fff 64bit pref]
machine # [    1.059767] pci 0000:00:09.0: [1af4:1001] type 00 class 0x010000
machine # [    1.061465] pci 0000:00:09.0: reg 0x10: [io  0xc080-0xc0ff]
machine # [    1.062792] pci 0000:00:09.0: reg 0x14: [mem 0xfebd7000-0xfebd7fff]
machine # [    1.067294] pci 0000:00:09.0: reg 0x20: [mem 0xfe018000-0xfe01bfff 64bit pref]
machine # [    1.073769] pci 0000:00:0a.0: [1af4:1052] type 00 class 0x090000
machine # [    1.075628] pci 0000:00:0a.0: reg 0x14: [mem 0xfebd8000-0xfebd8fff]
machine # [    1.078448] pci 0000:00:0a.0: reg 0x20: [mem 0xfe01c000-0xfe01ffff 64bit pref]
machine # [    1.085004] pci 0000:00:0b.0: [1af4:1003] type 00 class 0x078000
machine # [    1.087315] pci 0000:00:0b.0: reg 0x10: [io  0xc140-0xc17f]
machine # [    1.088791] pci 0000:00:0b.0: reg 0x14: [mem 0xfebd9000-0xfebd9fff]
machine # [    1.093523] pci 0000:00:0b.0: reg 0x20: [mem 0xfe020000-0xfe023fff 64bit pref]
machine # [    1.100333] pci 0000:00:0c.0: [1af4:1005] type 00 class 0x00ff00
machine # [    1.102248] pci 0000:00:0c.0: reg 0x10: [io  0xc220-0xc23f]
machine # [    1.103791] pci 0000:00:0c.0: reg 0x14: [mem 0xfebda000-0xfebdafff]
machine # [    1.107791] pci 0000:00:0c.0: reg 0x20: [mem 0xfe024000-0xfe027fff 64bit pref]
machine # [    1.115614] ACPI: PCI: Interrupt link LNKA configured for IRQ 10
machine # [    1.116089] ACPI: PCI: Interrupt link LNKB configured for IRQ 10
machine # [    1.117089] ACPI: PCI: Interrupt link LNKC configured for IRQ 11
machine # [    1.118070] ACPI: PCI: Interrupt link LNKD configured for IRQ 11
machine # [    1.118943] ACPI: PCI: Interrupt link LNKS configured for IRQ 9
machine # [    1.120868] iommu: Default domain type: Translated
machine # [    1.121790] iommu: DMA domain TLB invalidation policy: lazy mode
machine # [    1.123189] NetLabel: Initializing
machine # [    1.123790] NetLabel:  domain hash size = 128
machine # [    1.124789] NetLabel:  protocols = UNLABELED CIPSOv4 CALIPSO
machine # [    1.125806] NetLabel:  unlabeled traffic allowed by default
machine # [    1.126794] PCI: Using ACPI for IRQ routing
machine # [    1.129611] pci 0000:00:02.0: vgaarb: setting as boot VGA device
machine # [    1.129775] pci 0000:00:02.0: vgaarb: bridge control possible
machine # [    1.129775] pci 0000:00:02.0: vgaarb: VGA device added: decodes=io+mem,owns=io+mem,locks=none
machine # [    1.129791] vgaarb: loaded
machine # [    1.130893] hpet0: at MMIO 0xfed00000, IRQs 2, 8, 0
machine # [    1.131790] hpet0: 3 comparators, 64-bit 100.000000 MHz counter
machine # [    1.136971] clocksource: Switched to clocksource kvm-clock
machine # [    1.140844] VFS: Disk quotas dquot_6.6.0
machine # [    1.143697] VFS: Dquot-cache hash table entries: 512 (order 0, 4096 bytes)
machine # [    1.148536] pnp: PnP ACPI init
machine # [    1.151340] pnp: PnP ACPI: found 6 devices
machine # [    1.170260] clocksource: acpi_pm: mask: 0xffffff max_cycles: 0xffffff, max_idle_ns: 2085701024 ns
machine # [    1.176452] clocksource: Switched to clocksource acpi_pm
machine # [    1.180389] NET: Registered PF_INET protocol family
machine # [    1.184136] IP idents hash table entries: 32768 (order: 6, 262144 bytes, linear)
machine # [    1.189999] tcp_listen_portaddr_hash hash table entries: 1024 (order: 2, 16384 bytes, linear)
machine # [    1.196009] Table-perturb hash table entries: 65536 (order: 6, 262144 bytes, linear)
machine # [    1.201370] TCP established hash table entries: 16384 (order: 5, 131072 bytes, linear)
machine # [    1.206947] TCP bind hash table entries: 16384 (order: 7, 524288 bytes, linear)
machine # [    1.212200] TCP: Hash tables configured (established 16384 bind 16384)
machine # [    1.216970] MPTCP token hash table entries: 2048 (order: 3, 49152 bytes, linear)
machine # [    1.222203] UDP hash table entries: 1024 (order: 3, 32768 bytes, linear)
machine # [    1.227068] UDP-Lite hash table entries: 1024 (order: 3, 32768 bytes, linear)
machine # [    1.232048] NET: Registered PF_UNIX/PF_LOCAL protocol family
machine # [    1.236122] NET: Registered PF_XDP protocol family
machine # [    1.239549] pci_bus 0000:00: resource 4 [io  0x0000-0x0cf7 window]
machine # [    1.243987] pci_bus 0000:00: resource 5 [io  0x0d00-0xffff window]
machine # [    1.248410] pci_bus 0000:00: resource 6 [mem 0x000a0000-0x000bffff window]
machine # [    1.253232] pci_bus 0000:00: resource 7 [mem 0x60000000-0xfebfffff window]
machine # [    1.258158] pci_bus 0000:00: resource 8 [mem 0x100000000-0x17fffffff window]
machine # [    1.263297] pci 0000:00:01.0: PIIX3: Enabling Passive Release
machine # [    1.267523] pci 0000:00:00.0: Limiting direct PCI/PCI transfers
machine # [    1.294746] ACPI: \_SB_.LNKD: Enabled at IRQ 11
machine # [    1.321485] pci 0000:00:01.2: quirk_usb_early_handoff+0x0/0x750 took 48258 usecs
machine # [    1.327455] PCI: CLS 0 bytes, default 64
machine # [    1.330464] clocksource: tsc: mask: 0xffffffffffffffff max_cycles: 0x2fbd924e8de, max_idle_ns: 440795321919 ns
machine # [    1.330687] Trying to unpack rootfs image as initramfs...
machine # [    1.343150] Initialise system trusted keyrings
machine # [    1.347552] workingset: timestamp_bits=40 max_order=19 bucket_order=0
machine # [    1.353955] zbud: loaded
machine # [    1.358679] Key type asymmetric registered
machine # [    1.361693] Asymmetric key parser 'x509' registered
machine # [    1.406496] Freeing initrd memory: 12868K
machine # [    1.414290] alg: self-tests for CTR-KDF (hmac(sha256)) passed
machine # [    1.418517] Block layer SCSI generic (bsg) driver version 0.4 loaded (major 252)
machine # [    1.424701] io scheduler mq-deadline registered
machine # [    1.428053] io scheduler kyber registered
machine # [    1.435915] Serial: 8250/16550 driver, 4 ports, IRQ sharing enabled
machine # [    1.441250] 00:04: ttyS0 at I/O 0x3f8 (irq = 4, base_baud = 115200) is a 16550A
machine # [    1.454010] intel_pstate: CPU model not supported
machine # [    1.457626] drop_monitor: Initializing network drop monitor service
machine # [    1.471648] NET: Registered PF_INET6 protocol family
machine # [    1.481382] Segment Routing with IPv6
machine # [    1.484193] In-situ OAM (IOAM) with IPv6
machine # [    1.492154] IPI shorthand broadcast: enabled
machine # [    1.495672] registered taskstats version 1
machine # [    1.498713] Loading compiled-in X.509 certificates
machine # [    1.503075] zswap: loaded using pool lzo/zbud
machine # [    1.508087] Key type .fscrypt registered
machine # [    1.511058] Key type fscrypt-provisioning registered
machine # [    1.524689] Unstable clock detected, switching default tracing clock to "global"
machine # [    1.524689] If you want to keep using the local clock, then add:
machine # [    1.524689]   "trace_clock=local"
machine # [    1.524689] on the kernel command line
machine # [    1.543150] Freeing unused decrypted memory: 2036K
machine # [    1.546583] Freeing unused kernel image (initmem) memory: 1876K
machine # [    1.566314] Write protecting the kernel read-only data: 22528k
machine # [    1.571441] Freeing unused kernel image (text/rodata gap) memory: 2040K
machine # [    1.575220] Freeing unused kernel image (rodata/data gap) memory: 660K
machine # [    1.617452] x86/mm: Checked W+X mappings: passed, no W+X pages found.
machine # [    1.620286] x86/mm: Checking user space page tables
machine # [    1.660330] x86/mm: Checked W+X mappings: passed, no W+X pages found.
machine # [    1.663115] Run /init as init process
machine # 
machine # <<< NixOS Stage 1 >>>
machine # 
machine # loading module virtio_balloon...
machine # loading module virtio_console...
machine # loading module virtio_rng...
machine # loading module dm_mod...
machine # [    1.786108] device-mapper: ioctl: 4.47.0-ioctl (2022-07-28) initialised: dm-devel@redhat.com
machine # running udev...
machine # Starting systemd-udevd version 252.5
machine # [    1.867321] rtc_cmos 00:05: RTC can wake from S4
machine # [    1.871017] i8042: PNP: PS/2 Controller [PNP0303:KBD,PNP0f13:MOU] at 0x60,0x64 irq 1,12
machine # [    1.873351] rtc_cmos 00:05: registered as rtc0
machine # [    1.877364] rtc_cmos 00:05: alarms up to one day, y3k, 242 bytes nvram, hpet irqs
machine # [    1.879508] serio: i8042 KBD port at 0x60,0x64 irq 1
machine # [    1.883171] serio: i8042 AUX port at 0x60,0x64 irq 12
machine # [    1.908083] SCSI subsystem initialized
machine # [    1.914289] ACPI: bus type USB registered
machine # [    1.916314] usbcore: registered new interface driver usbfs
machine # [    1.918951] usbcore: registered new interface driver hub
machine # [    1.919658] ACPI: \_SB_.LNKC: Enabled at IRQ 10
machine # [    1.921561] usbcore: registered new device driver usb
machine # [    1.972041] scsi host0: ata_piix
machine # [    1.975739] scsi host1: ata_piix
machine # [    1.977475] ata1: PATA max MWDMA2 cmd 0x1f0 ctl 0x3f6 bmdma 0xc240 irq 14
machine # [    1.980569] ata2: PATA max MWDMA2 cmd 0x170 ctl 0x376 bmdma 0xc248 irq 15
machine # [    2.014222] uhci_hcd 0000:00:01.2: UHCI Host Controller
machine # [    2.014397] ACPI: \_SB_.LNKA: Enabled at IRQ 10
machine # [    2.016618] uhci_hcd 0000:00:01.2: new USB bus registered, assigned bus number 1
machine # [    2.022136] uhci_hcd 0000:00:01.2: detected 2 ports
machine # [    2.025202] uhci_hcd 0000:00:01.2: irq 11, io port 0x0000c180
machine # [    2.028417] usb usb1: New USB device found, idVendor=1d6b, idProduct=0001, bcdDevice= 6.01
machine # [    2.032124] usb usb1: New USB device strings: Mfr=3, Product=2, SerialNumber=1
machine # [    2.035303] usb usb1: Product: UHCI Host Controller
machine # [    2.037552] usb usb1: Manufacturer: Linux 6.1.15 uhci_hcd
machine # [    2.039970] usb usb1: SerialNumber: 0000:00:01.2
machine # [    2.042772] hub 1-0:1.0: USB hub found
machine # [    2.044532] hub 1-0:1.0: 2 ports detected
machine # [    2.050440] ACPI: \_SB_.LNKB: Enabled at IRQ 11
machine # [    2.144154] ata2: found unknown device (class 0)
machine # [    2.150041] ata2.00: ATAPI: QEMU DVD-ROM, 2.5+, max UDMA/100
machine # [    2.158312] scsi 1:0:0:0: CD-ROM            QEMU     QEMU DVD-ROM     2.5+ PQ: 0 ANSI: 5
machine # [    2.264981] usb 1-1: new full-speed USB device number 2 using uhci_hcd
machine # [    2.314363] input: AT Translated Set 2 keyboard as /devices/platform/i8042/serio0/input/input0
machine # [    2.339004] 9pnet: Installing 9P2000 support
machine # [    2.347762] virtio_blk virtio5: 8/0/0 default/read/poll queues
machine # [    2.365678] virtio_blk virtio5: [vda] 33554432 512-byte logical blocks (17.2 GB/16.0 GiB)
machine # [    2.372179] virtio_blk virtio6: 8/0/0 default/read/poll queues
machine # [    2.387613] virtio_blk virtio6: [vdb] 2097152 512-byte logical blocks (1.07 GB/1.00 GiB)
machine # [    2.394542] sr 1:0:0:0: [sr0] scsi3-mmc drive: 4x/4x cd/rw xa/form2 tray
machine # [    2.397631] cdrom: Uniform CD-ROM driver Revision: 3.20
machine # [    2.437114] usb 1-1: New USB device found, idVendor=0627, idProduct=0001, bcdDevice= 0.00
machine # [    2.440911] usb 1-1: New USB device strings: Mfr=1, Product=3, SerialNumber=10
machine # [    2.444138] usb 1-1: Product: QEMU USB Tablet
machine # [    2.446187] usb 1-1: Manufacturer: QEMU
machine # [    2.448064] usb 1-1: SerialNumber: 28754-0000:00:01.2-1
machine # [    2.461718] hid: raw HID events driver (C) Jiri Kosina
machine # [    2.473233] usbcore: registered new interface driver usbhid
machine # [    2.475960] usbhid: USB HID core driver
machine # [    2.481375] input: QEMU QEMU USB Tablet as /devices/pci0000:00/0000:00:01.2/usb1/1-1/1-1:1.0/0003:0627:0001.0001/input/input2
machine # [    2.486626] hid-generic 0003:0627:0001.0001: input,hidraw0: USB HID v0.01 Mouse [QEMU QEMU USB Tablet] on usb-0000:00:01.2-1/input0
machine # kbd_mode: KDSKBMODE: Inappropriate ioctl for device
machine # %Gstarting device mapper and LVM...
machine # mke2fs 1.46.5 (30-Dec-2021)
machine # Discarding device blocks: done         
machine # Creating filesystem with 262144 4k blocks and 65536 inodes
machine # Filesystem UUID: d2782ca8-b5ca-4ea3-9436-bbdf2147e35a
machine # Superblock backups stored on blocks:
machine #       32768, 98304, 163840, 229376
machine # 
machine # Allocating group tables: done
machine # Writing inode tables: done
machine # Creating journal (8192 blocks): done
machine # Writing superblocks and filesystem accounting information: done
machine # 
machine # checking /dev/vdb...
machine # fsck (busybox 1.36.0)
machine # [fsck.ext4 (1) -- /mnt-root/] fsck.ext4 -a /dev/vdb
machine # /dev/vdb: clean, 11/65536 files, 12955/262144 blocks
machine # mounting /dev/vdb on /...
machine # [    3.367618] EXT4-fs (vdb): mounted filesystem with ordered data mode. Quota mode: none.
machine # mounting nix-store on /nix/.ro-store...
machine # [    3.435539] FS-Cache: Loaded
machine # [    3.466020] 9p: Installing v9fs 9p2000 file system support
machine # mounting tmpfs on /nix/.rw-store...
machine # mounting shared on /tmp/shared...
machine # mounting xchg on /tmp/xchg...
machine # mounting overlay filesystem on /nix/store...
machine # 
machine # <<< NixOS Stage 2 >>>
machine # 
machine # [    3.877622] EXT4-fs (vdb): re-mounted. Quota mode: none.
machine # [    3.883105] booting system configuration /nix/store/bqdnkfah42h34a93ncdabjdd851qbs9j-nixos-system-machine-23.05pre-git
machine # running activation script...
machine # setting up /etc...
machine # unpacking the NixOS/Nixpkgs sources...
machine # ln: failed to create symbolic link '/root/.nix-defexpr/channels/channels': Read-only file system
machine # starting systemd...
machine # [    7.104765] systemd[1]: Inserted module 'autofs4'
machine # [    7.185420] systemd[1]: systemd 252.5 running in system mode (+PAM +AUDIT -SELINUX +APPARMOR +IMA +SMACK +SECCOMP +GCRYPT -GNUTLS +OPENSSL +ACL +BLKID +CURL +ELFUTILS +FIDO2 +IDN2 -IDN +IPTC +KMOD +LIBCRYPTSETUP +LIBFDISK +PCRE2 -PWQUALITY +P11KIT -QRENCODE +TPM2 +BZIP2 +LZ4 +XZ +ZLIB +ZSTD +BPF_FRAMEWORK -XKBCOMMON +UTMP -SYSVINIT default-hierarchy=unified)
machine # [    7.198531] systemd[1]: Detected virtualization kvm.
machine # [    7.200986] systemd[1]: Detected architecture x86-64.
machine # [    7.209673] systemd[1]: Initializing machine ID from random generator.
machine # [    7.603376] systemd[1]: bpf-lsm: LSM BPF program attached
machine # [    8.756466] systemd[1]: Queued start job for default target Multi-User System.
machine # [    8.776400] systemd[1]: Created slice Slice /system/getty.
machine # [    8.780098] systemd[1]: Created slice Slice /system/modprobe.
machine # [    8.783769] systemd[1]: Created slice User and Session Slice.
machine # [    8.786945] systemd[1]: Started Dispatch Password Requests to Console Directory Watch.
machine # [    8.790950] systemd[1]: Started Forward Password Requests to Wall Directory Watch.
machine # [    8.795083] systemd[1]: Reached target Local Encrypted Volumes.
machine # [    8.798211] systemd[1]: Reached target Containers.
machine # [    8.800706] systemd[1]: Reached target Path Units.
machine # [    8.803184] systemd[1]: Reached target Remote File Systems.
machine # [    8.806140] systemd[1]: Reached target Slice Units.
machine # [    8.808659] systemd[1]: Reached target Swaps.
machine # [    8.811151] systemd[1]: Reached target ZFS pool import target.
machine # [    8.821171] systemd[1]: Listening on Process Core Dump Socket.
machine # [    8.825357] systemd[1]: Listening on Journal Audit Socket.
machine # [    8.828301] systemd[1]: Listening on Journal Socket (/dev/log).
machine # [    8.831405] systemd[1]: Listening on Journal Socket.
machine # [    8.835399] systemd[1]: Listening on Userspace Out-Of-Memory (OOM) Killer Socket.
machine # [    8.842179] systemd[1]: Listening on udev Control Socket.
machine # [    8.845497] systemd[1]: Listening on udev Kernel Socket.
machine # [    8.859315] systemd[1]: Mounting Huge Pages File System...
machine # [    8.864176] systemd[1]: Mounting POSIX Message Queue File System...
machine # [    8.869985] systemd[1]: Mounting Kernel Debug File System...
machine # [    8.877545] systemd[1]: Starting Create List of Static Device Nodes...
machine # [    8.883601] systemd[1]: Starting Load Kernel Module configfs...
machine # [    8.889456] systemd[1]: Starting Load Kernel Module drm...
machine # [    8.895087] systemd[1]: Starting Load Kernel Module efi_pstore...
machine # [    8.901334] systemd[1]: Starting Load Kernel Module fuse...
machine # [    8.907406] systemd[1]: Starting mount-pstore.service...
machine # [    8.911393] systemd[1]: File System Check on Root Device was skipped because of an unmet condition check (ConditionPathIsReadWrite=!/).
machine # [    8.923189] systemd[1]: Starting Journal Service...
machine # [    8.932094] systemd[1]: Starting Load Kernel Modules...
machine # [    8.938004] systemd[1]: Starting Remount Root and Kernel File Systems...
machine # [    8.951750] fuse: init (API version 7.37)
machine # [    8.953053] systemd[1]: Starting Coldplug All udev Devices...
machine # [    8.968143] systemd[1]: Mounted Huge Pages File System.
machine # [    8.973734] systemd[1]: Mounted POSIX Message Queue File System.
machine # [    8.979448] systemd[1]: Mounted Kernel Debug File System.
machine # [    9.008550] EXT4-fs (vdb): re-mounted. Quota mode: none.
machine # [    9.019513] ACPI: bus type drm_connector registered
machine # [    9.023490] systemd[1]: Finished Create List of Static Device Nodes.
machine # [    9.028237] audit: type=1130 audit(1678259415.976:2): pid=1 uid=0 auid=4294967295 ses=4294967295 subj=kernel msg='unit=kmod-static-nodes comm="systemd" exe="/nix/store/d1h33vvfagj7bhg0b8dw3p5nifghb01q-systemd-252.5/lib/systemd/systemd" hostname=? addr=? terminal=? res=success'
machine # [    9.031281] systemd[1]: modprobe@configfs.service: Deactivated successfully.
machine # [    9.058015] systemd[1]: Finished Load Kernel Module configfs.
machine # [    9.061001] audit: type=1130 audit(1678259416.009:3): pid=1 uid=0 auid=4294967295 ses=4294967295 subj=kernel msg='unit=modprobe@configfs comm="systemd" exe="/nix/store/d1h33vvfagj7bhg0b8dw3p5nifghb01q-systemd-252.5/lib/systemd/systemd" hostname=? addr=? terminal=? res=success'
machine # [    9.062076] systemd[1]: modprobe@drm.service: Deactivated successfully.
machine # [    9.074924] audit: type=1131 audit(1678259416.009:4): pid=1 uid=0 auid=4294967295 ses=4294967295 subj=kernel msg='unit=modprobe@configfs comm="systemd" exe="/nix/store/d1h33vvfagj7bhg0b8dw3p5nifghb01q-systemd-252.5/lib/systemd/systemd" hostname=? addr=? terminal=? res=success'
machine # [    9.110584] bridge: filtering via arp/ip/ip6tables is no longer available by default. Update your scripts to load br_netfilter if you need this.
machine # [    9.119648] systemd[1]: Finished Load Kernel Module drm.
machine # [    9.122537] audit: type=1130 audit(1678259416.070:5): pid=1 uid=0 auid=4294967295 ses=4294967295 subj=kernel msg='unit=modprobe@drm comm="systemd" exe="/nix/store/d1h33vvfagj7bhg0b8dw3p5nifghb01q-systemd-252.5/lib/systemd/systemd" hostname=? addr=? terminal=? res=success'
machine # [    9.123590] systemd[1]: modprobe@efi_pstore.service: Deactivated successfully.
machine # [    9.133219] audit: type=1131 audit(1678259416.070:6): pid=1 uid=0 auid=4294967295 ses=4294967295 subj=kernel msg='unit=modprobe@drm comm="systemd" exe="/nix/store/d1h33vvfagj7bhg0b8dw3p5nifghb01q-systemd-252.5/lib/systemd/systemd" hostname=? addr=? terminal=? res=success'
machine # [    9.159116] systemd[1]: Finished Load Kernel Module efi_pstore.
machine # [    9.162135] audit: type=1130 audit(1678259416.110:7): pid=1 uid=0 auid=4294967295 ses=4294967295 subj=kernel msg='unit=modprobe@efi_pstore comm="systemd" exe="/nix/store/d1h33vvfagj7bhg0b8dw3p5nifghb01q-systemd-252.5/lib/systemd/systemd" hostname=? addr=? terminal=? res=success'
machine # [    9.163102] systemd[1]: modprobe@fuse.service: Deactivated successfully.
machine # [    9.173063] audit: type=1131 audit(1678259416.110:8): pid=1 uid=0 auid=4294967295 ses=4294967295 subj=kernel msg='unit=modprobe@efi_pstore comm="systemd" exe="/nix/store/d1h33vvfagj7bhg0b8dw3p5nifghb01q-systemd-252.5/lib/systemd/systemd" hostname=? addr=? terminal=? res=success'
machine # [    8.494690] systemd-modules-load[590]: Inserted module 'bridge'
machine # [    9.191498] tun: Universal TUN/TAP device driver, 1.6
machine # [    8.508217] systemd-modules-load[590]: Inserted module 'macvlan'
machine # [    8.515905] systemd-modules-load[590]: Inserted module 'tap'
machine # [    8.520349] systemd-modules-l[    9.204266] systemd[1]: Finished Load Kernel Module fuse.
machine # oad[590]: Insert[    9.208288] audit: type=1130 audit(1678259416.156:9): pid=1 uid=0 auid=4294967295 ses=4294967295 subj=kernel msg='unit=modprobe@fuse comm="systemd" exe="/nix/store/d1h33vvfagj7bhg0b8dw3p5nifghb01q-systemd-252.5/lib/systemd/systemd" hostname=? addr=? terminal=? res=success'
machine # ed module 'tun'[    9.209020] systemd[1]: Started Journal Service.
machine # 
machine # [    9.218989] audit: type=1131 audit(1678259416.156:10): pid=1 uid=0 auid=4294967295 ses=4294967295 subj=kernel msg='unit=modprobe@fuse comm="systemd" exe="/nix/store/d1h33vvfagj7bhg0b8dw3p5nifghb01q-systemd-252.5/lib/systemd/systemd" hostname=? addr=? terminal=? res=success'
machine # [    9.232626] audit: type=1130 audit(1678259416.180:11): pid=1 uid=0 auid=4294967295 ses=4294967295 subj=kernel msg='unit=systemd-journald comm="systemd" exe="/nix/store/d1h33vvfagj7bhg0b8dw3p5nifghb01q-systemd-252.5/lib/systemd/systemd" hostname=? addr=? terminal=? res=success'
machine # [    9.233324] spl: loading out-of-tree module taints kernel.
machine # [    9.260500] znvpair: module license 'CDDL' taints kernel.
machine # [    9.263248] Disabling lock debugging due to kernel taint
machine # [    8.599973] systemd[1]: Finished Remount Root and Kernel File Systems.
machine # [    8.635945] systemd[1]: Finished Coldplug All udev Devices.
machine # [    8.654412] systemd[1]: Mounting FUSE Control File System...
machine # [    8.660861] systemd[1]: Mounting Kernel Configuration File System...
machine # [    8.668274] systemd[1]: Starting Flush Journal to Persistent Storage...
machine # [    8.673380] systemd[1]: Starting Load/Save Random Seed...
machine # [    8.678366] systemd[1]: Starting Create Static Device Nodes in /dev...
machine # [    8.683723] systemd[1]: Mounted FUSE Control File System.
machine # [    8.688240] systemd[1]: Mounted Kernel Configuration File System.
machine # [    9.411119] systemd-journald[589]: Received client request to flush runtime journal.
machine # [    8.868149] systemd[1]: Finished Load/Save Random Seed.
machine # [    8.872649] systemd[1]: Finished Create Static Device Nodes in /dev.
machine # [    8.877030] systemd[1]: Reached target Preparation for Local File Systems.
machine # [    8.880958] systemd[1]: Starting Rule-based Manager for Device Events and Files...
machine # [    9.124207] systemd[1]: Finished Flush Journal to Persistent Storage.
machine # [    9.129757] systemd-udevd[612]: Using default interface naming scheme 'v252'.
machine # [    9.878495] ZFS: Loaded module v2.1.9-1, ZFS pool version 5000, ZFS filesystem version 5
machine # [    9.200944] systemd-modules-load[590]: Inserted module 'zfs'
machine # [    9.904655] loop: module loaded
machine # [    9.224720] systemd-modules-load[590]: Inserted module 'loop'
machine # [    9.258012] systemd[1]: Finished Load Kernel Modules.
machine # [    9.262119] systemd[1]: Started Rule-based Manager for Device Events and Files.
machine # [    9.281888] systemd[1]: Starting Firewall...
machine # [    9.286996] systemd[1]: Starting Apply Kernel Variables...
machine # [    9.293148] systemd[1]: Starting Mount ZFS filesystems...
machine # [    9.329197] systemd[1]: Found device /dev/ttyS0.
machine # [    9.339854] systemd-udevd[632]: Network interface NamePolicy= disabled on kernel command line.
machine # [    9.349702] systemd[1]: Found device /dev/hvc0.
machine # [    9.389265] systemd[1]: Finished Mount ZFS filesystems.
machine # [    9.394219] systemd-udevd[640]: event_source: Failed to get device name: No such file or directory
machine # [    9.401847] systemd[1]: Finished Apply Kernel Variables.
machine # [    9.408038] systemd[1]: Reached target Local File Systems.
machine # [    9.412443] systemd[1]: Starting Create Volatile Files and Directories...
machine # [   10.101467] mousedev: PS/2 mouse device common for all mice
machine # [   10.127023] input: Power Button as /devices/LNXSYSTM:00/LNXPWRBN:00/input/input3
machine # [   10.132373] ACPI: button: Power Button [PWRF]
machine # [   10.165644] Floppy drive(s): fd0 is 2.88M AMI BIOS
machine # [   10.171097] parport_pc 00:03: reported by Plug and Play ACPI
machine # [   10.180109] parport0: PC-style at 0x378, irq 7 [PCSPP(,...)]
machine # [   10.189709] Linux agpgart interface v0.103
machine # [   10.190462] piix4_smbus 0000:00:01.3: SMBus Host Controller at 0x700, revision 0
machine # [   10.190616] FDC 0 is a S82078B
machine # [    9.523335] systemd[1]: Finished Create Volatile Files and Directories.
machine # [    9.537930] s[   10.221364] input: VirtualPS/2 VMware VMMouse as /devices/platform/i8042/serio1/input/input6
machine # [   10.223379] input: QEMU Virtio Keyboard as /devices/pci0000:00/0000:00:0a.0/virtio7/input/input4
machine # [   10.229084] input: VirtualPS/2 VMware VMMouse as /devices/platform/i8042/serio1/input/input5
machine # ystemd[1]: Starting Rebuild Journal Catalog...
machine # [    9.562114] systemd[1]: Starting Userspace Out-Of-Memory (OOM) Killer...
machine # [    9.568151] systemd[1]: Starting Record System Boot/Shutdown in UTMP...
machine # [   10.287544] RAPL PMU: API unit is 2^-32 Joules, 0 fixed counters, 10737418240 ms ovfl timer
machine # [    9.621854] systemd[1]: Finished Record System Boot/Shutdown in UTMP.
machine # [   10.310574] cryptd: max_cpu_qlen set to 1000
machine # [   10.323141] bochs-drm 0000:00:02.0: vgaarb: deactivate vga console
machine # [   10.347354] Console: switching to colour dummy device 80x25
machine # [   10.350528] AVX2 version of gcm_enc/dec engaged.
machine # [    9.644140] systemd-oomd[672][   10.354378] [drm] Found bochs VGA, ID 0xb0c5.
machine # : Swap is curren[   10.358099] [drm] Framebuffer size 16384 kB @ 0xfd000000, mmio @ 0xfebd0000.
machine # tly not detected; memory pressure usage will be degraded
machine # [   10.365443] AES CTR mode by8 optimization enabled
machine # [   10.375344] [drm] Found EDID data blob.
machine # [   10.378303] [drm] Initialized bochs-drm 1.0.0 20130925 for 0000:00:02.0 on minor 0
machine # [    9.695022] systemd[1]: Finished Rebuild Journal Catalog.
machine # [   10.384179] fbcon: bochs-drmdrmfb (fb0) is primary device
machine # [   10.404243] Console: switching to colour frame buffer device 160x50
machine # [   10.414070] bochs-drm 0000:00:02.0: [drm] fb0: bochs-drmdrmfb frame buffer device
machine # [    9.705411] systemd[1]: Started Userspace Out-Of-Memory (OOM) Killer.
machine # [    9.742009] systemd[1]: Starting Update is Completed...
machine # [    9.786822] systemd[1]: Finished Update is Completed.
machine # [   10.928748] ppdev: user-space parallel port driver
machine # [   10.570013] f4xrzmq3i4d8ywd9vz5c0kafbb83b1jq-mount-pstore.sh[595]: Persistent Storage backend was not registered in time.
machine # [   10.598879] systemd[1]: Finished mount-pstore.service.
machine # [   10.604303] systemd[1]: Platform Persistent Storage Archival was skipped because of an unmet condition check (ConditionDirectoryNotEmpty=/sys/fs/pstore).
machine # [   10.614422] systemd[1]: Reached target System Initialization.
machine # [   10.619289] systemd[1]: Started logrotate.timer.
machine # [   10.625321] systemd[1]: Started Daily Cleanup of Temporary Directories.
machine # [   10.642333] systemd[1]: Started zpool-trim.timer.
machine # connecting to host...
machine # [   10.665753] systemd[1]: Reached target Timer Units.
machine # [   10.672116] dhcpcd[779]: dhcpcd-9.4.1 starting
machine # [   10.683194] systemd[1]: Listening on D-Bus System Message Bus Socket.
machine # [   10.692367] j72arpq1dfn7q59irzji3xwljjdiq8vs-audit-disable[784]: No rules
machine # [   10.697420] dhcpcd[791]: dev: loaded udev
machine # [   10.703906] systemd[1]: Listening on Nix Daemon Socket.
machine # [   11.393418] Key type encrypted registered
machine # [   10.712834] systemd[1]: Reached target Socket Units.
machine # [   10.724919] logrotate[780]: w[   11.409730] 8021q: 802.1Q VLAN Support v1.8
machine: connected to guest root shell
machine: (connecting took 12.69 seconds)
(finished: waiting for the VM to finish booting, in 12.70 seconds)
machine # arning: logrotate in debug mode does nothing except printing debug messages!  Consider using verbose mode (-v) instead if this is not what you want.
machine # [   10.732107] logrotate[780]: reading config file /nix/store/ysgfy4413nrn23ddins98pcrk81bmzsy-logrotate.conf
machine # [   10.742332] logrotate[780]: note: 'monthly' overrides previously specified 'weekly'
machine # [   10.742926] logrotate[780]: Reading state from file: /var/lib/logrotate.status
machine # [   10.743295] logrotate[780]: state file /var/lib/logrotate.status does not exist
machine # [   10.744845] logrotate[780]: Allocating hash table for state file, size 64 entries
machine # [   10.746003] logrotate[780]: Handling 2 logs
machine # [   10.746388] logrotate[780]: rotating pattern: "/var/log/btmp"  monthly (1 rotations)
machine # [   10.748789] logrotate[780]: empty log files are not rotated, only log files >= 1048576 bytes are rotated, old logs are removed
machine # [   10.749454] logrotate[780]: considering log /var/log/btmp
machine # [   10.751442] logrotate[780]: Creating new state
machine # [   10.755460] logrotate[780]:   Now: 2023-03-08 07:10
machine # [   10.756312] logrotate[780]:   Last rotated at 2023-03-08 07:00
machine # [   10.757812] logrotate[780]:   log does not need rotating (log has already been rotated)
machine # [   10.759020] logrotate[780]: rotating pattern: "/var/log/wtmp"  monthly (1 rotations)
machine # [   10.760501] logrotate[780]: empty log files are not rotated, only log files >= 1048576 bytes are rotated, old logs are removed
machine # [   10.761352] logrotate[780]: considering log /var/log/wtmp
machine # [   10.764012] logrotate[780]: Creating new state
machine # [   10.764464] logrotate[780]:   Now: 2023-03-08 07:10
machine # [   10.765243] logrotate[780]:   Last rotated at 2023-03-08 07:00
machine # [   10.766903] logrotate[780]:   log does not need rotating (log has already been rotated)
machine # [   10.769078] systemd[1]: Reached target Basic System.
machine # [   10.773090] systemd[1]: Starting Kernel Auditing...
machine # [   10.776129] systemd[1]: Started backdoor.service.
machine # [   10.779313] systemd[1]: Starting DHCP Client...
machine # [   10.780779] zed[794]: ZFS Event Daemon 2.1.9-1 (PID 794)
machine # [   10.781656] zed[794]: Processing events since eid=0
machine # [   10.784085] systemd[1]: Starting Logrotate configuration check...
machine # [   10.786435] systemd[1]: Starting Name Service Cache Daemon (nsncd)...
machine # [   10.789161] systemd[1]: Started Reset console on configuration changes.
machine # [   10.791036] systemd[1]: Starting resolvconf update...
machine # [   10.793342] systemd[1]: Starting ZFS file system shares...
machine # [   10.796279] systemd[1]: Started ZFS Event Daemon (zed).
machine # [   10.800003] systemd[1]: Finished Kernel Auditing.
machine # [   10.802283] systemd[1]: Finished Logrotate configuration check.
machine # [   10.874077] systemd[1]: Finished ZFS file system shares.
machine # [   10.878856] systemd[1]: Started Name Service Cache Daemon (nsncd).
machine # [   11.566766] EDAC MC: Ver: 3.0.0
machine # [   10.885386] nsncd[781]: Mar 08 07:10:18.512 INFO started, handoff_timeout: 3s, worker_count: 8, path: "/var/run/nscd/socket"
machine # sh: cannot set terminal process group (-1): Inappropriate ioctl for device
machine # sh: no job control in this shell
machine # [   10.902392] systemd[1]: Reached target Host and Network Name Lookups.
machine # [   10.910396] systemd[1]: Reached target User and Group Name Lookups.
machine # [   10.918064] systemd[1]: Reached target ZFS startup target.
machine # [   10.925251] systemd[1]: Starting D-Bus System Message Bus...
machine # [   10.932441] systemd[1]: Starting User Login Management...
machine # [   10.940710] systemd[1]: Stopped target Host and Network Name Lookups.
(finished: must succeed: echo hello, in 12.91 seconds)
(finished: subtest: Assert readiness of login prompt, in 12.91 seconds)
subtest: Wait for hard disks to appear in /dev
machine: must succeed: udevadm settle
machine # [   10.949899] systemd[1]: Stopping Host and Network Name Lookups...
machine # [   10.956168] systemd[1]: Stopped target User and Group Name Lookups.
machine # [   10.963293] systemd[1]: Stopping User and Group Name Lookups...
machine # [   10.970155] systemd[1]: Listening on Load/Save RF Kill Switch Status /dev/rfkill Watch.
machine # [   10.978793] systemd[1]: Stopping Name Service Cache Daemon (nsncd)...
machine # [   10.985452] systemd[1]: nscd.service: Deactivated successfully.
machine # [   10.993800] systemd[1]: Stopped Name Service Cache Daemon (nsncd).
machine # [   11.001204] systemd[1]: Starting Name Service Cache Daemon (nsncd)...
machine # [   11.022910] dbus-daemon[852]: dbus[852]: Unknown username "systemd-timesync" in message bus configuration file
machine # [   11.052159] nsncd[869]: Mar 08 07:10:18.684 INFO started, handoff_timeout: 3s, worker_count: 8, path: "/var/run/nscd/socket"
machine # [   11.077465] systemd-logind[857]: New seat seat0.
machine # [   11.082358] systemd-logind[857]: Watching system buttons on /dev/input/event2 (Power Button)
machine # [   11.086940] systemd-logind[857]: Watching system buttons on /dev/input/event4 (QEMU Virtio Keyboard)
machine # [   11.088098] systemd-logind[857]: Watching system buttons on /dev/input/event0 (AT Translated Set 2 keyboard)
machine # [   11.310231] systemd[1]: Finished resolvconf update.
machine # [   11.313295] systemd[1]: Started Name Service Cache Daemon (nsncd).
machine # [   11.316934] systemd[1]: Started D-Bus System Message Bus.
machine # [   11.320711] dbus-daemon[852]: [system] Successfully activated service 'org.freedesktop.systemd1'
machine # [   11.325033] systemd[1]: Reached target Host and Network Name Lookups.
machine # [   11.328849] systemd[1]: Reached target User and Group Name Lookups.
machine # [   11.331053] systemd[1]: Started User Login Management.
machine # [   12.080723] cfg80211: Loading compiled-in X.509 certificates for regulatory database
machine # [   12.131483] cfg80211: Loaded X.509 cert 'sforshee: 00b28ddf47aef9cea7'
machine # [   12.244322] 8021q: adding VLAN 0 to HW filter on device eth0
machine # [   11.565870] dhcpcd[791]: eth0: waiting for carrier
machine # [   11.569457] dhcpcd[791]: eth0: carrier acquired
machine # [   11.587169] dhcpcd[791]: DUID 00:01:00:01:2b:9a:f1:5b:52:54:00:12:34:56
machine # [   11.589888] dhcpcd[791]: eth0: IAID 00:12:34:56
machine # [   11.590868] dhcpcd[791]: eth0: adding address fe80::5054:ff:fe12:3456
machine # [   12.096989] systemd[1]: Finished Firewall.
machine # [   12.099423] systemd[1]: Reached target Preparation for Network.
machine # [   12.102381] systemd[1]: Reached target All Network Interfaces (deprecated).
machine # [   12.123944] systemd[1]: Starting Networking Setup...
machine # [   12.311029] systemd[1]: Finished Networking Setup.
machine # [   12.327920] systemd[1]: Starting Extra networking commands....
machine # [   12.358117] systemd[1]: Finished Extra networking commands..
machine # [   12.360938] systemd[1]: Reached target Network.
machine # [   12.373433] systemd[1]: Starting SSH Daemon...
machine # [   12.378233] systemd[1]: Starting Permit User Sessions...
machine # [   12.449857] systemd[1]: Finished Permit User Sessions.
machine # [   12.475411] systemd[1]: Started Getty on tty1.
machine # [   12.478841] systemd[1]: Reached target Login Prompts.
machine # [   12.516903] dhcpcd[791]: eth0: soliciting an IPv6 router
(finished: must succeed: udevadm settle, in 1.70 seconds)
(finished: subtest: Wait for hard disks to appear in /dev, in 1.70 seconds)
machine: must succeed: sgdisk -Z /dev/vda
machine # [   12.944848] dhcpcd[791]: eth0: soliciting a DHCP lease
machine # [   13.658697] NET: Registered PF_PACKET protocol family
machine # [   12.997878] dhcpcd[791]: eth0: offered 10.0.2.15 from 10.0.2.2
machine # [   12.999826] dhcpcd[791]: eth0: leased 10.0.2.15 for 86400 seconds
machine # [   13.001149] dhcpcd[791]: eth0: adding route to 10.0.2.0/24
machine # [   13.002971] dhcpcd[791]: eth0: adding default route via 10.0.2.2
machine # [   13.083295] sshd-pre-start[990]: Generating public/private rsa key pair.
machine # [   13.086116] sshd-pre-start[990]: Your identification has been saved in /etc/ssh/ssh_host_rsa_key
machine # [   13.090105] sshd-pre-start[990]: Your public key has been saved in /etc/ssh/ssh_host_rsa_key.pub
machine # [   13.092468] sshd-pre-start[990]: The key fingerprint is:
machine # [   13.093203] sshd-pre-start[990]: SHA256:5PG5L0//m6ArxCuprxWhnXqfyXZHPT7oGpEiaOcZqcM root@machine
machine # [   13.094472] sshd-pre-start[990]: The key's randomart image is:
machine # [   13.095380] sshd-pre-start[990]: +---[RSA 4096]----+
machine # [   13.096745] sshd-pre-start[990]: |                 |
machine # [   13.097244] sshd-pre-start[990]: |                 |
machine # [   13.098477] sshd-pre-start[990]: |       .o        |
machine # [   13.099140] sshd-pre-start[990]: |      +o+o ..    |
machine # [   13.100411] sshd-pre-start[990]: |     + OS.oo  .  |
machine # [   13.101971] sshd-pre-start[990]: |    o = =o.... o |
machine # [   13.102416] sshd-pre-start[990]: |     E =o o.o.o .|
machine # [   13.106111] sshd-pre-start[990]: |      +oo+++o+.o.|
machine # [   13.107848] sshd-pre-start[990]: |     o+.o=o*B..++|
machine # [   13.108335] sshd-pre-start[990]: +----[SHA256]-----+
machine # [   13.146434] sshd-pre-start[1018]: Generating public/private ed25519 key pair.
machine # [   13.149964] sshd-pre-start[1018]: Your identification has been saved in /etc/ssh/ssh_host_ed25519_key
machine # [   13.150352] sshd-pre-start[1018]: Your public key has been saved in /etc/ssh/ssh_host_ed25519_key.pub
machine # [   13.151945] sshd-pre-start[1018]: The key fingerprint is:
machine # [   13.152386] sshd-pre-start[1018]: SHA256:FRWcAldJQ9qszOrW7gWKHMI8NEUQWNbdf0avF6/rnXE root@machine
machine # [   13.153785] sshd-pre-start[1018]: The key's randomart image is:
machine # [   13.154232] sshd-pre-start[1018]: +--[ED25519 256]--+
machine # [   13.155463] sshd-pre-start[1018]: |   o==o..oo*B+   |
machine # [   13.156118] sshd-pre-start[1018]: |  .. .. ..o=+..  |
machine # [   13.157354] sshd-pre-start[1018]: |    o     ooo. . |
machine # [   13.158856] sshd-pre-start[1018]: |   + .   + .. o..|
machine # [   13.159240] sshd-pre-start[1018]: |    = . S =  o .o|
machine # [   13.160802] sshd-pre-start[1018]: |     + o o .  . o|
machine # [   13.161172] sshd-pre-start[1018]: |      o o.  .  +E|
machine # [   13.162440] sshd-pre-start[1018]: |       .. ..  ..+|
machine # [   13.163881] sshd-pre-start[1018]: |       ..oo  .oo.|
machine # [   13.164300] sshd-pre-start[1018]: +----[SHA256]-----+
machine # [   13.204983] systemd[1]: Started SSH Daemon.
machine # [   13.256921] sshd[1033]: Server listening on 0.0.0.0 port 22.
machine # [   13.259150] sshd[1033]: Server listening on :: port 22.
machine # [   13.273734] systemd[1]: Stopped target Host and Network Name Lookups.
machine # [   13.277157] systemd[1]: Stopping Host and Network Name Lookups...
machine # [   13.280176] systemd[1]: Stopped target User and Group Name Lookups.
machine # [   13.283159] systemd[1]: Stopping User and Group Name Lookups...
machine # [   13.286173] systemd[1]: Stopping Name Service Cache Daemon (nsncd)...
machine # [   13.295099] systemd[1]: nscd.service: Deactivated successfully.
machine # [   13.318850] systemd[1]: Stopped Name Service Cache Daemon (nsncd).
machine # [   13.334204] systemd[1]: Starting Name Service Cache Daemon (nsncd)...
machine # [   13.366897] systemd[1]: Started Name Service Cache Daemon (nsncd).
machine # [   13.369194] nsncd[1054]: Mar 08 07:10:20.999 INFO started, handoff_timeout: 3s, worker_count: 8, path: "/var/run/nscd/socket"
machine # [   13.372158] systemd[1]: Reached target Host and Network Name Lookups.
machine # [   13.373991] systemd[1]: Reached target User and Group Name Lookups.
machine # [   13.382019] dhcpcd[779]: Failed to reload-or-try-restart ntpd.service: Unit ntpd.service not found.
machine # [   13.384418] dhcpcd[779]: Failed to reload-or-try-restart openntpd.service: Unit openntpd.service not found.
machine # [   13.386031] dhcpcd[779]: Failed to reload-or-try-restart chronyd.service: Unit chronyd.service not found.
machine # [   13.399325] systemd[1]: Started DHCP Client.
machine # [   13.402244] systemd[1]: Reached target Network is Online.
machine # [   13.404943] dhcpcd[791]: eth0: Router Advertisement from fe80::2
machine # [   13.406858] systemd[1]: Reached target Multi-User System.
machine # [   13.407462] systemd[1]: Startup finished in 6.359s (kernel) + 7.043s (userspace) = 13.402s.
machine # [   13.414694] dhcpcd[791]: eth0: adding address fec0::5054:ff:fe12:3456/64
machine # [   13.418425] dhcpcd[791]: eth0: adding route to fec0::/64
machine # [   13.422440] dhcpcd[791]: eth0: adding default route via fe80::2
machine # [   13.526817] login[991]: pam_unix(login:session): session opened for user nixos(uid=1000) by LOGIN(uid=0)
machine # [   13.590707] systemd[1]: Created slice Slice /user/1000.
machine # [   13.594135] systemd[1]: Starting User Runtime Directory /run/user/1000...
machine # [   13.603648] systemd-logind[857]: New session 1 of user nixos.
machine # [   13.670918] systemd[1]: Finished User Runtime Directory /run/user/1000.
machine # [   13.699769] systemd[1]: Starting User Manager for UID 1000...
machine # [   13.736717] systemd[1068]: pam_unix(systemd-user:session): session opened for user nixos(uid=1000) by (uid=0)
(finished: must succeed: sgdisk -Z /dev/vda, in 1.09 seconds)
machine: must succeed: sgdisk -n 1:0:+1M -n 2:0:+1G -N 3 -t 1:ef02 -t 2:8200 -t 3:8300 -c 3:root /dev/vda
machine # [   14.135006] systemd[1068]: Queued start job for default target Main User Target.
machine # [   14.151432] systemd[1068]: Created slice User Application Slice.
machine # [   14.156760] systemd[1068]: Reached target Paths.
machine # [   14.159834] systemd[1068]: Reached target Timers.
machine # [   14.162067] systemd[1068]: Starting D-Bus User Message Bus Socket...
machine # [   14.208417] systemd[1068]: Listening on D-Bus User Message Bus Socket.
machine # [   14.212277] systemd[1068]: Reached target Sockets.
machine # [   14.215182] systemd[1068]: Reached target Basic System.
machine # [   14.230389] systemd[1]: Started User Manager for UID 1000.
machine # [   14.234118] systemd[1068]: Starting Run user-specific NixOS activation...
machine # [   14.237232] systemd[1]: Started Session 1 of User nixos.
machine # [   14.251198] systemd[1068]: Finished Run user-specific NixOS activation.
machine # [   14.253967] systemd[1068]: Reached target Main User Target.
machine # [   14.257061] systemd[1068]: Startup finished in 467ms.
machine # [   15.511638]  vda: vda1 vda2 vda3
(finished: must succeed: sgdisk -n 1:0:+1M -n 2:0:+1G -N 3 -t 1:ef02 -t 2:8200 -t 3:8300 -c 3:root /dev/vda, in 1.09 seconds)
machine: must succeed: mkswap /dev/vda2 -L swap
(finished: must succeed: mkswap /dev/vda2 -L swap, in 0.07 seconds)
machine: must succeed: swapon -L swap
machine # [   15.627759] Adding 1048572k swap on /dev/vda2.  Priority:-2 extents:1 across:1048572k FS
(finished: must succeed: swapon -L swap, in 0.05 seconds)
machine: must succeed: mkfs.btrfs -L root /dev/vda3
machine # [   16.199972] raid6: avx512x4 gen() 42395 MB/s
machine # [   16.218955] raid6: avx512x2 gen() 42757 MB/s
machine # [   16.237955] raid6: avx512x1 gen() 40374 MB/s
machine # [   16.256955] raid6: avx2x4   gen() 28819 MB/s
machine # [   16.275960] raid6: avx2x2   gen() 32159 MB/s
machine # [   16.294955] raid6: avx2x1   gen() 27084 MB/s
machine # [   16.297245] raid6: using algorithm avx512x2 gen() 42757 MB/s
machine # [   16.316983] raid6: .... xor() 25226 MB/s, rmw enabled
machine # [   16.319601] raid6: using avx512x2 recovery algorithm
machine # [   16.325752] xor: automatically using best checksumming function   avx
machine # [   16.640071] Btrfs loaded, crc32c=crc32c-intel, zoned=no, fsverity=no
machine # [   16.650973] BTRFS: device label root devid 1 transid 6 /dev/vda3 scanned by mkfs.btrfs (1097)
(finished: must succeed: mkfs.btrfs -L root /dev/vda3, in 1.02 seconds)
machine: must succeed: btrfs device scan
machine # [   16.903021] I/O error, dev fd0, sector 0 op 0x0:(READ) flags 0x0 phys_seg 1 prio class 2
machine # [   16.906425] floppy: error 10 while reading block 0
(finished: must succeed: btrfs device scan, in 0.28 seconds)
machine: must succeed: mount LABEL=root /mnt
machine # [   16.991184] BTRFS info (device vda3): using crc32c (crc32c-intel) checksum algorithm
machine # [   16.994632] BTRFS info (device vda3): using free space tree
machine # [   17.013008] BTRFS info (device vda3): checking UUID tree
(finished: must succeed: mount LABEL=root /mnt, in 0.08 seconds)
machine: must succeed: btrfs subvol create /mnt/boot
(finished: must succeed: btrfs subvol create /mnt/boot, in 0.04 seconds)
machine: must succeed: btrfs subvol create /mnt/nixos
(finished: must succeed: btrfs subvol create /mnt/nixos, in 0.04 seconds)
machine: must succeed: btrfs subvol create /mnt/nixos/default
(finished: must succeed: btrfs subvol create /mnt/nixos/default, in 0.05 seconds)
machine: must succeed: umount /mnt
machine # [   16.507899] systemd[1]: mnt.mount: Deactivated successfully.
(finished: must succeed: umount /mnt, in 0.05 seconds)
machine: must succeed: mount -o defaults,subvol=nixos/default LABEL=root /mnt
machine # [   17.254274] BTRFS: device label root devid 1 transid 10 /dev/vda3 scanned by mount (1154)
machine # [   17.259014] BTRFS info (device vda3): using crc32c (crc32c-intel) checksum algorithm
machine # [   17.262459] BTRFS info (device vda3): using free space tree
(finished: must succeed: mount -o defaults,subvol=nixos/default LABEL=root /mnt, in 0.08 seconds)
machine: must succeed: mkdir /mnt/boot
(finished: must succeed: mkdir /mnt/boot, in 0.05 seconds)
machine: must succeed: mount -o defaults,subvol=boot LABEL=root /mnt/boot
(finished: must succeed: mount -o defaults,subvol=boot LABEL=root /mnt/boot, in 0.05 seconds)
subtest: Create the NixOS configuration
machine: must succeed: nixos-generate-config --root /mnt
machine # writing /mnt/etc/nixos/hardware-configuration.nix...
machine # writing /mnt/etc/nixos/configuration.nix...
machine # For more hardware-specific settings, see https://github.com/NixOS/nixos-hardware.
(finished: must succeed: nixos-generate-config --root /mnt, in 0.69 seconds)
machine: must succeed: cat /mnt/etc/nixos/hardware-configuration.nix >&2
machine # # Do not modify this file!  It was generated by nixos-generate-config
machine # # and may be overwritten by future invocations.  Please make changes
machine # # to /etc/nixos/configuration.nix instead.
(finished: must succeed: cat /mnt/etc/nixos/hardware-configuration.nix >&2, in 0.05 seconds)
machine # { config, lib, pkgs, modulesPath, ... }:
machine # 
machine # {
machine: must succeed: mkdir -p /tmp/shared/tmpezy9xplc
machine #   imports =
machine #     [ (modulesPath + "/profiles/qemu-guest.nix")
machine #     ];
machine # 
machine #   boot.initrd.availableKernelModules = [ "ata_piix" "uhci_hcd" "virtio_pci" "floppy" "sr_mod" "virtio_blk" ];
machine #   boot.initrd.kernelModules = [ ];
machine #   boot.kernelModules = [ "kvm-intel" ];
machine #   boot.extraModulePackages = [ ];
machine # 
machine #   fileSystems."/" =
machine #     { device = "/dev/disk/by-uuid/185adb60-f9e7-4699-bf78-5468971d1c7e";
machine #       fsType = "btrfs";
machine #       options = [ "subvol=nixos/default" ];
machine #     };
machine # 
machine #   fileSystems."/boot" =
machine #     { device = "/dev/disk/by-uuid/185adb60-f9e7-4699-bf78-5468971d1c7e";
machine #       fsType = "btrfs";
machine #       options = [ "subvol=boot" ];
machine #     };
machine # 
machine #   swapDevices =
machine #     [ { device = "/dev/disk/by-uuid/25e1f644-0c05-4de8-b6ed-977c97f86ace"; }
machine #     ];
machine # 
machine #   # Enables DHCP on each ethernet and wireless interface. In case of scripted networking
machine #   # (the default) this is the recommended approach. When using systemd-networkd it's
machine #   # still possible to use this option, but it's recommended to use it in conjunction
machine #   # with explicit per-interface declarations with `networking.interfaces.<interface>.useDHCP`.
machine #   networking.useDHCP = lib.mkDefault true;
machine #   # networking.interfaces.eth0.useDHCP = lib.mkDefault true;
machine # 
machine #   nixpkgs.hostPlatform = lib.mkDefault "x86_64-linux";
machine #   hardware.cpu.intel.updateMicrocode = lib.mkDefault config.hardware.enableRedistributableFirmware;
machine # }
(finished: must succeed: mkdir -p /tmp/shared/tmpezy9xplc, in 0.08 seconds)
machine: must succeed: mkdir -p /mnt/etc/nixos
(finished: must succeed: mkdir -p /mnt/etc/nixos, in 0.04 seconds)
machine: must succeed: cp -r /tmp/shared/tmpezy9xplc/p0wcah8mscf24p5rjbxn1dw1hp56fidk-configuration.nix /mnt/etc/nixos/configuration.nix
(finished: must succeed: cp -r /tmp/shared/tmpezy9xplc/p0wcah8mscf24p5rjbxn1dw1hp56fidk-configuration.nix /mnt/etc/nixos/configuration.nix, in 0.06 seconds)
machine: must succeed: mkdir -p /tmp/shared/tmpdysshao4
(finished: must succeed: mkdir -p /tmp/shared/tmpdysshao4, in 0.05 seconds)
machine: must succeed: mkdir -p /mnt/etc/nixos
(finished: must succeed: mkdir -p /mnt/etc/nixos, in 0.04 seconds)
machine: must succeed: cp -r /tmp/shared/tmpdysshao4/kfx27q2scxy6aqrg0z7jsqz13bv22x27-secret /mnt/etc/nixos/secret
(finished: must succeed: cp -r /tmp/shared/tmpdysshao4/kfx27q2scxy6aqrg0z7jsqz13bv22x27-secret /mnt/etc/nixos/secret, in 0.05 seconds)
(finished: subtest: Create the NixOS configuration, in 1.06 seconds)
subtest: Perform the installation
machine: must succeed: nixos-install < /dev/null >&2
machine # copying channel...
machine # building the configuration in /mnt/etc/nixos/configuration.nix...
machine # these 227 derivations will be built:
machine #   /nix/store/01azjqnkv7yyrg282wdl65lngf855vbz-audit-disable.drv
machine #   /nix/store/w6fqwsi0by5ajj93m56nj7h3rq887n2m-unit-script-network-local-commands-start.drv
machine #   /nix/store/02kdz66wk077xz9hhq35m4vix7ga3yfm-unit-network-local-commands.service.drv
machine #   /nix/store/cqpk8wj5b6bkfzgp71w3w8ra428q3inq-mount-pstore.sh.drv
machine #   /nix/store/07j4zyfljazak1jcikwl1qh6xk78bq4f-unit-mount-pstore.service.drv
machine #   /nix/store/09m9hpvj9wz0sccy3z6pcb7r6jr4yr50-vlock.pam.drv
machine #   /nix/store/12l5cd0aywmapdcrpx7iizj74ia64hfn-other.pam.drv
machine #   /nix/store/133raxrib512vsznnqw3i8l3il7s0ca0-chfn.pam.drv
machine #   /nix/store/bpkn7riz11mdmalrl8pq6cr5drjqkrs2-find-libs.drv
machine #   /nix/store/w50fjv08waapjpi79vq4mm8kls87xyzx-nuke-references.drv
machine #   /nix/store/1avrhix4b22wplyayyrijjw88na9wh0c-extra-utils.drv
machine #   /nix/store/1bygfchgc9fwkhmwdxkyvf4yav1nnmdy-etc-logind.conf.drv
machine #   /nix/store/4l9b9bv6zdgjhi5cd4r3l1lbzvm83992-extra-hwdb-file.drv
machine #   /nix/store/b0fchk8yv6da2zqwn5b7q8i39xmap3vv-ipv6-privacy-extensions.rules.drv
machine #   /nix/store/cny9vqxh7i7cx92pcfjxmhcx5ymrs5zx-ipv6-privacy-extensions.rules.drv
machine #   /nix/store/rnf84p4l27da1rz7xz2cdbbf2aykvm6q-extra-udev-rules.drv
machine #   /nix/store/1cn3jx9977m8r4j1lha8ai6ir718kbll-hwdb.bin.drv
machine #   /nix/store/1hcw5179k1z9958difk7kw1ib57igm0y-locale.conf.drv
machine #   /nix/store/2qvzqpb2kp24y0qrs4wx5q3d2wi49bzq-extra-hosts.drv
machine #   /nix/store/7y5r99l0rpcmj3pnihfhnzgypxin1mls-localhost-hosts.drv
machine #   /nix/store/f31s46w2wscpbdmlgsarlrn5vh9qg4rf-string-hosts.drv
machine #   /nix/store/1jp6sm62ijhpdl88q41c65mmdqkw4p1c-hosts.drv
machine #   /nix/store/2vh2wgg28jk8j69jkbc4cnhlp7i2b1ph-builder.pl.drv
machine #   /nix/store/7043vvxwq7gg962pmrzr0yxx93z01zw8-die-hook.drv
machine #   /nix/store/q5ynfl04kpa2hj470a7has6932cyhy8c-make-shell-wrapper-hook.drv
machine #   /nix/store/1p6y3swzp8b0cxlq8sj6a9pc8vbbsh1m-perl-5.36.0-env.drv
machine #   /nix/store/1ww9ylqnfdwa5mln5wz80h4398rf5zwk-link-units.drv
machine #   /nix/store/21rf5jl2ly29s216kmba6cy5k24m3mm0-systemd-default-tmpfiles.drv
machine #   /nix/store/cx73g2b8licbpkc7xswvc07v91q9fxwf-etc-journald.conf.drv
machine #   /nix/store/28f26zzvi9qlr4kgb357fw3lgjc0nj5f-unit-systemd-journald.service.drv
machine #   /nix/store/rvrkm2fysv2d7qanlb5dd7navgzgprgv-firmware.drv
machine #   /nix/store/28gs5pp763zb5212qs1lccywxa9a7m9r-etc-firmware.conf.drv
machine #   /nix/store/fas1z8xiv6v16qj5i73pbh3rz00mnzgl-unit-script-post-resume-start.drv
machine #   /nix/store/2am2zfjd8jhacqmd85rfwgrw9m07gbkq-unit-post-resume.service.drv
machine #   /nix/store/2d51dngi1bkr1vk2xqcbbn1iaklb2js0-etc-lsb-release.drv
machine #   /nix/store/lg54ia805pjw8y5f3bzjgbpkq38lvfii-etc-60-nixos.conf.drv
machine #   /nix/store/2hqv5cv9lzq802h7sh3b5jipy0qhby0r-unit-systemd-sysctl.service.drv
machine #   /nix/store/2i45izg52hlp0lypf2wgb8y18ryr1mwj-initrd-kmod-blacklist-ubuntu.drv
machine #   /nix/store/2iiaqy2pldh76l4psawwx1k12nm8nll5-client.conf.drv
machine #   /nix/store/h6cr5svyrkwd6jrz6jkl9k5xlh1lx5s8-nixos-container.drv
machine #   /nix/store/3515wj4bl0wzq6pcvsza488c08054wj9-reload-container.drv
machine #   /nix/store/38pzimacgnxgxxss9ya1sfzwqx1hz3ka-unit-nscd.service.drv
machine #   /nix/store/ppw8c959nc40dilh2rdzhpqypmjbsdvn-udev-path.drv
machine #   /nix/store/3bsvm4g2wx7pvsnxkbfh9875fvw8ffmh-udev-rules.drv
machine #   /nix/store/3hk02pa22lpcfbnk5wsrwaz1a8lz2v5z-unit-run-initramfs.mount.drv
machine #   /nix/store/3ka0rdwjg8pg61mfvgsml43x9bb5px7k-dhcpcd.conf.drv
machine #   /nix/store/vls3wp5snqixkrhns1758a5siimbd2p5-unit-script-network-setup-start.drv
machine #   /nix/store/3km6vrhb5q7aid3h3rv9mk590bs0ry65-unit-network-setup.service.drv
machine #   /nix/store/3lwzrzmark7qwfqhng7rnmiwr7niax6f-etc-lvm.conf.drv
machine #   /nix/store/3n2pzmshjzpsq9pa0adbqa0x60r6m4js-unit-systemd-journal-flush.service.drv
machine #   /nix/store/njll11mhvzfbbd4a5nngc05gzxadym28-unit-script-pre-sleep-start.drv
machine #   /nix/store/3vg1q5sa5andq61sa2halyzzc4im6x68-unit-pre-sleep.service.drv
machine #   /nix/store/3wi8rzdjays9izrh0r4fy7427ncbypw8-unit-script-nix-gc-start.drv
machine #   /nix/store/3y5bmg0b8dlfk078gs8lmwxp3d06h011-etc-nixos.conf.drv
machine #   /nix/store/44k3k8ywygaz0mzna4v6x7grkvac3jh1-unit-script-container_-post-start.drv
machine #   /nix/store/464w5d6dhxxv461srl2bjs1gh7qw6hmq-system-generators.drv
machine #   /nix/store/467xgd1snkyp717h2xqqvv1dn8pahv21-unit-systemd-journal-gatewayd.socket.drv
machine #   /nix/store/9f1q1mgbdxrak8rwvq77vkcnwhmyrnab-nixos-tmpfiles.d.drv
machine #   /nix/store/47lprrwx1mayv2frajmycqmxvvzz03vf-tmpfiles.d.drv
machine #   /nix/store/48sc1j9rrx88248d36ysh844wk6slvjz-unit-network-interfaces.target.drv
machine #   /nix/store/4i6skz3f0i7fkjvbckn0yypjai1gybnq-unit-systemd-logind.service.drv
machine #   /nix/store/50g6ab9yvk8qxy4i271l70s9gd4sijbj-perl-5.36.0-env.drv
machine #   /nix/store/rkvlw69wqbf1j748l76ck96zqpri02qy-perl-5.36.0-env.drv
machine #   /nix/store/5b3yyj3kjjqc9f0hlqmqnwy5agd3r366-command-not-found.drv
machine #   /nix/store/5fdq6k4v0wqn83984634ng98l9h1fgc7-etc-user.conf.drv
machine #   /nix/store/5hfvzf3qf8b8rh8kfx28csbhips0vvqp-i3lock-color.pam.drv
machine #   /nix/store/xj3k8nfanfxg8achhmj60d8alw7q5s3g-audit-stop.drv
machine #   /nix/store/5nvq20b0s7v53kcdfylw2si8xr9r7b42-unit-audit.service.drv
machine #   /nix/store/5p9z1kqg8w580y9jd095jb8fya4nxahy-i3lock.pam.drv
machine #   /nix/store/62k8llr753x3nq72yn09mqzcwq8n0cgb-unit-serial-getty-.service.drv
machine #   /nix/store/s5p8k8mc6jpk6aicxqa6j2lrq1d15dqq-desktops.drv
machine #   /nix/store/6anv7qkzxix37n3b7g6vma87knh7332m-etc-environment.drv
machine #   /nix/store/m5m0a6l1bgyxj4i8lf09fgxw9bdz154h-logrotate.conf.drv
machine #   /nix/store/6kjwbx0lpmiqca0mi6dz8vwbri6yav50-unit-logrotate.service.drv
machine #   /nix/store/6miggljj3mk82apdgcsf1i640sagmwgx-unit-systemd-importd.service.drv
machine #   /nix/store/jnpvssirfjlgg8iqgm9hx2vsx81xplhr-unit-script-nixos-activation-start.drv
machine #   /nix/store/6rvsymzav7d77aw4ri7lh56w4xax0mhw-unit-nixos-activation.service.drv
machine #   /nix/store/6szbf51lf2d366cldpkn57psbzsylzlw-unit-systemd-udev-settle.service.drv
machine #   /nix/store/h3933pdqvvpdjf5g5yr60w8w75bj7v7l-container-init.drv
machine #   /nix/store/736gnvj07ayq96wy20k3v4ibwn49w0av-unit-script-container_-start.drv
machine #   /nix/store/76k6hh41v9ihyxhwa70sqx0rgxyybc12-unit-logrotate-checkconf.service.drv
machine #   /nix/store/7bq6lx9862c11ay4hc7v2jhz5y0ypilk-linux-6.1.15-modules.drv
machine #   /nix/store/7c22k6lq520h6w1lhgc17hhpy01ki35z-nixos-rebuild.drv
machine #   /nix/store/7sq69wgmncj1x4lbv7r4ppc2k81dbk8z-unit-script-backdoor-start.drv
machine #   /nix/store/7wzxaj81fkc805qzscy8hjayiyayc80v-unit-kmod-static-nodes.service.drv
machine #   /nix/store/84xhi1r2xvw96628viyx3jcmv7pr6ymp-xlock.pam.drv
machine #   /nix/store/8fpa3d4vc07xszvx48cjggk3v4l746hl-xscreensaver.pam.drv
machine #   /nix/store/8hahv02ympkl6966nnq3l5r7z35fkbip-systemd-user.pam.drv
machine #   /nix/store/8ikik8j01xi823j1mnrpyzvjz9f4gzby-etc-host.conf.drv
machine #   /nix/store/8v344qfmmjzsafdn378yr7abnw7jl39f-perl-5.36.0-env.drv
machine #   /nix/store/95c98j4cwbr9bbgqnyi605phs8sr91xv-unit-script-prepare-kexec-start.drv
machine #   /nix/store/97lny9a4n1k3z79skkgc3h28jmxvbmb4-users-groups.json.drv
machine #   /nix/store/9j6677f2ph61kqwm20cyiili9gpssmvh-unit-user-runtime-dir-.service.drv
machine #   /nix/store/n5bhfkf105vhg6vbcf25dr4g9psbwy33-etc-timesyncd.conf.drv
machine #   /nix/store/9lnvv19fnfh6c56grln6hsnalk2zlh01-unit-systemd-timesyncd.service.drv
machine #   /nix/store/9v1s49wfkzbayw7cdm5zkxwfz764s4jf-unit-nix-optimise.service.drv
machine #   /nix/store/9x126g5j9n02dx4fqjbaa23fqhkgzcj6-unit-systemd-journald-.service.drv
machine #   /nix/store/9x2nv207lbbypd3cp75h4pbsci2cr8h6-su.pam.drv
machine #   /nix/store/ahp4q76nm2zf1nv86s85rncp24jwv73m-nixos-generate-config.drv
machine #   /nix/store/arlir0hjvi7lrrg7cxx6fm46cxvhcgw7-unit-systemd-random-seed.service.drv
machine #   /nix/store/avp1myx6lkinqmir6rwlnv2iw4is2cin-unit--.slice.drv
machine #   /nix/store/azxhzm9gpg1cznkxabqfy8bnannazqh8-unit-autovt-.service.drv
machine #   /nix/store/bgcww5k4z90pw9pjy0kf6q2w2r2lxjxv-unit-console-getty.service-disabled.drv
machine #   /nix/store/bm7qhpzip147xgf3qk904prlf1xs75x4-unit-systemd-oomd.service.drv
machine #   /nix/store/bylinzvw3xff7cviqwwrw65dh5nv0ls8-unit-logrotate.timer.drv
machine #   /nix/store/c2ylrp0nvqnxz0p36gkqpjns102rsxaq-unit-system.slice.drv
machine #   /nix/store/lsx4r46d7q6syl5ziqn6w8byk22m0knq-dhcpcd.exit-hook.drv
machine #   /nix/store/clgai7nacmlbr1gmf6gv04ddya962wff-unit-dhcpcd.service.drv
machine #   /nix/store/w6gmdxy0v5cqjmq1dgprixv177gsm5gn-etc-resolvconf.conf.drv
machine #   /nix/store/d328x69kxwx28c9z4sbd4jh1v1mkpbsh-unit-resolvconf.service.drv
machine #   /nix/store/da4inhb6bm3pn3wnl4rf9q90ypwv92dc-unit-nix-gc.service.drv
machine #   /nix/store/arwl9cswf7x65il3m9lgv8g4xnsxsixs-nixos-enter.drv
machine #   /nix/store/b0nzimqaan68ql685s24dhbcfbb713qm-getconf-glibc-2.35-224.drv
machine #   /nix/store/dy6l8fmx164ps3nz3xlhwvx6qa118yqi-nixos-build-vms.drv
machine #   /nix/store/mn7m1yg25skmvc5h4ylxs8c4jhic6a6d-nixos-install.drv
machine #   /nix/store/nx9dkia8328rf31yb4piiw0p7k32gz91-nixos-version.drv
machine #   /nix/store/svvjvyh8npdwcslnw1apsz8fk4dji0yv-system-path.drv
machine #   /nix/store/bqqacjshlyy5908wrfiyx22bamglvm9c-dbus-1.drv
machine #   /nix/store/fc7dgz1l0l0s81krvyan7z59a3yaz04w-unit-dbus.service.drv
machine #   /nix/store/d62l1q7432pkg1kwzv3rrzwgn4mdix9q-unit-script-container_-pre-start.drv
machine #   /nix/store/gf4drnrwq4n5qhbcwv8f79x3bq9asjpy-unit-container-.service.drv
machine #   /nix/store/rb0715m8amvlzbaanshqgyiazfmp6p28-vconsole.conf.drv
machine #   /nix/store/ygm83hf2j99lw3hh1f3qd39p0rkl2d4p-console-env.drv
machine #   /nix/store/i6m2w72zna0njrsi25v8jwbkmq7fpykk-unit-reload-systemd-vconsole-setup.service.drv
machine #   /nix/store/i7b819gafp3i2xs6g2d27hx2zzbyjml0-unit-save-hwclock.service.drv
machine #   /nix/store/ih8ja0gjzd9c7ys795j9mjjk08ja7ml9-unit-systemd-remount-fs.service.drv
machine #   /nix/store/kd2z1cdlkfgrn34slnn94sx0wcb1k0kn-unit-systemd-user-sessions.service.drv
machine #   /nix/store/lcynz9h5rhdkiz9v93zr1wrkaair1k4d-unit-container-getty-.service.drv
machine #   /nix/store/lpjl0dpppsymal28i01gpcsnghky3y0z-unit-fs.target.drv
machine #   /nix/store/m31nrg6jsy3b62wm156j85khkrnxwl2x-unit-serial-getty-hvc0.service-disabled.drv
machine #   /nix/store/mk71p54xxk45zadhb5v03dkzvh3ri932-unit-systemd-pstore.service.drv
machine #   /nix/store/mvnig7c0jzpy27vvisxmdmks8cj8j1hn-unit-post-resume.target.drv
machine #   /nix/store/ndfbyizdqpp2dbpcc92364c4gww2pzgn-unit-serial-getty-ttyS0.service-disabled.drv
machine #   /nix/store/fbbfncdljlrdcah460vnhw637pia0sxx-shutdown-ramfs-contents.drv
machine #   /nix/store/njn1avxj3yyrwcsi0fm5790mxcjyp7yi-unit-generate-shutdown-ramfs.service.drv
machine #   /nix/store/p2ivl2syx0aq5j6dkpcaidi3pdwswkqb-unit-nix-daemon.socket.drv
machine #   /nix/store/p6b4x4kbdjc02xi74bgjbddik4rs194n-unit-systemd-udevd.service.drv
machine #   /nix/store/pgqqhfjpb5q3711yc385l3mjcswlziiz-unit-multi-user.target.drv
machine #   /nix/store/pljszdgayzi956rxk5g2n9hx0l4lbrir-unit-keys.target.drv
machine #   /nix/store/qrykzkr0in1m6ddfki1rkgv2ggzp7jdy-unit-prepare-kexec.service.drv
machine #   /nix/store/s8hiz3dykprbpygy5z4sziyzq542la4x-unit-systemd-timedated.service.drv
machine #   /nix/store/s9k3xvw76dnbk1ni1ai98imjdz5z94l2-unit-user-.service.drv
machine #   /nix/store/n5v0bi3399bgq362zla65p6jmmw0y2lr-nixos.conf.drv
machine #   /nix/store/sg3mc70jdi3ba76k52m76vmm8rwa96zy-unit-systemd-modules-load.service.drv
machine #   /nix/store/si7sg4kjhvm2hnjp2nd4n9nzpdqr4fpm-unit-remote-fs.target.drv
machine #   /nix/store/srb4jzr9gxda2ag4kwl93gfgk0m8v1n8-unit-getty-.service.drv
machine #   /nix/store/vyx4glww4k1fni7hnayndwb83pnlkvmy-unit-systemd-fsck-.service.drv
machine #   /nix/store/w1cjk1giaph626hpcsi73j1i3p5gjhqf-unit-network-online.target.drv
machine #   /nix/store/wbrmnfjq8h9a0gfrws4kmwj7h5h61mdd-unit-local-fs.target.drv
machine #   /nix/store/qrp1lpgdaxhqv1cmcb9nc9iaqzcl1889-nix.conf.drv
machine #   /nix/store/wh0v9csjbd8w89ay8jl37g35qf0qmbna-unit-nix-daemon.service.drv
machine #   /nix/store/wkbnmx88agwg3z489jkx2pcp9fa4fdw7-unit-backdoor.service.drv
machine #   /nix/store/x0cxhdhvf6hh867dz0j80ws2ksh6dpk5-unit-systemd-update-utmp.service.drv
machine #   /nix/store/g3fvnsbm6yx77p7bg6cc4imsjpc3krml-firewall-stop.drv
machine #   /nix/store/gsx4xmbnbnsjd3ssynpps8bhjfnpnvz2-firewall-start.drv
machine #   /nix/store/w1gpi0v2k7gzkgwxangxkx5p2337ci4b-firewall-reload.drv
machine #   /nix/store/xlslcli1lr3bpmk9kc649lr6ajh2ia0a-unit-firewall.service.drv
machine #   /nix/store/ycs12bg8xcqw9yw3r397ij0n93k6ky6w-unit-systemd-backlight-.service.drv
machine #   /nix/store/an14aswvx5jzl5sxyk0p7hp0nsaf3g1f-system-units.drv
machine #   /nix/store/ay0fnpac4n5x17ipn9pivalpvp6mncqg-etc-nanorc.drv
machine #   /nix/store/bcm50vcrpcbn9ix8j9b47zclv9kn7c6w-unit-dbus.service.drv
machine #   /nix/store/bq7wh12b70rs6dplq9vzhb1ghkwfxaqf-userdel.pam.drv
machine #   /nix/store/bwcsqkz9vkydzh47npa93cfqi8jgpyrp-system-shutdown.drv
machine #   /nix/store/c781az2d8frl1lw8lq9xvwf43m9zzymh-mdadm.conf.drv
machine #   /nix/store/ci6vlnq7ssp9y5y32crhdwyrcg3qrx0q-kernel-modules.drv
machine #   /nix/store/d2wayhbqyr2h6xb9p6v5sgrbpg92v81c-ensure-all-wrappers-paths-exist.drv
machine #   /nix/store/pypzw4rka2bkak2aqp89lb16v9xf9q4m-local-cmds.drv
machine #   /nix/store/qcxa9b6n5yaxhwyv7lgnidj92liwkd96-mounts.sh.drv
machine #   /nix/store/f5y797cjnhn333556izjadbs3l9bzr3m-stage-2-init.sh.drv
machine #   /nix/store/ca9vq86nm1gphnhigigfx2f402dzjyvp-runuser-l.pam.drv
machine #   /nix/store/d84fd09683xmf549hirysbcm3wc6ljiz-unit-graphical-session.target.drv
machine #   /nix/store/gp1x6gzwrr06b14c67d6xf06sag2l99h-unit-dbus.socket.drv
machine #   /nix/store/wyzs7n53x23rmlkszwzdbs4p3hnxqvkc-unit-systemd-tmpfiles-setup.service.drv
machine #   /nix/store/cik5xhqz81r2zmk42vv90lgnpg9gpya0-user-units.drv
machine #   /nix/store/cslw59dshcn02n7pznwfcjjnhz5av38z-etc-shells.drv
machine #   /nix/store/f0ya006m6k12q49az7jd5d8gzxakx7xa-etc-system.conf.drv
machine #   /nix/store/fp9bahc43ri3qhgl89v8jw0yjmf9asbm-chsh.pam.drv
machine #   /nix/store/n6civ62wybf3byjz63bjcgjlvh77c9fb-systemd.drv
machine #   /nix/store/fydpjhwcir57pkyxjrazk3xnylf35aqs-50-coredump.conf.drv
machine #   /nix/store/gch117m729pizyc0k8p13sgp6qka94j0-useradd.pam.drv
machine #   /nix/store/gmq81fkb5s11f67vm0zf0nqj6m36imxz-groupdel.pam.drv
machine #   /nix/store/hbbr9w5ydqngr9b3jfyf7plyp0aqpbnf-groupmod.pam.drv
machine #   /nix/store/k2sg87pa05qwmvbrfhak5jc27mg3fn0l-etc-sleep.conf.drv
machine #   /nix/store/kw03926ry8jyg7zh0nnafi6sx3mvwxrn-etc-bashrc.drv
machine #   /nix/store/l3d1yxpgkakpj01jg5jzanjldj7j1357-etc-man_db.conf.drv
machine #   /nix/store/lczgcg1bpcf9lxvfadhr586rjmzdcm84-etc-hostname.drv
machine #   /nix/store/lkw8g7mppnw7rqd5g43fxnkvl18hp8a7-groupmems.pam.drv
machine #   /nix/store/lpdzysk7lasvi8yyrfxj2w6kynv347f0-fontconfig-etc.drv
machine #   /nix/store/mqhgmdjv756gfp3k5vnng24jg4kz7fms-useradd.drv
machine #   /nix/store/jxc9xd4y2ac9v9j0bsrhgqaw5mdykrnb-lessconfig.drv
machine #   /nix/store/nisphgfkvqqizx7bhxkhq57h1p8rl4zg-set-environment.drv
machine #   /nix/store/nkxvqw1fwf6h5yansiqinbwnndg78hdd-issue.drv
machine #   /nix/store/npsd2b3mr36sdzrz8lfmxwyw1kry06wn-usermod.pam.drv
