building '/nix/store/3p1i1q0r5aawg7m8p5qcdl8v1dx7k8g4-nixos-test-driver-installer-fullDiskEncryption.drv'...
     1  # This file contains type hints that can be prepended to Nix test scripts so they can be type
     2  # checked.
     3  
     4  from test_driver.driver import Driver
     5  from test_driver.vlan import VLan
     6  from test_driver.machine import Machine
     7  from test_driver.logger import Logger
     8  from typing import Callable, Iterator, ContextManager, Optional, List, Dict, Any, Union
     9  from typing_extensions import Protocol
    10  from pathlib import Path
    11  
    12  
    13  class RetryProtocol(Protocol):
    14      def __call__(self, fn: Callable, timeout: int = 900) -> None:
    15          raise Exception("This is just type information for the Nix test driver")
    16  
    17  
    18  class PollingConditionProtocol(Protocol):
    19      def __call__(
    20          self,
    21          fun_: Optional[Callable] = None,
    22          *,
    23          seconds_interval: float = 2.0,
    24          description: Optional[str] = None,
    25      ) -> Union[Callable[[Callable], ContextManager], ContextManager]:
    26          raise Exception("This is just type information for the Nix test driver")
    27  
    28  
    29  start_all: Callable[[], None]
    30  subtest: Callable[[str], ContextManager[None]]
    31  retry: RetryProtocol
    32  test_script: Callable[[], None]
    33  machines: List[Machine]
    34  vlans: List[VLan]
    35  driver: Driver
    36  log: Logger
    37  create_machine: Callable[[Dict[str, Any]], Machine]
    38  run_tests: Callable[[], None]
    39  join_all: Callable[[], None]
    40  serial_stdout_off: Callable[[], None]
    41  serial_stdout_on: Callable[[], None]
    42  polling_condition: PollingConditionProtocol
    43  machine: Machine;
    44  
    45  def assemble_qemu_flags():
    46      flags = "-cpu max"
    47      flags += " -m 1024"
    48      return flags
    49  
    50  
    51  qemu_flags = {"qemuFlags": assemble_qemu_flags()}
    52  
    53  hd_flags = {
    54      "hdaInterface": "virtio",
    55      "hda": "vm-state-machine/machine.qcow2",
    56  }
    57  hd_flags.update(
    58      bios="/nix/store/zczmh0nssajfl3rhigf5y86wjnx4sglb-OVMF-202211-fd/FV/OVMF.fd"
    59  )
    60  default_flags = {**hd_flags, **qemu_flags}
    61  
    62  
    63  def create_machine_named(name):
    64      return create_machine({**default_flags, "name": name})
    65  
    66  
    67  machine.start()
    68  
    69  with subtest("Assert readiness of login prompt"):
    70      machine.succeed("echo hello")
    71  
    72  with subtest("Wait for hard disks to appear in /dev"):
    73      machine.succeed("udevadm settle")
    74  
    75  machine.succeed(
    76      "flock /dev/vda parted --script /dev/vda -- mklabel gpt"
    77      + " mkpart ESP fat32 1M 100MiB"  # /boot/efi
    78      + " set 1 boot on"
    79      + " mkpart primary ext2 1024MiB -1MiB",  # LUKS
    80      "udevadm settle",
    81      "modprobe dm_mod dm_crypt",
    82      "dd if=/dev/random of=luks.key bs=256 count=1",
    83      "echo -n supersecret | cryptsetup luksFormat -q --pbkdf-force-iterations 1000 --type luks1 /dev/vda2 -",
    84      "echo -n supersecret | cryptsetup luksAddKey -q --pbkdf-force-iterations 1000 --key-file - /dev/vda2 luks.key",
    85      "echo -n supersecret | cryptsetup luksOpen --key-file - /dev/vda2 crypt",
    86      "pvcreate /dev/mapper/crypt",
    87      "vgcreate crypt /dev/mapper/crypt",
    88      "lvcreate -L 100M -n swap crypt",
    89      "lvcreate -l '100%FREE' -n nixos crypt",
    90      "mkfs.vfat -n efi /dev/vda1",
    91      "mkfs.ext4 -L nixos /dev/crypt/nixos",
    92      "mkswap -L swap /dev/crypt/swap",
    93      "mount LABEL=nixos /mnt",
    94      "mkdir -p /mnt/{etc/nixos,boot/efi}",
    95      "mount LABEL=efi /mnt/boot/efi",
    96      "swapon -L swap",
    97      "mv luks.key /mnt/etc/nixos/"
    98  )
    99  
   100  
   101  with subtest("Create the NixOS configuration"):
   102      machine.succeed("nixos-generate-config --root /mnt")
   103      machine.succeed("cat /mnt/etc/nixos/hardware-configuration.nix >&2")
   104      machine.copy_from_host(
   105          "/nix/store/dgmcqgc10d9bn2m436n3pgcpm162snpw-configuration.nix",
   106          "/mnt/etc/nixos/configuration.nix",
   107      )
   108      machine.copy_from_host("/nix/store/kfx27q2scxy6aqrg0z7jsqz13bv22x27-secret", "/mnt/etc/nixos/secret")
   109  
   110  with subtest("Perform the installation"):
   111      machine.succeed("nixos-install < /dev/null >&2")
   112  
   113  with subtest("Do it again to make sure it's idempotent"):
   114      machine.succeed("nixos-install < /dev/null >&2")
   115  
   116  with subtest("Check that we can build things in nixos-enter"):
   117      machine.succeed(
   118          """
   119          nixos-enter -- nix-build --option substitute false -E 'derivation {
   120              name = "t";
   121              builder = "/bin/sh";
   122              args = ["-c" "echo nixos-enter build > $out"];
   123              system = builtins.currentSystem;
   124              preferLocalBuild = true;
   125          }'
   126          """
   127      )
   128  
   129  with subtest("Shutdown system after installation"):
   130      machine.succeed("umount -R /mnt")
   131      machine.succeed("sync")
   132      machine.shutdown()
   133  
   134  # Now see if we can boot the installation.
   135  machine = create_machine_named("boot-after-install")
   136  
   137  # For example to enter LUKS passphrase.
   138  machine.start()
   139  machine.wait_for_text("Enter passphrase for")
   140  machine.send_chars("supersecret\n")
   141  
   142  
   143  with subtest("Assert that /boot get mounted"):
   144      machine.wait_for_unit("local-fs.target")
   145      machine.succeed("test -e /boot/grub")
   146  
   147  with subtest("Check whether /root has correct permissions"):
   148      assert "700" in machine.succeed("stat -c '%a' /root")
   149  
   150  with subtest("Assert swap device got activated"):
   151      # uncomment once https://bugs.freedesktop.org/show_bug.cgi?id=86930 is resolved
   152      machine.wait_for_unit("swap.target")
   153      machine.succeed("cat /proc/swaps | grep -q /dev")
   154  
   155  with subtest("Check that the store is in good shape"):
   156      machine.succeed("nix-store --verify --check-contents >&2")
   157  
   158  with subtest("Check whether the channel works"):
   159      machine.succeed("nix-env -iA nixos.procps >&2")
   160      assert ".nix-profile" in machine.succeed("type -tP ps | tee /dev/stderr")
   161  
   162  with subtest(
   163      "Check that the daemon works, and that non-root users can run builds "
   164      "(this will build a new profile generation through the daemon)"
   165  ):
   166      machine.succeed("su alice -l -c 'nix-env -iA nixos.procps' >&2")
   167  
   168  with subtest("Configure system with writable Nix store on next boot"):
   169      # we're not using copy_from_host here because the installer image
   170      # doesn't know about the host-guest sharing mechanism.
   171      machine.copy_from_host_via_shell(
   172          "/nix/store/dbsshrrpac70948bvbd62f5gib7h4qh4-configuration.nix",
   173          "/etc/nixos/configuration.nix",
   174      )
   175  
   176  with subtest("Check whether nixos-rebuild works"):
   177      machine.succeed("nixos-rebuild switch >&2")
   178  
   179  # FIXME: Nix 2.4 broke nixos-option, someone has to fix it.
   180  # with subtest("Test nixos-option"):
   181  #     kernel_modules = machine.succeed("nixos-option boot.initrd.kernelModules")
   182  #     assert "virtio_console" in kernel_modules
   183  #     assert "List of modules" in kernel_modules
   184  #     assert "qemu-guest.nix" in kernel_modules
   185  
   186  machine.shutdown()
   187  
   188  # Check whether a writable store build works
   189  machine = create_machine_named("rebuild-switch")
   190  machine.start()
   191  machine.wait_for_text("Enter passphrase for")
   192  machine.send_chars("supersecret\n")
   193  
   194  machine.wait_for_unit("multi-user.target")
   195  
   196  # we're not using copy_from_host here because the installer image
   197  # doesn't know about the host-guest sharing mechanism.
   198  machine.copy_from_host_via_shell(
   199      "/nix/store/699iwqyfhdszp22rzlgwwr36xm0jxg8h-configuration.nix",
   200      "/etc/nixos/configuration.nix",
   201  )
   202  machine.succeed("nixos-rebuild boot >&2")
   203  machine.shutdown()
   204  
   205  # And just to be sure, check that the machine still boots after
   206  # "nixos-rebuild switch".
   207  machine = create_machine_named("boot-after-rebuild-switch")
   208  machine.start()
   209  machine.wait_for_text("Enter passphrase for")
   210  machine.send_chars("supersecret\n")
   211  
   212  machine.wait_for_unit("network.target")
   213  
   214  machine.shutdown()
   215  
   216  # Tests for validating clone configuration entries in grub menu
Success: no issues found in 1 source file
start all VLans
(finished: start all VLans, in 0.00 seconds)
additionally exposed symbols:
    ,
    ,
    start_all, test_script, machines, vlans, driver, log, os, create_machine, subtest, run_tests, join_all, retry, serial_stdout_off, serial_stdout_on, polling_condition, Machine
building '/nix/store/690g68z31xvjrlc6b9l4gq08ck7a04zd-vm-test-run-installer-fullDiskEncryption.drv'...
Machine state will be reset. To keep it, pass --keep-vm-state
start all VLans
(finished: start all VLans, in 0.00 seconds)
run the VM test script
additionally exposed symbols:
    machine,
    ,
    start_all, test_script, machines, vlans, driver, log, os, create_machine, subtest, run_tests, join_all, retry, serial_stdout_off, serial_stdout_on, polling_condition, Machine
machine: starting vm
machine # Formatting '/build/vm-state-machine/machine.qcow2', fmt=qcow2 cluster_size=65536 extended_l2=off compression_type=zlib size=17179869184 lazy_refcounts=off refcount_bits=16
machine # Formatting 'empty0.qcow2', fmt=qcow2 cluster_size=65536 extended_l2=off compression_type=zlib size=1073741824 lazy_refcounts=off refcount_bits=16
machine: QEMU running (pid 7)
subtest: Assert readiness of login prompt
machine: must succeed: echo hello
machine: waiting for the VM to finish booting
machine # cSeaBIOS (version rel-1.16.1-0-g3208b098f51a-prebuilt.qemu.org)
machine # 
machine # 
machine # iPXE (http://ipxe.org) 00:03.0 CA00 PCI2.10 PnP PMM+5EFD0C20+5EF30C20 CA00
machine # Press Ctrl-B to configure iPXE (PCI 00:03.0)...
machine # 
machine # 
machine # Booting from ROM...
machine # Probing EDD (edd=off to disable)... ok
machine # c[    0.000000] Linux version 6.1.15 (nixbld@localhost) (gcc (GCC) 12.2.0, GNU ld (GNU Binutils) 2.40) #1-NixOS SMP PREEMPT_DYNAMIC Fri Mar  3 10:52:25 UTC 2023
machine # [    0.000000] Command line: console=ttyS0 panic=1 boot.panic_on_fail clock=acpi_pm nohibernate loglevel=7 net.ifnames=0 init=/nix/store/bqdnkfah42h34a93ncdabjdd851qbs9j-nixos-system-machine-23.05pre-git/init regInfo=/nix/store/dn1bcf3cl3y5zxaim96nqa3pmksd0glp-closure-info/registration console=ttyS0
machine # [    0.000000] x86/fpu: Supporting XSAVE feature 0x001: 'x87 floating point registers'
machine # [    0.000000] x86/fpu: Supporting XSAVE feature 0x002: 'SSE registers'
machine # [    0.000000] x86/fpu: Supporting XSAVE feature 0x004: 'AVX registers'
machine # [    0.000000] x86/fpu: Supporting XSAVE feature 0x008: 'MPX bounds registers'
machine # [    0.000000] x86/fpu: Supporting XSAVE feature 0x010: 'MPX CSR'
machine # [    0.000000] x86/fpu: Supporting XSAVE feature 0x020: 'AVX-512 opmask'
machine # [    0.000000] x86/fpu: Supporting XSAVE feature 0x040: 'AVX-512 Hi256'
machine # [    0.000000] x86/fpu: Supporting XSAVE feature 0x080: 'AVX-512 ZMM_Hi256'
machine # [    0.000000] x86/fpu: xstate_offset[2]:  576, xstate_sizes[2]:  256
machine # [    0.000000] x86/fpu: xstate_offset[3]:  832, xstate_sizes[3]:   64
machine # [    0.000000] x86/fpu: xstate_offset[4]:  896, xstate_sizes[4]:   64
machine # [    0.000000] x86/fpu: xstate_offset[5]:  960, xstate_sizes[5]:   64
machine # [    0.000000] x86/fpu: xstate_offset[6]: 1024, xstate_sizes[6]:  512
machine # [    0.000000] x86/fpu: xstate_offset[7]: 1536, xstate_sizes[7]: 1024
machine # [    0.000000] x86/fpu: Enabled xstate features 0xff, context size is 2560 bytes, using 'compacted' format.
machine # [    0.000000] signal: max sigframe size: 3632
machine # [    0.000000] BIOS-provided physical RAM map:
machine # [    0.000000] BIOS-e820: [mem 0x0000000000000000-0x000000000009fbff] usable
machine # [    0.000000] BIOS-e820: [mem 0x000000000009fc00-0x000000000009ffff] reserved
machine # [    0.000000] BIOS-e820: [mem 0x00000000000f0000-0x00000000000fffff] reserved
machine # [    0.000000] BIOS-e820: [mem 0x0000000000100000-0x000000005ffd7fff] usable
machine # [    0.000000] BIOS-e820: [mem 0x000000005ffd8000-0x000000005fffffff] reserved
machine # [    0.000000] BIOS-e820: [mem 0x00000000feffc000-0x00000000feffffff] reserved
machine # [    0.000000] BIOS-e820: [mem 0x00000000fffc0000-0x00000000ffffffff] reserved
machine # [    0.000000] random: crng init done
machine # [    0.000000] NX (Execute Disable) protection: active
machine # [    0.000000] extended physical RAM map:
machine # [    0.000000] reserve setup_data: [mem 0x0000000000000000-0x000000000009fbff] usable
machine # [    0.000000] reserve setup_data: [mem 0x000000000009fc00-0x000000000009ffff] reserved
machine # [    0.000000] reserve setup_data: [mem 0x00000000000f0000-0x00000000000fffff] reserved
machine # [    0.000000] reserve setup_data: [mem 0x0000000000100000-0x00000000009379bf] usable
machine # [    0.000000] reserve setup_data: [mem 0x00000000009379c0-0x00000000009379cf] usable
machine # [    0.000000] reserve setup_data: [mem 0x00000000009379d0-0x000000005ffd7fff] usable
machine # [    0.000000] reserve setup_data: [mem 0x000000005ffd8000-0x000000005fffffff] reserved
machine # [    0.000000] reserve setup_data: [mem 0x00000000feffc000-0x00000000feffffff] reserved
machine # [    0.000000] reserve setup_data: [mem 0x00000000fffc0000-0x00000000ffffffff] reserved
machine # [    0.000000] SMBIOS 2.8 present.
machine # [    0.000000] DMI: QEMU Standard PC (i440FX + PIIX, 1996), BIOS rel-1.16.1-0-g3208b098f51a-prebuilt.qemu.org 04/01/2014
machine # [    0.000000] Hypervisor detected: KVM
machine # [    0.000000] kvm-clock: Using msrs 4b564d01 and 4b564d00
machine # [    0.000001] kvm-clock: using sched offset of 547365265 cycles
machine # [    0.000002] clocksource: kvm-clock: mask: 0xffffffffffffffff max_cycles: 0x1cd42e4dffb, max_idle_ns: 881590591483 ns
machine # [    0.000010] tsc: Detected 3311.998 MHz processor
machine # [    0.000702] last_pfn = 0x5ffd8 max_arch_pfn = 0x400000000
machine # [    0.001175] x86/PAT: Configuration [0-7]: WB  WC  UC- UC  WB  WP  UC- WT
machine # [    0.007690] found SMP MP-table at [mem 0x000f5bb0-0x000f5bbf]
machine # [    0.008128] Using GB pages for direct mapping
machine # [    0.008474] RAMDISK: [mem 0x5f33f000-0x5ffcffff]
machine # [    0.008564] ACPI: Early table checksum verification disabled
machine # [    0.008605] ACPI: RSDP 0x00000000000F59D0 000014 (v00 BOCHS )
machine # [    0.008628] ACPI: RSDT 0x000000005FFE1D56 000034 (v01 BOCHS  BXPC     00000001 BXPC 00000001)
machine # [    0.008638] ACPI: FACP 0x000000005FFE1BD2 000074 (v01 BOCHS  BXPC     00000001 BXPC 00000001)
machine # [    0.008643] ACPI: DSDT 0x000000005FFE0040 001B92 (v01 BOCHS  BXPC     00000001 BXPC 00000001)
machine # [    0.008645] ACPI: FACS 0x000000005FFE0000 000040
machine # [    0.008648] ACPI: APIC 0x000000005FFE1C46 0000B0 (v01 BOCHS  BXPC     00000001 BXPC 00000001)
machine # [    0.008650] ACPI: HPET 0x000000005FFE1CF6 000038 (v01 BOCHS  BXPC     00000001 BXPC 00000001)
machine # [    0.008653] ACPI: WAET 0x000000005FFE1D2E 000028 (v01 BOCHS  BXPC     00000001 BXPC 00000001)
machine # [    0.008655] ACPI: Reserving FACP table memory at [mem 0x5ffe1bd2-0x5ffe1c45]
machine # [    0.008656] ACPI: Reserving DSDT table memory at [mem 0x5ffe0040-0x5ffe1bd1]
machine # [    0.008656] ACPI: Reserving FACS table memory at [mem 0x5ffe0000-0x5ffe003f]
machine # [    0.008657] ACPI: Reserving APIC table memory at [mem 0x5ffe1c46-0x5ffe1cf5]
machine # [    0.008657] ACPI: Reserving HPET table memory at [mem 0x5ffe1cf6-0x5ffe1d2d]
machine # [    0.008658] ACPI: Reserving WAET table memory at [mem 0x5ffe1d2e-0x5ffe1d55]
machine # [    0.010468] No NUMA configuration found
machine # [    0.010469] Faking a node at [mem 0x0000000000000000-0x000000005ffd7fff]
machine # [    0.010474] NODE_DATA(0) allocated [mem 0x5ffd2000-0x5ffd7fff]
machine # [    0.010509] Zone ranges:
machine # [    0.010510]   DMA      [mem 0x0000000000001000-0x0000000000ffffff]
machine # [    0.010511]   DMA32    [mem 0x0000000001000000-0x000000005ffd7fff]
machine # [    0.010512]   Normal   empty
machine # [    0.010513]   Device   empty
machine # [    0.010513] Movable zone start for each node
machine # [    0.010514] Early memory node ranges
machine # [    0.010514]   node   0: [mem 0x0000000000001000-0x000000000009efff]
machine # [    0.010517]   node   0: [mem 0x0000000000100000-0x000000005ffd7fff]
machine # [    0.010520] Initmem setup node 0 [mem 0x0000000000001000-0x000000005ffd7fff]
machine # [    0.010686] On node 0, zone DMA: 1 pages in unavailable ranges
machine # [    0.010700] On node 0, zone DMA: 97 pages in unavailable ranges
machine # [    0.013274] On node 0, zone DMA32: 40 pages in unavailable ranges
machine # [    0.017277] ACPI: PM-Timer IO Port: 0x608
machine # [    0.017314] ACPI: LAPIC_NMI (acpi_id[0xff] dfl dfl lint[0x1])
machine # [    0.017502] IOAPIC[0]: apic_id 0, version 17, address 0xfec00000, GSI 0-23
machine # [    0.017505] ACPI: INT_SRC_OVR (bus 0 bus_irq 0 global_irq 2 dfl dfl)
machine # [    0.017506] ACPI: INT_SRC_OVR (bus 0 bus_irq 5 global_irq 5 high level)
machine # [    0.017507] ACPI: INT_SRC_OVR (bus 0 bus_irq 9 global_irq 9 high level)
machine # [    0.017511] ACPI: INT_SRC_OVR (bus 0 bus_irq 10 global_irq 10 high level)
machine # [    0.017511] ACPI: INT_SRC_OVR (bus 0 bus_irq 11 global_irq 11 high level)
machine # [    0.017515] ACPI: Using ACPI (MADT) for SMP configuration information
machine # [    0.017516] ACPI: HPET id: 0x8086a201 base: 0xfed00000
machine # [    0.017522] TSC deadline timer available
machine # [    0.017523] smpboot: Allowing 8 CPUs, 0 hotplug CPUs
machine # [    0.017643] kvm-guest: KVM setup pv remote TLB flush
machine # [    0.017677] kvm-guest: setup PV sched yield
machine # [    0.017701] PM: hibernation: Registered nosave memory: [mem 0x00000000-0x00000fff]
machine # [    0.017702] PM: hibernation: Registered nosave memory: [mem 0x0009f000-0x0009ffff]
machine # [    0.017702] PM: hibernation: Registered nosave memory: [mem 0x000a0000-0x000effff]
machine # [    0.017703] PM: hibernation: Registered nosave memory: [mem 0x000f0000-0x000fffff]
machine # [    0.017704] PM: hibernation: Registered nosave memory: [mem 0x00937000-0x00937fff]
machine # [    0.017705] PM: hibernation: Registered nosave memory: [mem 0x00937000-0x00937fff]
machine # [    0.017706] [mem 0x60000000-0xfeffbfff] available for PCI devices
machine # [    0.017707] Booting paravirtualized kernel on KVM
machine # [    0.017720] clocksource: refined-jiffies: mask: 0xffffffff max_cycles: 0xffffffff, max_idle_ns: 1910969940391419 ns
machine # [    0.020478] setup_percpu: NR_CPUS:384 nr_cpumask_bits:8 nr_cpu_ids:8 nr_node_ids:1
machine # [    0.020976] percpu: Embedded 61 pages/cpu s212992 r8192 d28672 u262144
machine # [    0.021123] kvm-guest: PV spinlocks enabled
machine # [    0.021124] PV qspinlock hash table entries: 256 (order: 0, 4096 bytes, linear)
machine # [    0.021133] Fallback order for Node 0: 0
machine # [    0.021137] Built 1 zonelists, mobility grouping on.  Total pages: 386775
machine # [    0.021140] Policy zone: DMA32
machine # [    0.021141] Kernel command line: console=ttyS0 panic=1 boot.panic_on_fail clock=acpi_pm nohibernate loglevel=7 net.ifnames=0 init=/nix/store/bqdnkfah42h34a93ncdabjdd851qbs9j-nixos-system-machine-23.05pre-git/init regInfo=/nix/store/dn1bcf3cl3y5zxaim96nqa3pmksd0glp-closure-info/registration console=ttyS0
machine # [    0.021189] clocksource: clock= boot option is deprecated - use clocksource=xyz
machine # [    0.021222] Unknown kernel command line parameters "regInfo=/nix/store/dn1bcf3cl3y5zxaim96nqa3pmksd0glp-closure-info/registration", will be passed to user space.
machine # [    0.021445] Dentry cache hash table entries: 262144 (order: 9, 2097152 bytes, linear)
machine # [    0.021486] Inode-cache hash table entries: 131072 (order: 8, 1048576 bytes, linear)
machine # [    0.021731] mem auto-init: stack:all(zero), heap alloc:off, heap free:off
machine # [    0.023959] Memory: 1493988K/1572312K available (12294K kernel code, 2307K rwdata, 7532K rodata, 1876K init, 4344K bss, 78064K reserved, 0K cma-reserved)
machine # [    0.024068] SLUB: HWalign=64, Order=0-3, MinObjects=0, CPUs=8, Nodes=1
machine # [    0.024080] Kernel/User page tables isolation: enabled
machine # [    0.024099] ftrace: allocating 37041 entries in 145 pages
machine # [    0.032792] ftrace: allocated 145 pages with 3 groups
machine # [    0.033367] Dynamic Preempt: voluntary
machine # [    0.033529] rcu: Preemptible hierarchical RCU implementation.
machine # [    0.033529] rcu:   RCU event tracing is enabled.
machine # [    0.033530] rcu:   RCU restricting CPUs from NR_CPUS=384 to nr_cpu_ids=8.
machine # [    0.033531]        Trampoline variant of Tasks RCU enabled.
machine # [    0.033532]        Rude variant of Tasks RCU enabled.
machine # [    0.033532]        Tracing variant of Tasks RCU enabled.
machine # [    0.033532] rcu: RCU calculated value of scheduler-enlistment delay is 100 jiffies.
machine # [    0.033533] rcu: Adjusting geometry for rcu_fanout_leaf=16, nr_cpu_ids=8
machine # [    0.036347] NR_IRQS: 24832, nr_irqs: 488, preallocated irqs: 16
machine # [    0.036659] rcu: srcu_init: Setting srcu_struct sizes based on contention.
machine # [    0.067229] Console: colour VGA+ 80x25
machine # [    0.642956] printk: console [ttyS0] enabled
machine # [    0.645733] ACPI: Core revision 20220331
machine # [    0.648906] clocksource: hpet: mask: 0xffffffff max_cycles: 0xffffffff, max_idle_ns: 19112604467 ns
machine # [    0.655201] APIC: Switch to symmetric I/O mode setup
machine # [    0.660516] x2apic enabled
machine # [    0.664459] Switched APIC routing to physical x2apic.
machine # [    0.667875] kvm-guest: setup PV IPIs
machine # [    0.678009] ..TIMER: vector=0x30 apic1=0 pin1=2 apic2=-1 pin2=-1
machine # [    0.682060] clocksource: tsc-early: mask: 0xffffffffffffffff max_cycles: 0x2fbd924e8de, max_idle_ns: 440795321919 ns
machine # [    0.688771] Calibrating delay loop (skipped) preset value.. 6623.99 BogoMIPS (lpj=3311998)
machine # [    0.689770] pid_max: default: 32768 minimum: 301
machine # [    0.690795] LSM: Security Framework initializing
machine # [    0.691778] landlock: Up and running.
machine # [    0.692769] Yama: becoming mindful.
machine # [    0.693774] SELinux:  Initializing.
machine # [    0.694780] LSM support for eBPF active
machine # [    0.696774] Mount-cache hash table entries: 4096 (order: 3, 32768 bytes, linear)
machine # [    0.697771] Mountpoint-cache hash table entries: 4096 (order: 3, 32768 bytes, linear)
machine # [    0.700849] x86/cpu: User Mode Instruction Prevention (UMIP) activated
machine # [    0.703319] Last level iTLB entries: 4KB 0, 2MB 0, 4MB 0
machine # [    0.703769] Last level dTLB entries: 4KB 0, 2MB 0, 4MB 0, 1GB 0
machine # [    0.704814] Spectre V1 : Mitigation: usercopy/swapgs barriers and __user pointer sanitization
machine # [    0.705786] Spectre V2 : Mitigation: IBRS
machine # [    0.706769] Spectre V2 : Spectre v2 / SpectreRSB mitigation: Filling RSB on context switch
machine # [    0.707769] Spectre V2 : Spectre v2 / SpectreRSB : Filling RSB on VMEXIT
machine # [    0.708769] RETBleed: Mitigation: IBRS
machine # [    0.709773] Spectre V2 : mitigation: Enabling conditional Indirect Branch Prediction Barrier
machine # [    0.710770] Speculative Store Bypass: Mitigation: Speculative Store Bypass disabled via prctl
machine # [    0.711807] MDS: Mitigation: Clear CPU buffers
machine # [    0.712769] TAA: Mitigation: Clear CPU buffers
machine # [    0.713769] MMIO Stale Data: Vulnerable: Clear CPU buffers attempted, no microcode
machine # [    0.732321] Freeing SMP alternatives memory: 32K
machine # [    0.733194] smpboot: CPU0: Intel(R) Core(TM) i9-9940X CPU @ 3.30GHz (family: 0x6, model: 0x55, stepping: 0x4)
machine # [    0.733880] cblist_init_generic: Setting adjustable number of callback queues.
machine # [    0.734783] cblist_init_generic: Setting shift to 3 and lim to 1.
machine # [    0.735804] cblist_init_generic: Setting shift to 3 and lim to 1.
machine # [    0.736797] cblist_init_generic: Setting shift to 3 and lim to 1.
machine # [    0.737794] Performance Events: Skylake events, full-width counters, Intel PMU driver.
machine # [    0.738797] ... version:                2
machine # [    0.739781] ... bit width:              48
machine # [    0.740781] ... generic registers:      4
machine # [    0.741782] ... value mask:             0000ffffffffffff
machine # [    0.742781] ... max period:             00007fffffffffff
machine # [    0.743782] ... fixed-purpose events:   3
machine # [    0.744781] ... event mask:             000000070000000f
machine # [    0.746097] rcu: Hierarchical SRCU implementation.
machine # [    0.746782] rcu:   Max phase no-delay instances is 400.
machine # [    0.748143] smp: Bringing up secondary CPUs ...
machine # [    0.749040] x86: Booting SMP configuration:
machine # [    0.749783] .... node  #0, CPUs:      #1 #2 #3 #4 #5 #6 #7
machine # [    0.774888] smp: Brought up 1 node, 8 CPUs
machine # [    0.776782] smpboot: Max logical packages: 1
machine # [    0.777782] smpboot: Total of 8 processors activated (52991.96 BogoMIPS)
machine # [    0.780107] devtmpfs: initialized
machine # [    0.780826] x86/mm: Memory block size: 128MB
machine # [    0.782052] clocksource: jiffies: mask: 0xffffffff max_cycles: 0xffffffff, max_idle_ns: 1911260446275000 ns
machine # [    0.782790] futex hash table entries: 2048 (order: 5, 131072 bytes, linear)
machine # [    0.783843] pinctrl core: initialized pinctrl subsystem
machine # [    0.785638] NET: Registered PF_NETLINK/PF_ROUTE protocol family
machine # [    0.785875] DMA: preallocated 256 KiB GFP_KERNEL pool for atomic allocations
machine # [    0.786791] DMA: preallocated 256 KiB GFP_KERNEL|GFP_DMA pool for atomic allocations
machine # [    0.787801] DMA: preallocated 256 KiB GFP_KERNEL|GFP_DMA32 pool for atomic allocations
machine # [    0.788790] audit: initializing netlink subsys (disabled)
machine # [    0.789807] audit: type=2000 audit(1678278829.764:1): state=initialized audit_enabled=0 res=1
machine # [    0.789867] thermal_sys: Registered thermal governor 'bang_bang'
machine # [    0.790783] thermal_sys: Registered thermal governor 'step_wise'
machine # [    0.791782] thermal_sys: Registered thermal governor 'user_space'
machine # [    0.792810] cpuidle: using governor menu
machine # [    0.800018] acpiphp: ACPI Hot Plug PCI Controller Driver version: 0.5
machine # [    0.804404] PCI: Using configuration type 1 for base access
machine # [    0.809818] kprobes: kprobe jump-optimization is enabled. All kprobes are optimized if possible.
machine # [    0.815990] HugeTLB: registered 1.00 GiB page size, pre-allocated 0 pages
machine # [    0.820784] HugeTLB: 16380 KiB vmemmap can be freed for a 1.00 GiB page
machine # [    0.824785] HugeTLB: registered 2.00 MiB page size, pre-allocated 0 pages
machine # [    0.829782] HugeTLB: 28 KiB vmemmap can be freed for a 2.00 MiB page
machine # [    0.834847] ACPI: Added _OSI(Module Device)
machine # [    0.837783] ACPI: Added _OSI(Processor Device)
machine # [    0.840783] ACPI: Added _OSI(3.0 _SCP Extensions)
machine # [    0.843783] ACPI: Added _OSI(Processor Aggregator Device)
machine # [    0.848384] ACPI: 1 ACPI AML tables successfully acquired and loaded
machine # [    0.854938] ACPI: Interpreter enabled
machine # [    0.857795] ACPI: PM: (supports S0 S3 S4 S5)
machine # [    0.860782] ACPI: Using IOAPIC for interrupt routing
machine # [    0.864793] PCI: Using host bridge windows from ACPI; if necessary, use "pci=nocrs" and report a bug
machine # [    0.870782] PCI: Using E820 reservations for host bridge windows
machine # [    0.874975] ACPI: Enabled 2 GPEs in block 00 to 0F
machine # [    0.881329] ACPI: PCI Root Bridge [PCI0] (domain 0000 [bus 00-ff])
machine # [    0.885786] acpi PNP0A03:00: _OSC: OS supports [ASPM ClockPM Segments MSI HPX-Type3]
machine # [    0.890782] acpi PNP0A03:00: _OSC: not requesting OS control; OS requires [ExtendedConfig ASPM ClockPM MSI]
machine # [    0.897789] acpi PNP0A03:00: fail to add MMCONFIG information, can't access extended PCI configuration space under this bridge.
machine # [    0.906095] acpiphp: Slot [3] registered
machine # [    0.908852] acpiphp: Slot [4] registered
machine # [    0.910847] acpiphp: Slot [5] registered
machine # [    0.913848] acpiphp: Slot [6] registered
machine # [    0.916847] acpiphp: Slot [7] registered
machine # [    0.919847] acpiphp: Slot [8] registered
machine # [    0.922847] acpiphp: Slot [9] registered
machine # [    0.924847] acpiphp: Slot [10] registered
machine # [    0.927860] acpiphp: Slot [11] registered
machine # [    0.930847] acpiphp: Slot [12] registered
machine # [    0.933847] acpiphp: Slot [13] registered
machine # [    0.936846] acpiphp: Slot [14] registered
machine # [    0.939846] acpiphp: Slot [15] registered
machine # [    0.941846] acpiphp: Slot [16] registered
machine # [    0.944846] acpiphp: Slot [17] registered
machine # [    0.947846] acpiphp: Slot [18] registered
machine # [    0.950846] acpiphp: Slot [19] registered
machine # [    0.953849] acpiphp: Slot [20] registered
machine # [    0.956846] acpiphp: Slot [21] registered
machine # [    0.959847] acpiphp: Slot [22] registered
machine # [    0.961845] acpiphp: Slot [23] registered
machine # [    0.964847] acpiphp: Slot [24] registered
machine # [    0.967846] acpiphp: Slot [25] registered
machine # [    0.970861] acpiphp: Slot [26] registered
machine # [    0.973845] acpiphp: Slot [27] registered
machine # [    0.976846] acpiphp: Slot [28] registered
machine # [    0.978847] acpiphp: Slot [29] registered
machine # [    0.981847] acpiphp: Slot [30] registered
machine # [    0.984846] acpiphp: Slot [31] registered
machine # [    0.987839] PCI host bridge to bus 0000:00
machine # [    0.990783] pci_bus 0000:00: root bus resource [io  0x0000-0x0cf7 window]
machine # [    0.994782] pci_bus 0000:00: root bus resource [io  0x0d00-0xffff window]
machine # [    0.999782] pci_bus 0000:00: root bus resource [mem 0x000a0000-0x000bffff window]
machine # [    1.004782] pci_bus 0000:00: root bus resource [mem 0x60000000-0xfebfffff window]
machine # [    1.009782] pci_bus 0000:00: root bus resource [mem 0x100000000-0x17fffffff window]
machine # [    1.014782] pci_bus 0000:00: root bus resource [bus 00-ff]
machine # [    1.019012] pci 0000:00:00.0: [8086:1237] type 00 class 0x060000
machine # [    1.026004] pci 0000:00:01.0: [8086:7000] type 00 class 0x060100
machine # [    1.035126] pci 0000:00:01.1: [8086:7010] type 00 class 0x010180
machine # [    1.044783] pci 0000:00:01.1: reg 0x20: [io  0xc240-0xc24f]
machine # [    1.050946] pci 0000:00:01.1: legacy IDE quirk: reg 0x10: [io  0x01f0-0x01f7]
machine # [    1.055783] pci 0000:00:01.1: legacy IDE quirk: reg 0x14: [io  0x03f6]
machine # [    1.059782] pci 0000:00:01.1: legacy IDE quirk: reg 0x18: [io  0x0170-0x0177]
machine # [    1.064782] pci 0000:00:01.1: legacy IDE quirk: reg 0x1c: [io  0x0376]
machine # [    1.069535] pci 0000:00:01.2: [8086:7020] type 00 class 0x0c0300
machine # [    1.078783] pci 0000:00:01.2: reg 0x20: [io  0xc180-0xc19f]
machine # [    1.084949] pci 0000:00:01.3: [8086:7113] type 00 class 0x068000
machine # [    1.091840] pci 0000:00:01.3: quirk: [io  0x0600-0x063f] claimed by PIIX4 ACPI
machine # [    1.096836] pci 0000:00:01.3: quirk: [io  0x0700-0x070f] claimed by PIIX4 SMB
machine # [    1.103007] pci 0000:00:02.0: [1234:1111] type 00 class 0x030000
machine # [    1.109809] pci 0000:00:02.0: reg 0x10: [mem 0xfd000000-0xfdffffff pref]
machine # [    1.116686] pci 0000:00:02.0: reg 0x18: [mem 0xfebd0000-0xfebd0fff]
machine # [    1.126768] pci 0000:00:02.0: reg 0x30: [mem 0xfebc0000-0xfebcffff pref]
machine # [    1.131155] pci 0000:00:02.0: Video device with shadowed ROM at [mem 0x000c0000-0x000dffff]
machine # [    1.139114] pci 0000:00:03.0: [1af4:1000] type 00 class 0x020000
machine # [    1.145255] pci 0000:00:03.0: reg 0x10: [io  0xc1a0-0xc1bf]
machine # [    1.150784] pci 0000:00:03.0: reg 0x14: [mem 0xfebd1000-0xfebd1fff]
machine # [    1.158634] pci 0000:00:03.0: reg 0x20: [mem 0xfe000000-0xfe003fff 64bit pref]
machine # [    1.165784] pci 0000:00:03.0: reg 0x30: [mem 0xfeb80000-0xfebbffff pref]
machine # [    1.175707] pci 0000:00:04.0: [1af4:1005] type 00 class 0x00ff00
machine # [    1.181229] pci 0000:00:04.0: reg 0x10: [io  0xc1c0-0xc1df]
machine # [    1.186784] pci 0000:00:04.0: reg 0x14: [mem 0xfebd2000-0xfebd2fff]
machine # [    1.194783] pci 0000:00:04.0: reg 0x20: [mem 0xfe004000-0xfe007fff 64bit pref]
machine # [    1.206718] pci 0000:00:05.0: [1af4:1009] type 00 class 0x000200
machine # [    1.212239] pci 0000:00:05.0: reg 0x10: [io  0xc100-0xc13f]
machine # [    1.217783] pci 0000:00:05.0: reg 0x14: [mem 0xfebd3000-0xfebd3fff]
machine # [    1.225783] pci 0000:00:05.0: reg 0x20: [mem 0xfe008000-0xfe00bfff 64bit pref]
machine # [    1.236707] pci 0000:00:06.0: [1af4:1009] type 00 class 0x000200
machine # [    1.243262] pci 0000:00:06.0: reg 0x10: [io  0xc1e0-0xc1ff]
machine # [    1.247783] pci 0000:00:06.0: reg 0x14: [mem 0xfebd4000-0xfebd4fff]
machine # [    1.255784] pci 0000:00:06.0: reg 0x20: [mem 0xfe00c000-0xfe00ffff 64bit pref]
machine # [    1.267768] pci 0000:00:07.0: [1af4:1009] type 00 class 0x000200
machine # [    1.273185] pci 0000:00:07.0: reg 0x10: [io  0xc200-0xc21f]
machine # [    1.278783] pci 0000:00:07.0: reg 0x14: [mem 0xfebd5000-0xfebd5fff]
machine # [    1.286784] pci 0000:00:07.0: reg 0x20: [mem 0xfe010000-0xfe013fff 64bit pref]
machine # [    1.298783] pci 0000:00:08.0: [1af4:1001] type 00 class 0x010000
machine # [    1.304501] pci 0000:00:08.0: reg 0x10: [io  0xc000-0xc07f]
machine # [    1.309784] pci 0000:00:08.0: reg 0x14: [mem 0xfebd6000-0xfebd6fff]
machine # [    1.318329] pci 0000:00:08.0: reg 0x20: [mem 0xfe014000-0xfe017fff 64bit pref]
machine # [    1.329783] pci 0000:00:09.0: [1af4:1001] type 00 class 0x010000
machine # [    1.336478] pci 0000:00:09.0: reg 0x10: [io  0xc080-0xc0ff]
machine # [    1.341408] pci 0000:00:09.0: reg 0x14: [mem 0xfebd7000-0xfebd7fff]
machine # [    1.350603] pci 0000:00:09.0: reg 0x20: [mem 0xfe018000-0xfe01bfff 64bit pref]
machine # [    1.362996] pci 0000:00:0a.0: [1af4:1052] type 00 class 0x090000
machine # [    1.368646] pci 0000:00:0a.0: reg 0x14: [mem 0xfebd8000-0xfebd8fff]
machine # [    1.376350] pci 0000:00:0a.0: reg 0x20: [mem 0xfe01c000-0xfe01ffff 64bit pref]
machine # [    1.387782] pci 0000:00:0b.0: [1af4:1003] type 00 class 0x078000
machine # [    1.393305] pci 0000:00:0b.0: reg 0x10: [io  0xc140-0xc17f]
machine # [    1.397784] pci 0000:00:0b.0: reg 0x14: [mem 0xfebd9000-0xfebd9fff]
machine # [    1.406784] pci 0000:00:0b.0: reg 0x20: [mem 0xfe020000-0xfe023fff 64bit pref]
machine # [    1.419397] pci 0000:00:0c.0: [1af4:1005] type 00 class 0x00ff00
machine # [    1.424178] pci 0000:00:0c.0: reg 0x10: [io  0xc220-0xc23f]
machine # [    1.429783] pci 0000:00:0c.0: reg 0x14: [mem 0xfebda000-0xfebdafff]
machine # [    1.437784] pci 0000:00:0c.0: reg 0x20: [mem 0xfe024000-0xfe027fff 64bit pref]
machine # [    1.449607] ACPI: PCI: Interrupt link LNKA configured for IRQ 10
machine # [    1.454084] ACPI: PCI: Interrupt link LNKB configured for IRQ 10
machine # [    1.459069] ACPI: PCI: Interrupt link LNKC configured for IRQ 11
machine # [    1.463067] ACPI: PCI: Interrupt link LNKD configured for IRQ 11
machine # [    1.466936] ACPI: PCI: Interrupt link LNKS configured for IRQ 9
machine # [    1.472860] iommu: Default domain type: Translated
machine # [    1.475782] iommu: DMA domain TLB invalidation policy: lazy mode
machine # [    1.481045] NetLabel: Initializing
machine # [    1.482783] NetLabel:  domain hash size = 128
machine # [    1.485782] NetLabel:  protocols = UNLABELED CIPSOv4 CALIPSO
machine # [    1.489820] NetLabel:  unlabeled traffic allowed by default
machine # [    1.493789] PCI: Using ACPI for IRQ routing
machine # [    1.498839] pci 0000:00:02.0: vgaarb: setting as boot VGA device
machine # [    1.499768] pci 0000:00:02.0: vgaarb: bridge control possible
machine # [    1.499768] pci 0000:00:02.0: vgaarb: VGA device added: decodes=io+mem,owns=io+mem,locks=none
machine # [    1.512786] vgaarb: loaded
machine # [    1.514951] hpet0: at MMIO 0xfed00000, IRQs 2, 8, 0
machine # [    1.518782] hpet0: 3 comparators, 64-bit 100.000000 MHz counter
machine # [    1.528970] clocksource: Switched to clocksource kvm-clock
machine # [    1.532850] VFS: Disk quotas dquot_6.6.0
machine # [    1.535687] VFS: Dquot-cache hash table entries: 512 (order 0, 4096 bytes)
machine # [    1.540551] pnp: PnP ACPI init
machine # [    1.543382] pnp: PnP ACPI: found 6 devices
machine # [    1.563682] clocksource: acpi_pm: mask: 0xffffff max_cycles: 0xffffff, max_idle_ns: 2085701024 ns
machine # [    1.569882] clocksource: Switched to clocksource acpi_pm
machine # [    1.573964] NET: Registered PF_INET protocol family
machine # [    1.577768] IP idents hash table entries: 32768 (order: 6, 262144 bytes, linear)
machine # [    1.583534] tcp_listen_portaddr_hash hash table entries: 1024 (order: 2, 16384 bytes, linear)
machine # [    1.589416] Table-perturb hash table entries: 65536 (order: 6, 262144 bytes, linear)
machine # [    1.594971] TCP established hash table entries: 16384 (order: 5, 131072 bytes, linear)
machine # [    1.600574] TCP bind hash table entries: 16384 (order: 7, 524288 bytes, linear)
machine # [    1.605943] TCP: Hash tables configured (established 16384 bind 16384)
machine # [    1.610974] MPTCP token hash table entries: 2048 (order: 3, 49152 bytes, linear)
machine # [    1.616229] UDP hash table entries: 1024 (order: 3, 32768 bytes, linear)
machine # [    1.620955] UDP-Lite hash table entries: 1024 (order: 3, 32768 bytes, linear)
machine # [    1.626114] NET: Registered PF_UNIX/PF_LOCAL protocol family
machine # [    1.630164] NET: Registered PF_XDP protocol family
machine # [    1.633625] pci_bus 0000:00: resource 4 [io  0x0000-0x0cf7 window]
machine # [    1.638104] pci_bus 0000:00: resource 5 [io  0x0d00-0xffff window]
machine # [    1.642415] pci_bus 0000:00: resource 6 [mem 0x000a0000-0x000bffff window]
machine # [    1.647129] pci_bus 0000:00: resource 7 [mem 0x60000000-0xfebfffff window]
machine # [    1.651931] pci_bus 0000:00: resource 8 [mem 0x100000000-0x17fffffff window]
machine # [    1.657042] pci 0000:00:01.0: PIIX3: Enabling Passive Release
machine # [    1.661314] pci 0000:00:00.0: Limiting direct PCI/PCI transfers
machine # [    1.688411] ACPI: \_SB_.LNKD: Enabled at IRQ 11
machine # [    1.716536] pci 0000:00:01.2: quirk_usb_early_handoff+0x0/0x750 took 49623 usecs
machine # [    1.722391] PCI: CLS 0 bytes, default 64
machine # [    1.725446] clocksource: tsc: mask: 0xffffffffffffffff max_cycles: 0x2fbd924e8de, max_idle_ns: 440795321919 ns
machine # [    1.725662] Trying to unpack rootfs image as initramfs...
machine # [    1.737312] Initialise system trusted keyrings
machine # [    1.741450] workingset: timestamp_bits=40 max_order=19 bucket_order=0
machine # [    1.747731] zbud: loaded
machine # [    1.752577] Key type asymmetric registered
machine # [    1.755622] Asymmetric key parser 'x509' registered
machine # [    1.802372] Freeing initrd memory: 12868K
machine # [    1.810326] alg: self-tests for CTR-KDF (hmac(sha256)) passed
machine # [    1.814546] Block layer SCSI generic (bsg) driver version 0.4 loaded (major 252)
machine # [    1.820632] io scheduler mq-deadline registered
machine # [    1.823996] io scheduler kyber registered
machine # [    1.830912] Serial: 8250/16550 driver, 4 ports, IRQ sharing enabled
machine # [    1.836315] 00:04: ttyS0 at I/O 0x3f8 (irq = 4, base_baud = 115200) is a 16550A
machine # [    1.849170] intel_pstate: CPU model not supported
machine # [    1.852731] drop_monitor: Initializing network drop monitor service
machine # [    1.866540] NET: Registered PF_INET6 protocol family
machine # [    1.877997] Segment Routing with IPv6
machine # [    1.880929] In-situ OAM (IOAM) with IPv6
machine # [    1.888356] IPI shorthand broadcast: enabled
machine # [    1.892454] registered taskstats version 1
machine # [    1.895539] Loading compiled-in X.509 certificates
machine # [    1.900022] zswap: loaded using pool lzo/zbud
machine # [    1.905376] Key type .fscrypt registered
machine # [    1.908351] Key type fscrypt-provisioning registered
machine # [    1.922022] Unstable clock detected, switching default tracing clock to "global"
machine # [    1.922022] If you want to keep using the local clock, then add:
machine # [    1.922022]   "trace_clock=local"
machine # [    1.922022] on the kernel command line
machine # [    1.939573] Freeing unused decrypted memory: 2036K
machine # [    1.943076] Freeing unused kernel image (initmem) memory: 1876K
machine # [    1.960228] Write protecting the kernel read-only data: 22528k
machine # [    1.965115] Freeing unused kernel image (text/rodata gap) memory: 2040K
machine # [    1.968768] Freeing unused kernel image (rodata/data gap) memory: 660K
machine # [    2.013988] x86/mm: Checked W+X mappings: passed, no W+X pages found.
machine # [    2.016972] x86/mm: Checking user space page tables
machine # [    2.059411] x86/mm: Checked W+X mappings: passed, no W+X pages found.
machine # [    2.062235] Run /init as init process
machine # 
machine # <<< NixOS Stage 1 >>>
machine # 
machine # loading module virtio_balloon...
machine # loading module virtio_console...
machine # loading module virtio_rng...
machine # loading module dm_mod...
machine # [    2.186115] device-mapper: ioctl: 4.47.0-ioctl (2022-07-28) initialised: dm-devel@redhat.com
machine # running udev...
machine # Starting systemd-udevd version 252.5
machine # [    2.267959] rtc_cmos 00:05: RTC can wake from S4
machine # [    2.271457] i8042: PNP: PS/2 Controller [PNP0303:KBD,PNP0f13:MOU] at 0x60,0x64 irq 1,12
machine # [    2.274011] rtc_cmos 00:05: registered as rtc0
machine # [    2.277479] rtc_cmos 00:05: alarms up to one day, y3k, 242 bytes nvram, hpet irqs
machine # [    2.279479] serio: i8042 KBD port at 0x60,0x64 irq 1
machine # [    2.283297] serio: i8042 AUX port at 0x60,0x64 irq 12
machine # [    2.309625] SCSI subsystem initialized
machine # [    2.315296] ACPI: bus type USB registered
machine # [    2.317275] usbcore: registered new interface driver usbfs
machine # [    2.319305] ACPI: \_SB_.LNKC: Enabled at IRQ 10
machine # [    2.320016] usbcore: registered new interface driver hub
machine # [    2.324154] usbcore: registered new device driver usb
machine # [    2.371971] scsi host0: ata_piix
machine # [    2.375626] scsi host1: ata_piix
machine # [    2.377422] ata1: PATA max MWDMA2 cmd 0x1f0 ctl 0x3f6 bmdma 0xc240 irq 14
machine # [    2.380687] ata2: PATA max MWDMA2 cmd 0x170 ctl 0x376 bmdma 0xc248 irq 15
machine # [    2.412061] ACPI: \_SB_.LNKA: Enabled at IRQ 10
machine # [    2.412112] uhci_hcd 0000:00:01.2: UHCI Host Controller
machine # [    2.416659] uhci_hcd 0000:00:01.2: new USB bus registered, assigned bus number 1
machine # [    2.420537] uhci_hcd 0000:00:01.2: detected 2 ports
machine # [    2.423529] uhci_hcd 0000:00:01.2: irq 11, io port 0x0000c180
machine # [    2.426584] usb usb1: New USB device found, idVendor=1d6b, idProduct=0001, bcdDevice= 6.01
machine # [    2.430496] usb usb1: New USB device strings: Mfr=3, Product=2, SerialNumber=1
machine # [    2.433967] usb usb1: Product: UHCI Host Controller
machine # [    2.436371] usb usb1: Manufacturer: Linux 6.1.15 uhci_hcd
machine # [    2.438950] usb usb1: SerialNumber: 0000:00:01.2
machine # [    2.442061] hub 1-0:1.0: USB hub found
machine # [    2.443993] hub 1-0:1.0: 2 ports detected
machine # [    2.445295] ACPI: \_SB_.LNKB: Enabled at IRQ 11
machine # [    2.545114] ata2: found unknown device (class 0)
machine # [    2.550513] ata2.00: ATAPI: QEMU DVD-ROM, 2.5+, max UDMA/100
machine # [    2.558336] scsi 1:0:0:0: CD-ROM            QEMU     QEMU DVD-ROM     2.5+ PQ: 0 ANSI: 5
machine # [    2.666093] usb 1-1: new full-speed USB device number 2 using uhci_hcd
machine # [    2.722481] 9pnet: Installing 9P2000 support
machine # [    2.731559] virtio_blk virtio5: 8/0/0 default/read/poll queues
machine # [    2.733109] input: AT Translated Set 2 keyboard as /devices/platform/i8042/serio0/input/input0
machine # [    2.748538] virtio_blk virtio5: [vda] 33554432 512-byte logical blocks (17.2 GB/16.0 GiB)
machine # [    2.755176] virtio_blk virtio6: 8/0/0 default/read/poll queues
machine # [    2.771034] virtio_blk virtio6: [vdb] 2097152 512-byte logical blocks (1.07 GB/1.00 GiB)
machine # [    2.793383] sr 1:0:0:0: [sr0] scsi3-mmc drive: 4x/4x cd/rw xa/form2 tray
machine # [    2.796417] cdrom: Uniform CD-ROM driver Revision: 3.20
machine # [    2.838405] usb 1-1: New USB device found, idVendor=0627, idProduct=0001, bcdDevice= 0.00
machine # [    2.842108] usb 1-1: New USB device strings: Mfr=1, Product=3, SerialNumber=10
machine # [    2.845340] usb 1-1: Product: QEMU USB Tablet
machine # [    2.847417] usb 1-1: Manufacturer: QEMU
machine # [    2.849236] usb 1-1: SerialNumber: 28754-0000:00:01.2-1
machine # [    2.863349] hid: raw HID events driver (C) Jiri Kosina
machine # [    2.874595] usbcore: registered new interface driver usbhid
machine # [    2.877185] usbhid: USB HID core driver
machine # [    2.883094] input: QEMU QEMU USB Tablet as /devices/pci0000:00/0000:00:01.2/usb1/1-1/1-1:1.0/0003:0627:0001.0001/input/input2
machine # [    2.888445] hid-generic 0003:0627:0001.0001: input,hidraw0: USB HID v0.01 Mouse [QEMU QEMU USB Tablet] on usb-0000:00:01.2-1/input0
machine # %Gkbd_mode: KDSKBMODE: Inappropriate ioctl for device
machine # starting device mapper and LVM...
machine # mke2fs 1.46.5 (30-Dec-2021)
machine # Discarding device blocks: done         
machine # Creating filesystem with 262144 4k blocks and 65536 inodes
machine # Filesystem UUID: cd848d1b-ed45-4f02-b2c6-f08dff4ac6c1
machine # Superblock backups stored on blocks:
machine #       32768, 98304, 163840, 229376
machine # 
machine # Allocating group tables: done
machine # Writing inode tables: done
machine # Creating journal (8192 blocks): done
machine # Writing superblocks and filesystem accounting information: done
machine # 
machine # checking /dev/vdb...
machine # fsck (busybox 1.36.0)
machine # [fsck.ext4 (1) -- /mnt-root/] fsck.ext4 -a /dev/vdb
machine # /dev/vdb: clean, 11/65536 files, 12955/262144 blocks
machine # mounting /dev/vdb on /...
machine # [    3.747962] EXT4-fs (vdb): mounted filesystem with ordered data mode. Quota mode: none.
machine # mounting nix-store on /nix/.ro-store...
machine # [    3.818030] FS-Cache: Loaded
machine # [    3.850188] 9p: Installing v9fs 9p2000 file system support
machine # mounting tmpfs on /nix/.rw-store...
machine # mounting shared on /tmp/shared...
machine # mounting xchg on /tmp/xchg...
machine # mounting overlay filesystem on /nix/store...
machine # 
machine # <<< NixOS Stage 2 >>>
machine # 
machine # [    4.274998] EXT4-fs (vdb): re-mounted. Quota mode: none.
machine # [    4.280333] booting system configuration /nix/store/bqdnkfah42h34a93ncdabjdd851qbs9j-nixos-system-machine-23.05pre-git
machine # running activation script...
machine # setting up /etc...
machine # unpacking the NixOS/Nixpkgs sources...
machine # ln: failed to create symbolic link '/root/.nix-defexpr/channels/channels': Read-only file system
machine # starting systemd...
machine # [    7.507984] systemd[1]: Inserted module 'autofs4'
machine # [    7.591719] systemd[1]: systemd 252.5 running in system mode (+PAM +AUDIT -SELINUX +APPARMOR +IMA +SMACK +SECCOMP +GCRYPT -GNUTLS +OPENSSL +ACL +BLKID +CURL +ELFUTILS +FIDO2 +IDN2 -IDN +IPTC +KMOD +LIBCRYPTSETUP +LIBFDISK +PCRE2 -PWQUALITY +P11KIT -QRENCODE +TPM2 +BZIP2 +LZ4 +XZ +ZLIB +ZSTD +BPF_FRAMEWORK -XKBCOMMON +UTMP -SYSVINIT default-hierarchy=unified)
machine # [    7.604989] systemd[1]: Detected virtualization kvm.
machine # [    7.607345] systemd[1]: Detected architecture x86-64.
machine # [    7.616228] systemd[1]: Initializing machine ID from random generator.
machine # [    7.975422] systemd[1]: bpf-lsm: LSM BPF program attached
machine # [    9.116669] systemd[1]: Queued start job for default target Multi-User System.
machine # [    9.135278] systemd[1]: Created slice Slice /system/getty.
machine # [    9.139063] systemd[1]: Created slice Slice /system/modprobe.
machine # [    9.142712] systemd[1]: Created slice User and Session Slice.
machine # [    9.145697] systemd[1]: Started Dispatch Password Requests to Console Directory Watch.
machine # [    9.149512] systemd[1]: Started Forward Password Requests to Wall Directory Watch.
machine # [    9.153467] systemd[1]: Reached target Local Encrypted Volumes.
machine # [    9.156400] systemd[1]: Reached target Containers.
machine # [    9.159033] systemd[1]: Reached target Path Units.
machine # [    9.161584] systemd[1]: Reached target Remote File Systems.
machine # [    9.164367] systemd[1]: Reached target Slice Units.
machine # [    9.167062] systemd[1]: Reached target Swaps.
machine # [    9.169394] systemd[1]: Reached target ZFS pool import target.
machine # [    9.179132] systemd[1]: Listening on Process Core Dump Socket.
machine # [    9.183623] systemd[1]: Listening on Journal Audit Socket.
machine # [    9.186562] systemd[1]: Listening on Journal Socket (/dev/log).
machine # [    9.189644] systemd[1]: Listening on Journal Socket.
machine # [    9.193425] systemd[1]: Listening on Userspace Out-Of-Memory (OOM) Killer Socket.
machine # [    9.200093] systemd[1]: Listening on udev Control Socket.
machine # [    9.203535] systemd[1]: Listening on udev Kernel Socket.
machine # [    9.219354] systemd[1]: Mounting Huge Pages File System...
machine # [    9.224102] systemd[1]: Mounting POSIX Message Queue File System...
machine # [    9.229601] systemd[1]: Mounting Kernel Debug File System...
machine # [    9.237043] systemd[1]: Starting Create List of Static Device Nodes...
machine # [    9.242609] systemd[1]: Starting Load Kernel Module configfs...
machine # [    9.248086] systemd[1]: Starting Load Kernel Module drm...
machine # [    9.253714] systemd[1]: Starting Load Kernel Module efi_pstore...
machine # [    9.260050] systemd[1]: Starting Load Kernel Module fuse...
machine # [    9.266549] systemd[1]: Starting mount-pstore.service...
machine # [    9.270532] systemd[1]: File System Check on Root Device was skipped because of an unmet condition check (ConditionPathIsReadWrite=!/).
machine # [    9.281673] systemd[1]: Starting Journal Service...
machine # [    9.287305] systemd[1]: Starting Load Kernel Modules...
machine # [    9.293352] systemd[1]: Starting Remount Root and Kernel File Systems...
machine # [    9.300071] systemd[1]: Starting Coldplug All udev Devices...
machine # [    9.309393] systemd[1]: Mounted Huge Pages File System.
machine # [    9.313608] systemd[1]: Mounted POSIX Message Queue File System.
machine # [    9.317582] systemd[1]: Mounted Kernel Debug File System.
machine # [    9.326434] fuse: init (API version 7.37)
machine # [    9.341426] systemd[1]: Finished Create List of Static Device Nodes.
machine # [    9.347036] systemd[1]: modprobe@configfs.service: Deactivated successfully.
machine # [    9.363542] EXT4-fs (vdb): re-mounted. Quota mode: none.
machine # [    9.370449] systemd[1]: Finished Load Kernel Module configfs.
machine # [    9.373302] audit: type=1130 audit(1678278838.940:2): pid=1 uid=0 auid=4294967295 ses=4294967295 subj=kernel msg='unit=modprobe@configfs comm="systemd" exe="/nix/store/d1h33vvfagj7bhg0b8dw3p5nifghb01q-systemd-252.5/lib/systemd/systemd" hostname=? addr=? terminal=? res=success'
machine # [    9.375765] systemd[1]: modprobe@efi_pstore.service: Deactivated successfully.
machine # [    9.383956] audit: type=1131 audit(1678278838.941:3): pid=1 uid=0 auid=4294967295 ses=4294967295 subj=kernel msg='unit=modprobe@configfs comm="systemd" exe="/nix/store/d1h33vvfagj7bhg0b8dw3p5nifghb01q-systemd-252.5/lib/systemd/systemd" hostname=? addr=? terminal=? res=success'
machine # [    9.419099] ACPI: bus type drm_connector registered
machine # [    9.436539] bridge: filtering via arp/ip/ip6tables is no longer available by default. Update your scripts to load br_netfilter if you need this.
machine # [    9.455663] systemd[1]: Finished Load Kernel Module efi_pstore.
machine # [    9.458573] audit: type=1130 audit(1678278839.025:4): pid=1 uid=0 auid=4294967295 ses=4294967295 subj=kernel msg='unit=modprobe@efi_pstore comm="systemd" exe="/nix/store/d1h33vvfagj7bhg0b8dw3p5nifghb01q-systemd-252.5/lib/systemd/systemd" hostname=? addr=? terminal=? res=success'
machine # [    9.459755] systemd[1]: modprobe@drm.service: Deactivated successfully.
machine # [    9.468943] audit: type=1131 audit(1678278839.025:5): pid=1 uid=0 auid=4294967295 ses=4294967295 subj=kernel msg='unit=modprobe@efi_pstore comm="systemd" exe="/nix/store/d1h33vvfagj7bhg0b8dw3p5nifghb01q-systemd-252.5/lib/systemd/systemd" hostname=? addr=? terminal=? res=success'
machine # [    9.485121] tun: Universal TUN/TAP device driver, 1.6
machine # [    9.491327] systemd[1]: Finished Load Kernel Module drm.
machine # [    9.494312] audit: type=1130 audit(1678278839.061:6): pid=1 uid=0 auid=4294967295 ses=4294967295 subj=kernel msg='unit=modprobe@drm comm="systemd" exe="/nix/store/d1h33vvfagj7bhg0b8dw3p5nifghb01q-systemd-252.5/lib/systemd/systemd" hostname=? addr=? terminal=? res=success'
machine # [    9.495603] systemd[1]: modprobe@fuse.service: Deactivated successfully.
machine # [    9.504420] audit: type=1131 audit(1678278839.061:7): pid=1 uid=0 auid=4294967295 ses=4294967295 subj=kernel msg='unit=modprobe@drm comm="systemd" exe="/nix/store/d1h33vvfagj7bhg0b8dw3p5nifghb01q-systemd-252.5/lib/systemd/systemd" hostname=? addr=? terminal=? res=success'
machine # [    9.529328] systemd[1]: Finished Load Kernel Module fuse.
machine # [    9.532230] audit: type=1130 audit(1678278839.099:8): pid=1 uid=0 auid=4294967295 ses=4294967295 subj=kernel msg='unit=modprobe@fuse comm="systemd" exe="/nix/store/d1h33vvfagj7bhg0b8dw3p5nifghb01q-systemd-252.5/lib/systemd/systemd" hostname=? addr=? terminal=? res=success'
machine # [    8.886670] s[    9.533357] systemd[1]: Started Journal Service.
machine # ystemd-modules-load[590]: Insert[    9.542422] audit: type=1131 audit(1678278839.099:9): pid=1 uid=0 auid=4294967295 ses=4294967295 subj=kernel msg='unit=modprobe@fuse comm="systemd" exe="/nix/store/d1h33vvfagj7bhg0b8dw3p5nifghb01q-systemd-252.5/lib/systemd/systemd" hostname=? addr=? terminal=? res=success'
machine # ed module 'bridg[    9.553680] spl: loading out-of-tree module taints kernel.
machine # e'
machine # [    9.557363] audit: type=1130 audit(1678278839.112:10): pid=1 uid=0 auid=4294967295 ses=4294967295 subj=kernel msg='unit=systemd-journald comm="systemd" exe="/nix/store/d1h33vvfagj7bhg0b8dw3p5nifghb01q-systemd-252.5/lib/systemd/systemd" hostname=? addr=? terminal=? res=success'
machine # [    8.932222] systemd-modules-load[590]: Inserted module 'macvlan'
machine # [    8.937327] systemd-modules-load[590]: Inserted module 'tap'
machine # [    8.942361] systemd-modules-load[590]: Inserted module 'tun'
machine # [    9.593490] znvpair: module license 'CDDL' taints kernel.
machine # [    9.596338] Disabling lock debugging due to kernel taint
machine # [    9.603554] audit: type=1130 audit(1678278839.170:11): pid=1 uid=0 auid=4294967295 ses=4294967295 subj=kernel msg='unit=systemd-remount-fs comm="systemd" exe="/nix/store/d1h33vvfagj7bhg0b8dw3p5nifghb01q-systemd-252.5/lib/systemd/systemd" hostname=? addr=? terminal=? res=success'
machine # [    8.960503] systemd[1]: Finished Remount Root and Kernel File Systems.
machine # [    8.985376] systemd[1]: Finished Coldplug All udev Devices.
machine # [    9.017199] systemd[1]: Mounting FUSE Control File System...
machine # [    9.024612] systemd[1]: Mounting Kernel Configuration File System...
machine # [    9.032540] systemd[1]: Starting Flush Journal to Persistent Storage...
machine # [    9.038620] systemd[1]: Starting Load/Save Random Seed...
machine # [    9.045105] systemd[1]: Starting Create Static Device Nodes in /dev...
machine # [    9.051134] systemd[1]: Mounted FUSE Control File System.
machine # [    9.056267] systemd[1]: Mounted Kernel Configuration File System.
machine # [    9.718112] systemd-journald[589]: Received client request to flush runtime journal.
machine # [    9.203870] systemd[1]: Finished Load/Save Random Seed.
machine # [    9.209390] systemd[1]: Finished Create Static Device Nodes in /dev.
machine # [    9.213654] systemd[1]: Reached target Preparation for Local File Systems.
machine # [    9.218308] systemd[1]: Starting Rule-based Manager for Device Events and Files...
machine # [    9.232671] systemd[1]: Finished Flush Journal to Persistent Storage.
machine # [    9.238974] systemd-udevd[613]: Using default interface naming scheme 'v252'.
machine # [    9.359931] systemd[1]: Started Rule-based Manager for Device Events and Files.
machine # [    9.420443] systemd[1]: Found device /dev/ttyS0.
machine # [    9.424500] systemd[1]: Found device /dev/hvc0.
machine # [    9.435092] systemd-udevd[619]: Network interface NamePolicy= disabled on kernel command line.
machine # [    9.465246] systemd-udevd[624]: event_source: Failed to get device name: No such file or directory
machine # [   10.140745] mousedev: PS/2 mouse device common for all mice
machine # [   10.149726] input: Power Button as /devices/LNXSYSTM:00/LNXPWRBN:00/input/input3
machine # [   10.154477] ACPI: button: Power Button [PWRF]
machine # [   10.212916] Floppy drive(s): fd0 is 2.88M AMI BIOS
machine # [   10.225177] parport_pc 00:03: reported by Plug and Play ACPI
machine # [   10.231182] parport0: PC-style at 0x378, irq 7 [PCSPP(,...)]
machine # [   10.232262] FDC 0 is a S82078B
machine # [   10.240222] piix4_smbus 0000:00:01.3: SMBus Host Controller at 0x700, revision 0
machine # [   10.240312] Linux agpgart interface v0.103
machine # [   10.255160] ZFS: Loaded module v2.1.9-1, ZFS pool version 5000, ZFS filesystem version 5
machine # [    9.622954] systemd-modules-load[590]: Inserted module 'zfs'
machine # [   10.273084] input: VirtualPS/2 VMware VMMouse as /devices/platform/i8042/serio1/input/input6
machine # [   10.276428] input: QEMU Virtio Keyboard as /devices/pci0000:00/0000:00:0a.0/virtio7/input/input5
machine # [   10.279019] input: VirtualPS/2 VMware VMMouse as /devices/platform/i8042/serio1/input/input4
machine # [   10.296755] loop: module loaded
machine # [    9.658659] systemd-modules-load[590]: Inserted module 'loop'
machine # [   10.317576] RAPL PMU: API unit is 2^-32 Joules, 0 fixed counters, 10737418240 ms ovfl timer
machine # [    9.683529] systemd[1]: Finished Load Kernel Modules.
machine # [   10.334546] cryptd: max_cpu_qlen set to 1000
machine # [    9.697503] systemd[1]: Starting Firewall...
machine # [    9.703444] systemd[1]: Starting Apply Kernel Variables...
machine # [    9.710123] systemd[1]: Starting Mount ZFS filesystems...
machine # [   10.370467] AVX2 version of gcm_enc/dec engaged.
machine # [   10.375632] AES CTR mode by8 optimization enabled
machine # [   10.376176] bochs-drm 0000:00:02.0: vgaarb: deactivate vga console
machine # [   10.418257] Console: switching to colour dummy device 80x25
machine # [   10.422087] [drm] Found bochs VGA, ID 0xb0c5.
machine # [   10.425227] [drm] Framebuffer size 16384 kB @ 0xfd000000, mmio @ 0xfebd0000.
machine # [    9.797530] systemd[1]: Finished Mount ZFS filesystems.[   10.444379] [drm] Found EDID data blob.
machine # 
machine # [   10.446464] [drm] Initialized bochs-drm 1.0.0 20130925 for 0000:00:02.0 on minor 0
machine # [   10.451586] fbcon: bochs-drmdrmfb (fb0) is primary device
machine # [   10.471041] Console: switching to colour frame buffer device 160x50
machine # [   10.479605] bochs-drm 0000:00:02.0: [drm] fb0: bochs-drmdrmfb frame buffer device
machine # [    9.812959] systemd[1]: Reached target Local File Systems.
machine # [    9.848485] systemd[1]: Starting Create Volatile Files and Directories...
machine # [    9.855208] systemd[1]: Finished Apply Kernel Variables.
machine # [    9.892073] systemd[1]: Finished Create Volatile Files and Directories.
machine # [    9.910594] systemd[1]: Starting Rebuild Journal Catalog...
machine # [    9.918354] systemd[1]: Starting Userspace Out-Of-Memory (OOM) Killer...
machine # [    9.948158] systemd[1]: Starting Record System Boot/Shutdown in UTMP...
machine # [   10.132870] systemd-oomd[705]: Swap is currently not detected; memory pressure usage will be degraded
machine # [   10.170400] systemd[1]: Finished Rebuild Journal Catalog.
machine # [   10.175941] systemd[1]: Started Userspace Out-Of-Memory (OOM) Killer.
machine # [   10.308992] systemd[1]: Starting Update is Completed...
machine # [   10.958406] ppdev: user-space parallel port driver
machine # [   10.317047] systemd[1]: Finished Record System Boot/Shutdown in UTMP.
machine # [   10.434284] systemd[1]: Finished Update is Completed.
machine # [   11.525004] Key type encrypted registered
machine # [   11.552385] EDAC MC: Ver: 3.0.0
machine # [   10.945108] f4xrzmq3i4d8ywd9vz5c0kafbb83b1jq-mount-pstore.sh[596]: Persistent Storage backend was not registered in time.
machine # [   10.961519] systemd[1]: Finished mount-pstore.service.
machine # [   10.966504] systemd[1]: Platform Persistent Storage Archival was skipped because of an unmet condition check (ConditionDirectoryNotEmpty=/sys/fs/pstore).
machine # [   10.978489] systemd[1]: Reached target System Initialization.
machine # [   10.983633] systemd[1]: Started logrotate.timer.
machine # [   10.988455] systemd[1]: Started Daily Cleanup of Temporary Directories.
machine # [   10.994148] systemd[1]: Started zpool-trim.timer.
machine # [   11.003352] systemd[1]: Reached target Timer Units.
machine # [   11.020508] systemd[1]: Listening on D-Bus System Message Bus Socket.
machine # connecting to host...
machine # [   11.043212] dhcpcd[791]: dhcpcd-9.4.1 starting
machine # [   11.054594] systemd[1]: Listening on Nix Daemon Socket.
machine # [   11.061021] j72arpq1dfn7q59irzji3xwljjdiq8vs-audit-disable[796]: No rules
machine # [   11.070468] dhcpcd[803]: dev: loaded udev
machine # [   11.076242] systemd[1]: Reached target Socket Units.
machine # [   11.084284] systemd[1]: Reached target Basic System.
machine # [   11.733651] 8021q: 802.1Q VLAN Support v1.8
machine # [   11.091184] logrotate[792]: warning: logrotate in debug mode does nothing except printing debug messages!  Consider using verbose mode (-v) instead if this is not what you want.
machine # [   11.106404] logrotate[792]: reading config file /nix/store/ysgfy4413nrn23ddins98pcrk81bmzsy-logrotate.conf
machine # [   11.116626] logrotate[792]: note: 'monthly' overrides previously specified 'weekly'
machine: connected to guest root shell
machine: (connecting took 12.54 seconds)
(finished: waiting for the VM to finish booting, in 12.56 seconds)
machine # [   11.124442] logrotate[792]: Reading state from file: /var/lib/logrotate.status
machine # [   11.130408] logrotate[792]: state file /var/lib/logrotate.status does not exist
machine # [   11.137285] logrotate[792]: Allocating hash table for state file, size 64 entries
machine # [   11.143962] logrotate[792]: Handling 2 logs
machine # [   11.148885] logrotate[792]: rotating pattern: "/var/log/btmp"  monthly (1 rotations)
machine # [   11.156190] logrotate[792]: empty log files are not rotated, only log files >= 1048576 bytes are rotated, old logs are removed
machine # sh: cannot set terminal process group (-1): Inappropriate ioctl for device
machine # sh: no job control in this shell
machine # [   11.170987] logrotate[792]: considering log /var/log/btmp
machine # [   11.177026] logrotate[792]: Creating new state
machine # [   11.182389] logrotate[792]:   Now: 2023-03-08 12:34
machine # [   11.187682] logrotate[792]:   Last rotated at 2023-03-08 12:00
machine # [   11.194046] logrotate[792]:   log does not need rotating (log has already been rotated)
machine # [   11.201427] logrotate[792]: rotating pattern: "/var/log/wtmp"  monthly (1 rotations)
machine # [   11.209312] logrotate[792]: empty log files are not rotated, only log files >= 1048576 bytes are rotated, old logs are removed
machine # [   11.219599] logrotate[792]: considering log /var/log/wtmp
machine # [   11.224193] logrotate[792]: Creating new state
machine # [   11.228471] logrotate[792]:   Now: 2023-03-08 12:34
(finished: must succeed: echo hello, in 12.65 seconds)
(finished: subtest: Assert readiness of login prompt, in 12.65 seconds)
subtest: Wait for hard disks to appear in /dev
machine: must succeed: udevadm settle
machine # [   11.232635] logrotate[792]:   Last rotated at 2023-03-08 12:00
machine # [   11.238233] logrotate[792]:   log does not need rotating (log has already been rotated)
machine # [   11.246308] systemd[1]: Starting Kernel Auditing...
machine # [   11.252444] systemd[1]: Started backdoor.service.
machine # [   11.257638] nsncd[793]: Mar 08 12:34:01.319 INFO started, handoff_timeout: 3s, worker_count: 8, path: "/var/run/nscd/socket"
machine # [   11.267126] systemd[1]: Starting DHCP Client...
machine # [   11.271270] systemd[1]: Starting Logrotate configuration check...
machine # [   11.274240] systemd[1]: Starting Name Service Cache Daemon (nsncd)...
machine # [   11.275512] zed[802]: ZFS Event Daemon 2.1.9-1 (PID 802)
machine # [   11.280636] zed[802]: Processing events since eid=0
machine # [   11.284602] systemd[1]: Started Reset console on configuration changes.
machine # [   11.287429] dbus-daemon[819]: dbus[819]: Unknown username "systemd-timesync" in message bus configuration file
machine # [   11.293599] systemd[1]: Starting resolvconf update...
machine # [   11.297445] systemd[1]: Starting ZFS file system shares...
machine # [   11.298958] systemd[1]: Started ZFS Event Daemon (zed).
machine # [   11.304437] systemd[1]: Finished Logrotate configuration check.
machine # [   11.308282] systemd[1]: Finished Kernel Auditing.
machine # [   11.309994] systemd[1]: Finished ZFS file system shares.
machine # [   11.312566] systemd[1]: Reached target ZFS startup target.
machine # [   11.315671] systemd[1]: Starting D-Bus System Message Bus...
machine # [   11.321337] systemd[1]: Started Name Service Cache Daemon (nsncd).
machine # [   11.323288] systemd[1]: Reached target Host and Network Name Lookups.
machine # [   11.326380] systemd[1]: Reached target User and Group Name Lookups.
machine # [   11.331335] systemd[1]: Starting User Login Management...
machine # [   11.332940] systemd[1]: Listening on Load/Save RF Kill Switch Status /dev/rfkill Watch.
machine # [   11.338487] systemd[1]: Stopped target Host and Network Name Lookups.
machine # [   11.340133] systemd[1]: Stopping Host and Network Name Lookups...
machine # [   11.345147] systemd[1]: Stopped target User and Group Name Lookups.
machine # [   11.346459] systemd[1]: Stopping User and Group Name Lookups...
machine # [   11.351499] systemd[1]: Stopping Name Service Cache Daemon (nsncd)...
machine # [   11.353212] systemd-logind[839]: New seat seat0.
machine # [   11.358689] systemd[1]: nscd.service: Deactivated successfully.
machine # [   11.359995] systemd-logind[839]: Watching system buttons on /dev/input/event2 (Power Button)
machine # [   11.365337] systemd-logind[839]: Watching system buttons on /dev/input/event4 (QEMU Virtio Keyboard)
machine # [   11.367387] systemd-logind[839]: Watching system buttons on /dev/input/event0 (AT Translated Set 2 keyboard)
machine # [   11.587621] systemd[1]: Stopped Name Service Cache Daemon (nsncd).
machine # [   11.591054] systemd[1]: Started D-Bus System Message Bus.
machine # [   12.322419] cfg80211: Loading compiled-in X.509 certificates for regulatory database
machine # [   11.687626] systemd[1]: Finished resolvconf update.
machine # [   11.692255] dbus-daemon[819]: [system] Successfully activated service 'org.freedesktop.systemd1'
machine # [   11.706477] systemd[1]: Starting Name Service Cache Daemon (nsncd)...
machine # [   11.710517] systemd[1]: Started User Login Management.
machine # [   12.379007] cfg80211: Loaded X.509 cert 'sforshee: 00b28ddf47aef9cea7'
machine # [   11.746343] nsncd[886]: Mar 08 12:34:01.957 INFO started, handoff_timeout: 3s, worker_count: 8, path: "/var/run/nscd/socket"
machine # [   11.747888] systemd[1]: Started Name Service Cache Daemon (nsncd).
machine # [   11.748484] systemd[1]: Reached target Host and Network Name Lookups.
machine # [   11.750237] systemd[1]: Reached target User and Group Name Lookups.
machine # [   12.496260] 8021q: adding VLAN 0 to HW filter on device eth0
machine # [   11.855662] dhcpcd[803]: eth0: waiting for carrier
machine # [   11.857195] dhcpcd[803]: eth0: carrier acquired
machine # [   11.877158] dhcpcd[803]: DUID 00:01:00:01:2b:9b:3d:3a:52:54:00:12:34:56
machine # [   11.878122] dhcpcd[803]: eth0: IAID 00:12:34:56
machine # [   11.879224] dhcpcd[803]: eth0: adding address fe80::5054:ff:fe12:3456
machine # [   12.243369] systemd[1]: Finished Firewall.
machine # [   12.244921] systemd[1]: Reached target Preparation for Network.
machine # [   12.245587] systemd[1]: Reached target All Network Interfaces (deprecated).
machine # [   12.266322] systemd[1]: Starting Networking Setup...
machine # [   12.461659] systemd[1]: Finished Networking Setup.
machine # [   12.480556] systemd[1]: Starting Extra networking commands....
machine # [   12.509051] systemd[1]: Finished Extra networking commands..
machine # [   12.510484] systemd[1]: Reached target Network.
machine # [   12.532940] systemd[1]: Starting SSH Daemon...
machine # [   12.536016] systemd[1]: Starting Permit User Sessions...
machine # [   12.540141] dhcpcd[803]: eth0: soliciting an IPv6 router
machine # [   12.599217] systemd[1]: Finished Permit User Sessions.
machine # [   12.624583] systemd[1]: Started Getty on tty1.
machine # [   12.625448] systemd[1]: Reached target Login Prompts.
(finished: must succeed: udevadm settle, in 1.63 seconds)
(finished: subtest: Wait for hard disks to appear in /dev, in 1.63 seconds)
machine: must succeed: flock /dev/vda parted --script /dev/vda -- mklabel gpt mkpart ESP fat32 1M 100MiB set 1 boot on mkpart primary ext2 1024MiB -1MiB
machine # [   13.013995] sshd-pre-start[990]: Generating public/private rsa key pair.
machine # [   13.014970] sshd-pre-start[990]: Your identification has been saved in /etc/ssh/ssh_host_rsa_key
machine # [   13.015954] sshd-pre-start[990]: Your public key has been saved in /etc/ssh/ssh_host_rsa_key.pub
machine # [   13.017220] sshd-pre-start[990]: The key fingerprint is:
machine # [   13.017922] sshd-pre-start[990]: SHA256:37KJQq/DiQRRfDB5Ay9FmWP07FuECSEVZgKB2NIOdac root@machine
machine # [   13.018440] sshd-pre-start[990]: The key's randomart image is:
machine # [   13.020275] sshd-pre-start[990]: +---[RSA 4096]----+
machine # [   13.022952] sshd-pre-start[990]: |.=+=OB%=         |
machine # [   13.023486] sshd-pre-start[990]: |= +.o@O+ o       |
machine # [   13.026047] sshd-pre-start[990]: | + .E+.o= .      |
machine # [   13.026620] sshd-pre-start[990]: |  o  . . .       |
machine # [   13.028853] sshd-pre-start[990]: |   .    S .      |
machine # [   13.029584] sshd-pre-start[990]: |    . .  + .     |
machine # [   13.031034] sshd-pre-start[990]: |   . + o. o .    |
machine # [   13.032157] sshd-pre-start[990]: |    . = .. +     |
machine # [   13.033920] sshd-pre-start[990]: |      .+. o      |
machine # [   13.034471] sshd-pre-start[990]: +----[SHA256]-----+
(finished: must succeed: flock /dev/vda parted --script /dev/vda -- mklabel gpt mkpart ESP fat32 1M 100MiB set 1 boot on mkpart primary ext2 1024MiB -1MiB, in 0.20 seconds)
machine: must succeed: udevadm settle
machine # [   13.069430] sshd-pre-start[1000]: Generating public/private ed25519 key pair.
machine # [   13.070260] sshd-pre-start[1000]: Your identification has been saved in /etc/ssh/ssh_host_ed25519_key
machine # [   13.072231] sshd-pre-start[1000]: Your public key has been saved in /etc/ssh/ssh_host_ed25519_key.pub
machine # [   13.072632] sshd-pre-start[1000]: The key fingerprint is:
machine # [   13.075063] sshd-pre-start[1000]: SHA256:4ZSKp4NAR5gXAGGP/Q4jKUzWSQoNOkhyB9CRXuq4mkw root@machine
machine # [   13.075535] sshd-pre-start[1000]: The key's randomart image is:
machine # [   13.077257] sshd-pre-start[1000]: +--[ED25519 256]--+
machine # [   13.077678] sshd-pre-start[1000]: |OXBBo            |
machine # [   13.078388] sshd-pre-start[1000]: |B+%oo    .       |
machine # [   13.080038] sshd-pre-start[1000]: |+B.O    +        |
machine # [   13.080541] sshd-pre-start[1000]: |=.= .. + .       |
machine # [   13.082244] sshd-pre-start[1000]: |o* o..o S        |
machine # [   13.082616] sshd-pre-start[1000]: |o.o.+o           |
machine # [   13.085231] sshd-pre-start[1000]: | E. o.           |
machine # [   13.087460] sshd-pre-start[1000]: |+.   .           |
machine # [   13.088183] sshd-pre-start[1000]: |+.               |
machine # [   13.088629] sshd-pre-start[1000]: +----[SHA256]-----+
machine # [   13.132405] systemd[1]: Started SSH Daemon.
machine # [   13.784566]  vda: vda1 vda2
machine # [   13.176222] sshd[1003]: Server listening on 0.0.0.0 port 22.
machine # [   13.177362] sshd[1003]: Server listening on :: port 22.
(finished: must succeed: udevadm settle, in 0.18 seconds)
machine: must succeed: modprobe dm_mod dm_crypt
machine # [   13.296171] dhcpcd[803]: eth0: soliciting a DHCP lease
(finished: must succeed: modprobe dm_mod dm_crypt, in 0.06 seconds)
machine: must succeed: dd if=/dev/random of=luks.key bs=256 count=1
machine # [   13.319110] dhcpcd[803]: eth0: Router Advertisement from fe80::2
machine # [   13.320399] dhcpcd[803]: eth0: adding address fec0::5054:ff:fe12:3456/64
machine # [   13.322478] dhcpcd[803]: eth0: adding route to fec0::/64
machine # [   13.324637] dhcpcd[803]: eth0: adding default route via fe80::2
machine # [   13.983429] NET: Registered PF_PACKET protocol family
machine # [   13.358576] dhcpcd[803]: eth0: offered 10.0.2.15 from 10.0.2.2
machine # [   13.360039] dhcpcd[803]: eth0: leased 10.0.2.15 for 86400 seconds
machine # [   13.361093] dhcpcd[803]: eth0: adding route to 10.0.2.0/24
machine # [   13.362472] dhcpcd[803]: eth0: adding default route via 10.0.2.2
machine # 1+0 records in
machine # 1+0 records out
(finished: must succeed: dd if=/dev/random of=luks.key bs=256 count=1, in 0.06 seconds)
machine: must succeed: echo -n supersecret | cryptsetup luksFormat -q --pbkdf-force-iterations 1000 --type luks1 /dev/vda2 -
machine # 256 bytes copied, 0.00677293 s, 37.8 kB/s
machine # [   13.538186] systemd[1]: Stopped target Host and Network Name Lookups.
machine # [   13.539404] systemd[1]: Stopping Host and Network Name Lookups...
machine # [   13.542671] systemd[1]: Stopped target User and Group Name Lookups.
machine # [   13.544202] systemd[1]: Stopping User and Group Name Lookups...
machine # [   13.545614] systemd[1]: Stopping Name Service Cache Daemon (nsncd)...
machine # [   13.560999] systemd[1]: nscd.service: Deactivated successfully.
machine # [   13.577134] systemd[1]: Stopped Name Service Cache Daemon (nsncd).
machine # [   13.602345] systemd[1]: Starting Name Service Cache Daemon (nsncd)...
machine # [   13.631969] dhcpcd[791]: Failed to reload-or-try-restart ntpd.service: Unit ntpd.service not found.
machine # [   13.632638] dhcpcd[791]: Failed to reload-or-try-restart openntpd.service: Unit openntpd.service not found.
machine # [   13.638014] nsncd[1075]: Mar 08 12:34:03.848 INFO started, handoff_timeout: 3s, worker_count: 8, path: "/var/run/nscd/socket"
machine # [   13.648126] systemd[1]: Started Name Service Cache Daemon (nsncd).
machine # [   13.653138] dhcpcd[791]: Failed to reload-or-try-restart chronyd.service: Unit chronyd.service not found.
machine # [   13.659991] systemd[1]: Reached target Host and Network Name Lookups.
machine # [   13.661024] systemd[1]: Reached target User and Group Name Lookups.
machine # [   13.662533] systemd[1]: Started DHCP Client.
machine # [   13.665172] systemd[1]: Reached target Network is Online.
machine # [   13.667212] systemd[1]: Reached target Multi-User System.
machine # [   13.670531] systemd[1]: Startup finished in 6.800s (kernel) + 6.864s (userspace) = 13.665s.
machine # [   13.798600] login[991]: pam_unix(login:session): session opened for user nixos(uid=1000) by LOGIN(uid=0)
(finished: must succeed: echo -n supersecret | cryptsetup luksFormat -q --pbkdf-force-iterations 1000 --type luks1 /dev/vda2 -, in 0.44 seconds)
machine: must succeed: echo -n supersecret | cryptsetup luksAddKey -q --pbkdf-force-iterations 1000 --key-file - /dev/vda2 luks.key
machine # [   13.876951] systemd[1]: Created slice Slice /user/1000.
machine # [   13.879462] systemd[1]: Starting User Runtime Directory /run/user/1000...
machine # [   13.889279] systemd-logind[839]: New session 1 of user nixos.
(finished: must succeed: echo -n supersecret | cryptsetup luksAddKey -q --pbkdf-force-iterations 1000 --key-file - /dev/vda2 luks.key, in 0.11 seconds)
machine: must succeed: echo -n supersecret | cryptsetup luksOpen --key-file - /dev/vda2 crypt
machine # [   13.959968] systemd[1]: Finished User Runtime Directory /run/user/1000.
machine # [   13.991272] systemd[1]: Starting User Manager for UID 1000...
machine # [   14.026894] systemd[1102]: pam_unix(systemd-user:session): session opened for user nixos(uid=1000) by (uid=0)
(finished: must succeed: echo -n supersecret | cryptsetup luksOpen --key-file - /dev/vda2 crypt, in 0.24 seconds)
machine: must succeed: pvcreate /dev/mapper/crypt
(finished: must succeed: pvcreate /dev/mapper/crypt, in 0.17 seconds)
machine: must succeed: vgcreate crypt /dev/mapper/crypt
(finished: must succeed: vgcreate crypt /dev/mapper/crypt, in 0.13 seconds)
machine: must succeed: lvcreate -L 100M -n swap crypt
machine # [   14.465426] systemd[1102]: Queued start job for default target Main User Target.
machine # [   14.479219] systemd[1102]: Created slice User Application Slice.
machine # [   14.482578] systemd[1102]: Reached target Paths.
machine # [   14.484475] systemd[1102]: Reached target Timers.
machine # [   14.487397] systemd[1102]: Starting D-Bus User Message Bus Socket...
machine # [   14.545109] systemd[1102]: Listening on D-Bus User Message Bus Socket.
machine # [   14.547148] systemd[1102]: Reached target Sockets.
machine # [   14.548233] systemd[1102]: Reached target Basic System.
machine # [   14.551688] systemd[1]: Started User Manager for UID 1000.
machine # [   14.565918] systemd[1102]: Starting Run user-specific NixOS activation...
machine # [   14.567232] systemd[1]: Started Session 1 of User nixos.
machine # [   14.582380] systemd[1102]: Finished Run user-specific NixOS activation.
machine # [   14.584386] systemd[1102]: Reached target Main User Target.
machine # [   14.585285] systemd[1102]: Startup finished in 504ms.
(finished: must succeed: lvcreate -L 100M -n swap crypt, in 0.22 seconds)
machine: must succeed: lvcreate -l '100%FREE' -n nixos crypt
(finished: must succeed: lvcreate -l '100%FREE' -n nixos crypt, in 0.19 seconds)
machine: must succeed: mkfs.vfat -n efi /dev/vda1
machine # mkfs.fat: Warning: lowercase labels might not work properly on some systems
(finished: must succeed: mkfs.vfat -n efi /dev/vda1, in 0.08 seconds)
machine: must succeed: mkfs.ext4 -L nixos /dev/crypt/nixos
machine # mke2fs 1.46.5 (30-Dec-2021)
(finished: must succeed: mkfs.ext4 -L nixos /dev/crypt/nixos, in 0.33 seconds)
machine: must succeed: mkswap -L swap /dev/crypt/swap
(finished: must succeed: mkswap -L swap /dev/crypt/swap, in 0.08 seconds)
machine: must succeed: mount LABEL=nixos /mnt
machine # [   16.061015] EXT4-fs (dm-2): mounted filesystem with ordered data mode. Quota mode: none.
(finished: must succeed: mount LABEL=nixos /mnt, in 0.08 seconds)
machine: must succeed: mkdir -p /mnt/{etc/nixos,boot/efi}
(finished: must succeed: mkdir -p /mnt/{etc/nixos,boot/efi}, in 0.05 seconds)
machine: must succeed: mount LABEL=efi /mnt/boot/efi
(finished: must succeed: mount LABEL=efi /mnt/boot/efi, in 0.15 seconds)
machine: must succeed: swapon -L swap
machine # [   16.315942] Adding 102396k swap on /dev/mapper/crypt-swap.  Priority:-2 extents:1 across:102396k FS
(finished: must succeed: swapon -L swap, in 0.05 seconds)
machine: must succeed: mv luks.key /mnt/etc/nixos/
(finished: must succeed: mv luks.key /mnt/etc/nixos/, in 0.05 seconds)
subtest: Create the NixOS configuration
machine: must succeed: nixos-generate-config --root /mnt
machine # writing /mnt/etc/nixos/hardware-configuration.nix...
machine # writing /mnt/etc/nixos/configuration.nix...
machine # For more hardware-specific settings, see https://github.com/NixOS/nixos-hardware.
(finished: must succeed: nixos-generate-config --root /mnt, in 0.66 seconds)
machine: must succeed: cat /mnt/etc/nixos/hardware-configuration.nix >&2
machine # # Do not modify this file!  It was generated by nixos-generate-config
machine # # and may be overwritten by future invocations.  Please make changes
(finished: must succeed: cat /mnt/etc/nixos/hardware-configuration.nix >&2, in 0.05 seconds)
machine: must succeed: mkdir -p /tmp/shared/tmplt0q6d88
machine # # to /etc/nixos/configuration.nix instead.
machine # { config, lib, pkgs, modulesPath, ... }:
machine # 
machine # {
machine #   imports =
machine #     [ (modulesPath + "/profiles/qemu-guest.nix")
machine #     ];
machine # 
machine #   boot.initrd.availableKernelModules = [ "ata_piix" "uhci_hcd" "virtio_pci" "floppy" "sr_mod" "virtio_blk" ];
machine #   boot.initrd.kernelModules = [ "dm-snapshot" ];
machine #   boot.kernelModules = [ "kvm-intel" ];
machine #   boot.extraModulePackages = [ ];
machine # 
machine #   fileSystems."/" =
machine #     { device = "/dev/disk/by-uuid/029eb852-9f10-4af9-812b-c741954aaf8d";
machine #       fsType = "ext4";
machine #     };
machine # 
machine #   fileSystems."/boot/efi" =
machine #     { device = "/dev/disk/by-uuid/0BD1-B19B";
machine #       fsType = "vfat";
machine #     };
machine # 
machine #   swapDevices =
machine #     [ { device = "/dev/disk/by-uuid/3cc01ad7-ddb4-464a-8b2b-b3151ac94335"; }
machine #     ];
machine # 
machine #   # Enables DHCP on each ethernet and wireless interface. In case of scripted networking
machine #   # (the default) this is the recommended approach. When using systemd-networkd it's
machine #   # still possible to use this option, but it's recommended to use it in conjunction
machine #   # with explicit per-interface declarations with `networking.interfaces.<interface>.useDHCP`.
machine #   networking.useDHCP = lib.mkDefault true;
machine #   # networking.interfaces.eth0.useDHCP = lib.mkDefault true;
machine # 
machine #   nixpkgs.hostPlatform = lib.mkDefault "x86_64-linux";
machine #   hardware.cpu.intel.updateMicrocode = lib.mkDefault config.hardware.enableRedistributableFirmware;
machine # }
(finished: must succeed: mkdir -p /tmp/shared/tmplt0q6d88, in 0.08 seconds)
machine: must succeed: mkdir -p /mnt/etc/nixos
(finished: must succeed: mkdir -p /mnt/etc/nixos, in 0.05 seconds)
machine: must succeed: cp -r /tmp/shared/tmplt0q6d88/dgmcqgc10d9bn2m436n3pgcpm162snpw-configuration.nix /mnt/etc/nixos/configuration.nix
(finished: must succeed: cp -r /tmp/shared/tmplt0q6d88/dgmcqgc10d9bn2m436n3pgcpm162snpw-configuration.nix /mnt/etc/nixos/configuration.nix, in 0.05 seconds)
machine: must succeed: mkdir -p /tmp/shared/tmpvl342p9j
(finished: must succeed: mkdir -p /tmp/shared/tmpvl342p9j, in 0.05 seconds)
machine: must succeed: mkdir -p /mnt/etc/nixos
(finished: must succeed: mkdir -p /mnt/etc/nixos, in 0.05 seconds)
machine: must succeed: cp -r /tmp/shared/tmpvl342p9j/kfx27q2scxy6aqrg0z7jsqz13bv22x27-secret /mnt/etc/nixos/secret
(finished: must succeed: cp -r /tmp/shared/tmpvl342p9j/kfx27q2scxy6aqrg0z7jsqz13bv22x27-secret /mnt/etc/nixos/secret, in 0.05 seconds)
(finished: subtest: Create the NixOS configuration, in 1.02 seconds)
subtest: Perform the installation
machine: must succeed: nixos-install < /dev/null >&2
machine # copying channel...
machine # building the configuration in /mnt/etc/nixos/configuration.nix...
machine # these 228 derivations will be built:
machine #   /nix/store/01azjqnkv7yyrg282wdl65lngf855vbz-audit-disable.drv
machine #   /nix/store/w6fqwsi0by5ajj93m56nj7h3rq887n2m-unit-script-network-local-commands-start.drv
machine #   /nix/store/02kdz66wk077xz9hhq35m4vix7ga3yfm-unit-network-local-commands.service.drv
machine #   /nix/store/cqpk8wj5b6bkfzgp71w3w8ra428q3inq-mount-pstore.sh.drv
machine #   /nix/store/07j4zyfljazak1jcikwl1qh6xk78bq4f-unit-mount-pstore.service.drv
machine #   /nix/store/09m9hpvj9wz0sccy3z6pcb7r6jr4yr50-vlock.pam.drv
machine #   /nix/store/2vh2wgg28jk8j69jkbc4cnhlp7i2b1ph-builder.pl.drv
machine #   /nix/store/7043vvxwq7gg962pmrzr0yxx93z01zw8-die-hook.drv
machine #   /nix/store/q5ynfl04kpa2hj470a7has6932cyhy8c-make-shell-wrapper-hook.drv
machine #   /nix/store/rkvlw69wqbf1j748l76ck96zqpri02qy-perl-5.36.0-env.drv
machine #   /nix/store/5b3yyj3kjjqc9f0hlqmqnwy5agd3r366-command-not-found.drv
machine #   /nix/store/7c22k6lq520h6w1lhgc17hhpy01ki35z-nixos-rebuild.drv
machine #   /nix/store/1p6y3swzp8b0cxlq8sj6a9pc8vbbsh1m-perl-5.36.0-env.drv
machine #   /nix/store/ahp4q76nm2zf1nv86s85rncp24jwv73m-nixos-generate-config.drv
machine #   /nix/store/arwl9cswf7x65il3m9lgv8g4xnsxsixs-nixos-enter.drv
machine #   /nix/store/b0nzimqaan68ql685s24dhbcfbb713qm-getconf-glibc-2.35-224.drv
machine #   /nix/store/dy6l8fmx164ps3nz3xlhwvx6qa118yqi-nixos-build-vms.drv
machine #   /nix/store/h6cr5svyrkwd6jrz6jkl9k5xlh1lx5s8-nixos-container.drv
machine #   /nix/store/mn7m1yg25skmvc5h4ylxs8c4jhic6a6d-nixos-install.drv
machine #   /nix/store/nx9dkia8328rf31yb4piiw0p7k32gz91-nixos-version.drv
machine #   /nix/store/f2vq6nlyp9hnkhwjr51flr5rq0qccdb2-system-path.drv
machine #   /nix/store/fbl4d6gi3jcb8gjiwnyb4igjvv81rmr8-dbus-1.drv
machine #   /nix/store/10lz7xk6k5ydqi79rljcqx6avmkbm1m5-unit-dbus.service.drv
machine #   /nix/store/12l5cd0aywmapdcrpx7iizj74ia64hfn-other.pam.drv
machine #   /nix/store/133raxrib512vsznnqw3i8l3il7s0ca0-chfn.pam.drv
machine #   /nix/store/1bygfchgc9fwkhmwdxkyvf4yav1nnmdy-etc-logind.conf.drv
machine #   /nix/store/4l9b9bv6zdgjhi5cd4r3l1lbzvm83992-extra-hwdb-file.drv
machine #   /nix/store/b0fchk8yv6da2zqwn5b7q8i39xmap3vv-ipv6-privacy-extensions.rules.drv
machine #   /nix/store/cny9vqxh7i7cx92pcfjxmhcx5ymrs5zx-ipv6-privacy-extensions.rules.drv
machine #   /nix/store/rnf84p4l27da1rz7xz2cdbbf2aykvm6q-extra-udev-rules.drv
machine #   /nix/store/1cn3jx9977m8r4j1lha8ai6ir718kbll-hwdb.bin.drv
machine #   /nix/store/1hcw5179k1z9958difk7kw1ib57igm0y-locale.conf.drv
machine #   /nix/store/2qvzqpb2kp24y0qrs4wx5q3d2wi49bzq-extra-hosts.drv
machine #   /nix/store/7y5r99l0rpcmj3pnihfhnzgypxin1mls-localhost-hosts.drv
machine #   /nix/store/f31s46w2wscpbdmlgsarlrn5vh9qg4rf-string-hosts.drv
machine #   /nix/store/1jp6sm62ijhpdl88q41c65mmdqkw4p1c-hosts.drv
machine #   /nix/store/21rf5jl2ly29s216kmba6cy5k24m3mm0-systemd-default-tmpfiles.drv
machine #   /nix/store/cx73g2b8licbpkc7xswvc07v91q9fxwf-etc-journald.conf.drv
machine #   /nix/store/28f26zzvi9qlr4kgb357fw3lgjc0nj5f-unit-systemd-journald.service.drv
machine #   /nix/store/rvrkm2fysv2d7qanlb5dd7navgzgprgv-firmware.drv
machine #   /nix/store/28gs5pp763zb5212qs1lccywxa9a7m9r-etc-firmware.conf.drv
machine #   /nix/store/fas1z8xiv6v16qj5i73pbh3rz00mnzgl-unit-script-post-resume-start.drv
machine #   /nix/store/2am2zfjd8jhacqmd85rfwgrw9m07gbkq-unit-post-resume.service.drv
machine #   /nix/store/2d51dngi1bkr1vk2xqcbbn1iaklb2js0-etc-lsb-release.drv
machine #   /nix/store/lg54ia805pjw8y5f3bzjgbpkq38lvfii-etc-60-nixos.conf.drv
machine #   /nix/store/2hqv5cv9lzq802h7sh3b5jipy0qhby0r-unit-systemd-sysctl.service.drv
machine #   /nix/store/2i45izg52hlp0lypf2wgb8y18ryr1mwj-initrd-kmod-blacklist-ubuntu.drv
machine #   /nix/store/2iiaqy2pldh76l4psawwx1k12nm8nll5-client.conf.drv
machine #   /nix/store/347a8c44ms8pzhxshd48yskaa080n68n-cryptsetup-askpass.drv
machine #   /nix/store/3515wj4bl0wzq6pcvsza488c08054wj9-reload-container.drv
machine #   /nix/store/38pzimacgnxgxxss9ya1sfzwqx1hz3ka-unit-nscd.service.drv
machine #   /nix/store/ppw8c959nc40dilh2rdzhpqypmjbsdvn-udev-path.drv
machine #   /nix/store/3bsvm4g2wx7pvsnxkbfh9875fvw8ffmh-udev-rules.drv
machine #   /nix/store/3hk02pa22lpcfbnk5wsrwaz1a8lz2v5z-unit-run-initramfs.mount.drv
machine #   /nix/store/3ka0rdwjg8pg61mfvgsml43x9bb5px7k-dhcpcd.conf.drv
machine #   /nix/store/vls3wp5snqixkrhns1758a5siimbd2p5-unit-script-network-setup-start.drv
machine #   /nix/store/3km6vrhb5q7aid3h3rv9mk590bs0ry65-unit-network-setup.service.drv
machine #   /nix/store/3lwzrzmark7qwfqhng7rnmiwr7niax6f-etc-lvm.conf.drv
machine #   /nix/store/3n2pzmshjzpsq9pa0adbqa0x60r6m4js-unit-systemd-journal-flush.service.drv
machine #   /nix/store/njll11mhvzfbbd4a5nngc05gzxadym28-unit-script-pre-sleep-start.drv
machine #   /nix/store/3vg1q5sa5andq61sa2halyzzc4im6x68-unit-pre-sleep.service.drv
machine #   /nix/store/3wi8rzdjays9izrh0r4fy7427ncbypw8-unit-script-nix-gc-start.drv
machine #   /nix/store/jnpvssirfjlgg8iqgm9hx2vsx81xplhr-unit-script-nixos-activation-start.drv
machine #   /nix/store/6rvsymzav7d77aw4ri7lh56w4xax0mhw-unit-nixos-activation.service.drv
machine #   /nix/store/d84fd09683xmf549hirysbcm3wc6ljiz-unit-graphical-session.target.drv
machine #   /nix/store/gp1x6gzwrr06b14c67d6xf06sag2l99h-unit-dbus.socket.drv
machine #   /nix/store/px56isa7kzk670b10wziw3b44dvdgl31-unit-dbus.service.drv
machine #   /nix/store/wyzs7n53x23rmlkszwzdbs4p3hnxqvkc-unit-systemd-tmpfiles-setup.service.drv
machine #   /nix/store/3y1cdyn3rpjvr4ccx1gdcbq6pj7sra6h-user-units.drv
machine #   /nix/store/49mn6y3yi6gb1fh49wz47nv58ra5741n-append-initrd-secrets.drv
machine #   /nix/store/50g6ab9yvk8qxy4i271l70s9gd4sijbj-perl-5.36.0-env.drv
machine #   /nix/store/464w5d6dhxxv461srl2bjs1gh7qw6hmq-system-generators.drv
machine #   /nix/store/9f1q1mgbdxrak8rwvq77vkcnwhmyrnab-nixos-tmpfiles.d.drv
machine #   /nix/store/47lprrwx1mayv2frajmycqmxvvzz03vf-tmpfiles.d.drv
machine #   /nix/store/467xgd1snkyp717h2xqqvv1dn8pahv21-unit-systemd-journal-gatewayd.socket.drv
machine #   /nix/store/47hzbjj3bdnmvv5knskrhz1ljkwabvmx-unit-systemd-fsck-.service.drv
machine #   /nix/store/48sc1j9rrx88248d36ysh844wk6slvjz-unit-network-interfaces.target.drv
machine #   /nix/store/4i6skz3f0i7fkjvbckn0yypjai1gybnq-unit-systemd-logind.service.drv
machine #   /nix/store/xj3k8nfanfxg8achhmj60d8alw7q5s3g-audit-stop.drv
machine #   /nix/store/5nvq20b0s7v53kcdfylw2si8xr9r7b42-unit-audit.service.drv
machine #   /nix/store/62k8llr753x3nq72yn09mqzcwq8n0cgb-unit-serial-getty-.service.drv
machine #   /nix/store/m5m0a6l1bgyxj4i8lf09fgxw9bdz154h-logrotate.conf.drv
machine #   /nix/store/6kjwbx0lpmiqca0mi6dz8vwbri6yav50-unit-logrotate.service.drv
machine #   /nix/store/6miggljj3mk82apdgcsf1i640sagmwgx-unit-systemd-importd.service.drv
machine #   /nix/store/6szbf51lf2d366cldpkn57psbzsylzlw-unit-systemd-udev-settle.service.drv
machine #   /nix/store/76k6hh41v9ihyxhwa70sqx0rgxyybc12-unit-logrotate-checkconf.service.drv
machine #   /nix/store/7wzxaj81fkc805qzscy8hjayiyayc80v-unit-kmod-static-nodes.service.drv
machine #   /nix/store/9j6677f2ph61kqwm20cyiili9gpssmvh-unit-user-runtime-dir-.service.drv
machine #   /nix/store/n5bhfkf105vhg6vbcf25dr4g9psbwy33-etc-timesyncd.conf.drv
machine #   /nix/store/9lnvv19fnfh6c56grln6hsnalk2zlh01-unit-systemd-timesyncd.service.drv
machine #   /nix/store/9v1s49wfkzbayw7cdm5zkxwfz764s4jf-unit-nix-optimise.service.drv
machine #   /nix/store/9x126g5j9n02dx4fqjbaa23fqhkgzcj6-unit-systemd-journald-.service.drv
machine #   /nix/store/arlir0hjvi7lrrg7cxx6fm46cxvhcgw7-unit-systemd-random-seed.service.drv
machine #   /nix/store/avp1myx6lkinqmir6rwlnv2iw4is2cin-unit--.slice.drv
machine #   /nix/store/azxhzm9gpg1cznkxabqfy8bnannazqh8-unit-autovt-.service.drv
machine #   /nix/store/bgcww5k4z90pw9pjy0kf6q2w2r2lxjxv-unit-console-getty.service-disabled.drv
machine #   /nix/store/bm7qhpzip147xgf3qk904prlf1xs75x4-unit-systemd-oomd.service.drv
machine #   /nix/store/bylinzvw3xff7cviqwwrw65dh5nv0ls8-unit-logrotate.timer.drv
machine #   /nix/store/c2ylrp0nvqnxz0p36gkqpjns102rsxaq-unit-system.slice.drv
machine #   /nix/store/lsx4r46d7q6syl5ziqn6w8byk22m0knq-dhcpcd.exit-hook.drv
machine #   /nix/store/clgai7nacmlbr1gmf6gv04ddya962wff-unit-dhcpcd.service.drv
machine #   /nix/store/w6gmdxy0v5cqjmq1dgprixv177gsm5gn-etc-resolvconf.conf.drv
machine #   /nix/store/d328x69kxwx28c9z4sbd4jh1v1mkpbsh-unit-resolvconf.service.drv
machine #   /nix/store/da4inhb6bm3pn3wnl4rf9q90ypwv92dc-unit-nix-gc.service.drv
machine #   /nix/store/44k3k8ywygaz0mzna4v6x7grkvac3jh1-unit-script-container_-post-start.drv
machine #   /nix/store/h3933pdqvvpdjf5g5yr60w8w75bj7v7l-container-init.drv
machine #   /nix/store/736gnvj07ayq96wy20k3v4ibwn49w0av-unit-script-container_-start.drv
machine #   /nix/store/d62l1q7432pkg1kwzv3rrzwgn4mdix9q-unit-script-container_-pre-start.drv
machine #   /nix/store/gf4drnrwq4n5qhbcwv8f79x3bq9asjpy-unit-container-.service.drv
machine #   /nix/store/rb0715m8amvlzbaanshqgyiazfmp6p28-vconsole.conf.drv
machine #   /nix/store/ygm83hf2j99lw3hh1f3qd39p0rkl2d4p-console-env.drv
machine #   /nix/store/i6m2w72zna0njrsi25v8jwbkmq7fpykk-unit-reload-systemd-vconsole-setup.service.drv
machine #   /nix/store/i7b819gafp3i2xs6g2d27hx2zzbyjml0-unit-save-hwclock.service.drv
machine #   /nix/store/ih8ja0gjzd9c7ys795j9mjjk08ja7ml9-unit-systemd-remount-fs.service.drv
machine #   /nix/store/kd2z1cdlkfgrn34slnn94sx0wcb1k0kn-unit-systemd-user-sessions.service.drv
machine #   /nix/store/lcynz9h5rhdkiz9v93zr1wrkaair1k4d-unit-container-getty-.service.drv
machine #   /nix/store/lpjl0dpppsymal28i01gpcsnghky3y0z-unit-fs.target.drv
machine #   /nix/store/m31nrg6jsy3b62wm156j85khkrnxwl2x-unit-serial-getty-hvc0.service-disabled.drv
machine #   /nix/store/mk71p54xxk45zadhb5v03dkzvh3ri932-unit-systemd-pstore.service.drv
machine #   /nix/store/mvnig7c0jzpy27vvisxmdmks8cj8j1hn-unit-post-resume.target.drv
machine #   /nix/store/ndfbyizdqpp2dbpcc92364c4gww2pzgn-unit-serial-getty-ttyS0.service-disabled.drv
machine #   /nix/store/fbbfncdljlrdcah460vnhw637pia0sxx-shutdown-ramfs-contents.drv
machine #   /nix/store/njn1avxj3yyrwcsi0fm5790mxcjyp7yi-unit-generate-shutdown-ramfs.service.drv
machine #   /nix/store/p2ivl2syx0aq5j6dkpcaidi3pdwswkqb-unit-nix-daemon.socket.drv
machine #   /nix/store/p6b4x4kbdjc02xi74bgjbddik4rs194n-unit-systemd-udevd.service.drv
machine #   /nix/store/pgqqhfjpb5q3711yc385l3mjcswlziiz-unit-multi-user.target.drv
machine #   /nix/store/pljszdgayzi956rxk5g2n9hx0l4lbrir-unit-keys.target.drv
machine #   /nix/store/95c98j4cwbr9bbgqnyi605phs8sr91xv-unit-script-prepare-kexec-start.drv
machine #   /nix/store/qrykzkr0in1m6ddfki1rkgv2ggzp7jdy-unit-prepare-kexec.service.drv
machine #   /nix/store/s8hiz3dykprbpygy5z4sziyzq542la4x-unit-systemd-timedated.service.drv
machine #   /nix/store/s9k3xvw76dnbk1ni1ai98imjdz5z94l2-unit-user-.service.drv
machine #   /nix/store/n5v0bi3399bgq362zla65p6jmmw0y2lr-nixos.conf.drv
machine #   /nix/store/sg3mc70jdi3ba76k52m76vmm8rwa96zy-unit-systemd-modules-load.service.drv
machine #   /nix/store/si7sg4kjhvm2hnjp2nd4n9nzpdqr4fpm-unit-remote-fs.target.drv
machine #   /nix/store/srb4jzr9gxda2ag4kwl93gfgk0m8v1n8-unit-getty-.service.drv
machine #   /nix/store/w1cjk1giaph626hpcsi73j1i3p5gjhqf-unit-network-online.target.drv
machine #   /nix/store/wbrmnfjq8h9a0gfrws4kmwj7h5h61mdd-unit-local-fs.target.drv
machine #   /nix/store/qrp1lpgdaxhqv1cmcb9nc9iaqzcl1889-nix.conf.drv
machine #   /nix/store/wh0v9csjbd8w89ay8jl37g35qf0qmbna-unit-nix-daemon.service.drv
machine #   /nix/store/7sq69wgmncj1x4lbv7r4ppc2k81dbk8z-unit-script-backdoor-start.drv
machine #   /nix/store/wkbnmx88agwg3z489jkx2pcp9fa4fdw7-unit-backdoor.service.drv
machine #   /nix/store/x0cxhdhvf6hh867dz0j80ws2ksh6dpk5-unit-systemd-update-utmp.service.drv
machine #   /nix/store/g3fvnsbm6yx77p7bg6cc4imsjpc3krml-firewall-stop.drv
machine #   /nix/store/gsx4xmbnbnsjd3ssynpps8bhjfnpnvz2-firewall-start.drv
machine #   /nix/store/w1gpi0v2k7gzkgwxangxkx5p2337ci4b-firewall-reload.drv
machine #   /nix/store/xlslcli1lr3bpmk9kc649lr6ajh2ia0a-unit-firewall.service.drv
machine #   /nix/store/ycs12bg8xcqw9yw3r397ij0n93k6ky6w-unit-systemd-backlight-.service.drv
machine #   /nix/store/51ym2963y0bs2nj9mn9j8gxza8jlnj18-system-units.drv
machine #   /nix/store/5fdq6k4v0wqn83984634ng98l9h1fgc7-etc-user.conf.drv
machine #   /nix/store/5hfvzf3qf8b8rh8kfx28csbhips0vvqp-i3lock-color.pam.drv
machine #   /nix/store/5p9z1kqg8w580y9jd095jb8fya4nxahy-i3lock.pam.drv
machine #   /nix/store/s5p8k8mc6jpk6aicxqa6j2lrq1d15dqq-desktops.drv
machine #   /nix/store/6anv7qkzxix37n3b7g6vma87knh7332m-etc-environment.drv
machine #   /nix/store/6pm5gyfn1wzg7ik5716cpmhcakpdfxn9-etc-nixos.conf.drv
machine #   /nix/store/84xhi1r2xvw96628viyx3jcmv7pr6ymp-xlock.pam.drv
machine #   /nix/store/8fpa3d4vc07xszvx48cjggk3v4l746hl-xscreensaver.pam.drv
machine #   /nix/store/8hahv02ympkl6966nnq3l5r7z35fkbip-systemd-user.pam.drv
machine #   /nix/store/8ikik8j01xi823j1mnrpyzvjz9f4gzby-etc-host.conf.drv
machine #   /nix/store/94bv2g081chqxc5ml768h70zqhk7rf9y-etc-fstab.drv
machine #   /nix/store/9x2nv207lbbypd3cp75h4pbsci2cr8h6-su.pam.drv
machine #   /nix/store/ay0fnpac4n5x17ipn9pivalpvp6mncqg-etc-nanorc.drv
machine #   /nix/store/bq7wh12b70rs6dplq9vzhb1ghkwfxaqf-userdel.pam.drv
machine #   /nix/store/bwcsqkz9vkydzh47npa93cfqi8jgpyrp-system-shutdown.drv
machine #   /nix/store/ca9vq86nm1gphnhigigfx2f402dzjyvp-runuser-l.pam.drv
machine #   /nix/store/cslw59dshcn02n7pznwfcjjnhz5av38z-etc-shells.drv
machine #   /nix/store/fp9bahc43ri3qhgl89v8jw0yjmf9asbm-chsh.pam.drv
machine #   /nix/store/n6civ62wybf3byjz63bjcgjlvh77c9fb-systemd.drv
machine #   /nix/store/fydpjhwcir57pkyxjrazk3xnylf35aqs-50-coredump.conf.drv
machine #   /nix/store/gch117m729pizyc0k8p13sgp6qka94j0-useradd.pam.drv
machine #   /nix/store/gmq81fkb5s11f67vm0zf0nqj6m36imxz-groupdel.pam.drv
machine #   /nix/store/hbbr9w5ydqngr9b3jfyf7plyp0aqpbnf-groupmod.pam.drv
machine #   /nix/store/k2sg87pa05qwmvbrfhak5jc27mg3fn0l-etc-sleep.conf.drv
machine #   /nix/store/kw03926ry8jyg7zh0nnafi6sx3mvwxrn-etc-bashrc.drv
machine #   /nix/store/l05cxxh197f5yb9avykziakx7zfqd26r-etc-system.conf.drv
machine #   /nix/store/l3d1yxpgkakpj01jg5jzanjldj7j1357-etc-man_db.conf.drv
machine #   /nix/store/lczgcg1bpcf9lxvfadhr586rjmzdcm84-etc-hostname.drv
machine #   /nix/store/lkw8g7mppnw7rqd5g43fxnkvl18hp8a7-groupmems.pam.drv
machine #   /nix/store/lpdzysk7lasvi8yyrfxj2w6kynv347f0-fontconfig-etc.drv
machine #   /nix/store/mqhgmdjv756gfp3k5vnng24jg4kz7fms-useradd.drv
machine #   /nix/store/jxc9xd4y2ac9v9j0bsrhgqaw5mdykrnb-lessconfig.drv
machine #   /nix/store/nisphgfkvqqizx7bhxkhq57h1p8rl4zg-set-environment.drv
machine #   /nix/store/nkxvqw1fwf6h5yansiqinbwnndg78hdd-issue.drv
