mounting Nix store...
mounting host's temporary directory...
starting stage 2 (/nix/store/z38v6l9iwza5yvyi98gwx1c3nz6vm53p-vm-run-stage2)
hwclock: select() to /dev/rtc0 to wait for clock tick timed out
Creating new GPT entries in memory.
The operation has completed successfully.
mkfs.fat 4.2 (2021-01-31)
Hidden (32) does not match sectors (63)
Initializing machine ID from random generator.
Created "/boot/EFI".
Created "/boot/EFI/systemd".
Created "/boot/EFI/BOOT".
Created "/boot/loader".
Created "/boot/loader/entries".
Created "/boot/EFI/Linux".
Copied "/nix/store/d1h33vvfagj7bhg0b8dw3p5nifghb01q-systemd-252.5/lib/systemd/boot/efi/systemd-bootx64.efi" to "/boot/EFI/systemd/systemd-bootx64.efi".
Copied "/nix/store/d1h33vvfagj7bhg0b8dw3p5nifghb01q-systemd-252.5/lib/systemd/boot/efi/systemd-bootx64.efi" to "/boot/EFI/BOOT/BOOTX64.EFI".
Random seed file /boot/loader/random-seed successfully written (32 bytes).
Not installing system token, since we are running in a virtualized environment.
Created EFI boot entry "Linux Boot Manager".
[   13.964875] reboot: Power down
building '/nix/store/k4kmv5yf6j56baghbhq2k5m66gixgq03-run-nixos-vm.drv'...
building '/nix/store/6hngqlznhb6pkc8safnrpnph0p5f5x21-nixos-vm.drv'...
building '/nix/store/drkyaghhgc75fr6n4yrv2b5ln685brzp-nixos-test-driver-systemd-initrd-swraid.drv'...
     1  # This file contains type hints that can be prepended to Nix test scripts so they can be type
     2  # checked.
     3  
     4  from test_driver.driver import Driver
     5  from test_driver.vlan import VLan
     6  from test_driver.machine import Machine
     7  from test_driver.logger import Logger
     8  from typing import Callable, Iterator, ContextManager, Optional, List, Dict, Any, Union
     9  from typing_extensions import Protocol
    10  from pathlib import Path
    11  
    12  
    13  class RetryProtocol(Protocol):
    14      def __call__(self, fn: Callable, timeout: int = 900) -> None:
    15          raise Exception("This is just type information for the Nix test driver")
    16  
    17  
    18  class PollingConditionProtocol(Protocol):
    19      def __call__(
    20          self,
    21          fun_: Optional[Callable] = None,
    22          *,
    23          seconds_interval: float = 2.0,
    24          description: Optional[str] = None,
    25      ) -> Union[Callable[[Callable], ContextManager], ContextManager]:
    26          raise Exception("This is just type information for the Nix test driver")
    27  
    28  
    29  start_all: Callable[[], None]
    30  subtest: Callable[[str], ContextManager[None]]
    31  retry: RetryProtocol
    32  test_script: Callable[[], None]
    33  machines: List[Machine]
    34  vlans: List[VLan]
    35  driver: Driver
    36  log: Logger
    37  create_machine: Callable[[Dict[str, Any]], Machine]
    38  run_tests: Callable[[], None]
    39  join_all: Callable[[], None]
    40  serial_stdout_off: Callable[[], None]
    41  serial_stdout_on: Callable[[], None]
    42  polling_condition: PollingConditionProtocol
    43  machine: Machine;
    44  vlan1: VLan;
    45  # Create RAID
    46  machine.succeed("mdadm --create --force /dev/md0 -n 2 --level=raid0 /dev/vdc /dev/vdd")
    47  machine.succeed("mkfs.ext4 -L testraid /dev/md0")
    48  machine.succeed("mkdir -p /mnt && mount /dev/md0 /mnt && echo hello > /mnt/test && umount /mnt")
    49  
    50  # Boot from the RAID
    51  machine.succeed("bootctl set-default nixos-generation-1-specialisation-boot-swraid.conf")
    52  machine.succeed("sync")
    53  machine.crash()
    54  machine.wait_for_unit("multi-user.target")
    55  
    56  # Ensure we have successfully booted from the RAID
    57  assert "(initrd)" in machine.succeed("systemd-analyze")  # booted with systemd in stage 1
    58  assert "/dev/md0 on / type ext4" in machine.succeed("mount")
    59  assert "hello" in machine.succeed("cat /test")
    60  assert "md0" in machine.succeed("cat /proc/mdstat")
Success: no issues found in 1 source file
start all VLans
(finished: start all VLans, in 0.00 seconds)
additionally exposed symbols:
    ,
    ,
    start_all, test_script, machines, vlans, driver, log, os, create_machine, subtest, run_tests, join_all, retry, serial_stdout_off, serial_stdout_on, polling_condition, Machine
building '/nix/store/5yz40xsrhvsfpf6q7yf5835b20wdfc20-vm-test-run-systemd-initrd-swraid.drv'...
Machine state will be reset. To keep it, pass --keep-vm-state
start all VLans
start vlan
running vlan (pid 7; ctl /build/vde1.ctl)
(finished: start all VLans, in 0.00 seconds)
run the VM test script
additionally exposed symbols:
    machine,
    vlan1,
    start_all, test_script, machines, vlans, driver, log, os, create_machine, subtest, run_tests, join_all, retry, serial_stdout_off, serial_stdout_on, polling_condition, Machine
machine: must succeed: mdadm --create --force /dev/md0 -n 2 --level=raid0 /dev/vdc /dev/vdd
machine: waiting for the VM to finish booting
machine: starting vm
machine # Formatting '/build/vm-state-machine/machine.qcow2', fmt=qcow2 cluster_size=65536 extended_l2=off compression_type=zlib size=1073741824 lazy_refcounts=off refcount_bits=16
machine # Formatting '/build/vm-state-machine/disk.img', fmt=qcow2 cluster_size=65536 extended_l2=off compression_type=zlib size=125829120 backing_file=/nix/store/vw6siv0k65ilyy9jfcc23bmsxrarj9z7-nixos-boot-disk/disk.img backing_fmt=qcow2 lazy_refcounts=off refcount_bits=16
machine # Formatting 'empty0.qcow2', fmt=qcow2 cluster_size=65536 extended_l2=off compression_type=zlib size=536870912 lazy_refcounts=off refcount_bits=16
machine # Formatting 'empty1.qcow2', fmt=qcow2 cluster_size=65536 extended_l2=off compression_type=zlib size=536870912 lazy_refcounts=off refcount_bits=16
machine: QEMU running (pid 8)
machine # BdsDxe: loading Boot0001 "Linux Boot Manager" from HD(2,GPT,970C694F-AFD0-4B99-B750-CDB7A329AB6F,0x800,0x3B7DF)/\EFI\systemd\systemd-bootx64.efi
machine # BdsDxe: starting Boot0001 "Linux Boot Manager" from HD(2,GPT,970C694F-AFD0-4B99-B750-CDB7A329AB6F,0x800,0x3B7DF)/\EFI\systemd\systemd-bootx64.efi
machine #                 NixOS                        NixOS (boot-swraid)            Reboot Into Firmware Interface                                               Boot in 5 s.                                                                                       Boot in 4 s.                                                                                       Boot in 3 s.                                                                                       Boot in 2 s.                                                                                       Boot in 1 s.                                           EFI stub: Loaded initrd from LINUX_EFI_INITRD_MEDIA_GUID device path
machine # [    0.000000] Linux version 6.1.15 (nixbld@localhost) (gcc (GCC) 12.2.0, GNU ld (GNU Binutils) 2.40) #1-NixOS SMP PREEMPT_DYNAMIC Fri Mar  3 10:52:25 UTC 2023
machine # [    0.000000] Command line: initrd=\efi\nixos\rdw62aqmk6f3msm8dlja6r36zl89ws5i-initrd-linux-6.1.15-initrd.efi init=/nix/store/n9w5rc0g51daa43k0976yhslcfagjzmr-nixos-system-machine-23.05pre-git/init console=ttyS0 panic=1 boot.panic_on_fail clock=acpi_pm loglevel=7 net.ifnames=0
machine # [    0.000000] x86/fpu: Supporting XSAVE feature 0x001: 'x87 floating point registers'
machine # [    0.000000] x86/fpu: Supporting XSAVE feature 0x002: 'SSE registers'
machine # [    0.000000] x86/fpu: Supporting XSAVE feature 0x004: 'AVX registers'
machine # [    0.000000] x86/fpu: Supporting XSAVE feature 0x008: 'MPX bounds registers'
machine # [    0.000000] x86/fpu: Supporting XSAVE feature 0x010: 'MPX CSR'
machine # [    0.000000] x86/fpu: Supporting XSAVE feature 0x020: 'AVX-512 opmask'
machine # [    0.000000] x86/fpu: Supporting XSAVE feature 0x040: 'AVX-512 Hi256'
machine # [    0.000000] x86/fpu: Supporting XSAVE feature 0x080: 'AVX-512 ZMM_Hi256'
machine # [    0.000000] x86/fpu: xstate_offset[2]:  576, xstate_sizes[2]:  256
machine # [    0.000000] x86/fpu: xstate_offset[3]:  832, xstate_sizes[3]:   64
machine # [    0.000000] x86/fpu: xstate_offset[4]:  896, xstate_sizes[4]:   64
machine # [    0.000000] x86/fpu: xstate_offset[5]:  960, xstate_sizes[5]:   64
machine # [    0.000000] x86/fpu: xstate_offset[6]: 1024, xstate_sizes[6]:  512
machine # [    0.000000] x86/fpu: xstate_offset[7]: 1536, xstate_sizes[7]: 1024
machine # [    0.000000] x86/fpu: Enabled xstate features 0xff, context size is 2560 bytes, using 'compacted' format.
machine # [    0.000000] signal: max sigframe size: 3632
machine # [    0.000000] BIOS-provided physical RAM map:
machine # [    0.000000] BIOS-e820: [mem 0x0000000000000000-0x000000000009ffff] usable
machine # [    0.000000] BIOS-e820: [mem 0x0000000000100000-0x00000000007fffff] usable
machine # [    0.000000] BIOS-e820: [mem 0x0000000000800000-0x0000000000807fff] ACPI NVS
machine # [    0.000000] BIOS-e820: [mem 0x0000000000808000-0x000000000080afff] usable
machine # [    0.000000] BIOS-e820: [mem 0x000000000080b000-0x000000000080bfff] ACPI NVS
machine # [    0.000000] BIOS-e820: [mem 0x000000000080c000-0x000000000080ffff] usable
machine # [    0.000000] BIOS-e820: [mem 0x0000000000810000-0x00000000008fffff] ACPI NVS
machine # [    0.000000] BIOS-e820: [mem 0x0000000000900000-0x000000003f8ecfff] usable
machine # [    0.000000] BIOS-e820: [mem 0x000000003f8ed000-0x000000003fb6cfff] reserved
machine # [    0.000000] BIOS-e820: [mem 0x000000003fb6d000-0x000000003fb7efff] ACPI data
machine # [    0.000000] BIOS-e820: [mem 0x000000003fb7f000-0x000000003fbfefff] ACPI NVS
machine # [    0.000000] BIOS-e820: [mem 0x000000003fbff000-0x000000003fef3fff] usable
machine # [    0.000000] BIOS-e820: [mem 0x000000003fef4000-0x000000003ff77fff] reserved
machine # [    0.000000] BIOS-e820: [mem 0x000000003ff78000-0x000000003fffffff] ACPI NVS
machine # [    0.000000] BIOS-e820: [mem 0x00000000ffc00000-0x00000000ffffffff] reserved
machine # [    0.000000] NX (Execute Disable) protection: active
machine # [    0.000000] extended physical RAM map:
machine # [    0.000000] reserve setup_data: [mem 0x0000000000000000-0x000000000009ffff] usable
machine # [    0.000000] reserve setup_data: [mem 0x0000000000100000-0x00000000007fffff] usable
machine # [    0.000000] reserve setup_data: [mem 0x0000000000800000-0x0000000000807fff] ACPI NVS
machine # [    0.000000] reserve setup_data: [mem 0x0000000000808000-0x000000000080afff] usable
machine # [    0.000000] reserve setup_data: [mem 0x000000000080b000-0x000000000080bfff] ACPI NVS
machine # [    0.000000] reserve setup_data: [mem 0x000000000080c000-0x000000000080ffff] usable
machine # [    0.000000] reserve setup_data: [mem 0x0000000000810000-0x00000000008fffff] ACPI NVS
machine # [    0.000000] reserve setup_data: [mem 0x0000000000900000-0x000000003c2f8017] usable
machine # [    0.000000] reserve setup_data: [mem 0x000000003c2f8018-0x000000003c31f457] usable
machine # [    0.000000] reserve setup_data: [mem 0x000000003c31f458-0x000000003c320017] usable
machine # [    0.000000] reserve setup_data: [mem 0x000000003c320018-0x000000003c347457] usable
machine # [    0.000000] reserve setup_data: [mem 0x000000003c347458-0x000000003e420017] usable
machine # [    0.000000] reserve setup_data: [mem 0x000000003e420018-0x000000003e429c57] usable
machine # [    0.000000] reserve setup_data: [mem 0x000000003e429c58-0x000000003f8ecfff] usable
machine # [    0.000000] reserve setup_data: [mem 0x000000003f8ed000-0x000000003fb6cfff] reserved
machine # [    0.000000] reserve setup_data: [mem 0x000000003fb6d000-0x000000003fb7efff] ACPI data
machine # [    0.000000] reserve setup_data: [mem 0x000000003fb7f000-0x000000003fbfefff] ACPI NVS
machine # [    0.000000] reserve setup_data: [mem 0x000000003fbff000-0x000000003fef3fff] usable
machine # [    0.000000] reserve setup_data: [mem 0x000000003fef4000-0x000000003ff77fff] reserved
machine # [    0.000000] reserve setup_data: [mem 0x000000003ff78000-0x000000003fffffff] ACPI NVS
machine # [    0.000000] reserve setup_data: [mem 0x00000000ffc00000-0x00000000ffffffff] reserved
machine # [    0.000000] efi: EFI v2.70 by EDK II
machine # [    0.000000] efi: SMBIOS=0x3f93f000 ACPI=0x3fb7e000 ACPI 2.0=0x3fb7e014 MEMATTR=0x3ec7c018 INITRD=0x3e42bf98 RNG=0x3fb75018
machine # [    0.000000] random: crng init done
machine # [    0.000000] SMBIOS 2.8 present.
machine # [    0.000000] DMI: QEMU Standard PC (i440FX + PIIX, 1996), BIOS 0.0.0 02/06/2015
machine # [    0.000000] Hypervisor detected: KVM
machine # [    0.000000] kvm-clock: Using msrs 4b564d01 and 4b564d00
machine # [    0.000001] kvm-clock: using sched offset of 8376766652 cycles
machine # [    0.000003] clocksource: kvm-clock: mask: 0xffffffffffffffff max_cycles: 0x1cd42e4dffb, max_idle_ns: 881590591483 ns
machine # [    0.000009] tsc: Detected 3311.998 MHz processor
machine # [    0.000660] last_pfn = 0x3fef4 max_arch_pfn = 0x400000000
machine # [    0.001118] x86/PAT: Configuration [0-7]: WB  WC  UC- UC  WB  WP  UC- WT
machine # [    0.013864] Using GB pages for direct mapping
machine # [    0.014454] Secure boot disabled
machine # [    0.014454] RAMDISK: [mem 0x3c348000-0x3d39bfff]
machine # [    0.014519] ACPI: Early table checksum verification disabled
machine # [    0.014555] ACPI: RSDP 0x000000003FB7E014 000024 (v02 BOCHS )
machine # [    0.014560] ACPI: XSDT 0x000000003FB7D0E8 00004C (v01 BOCHS  BXPC     00000001      01000013)
machine # [    0.014568] ACPI: FACP 0x000000003FB7A000 000074 (v01 BOCHS  BXPC     00000001 BXPC 00000001)
machine # [    0.014573] ACPI: DSDT 0x000000003FB7B000 00193A (v01 BOCHS  BXPC     00000001 BXPC 00000001)
machine # [    0.014576] ACPI: FACS 0x000000003FBDD000 000040
machine # [    0.014578] ACPI: APIC 0x000000003FB79000 000078 (v01 BOCHS  BXPC     00000001 BXPC 00000001)
machine # [    0.014581] ACPI: HPET 0x000000003FB78000 000038 (v01 BOCHS  BXPC     00000001 BXPC 00000001)
machine # [    0.014583] ACPI: WAET 0x000000003FB77000 000028 (v01 BOCHS  BXPC     00000001 BXPC 00000001)
machine # [    0.014586] ACPI: BGRT 0x000000003FB76000 000038 (v01 INTEL  EDK2     00000002      01000013)
machine # [    0.014588] ACPI: Reserving FACP table memory at [mem 0x3fb7a000-0x3fb7a073]
machine # [    0.014589] ACPI: Reserving DSDT table memory at [mem 0x3fb7b000-0x3fb7c939]
machine # [    0.014589] ACPI: Reserving FACS table memory at [mem 0x3fbdd000-0x3fbdd03f]
machine # [    0.014590] ACPI: Reserving APIC table memory at [mem 0x3fb79000-0x3fb79077]
machine # [    0.014590] ACPI: Reserving HPET table memory at [mem 0x3fb78000-0x3fb78037]
machine # [    0.014591] ACPI: Reserving WAET table memory at [mem 0x3fb77000-0x3fb77027]
machine # [    0.014591] ACPI: Reserving BGRT table memory at [mem 0x3fb76000-0x3fb76037]
machine # [    0.016707] No NUMA configuration found
machine # [    0.016708] Faking a node at [mem 0x0000000000000000-0x000000003fef3fff]
machine # [    0.016714] NODE_DATA(0) allocated [mem 0x3fe81000-0x3fe86fff]
machine # [    0.016770] Zone ranges:
machine # [    0.016771]   DMA      [mem 0x0000000000001000-0x0000000000ffffff]
machine # [    0.016772]   DMA32    [mem 0x0000000001000000-0x000000003fef3fff]
machine # [    0.016773]   Normal   empty
machine # [    0.016774]   Device   empty
machine # [    0.016774] Movable zone start for each node
machine # [    0.016775] Early memory node ranges
machine # [    0.016775]   node   0: [mem 0x0000000000001000-0x000000000009ffff]
machine # [    0.016778]   node   0: [mem 0x0000000000100000-0x00000000007fffff]
machine # [    0.016779]   node   0: [mem 0x0000000000808000-0x000000000080afff]
machine # [    0.016779]   node   0: [mem 0x000000000080c000-0x000000000080ffff]
machine # [    0.016780]   node   0: [mem 0x0000000000900000-0x000000003f8ecfff]
machine # [    0.016782]   node   0: [mem 0x000000003fbff000-0x000000003fef3fff]
machine # [    0.016785] Initmem setup node 0 [mem 0x0000000000001000-0x000000003fef3fff]
machine # [    0.016815] On node 0, zone DMA: 1 pages in unavailable ranges
machine # [    0.016828] On node 0, zone DMA: 96 pages in unavailable ranges
machine # [    0.016828] On node 0, zone DMA: 8 pages in unavailable ranges
machine # [    0.016829] On node 0, zone DMA: 1 pages in unavailable ranges
machine # [    0.016838] On node 0, zone DMA: 240 pages in unavailable ranges
machine # [    0.018190] On node 0, zone DMA32: 786 pages in unavailable ranges
machine # [    0.018194] On node 0, zone DMA32: 268 pages in unavailable ranges
machine # [    0.023100] ACPI: PM-Timer IO Port: 0xb008
machine # [    0.023137] ACPI: LAPIC_NMI (acpi_id[0xff] dfl dfl lint[0x1])
machine # [    0.023347] IOAPIC[0]: apic_id 0, version 17, address 0xfec00000, GSI 0-23
machine # [    0.023350] ACPI: INT_SRC_OVR (bus 0 bus_irq 0 global_irq 2 dfl dfl)
machine # [    0.023352] ACPI: INT_SRC_OVR (bus 0 bus_irq 5 global_irq 5 high level)
machine # [    0.023353] ACPI: INT_SRC_OVR (bus 0 bus_irq 9 global_irq 9 high level)
machine # [    0.023356] ACPI: INT_SRC_OVR (bus 0 bus_irq 10 global_irq 10 high level)
machine # [    0.023357] ACPI: INT_SRC_OVR (bus 0 bus_irq 11 global_irq 11 high level)
machine # [    0.023360] ACPI: Using ACPI (MADT) for SMP configuration information
machine # [    0.023362] ACPI: HPET id: 0x8086a201 base: 0xfed00000
machine # [    0.023661] TSC deadline timer available
machine # [    0.023663] smpboot: Allowing 1 CPUs, 0 hotplug CPUs
machine # [    0.023834] PM: hibernation: Registered nosave memory: [mem 0x00000000-0x00000fff]
machine # [    0.023835] PM: hibernation: Registered nosave memory: [mem 0x000a0000-0x000fffff]
machine # [    0.023837] PM: hibernation: Registered nosave memory: [mem 0x00800000-0x00807fff]
machine # [    0.023838] PM: hibernation: Registered nosave memory: [mem 0x0080b000-0x0080bfff]
machine # [    0.023838] PM: hibernation: Registered nosave memory: [mem 0x00810000-0x008fffff]
machine # [    0.023839] PM: hibernation: Registered nosave memory: [mem 0x3c2f8000-0x3c2f8fff]
machine # [    0.023840] PM: hibernation: Registered nosave memory: [mem 0x3c31f000-0x3c31ffff]
machine # [    0.023841] PM: hibernation: Registered nosave memory: [mem 0x3c320000-0x3c320fff]
machine # [    0.023842] PM: hibernation: Registered nosave memory: [mem 0x3c347000-0x3c347fff]
machine # [    0.023843] PM: hibernation: Registered nosave memory: [mem 0x3e420000-0x3e420fff]
machine # [    0.023844] PM: hibernation: Registered nosave memory: [mem 0x3e429000-0x3e429fff]
machine # [    0.023845] PM: hibernation: Registered nosave memory: [mem 0x3e440000-0x3e448fff]
machine # [    0.023846] PM: hibernation: Registered nosave memory: [mem 0x3f8ed000-0x3fb6cfff]
machine # [    0.023846] PM: hibernation: Registered nosave memory: [mem 0x3fb6d000-0x3fb7efff]
machine # [    0.023847] PM: hibernation: Registered nosave memory: [mem 0x3fb7f000-0x3fbfefff]
machine # [    0.023848] [mem 0x40000000-0xffbfffff] available for PCI devices
machine # [    0.023849] Booting paravirtualized kernel on KVM
machine # [    0.023854] clocksource: refined-jiffies: mask: 0xffffffff max_cycles: 0xffffffff, max_idle_ns: 1910969940391419 ns
machine # [    0.026703] setup_percpu: NR_CPUS:384 nr_cpumask_bits:1 nr_cpu_ids:1 nr_node_ids:1
machine # [    0.026856] percpu: Embedded 61 pages/cpu s212992 r8192 d28672 u2097152
machine # [    0.026993] kvm-guest: PV spinlocks disabled, single CPU
machine # [    0.027000] Fallback order for Node 0: 0
machine # [    0.027004] Built 1 zonelists, mobility grouping on.  Total pages: 254706
machine # [    0.027004] Policy zone: DMA32
machine # [    0.027005] Kernel command line: initrd=\efi\nixos\rdw62aqmk6f3msm8dlja6r36zl89ws5i-initrd-linux-6.1.15-initrd.efi init=/nix/store/n9w5rc0g51daa43k0976yhslcfagjzmr-nixos-system-machine-23.05pre-git/init console=ttyS0 panic=1 boot.panic_on_fail clock=acpi_pm loglevel=7 net.ifnames=0
machine # [    0.027050] clocksource: clock= boot option is deprecated - use clocksource=xyz
machine # [    0.027134] Dentry cache hash table entries: 131072 (order: 8, 1048576 bytes, linear)
machine # [    0.027155] Inode-cache hash table entries: 65536 (order: 7, 524288 bytes, linear)
machine # [    0.027312] mem auto-init: stack:all(zero), heap alloc:off, heap free:off
machine # [    0.029207] Memory: 927596K/1042976K available (12294K kernel code, 2307K rwdata, 7532K rodata, 1876K init, 4344K bss, 115120K reserved, 0K cma-reserved)
machine # [    0.029286] SLUB: HWalign=64, Order=0-3, MinObjects=0, CPUs=1, Nodes=1
machine # [    0.029296] Kernel/User page tables isolation: enabled
machine # [    0.029308] ftrace: allocating 37041 entries in 145 pages
machine # [    0.037653] ftrace: allocated 145 pages with 3 groups
machine # [    0.038095] Dynamic Preempt: voluntary
machine # [    0.038270] rcu: Preemptible hierarchical RCU implementation.
machine # [    0.038271] rcu:   RCU event tracing is enabled.
machine # [    0.038271] rcu:   RCU restricting CPUs from NR_CPUS=384 to nr_cpu_ids=1.
machine # [    0.038272]        Trampoline variant of Tasks RCU enabled.
machine # [    0.038273]        Rude variant of Tasks RCU enabled.
machine # [    0.038273]        Tracing variant of Tasks RCU enabled.
machine # [    0.038274] rcu: RCU calculated value of scheduler-enlistment delay is 100 jiffies.
machine # [    0.038274] rcu: Adjusting geometry for rcu_fanout_leaf=16, nr_cpu_ids=1
machine # [    0.040970] NR_IRQS: 24832, nr_irqs: 256, preallocated irqs: 16
machine # [    0.041271] rcu: srcu_init: Setting srcu_struct sizes based on contention.
machine # [    0.041334] Console: colour dummy device 80x25
machine # [    0.860420] printk: console [ttyS0] enabled
machine # [    0.863481] ACPI: Core revision 20220331
machine # [    0.866970] clocksource: hpet: mask: 0xffffffff max_cycles: 0xffffffff, max_idle_ns: 19112604467 ns
machine # [    0.873782] APIC: Switch to symmetric I/O mode setup
machine # [    0.879538] x2apic enabled
machine # [    0.883758] Switched APIC routing to physical x2apic.
machine # [    0.895752] ..TIMER: vector=0x30 apic1=0 pin1=2 apic2=-1 pin2=-1
machine # [    0.900294] clocksource: tsc-early: mask: 0xffffffffffffffff max_cycles: 0x2fbd924e8de, max_idle_ns: 440795321919 ns
machine # [    0.907782] Calibrating delay loop (skipped) preset value.. 6623.99 BogoMIPS (lpj=3311998)
machine # [    0.908780] pid_max: default: 32768 minimum: 301
machine # [    0.911809] LSM: Security Framework initializing
machine # [    0.912790] landlock: Up and running.
machine # [    0.913780] Yama: becoming mindful.
machine # [    0.914787] SELinux:  Initializing.
machine # [    0.915791] LSM support for eBPF active
machine # [    0.917785] Mount-cache hash table entries: 2048 (order: 2, 16384 bytes, linear)
machine # [    0.918781] Mountpoint-cache hash table entries: 2048 (order: 2, 16384 bytes, linear)
machine # [    0.922778] x86/cpu: User Mode Instruction Prevention (UMIP) activated
machine # [    0.925504] Last level iTLB entries: 4KB 0, 2MB 0, 4MB 0
machine # [    0.925779] Last level dTLB entries: 4KB 0, 2MB 0, 4MB 0, 1GB 0
machine # [    0.926825] Spectre V1 : Mitigation: usercopy/swapgs barriers and __user pointer sanitization
machine # [    0.927797] Spectre V2 : Mitigation: IBRS
machine # [    0.928779] Spectre V2 : Spectre v2 / SpectreRSB mitigation: Filling RSB on context switch
machine # [    0.929779] Spectre V2 : Spectre v2 / SpectreRSB : Filling RSB on VMEXIT
machine # [    0.930780] RETBleed: Mitigation: IBRS
machine # [    0.931784] Spectre V2 : mitigation: Enabling conditional Indirect Branch Prediction Barrier
machine # [    0.932780] Speculative Store Bypass: Mitigation: Speculative Store Bypass disabled via prctl
machine # [    0.933818] MDS: Mitigation: Clear CPU buffers
machine # [    0.934780] TAA: Mitigation: Clear CPU buffers
machine # [    0.935779] MMIO Stale Data: Vulnerable: Clear CPU buffers attempted, no microcode
machine # [    0.957930] Freeing SMP alternatives memory: 32K
machine # [    0.959164] smpboot: CPU0: Intel(R) Core(TM) i9-9940X CPU @ 3.30GHz (family: 0x6, model: 0x55, stepping: 0x4)
machine # [    0.959886] cblist_init_generic: Setting adjustable number of callback queues.
machine # [    0.960792] cblist_init_generic: Setting shift to 0 and lim to 1.
machine # [    0.961806] cblist_init_generic: Setting shift to 0 and lim to 1.
machine # [    0.962822] cblist_init_generic: Setting shift to 0 and lim to 1.
machine # [    0.963810] Performance Events: Skylake events, full-width counters, Intel PMU driver.
machine # [    0.964806] ... version:                2
machine # [    0.965792] ... bit width:              48
machine # [    0.966792] ... generic registers:      4
machine # [    0.967792] ... value mask:             0000ffffffffffff
machine # [    0.968792] ... max period:             00007fffffffffff
machine # [    0.969792] ... fixed-purpose events:   3
machine # [    0.970792] ... event mask:             000000070000000f
machine # [    0.972096] rcu: Hierarchical SRCU implementation.
machine # [    0.972808] rcu:   Max phase no-delay instances is 400.
machine # [    0.974119] smp: Bringing up secondary CPUs ...
machine # [    0.974794] smp: Brought up 1 node, 1 CPU
machine # [    0.975792] smpboot: Max logical packages: 1
machine # [    0.976792] smpboot: Total of 1 processors activated (6623.99 BogoMIPS)
machine # [    0.978482] devtmpfs: initialized
machine # [    0.978834] x86/mm: Memory block size: 128MB
machine # [    0.980015] ACPI: PM: Registering ACPI NVS region [mem 0x00800000-0x00807fff] (32768 bytes)
machine # [    0.980793] ACPI: PM: Registering ACPI NVS region [mem 0x0080b000-0x0080bfff] (4096 bytes)
machine # [    0.981792] ACPI: PM: Registering ACPI NVS region [mem 0x00810000-0x008fffff] (983040 bytes)
machine # [    0.982805] ACPI: PM: Registering ACPI NVS region [mem 0x3fb7f000-0x3fbfefff] (524288 bytes)
machine # [    0.983802] ACPI: PM: Registering ACPI NVS region [mem 0x3ff78000-0x3fffffff] (557056 bytes)
machine # [    0.984846] clocksource: jiffies: mask: 0xffffffff max_cycles: 0xffffffff, max_idle_ns: 1911260446275000 ns
machine # [    0.985794] futex hash table entries: 256 (order: 2, 16384 bytes, linear)
machine # [    0.986846] pinctrl core: initialized pinctrl subsystem
machine # [    0.988367] NET: Registered PF_NETLINK/PF_ROUTE protocol family
machine # [    0.988892] DMA: preallocated 128 KiB GFP_KERNEL pool for atomic allocations
machine # [    0.989794] DMA: preallocated 128 KiB GFP_KERNEL|GFP_DMA pool for atomic allocations
machine # [    0.990793] DMA: preallocated 128 KiB GFP_KERNEL|GFP_DMA32 pool for atomic allocations
machine # [    0.991805] audit: initializing netlink subsys (disabled)
machine # [    0.992885] thermal_sys: Registered thermal governor 'bang_bang'
machine # [    0.992886] thermal_sys: Registered thermal governor 'step_wise'
machine # [    0.993793] thermal_sys: Registered thermal governor 'user_space'
machine # [    0.994814] audit: type=2000 audit(1678068510.063:1): state=initialized audit_enabled=0 res=1
machine # [    0.996801] cpuidle: using governor menu
machine # [    0.997962] acpiphp: ACPI Hot Plug PCI Controller Driver version: 0.5
machine # [    0.999257] PCI: Using configuration type 1 for base access
machine # [    1.000616] kprobes: kprobe jump-optimization is enabled. All kprobes are optimized if possible.
machine # [    1.018362] HugeTLB: registered 1.00 GiB page size, pre-allocated 0 pages
machine # [    1.018808] HugeTLB: 16380 KiB vmemmap can be freed for a 1.00 GiB page
machine # [    1.019792] HugeTLB: registered 2.00 MiB page size, pre-allocated 0 pages
machine # [    1.020792] HugeTLB: 28 KiB vmemmap can be freed for a 2.00 MiB page
machine # [    1.022195] ACPI: Added _OSI(Module Device)
machine # [    1.022799] ACPI: Added _OSI(Processor Device)
machine # [    1.023792] ACPI: Added _OSI(3.0 _SCP Extensions)
machine # [    1.024793] ACPI: Added _OSI(Processor Aggregator Device)
machine # [    1.026350] ACPI: 1 ACPI AML tables successfully acquired and loaded
machine # [    1.028037] ACPI: Interpreter enabled
machine # [    1.028804] ACPI: PM: (supports S0 S3 S4 S5)
machine # [    1.029792] ACPI: Using IOAPIC for interrupt routing
machine # [    1.030802] PCI: Using host bridge windows from ACPI; if necessary, use "pci=nocrs" and report a bug
machine # [    1.031792] PCI: Using E820 reservations for host bridge windows
machine # [    1.032973] ACPI: Enabled 2 GPEs in block 00 to 0F
machine # [    1.036561] ACPI: PCI Root Bridge [PCI0] (domain 0000 [bus 00-ff])
machine # [    1.036796] acpi PNP0A03:00: _OSC: OS supports [ASPM ClockPM Segments MSI HPX-Type3]
machine # [    1.037793] acpi PNP0A03:00: _OSC: not requesting OS control; OS requires [ExtendedConfig ASPM ClockPM MSI]
machine # [    1.038799] acpi PNP0A03:00: fail to add MMCONFIG information, can't access extended PCI configuration space under this bridge.
machine # [    1.040087] acpiphp: Slot [3] registered
machine # [    1.040873] acpiphp: Slot [4] registered
machine # [    1.041857] acpiphp: Slot [5] registered
machine # [    1.042855] acpiphp: Slot [6] registered
machine # [    1.043855] acpiphp: Slot [7] registered
machine # [    1.044856] acpiphp: Slot [8] registered
machine # [    1.045858] acpiphp: Slot [9] registered
machine # [    1.046856] acpiphp: Slot [10] registered
machine # [    1.047855] acpiphp: Slot [11] registered
machine # [    1.048857] acpiphp: Slot [12] registered
machine # [    1.049871] acpiphp: Slot [13] registered
machine # [    1.050855] acpiphp: Slot [14] registered
machine # [    1.051855] acpiphp: Slot [15] registered
machine # [    1.052857] acpiphp: Slot [16] registered
machine # [    1.053855] acpiphp: Slot [17] registered
machine # [    1.054855] acpiphp: Slot [18] registered
machine # [    1.055856] acpiphp: Slot [19] registered
machine # [    1.056878] acpiphp: Slot [20] registered
machine # [    1.057854] acpiphp: Slot [21] registered
machine # [    1.058870] acpiphp: Slot [22] registered
machine # [    1.059856] acpiphp: Slot [23] registered
machine # [    1.060872] acpiphp: Slot [24] registered
machine # [    1.061856] acpiphp: Slot [25] registered
machine # [    1.062856] acpiphp: Slot [26] registered
machine # [    1.063857] acpiphp: Slot [27] registered
machine # [    1.064853] acpiphp: Slot [28] registered
machine # [    1.065856] acpiphp: Slot [29] registered
machine # [    1.066867] acpiphp: Slot [30] registered
machine # [    1.067874] acpiphp: Slot [31] registered
machine # [    1.068847] PCI host bridge to bus 0000:00
machine # [    1.069793] pci_bus 0000:00: root bus resource [io  0x0000-0x0cf7 window]
machine # [    1.070792] pci_bus 0000:00: root bus resource [io  0x0d00-0xffff window]
machine # [    1.071792] pci_bus 0000:00: root bus resource [mem 0x000a0000-0x000bffff window]
machine # [    1.072792] pci_bus 0000:00: root bus resource [mem 0x40000000-0xfebfffff window]
machine # [    1.073792] pci_bus 0000:00: root bus resource [mem 0x380000000000-0x38007fffffff window]
machine # [    1.074792] pci_bus 0000:00: root bus resource [bus 00-ff]
machine # [    1.076025] pci 0000:00:00.0: [8086:1237] type 00 class 0x060000
machine # [    1.079956] pci 0000:00:01.0: [8086:7000] type 00 class 0x060100
machine # [    1.084943] pci 0000:00:01.1: [8086:7010] type 00 class 0x010180
machine # [    1.089534] pci 0000:00:01.1: reg 0x20: [io  0xc360-0xc36f]
machine # [    1.091435] pci 0000:00:01.1: legacy IDE quirk: reg 0x10: [io  0x01f0-0x01f7]
machine # [    1.091793] pci 0000:00:01.1: legacy IDE quirk: reg 0x14: [io  0x03f6]
machine # [    1.092792] pci 0000:00:01.1: legacy IDE quirk: reg 0x18: [io  0x0170-0x0177]
machine # [    1.093792] pci 0000:00:01.1: legacy IDE quirk: reg 0x1c: [io  0x0376]
machine # [    1.095548] pci 0000:00:01.2: [8086:7020] type 00 class 0x0c0300
machine # [    1.099597] pci 0000:00:01.2: reg 0x20: [io  0xc340-0xc35f]
machine # [    1.101862] pci 0000:00:01.3: [8086:7113] type 00 class 0x068000
machine # [    1.105865] pci 0000:00:01.3: quirk: [io  0xb000-0xb03f] claimed by PIIX4 ACPI
machine # [    1.106846] pci 0000:00:01.3: quirk: [io  0xb100-0xb10f] claimed by PIIX4 SMB
machine # [    1.109012] pci 0000:00:02.0: [1234:1111] type 00 class 0x030000
machine # [    1.111539] pci 0000:00:02.0: reg 0x10: [mem 0x80000000-0x80ffffff pref]
machine # [    1.114533] pci 0000:00:02.0: reg 0x18: [mem 0x8104d000-0x8104dfff]
machine # [    1.119501] pci 0000:00:02.0: reg 0x30: [mem 0xffff0000-0xffffffff pref]
machine # [    1.120048] pci 0000:00:02.0: BAR 0: assigned to efifb
machine # [    1.120979] pci 0000:00:02.0: Video device with shadowed ROM at [mem 0x000c0000-0x000dffff]
machine # [    1.124109] pci 0000:00:03.0: [1af4:1000] type 00 class 0x020000
machine # [    1.126158] pci 0000:00:03.0: reg 0x10: [io  0xc320-0xc33f]
machine # [    1.127755] pci 0000:00:03.0: reg 0x14: [mem 0x8104c000-0x8104cfff]
machine # [    1.130793] pci 0000:00:03.0: reg 0x20: [mem 0x380000000000-0x380000003fff 64bit pref]
machine # [    1.132754] pci 0000:00:03.0: reg 0x30: [mem 0xfffc0000-0xffffffff pref]
machine # [    1.137692] pci 0000:00:04.0: [1af4:1005] type 00 class 0x00ff00
machine # [    1.138794] pci 0000:00:04.0: reg 0x10: [io  0xc300-0xc31f]
machine # [    1.140718] pci 0000:00:04.0: reg 0x14: [mem 0x8104b000-0x8104bfff]
machine # [    1.144328] pci 0000:00:04.0: reg 0x20: [mem 0x380000004000-0x380000007fff 64bit pref]
machine # [    1.150718] pci 0000:00:05.0: [1af4:1009] type 00 class 0x000200
machine # [    1.151795] pci 0000:00:05.0: reg 0x10: [io  0xc240-0xc27f]
machine # [    1.153731] pci 0000:00:05.0: reg 0x14: [mem 0x8104a000-0x8104afff]
machine # [    1.156793] pci 0000:00:05.0: reg 0x20: [mem 0x380000008000-0x38000000bfff 64bit pref]
machine # [    1.163841] pci 0000:00:06.0: [1af4:1009] type 00 class 0x000200
machine # [    1.165794] pci 0000:00:06.0: reg 0x10: [io  0xc2e0-0xc2ff]
machine # [    1.167722] pci 0000:00:06.0: reg 0x14: [mem 0x81049000-0x81049fff]
machine # [    1.170794] pci 0000:00:06.0: reg 0x20: [mem 0x38000000c000-0x38000000ffff 64bit pref]
machine # [    1.177607] pci 0000:00:07.0: [1af4:1009] type 00 class 0x000200
machine # [    1.179111] pci 0000:00:07.0: reg 0x10: [io  0xc2c0-0xc2df]
machine # [    1.180750] pci 0000:00:07.0: reg 0x14: [mem 0x81048000-0x81048fff]
machine # [    1.183793] pci 0000:00:07.0: reg 0x20: [mem 0x380000010000-0x380000013fff 64bit pref]
machine # [    1.190497] pci 0000:00:08.0: [1af4:1001] type 00 class 0x010000
machine # [    1.192124] pci 0000:00:08.0: reg 0x10: [io  0xc180-0xc1ff]
machine # [    1.193707] pci 0000:00:08.0: reg 0x14: [mem 0x81047000-0x81047fff]
machine # [    1.196794] pci 0000:00:08.0: reg 0x20: [mem 0x380000014000-0x380000017fff 64bit pref]
machine # [    1.203556] pci 0000:00:09.0: [1af4:1001] type 00 class 0x010000
machine # [    1.205116] pci 0000:00:09.0: reg 0x10: [io  0xc100-0xc17f]
machine # [    1.206718] pci 0000:00:09.0: reg 0x14: [mem 0x81046000-0x81046fff]
machine # [    1.209452] pci 0000:00:09.0: reg 0x20: [mem 0x380000018000-0x38000001bfff 64bit pref]
machine # [    1.215431] pci 0000:00:0a.0: [1af4:1001] type 00 class 0x010000
machine # [    1.216794] pci 0000:00:0a.0: reg 0x10: [io  0xc080-0xc0ff]
machine # [    1.218730] pci 0000:00:0a.0: reg 0x14: [mem 0x81045000-0x81045fff]
machine # [    1.221398] pci 0000:00:0a.0: reg 0x20: [mem 0x38000001c000-0x38000001ffff 64bit pref]
machine # [    1.227416] pci 0000:00:0b.0: [1af4:1001] type 00 class 0x010000
machine # [    1.228793] pci 0000:00:0b.0: reg 0x10: [io  0xc000-0xc07f]
machine # [    1.230708] pci 0000:00:0b.0: reg 0x14: [mem 0x81044000-0x81044fff]
machine # [    1.233577] pci 0000:00:0b.0: reg 0x20: [mem 0x380000020000-0x380000023fff 64bit pref]
machine # [    1.239635] pci 0000:00:0c.0: [1af4:1000] type 00 class 0x020000
machine # [    1.240794] pci 0000:00:0c.0: reg 0x10: [io  0xc2a0-0xc2bf]
machine # [    1.242721] pci 0000:00:0c.0: reg 0x14: [mem 0x81043000-0x81043fff]
machine # [    1.245549] pci 0000:00:0c.0: reg 0x20: [mem 0x380000024000-0x380000027fff 64bit pref]
machine # [    1.246713] pci 0000:00:0c.0: reg 0x30: [mem 0xfffc0000-0xffffffff pref]
machine # [    1.251705] pci 0000:00:0d.0: [1af4:1052] type 00 class 0x090000
machine # [    1.254383] pci 0000:00:0d.0: reg 0x14: [mem 0x81042000-0x81042fff]
machine # [    1.257793] pci 0000:00:0d.0: reg 0x20: [mem 0x380000028000-0x38000002bfff 64bit pref]
machine # [    1.264337] pci 0000:00:0e.0: [1af4:1003] type 00 class 0x078000
machine # [    1.266167] pci 0000:00:0e.0: reg 0x10: [io  0xc200-0xc23f]
machine # [    1.267793] pci 0000:00:0e.0: reg 0x14: [mem 0x81041000-0x81041fff]
machine # [    1.272375] pci 0000:00:0e.0: reg 0x20: [mem 0x38000002c000-0x38000002ffff 64bit pref]
machine # [    1.278723] pci 0000:00:0f.0: [1af4:1005] type 00 class 0x00ff00
machine # [    1.279794] pci 0000:00:0f.0: reg 0x10: [io  0xc280-0xc29f]
machine # [    1.281793] pci 0000:00:0f.0: reg 0x14: [mem 0x81040000-0x81040fff]
machine # [    1.285794] pci 0000:00:0f.0: reg 0x20: [mem 0x380000030000-0x380000033fff 64bit pref]
machine # [    1.292697] ACPI: PCI: Interrupt link LNKA configured for IRQ 10
machine # [    1.293112] ACPI: PCI: Interrupt link LNKB configured for IRQ 10
machine # [    1.294087] ACPI: PCI: Interrupt link LNKC configured for IRQ 11
machine # [    1.295085] ACPI: PCI: Interrupt link LNKD configured for IRQ 11
machine # [    1.295940] ACPI: PCI: Interrupt link LNKS configured for IRQ 9
machine # [    1.297243] iommu: Default domain type: Translated
machine # [    1.297793] iommu: DMA domain TLB invalidation policy: lazy mode
machine # [    1.298941] Registered efivars operations
machine # [    1.300221] NetLabel: Initializing
machine # [    1.300793] NetLabel:  domain hash size = 128
machine # [    1.301792] NetLabel:  protocols = UNLABELED CIPSOv4 CALIPSO
machine # [    1.302811] NetLabel:  unlabeled traffic allowed by default
machine # [    1.303798] PCI: Using ACPI for IRQ routing
machine # [    1.307153] pci 0000:00:02.0: vgaarb: setting as boot VGA device
machine # [    1.307778] pci 0000:00:02.0: vgaarb: bridge control possible
machine # [    1.307778] pci 0000:00:02.0: vgaarb: VGA device added: decodes=io+mem,owns=io+mem,locks=none
machine # [    1.307794] vgaarb: loaded
machine # [    1.308893] hpet0: at MMIO 0xfed00000, IRQs 2, 8, 0
machine # [    1.309792] hpet0: 3 comparators, 64-bit 100.000000 MHz counter
machine # [    1.314839] clocksource: Switched to clocksource kvm-clock
machine # [    1.327220] VFS: Disk quotas dquot_6.6.0
machine # [    1.329988] VFS: Dquot-cache hash table entries: 512 (order 0, 4096 bytes)
machine # [    1.334992] pnp: PnP ACPI init
machine # [    1.337748] pnp: PnP ACPI: found 6 devices
machine # [    1.346893] clocksource: acpi_pm: mask: 0xffffff max_cycles: 0xffffff, max_idle_ns: 2085701024 ns
machine # [    1.353080] clocksource: Switched to clocksource acpi_pm
machine # [    1.356971] NET: Registered PF_INET protocol family
machine # [    1.360491] IP idents hash table entries: 16384 (order: 5, 131072 bytes, linear)
machine # [    1.366995] tcp_listen_portaddr_hash hash table entries: 512 (order: 1, 8192 bytes, linear)
machine # [    1.372980] Table-perturb hash table entries: 65536 (order: 6, 262144 bytes, linear)
machine # [    1.378390] TCP established hash table entries: 8192 (order: 4, 65536 bytes, linear)
machine # [    1.383969] TCP bind hash table entries: 8192 (order: 6, 262144 bytes, linear)
machine # [    1.389036] TCP: Hash tables configured (established 8192 bind 8192)
machine # [    1.393544] MPTCP token hash table entries: 1024 (order: 2, 24576 bytes, linear)
machine # [    1.398717] UDP hash table entries: 512 (order: 2, 16384 bytes, linear)
machine # [    1.403393] UDP-Lite hash table entries: 512 (order: 2, 16384 bytes, linear)
machine # [    1.408278] NET: Registered PF_UNIX/PF_LOCAL protocol family
machine # [    1.412347] NET: Registered PF_XDP protocol family
machine # [    1.415700] pci 0000:00:03.0: can't claim BAR 6 [mem 0xfffc0000-0xffffffff pref]: no compatible bridge window
machine # [    1.422478] pci 0000:00:0c.0: can't claim BAR 6 [mem 0xfffc0000-0xffffffff pref]: no compatible bridge window
machine # [    1.429307] pci 0000:00:03.0: BAR 6: assigned [mem 0x40000000-0x4003ffff pref]
machine # [    1.434396] pci 0000:00:0c.0: BAR 6: assigned [mem 0x40040000-0x4007ffff pref]
machine # [    1.439521] pci_bus 0000:00: resource 4 [io  0x0000-0x0cf7 window]
machine # [    1.443952] pci_bus 0000:00: resource 5 [io  0x0d00-0xffff window]
machine # [    1.448341] pci_bus 0000:00: resource 6 [mem 0x000a0000-0x000bffff window]
machine # [    1.453106] pci_bus 0000:00: resource 7 [mem 0x40000000-0xfebfffff window]
machine # [    1.457882] pci_bus 0000:00: resource 8 [mem 0x380000000000-0x38007fffffff window]
machine # [    1.463279] pci 0000:00:01.0: PIIX3: Enabling Passive Release
machine # [    1.467389] pci 0000:00:00.0: Limiting direct PCI/PCI transfers
machine # [    1.494200] ACPI: \_SB_.LNKD: Enabled at IRQ 11
machine # [    1.521014] pci 0000:00:01.2: quirk_usb_early_handoff+0x0/0x750 took 48074 usecs
machine # [    1.527152] PCI: CLS 0 bytes, default 64
machine # [    1.530165] Trying to unpack rootfs image as initramfs...
machine # [    1.534147] clocksource: tsc: mask: 0xffffffffffffffff max_cycles: 0x2fbd924e8de, max_idle_ns: 440795321919 ns
machine # [    1.548297] Initialise system trusted keyrings
machine # [    1.557165] workingset: timestamp_bits=40 max_order=18 bucket_order=0
machine # [    1.567401] zbud: loaded
machine # [    1.572268] Key type asymmetric registered
machine # [    1.578987] Asymmetric key parser 'x509' registered
machine # [    1.647062] Freeing initrd memory: 16720K
machine # [    1.654589] alg: self-tests for CTR-KDF (hmac(sha256)) passed
machine # [    1.658712] Block layer SCSI generic (bsg) driver version 0.4 loaded (major 252)
machine # [    1.664097] io scheduler mq-deadline registered
machine # [    1.667400] io scheduler kyber registered
machine # [    1.670660] Serial: 8250/16550 driver, 4 ports, IRQ sharing enabled
machine # [    1.675705] 00:04: ttyS0 at I/O 0x3f8 (irq = 4, base_baud = 115200) is a 16550A
machine # [    1.682210] intel_pstate: CPU model not supported
machine # [    1.685621] efifb: probing for efifb
machine # [    1.688278] efifb: framebuffer at 0x80000000, using 4000k, total 4000k
machine # [    1.692898] efifb: mode is 1280x800x32, linelength=5120, pages=1
machine # [    1.697210] efifb: scrolling: redraw
machine # [    1.699896] efifb: Truecolor: size=8:8:8:8, shift=24:16:8:0
machine # [    1.703951] fbcon: Deferring console take-over
machine # [    1.707223] fb0: EFI VGA frame buffer device
machine # [    1.710379] drop_monitor: Initializing network drop monitor service
machine # [    1.724306] NET: Registered PF_INET6 protocol family
machine # [    1.732243] Segment Routing with IPv6
machine # [    1.734897] In-situ OAM (IOAM) with IPv6
machine # [    1.738308] IPI shorthand broadcast: enabled
machine # [    1.741531] registered taskstats version 1
machine # [    1.744559] Loading compiled-in X.509 certificates
machine # [    1.748050] zswap: loaded using pool lzo/zbud
machine # [    1.751444] Key type .fscrypt registered
machine # [    1.754343] Key type fscrypt-provisioning registered
machine # [    1.759073] Unstable clock detected, switching default tracing clock to "global"
machine # [    1.759073] If you want to keep using the local clock, then add:
machine # [    1.759073]   "trace_clock=local"
machine # [    1.759073] on the kernel command line
machine # [    1.775366] Freeing unused decrypted memory: 2036K
machine # [    1.778450] Freeing unused kernel image (initmem) memory: 1876K
machine # [    1.781124] Write protecting the kernel read-only data: 22528k
machine # [    1.785244] Freeing unused kernel image (text/rodata gap) memory: 2040K
machine # [    1.788290] Freeing unused kernel image (rodata/data gap) memory: 660K
machine # [    1.831306] x86/mm: Checked W+X mappings: passed, no W+X pages found.
machine # [    1.834100] x86/mm: Checking user space page tables
machine # [    1.874434] x86/mm: Checked W+X mappings: passed, no W+X pages found.
machine # [    1.877084] Run /init as init process
machine # [    1.888676] systemd[1]: Inserted module 'autofs4'
machine # [    1.898430] systemd[1]: systemd 252.5 running in system mode (+PAM -AUDIT -SELINUX -APPARMOR +IMA +SMACK +SECCOMP -GCRYPT -GNUTLS +OPENSSL +ACL +BLKID -CURL -ELFUTILS +FIDO2 -IDN2 -IDN -IPTC +KMOD +LIBCRYPTSETUP +LIBFDISK -PCRE2 -PWQUALITY -P11KIT -QRENCODE +TPM2 -BZIP2 -LZ4 -XZ -ZLIB -ZSTD -BPF_FRAMEWORK -XKBCOMMON +UTMP -SYSVINIT default-hierarchy=unified)
machine # [    1.911118] systemd[1]: Detected virtualization kvm.
machine # [    1.913467] systemd[1]: Detected architecture x86-64.
machine # [    1.915750] systemd[1]: Running in initrd.
machine # [    1.917961] systemd[1]: No hostname configured, using default hostname.
machine # [    1.921081] systemd[1]: Hostname set to <localhost>.
machine # [    1.923480] systemd[1]: Initializing machine ID from random generator.
machine # [    1.979552] systemd[1]: Queued start job for default target Initrd Default Target.
machine # [    1.988051] systemd[1]: Created slice Slice /system/systemd-makefs.
machine # [    1.991386] systemd[1]: Started Dispatch Password Requests to Console Directory Watch.
machine # [    1.995304] systemd[1]: Reached target Initrd Root Device.
machine # [    1.998209] systemd[1]: Reached target Path Units.
machine # [    2.000686] systemd[1]: Reached target Slice Units.
machine # [    2.003224] systemd[1]: Reached target Swaps.
machine # [    2.005498] systemd[1]: Reached target Timer Units.
machine # [    2.008285] systemd[1]: Listening on Journal Audit Socket.
machine # [    2.011278] systemd[1]: Listening on Journal Socket (/dev/log).
machine # [    2.014378] systemd[1]: Listening on Journal Socket.
machine # [    2.017219] systemd[1]: Listening on udev Control Socket.
machine # [    2.020093] systemd[1]: Listening on udev Kernel Socket.
machine # [    2.022744] systemd[1]: Reached target Socket Units.
machine # [    2.025188] systemd[1]: Kernel Configuration File System was skipped because of an unmet condition check (ConditionPathExists=/sys/kernel/config).
machine # [    2.036293] systemd[1]: Starting Create List of Static Device Nodes...
machine # [    2.051258] systemd[1]: Starting Journal Service...
machine # [    2.058270] systemd[1]: Starting Load Kernel Modules...
machine # [    2.073234] systemd[1]: Starting Coldplug All udev Devices...
machine # [    2.093213] systemd[1]: Finished Create List of Static Device Nodes.
machine # [    2.118291] systemd[1]: Starting Create Static Device Nodes in /dev...
machine # [    2.144204] systemd[1]: Finished Create Static Device Nodes in /dev.
machine # [    2.161274] audit: type=1334 audit(1678068511.230:2): prog-id=6 op=LOAD
machine # [    2.165024] audit: type=1334 audit(1678068511.233:3): prog-id=7 op=LOAD
machine # [    2.173289] systemd[1]: Starting Rule-based Manager for Device Events and Files...
machine # [    2.188966] device-mapper: ioctl: 4.47.0-ioctl (2022-07-28) initialised: dm-devel@redhat.com
machine # [    2.206672] systemd[1]: Finished Load Kernel Modules.
machine # [    2.228273] systemd[1]: Starting Apply Kernel Variables...
machine # [    2.254399] systemd[1]: Finished Apply Kernel Variables.
machine # [    2.263460] systemd[1]: Started Rule-based Manager for Device Events and Files.
machine # [    2.288182] systemd[1]: Finished Coldplug All udev Devices.
machine # [    2.487090] systemd[1]: Started Journal Service.
machine # [    1.635276] systemd-modules-load[75]: Inserted module 'virtio_balloon'
machine # [    1.644278] systemd-modules-load[75]: Inserted module 'virtio_console'
machine # [    1.655533] systemd-modules-load[75]: Inserted module 'raid0'
machine # [    1.664672] systemd-modules-load[75]: Inserted module 'dm_mod'
machine # [    1.673593] systemd-udevd[80]: Using default interface naming scheme 'v252'.
machine # [    1.684607] systemd-udevd[80]: /nix/store/m1safh1fssisd0f7brzi65y3g9qixf0j-systemd-stage-1-252.5/lib/udev/rules.d/50-udev-default.rules:22 Unknown group 'tty', ignoring
machine # [    1.702791] systemd-udevd[80]: /nix/store/m1safh1fssisd0f7brzi65y3g9qixf0j-systemd-stage-1-252.5/lib/udev/rules.d/50-udev-default.rules:23 Unknown group 'tty', ignoring
machine # [    1.719173] systemd-udevd[80]: /nix/store/m1safh1fssisd0f7brzi65y3g9qixf0j-systemd-stage-1-252.5/lib/udev/rules.d/50-udev-default.rules:24 Unknown group 'tty', ignoring
machine # [    1.735090] systemd-udevd[80]: /nix/store/m1safh1fssisd0f7brzi65y3g9qixf0j-systemd-stage-1-252.5/lib/udev/rules.d/50-udev-default.rules:25 Unknown group 'tty', ignoring
machine # [    1.749916] systemd-udevd[80]: /nix/store/m1safh1fssisd0f7brzi65y3g9qixf0j-systemd-stage-1-252.5/lib/udev/rules.d/50-udev-default.rules:26 Unknown group 'tty', ignoring
machine # [    1.765216] systemd-udevd[80]: /nix/store/m1safh1fssisd0f7brzi65y3g9qixf0j-systemd-stage-1-252.5/lib/udev/rules.d/50-udev-default.rules:27 Unknown group 'tty', ignoring
machine # [    1.781498] systemd-udevd[80]: /nix/store/m1safh1fssisd0f7brzi65y3g9qixf0j-systemd-stage-1-252.5/lib/udev/rules.d/50-udev-default.rules:28 Unknown group 'tty', ignoring
machine # [    1.795972] systemd-udevd[80]: /nix/store/m1safh1fssisd0f7brzi65y3g9qixf0j-systemd-stage-1-252.5/lib/udev/rules.d/50-udev-default.rules:29 Unknown group 'dialout', ignoring
machine # [    1.812226] systemd-udevd[80]: /nix/store/m1safh1fssisd0f7brzi65y3g9qixf0j-systemd-stage-1-252.5/lib/udev/rules.d/50-udev-default.rules:31 Unknown group 'kmem', ignoring[    2.683707] i8042: PNP: PS/2 Controller [PNP0303:KBD,PNP0f13:MOU] at 0x60,0x64 irq 1,12
machine # 
machine # [    1.829525] systemd-udevd[80]: /nix/store/m1safh1fssisd0f7brzi65y3g9qixf0j-systemd-stage-1-252.5/lib/udev/rules.d/50-udev-default.rules:33 Unknown group 'input', ignoring[    2.697706] rtc_cmos 00:05: RTC can wake from S4
machine # 
machine # [    1.844773] systemd-udevd[80]: /nix/store/m1safh1fssisd0f7brzi65y3g9qixf0j-systemd-stage-1-252.5/lib/udev/rules.d/50-udev-default.rules:36 Unknown group 'video', ignoring
machine # [    1.860591] systemd-udevd[80]: /nix/store/m1safh1fssisd0f7brzi65y3g9qixf0j-systemd-stage-1-252.5/lib/udev/rules.d/50-udev-default.rules:37 Unknown group 'video', ignoring[    2.730059] rtc_cmos 00:05: registered as rtc0
machine # 
machine # [    1.876824] systemd-udevd[80]: /nix/store/m1safh1fssisd0f7brzi65y3g9qixf0j-systemd-stage-1-252.5/lib/udev/rules.d/50-udev-default.rules:38 Unknown group 'video', ignoring[    2.746416] serio: i8042 KBD port at 0x60,0x64 irq 1
machine # [    2.749045] rtc_cmos 00:05: alarms up to one day, y3k, 242 bytes nvram
machine # 
machine # [    1.895658] systemd-udevd[80]: /nix/store/m1safh1fssisd0f7brzi65y3g9qixf0j-systemd-stage-1-252.5/lib/udev/rules.d/50-udev-default.rules:39 Unknown group 'video', ignoring[    2.765976] serio: i8042 AUX port at 0x60,0x64 irq 12
machine # 
machine # [    1.911083] systemd-udevd[80]: /nix/store/m1safh1fssisd0f7brzi65y3g9qixf0j-systemd-stage-1-252.5/lib/udev/rules.d/50-udev-default.rules:40 Unknown group 'video', ignoring
machine # [    1.926199] systemd-udevd[80]: /nix/store/m1safh1fssisd0f7brzi65y3g9qixf0j-systemd-stage-1-252.5/lib/udev/rules.d/50-udev-default.rules:41 Unknown group 'video', ignoring
machine # [    1.941204] systemd-udevd[80]: /nix/store/m1safh1fssisd0f7brzi65y3g9qixf0j-systemd-stage-1-252.5/lib/udev/rules.d/50-udev-default.rules:43 Unknown group 'render', ignoring
machine # [    1.956217] systemd-udevd[80]: /nix/store/m1safh1fssisd0f7brzi65y3g9qixf0j-systemd-stage-1-252.5/lib/udev/rules.d/50-udev-default.rules:44 Unknown group 'render', ignoring
machine # [    1.971230] systemd-udevd[80]: /nix/store/m1safh1fssisd0f7brzi65y3g9qixf0j-systemd-stage-1-252.5/lib/udev/rules.d/50-udev-default.rules:46 Unknown group 'sgx', ignoring
machine # [    1.986882] systemd-udevd[80]: /nix/store/m1safh1fssisd0f7brzi65y3g9qixf0j-systemd-stage-1-252.5/lib/udev/rules.d/50-udev-default.rules:47 Unknown group 'sgx', ignoring
machine # [    2.002192] systemd-udevd[80]: /nix/store/m1safh1fssisd0f7brzi65y3g9qixf0j-systemd-stage-1-252.5/lib/udev/rules.d/50-udev-default.rules:53 Unknown group 'audio', ignoring
machine # [    2.017886] systemd-udevd[80]: /nix/store/m1safh1fssisd0f7brzi65y3g9qixf0j-systemd-stage-1-252.5/lib/udev/rules.d/50-udev-default.rules:63 Unknown group 'audio', ignoring
machine # [    2.032203] systemd-udevd[80]: /nix/store/m1safh1fssisd0f7brzi65y3g9qixf0j-systemd-stage-1-252.5/lib/udev/rules.d/50-udev-default.rules:64 Unknown group 'audio', ignoring
machine # [    2.047220] systemd-udevd[80]: /nix/store/m1safh1fssisd0f7brzi65y3g9qixf0j-systemd-stage-1-252.5/lib/udev/rules.d/50-udev-default.rules:65 Unknown group 'video', ignoring
machine # [    2.063871] systemd-udevd[80]: /nix/store/m1safh1fssisd0f7brzi65y3g9qixf0j-systemd-stage-1-252.5/lib/udev/rules.d/50-udev-default.rules:67 Unknown group 'lp', ignoring
machine # [    2.078226] systemd-udevd[80]: /nix/store/m1safh1fssisd0f7brzi65y3g9qixf0j-systemd-stage-1-252.5/lib/udev/rules.d/50-udev-default.rules:68 Unknown group 'lp', ignoring[    2.949279] SCSI subsystem initialized
machine # 
machine # [    2.093536] systemd-udevd[80]: /nix/store/m1safh1fssisd0f7brzi65y3g9qixf0j-systemd-stage-1-252.5/lib/udev/rules.d/50-udev-default.rules:69 Unknown group 'lp', ignoring
machine # [    2.108170] systemd-udevd[80]: /nix/store/m1safh1fssisd0f7brzi65y3g9qixf0j-systemd-stage-1-252.5/lib/udev/rules.d/50-udev-default.rules:70 Unknown group 'lp', ignoring
machine # [    2.124187] systemd-udevd[80]: /nix/store/m1safh1fssisd0f7brzi65y3g9qixf0j-systemd-stage-1-252.5/lib/udev/rules.d/50-udev-default.rules:71 Unknown group 'lp', ignoring
machine # [    2.139200] systemd-udevd[80]: /nix/store/m1safh1fssisd0f7brzi65y3g9qixf0j-systemd-stage-1-252.5/lib/udev/rules.d/50-udev-default.rules:72 Unknown group 'lp', ignoring[    3.005994] ACPI: bus type USB registered
machine # 
machine # [    2.155750] systemd-udevd[80]: /nix/store/m1safh1fssisd0f7brzi65y3g9qixf0j-systemd-stage-1-252.5/lib/udev/rules.d/50-udev-default.rules:74 Unknown group 'disk', ignoring[    3.021992] usbcore: registered new interface driver usbfs
machine # 
machine # [    2.171138] systemd-udevd[80]: /nix/store/m1safh1fssisd0f7brzi65y3g9qixf0j-systemd-stage-1-252.5/lib/udev/rules.d/50-udev-default.rules:75 Unknown group 'cdrom', ignoring[    3.037966] usbcore: registered new interface driver hub
machine # 
machine # [    2.186649] systemd-udevd[80]: /nix/store/m1safh1fssisd0f7brzi65y3g9qixf0j-systemd-stage-1-252.5/lib/udev/rules.d/50-udev-default.rules:76 Unknown group 'cdrom', ignoring[    3.054997] usbcore: registered new device driver usb
machine # 
machine # [    2.203151] systemd-udevd[80]: /nix/store/m1safh1fssisd0f7brzi65y3g9qixf0j-systemd-stage-1-252.5/lib/udev/rules.d/50-udev-default.rules:77 Unknown group 'cdrom', ignoring
machine # [    2.219851] systemd-udevd[80]: /nix/store/m1safh1fssisd0f7brzi65y3g9qixf0j-systemd-stage-1-252.5/lib/udev/rules.d/50-udev-default.rules:78 Unknown group 'cdrom', ignoring[    3.088081] ACPI: \_SB_.LNKC: Enabled at IRQ 10
machine # 
machine # [    2.234227] systemd-udevd[80]: /nix/store/m1safh1fssisd0f7brzi65y3g9qixf0j-systemd-stage-1-252.5/lib/udev/rules.d/50-udev-default.rules:79 Unknown group 'cdrom', ignoring
machine # [    2.250525] systemd-udevd[80]: /nix/store/m1safh1fssisd0f7brzi65y3g9qixf0j-systemd-stage-1-252.5/lib/udev/rules.d/50-udev-default.rules:81 Unknown group 'tape', ignoring
machine # [    2.266145] systemd-udevd[80]: /nix/store/m1safh1fssisd0f7brzi65y3g9qixf0j-systemd-stage-1-252.5/lib/udev/rules.d/50-udev-default.rules:82 Unknown group 'disk', ignoring
machine # [    2.281220] systemd-udevd[80]: /nix/store/m1safh1fssisd0f7brzi65y3g9qixf0j-systemd-stage-1-252.5/lib/udev/rules.d/50-udev-default.rules:83 Unknown group 'disk', ignoring[    3.146532] scsi host0: ata_piix
machine # 
machine # [    3.155038] scsi host1: ata_piix
machine # [    2.299501] systemd-udevd[80]: /nix/store/m1safh1fssisd0f7brzi65y3g9qixf0j-systemd-stage-1-252.5/lib/udev/rules.d/50-udev-default.rules:84 Unknown group 'disk', ignoring[    3.164972] ata1: PATA max MWDMA2 cmd 0x1f0 ctl 0x3f6 bmdma 0xc360 irq 14
machine # [    3.167942] ata2: PATA max MWDMA2 cmd 0x170 ctl 0x376 bmdma 0xc368 irq 15
machine # 
machine # [    2.318007] systemd-udevd[80]: /nix/store/m1safh1fssisd0f7brzi65y3g9qixf0j-systemd-stage-1-252.5/lib/udev/rules.d/50-udev-default.rules:85 Unknown group 'disk', ignoring
machine # [    2.334839] systemd-udevd[80]: /nix/store/m1safh1fssisd0f7brzi65y3g9qixf0j-systemd-stage-1-252.5/lib/udev/rules.d/50-udev-default.rules:86 Unknown group 'disk', ignoring
machine # [    2.348157] systemd-udevd[80]: /nix/store/m1safh1fssisd0f7brzi65y3g9qixf0j-systemd-stage-1-252.5/lib/udev/rules.d/50-udev-default.rules:87 Unknown group 'disk', ignoring
machine # [    2.363168] systemd-udevd[80]: /nix/store/m1safh1fssisd0f7brzi65y3g9qixf0j-systemd-stage-1-252.5/lib/udev/rules.d/50-udev-default.rules:88 Unknown group 'disk', ignoring
machine # [    2.380812] systemd-udevd[80]: /nix/store/m1safh1fssisd0f7brzi65y3g9qixf0j-systemd-stage-1-252.5/lib/udev/rules.d/50-udev-default.rules:97 Unknown group 'kvm', ignoring
machine # [    2.393170] systemd-udevd[80]: /nix/store/m1safh1fssisd0f7brzi65y3g9qixf0j-systemd-stage-1-252.5/lib/udev/rules.d/50-udev-default.rules:102 Unknown group 'kvm', ignoring
machine # [    2.407639] systemd-udevd[80]: /nix/store/m1safh1fssisd0f7brzi65y3g9qixf0j-systemd-stage-1-252.5/lib/udev/rules.d/50-udev-default.rules:104 Unknown group 'kvm', ignoring[    3.273778] uhci_hcd 0000:00:01.2: UHCI Host Controller
machine # 
machine # [    3.281173] uhci_hcd 0000:00:01.2: new USB bus registered, assigned bus number 1
machine # [    2.427581] systemd-udevd[80]: /nix/store/m1safh1fssisd0f7brzi65y3g9qixf0j-systemd-stage-1-252.5/lib/udev/rules.d/50-udev-default.rules:106 Unknown group 'kvm', ignoring[    3.293001] uhci_hcd 0000:00:01.2: detected 2 ports
machine # 
machine # [    3.300960] uhci_hcd 0000:00:01.2: irq 11, io port 0x0000c340
machine # [    2.445269] systemd-udevd[83]: event_source: Failed to get device name: No such file or directory
machine # [    3.310702] usb usb1: New USB device found, idVendor=1d6b, idProduct=0001, bcdDevice= 6.01
machine # [    3.314266] usb usb1: New USB device strings: Mfr=3, Product=2, SerialNumber=1
machine # [    3.317437] usb usb1: Product: UHCI Host Controller
machine # [    3.319646] usb usb1: Manufacturer: Linux 6.1.15 uhci_hcd
machine # [    3.322066] usb usb1: SerialNumber: 0000:00:01.2
machine # [    3.332758] ata2: found unknown device (class 0)
machine # [    3.337484] hub 1-0:1.0: USB hub found
machine # [    3.341243] ata2.00: ATAPI: QEMU DVD-ROM, 2.5+, max UDMA/100
machine # [    3.347950] hub 1-0:1.0: 2 ports detected
machine # [    3.354184] scsi 1:0:0:0: CD-ROM            QEMU     QEMU DVD-ROM     2.5+ PQ: 0 ANSI: 5
machine # [    3.384184] ACPI: \_SB_.LNKA: Enabled at IRQ 10
machine # [    3.421562] ACPI: \_SB_.LNKB: Enabled at IRQ 11
machine # [    3.581943] usb 1-1: new full-speed USB device number 2 using uhci_hcd
machine # [    3.759179] usb 1-1: New USB device found, idVendor=0627, idProduct=0001, bcdDevice= 0.00
machine # [    3.762983] usb 1-1: New USB device strings: Mfr=1, Product=3, SerialNumber=10
machine # [    3.766146] usb 1-1: Product: QEMU USB Tablet
machine # [    3.768182] usb 1-1: Manufacturer: QEMU
machine # [    3.769990] usb 1-1: SerialNumber: 28754-0000:00:01.2-1
machine # [    3.817654] input: AT Translated Set 2 keyboard as /devices/platform/i8042/serio0/input/input0
machine # [    3.873575] virtio_blk virtio5: 1/0/0 default/read/poll queues
machine # [    3.886022] 9pnet: Installing 9P2000 support
machine # [    3.907031] virtio_blk virtio5: [vda] 2097152 512-byte logical blocks (1.07 GB/1.00 GiB)
machine # [    3.915740] sr 1:0:0:0: [sr0] scsi3-mmc drive: 4x/4x cd/rw xa/form2 tray
machine # [    3.918618] cdrom: Uniform CD-ROM driver Revision: 3.20
machine # [    3.939150] virtio_blk virtio6: 1/0/0 default/read/poll queues
machine # [    3.995064] virtio_blk virtio6: [vdb] 245760 512-byte logical blocks (126 MB/120 MiB)
machine # [    3.150539] systemd-udevd[86]: Network interface NamePolicy= disabled on kernel command line.
machine # [    3.180243] systemd-udevd[84]: eth1: Config file /nix/store/vcgrvcj9yp01k8crbngfhbzqwdg26jrr-initrd-link-units/40-eth1.link is applied to device based on potentially unpredictable interface name.
machine # [    3.198111] systemd-udevd[84]: Network interface NamePolicy= disabled on kernel command line.[    4.063546] hid: raw HID events driver (C) Jiri Kosina
machine # 
machine # [    4.066690]  vdb: vdb1 vdb2
machine # [    4.079993] virtio_blk virtio7: 1/0/0 default/read/poll queues
machine # [    3.244523] systemd-udevd[89]: vtcon0: Process '/nix/store/m1safh1fssisd0f7brzi65y3g9qixf0j-systemd-stage-1-252.5/lib/systemd/systemd-vconsole-setup' failed with exit code 1.
machine # [    4.121777] usbcore: registered new interface driver usbhid
machine # [    4.124215] usbhid: USB HID core driver
machine # [    4.131565] virtio_blk virtio7: [vdc] 1048576 512-byte logical blocks (537 MB/512 MiB)
machine # [    4.146982] virtio_blk virtio8: 1/0/0 default/read/poll queues
machine # [    4.149624] input: QEMU QEMU USB Tablet as /devices/pci0000:00/0000:00:01.2/usb1/1-1/1-1:1.0/0003:0627:0001.0001/input/input2
machine # [    4.161239] hid-generic 0003:0627:0001.0001: input,hidraw0: USB HID v0.01 Mouse [QEMU QEMU USB Tablet] on usb-0000:00:01.2-1/input0
machine # [    4.166738] virtio_blk virtio8: [vdd] 1048576 512-byte logical blocks (537 MB/512 MiB)
machine # [    3.429059] systemd[1]: Found device /dev/vda.
machine # [    3.447649] systemd[1]: Starting Make File System on /dev/vda...
machine # [    3.525623] systemd-makefs[115]: /dev/vda successfully formatted as ext4 (label "vda", uuid fe6a9eac-60e0-4685-8413-4c4635400990)
machine # [    3.553840] systemd[1]: Finished Make File System on /dev/vda.
machine # [    3.569639] systemd[1]: Mounting /sysroot...
machine # [    4.518783] EXT4-fs (vda): mounted filesystem with ordered data mode. Quota mode: none.
machine # [    3.668104] systemd[1]: Mounted /sysroot.
machine # [    3.672674] systemd[1]: Reached target Initrd Root File System.
machine # [    3.681505] systemd[1]: Mounting /sysroot/nix/.ro-store...
machine # [    3.686655] systemd[1]: Mounting /sysroot/nix/.rw-store...
machine # [    3.697187] systemd[1]: Mounting /sysroot/tmp/shared...
machine # [    3.709159] systemd[1]: Mounting /sysroot/tmp/xchg...[    4.578039] FS-Cache: Loaded
machine # 
machine # [    3.739650] systemd[1]: Starting Mountpoints Configured in the Real Root...
machine # [    3.774912] systemd[1]: Mounted /sysroot/nix/.rw-store.[    4.645384] 9p: Installing v9fs 9p2000 file system support
machine # 
machine # [    3.795888] systemd[1]: Starting rw-store.service...
machine # [    3.811188] systemd[1]: rw-store.service: Deactivated successfully.
machine # [    3.823547] systemd[1]: Finished rw-store.service.
machine # [    3.832872] systemd[1]: Mounted /sysroot/nix/.ro-store.
machine # [    3.837779] systemd[1]: Mounted /sysroot/tmp/shared.
machine # [    3.841220] systemd[1]: Mounted /sysroot/tmp/xchg.
machine # [    3.844620] systemd[1]: initrd-parse-etc.service: Deactivated successfully.
machine # [    3.849010] systemd[1]: Finished Mountpoints Configured in the Real Root.
machine # [    4.564803] systemd[1]: Mounting /sysroot/nix/store...
machine # [    4.588985] systemd[1]: Mounted /sysroot/nix/store.
machine # [    4.594041] systemd[1]: Reached target Initrd File Systems.
machine # [    4.599738] systemd[1]: Reached target Local File Systems.
machine # [    4.610587] systemd[1]: Starting Create Volatile Files and Directories...
machine # [    4.622263] systemd[1]: Finished Create Volatile Files and Directories.
machine # [    4.634624] systemd[1]: Reached target System Initialization.
machine # [    4.642516] systemd[1]: Reached target Basic System.
machine # [    4.651704] systemd[1]: System is tainted: var-run-bad
machine # [    4.659936] systemd[1]: Starting NixOS Activation...
machine # [    4.835278] initrd-nixos-activation-start[142]: booting system configuration /nix/store/n9w5rc0g51daa43k0976yhslcfagjzmr-nixos-system-machine-23.05pre-git
machine # [    4.908555] initrd-nixos-activation-start[142]: running activation script...
machine # [    5.409004] initrd-nixos-activation-start[169]: setting up /etc...
machine # [    6.322124] systemd[1]: initrd-nixos-activation.service: Deactivated successfully.
machine # [    6.329052] systemd[1]: Finished NixOS Activation.
machine # [    6.333229] systemd[1]: Reached target Initrd Default Target.
machine # [    6.342045] systemd[1]: Starting Cleaning Up and Shutting Down Daemons...
machine # [    6.355225] systemd[1]: Stopped target Initrd Default Target.
machine # [    6.367174] systemd[1]: Stopped target Basic System.
machine # [    6.383236] systemd[1]: Stopped target Initrd Root Device.
machine # [    6.397792] systemd[1]: Stopped target Path Units.
machine # [    6.406631] systemd[1]: systemd-ask-password-console.path: Deactivated successfully.
machine # [    6.416263] systemd[1]: Stopped Dispatch Password Requests to Console Directory Watch.
machine # [    6.422530] systemd[1]: Stopped target Slice Units.
machine # [    6.433760] systemd[1]: Stopped target Socket Units.
machine # [    6.440099] systemd[1]: Stopped target System Initialization.
machine # [    6.452548] systemd[1]: Stopped target Swaps.
machine # [    6.456281] systemd[1]: Stopped target Timer Units.
machine # [    6.470061] systemd[1]: systemd-sysctl.service: Deactivated successfully.
machine # [    6.483057] systemd[1]: Stopped Apply Kernel Variables.
machine # [    6.487485] systemd[1]: systemd-modules-load.service: Deactivated successfully.
machine # [    6.500106] systemd[1]: Stopped Load Kernel Modules.
machine # [    6.504537] systemd[1]: systemd-tmpfiles-setup.service: Deactivated successfully.
machine # [    6.515840] systemd[1]: Stopped Create Volatile Files and Directories.
machine # [    6.519890] systemd[1]: Stopped target Local File Systems.
machine # [    6.528521] systemd[1]: systemd-udev-trigger.service: Deactivated successfully.
machine # [    6.536235] systemd[1]: Stopped Coldplug All udev Devices.
machine # [    6.544494] systemd[1]: Stopping Rule-based Manager for Device Events and Files...
machine # [    6.555926] systemd[1]: run-credentials-systemd\x2dtmpfiles\x2dsetup.service.mount: Deactivated successfully.
machine # [    6.566224] systemd[1]: run-credentials-systemd\x2dsysctl.service.mount: Deactivated successfully.
machine # [    6.576579] systemd[1]: initrd-cleanup.service: Deactivated successfully.
machine # [    6.584278] systemd[1]: Finished Cleaning Up and Shutting Down Daemons.
machine # [    6.592260] systemd[1]: systemd-udevd.service: Deactivated successfully.
machine # [    6.600220] systemd[1]: Stopped Rule-based Manager for Device Events and Files.
machine # [    6.608102] systemd[1]: systemd-udevd.service: Consumed 1.401s CPU time.
machine # [    6.614808] systemd[1]: systemd-udevd-control.socket: Deactivated successfully.
machine # [    6.620138] systemd[1]: Closed udev Control Socket.
machine # [    6.623736] systemd[1]: systemd-udevd-kernel.socket: Deactivated successfully.
machine # [    7.490557] systemd-journald[74]: Received SIGTERM from PID 1 (systemd).
machine # [    6.639138] systemd[1]: Closed udev Kernel Socket.
machine # [    6.646017] systemd[1]: Starting Cleanup udev Database...
machine # [    6.654617] systemd[1]: systemd-tmpfiles-setup-dev.service: Deactivated successfully.
machine # [    6.662699] systemd[1]: Stopped Create Static Device Nodes in /dev.
machine # [    6.668747] systemd[1]: kmod-static-nodes.service: Deactivated successfully.
machine # [    6.673740] systemd[1]: Stopped Create List of Static Device Nodes.
machine # [    6.678595] systemd[1]: run-credentials-systemd\x2dtmpfiles\x2dsetup\x2ddev.service.mount: Deactivated successfully.
machine # [    6.685622] systemd[1]: initrd-udevadm-cleanup-db.service: Deactivated successfully.
machine # [    6.690996] systemd[1]: Finished Cleanup udev Database.
machine # [    6.695192] systemd[1]: Reached target Switch Root.
machine # [    6.699529] systemd[1]: Starting Switch Root...
machine # [    6.703669] systemd[1]: Switching root.
machine # [    7.822336] systemd[1]: systemd 252.5 running in system mode (+PAM +AUDIT -SELINUX +APPARMOR +IMA +SMACK +SECCOMP +GCRYPT -GNUTLS +OPENSSL +ACL +BLKID +CURL +ELFUTILS +FIDO2 +IDN2 -IDN +IPTC +KMOD +LIBCRYPTSETUP +LIBFDISK +PCRE2 -PWQUALITY +P11KIT -QRENCODE +TPM2 +BZIP2 +LZ4 +XZ +ZLIB +ZSTD +BPF_FRAMEWORK -XKBCOMMON +UTMP -SYSVINIT default-hierarchy=unified)
machine # [    7.835355] systemd[1]: Detected virtualization kvm.
machine # [    7.837719] systemd[1]: Detected architecture x86-64.
machine # [    7.843712] systemd[1]: Initializing machine ID from random generator.
machine # [    7.875304] audit: type=1334 audit(1678068516.945:4): prog-id=8 op=LOAD
machine # [    7.878303] audit: type=1334 audit(1678068516.948:5): prog-id=8 op=UNLOAD
machine # [    7.881463] audit: type=1334 audit(1678068516.951:6): prog-id=9 op=LOAD
machine # [    7.884621] audit: type=1334 audit(1678068516.951:7): prog-id=9 op=UNLOAD
machine # [    7.901412] audit: type=1334 audit(1678068516.971:8): prog-id=10 op=LOAD
machine # [    7.904570] audit: type=1334 audit(1678068516.974:9): prog-id=10 op=UNLOAD
machine # [    7.908070] audit: type=1334 audit(1678068516.977:10): prog-id=11 op=LOAD
machine # [    7.911140] audit: type=1334 audit(1678068516.977:11): prog-id=11 op=UNLOAD
machine # [    7.917101] audit: type=1334 audit(1678068516.986:12): prog-id=12 op=LOAD
machine # [    7.923974] audit: type=1334 audit(1678068516.986:13): prog-id=12 op=UNLOAD
machine # [    8.194598] systemd[1]: bpf-lsm: LSM BPF program attached
machine # [    9.069005] systemd[1]: initrd-switch-root.service: Current command vanished from the unit file, execution of the command list won't be resumed.
machine # [    9.076184] systemd[1]: systemd-journald.service: Current command vanished from the unit file, execution of the command list won't be resumed.
machine # [    9.122662] systemd[1]: initrd-switch-root.service: Deactivated successfully.
machine # [    9.129689] systemd[1]: Stopped initrd-switch-root.service.
machine # [    9.134770] systemd[1]: systemd-journald.service: Scheduled restart job, restart counter is at 1.
machine # [    9.140073] systemd[1]: Created slice Slice /system/getty.
machine # [    9.143654] systemd[1]: Created slice Slice /system/modprobe.
machine # [    9.147605] systemd[1]: Created slice User and Session Slice.
machine # [    9.150557] systemd[1]: Started Dispatch Password Requests to Console Directory Watch.
machine # [    9.154380] systemd[1]: Started Forward Password Requests to Wall Directory Watch.
machine # [    9.158277] systemd[1]: Reached target Local Encrypted Volumes.
machine # [    9.161074] systemd[1]: Stopped target initrd-fs.target.
machine # [    9.163583] systemd[1]: Stopped target initrd-root-fs.target.
machine # [    9.166292] systemd[1]: Stopped target initrd-switch-root.target.
machine # [    9.169274] systemd[1]: Reached target Containers.
machine # [    9.171723] systemd[1]: Reached target Path Units.
machine # [    9.174170] systemd[1]: Reached target Remote File Systems.
machine # [    9.177075] systemd[1]: Reached target Slice Units.
machine # [    9.179547] systemd[1]: Reached target Swaps.
machine # [    9.187267] systemd[1]: Listening on Process Core Dump Socket.
machine # [    9.191082] systemd[1]: Listening on Userspace Out-Of-Memory (OOM) Killer Socket.
machine # [    9.196620] systemd[1]: Listening on udev Control Socket.
machine # [    9.199598] systemd[1]: Listening on udev Kernel Socket.
machine # [    9.206233] systemd[1]: Mounting Huge Pages File System...
machine # [    9.211675] systemd[1]: Mounting POSIX Message Queue File System...
machine # [    9.225195] systemd[1]: Mounting Kernel Debug File System...
machine # [    9.234338] systemd[1]: Starting Create List of Static Device Nodes...
machine # [    9.251304] systemd[1]: Starting Load Kernel Module configfs...
machine # [    9.261669] systemd[1]: Starting Load Kernel Module drm...
machine # [    9.279591] systemd[1]: Starting Load Kernel Module efi_pstore...
machine # [    9.297526] systemd[1]: Starting Load Kernel Module fuse...
machine # [    9.317186] systemd[1]: Starting mount-pstore.service...
machine # [    9.332258] systemd[1]: File System Check on Root Device was skipped because of an unmet condition check (ConditionPathIsReadWrite=!/).
machine # [    9.350656] fuse: init (API version 7.37)
machine # [    9.353777] systemd[1]: Stopped Journal Service.
machine # [    9.369689] pstore: Using crash dump compression: deflate
machine # [    9.372299] pstore: Registered efi as persistent store backend
machine # [    9.380045] systemd[1]: Starting Journal Service...
machine # [    9.387147] systemd[1]: systemd-makefs@dev-vda.service: Deactivated successfully.
machine # [    9.401106] systemd[1]: Stopped systemd-makefs@dev-vda.service.
machine # [    9.422522] ACPI: bus type drm_connector registered
machine # [    9.425491] systemd[1]: Starting Load Kernel Modules...
machine # [    9.438674] systemd[1]: Starting Remount Root and Kernel File Systems...
machine # [    9.466574] systemd[1]: Starting Coldplug All udev Devices...
machine # [    9.496655] systemd[1]: Mounted Huge Pages File System.
machine # [    9.510465] systemd[1]: Mounted POSIX Message Queue File System.
machine # [    9.521078] EXT4-fs (vda): re-mounted. Quota mode: none.
machine # [    9.531534] systemd[1]: Mounted Kernel Debug File System.
machine # [    9.553251] systemd[1]: Finished Create List of Static Device Nodes.
machine # [    9.572967] systemd[1]: modprobe@configfs.service: Deactivated successfully.
machine # [    9.582242] bridge: filtering via arp/ip/ip6tables is no longer available by default. Update your scripts to load br_netfilter if you need this.
machine # [    9.593707] systemd[1]: Finished Load Kernel Module configfs.
machine # [    9.602686] systemd[1]: Started Journal Service.
machine # [    9.635210] tun: Universal TUN/TAP device driver, 1.6
machine # [    9.671089] loop: module loaded
machine # [    9.809165] systemd-journald[315]: Received client request to flush runtime journal.
machine # [    9.760515] systemd[1]: Queued start job for default target Multi-User System.
machine # [    9.790924] systemd[1]: systemd-journald.service: Deactivated successfully.
machine # [    9.809165] systemd-modules-load[316]: Inserted module 'bridge'
machine # [    9.825988] systemd-modules-load[316]: Inserted module 'macvlan'
machine # [    9.840997] systemd[1]: modprobe@drm.service: Deactivated successfully.
machine # [    9.856937] systemd-modules-load[316]: Inserted module 'tap'
machine # [    9.871707] systemd[1]: Finished Load Kernel Module drm.
machine # [    9.886716] systemd[1]: modprobe@efi_pstore.service: Deactivated successfully.
machine # [    9.908131] systemd[1]: Finished Load Kernel Module efi_pstore.
machine # [    9.933015] systemd[1]: modprobe@fuse.service: Deactivated successfully.
machine # [    9.946742] systemd-modules-load[316]: Inserted module 'tun'
machine # [    9.960642] systemd[1]: Finished Load Kernel Module fuse.
machine # [    9.982682] systemd[1]: Finished Remount Root and Kernel File Systems.
machine # [   10.001751] systemd-modules-load[316]: Inserted module 'loop'
machine # [   10.024201] systemd[1]: Mounting FUSE Control File System...
machine # [   10.051973] systemd[1]: Mounting Kernel Configuration File System...
machine # [   10.072166] systemd[1]: Starting Flush Journal to Persistent Storage...
machine # [   10.101776] systemd[1]: Starting Load/Save Random Seed...
machine # [   10.128573] systemd[1]: Starting Create Static Device Nodes in /dev...
machine # [   10.164014] systemd[1]: Finished Load Kernel Modules.
machine # [   10.179672] systemd[1]: Finished mount-pstore.service.
machine # [   10.206524] systemd[1]: Mounted FUSE Control File System.
machine # [   10.226917] systemd[1]: Mounted Kernel Configuration File System.
machine # [   10.242206] systemd[1]: Finished Load/Save Random Seed.
machine # [   10.276895] systemd[1]: Starting Firewall...
machine # [   10.299696] systemd[1]: Platform Persistent Storage Archival was skipped because of an unmet condition check (ConditionDirectoryNotEmpty=/sys/fs/pstore).
machine # [   10.332867] systemd[1]: Starting Apply Kernel Variables...
machine # [   10.391589] systemd[1]: Finished Coldplug All udev Devices.
machine # [   10.413507] systemd[1]: Finished Create Static Device Nodes in /dev.
machine # [   10.431053] systemd[1]: Reached target Preparation for Local File Systems.
machine # [   10.449722] systemd[1]: Starting Rule-based Manager for Device Events and Files...
machine # [   10.467835] systemd[1]: Finished Apply Kernel Variables.
machine # [   10.483043] systemd-udevd[335]: Using default interface naming scheme 'v252'.
machine # [   10.502231] systemd[1]: Started Rule-based Manager for Device Events and Files.
machine # [   10.555976] systemd[1]: Finished Flush Journal to Persistent Storage.
machine # [   10.592755] systemd-udevd[399]: Network interface NamePolicy= disabled on kernel command line.
machine # [   10.639878] systemd[1]: Condition check resulted in /dev/vdb2 being skipped.
machine # [   10.670885] systemd[1]: Mounting /boot...
machine # [   10.702791] systemd[1]: Condition check resulted in /dev/ttyS0 being skipped.
machine # [   10.728972] systemd[1]: Condition check resulted in /dev/hvc0 being skipped.
machine # [   10.759739] systemd-udevd[389]: eth1: Config file /etc/systemd/network/40-eth1.link is applied to device based on potentially unpredictable interface name.
machine # [   10.835963] systemd-udevd[389]: Network interface NamePolicy= disabled on kernel command line.
machine # connecting to host...
machine # [   11.807531] 8021q: 802.1Q VLAN Support v1.8
machine # [   10.956775] dhcpcd[455]: dhcpcd-9.4.1 starting
machine: connected to guest root shell
machine: (connecting took 20.98 seconds)
machine # [   10.998506] systemd[1]: Mounted /boot.
(finished: waiting for the VM to finish booting, in 21.13 seconds)
machine # [   11.029823] dhcpcd[460]: dev: loaded udev
machine # [   11.049947] systemd[1]: Reached target Local File Systems.
machine # [   11.077844] j72arpq1dfn7q59irzji3xwljjdiq8vs-audit-disable[453]: No rules
machine # sh: cannot set terminal process group (-1): Inappropriate ioctl for device
machine # sh: no job control in this shell
machine # [   11.110541] systemd[1]: Starting Create Volatile Files and Directories...
machine # [   11.147743] systemd[1]: Finished Create Volatile Files and Directories.
machine # [   11.183535] logrotate[464]: warning: logrotate in debug mode does nothing except printing debug messages!  Consider using verbose mode (-v) instead if this is not what you want.
machine # [   11.246006] logrotate[464]: reading config file /nix/store/ysgfy4413nrn23ddins98pcrk81bmzsy-logrotate.conf
machine # [   11.297237] logrotate[464]: note: 'monthly' overrides previously specified 'weekly'
machine # mdadm: Defaulting to version 1.2 metadata
machine # [   11.332139] logrotate[464]: Reading state from file: /var/lib/logrotate.status[   12.214584] mousedev: PS/2 mouse device common for all mice
machine # 
machine # [   11.378106] logrotate[464]: state file /var/lib/logrotate.status does not exist
machine # [   11.403237] logrotate[464]: Allocating hash table for state file, size 64 entries[   12.274512] md0: detected capacity change from 0 to 2088960
machine # 
machine # mdadm: array /dev/md0 started.
(finished: must succeed: mdadm --create --force /dev/md0 -n 2 --level=raid0 /dev/vdc /dev/vdd, in 21.55 seconds)
machine: must succeed: mkfs.ext4 -L testraid /dev/md0
machine # [   11.428156] logrotate[464]: Handling 2 logs
machine # [   11.451096] logrotate[464]: rotating pattern: "/var/log/btmp"  monthly (1 rotations)
machine # [   11.478934] logrotate[464]: empty log files are not rotated, only log files >= 1048576 bytes are rotated, old logs are removed[   12.359708] cfg80211: Loading compiled-in X.509 certificates for regulatory database
machine # 
machine # [   11.525177] logrotate[464]: considering log /var/log/btmp
machine # [   11.552167] logrotate[464]: Creating new state
machine # mke2fs 1.46.5 (30-Dec-2021)
machine # [   11.565502] logrotate[464]:   Now: 2023-03-06 02:08
machine # [   11.590842] logrotate[464]:   Last rotated at 2023-03-06 02:00
machine # [   11.624670] logrotate[464]:   log does not need rotating (log has already been rotated)[   12.487409] cfg80211: Loaded X.509 cert 'sforshee: 00b28ddf47aef9cea7'
machine # [   12.492118] platform regulatory.0: Direct firmware load for regulatory.db failed with error -2
machine # [   12.500232] cfg80211: failed to load regulatory.db
machine # 
machine # [   11.659507] logrotate[464]: rotating pattern: "/var/log/wtmp"  monthly (1 rotations)
machine # [   11.681146] logrotate[464]: empty log files are not rotated, only log files >= 1048576 bytes are rotated, old logs are removed[   12.561334] 8021q: adding VLAN 0 to HW filter on device eth1
machine # 
machine # [   11.715069] logrotate[464]: considering log /var/log/wtmp
machine # [   11.731044] logrotate[464]: Creating new state
(finished: must succeed: mkfs.ext4 -L testraid /dev/md0, in 0.32 seconds)
machine: must succeed: mkdir -p /mnt && mount /dev/md0 /mnt && echo hello > /mnt/test && umount /mnt
machine # [   11.745919] logrotate[464]:   Now: 2023-03-06 02:08
machine # [   11.765804] logrotate[464]:   Last rotated at 2023-03-06 02:00
machine # [   11.788785] logrotate[464]:   log does not need rotating (log has already been rotated)
machine # [   12.681280] 8021q: adding VLAN 0 to HW filter on device eth0
machine # [   11.843032] systemd[1]: Starting Rebuild Journal Catalog...
machine # [   11.866776] dhcpcd[460]: eth0: waiting for carrier
machine # [   11.886983] systemd[1]: Starting Userspace Out-Of-Memory (OOM) Killer...
machine # [   11.904188] dhcpcd[460]: eth0: carrier acquired[   12.773303] input: Power Button as /devices/LNXSYSTM:00/LNXPWRBN:00/input/input3
machine # 
machine # [   11.925234] nsncd[470]: Mar 06 02:08:40.962 INFO started, handoff_timeout: 3s, worker_count: 8, path: "/var/run/nscd/socket"
machine # [   11.949619] systemd[1]: Starting Record System Boot/Shutdown in UTMP...[   12.816004] EXT4-fs (md0): mounted filesystem with ordered data mode. Quota mode: none.
machine # 
machine # [   11.973958] dhcpcd[460]: DUID 00:01:00:01:2b:98:07:a9:52:54:00:12:34:56[   12.841045] ACPI: button: Power Button [PWRF]
machine # 
machine # [   12.003771] systemd[1]: Finished Record System Boot/Shutdown in UTMP.[   12.867415] EXT4-fs (md0): unmounting filesystem.
machine # 
(finished: must succeed: mkdir -p /mnt && mount /dev/md0 /mnt && echo hello > /mnt/test && umount /mnt, in 0.28 seconds)
machine: must succeed: bootctl set-default nixos-generation-1-specialisation-boot-swraid.conf
machine # [   12.024145] dhcpcd[460]: eth0: IAID 00:12:34:56
machine # [   12.045832] dbus-daemon[491]: dbus[491]: Unknown username "systemd-timesync" in message bus configuration file
machine # [   12.072563] systemd[1]: Finished Rebuild Journal Catalog.
machine # [   12.085195] dhcpcd[460]: eth0: adding address fe80::5054:ff:fe12:3456
machine # [   12.103872] systemd[1]: Starting Update is Completed...
machine # [   12.118925] dhcpcd[460]: eth0: soliciting an IPv6 router[   12.989561] parport_pc 00:03: reported by Plug and Play ACPI
machine # 
machine # [   12.146282] systemd[1]: Finished Update is Completed.
machine # [   12.219908] nsncd[527]: Mar 06 02:08:41.526 INFO started, handoff_timeout: 3s, worker_count: 8, path: "/var/run/nscd/socket"[   13.084266] parport0: PC-style at 0x378, irq 7 [PCSPP(,...)]
machine # [   13.087188] Floppy drive(s): fd0 is 2.88M AMI BIOS
machine # 
machine # [   12.241522] network-addresses-eth1-start[543]: adding address 192.168.1.1/24... done
machine # [   12.270569] systemd[1]: Reached target System Initialization.[   13.137234] FDC 0 is a S82078B
machine # 
machine # [   12.289170] systemd[1]: Started logrotate.timer.
machine # [   12.305873] systemd[1]: Started Daily Cleanup of Temporary Directories.
machine # [   12.322183] systemd[1]: Reached target Timer Units.
machine # [   12.337258] systemd[1]: Listening on D-Bus System Message Bus Socket.
machine # [   12.344804] systemd[1]: Listening on Nix Daemon Socket.
machine # [   12.349230] systemd[1]: Reached target Socket Units.
machine # [   12.353487] systemd[1]: Reached target Basic System.
(finished: must succeed: bootctl set-default nixos-generation-1-specialisation-boot-swraid.conf, in 0.34 seconds)
machine: must succeed: sync
machine # [   12.362643] systemd[1]: Starting Kernel Auditing...
machine # [   12.377512] systemd[1]: Started backdoor.service.
machine # [   12.389977] systemd[1]: Starting DHCP Client...
machine # [   12.399502] systemd[1]: Starting Logrotate configuration check...
machine # [   12.412112] systemd-oomd[438]: Swap is currently not detected; memory pressure usage will be degraded
machine # [   12.435860] systemd[1]: Starting Name Service Cache Daemon (nsncd)...
(finished: must succeed: sync, in 0.09 seconds)
machine: forced crash
machine: waiting for the VM to power off
machine # [   12.450102] systemd[1]: Started Reset console on configuration changes.
(finished: waiting for the VM to power off, in 0.02 seconds)
machine: waiting for unit multi-user.target
machine: waiting for the VM to finish booting
machine: starting vm
machine # Formatting '/build/vm-state-machine/disk.img', fmt=qcow2 cluster_size=65536 extended_l2=off compression_type=zlib size=125829120 backing_file=/nix/store/vw6siv0k65ilyy9jfcc23bmsxrarj9z7-nixos-boot-disk/disk.img backing_fmt=qcow2 lazy_refcounts=off refcount_bits=16
machine: QEMU running (pid 42)
machine # BdsDxe: loading Boot0001 "Linux Boot Manager" from HD(2,GPT,970C694F-AFD0-4B99-B750-CDB7A329AB6F,0x800,0x3B7DF)/\EFI\systemd\systemd-bootx64.efi
machine # BdsDxe: starting Boot0001 "Linux Boot Manager" from HD(2,GPT,970C694F-AFD0-4B99-B750-CDB7A329AB6F,0x800,0x3B7DF)/\EFI\systemd\systemd-bootx64.efi
machine #                 NixOS                        NixOS (boot-swraid)          >   Reboot Into Firmware Interface                                               Boot in 5 s.                                                                                       Boot in 4 s.                                                                                       Boot in 3 s.                                                                                       Boot in 2 s.                                                                                       Boot in 1 s.                                           EFI stub: Loaded initrd from LINUX_EFI_INITRD_MEDIA_GUID device path
machine # [    0.000000] Linux version 6.1.15 (nixbld@localhost) (gcc (GCC) 12.2.0, GNU ld (GNU Binutils) 2.40) #1-NixOS SMP PREEMPT_DYNAMIC Fri Mar  3 10:52:25 UTC 2023
machine # [    0.000000] Command line: initrd=\efi\nixos\bfa41sg97gh2bvlahb7y8yg52cq14cg5-initrd-linux-6.1.15-initrd.efi init=/nix/store/ciyxq4msa5q74vlwq3k581f67167f4q4-nixos-system-machine-23.05pre-git/init console=ttyS0 panic=1 boot.panic_on_fail clock=acpi_pm loglevel=7 net.ifnames=0
machine # [    0.000000] x86/fpu: Supporting XSAVE feature 0x001: 'x87 floating point registers'
machine # [    0.000000] x86/fpu: Supporting XSAVE feature 0x002: 'SSE registers'
machine # [    0.000000] x86/fpu: Supporting XSAVE feature 0x004: 'AVX registers'
machine # [    0.000000] x86/fpu: Supporting XSAVE feature 0x008: 'MPX bounds registers'
machine # [    0.000000] x86/fpu: Supporting XSAVE feature 0x010: 'MPX CSR'
machine # [    0.000000] x86/fpu: Supporting XSAVE feature 0x020: 'AVX-512 opmask'
machine # [    0.000000] x86/fpu: Supporting XSAVE feature 0x040: 'AVX-512 Hi256'
machine # [    0.000000] x86/fpu: Supporting XSAVE feature 0x080: 'AVX-512 ZMM_Hi256'
machine # [    0.000000] x86/fpu: xstate_offset[2]:  576, xstate_sizes[2]:  256
machine # [    0.000000] x86/fpu: xstate_offset[3]:  832, xstate_sizes[3]:   64
machine # [    0.000000] x86/fpu: xstate_offset[4]:  896, xstate_sizes[4]:   64
machine # [    0.000000] x86/fpu: xstate_offset[5]:  960, xstate_sizes[5]:   64
machine # [    0.000000] x86/fpu: xstate_offset[6]: 1024, xstate_sizes[6]:  512
machine # [    0.000000] x86/fpu: xstate_offset[7]: 1536, xstate_sizes[7]: 1024
machine # [    0.000000] x86/fpu: Enabled xstate features 0xff, context size is 2560 bytes, using 'compacted' format.
machine # [    0.000000] signal: max sigframe size: 3632
machine # [    0.000000] BIOS-provided physical RAM map:
machine # [    0.000000] BIOS-e820: [mem 0x0000000000000000-0x000000000009ffff] usable
machine # [    0.000000] BIOS-e820: [mem 0x0000000000100000-0x00000000007fffff] usable
machine # [    0.000000] BIOS-e820: [mem 0x0000000000800000-0x0000000000807fff] ACPI NVS
machine # [    0.000000] BIOS-e820: [mem 0x0000000000808000-0x000000000080afff] usable
machine # [    0.000000] BIOS-e820: [mem 0x000000000080b000-0x000000000080bfff] ACPI NVS
machine # [    0.000000] BIOS-e820: [mem 0x000000000080c000-0x000000000080ffff] usable
machine # [    0.000000] BIOS-e820: [mem 0x0000000000810000-0x00000000008fffff] ACPI NVS
machine # [    0.000000] BIOS-e820: [mem 0x0000000000900000-0x000000003f8ecfff] usable
machine # [    0.000000] BIOS-e820: [mem 0x000000003f8ed000-0x000000003fb6cfff] reserved
machine # [    0.000000] BIOS-e820: [mem 0x000000003fb6d000-0x000000003fb7efff] ACPI data
machine # [    0.000000] BIOS-e820: [mem 0x000000003fb7f000-0x000000003fbfefff] ACPI NVS
machine # [    0.000000] BIOS-e820: [mem 0x000000003fbff000-0x000000003fef3fff] usable
machine # [    0.000000] BIOS-e820: [mem 0x000000003fef4000-0x000000003ff77fff] reserved
machine # [    0.000000] BIOS-e820: [mem 0x000000003ff78000-0x000000003fffffff] ACPI NVS
machine # [    0.000000] BIOS-e820: [mem 0x00000000ffc00000-0x00000000ffffffff] reserved
machine # [    0.000000] NX (Execute Disable) protection: active
machine # [    0.000000] extended physical RAM map:
machine # [    0.000000] reserve setup_data: [mem 0x0000000000000000-0x000000000009ffff] usable
machine # [    0.000000] reserve setup_data: [mem 0x0000000000100000-0x00000000007fffff] usable
machine # [    0.000000] reserve setup_data: [mem 0x0000000000800000-0x0000000000807fff] ACPI NVS
machine # [    0.000000] reserve setup_data: [mem 0x0000000000808000-0x000000000080afff] usable
machine # [    0.000000] reserve setup_data: [mem 0x000000000080b000-0x000000000080bfff] ACPI NVS
machine # [    0.000000] reserve setup_data: [mem 0x000000000080c000-0x000000000080ffff] usable
machine # [    0.000000] reserve setup_data: [mem 0x0000000000810000-0x00000000008fffff] ACPI NVS
machine # [    0.000000] reserve setup_data: [mem 0x0000000000900000-0x000000003c598017] usable
machine # [    0.000000] reserve setup_data: [mem 0x000000003c598018-0x000000003c5bf457] usable
machine # [    0.000000] reserve setup_data: [mem 0x000000003c5bf458-0x000000003c5c0017] usable
machine # [    0.000000] reserve setup_data: [mem 0x000000003c5c0018-0x000000003c5e7457] usable
machine # [    0.000000] reserve setup_data: [mem 0x000000003c5e7458-0x000000003e6bd017] usable
machine # [    0.000000] reserve setup_data: [mem 0x000000003e6bd018-0x000000003e6c6c57] usable
machine # [    0.000000] reserve setup_data: [mem 0x000000003e6c6c58-0x000000003f8ecfff] usable
machine # [    0.000000] reserve setup_data: [mem 0x000000003f8ed000-0x000000003fb6cfff] reserved
machine # [    0.000000] reserve setup_data: [mem 0x000000003fb6d000-0x000000003fb7efff] ACPI data
machine # [    0.000000] reserve setup_data: [mem 0x000000003fb7f000-0x000000003fbfefff] ACPI NVS
machine # [    0.000000] reserve setup_data: [mem 0x000000003fbff000-0x000000003fef3fff] usable
machine # [    0.000000] reserve setup_data: [mem 0x000000003fef4000-0x000000003ff77fff] reserved
machine # [    0.000000] reserve setup_data: [mem 0x000000003ff78000-0x000000003fffffff] ACPI NVS
machine # [    0.000000] reserve setup_data: [mem 0x00000000ffc00000-0x00000000ffffffff] reserved
machine # [    0.000000] efi: EFI v2.70 by EDK II
machine # [    0.000000] efi: SMBIOS=0x3f93f000 ACPI=0x3fb7e000 ACPI 2.0=0x3fb7e014 MEMATTR=0x3ec7c018 INITRD=0x3e6c9f98 RNG=0x3fb75018
machine # [    0.000000] random: crng init done
machine # [    0.000000] SMBIOS 2.8 present.
machine # [    0.000000] DMI: QEMU Standard PC (i440FX + PIIX, 1996), BIOS 0.0.0 02/06/2015
machine # [    0.000000] Hypervisor detected: KVM
machine # [    0.000000] kvm-clock: Using msrs 4b564d01 and 4b564d00
machine # [    0.000001] kvm-clock: using sched offset of 7239564124 cycles
machine # [    0.000002] clocksource: kvm-clock: mask: 0xffffffffffffffff max_cycles: 0x1cd42e4dffb, max_idle_ns: 881590591483 ns
machine # [    0.000008] tsc: Detected 3311.998 MHz processor
machine # [    0.000690] last_pfn = 0x3fef4 max_arch_pfn = 0x400000000
machine # [    0.001191] x86/PAT: Configuration [0-7]: WB  WC  UC- UC  WB  WP  UC- WT
machine # [    0.013273] Using GB pages for direct mapping
machine # [    0.013746] Secure boot disabled
machine # [    0.013747] RAMDISK: [mem 0x3c5e8000-0x3d63bfff]
machine # [    0.013826] ACPI: Early table checksum verification disabled
machine # [    0.013862] ACPI: RSDP 0x000000003FB7E014 000024 (v02 BOCHS )
machine # [    0.013868] ACPI: XSDT 0x000000003FB7D0E8 00004C (v01 BOCHS  BXPC     00000001      01000013)
machine # [    0.013876] ACPI: FACP 0x000000003FB7A000 000074 (v01 BOCHS  BXPC     00000001 BXPC 00000001)
machine # [    0.013880] ACPI: DSDT 0x000000003FB7B000 00193A (v01 BOCHS  BXPC     00000001 BXPC 00000001)
machine # [    0.013883] ACPI: FACS 0x000000003FBDD000 000040
machine # [    0.013885] ACPI: APIC 0x000000003FB79000 000078 (v01 BOCHS  BXPC     00000001 BXPC 00000001)
machine # [    0.013888] ACPI: HPET 0x000000003FB78000 000038 (v01 BOCHS  BXPC     00000001 BXPC 00000001)
machine # [    0.013891] ACPI: WAET 0x000000003FB77000 000028 (v01 BOCHS  BXPC     00000001 BXPC 00000001)
machine # [    0.013893] ACPI: BGRT 0x000000003FB76000 000038 (v01 INTEL  EDK2     00000002      01000013)
machine # [    0.013895] ACPI: Reserving FACP table memory at [mem 0x3fb7a000-0x3fb7a073]
machine # [    0.013896] ACPI: Reserving DSDT table memory at [mem 0x3fb7b000-0x3fb7c939]
machine # [    0.013897] ACPI: Reserving FACS table memory at [mem 0x3fbdd000-0x3fbdd03f]
machine # [    0.013898] ACPI: Reserving APIC table memory at [mem 0x3fb79000-0x3fb79077]
machine # [    0.013898] ACPI: Reserving HPET table memory at [mem 0x3fb78000-0x3fb78037]
machine # [    0.013899] ACPI: Reserving WAET table memory at [mem 0x3fb77000-0x3fb77027]
machine # [    0.013899] ACPI: Reserving BGRT table memory at [mem 0x3fb76000-0x3fb76037]
machine # [    0.015933] No NUMA configuration found
machine # [    0.015933] Faking a node at [mem 0x0000000000000000-0x000000003fef3fff]
machine # [    0.015939] NODE_DATA(0) allocated [mem 0x3fe81000-0x3fe86fff]
machine # [    0.015991] Zone ranges:
machine # [    0.015992]   DMA      [mem 0x0000000000001000-0x0000000000ffffff]
machine # [    0.015993]   DMA32    [mem 0x0000000001000000-0x000000003fef3fff]
machine # [    0.015994]   Normal   empty
machine # [    0.015995]   Device   empty
machine # [    0.015996] Movable zone start for each node
machine # [    0.015996] Early memory node ranges
machine # [    0.015996]   node   0: [mem 0x0000000000001000-0x000000000009ffff]
machine # [    0.015999]   node   0: [mem 0x0000000000100000-0x00000000007fffff]
machine # [    0.016000]   node   0: [mem 0x0000000000808000-0x000000000080afff]
machine # [    0.016000]   node   0: [mem 0x000000000080c000-0x000000000080ffff]
machine # [    0.016001]   node   0: [mem 0x0000000000900000-0x000000003f8ecfff]
machine # [    0.016003]   node   0: [mem 0x000000003fbff000-0x000000003fef3fff]
machine # [    0.016006] Initmem setup node 0 [mem 0x0000000000001000-0x000000003fef3fff]
machine # [    0.016034] On node 0, zone DMA: 1 pages in unavailable ranges
machine # [    0.016046] On node 0, zone DMA: 96 pages in unavailable ranges
machine # [    0.016047] On node 0, zone DMA: 8 pages in unavailable ranges
machine # [    0.016047] On node 0, zone DMA: 1 pages in unavailable ranges
machine # [    0.016057] On node 0, zone DMA: 240 pages in unavailable ranges
machine # [    0.017421] On node 0, zone DMA32: 786 pages in unavailable ranges
machine # [    0.017424] On node 0, zone DMA32: 268 pages in unavailable ranges
machine # [    0.022496] ACPI: PM-Timer IO Port: 0xb008
machine # [    0.022531] ACPI: LAPIC_NMI (acpi_id[0xff] dfl dfl lint[0x1])
machine # [    0.022739] IOAPIC[0]: apic_id 0, version 17, address 0xfec00000, GSI 0-23
machine # [    0.022742] ACPI: INT_SRC_OVR (bus 0 bus_irq 0 global_irq 2 dfl dfl)
machine # [    0.022743] ACPI: INT_SRC_OVR (bus 0 bus_irq 5 global_irq 5 high level)
machine # [    0.022744] ACPI: INT_SRC_OVR (bus 0 bus_irq 9 global_irq 9 high level)
machine # [    0.022747] ACPI: INT_SRC_OVR (bus 0 bus_irq 10 global_irq 10 high level)
machine # [    0.022748] ACPI: INT_SRC_OVR (bus 0 bus_irq 11 global_irq 11 high level)
machine # [    0.022751] ACPI: Using ACPI (MADT) for SMP configuration information
machine # [    0.022752] ACPI: HPET id: 0x8086a201 base: 0xfed00000
machine # [    0.022803] TSC deadline timer available
machine # [    0.022804] smpboot: Allowing 1 CPUs, 0 hotplug CPUs
machine # [    0.022955] PM: hibernation: Registered nosave memory: [mem 0x00000000-0x00000fff]
machine # [    0.022957] PM: hibernation: Registered nosave memory: [mem 0x000a0000-0x000fffff]
machine # [    0.022958] PM: hibernation: Registered nosave memory: [mem 0x00800000-0x00807fff]
machine # [    0.022959] PM: hibernation: Registered nosave memory: [mem 0x0080b000-0x0080bfff]
machine # [    0.022960] PM: hibernation: Registered nosave memory: [mem 0x00810000-0x008fffff]
machine # [    0.022961] PM: hibernation: Registered nosave memory: [mem 0x3c598000-0x3c598fff]
machine # [    0.022962] PM: hibernation: Registered nosave memory: [mem 0x3c5bf000-0x3c5bffff]
machine # [    0.022962] PM: hibernation: Registered nosave memory: [mem 0x3c5c0000-0x3c5c0fff]
machine # [    0.022963] PM: hibernation: Registered nosave memory: [mem 0x3c5e7000-0x3c5e7fff]
machine # [    0.022964] PM: hibernation: Registered nosave memory: [mem 0x3e6bd000-0x3e6bdfff]
machine # [    0.022965] PM: hibernation: Registered nosave memory: [mem 0x3e6c6000-0x3e6c6fff]
machine # [    0.022966] PM: hibernation: Registered nosave memory: [mem 0x3e6e0000-0x3e6e8fff]
machine # [    0.022967] PM: hibernation: Registered nosave memory: [mem 0x3f8ed000-0x3fb6cfff]
machine # [    0.022968] PM: hibernation: Registered nosave memory: [mem 0x3fb6d000-0x3fb7efff]
machine # [    0.022968] PM: hibernation: Registered nosave memory: [mem 0x3fb7f000-0x3fbfefff]
machine # [    0.022969] [mem 0x40000000-0xffbfffff] available for PCI devices
machine # [    0.022970] Booting paravirtualized kernel on KVM
machine # [    0.022975] clocksource: refined-jiffies: mask: 0xffffffff max_cycles: 0xffffffff, max_idle_ns: 1910969940391419 ns
machine # [    0.025751] setup_percpu: NR_CPUS:384 nr_cpumask_bits:1 nr_cpu_ids:1 nr_node_ids:1
machine # [    0.025901] percpu: Embedded 61 pages/cpu s212992 r8192 d28672 u2097152
machine # [    0.026047] kvm-guest: PV spinlocks disabled, single CPU
machine # [    0.026054] Fallback order for Node 0: 0
machine # [    0.026057] Built 1 zonelists, mobility grouping on.  Total pages: 254706
machine # [    0.026058] Policy zone: DMA32
