     1  # This file contains type hints that can be prepended to Nix test scripts so they can be type
     2  # checked.
     3  
     4  from test_driver.driver import Driver
     5  from test_driver.vlan import VLan
     6  from test_driver.machine import Machine
     7  from test_driver.logger import Logger
     8  from typing import Callable, Iterator, ContextManager, Optional, List, Dict, Any, Union
     9  from typing_extensions import Protocol
    10  from pathlib import Path
    11  
    12  
    13  class RetryProtocol(Protocol):
    14      def __call__(self, fn: Callable, timeout: int = 900) -> None:
    15          raise Exception("This is just type information for the Nix test driver")
    16  
    17  
    18  class PollingConditionProtocol(Protocol):
    19      def __call__(
    20          self,
    21          fun_: Optional[Callable] = None,
    22          *,
    23          seconds_interval: float = 2.0,
    24          description: Optional[str] = None,
    25      ) -> Union[Callable[[Callable], ContextManager], ContextManager]:
    26          raise Exception("This is just type information for the Nix test driver")
    27  
    28  
    29  start_all: Callable[[], None]
    30  subtest: Callable[[str], ContextManager[None]]
    31  retry: RetryProtocol
    32  test_script: Callable[[], None]
    33  machines: List[Machine]
    34  vlans: List[VLan]
    35  driver: Driver
    36  log: Logger
    37  create_machine: Callable[[Dict[str, Any]], Machine]
    38  run_tests: Callable[[], None]
    39  join_all: Callable[[], None]
    40  serial_stdout_off: Callable[[], None]
    41  serial_stdout_on: Callable[[], None]
    42  polling_condition: PollingConditionProtocol
    43  machine: Machine;
    44  vlan1: VLan;
    45  # Create encrypted volume
    46  machine.wait_for_unit("multi-user.target")
    47  machine.succeed("echo -n supersecret | cryptsetup luksFormat -q --iter-time=1 /dev/vdc -")
    48  machine.succeed("echo -n supersecret | cryptsetup luksFormat -q --iter-time=1 /dev/vdd -")
    49  machine.succeed("echo -n supersecret | cryptsetup luksOpen   -q               /dev/vdd cryptroot2")
    50  machine.succeed("mkfs.ext4 /dev/mapper/cryptroot2")
    51  
    52  # Boot from the encrypted disk
    53  machine.succeed("bootctl set-default nixos-generation-1-specialisation-boot-luks.conf")
    54  machine.succeed("sync")
    55  machine.crash()
    56  
    57  # Boot and decrypt the disk
    58  machine.start()
    59  machine.wait_for_console_text("Please enter passphrase for disk cryptroot")
    60  machine.send_console("supersecret\n")
    61  machine.wait_for_unit("multi-user.target")
    62  
    63  assert "/dev/mapper/cryptroot on / type ext4" in machine.succeed("mount")
    64  assert "/dev/mapper/cryptroot2 on /cryptroot2 type ext4" in machine.succeed("mount")
Success: no issues found in 1 source file
start all VLans
(finished: start all VLans, in 0.00 seconds)
additionally exposed symbols:
    ,
    ,
    start_all, test_script, machines, vlans, driver, log, os, create_machine, subtest, run_tests, join_all, retry, serial_stdout_off, serial_stdout_on, polling_condition, Machine
building '/nix/store/zmribm9zw9yns9vmkbf6yh4bibb1ragf-vm-test-run-systemd-initrd-luks-password.drv'...
Machine state will be reset. To keep it, pass --keep-vm-state
start all VLans
start vlan
running vlan (pid 7; ctl /build/vde1.ctl)
(finished: start all VLans, in 0.00 seconds)
run the VM test script
additionally exposed symbols:
    machine,
    vlan1,
    start_all, test_script, machines, vlans, driver, log, os, create_machine, subtest, run_tests, join_all, retry, serial_stdout_off, serial_stdout_on, polling_condition, Machine
machine: waiting for unit multi-user.target
machine: waiting for the VM to finish booting
machine: starting vm
machine # Formatting '/build/vm-state-machine/machine.qcow2', fmt=qcow2 cluster_size=65536 extended_l2=off compression_type=zlib size=1073741824 lazy_refcounts=off refcount_bits=16
machine # Formatting '/build/vm-state-machine/disk.img', fmt=qcow2 cluster_size=65536 extended_l2=off compression_type=zlib size=125829120 backing_file=/nix/store/q979mj5mjbkq1d6ny9q41nlnzpxw65dw-nixos-boot-disk/disk.img backing_fmt=qcow2 lazy_refcounts=off refcount_bits=16
machine # Formatting 'empty0.qcow2', fmt=qcow2 cluster_size=65536 extended_l2=off compression_type=zlib size=536870912 lazy_refcounts=off refcount_bits=16
machine # Formatting 'empty1.qcow2', fmt=qcow2 cluster_size=65536 extended_l2=off compression_type=zlib size=536870912 lazy_refcounts=off refcount_bits=16
machine: QEMU running (pid 8)
machine # BdsDxe: loading Boot0001 "UEFI Misc Device" from PciRoot(0x0)/Pci(0x9,0x0)
machine # BdsDxe: starting Boot0001 "UEFI Misc Device" from PciRoot(0x0)/Pci(0x9,0x0)
machine #                 NixOS                         NixOS (boot-luks)             Reboot Into Firmware Interface                                               Boot in 5 s.                                                                                       Boot in 4 s.                                                                                       Boot in 3 s.                                                                                       Boot in 2 s.                                                                                       Boot in 1 s.                                           EFI stub: Loaded initrd from LINUX_EFI_INITRD_MEDIA_GUID device path
machine # [    0.000000] Linux version 6.1.15 (nixbld@localhost) (gcc (GCC) 12.2.0, GNU ld (GNU Binutils) 2.40) #1-NixOS SMP PREEMPT_DYNAMIC Fri Mar  3 10:52:25 UTC 2023
machine # [    0.000000] Command line: initrd=\efi\nixos\n3s7bpx0mmmag23z2qcfyw0anjccdl96-initrd-linux-6.1.15-initrd.efi init=/nix/store/wsrhqmx1y0x0cyss1h9qqf1g22pc6ar6-nixos-system-machine-23.05pre-git/init console=ttyS0 panic=1 boot.panic_on_fail clock=acpi_pm loglevel=7 net.ifnames=0
machine # [    0.000000] x86/fpu: Supporting XSAVE feature 0x001: 'x87 floating point registers'
machine # [    0.000000] x86/fpu: Supporting XSAVE feature 0x002: 'SSE registers'
machine # [    0.000000] x86/fpu: Supporting XSAVE feature 0x004: 'AVX registers'
machine # [    0.000000] x86/fpu: Supporting XSAVE feature 0x008: 'MPX bounds registers'
machine # [    0.000000] x86/fpu: Supporting XSAVE feature 0x010: 'MPX CSR'
machine # [    0.000000] x86/fpu: Supporting XSAVE feature 0x020: 'AVX-512 opmask'
machine # [    0.000000] x86/fpu: Supporting XSAVE feature 0x040: 'AVX-512 Hi256'
machine # [    0.000000] x86/fpu: Supporting XSAVE feature 0x080: 'AVX-512 ZMM_Hi256'
machine # [    0.000000] x86/fpu: xstate_offset[2]:  576, xstate_sizes[2]:  256
machine # [    0.000000] x86/fpu: xstate_offset[3]:  832, xstate_sizes[3]:   64
machine # [    0.000000] x86/fpu: xstate_offset[4]:  896, xstate_sizes[4]:   64
machine # [    0.000000] x86/fpu: xstate_offset[5]:  960, xstate_sizes[5]:   64
machine # [    0.000000] x86/fpu: xstate_offset[6]: 1024, xstate_sizes[6]:  512
machine # [    0.000000] x86/fpu: xstate_offset[7]: 1536, xstate_sizes[7]: 1024
machine # [    0.000000] x86/fpu: Enabled xstate features 0xff, context size is 2560 bytes, using 'compacted' format.
machine # [    0.000000] signal: max sigframe size: 3632
machine # [    0.000000] BIOS-provided physical RAM map:
machine # [    0.000000] BIOS-e820: [mem 0x0000000000000000-0x000000000009ffff] usable
machine # [    0.000000] BIOS-e820: [mem 0x0000000000100000-0x00000000007fffff] usable
machine # [    0.000000] BIOS-e820: [mem 0x0000000000800000-0x0000000000807fff] ACPI NVS
machine # [    0.000000] BIOS-e820: [mem 0x0000000000808000-0x000000000080afff] usable
machine # [    0.000000] BIOS-e820: [mem 0x000000000080b000-0x000000000080bfff] ACPI NVS
machine # [    0.000000] BIOS-e820: [mem 0x000000000080c000-0x000000000080ffff] usable
machine # [    0.000000] BIOS-e820: [mem 0x0000000000810000-0x00000000008fffff] ACPI NVS
machine # [    0.000000] BIOS-e820: [mem 0x0000000000900000-0x000000003f8ecfff] usable
machine # [    0.000000] BIOS-e820: [mem 0x000000003f8ed000-0x000000003fb6cfff] reserved
machine # [    0.000000] BIOS-e820: [mem 0x000000003fb6d000-0x000000003fb7efff] ACPI data
machine # [    0.000000] BIOS-e820: [mem 0x000000003fb7f000-0x000000003fbfefff] ACPI NVS
machine # [    0.000000] BIOS-e820: [mem 0x000000003fbff000-0x000000003fef3fff] usable
machine # [    0.000000] BIOS-e820: [mem 0x000000003fef4000-0x000000003ff77fff] reserved
machine # [    0.000000] BIOS-e820: [mem 0x000000003ff78000-0x000000003fffffff] ACPI NVS
machine # [    0.000000] BIOS-e820: [mem 0x00000000ffc00000-0x00000000ffffffff] reserved
machine # [    0.000000] NX (Execute Disable) protection: active
machine # [    0.000000] extended physical RAM map:
machine # [    0.000000] reserve setup_data: [mem 0x0000000000000000-0x000000000009ffff] usable
machine # [    0.000000] reserve setup_data: [mem 0x0000000000100000-0x00000000007fffff] usable
machine # [    0.000000] reserve setup_data: [mem 0x0000000000800000-0x0000000000807fff] ACPI NVS
machine # [    0.000000] reserve setup_data: [mem 0x0000000000808000-0x000000000080afff] usable
machine # [    0.000000] reserve setup_data: [mem 0x000000000080b000-0x000000000080bfff] ACPI NVS
machine # [    0.000000] reserve setup_data: [mem 0x000000000080c000-0x000000000080ffff] usable
machine # [    0.000000] reserve setup_data: [mem 0x0000000000810000-0x00000000008fffff] ACPI NVS
machine # [    0.000000] reserve setup_data: [mem 0x0000000000900000-0x000000003c705017] usable
machine # [    0.000000] reserve setup_data: [mem 0x000000003c705018-0x000000003c72c457] usable
machine # [    0.000000] reserve setup_data: [mem 0x000000003c72c458-0x000000003c72d017] usable
machine # [    0.000000] reserve setup_data: [mem 0x000000003c72d018-0x000000003c754457] usable
machine # [    0.000000] reserve setup_data: [mem 0x000000003c754458-0x000000003c755017] usable
machine # [    0.000000] reserve setup_data: [mem 0x000000003c755018-0x000000003c75ec57] usable
machine # [    0.000000] reserve setup_data: [mem 0x000000003c75ec58-0x000000003f8ecfff] usable
machine # [    0.000000] reserve setup_data: [mem 0x000000003f8ed000-0x000000003fb6cfff] reserved
machine # [    0.000000] reserve setup_data: [mem 0x000000003fb6d000-0x000000003fb7efff] ACPI data
machine # [    0.000000] reserve setup_data: [mem 0x000000003fb7f000-0x000000003fbfefff] ACPI NVS
machine # [    0.000000] reserve setup_data: [mem 0x000000003fbff000-0x000000003fef3fff] usable
machine # [    0.000000] reserve setup_data: [mem 0x000000003fef4000-0x000000003ff77fff] reserved
machine # [    0.000000] reserve setup_data: [mem 0x000000003ff78000-0x000000003fffffff] ACPI NVS
machine # [    0.000000] reserve setup_data: [mem 0x00000000ffc00000-0x00000000ffffffff] reserved
machine # [    0.000000] efi: EFI v2.70 by EDK II
machine # [    0.000000] efi: SMBIOS=0x3f93f000 ACPI=0x3fb7e000 ACPI 2.0=0x3fb7e014 MEMATTR=0x3e7e8218 INITRD=0x3e6ccf98 RNG=0x3fb75018
machine # [    0.000000] random: crng init done
machine # [    0.000000] SMBIOS 2.8 present.
machine # [    0.000000] DMI: QEMU Standard PC (i440FX + PIIX, 1996), BIOS 0.0.0 02/06/2015
machine # [    0.000000] Hypervisor detected: KVM
machine # [    0.000000] kvm-clock: Using msrs 4b564d01 and 4b564d00
machine # [    0.000001] kvm-clock: using sched offset of 7357639740 cycles
machine # [    0.000002] clocksource: kvm-clock: mask: 0xffffffffffffffff max_cycles: 0x1cd42e4dffb, max_idle_ns: 881590591483 ns
machine # [    0.000009] tsc: Detected 3311.998 MHz processor
machine # [    0.000664] last_pfn = 0x3fef4 max_arch_pfn = 0x400000000
machine # [    0.001140] x86/PAT: Configuration [0-7]: WB  WC  UC- UC  WB  WP  UC- WT
machine # [    0.012962] Using GB pages for direct mapping
machine # [    0.013321] Secure boot disabled
machine # [    0.013322] RAMDISK: [mem 0x3c75f000-0x3d6fcfff]
machine # [    0.013388] ACPI: Early table checksum verification disabled
machine # [    0.013424] ACPI: RSDP 0x000000003FB7E014 000024 (v02 BOCHS )
machine # [    0.013429] ACPI: XSDT 0x000000003FB7D0E8 00004C (v01 BOCHS  BXPC     00000001      01000013)
machine # [    0.013438] ACPI: FACP 0x000000003FB7A000 000074 (v01 BOCHS  BXPC     00000001 BXPC 00000001)
machine # [    0.013442] ACPI: DSDT 0x000000003FB7B000 00193A (v01 BOCHS  BXPC     00000001 BXPC 00000001)
machine # [    0.013445] ACPI: FACS 0x000000003FBDD000 000040
machine # [    0.013447] ACPI: APIC 0x000000003FB79000 000078 (v01 BOCHS  BXPC     00000001 BXPC 00000001)
machine # [    0.013450] ACPI: HPET 0x000000003FB78000 000038 (v01 BOCHS  BXPC     00000001 BXPC 00000001)
machine # [    0.013452] ACPI: WAET 0x000000003FB77000 000028 (v01 BOCHS  BXPC     00000001 BXPC 00000001)
machine # [    0.013455] ACPI: BGRT 0x000000003FB76000 000038 (v01 INTEL  EDK2     00000002      01000013)
machine # [    0.013457] ACPI: Reserving FACP table memory at [mem 0x3fb7a000-0x3fb7a073]
machine # [    0.013458] ACPI: Reserving DSDT table memory at [mem 0x3fb7b000-0x3fb7c939]
machine # [    0.013459] ACPI: Reserving FACS table memory at [mem 0x3fbdd000-0x3fbdd03f]
machine # [    0.013459] ACPI: Reserving APIC table memory at [mem 0x3fb79000-0x3fb79077]
machine # [    0.013460] ACPI: Reserving HPET table memory at [mem 0x3fb78000-0x3fb78037]
machine # [    0.013460] ACPI: Reserving WAET table memory at [mem 0x3fb77000-0x3fb77027]
machine # [    0.013461] ACPI: Reserving BGRT table memory at [mem 0x3fb76000-0x3fb76037]
machine # [    0.015422] No NUMA configuration found
machine # [    0.015423] Faking a node at [mem 0x0000000000000000-0x000000003fef3fff]
machine # [    0.015428] NODE_DATA(0) allocated [mem 0x3fe81000-0x3fe86fff]
machine # [    0.015480] Zone ranges:
machine # [    0.015481]   DMA      [mem 0x0000000000001000-0x0000000000ffffff]
machine # [    0.015482]   DMA32    [mem 0x0000000001000000-0x000000003fef3fff]
machine # [    0.015483]   Normal   empty
machine # [    0.015484]   Device   empty
machine # [    0.015485] Movable zone start for each node
machine # [    0.015485] Early memory node ranges
machine # [    0.015485]   node   0: [mem 0x0000000000001000-0x000000000009ffff]
machine # [    0.015488]   node   0: [mem 0x0000000000100000-0x00000000007fffff]
machine # [    0.015489]   node   0: [mem 0x0000000000808000-0x000000000080afff]
machine # [    0.015489]   node   0: [mem 0x000000000080c000-0x000000000080ffff]
machine # [    0.015490]   node   0: [mem 0x0000000000900000-0x000000003f8ecfff]
machine # [    0.015492]   node   0: [mem 0x000000003fbff000-0x000000003fef3fff]
machine # [    0.015495] Initmem setup node 0 [mem 0x0000000000001000-0x000000003fef3fff]
machine # [    0.015522] On node 0, zone DMA: 1 pages in unavailable ranges
machine # [    0.015534] On node 0, zone DMA: 96 pages in unavailable ranges
machine # [    0.015535] On node 0, zone DMA: 8 pages in unavailable ranges
machine # [    0.015535] On node 0, zone DMA: 1 pages in unavailable ranges
machine # [    0.015544] On node 0, zone DMA: 240 pages in unavailable ranges
machine # [    0.016845] On node 0, zone DMA32: 786 pages in unavailable ranges
machine # [    0.016848] On node 0, zone DMA32: 268 pages in unavailable ranges
machine # [    0.021628] ACPI: PM-Timer IO Port: 0xb008
machine # [    0.021663] ACPI: LAPIC_NMI (acpi_id[0xff] dfl dfl lint[0x1])
machine # [    0.021882] IOAPIC[0]: apic_id 0, version 17, address 0xfec00000, GSI 0-23
machine # [    0.021885] ACPI: INT_SRC_OVR (bus 0 bus_irq 0 global_irq 2 dfl dfl)
machine # [    0.021886] ACPI: INT_SRC_OVR (bus 0 bus_irq 5 global_irq 5 high level)
machine # [    0.021887] ACPI: INT_SRC_OVR (bus 0 bus_irq 9 global_irq 9 high level)
machine # [    0.021890] ACPI: INT_SRC_OVR (bus 0 bus_irq 10 global_irq 10 high level)
machine # [    0.021891] ACPI: INT_SRC_OVR (bus 0 bus_irq 11 global_irq 11 high level)
machine # [    0.021894] ACPI: Using ACPI (MADT) for SMP configuration information
machine # [    0.021895] ACPI: HPET id: 0x8086a201 base: 0xfed00000
machine # [    0.021947] TSC deadline timer available
machine # [    0.021948] smpboot: Allowing 1 CPUs, 0 hotplug CPUs
machine # [    0.022114] PM: hibernation: Registered nosave memory: [mem 0x00000000-0x00000fff]
machine # [    0.022115] PM: hibernation: Registered nosave memory: [mem 0x000a0000-0x000fffff]
machine # [    0.022116] PM: hibernation: Registered nosave memory: [mem 0x00800000-0x00807fff]
machine # [    0.022117] PM: hibernation: Registered nosave memory: [mem 0x0080b000-0x0080bfff]
machine # [    0.022118] PM: hibernation: Registered nosave memory: [mem 0x00810000-0x008fffff]
machine # [    0.022119] PM: hibernation: Registered nosave memory: [mem 0x3c705000-0x3c705fff]
machine # [    0.022120] PM: hibernation: Registered nosave memory: [mem 0x3c72c000-0x3c72cfff]
machine # [    0.022121] PM: hibernation: Registered nosave memory: [mem 0x3c72d000-0x3c72dfff]
machine # [    0.022122] PM: hibernation: Registered nosave memory: [mem 0x3c754000-0x3c754fff]
machine # [    0.022122] PM: hibernation: Registered nosave memory: [mem 0x3c755000-0x3c755fff]
machine # [    0.022123] PM: hibernation: Registered nosave memory: [mem 0x3c75e000-0x3c75efff]
machine # [    0.022124] PM: hibernation: Registered nosave memory: [mem 0x3e6f0000-0x3e6f8fff]
machine # [    0.022125] PM: hibernation: Registered nosave memory: [mem 0x3f8ed000-0x3fb6cfff]
machine # [    0.022125] PM: hibernation: Registered nosave memory: [mem 0x3fb6d000-0x3fb7efff]
machine # [    0.022126] PM: hibernation: Registered nosave memory: [mem 0x3fb7f000-0x3fbfefff]
machine # [    0.022127] [mem 0x40000000-0xffbfffff] available for PCI devices
machine # [    0.022128] Booting paravirtualized kernel on KVM
machine # [    0.022132] clocksource: refined-jiffies: mask: 0xffffffff max_cycles: 0xffffffff, max_idle_ns: 1910969940391419 ns
machine # [    0.024895] setup_percpu: NR_CPUS:384 nr_cpumask_bits:1 nr_cpu_ids:1 nr_node_ids:1
machine # [    0.025039] percpu: Embedded 61 pages/cpu s212992 r8192 d28672 u2097152
machine # [    0.025208] kvm-guest: PV spinlocks disabled, single CPU
machine # [    0.025215] Fallback order for Node 0: 0
machine # [    0.025218] Built 1 zonelists, mobility grouping on.  Total pages: 254706
machine # [    0.025219] Policy zone: DMA32
machine # [    0.025220] Kernel command line: initrd=\efi\nixos\n3s7bpx0mmmag23z2qcfyw0anjccdl96-initrd-linux-6.1.15-initrd.efi init=/nix/store/wsrhqmx1y0x0cyss1h9qqf1g22pc6ar6-nixos-system-machine-23.05pre-git/init console=ttyS0 panic=1 boot.panic_on_fail clock=acpi_pm loglevel=7 net.ifnames=0
machine # [    0.025268] clocksource: clock= boot option is deprecated - use clocksource=xyz
machine # [    0.025355] Dentry cache hash table entries: 131072 (order: 8, 1048576 bytes, linear)
machine # [    0.025377] Inode-cache hash table entries: 65536 (order: 7, 524288 bytes, linear)
machine # [    0.025545] mem auto-init: stack:all(zero), heap alloc:off, heap free:off
machine # [    0.027390] Memory: 929048K/1042976K available (12294K kernel code, 2307K rwdata, 7532K rodata, 1876K init, 4344K bss, 113668K reserved, 0K cma-reserved)
machine # [    0.027471] SLUB: HWalign=64, Order=0-3, MinObjects=0, CPUs=1, Nodes=1
machine # [    0.027481] Kernel/User page tables isolation: enabled
machine # [    0.027491] ftrace: allocating 37041 entries in 145 pages
machine # [    0.035601] ftrace: allocated 145 pages with 3 groups
machine # [    0.036044] Dynamic Preempt: voluntary
machine # [    0.036218] rcu: Preemptible hierarchical RCU implementation.
machine # [    0.036218] rcu:   RCU event tracing is enabled.
machine # [    0.036219] rcu:   RCU restricting CPUs from NR_CPUS=384 to nr_cpu_ids=1.
machine # [    0.036220]        Trampoline variant of Tasks RCU enabled.
machine # [    0.036220]        Rude variant of Tasks RCU enabled.
machine # [    0.036221]        Tracing variant of Tasks RCU enabled.
machine # [    0.036221] rcu: RCU calculated value of scheduler-enlistment delay is 100 jiffies.
machine # [    0.036222] rcu: Adjusting geometry for rcu_fanout_leaf=16, nr_cpu_ids=1
machine # [    0.038902] NR_IRQS: 24832, nr_irqs: 256, preallocated irqs: 16
machine # [    0.039225] rcu: srcu_init: Setting srcu_struct sizes based on contention.
machine # [    0.039291] Console: colour dummy device 80x25
machine # [    0.847041] printk: console [ttyS0] enabled
machine # [    0.850087] ACPI: Core revision 20220331
machine # [    0.853545] clocksource: hpet: mask: 0xffffffff max_cycles: 0xffffffff, max_idle_ns: 19112604467 ns
machine # [    0.860279] APIC: Switch to symmetric I/O mode setup
machine # [    0.865970] x2apic enabled
machine # [    0.870053] Switched APIC routing to physical x2apic.
machine # [    0.881782] ..TIMER: vector=0x30 apic1=0 pin1=2 apic2=-1 pin2=-1
machine # [    0.886160] clocksource: tsc-early: mask: 0xffffffffffffffff max_cycles: 0x2fbd924e8de, max_idle_ns: 440795321919 ns
machine # [    0.893541] Calibrating delay loop (skipped) preset value.. 6623.99 BogoMIPS (lpj=3311998)
machine # [    0.894539] pid_max: default: 32768 minimum: 301
machine # [    0.897625] LSM: Security Framework initializing
machine # [    0.898549] landlock: Up and running.
machine # [    0.899539] Yama: becoming mindful.
machine # [    0.900545] SELinux:  Initializing.
machine # [    0.901550] LSM support for eBPF active
machine # [    0.902554] Mount-cache hash table entries: 2048 (order: 2, 16384 bytes, linear)
machine # [    0.903540] Mountpoint-cache hash table entries: 2048 (order: 2, 16384 bytes, linear)
machine # [    0.907398] x86/cpu: User Mode Instruction Prevention (UMIP) activated
machine # [    0.909057] Last level iTLB entries: 4KB 0, 2MB 0, 4MB 0
machine # [    0.909539] Last level dTLB entries: 4KB 0, 2MB 0, 4MB 0, 1GB 0
machine # [    0.910583] Spectre V1 : Mitigation: usercopy/swapgs barriers and __user pointer sanitization
machine # [    0.911557] Spectre V2 : Mitigation: IBRS
machine # [    0.912539] Spectre V2 : Spectre v2 / SpectreRSB mitigation: Filling RSB on context switch
machine # [    0.913539] Spectre V2 : Spectre v2 / SpectreRSB : Filling RSB on VMEXIT
machine # [    0.914539] RETBleed: Mitigation: IBRS
machine # [    0.915543] Spectre V2 : mitigation: Enabling conditional Indirect Branch Prediction Barrier
machine # [    0.916540] Speculative Store Bypass: Mitigation: Speculative Store Bypass disabled via prctl
machine # [    0.917607] MDS: Mitigation: Clear CPU buffers
machine # [    0.918539] TAA: Mitigation: Clear CPU buffers
machine # [    0.919539] MMIO Stale Data: Vulnerable: Clear CPU buffers attempted, no microcode
machine # [    0.942016] Freeing SMP alternatives memory: 32K
machine # [    0.943745] smpboot: CPU0: Intel(R) Core(TM) i9-9940X CPU @ 3.30GHz (family: 0x6, model: 0x55, stepping: 0x4)
machine # [    0.944642] cblist_init_generic: Setting adjustable number of callback queues.
machine # [    0.945551] cblist_init_generic: Setting shift to 0 and lim to 1.
machine # [    0.946565] cblist_init_generic: Setting shift to 0 and lim to 1.
machine # [    0.947570] cblist_init_generic: Setting shift to 0 and lim to 1.
machine # [    0.948563] Performance Events: Skylake events, full-width counters, Intel PMU driver.
machine # [    0.949565] ... version:                2
machine # [    0.950551] ... bit width:              48
machine # [    0.951551] ... generic registers:      4
machine # [    0.952551] ... value mask:             0000ffffffffffff
machine # [    0.953551] ... max period:             00007fffffffffff
machine # [    0.954551] ... fixed-purpose events:   3
machine # [    0.955551] ... event mask:             000000070000000f
machine # [    0.956860] rcu: Hierarchical SRCU implementation.
machine # [    0.957551] rcu:   Max phase no-delay instances is 400.
machine # [    0.958881] smp: Bringing up secondary CPUs ...
machine # [    0.959554] smp: Brought up 1 node, 1 CPU
machine # [    0.960551] smpboot: Max logical packages: 1
machine # [    0.961551] smpboot: Total of 1 processors activated (6623.99 BogoMIPS)
machine # [    0.963219] devtmpfs: initialized
machine # [    0.963593] x86/mm: Memory block size: 128MB
machine # [    0.964773] ACPI: PM: Registering ACPI NVS region [mem 0x00800000-0x00807fff] (32768 bytes)
machine # [    0.965552] ACPI: PM: Registering ACPI NVS region [mem 0x0080b000-0x0080bfff] (4096 bytes)
machine # [    0.966551] ACPI: PM: Registering ACPI NVS region [mem 0x00810000-0x008fffff] (983040 bytes)
machine # [    0.967564] ACPI: PM: Registering ACPI NVS region [mem 0x3fb7f000-0x3fbfefff] (524288 bytes)
machine # [    0.968560] ACPI: PM: Registering ACPI NVS region [mem 0x3ff78000-0x3fffffff] (557056 bytes)
machine # [    0.969607] clocksource: jiffies: mask: 0xffffffff max_cycles: 0xffffffff, max_idle_ns: 1911260446275000 ns
machine # [    0.970569] futex hash table entries: 256 (order: 2, 16384 bytes, linear)
machine # [    0.971597] pinctrl core: initialized pinctrl subsystem
machine # [    0.973171] NET: Registered PF_NETLINK/PF_ROUTE protocol family
machine # [    0.973633] DMA: preallocated 128 KiB GFP_KERNEL pool for atomic allocations
machine # [    0.974554] DMA: preallocated 128 KiB GFP_KERNEL|GFP_DMA pool for atomic allocations
machine # [    0.975552] DMA: preallocated 128 KiB GFP_KERNEL|GFP_DMA32 pool for atomic allocations
machine # [    0.976559] audit: initializing netlink subsys (disabled)
machine # [    0.977649] thermal_sys: Registered thermal governor 'bang_bang'
machine # [    0.977650] thermal_sys: Registered thermal governor 'step_wise'
machine # [    0.978552] thermal_sys: Registered thermal governor 'user_space'
machine # [    0.979571] audit: type=2000 audit(1678111552.736:1): state=initialized audit_enabled=0 res=1
machine # [    0.981560] cpuidle: using governor menu
machine # [    0.982699] acpiphp: ACPI Hot Plug PCI Controller Driver version: 0.5
machine # [    0.983993] PCI: Using configuration type 1 for base access
machine # [    0.985377] kprobes: kprobe jump-optimization is enabled. All kprobes are optimized if possible.
machine # [    1.003339] HugeTLB: registered 1.00 GiB page size, pre-allocated 0 pages
machine # [    1.003552] HugeTLB: 16380 KiB vmemmap can be freed for a 1.00 GiB page
machine # [    1.004551] HugeTLB: registered 2.00 MiB page size, pre-allocated 0 pages
machine # [    1.005551] HugeTLB: 28 KiB vmemmap can be freed for a 2.00 MiB page
machine # [    1.006975] ACPI: Added _OSI(Module Device)
machine # [    1.007552] ACPI: Added _OSI(Processor Device)
machine # [    1.008552] ACPI: Added _OSI(3.0 _SCP Extensions)
machine # [    1.009568] ACPI: Added _OSI(Processor Aggregator Device)
machine # [    1.011098] ACPI: 1 ACPI AML tables successfully acquired and loaded
machine # [    1.012788] ACPI: Interpreter enabled
machine # [    1.013564] ACPI: PM: (supports S0 S3 S4 S5)
machine # [    1.014551] ACPI: Using IOAPIC for interrupt routing
machine # [    1.015561] PCI: Using host bridge windows from ACPI; if necessary, use "pci=nocrs" and report a bug
machine # [    1.016567] PCI: Using E820 reservations for host bridge windows
machine # [    1.017749] ACPI: Enabled 2 GPEs in block 00 to 0F
machine # [    1.021315] ACPI: PCI Root Bridge [PCI0] (domain 0000 [bus 00-ff])
machine # [    1.021555] acpi PNP0A03:00: _OSC: OS supports [ASPM ClockPM Segments MSI HPX-Type3]
machine # [    1.022552] acpi PNP0A03:00: _OSC: not requesting OS control; OS requires [ExtendedConfig ASPM ClockPM MSI]
machine # [    1.023558] acpi PNP0A03:00: fail to add MMCONFIG information, can't access extended PCI configuration space under this bridge.
machine # [    1.024858] acpiphp: Slot [3] registered
machine # [    1.025615] acpiphp: Slot [4] registered
machine # [    1.026616] acpiphp: Slot [5] registered
machine # [    1.027615] acpiphp: Slot [6] registered
machine # [    1.028614] acpiphp: Slot [7] registered
machine # [    1.029615] acpiphp: Slot [8] registered
machine # [    1.030615] acpiphp: Slot [9] registered
machine # [    1.031614] acpiphp: Slot [10] registered
machine # [    1.032614] acpiphp: Slot [11] registered
machine # [    1.033616] acpiphp: Slot [12] registered
machine # [    1.034614] acpiphp: Slot [13] registered
machine # [    1.035616] acpiphp: Slot [14] registered
machine # [    1.036614] acpiphp: Slot [15] registered
machine # [    1.037616] acpiphp: Slot [16] registered
machine # [    1.038626] acpiphp: Slot [17] registered
machine # [    1.039613] acpiphp: Slot [18] registered
machine # [    1.040614] acpiphp: Slot [19] registered
machine # [    1.041616] acpiphp: Slot [20] registered
machine # [    1.042629] acpiphp: Slot [21] registered
machine # [    1.043613] acpiphp: Slot [22] registered
machine # [    1.044614] acpiphp: Slot [23] registered
machine # [    1.045613] acpiphp: Slot [24] registered
machine # [    1.046613] acpiphp: Slot [25] registered
machine # [    1.047613] acpiphp: Slot [26] registered
machine # [    1.048621] acpiphp: Slot [27] registered
machine # [    1.049612] acpiphp: Slot [28] registered
machine # [    1.050615] acpiphp: Slot [29] registered
machine # [    1.051613] acpiphp: Slot [30] registered
machine # [    1.052634] acpiphp: Slot [31] registered
machine # [    1.053607] PCI host bridge to bus 0000:00
machine # [    1.054552] pci_bus 0000:00: root bus resource [io  0x0000-0x0cf7 window]
machine # [    1.055551] pci_bus 0000:00: root bus resource [io  0x0d00-0xffff window]
machine # [    1.056551] pci_bus 0000:00: root bus resource [mem 0x000a0000-0x000bffff window]
machine # [    1.057551] pci_bus 0000:00: root bus resource [mem 0x40000000-0xfebfffff window]
machine # [    1.058551] pci_bus 0000:00: root bus resource [mem 0x380000000000-0x38007fffffff window]
machine # [    1.059551] pci_bus 0000:00: root bus resource [bus 00-ff]
machine # [    1.060794] pci 0000:00:00.0: [8086:1237] type 00 class 0x060000
machine # [    1.064601] pci 0000:00:01.0: [8086:7000] type 00 class 0x060100
machine # [    1.069886] pci 0000:00:01.1: [8086:7010] type 00 class 0x010180
machine # [    1.074304] pci 0000:00:01.1: reg 0x20: [io  0xc360-0xc36f]
machine # [    1.076188] pci 0000:00:01.1: legacy IDE quirk: reg 0x10: [io  0x01f0-0x01f7]
machine # [    1.076552] pci 0000:00:01.1: legacy IDE quirk: reg 0x14: [io  0x03f6]
machine # [    1.077551] pci 0000:00:01.1: legacy IDE quirk: reg 0x18: [io  0x0170-0x0177]
machine # [    1.078551] pci 0000:00:01.1: legacy IDE quirk: reg 0x1c: [io  0x0376]
machine # [    1.080309] pci 0000:00:01.2: [8086:7020] type 00 class 0x0c0300
machine # [    1.084552] pci 0000:00:01.2: reg 0x20: [io  0xc340-0xc35f]
machine # [    1.087600] pci 0000:00:01.3: [8086:7113] type 00 class 0x068000
machine # [    1.091607] pci 0000:00:01.3: quirk: [io  0xb000-0xb03f] claimed by PIIX4 ACPI
machine # [    1.092603] pci 0000:00:01.3: quirk: [io  0xb100-0xb10f] claimed by PIIX4 SMB
machine # [    1.094785] pci 0000:00:02.0: [1234:1111] type 00 class 0x030000
machine # [    1.097257] pci 0000:00:02.0: reg 0x10: [mem 0x80000000-0x80ffffff pref]
machine # [    1.100466] pci 0000:00:02.0: reg 0x18: [mem 0x8104d000-0x8104dfff]
machine # [    1.105217] pci 0000:00:02.0: reg 0x30: [mem 0xffff0000-0xffffffff pref]
machine # [    1.105836] pci 0000:00:02.0: BAR 0: assigned to efifb
machine # [    1.106736] pci 0000:00:02.0: Video device with shadowed ROM at [mem 0x000c0000-0x000dffff]
machine # [    1.109861] pci 0000:00:03.0: [1af4:1000] type 00 class 0x020000
machine # [    1.111986] pci 0000:00:03.0: reg 0x10: [io  0xc320-0xc33f]
machine # [    1.113535] pci 0000:00:03.0: reg 0x14: [mem 0x8104c000-0x8104cfff]
machine # [    1.116351] pci 0000:00:03.0: reg 0x20: [mem 0x380000000000-0x380000003fff 64bit pref]
machine # [    1.117499] pci 0000:00:03.0: reg 0x30: [mem 0xfffc0000-0xffffffff pref]
machine # [    1.122464] pci 0000:00:04.0: [1af4:1005] type 00 class 0x00ff00
machine # [    1.123553] pci 0000:00:04.0: reg 0x10: [io  0xc300-0xc31f]
machine # [    1.125470] pci 0000:00:04.0: reg 0x14: [mem 0x8104b000-0x8104bfff]
machine # [    1.129351] pci 0000:00:04.0: reg 0x20: [mem 0x380000004000-0x380000007fff 64bit pref]
machine # [    1.135257] pci 0000:00:05.0: [1af4:1009] type 00 class 0x000200
machine # [    1.136553] pci 0000:00:05.0: reg 0x10: [io  0xc240-0xc27f]
machine # [    1.138489] pci 0000:00:05.0: reg 0x14: [mem 0x8104a000-0x8104afff]
machine # [    1.141186] pci 0000:00:05.0: reg 0x20: [mem 0x380000008000-0x38000000bfff 64bit pref]
machine # [    1.147449] pci 0000:00:06.0: [1af4:1009] type 00 class 0x000200
machine # [    1.148553] pci 0000:00:06.0: reg 0x10: [io  0xc2e0-0xc2ff]
machine # [    1.150553] pci 0000:00:06.0: reg 0x14: [mem 0x81049000-0x81049fff]
machine # [    1.154084] pci 0000:00:06.0: reg 0x20: [mem 0x38000000c000-0x38000000ffff 64bit pref]
machine # [    1.160353] pci 0000:00:07.0: [1af4:1009] type 00 class 0x000200
machine # [    1.161553] pci 0000:00:07.0: reg 0x10: [io  0xc2c0-0xc2df]
machine # [    1.163470] pci 0000:00:07.0: reg 0x14: [mem 0x81048000-0x81048fff]
machine # [    1.166116] pci 0000:00:07.0: reg 0x20: [mem 0x380000010000-0x380000013fff 64bit pref]
machine # [    1.172195] pci 0000:00:08.0: [1af4:1001] type 00 class 0x010000
machine # [    1.173553] pci 0000:00:08.0: reg 0x10: [io  0xc180-0xc1ff]
machine # [    1.175470] pci 0000:00:08.0: reg 0x14: [mem 0x81047000-0x81047fff]
machine # [    1.178295] pci 0000:00:08.0: reg 0x20: [mem 0x380000014000-0x380000017fff 64bit pref]
machine # [    1.185107] pci 0000:00:09.0: [1af4:1001] type 00 class 0x010000
machine # [    1.186900] pci 0000:00:09.0: reg 0x10: [io  0xc100-0xc17f]
machine # [    1.188527] pci 0000:00:09.0: reg 0x14: [mem 0x81046000-0x81046fff]
machine # [    1.191552] pci 0000:00:09.0: reg 0x20: [mem 0x380000018000-0x38000001bfff 64bit pref]
machine # [    1.198551] pci 0000:00:0a.0: [1af4:1001] type 00 class 0x010000
machine # [    1.200554] pci 0000:00:0a.0: reg 0x10: [io  0xc080-0xc0ff]
machine # [    1.202509] pci 0000:00:0a.0: reg 0x14: [mem 0x81045000-0x81045fff]
machine # [    1.205323] pci 0000:00:0a.0: reg 0x20: [mem 0x38000001c000-0x38000001ffff 64bit pref]
machine # [    1.211533] pci 0000:00:0b.0: [1af4:1001] type 00 class 0x010000
machine # [    1.212553] pci 0000:00:0b.0: reg 0x10: [io  0xc000-0xc07f]
machine # [    1.214553] pci 0000:00:0b.0: reg 0x14: [mem 0x81044000-0x81044fff]
machine # [    1.218255] pci 0000:00:0b.0: reg 0x20: [mem 0x380000020000-0x380000023fff 64bit pref]
machine # [    1.224381] pci 0000:00:0c.0: [1af4:1000] type 00 class 0x020000
machine # [    1.225553] pci 0000:00:0c.0: reg 0x10: [io  0xc2a0-0xc2bf]
machine # [    1.227497] pci 0000:00:0c.0: reg 0x14: [mem 0x81043000-0x81043fff]
machine # [    1.230277] pci 0000:00:0c.0: reg 0x20: [mem 0x380000024000-0x380000027fff 64bit pref]
machine # [    1.231514] pci 0000:00:0c.0: reg 0x30: [mem 0xfffc0000-0xffffffff pref]
machine # [    1.236453] pci 0000:00:0d.0: [1af4:1052] type 00 class 0x090000
machine # [    1.238295] pci 0000:00:0d.0: reg 0x14: [mem 0x81042000-0x81042fff]
machine # [    1.240934] pci 0000:00:0d.0: reg 0x20: [mem 0x380000028000-0x38000002bfff 64bit pref]
machine # [    1.246943] pci 0000:00:0e.0: [1af4:1003] type 00 class 0x078000
machine # [    1.248564] pci 0000:00:0e.0: reg 0x10: [io  0xc200-0xc23f]
machine # [    1.250494] pci 0000:00:0e.0: reg 0x14: [mem 0x81041000-0x81041fff]
machine # [    1.253306] pci 0000:00:0e.0: reg 0x20: [mem 0x38000002c000-0x38000002ffff 64bit pref]
machine # [    1.259894] pci 0000:00:0f.0: [1af4:1005] type 00 class 0x00ff00
machine # [    1.261553] pci 0000:00:0f.0: reg 0x10: [io  0xc280-0xc29f]
machine # [    1.263492] pci 0000:00:0f.0: reg 0x14: [mem 0x81040000-0x81040fff]
machine # [    1.266325] pci 0000:00:0f.0: reg 0x20: [mem 0x380000030000-0x380000033fff 64bit pref]
machine # [    1.272925] ACPI: PCI: Interrupt link LNKA configured for IRQ 10
machine # [    1.273890] ACPI: PCI: Interrupt link LNKB configured for IRQ 10
machine # [    1.274858] ACPI: PCI: Interrupt link LNKC configured for IRQ 11
machine # [    1.275849] ACPI: PCI: Interrupt link LNKD configured for IRQ 11
machine # [    1.276700] ACPI: PCI: Interrupt link LNKS configured for IRQ 9
machine # [    1.278058] iommu: Default domain type: Translated
machine # [    1.278568] iommu: DMA domain TLB invalidation policy: lazy mode
machine # [    1.279709] Registered efivars operations
machine # [    1.280984] NetLabel: Initializing
machine # [    1.281552] NetLabel:  domain hash size = 128
machine # [    1.282551] NetLabel:  protocols = UNLABELED CIPSOv4 CALIPSO
machine # [    1.283571] NetLabel:  unlabeled traffic allowed by default
machine # [    1.284558] PCI: Using ACPI for IRQ routing
machine # [    1.287759] pci 0000:00:02.0: vgaarb: setting as boot VGA device
machine # [    1.288538] pci 0000:00:02.0: vgaarb: bridge control possible
machine # [    1.288538] pci 0000:00:02.0: vgaarb: VGA device added: decodes=io+mem,owns=io+mem,locks=none
machine # [    1.288554] vgaarb: loaded
machine # [    1.289655] hpet0: at MMIO 0xfed00000, IRQs 2, 8, 0
machine # [    1.290551] hpet0: 3 comparators, 64-bit 100.000000 MHz counter
machine # [    1.294598] clocksource: Switched to clocksource kvm-clock
machine # [    1.307110] VFS: Disk quotas dquot_6.6.0
machine # [    1.309957] VFS: Dquot-cache hash table entries: 512 (order 0, 4096 bytes)
machine # [    1.314864] pnp: PnP ACPI init
machine # [    1.317670] pnp: PnP ACPI: found 6 devices
machine # [    1.326874] clocksource: acpi_pm: mask: 0xffffff max_cycles: 0xffffff, max_idle_ns: 2085701024 ns
machine # [    1.333044] clocksource: Switched to clocksource acpi_pm
machine # [    1.336850] NET: Registered PF_INET protocol family
machine # [    1.340412] IP idents hash table entries: 16384 (order: 5, 131072 bytes, linear)
machine # [    1.346855] tcp_listen_portaddr_hash hash table entries: 512 (order: 1, 8192 bytes, linear)
machine # [    1.352765] Table-perturb hash table entries: 65536 (order: 6, 262144 bytes, linear)
machine # [    1.358251] TCP established hash table entries: 8192 (order: 4, 65536 bytes, linear)
machine # [    1.363774] TCP bind hash table entries: 8192 (order: 6, 262144 bytes, linear)
machine # [    1.368949] TCP: Hash tables configured (established 8192 bind 8192)
machine # [    1.373725] MPTCP token hash table entries: 1024 (order: 2, 24576 bytes, linear)
machine # [    1.379012] UDP hash table entries: 512 (order: 2, 16384 bytes, linear)
machine # [    1.383773] UDP-Lite hash table entries: 512 (order: 2, 16384 bytes, linear)
machine # [    1.388833] NET: Registered PF_UNIX/PF_LOCAL protocol family
machine # [    1.392948] NET: Registered PF_XDP protocol family
machine # [    1.396474] pci 0000:00:03.0: can't claim BAR 6 [mem 0xfffc0000-0xffffffff pref]: no compatible bridge window
machine # [    1.403390] pci 0000:00:0c.0: can't claim BAR 6 [mem 0xfffc0000-0xffffffff pref]: no compatible bridge window
machine # [    1.410253] pci 0000:00:03.0: BAR 6: assigned [mem 0x40000000-0x4003ffff pref]
machine # [    1.415393] pci 0000:00:0c.0: BAR 6: assigned [mem 0x40040000-0x4007ffff pref]
machine # [    1.420695] pci_bus 0000:00: resource 4 [io  0x0000-0x0cf7 window]
machine # [    1.425126] pci_bus 0000:00: resource 5 [io  0x0d00-0xffff window]
machine # [    1.429695] pci_bus 0000:00: resource 6 [mem 0x000a0000-0x000bffff window]
machine # [    1.434733] pci_bus 0000:00: resource 7 [mem 0x40000000-0xfebfffff window]
machine # [    1.439733] pci_bus 0000:00: resource 8 [mem 0x380000000000-0x38007fffffff window]
machine # [    1.445223] pci 0000:00:01.0: PIIX3: Enabling Passive Release
machine # [    1.449481] pci 0000:00:00.0: Limiting direct PCI/PCI transfers
machine # [    1.476937] ACPI: \_SB_.LNKD: Enabled at IRQ 11
machine # [    1.503352] pci 0000:00:01.2: quirk_usb_early_handoff+0x0/0x750 took 48252 usecs
machine # [    1.509517] PCI: CLS 0 bytes, default 64
machine # [    1.512515] Trying to unpack rootfs image as initramfs...
machine # [    1.516539] clocksource: tsc: mask: 0xffffffffffffffff max_cycles: 0x2fbd924e8de, max_idle_ns: 440795321919 ns
machine # [    1.531964] Initialise system trusted keyrings
machine # [    1.543734] workingset: timestamp_bits=40 max_order=18 bucket_order=0
machine # [    1.550044] zbud: loaded
machine # [    1.556125] Key type asymmetric registered
machine # [    1.562737] Asymmetric key parser 'x509' registered
machine # [    1.630380] Freeing initrd memory: 15992K
machine # [    1.637858] alg: self-tests for CTR-KDF (hmac(sha256)) passed
machine # [    1.641877] Block layer SCSI generic (bsg) driver version 0.4 loaded (major 252)
machine # [    1.647069] io scheduler mq-deadline registered
machine # [    1.650380] io scheduler kyber registered
machine # [    1.653790] Serial: 8250/16550 driver, 4 ports, IRQ sharing enabled
machine # [    1.659042] 00:04: ttyS0 at I/O 0x3f8 (irq = 4, base_baud = 115200) is a 16550A
machine # [    1.665310] intel_pstate: CPU model not supported
machine # [    1.668760] efifb: probing for efifb
machine # [    1.671498] efifb: framebuffer at 0x80000000, using 4000k, total 4000k
machine # [    1.676144] efifb: mode is 1280x800x32, linelength=5120, pages=1
machine # [    1.680466] efifb: scrolling: redraw
machine # [    1.683129] efifb: Truecolor: size=8:8:8:8, shift=24:16:8:0
machine # [    1.687225] fbcon: Deferring console take-over
machine # [    1.690432] fb0: EFI VGA frame buffer device
machine # [    1.693737] drop_monitor: Initializing network drop monitor service
machine # [    1.707809] NET: Registered PF_INET6 protocol family
machine # [    1.715891] Segment Routing with IPv6
machine # [    1.718795] In-situ OAM (IOAM) with IPv6
machine # [    1.722038] IPI shorthand broadcast: enabled
machine # [    1.725244] registered taskstats version 1
machine # [    1.728228] Loading compiled-in X.509 certificates
machine # [    1.731864] zswap: loaded using pool lzo/zbud
machine # [    1.735306] Key type .fscrypt registered
machine # [    1.738142] Key type fscrypt-provisioning registered
machine # [    1.742813] Unstable clock detected, switching default tracing clock to "global"
machine # [    1.742813] If you want to keep using the local clock, then add:
machine # [    1.742813]   "trace_clock=local"
machine # [    1.742813] on the kernel command line
machine # [    1.759138] Freeing unused decrypted memory: 2036K
machine # [    1.762135] Freeing unused kernel image (initmem) memory: 1876K
machine # [    1.764732] Write protecting the kernel read-only data: 22528k
machine # [    1.768977] Freeing unused kernel image (text/rodata gap) memory: 2040K
machine # [    1.772032] Freeing unused kernel image (rodata/data gap) memory: 660K
machine # [    1.813478] x86/mm: Checked W+X mappings: passed, no W+X pages found.
machine # [    1.816088] x86/mm: Checking user space page tables
machine # [    1.855197] x86/mm: Checked W+X mappings: passed, no W+X pages found.
machine # [    1.857990] Run /init as init process
machine # [    1.869226] systemd[1]: Inserted module 'autofs4'
machine # [    1.879035] systemd[1]: systemd 252.5 running in system mode (+PAM -AUDIT -SELINUX -APPARMOR +IMA +SMACK +SECCOMP -GCRYPT -GNUTLS +OPENSSL +ACL +BLKID -CURL -ELFUTILS +FIDO2 -IDN2 -IDN -IPTC +KMOD +LIBCRYPTSETUP +LIBFDISK -PCRE2 -PWQUALITY -P11KIT -QRENCODE +TPM2 -BZIP2 -LZ4 -XZ -ZLIB -ZSTD -BPF_FRAMEWORK -XKBCOMMON +UTMP -SYSVINIT default-hierarchy=unified)
machine # [    1.891813] systemd[1]: Detected virtualization kvm.
machine # [    1.894157] systemd[1]: Detected architecture x86-64.
machine # [    1.896509] systemd[1]: Running in initrd.
machine # [    1.898717] systemd[1]: No hostname configured, using default hostname.
machine # [    1.901804] systemd[1]: Hostname set to <localhost>.
machine # [    1.904246] systemd[1]: Initializing machine ID from random generator.
machine # [    1.958215] systemd[1]: Queued start job for default target Initrd Default Target.
machine # [    1.966819] systemd[1]: Created slice Slice /system/systemd-makefs.
machine # [    1.969990] systemd[1]: Started Dispatch Password Requests to Console Directory Watch.
machine # [    1.973923] systemd[1]: Reached target Initrd Root Device.
machine # [    1.976822] systemd[1]: Reached target Path Units.
machine # [    1.979287] systemd[1]: Reached target Slice Units.
machine # [    1.981919] systemd[1]: Reached target Swaps.
machine # [    1.984202] systemd[1]: Reached target Timer Units.
machine # [    1.987053] systemd[1]: Listening on Journal Audit Socket.
machine # [    1.990006] systemd[1]: Listening on Journal Socket (/dev/log).
machine # [    1.993136] systemd[1]: Listening on Journal Socket.
machine # [    1.996009] systemd[1]: Listening on udev Control Socket.
machine # [    1.998939] systemd[1]: Listening on udev Kernel Socket.
machine # [    2.001732] systemd[1]: Reached target Socket Units.
machine # [    2.004263] systemd[1]: Kernel Configuration File System was skipped because of an unmet condition check (ConditionPathExists=/sys/kernel/config).
machine # [    2.016993] systemd[1]: Starting Create List of Static Device Nodes...
machine # [    2.027042] systemd[1]: Starting Journal Service...
machine # [    2.038002] systemd[1]: Starting Load Kernel Modules...
machine # [    2.051031] systemd[1]: Starting Coldplug All udev Devices...
machine # [    2.071860] systemd[1]: Finished Create List of Static Device Nodes.
machine # [    2.097017] systemd[1]: Starting Create Static Device Nodes in /dev...
machine # [    2.111724] device-mapper: ioctl: 4.47.0-ioctl (2022-07-28) initialised: dm-devel@redhat.com
machine # [    2.124888] systemd[1]: Finished Create Static Device Nodes in /dev.
machine # [    2.139959] systemd[1]: Finished Load Kernel Modules.
machine # [    2.157043] systemd[1]: Starting Apply Kernel Variables...
machine # [    2.168314] audit: type=1334 audit(1678111553.926:2): prog-id=6 op=LOAD
machine # [    2.173503] audit: type=1334 audit(1678111553.931:3): prog-id=7 op=LOAD
machine # [    2.181053] systemd[1]: Starting Rule-based Manager for Device Events and Files...
machine # [    2.206977] systemd[1]: Finished Apply Kernel Variables.
machine # [    2.241780] systemd[1]: Finished Coldplug All udev Devices.
machine # [    2.249224] systemd[1]: Started Rule-based Manager for Device Events and Files.
machine # [    2.444336] systemd[1]: Started Journal Service.
machine # [    1.605558] systemd-modules-load[75]: Inserted module 'virtio_balloon'
machine # [    1.615194] systemd-modules-load[75]: Inserted module 'virtio_console'
machine # [    1.625087] systemd-modules-load[75]: Inserted module 'dm_mod'
machine # [    1.634556] systemd-udevd[81]: Using default interface naming scheme 'v252'.
machine # [    1.645786] systemd-udevd[81]: /nix/store/m1safh1fssisd0f7brzi65y3g9qixf0j-systemd-stage-1-252.5/lib/udev/rules.d/50-udev-default.rules:22 Unknown group 'tty', ignoring
machine # [    1.662855] systemd-udevd[81]: /nix/store/m1safh1fssisd0f7brzi65y3g9qixf0j-systemd-stage-1-252.5/lib/udev/rules.d/50-udev-default.rules:23 Unknown group 'tty', ignoring
machine # [    1.680156] systemd-udevd[81]: /nix/store/m1safh1fssisd0f7brzi65y3g9qixf0j-systemd-stage-1-252.5/lib/udev/rules.d/50-udev-default.rules:24 Unknown group 'tty', ignoring
machine # [    1.695192] systemd-udevd[81]: /nix/store/m1safh1fssisd0f7brzi65y3g9qixf0j-systemd-stage-1-252.5/lib/udev/rules.d/50-udev-default.rules:25 Unknown group 'tty', ignoring
machine # [    1.710176] systemd-udevd[81]: /nix/store/m1safh1fssisd0f7brzi65y3g9qixf0j-systemd-stage-1-252.5/lib/udev/rules.d/50-udev-default.rules:26 Unknown group 'tty', ignoring
machine # [    1.725157] systemd-udevd[81]: /nix/store/m1safh1fssisd0f7brzi65y3g9qixf0j-systemd-stage-1-252.5/lib/udev/rules.d/50-udev-default.rules:27 Unknown group 'tty', ignoring
machine # [    1.741550] systemd-udevd[81]: /nix/store/m1safh1fssisd0f7brzi65y3g9qixf0j-systemd-stage-1-252.5/lib/udev/rules.d/50-udev-default.rules:28 Unknown group 'tty', ignoring
machine # [    1.755825] systemd-udevd[81]: /nix/store/m1safh1fssisd0f7brzi65y3g9qixf0j-systemd-stage-1-252.5/lib/udev/rules.d/50-udev-default.rules:29 Unknown group 'dialout', ignoring
machine # [    1.771230] systemd-udevd[81]: /nix/store/m1safh1fssisd0f7brzi65y3g9qixf0j-systemd-stage-1-252.5/lib/udev/rules.d/50-udev-default.rules:31 Unknown group 'kmem', ignoring
machine # [    1.786163] systemd-udevd[81]: /nix/store/m1safh1fssisd0f7brzi65y3g9qixf0j-systemd-stage-1-252.5/lib/udev/rules.d/50-udev-default.rules:33 Unknown group 'input', ignoring[    2.646082] i8042: PNP: PS/2 Controller [PNP0303:KBD,PNP0f13:MOU] at 0x60,0x64 irq 1,12
machine # 
machine # [    1.803498] systemd-udevd[81]: /nix/store/m1safh1fssisd0f7brzi65y3g9qixf0j-systemd-stage-1-252.5/lib/udev/rules.d/50-udev-default.rules:36 Unknown group 'video', ignoring[    2.661806] rtc_cmos 00:05: RTC can wake from S4
machine # 
machine # [    1.818073] systemd-udevd[81]: /nix/store/m1safh1fssisd0f7brzi65y3g9qixf0j-systemd-stage-1-252.5/lib/udev/rules.d/50-udev-default.rules:37 Unknown group 'video', ignoring
machine # [    1.834838] systemd-udevd[81]: /nix/store/m1safh1fssisd0f7brzi65y3g9qixf0j-systemd-stage-1-252.5/lib/udev/rules.d/50-udev-default.rules:38 Unknown group 'video', ignoring
machine # [    2.697774] rtc_cmos 00:05: registered as rtc0
machine # [    1.852733] systemd-udevd[81]: /nix/store/m1safh1fssisd0f7brzi65y3g9qixf0j-systemd-stage-1-252.5/lib/udev/rules.d/50-udev-default.rules:39 Unknown group 'video', ignoring[    2.707233] serio: i8042 KBD port at 0x60,0x64 irq 1
machine # 
machine # [    2.714502] rtc_cmos 00:05: alarms up to one day, y3k, 242 bytes nvram
machine # [    1.871735] systemd-udevd[81]: /nix/store/m1safh1fssisd0f7brzi65y3g9qixf0j-systemd-stage-1-252.5/lib/udev/rules.d/50-udev-default.rules:40 Unknown group 'video', ignoring[    2.726181] serio: i8042 AUX port at 0x60,0x64 irq 12
machine # 
machine # [    1.885449] systemd-udevd[81]: /nix/store/m1safh1fssisd0f7brzi65y3g9qixf0j-systemd-stage-1-252.5/lib/udev/rules.d/50-udev-default.rules:41 Unknown group 'video', ignoring
machine # [    1.900828] systemd-udevd[81]: /nix/store/m1safh1fssisd0f7brzi65y3g9qixf0j-systemd-stage-1-252.5/lib/udev/rules.d/50-udev-default.rules:43 Unknown group 'render', ignoring
machine # [    1.915163] systemd-udevd[81]: /nix/store/m1safh1fssisd0f7brzi65y3g9qixf0j-systemd-stage-1-252.5/lib/udev/rules.d/50-udev-default.rules:44 Unknown group 'render', ignoring
machine # [    1.930178] systemd-udevd[81]: /nix/store/m1safh1fssisd0f7brzi65y3g9qixf0j-systemd-stage-1-252.5/lib/udev/rules.d/50-udev-default.rules:46 Unknown group 'sgx', ignoring
machine # [    1.945884] systemd-udevd[81]: /nix/store/m1safh1fssisd0f7brzi65y3g9qixf0j-systemd-stage-1-252.5/lib/udev/rules.d/50-udev-default.rules:47 Unknown group 'sgx', ignoring
machine # [    1.961663] systemd-udevd[81]: /nix/store/m1safh1fssisd0f7brzi65y3g9qixf0j-systemd-stage-1-252.5/lib/udev/rules.d/50-udev-default.rules:53 Unknown group 'audio', ignoring
machine # [    1.976148] systemd-udevd[81]: /nix/store/m1safh1fssisd0f7brzi65y3g9qixf0j-systemd-stage-1-252.5/lib/udev/rules.d/50-udev-default.rules:63 Unknown group 'audio', ignoring
machine # [    1.991169] systemd-udevd[81]: /nix/store/m1safh1fssisd0f7brzi65y3g9qixf0j-systemd-stage-1-252.5/lib/udev/rules.d/50-udev-default.rules:64 Unknown group 'audio', ignoring
machine # [    2.006148] systemd-udevd[81]: /nix/store/m1safh1fssisd0f7brzi65y3g9qixf0j-systemd-stage-1-252.5/lib/udev/rules.d/50-udev-default.rules:65 Unknown group 'video', ignoring
machine # [    2.021151] systemd-udevd[81]: /nix/store/m1safh1fssisd0f7brzi65y3g9qixf0j-systemd-stage-1-252.5/lib/udev/rules.d/50-udev-default.rules:67 Unknown group 'lp', ignoring
machine # [    2.036159] systemd-udevd[81]: /nix/store/m1safh1fssisd0f7brzi65y3g9qixf0j-systemd-stage-1-252.5/lib/udev/rules.d/50-udev-default.rules:68 Unknown group 'lp', ignoring
machine # [    2.051147] systemd-udevd[81]: /nix/store/m1safh1fssisd0f7brzi65y3g9qixf0j-systemd-stage-1-252.5/lib/udev/rules.d/50-udev-default.rules:69 Unknown group 'lp', ignoring
machine # [    2.066125] systemd-udevd[81]: /nix/store/m1safh1fssisd0f7brzi65y3g9qixf0j-systemd-stage-1-252.5/lib/udev/rules.d/50-udev-default.rules:70 Unknown group 'lp', ignoring[    2.922084] SCSI subsystem initialized
machine # 
machine # [    2.082510] systemd-udevd[81]: /nix/store/m1safh1fssisd0f7brzi65y3g9qixf0j-systemd-stage-1-252.5/lib/udev/rules.d/50-udev-default.rules:71 Unknown group 'lp', ignoring
machine # [    2.097763] systemd-udevd[81]: /nix/store/m1safh1fssisd0f7brzi65y3g9qixf0j-systemd-stage-1-252.5/lib/udev/rules.d/50-udev-default.rules:72 Unknown group 'lp', ignoring
machine # [    2.112216] systemd-udevd[81]: /nix/store/m1safh1fssisd0f7brzi65y3g9qixf0j-systemd-stage-1-252.5/lib/udev/rules.d/50-udev-default.rules:74 Unknown group 'disk', ignoring[    2.968922] ACPI: bus type USB registered
machine # 
machine # [    2.128739] systemd-udevd[81]: /nix/store/m1safh1fssisd0f7brzi65y3g9qixf0j-systemd-stage-1-252.5/lib/udev/rules.d/50-udev-default.rules:75 Unknown group 'cdrom', ignoring[    2.985762] usbcore: registered new interface driver usbfs
machine # 
machine # [    2.144662] systemd-udevd[81]: /nix/store/m1safh1fssisd0f7brzi65y3g9qixf0j-systemd-stage-1-252.5/lib/udev/rules.d/50-udev-default.rules:76 Unknown group 'cdrom', ignoring[    3.002736] usbcore: registered new interface driver hub
machine # 
machine # [    2.160548] systemd-udevd[81]: /nix/store/m1safh1fssisd0f7brzi65y3g9qixf0j-systemd-stage-1-252.5/lib/udev/rules.d/50-udev-default.rules:77 Unknown group 'cdrom', ignoring[    3.019710] usbcore: registered new device driver usb
machine # 
machine # [    2.175897] systemd-udevd[81]: /nix/store/m1safh1fssisd0f7brzi65y3g9qixf0j-systemd-stage-1-252.5/lib/udev/rules.d/50-udev-default.rules:78 Unknown group 'cdrom', ignoring
machine # [    2.190836] systemd-udevd[81]: /nix/store/m1safh1fssisd0f7brzi65y3g9qixf0j-systemd-stage-1-252.5/lib/udev/rules.d/50-udev-default.rules:79 Unknown group 'cdrom', ignoring[    3.044813] ACPI: \_SB_.LNKC: Enabled at IRQ 10
machine # 
machine # [    2.206680] systemd-udevd[81]: /nix/store/m1safh1fssisd0f7brzi65y3g9qixf0j-systemd-stage-1-252.5/lib/udev/rules.d/50-udev-default.rules:81 Unknown group 'tape', ignoring
machine # [    2.221169] systemd-udevd[81]: /nix/store/m1safh1fssisd0f7brzi65y3g9qixf0j-systemd-stage-1-252.5/lib/udev/rules.d/50-udev-default.rules:82 Unknown group 'disk', ignoring
machine # [    2.239463] systemd-udevd[81]: /nix/store/m1safh1fssisd0f7brzi65y3g9qixf0j-systemd-stage-1-252.5/lib/udev/rules.d/50-udev-default.rules:83 Unknown group 'disk', ignoring
machine # [    2.254668] systemd-udevd[81]: /nix/store/m1safh1fssisd0f7brzi65y3g9qixf0j-systemd-stage-1-252.5/lib/udev/rules.d/50-udev-default.rules:84 Unknown group 'disk', ignoring[    3.111736] scsi host0: ata_piix
machine # 
machine # [    2.271940] systemd-udevd[81]: /nix/store/m1safh1fssisd0f7brzi65y3g9qixf0j-systemd-stage-1-252.5/lib/udev/rules.d/50-udev-default.rules:85 Unknown group 'disk', ignoring[    3.128715] scsi host1: ata_piix
machine # [    3.130357] ata1: PATA max MWDMA2 cmd 0x1f0 ctl 0x3f6 bmdma 0xc360 irq 14
machine # [    3.133245] ata2: PATA max MWDMA2 cmd 0x170 ctl 0x376 bmdma 0xc368 irq 15
machine # 
machine # [    2.292057] systemd-udevd[81]: /nix/store/m1safh1fssisd0f7brzi65y3g9qixf0j-systemd-stage-1-252.5/lib/udev/rules.d/50-udev-default.rules:86 Unknown group 'disk', ignoring
machine # [    2.306118] systemd-udevd[81]: /nix/store/m1safh1fssisd0f7brzi65y3g9qixf0j-systemd-stage-1-252.5/lib/udev/rules.d/50-udev-default.rules:87 Unknown group 'disk', ignoring
machine # [    2.322120] systemd-udevd[81]: /nix/store/m1safh1fssisd0f7brzi65y3g9qixf0j-systemd-stage-1-252.5/lib/udev/rules.d/50-udev-default.rules:88 Unknown group 'disk', ignoring
machine # [    2.335109] systemd-udevd[81]: /nix/store/m1safh1fssisd0f7brzi65y3g9qixf0j-systemd-stage-1-252.5/lib/udev/rules.d/50-udev-default.rules:97 Unknown group 'kvm', ignoring
machine # [    2.350114] systemd-udevd[81]: /nix/store/m1safh1fssisd0f7brzi65y3g9qixf0j-systemd-stage-1-252.5/lib/udev/rules.d/50-udev-default.rules:102 Unknown group 'kvm', ignoring
machine # [    2.367820] systemd-udevd[81]: /nix/store/m1safh1fssisd0f7brzi65y3g9qixf0j-systemd-stage-1-252.5/lib/udev/rules.d/50-udev-default.rules:104 Unknown group 'kvm', ignoring
machine # [    2.380471] systemd-udevd[81]: /nix/store/m1safh1fssisd0f7brzi65y3g9qixf0j-systemd-stage-1-252.5/lib/udev/rules.d/50-udev-default.rules:106 Unknown group 'kvm', ignoring[    3.235824] uhci_hcd 0000:00:01.2: UHCI Host Controller
machine # 
machine # [    2.396650] systemd-udevd[85]: event_source: Failed to get device name: No such file or directory[    3.248075] uhci_hcd 0000:00:01.2: new USB bus registered, assigned bus number 1
machine # [    3.251242] uhci_hcd 0000:00:01.2: detected 2 ports
machine # 
machine # [    3.261461] uhci_hcd 0000:00:01.2: irq 11, io port 0x0000c340
machine # [    3.264334] usb usb1: New USB device found, idVendor=1d6b, idProduct=0001, bcdDevice= 6.01
machine # [    3.267938] usb usb1: New USB device strings: Mfr=3, Product=2, SerialNumber=1
machine # [    3.271123] usb usb1: Product: UHCI Host Controller
machine # [    3.273354] usb usb1: Manufacturer: Linux 6.1.15 uhci_hcd
machine # [    3.275788] usb usb1: SerialNumber: 0000:00:01.2
machine # [    3.295324] hub 1-0:1.0: USB hub found
machine # [    3.302706] hub 1-0:1.0: 2 ports detected
machine # [    3.313757] ACPI: \_SB_.LNKA: Enabled at IRQ 10
machine # [    3.344791] ACPI: \_SB_.LNKB: Enabled at IRQ 11
machine # [    3.528699] usb 1-1: new full-speed USB device number 2 using uhci_hcd
machine # [    3.700197] usb 1-1: New USB device found, idVendor=0627, idProduct=0001, bcdDevice= 0.00
machine # [    3.703845] usb 1-1: New USB device strings: Mfr=1, Product=3, SerialNumber=10
machine # [    3.707044] usb 1-1: Product: QEMU USB Tablet
machine # [    3.709121] usb 1-1: Manufacturer: QEMU
machine # [    3.710919] usb 1-1: SerialNumber: 28754-0000:00:01.2-1
machine # [    3.734850] input: AT Translated Set 2 keyboard as /devices/platform/i8042/serio0/input/input0
machine # [    3.786371] virtio_blk virtio5: 1/0/0 default/read/poll queues
machine # [    3.795797] 9pnet: Installing 9P2000 support
machine # [    3.812525] virtio_blk virtio5: [vda] 2097152 512-byte logical blocks (1.07 GB/1.00 GiB)
machine # [    3.837934] virtio_blk virtio6: 1/0/0 default/read/poll queues
machine # [    3.885354] virtio_blk virtio6: [vdb] 245760 512-byte logical blocks (126 MB/120 MiB)
machine # [    3.051764] systemd-udevd[90]: Network interface NamePolicy= disabled on kernel command line.
machine # [    3.066893] systemd-udevd[91]: eth1: Config file /nix/store/vcgrvcj9yp01k8crbngfhbzqwdg26jrr-initrd-link-units/40-eth1.link is applied to device based on potentially unpredictable interface name.
machine # [    3.082043] systemd-udevd[91]: Network interface NamePolicy= disabled on kernel command line.[    3.935415] hid: raw HID events driver (C) Jiri Kosina
machine # 
machine # [    3.953274]  vdb: vdb1 vdb2
machine # [    3.960473] virtio_blk virtio7: 1/0/0 default/read/poll queues
machine # [    3.126608] systemd-udevd[88]: vtcon0: Process '/nix/store/m1safh1fssisd0f7brzi65y3g9qixf0j-systemd-stage-1-252.5/lib/systemd/systemd-vconsole-setup' failed with exit code 1.[    3.983517] usbcore: registered new interface driver usbhid
machine # [    3.985986] usbhid: USB HID core driver
machine # 
machine # [    4.000470] virtio_blk virtio7: [vdc] 1048576 512-byte logical blocks (537 MB/512 MiB)
machine # [    4.008491] input: QEMU QEMU USB Tablet as /devices/pci0000:00/0000:00:01.2/usb1/1-1/1-1:1.0/0003:0627:0001.0001/input/input2
machine # [    4.016271] virtio_blk virtio8: 1/0/0 default/read/poll queues
machine # [    4.020935] hid-generic 0003:0627:0001.0001: input,hidraw0: USB HID v0.01 Mouse [QEMU QEMU USB Tablet] on usb-0000:00:01.2-1/input0
machine # [    4.028830] virtio_blk virtio8: [vdd] 1048576 512-byte logical blocks (537 MB/512 MiB)
machine # [    3.268142] systemd[1]: Found device /dev/vda.
machine # [    3.280691] systemd[1]: Starting Make File System on /dev/vda...
machine # [    3.373036] systemd-makefs[111]: /dev/vda successfully formatted as ext4 (label "vda", uuid 809d32a2-cfd9-480d-8630-358bcd25f822)
machine # [    3.385610] systemd[1]: Finished Make File System on /dev/vda.
machine # [    3.393453] systemd[1]: Mounting /sysroot...
machine # [    4.315438] EXT4-fs (vda): mounted filesystem with ordered data mode. Quota mode: none.
machine # [    3.475909] systemd[1]: Mounted /sysroot.
machine # [    3.480508] systemd[1]: Reached target Initrd Root File System.
machine # [    3.490578] systemd[1]: Mounting /sysroot/nix/.ro-store...
machine # [    3.498768] systemd[1]: Mounting /sysroot/nix/.rw-store...
machine # [    3.512517] systemd[1]: Mounting /sysroot/tmp/shared...[    4.365462] FS-Cache: Loaded
machine # 
machine # [    3.526921] systemd[1]: Mounting /sysroot/tmp/xchg...
machine # [    3.551470] systemd[1]: Starting Mountpoints Configured in the Real Root...[    4.404477] 9p: Installing v9fs 9p2000 file system support
machine # 
machine # [    3.582957] systemd[1]: Mounted /sysroot/nix/.rw-store.
machine # [    3.599590] systemd[1]: Starting rw-store.service...
machine # [    3.613545] systemd[1]: rw-store.service: Deactivated successfully.
machine # [    3.627472] systemd[1]: Finished rw-store.service.
machine # [    3.636946] systemd[1]: Mounted /sysroot/nix/.ro-store.
machine # [    3.641512] systemd[1]: Mounted /sysroot/tmp/shared.
machine # [    3.644995] systemd[1]: Mounted /sysroot/tmp/xchg.
machine # [    3.648185] systemd[1]: initrd-parse-etc.service: Deactivated successfully.
machine # [    3.652574] systemd[1]: Finished Mountpoints Configured in the Real Root.
machine # [    4.398802] systemd[1]: Mounting /sysroot/nix/store...
machine # [    4.422237] systemd[1]: Mounted /sysroot/nix/store.
machine # [    4.427951] systemd[1]: Reached target Initrd File Systems.
machine # [    4.433173] systemd[1]: Reached target Local File Systems.
machine # [    4.443026] systemd[1]: Starting Create Volatile Files and Directories...
machine # [    4.456740] systemd[1]: Finished Create Volatile Files and Directories.
machine # [    4.462985] systemd[1]: Reached target System Initialization.
machine # [    4.472443] systemd[1]: Reached target Basic System.
machine # [    4.480710] systemd[1]: System is tainted: var-run-bad
machine # [    4.488854] systemd[1]: Starting NixOS Activation...
machine # [    4.667953] initrd-nixos-activation-start[135]: booting system configuration /nix/store/wsrhqmx1y0x0cyss1h9qqf1g22pc6ar6-nixos-system-machine-23.05pre-git
machine # [    4.740109] initrd-nixos-activation-start[135]: running activation script...
machine # [    5.240840] initrd-nixos-activation-start[162]: setting up /etc...
machine # [    6.150539] systemd[1]: initrd-nixos-activation.service: Deactivated successfully.
machine # [    6.158665] systemd[1]: Finished NixOS Activation.
machine # [    6.167037] systemd[1]: Reached target Initrd Default Target.
machine # [    6.179086] systemd[1]: Starting Cleaning Up and Shutting Down Daemons...
machine # [    6.192670] systemd[1]: Stopped target Initrd Default Target.
machine # [    6.208158] systemd[1]: Stopped target Basic System.
machine # [    6.221006] systemd[1]: Stopped target Initrd Root Device.
machine # [    6.229742] systemd[1]: Stopped target Path Units.
machine # [    6.236972] systemd[1]: systemd-ask-password-console.path: Deactivated successfully.
machine # [    6.249848] systemd[1]: Stopped Dispatch Password Requests to Console Directory Watch.
machine # [    6.260550] systemd[1]: Stopped target Slice Units.
machine # [    6.270972] systemd[1]: Stopped target Socket Units.
machine # [    6.274871] systemd[1]: Stopped target System Initialization.
machine # [    6.284526] systemd[1]: Stopped target Swaps.
machine # [    6.296511] systemd[1]: Stopped target Timer Units.
machine # [    6.305195] systemd[1]: systemd-sysctl.service: Deactivated successfully.
machine # [    6.313534] systemd[1]: Stopped Apply Kernel Variables.
machine # [    6.320213] systemd[1]: systemd-modules-load.service: Deactivated successfully.
machine # [    6.328538] systemd[1]: Stopped Load Kernel Modules.
machine # [    6.335212] systemd[1]: systemd-tmpfiles-setup.service: Deactivated successfully.
machine # [    6.343130] systemd[1]: Stopped Create Volatile Files and Directories.
machine # [    6.351156] systemd[1]: Stopped target Local File Systems.
machine # [    6.359493] systemd[1]: systemd-udev-trigger.service: Deactivated successfully.
machine # [    6.367186] systemd[1]: Stopped Coldplug All udev Devices.
machine # [    6.375226] systemd[1]: Stopping Rule-based Manager for Device Events and Files...
machine # [    6.383499] systemd[1]: run-credentials-systemd\x2dtmpfiles\x2dsetup.service.mount: Deactivated successfully.
machine # [    6.394195] systemd[1]: run-credentials-systemd\x2dsysctl.service.mount: Deactivated successfully.
machine # [    6.408035] systemd[1]: initrd-cleanup.service: Deactivated successfully.
machine # [    6.416209] systemd[1]: Finished Cleaning Up and Shutting Down Daemons.
machine # [    6.424172] systemd[1]: systemd-udevd.service: Deactivated successfully.
machine # [    6.430005] systemd[1]: Stopped Rule-based Manager for Device Events and Files.
machine # [    6.436477] systemd[1]: systemd-udevd.service: Consumed 1.309s CPU time.
machine # [    6.441616] systemd[1]: systemd-udevd-control.socket: Deactivated successfully.
machine # [    6.446655] systemd[1]: Closed udev Control Socket.
machine # [    7.301326] systemd-journald[74]: Received SIGTERM from PID 1 (systemd).
machine # [    6.461138] systemd[1]: systemd-udevd-kernel.socket: Deactivated successfully.
machine # [    6.471538] systemd[1]: Closed udev Kernel Socket.
machine # [    6.478464] systemd[1]: Starting Cleanup udev Database...
machine # [    6.483030] systemd[1]: systemd-tmpfiles-setup-dev.service: Deactivated successfully.
machine # [    6.490647] systemd[1]: Stopped Create Static Device Nodes in /dev.
machine # [    6.495172] systemd[1]: kmod-static-nodes.service: Deactivated successfully.
machine # [    6.500189] systemd[1]: Stopped Create List of Static Device Nodes.
machine # [    6.505447] systemd[1]: run-credentials-systemd\x2dtmpfiles\x2dsetup\x2ddev.service.mount: Deactivated successfully.
machine # [    6.511844] systemd[1]: initrd-udevadm-cleanup-db.service: Deactivated successfully.
machine # [    6.516958] systemd[1]: Finished Cleanup udev Database.
machine # [    6.521184] systemd[1]: Reached target Switch Root.
machine # [    6.525644] systemd[1]: Starting Switch Root...
machine # [    6.529767] systemd[1]: Switching root.
machine # [    7.639332] systemd[1]: systemd 252.5 running in system mode (+PAM +AUDIT -SELINUX +APPARMOR +IMA +SMACK +SECCOMP +GCRYPT -GNUTLS +OPENSSL +ACL +BLKID +CURL +ELFUTILS +FIDO2 +IDN2 -IDN +IPTC +KMOD +LIBCRYPTSETUP +LIBFDISK +PCRE2 -PWQUALITY +P11KIT -QRENCODE +TPM2 +BZIP2 +LZ4 +XZ +ZLIB +ZSTD +BPF_FRAMEWORK -XKBCOMMON +UTMP -SYSVINIT default-hierarchy=unified)
machine # [    7.652190] systemd[1]: Detected virtualization kvm.
machine # [    7.654516] systemd[1]: Detected architecture x86-64.
machine # [    7.660819] systemd[1]: Initializing machine ID from random generator.
machine # [    7.695395] audit: type=1334 audit(1678111559.452:4): prog-id=8 op=LOAD
machine # [    7.698423] audit: type=1334 audit(1678111559.456:5): prog-id=8 op=UNLOAD
machine # [    7.701771] audit: type=1334 audit(1678111559.459:6): prog-id=9 op=LOAD
machine # [    7.704852] audit: type=1334 audit(1678111559.459:7): prog-id=9 op=UNLOAD
machine # [    7.721433] audit: type=1334 audit(1678111559.478:8): prog-id=10 op=LOAD
machine # [    7.724770] audit: type=1334 audit(1678111559.478:9): prog-id=10 op=UNLOAD
machine # [    7.727855] audit: type=1334 audit(1678111559.482:10): prog-id=11 op=LOAD
machine # [    7.730910] audit: type=1334 audit(1678111559.482:11): prog-id=11 op=UNLOAD
machine # [    7.736334] audit: type=1334 audit(1678111559.493:12): prog-id=12 op=LOAD
machine # [    7.742909] audit: type=1334 audit(1678111559.493:13): prog-id=12 op=UNLOAD
machine # [    8.020860] systemd[1]: bpf-lsm: LSM BPF program attached
machine # [    8.868361] systemd[1]: systemd-journald.service: Current command vanished from the unit file, execution of the command list won't be resumed.
machine # [    8.898154] systemd[1]: initrd-switch-root.service: Current command vanished from the unit file, execution of the command list won't be resumed.
machine # [    8.935175] systemd[1]: initrd-switch-root.service: Deactivated successfully.
machine # [    8.941416] systemd[1]: Stopped initrd-switch-root.service.
machine # [    8.946398] systemd[1]: systemd-journald.service: Scheduled restart job, restart counter is at 1.
machine # [    8.951532] systemd[1]: Created slice Slice /system/getty.
machine # [    8.955107] systemd[1]: Created slice Slice /system/modprobe.
machine # [    8.958804] systemd[1]: Created slice User and Session Slice.
machine # [    8.961913] systemd[1]: Started Dispatch Password Requests to Console Directory Watch.
machine # [    8.965864] systemd[1]: Started Forward Password Requests to Wall Directory Watch.
machine # [    8.969708] systemd[1]: Reached target Local Encrypted Volumes.
machine # [    8.972496] systemd[1]: Stopped target initrd-fs.target.
machine # [    8.975017] systemd[1]: Stopped target initrd-root-fs.target.
machine # [    8.977881] systemd[1]: Stopped target initrd-switch-root.target.
machine # [    8.980972] systemd[1]: Reached target Containers.
machine # [    8.983447] systemd[1]: Reached target Path Units.
machine # [    8.986011] systemd[1]: Reached target Remote File Systems.
machine # [    8.988905] systemd[1]: Reached target Slice Units.
machine # [    8.991387] systemd[1]: Reached target Swaps.
machine # [    8.999178] systemd[1]: Listening on Process Core Dump Socket.
machine # [    9.002910] systemd[1]: Listening on Userspace Out-Of-Memory (OOM) Killer Socket.
machine # [    9.008431] systemd[1]: Listening on udev Control Socket.
machine # [    9.011415] systemd[1]: Listening on udev Kernel Socket.
machine # [    9.017995] systemd[1]: Mounting Huge Pages File System...
machine # [    9.023142] systemd[1]: Mounting POSIX Message Queue File System...
machine # [    9.037002] systemd[1]: Mounting Kernel Debug File System...
machine # [    9.048391] systemd[1]: Starting Create List of Static Device Nodes...
machine # [    9.059825] systemd[1]: Starting Load Kernel Module configfs...
machine # [    9.071405] systemd[1]: Starting Load Kernel Module drm...
machine # [    9.091369] systemd[1]: Starting Load Kernel Module efi_pstore...
machine # [    9.109370] systemd[1]: Starting Load Kernel Module fuse...
machine # [    9.128940] systemd[1]: Starting mount-pstore.service...
machine # [    9.141339] systemd[1]: File System Check on Root Device was skipped because of an unmet condition check (ConditionPathIsReadWrite=!/).
machine # [    9.160934] systemd[1]: Stopped Journal Service.
machine # [    9.163917] fuse: init (API version 7.37)
machine # [    9.176085] pstore: Using crash dump compression: deflate
machine # [    9.178838] pstore: Registered efi as persistent store backend
machine # [    9.187810] systemd[1]: Starting Journal Service...
machine # [    9.194374] systemd[1]: systemd-makefs@dev-vda.service: Deactivated successfully.
machine # [    9.216788] ACPI: bus type drm_connector registered
machine # [    9.219429] systemd[1]: Stopped systemd-makefs@dev-vda.service.
machine # [    9.233405] systemd[1]: Starting Load Kernel Modules...
machine # [    9.253084] systemd[1]: Starting Remount Root and Kernel File Systems...
machine # [    9.277163] systemd[1]: Starting Coldplug All udev Devices...
machine # [    9.310535] systemd[1]: Mounted Huge Pages File System.
machine # [    9.319279] EXT4-fs (vda): re-mounted. Quota mode: none.
machine # [    9.329372] systemd[1]: Mounted POSIX Message Queue File System.
machine # [    9.342525] systemd[1]: Mounted Kernel Debug File System.
machine # [    9.367017] systemd[1]: Finished Create List of Static Device Nodes.
machine # [    9.375032] bridge: filtering via arp/ip/ip6tables is no longer available by default. Update your scripts to load br_netfilter if you need this.
machine # [    9.382525] systemd[1]: modprobe@configfs.service: Deactivated successfully.
machine # [    9.398482] systemd[1]: Finished Load Kernel Module configfs.
machine # [    9.414774] systemd[1]: Started Journal Service.
machine # [    9.422936] tun: Universal TUN/TAP device driver, 1.6
machine # [    9.454831] loop: module loaded
machine # [    9.648047] systemd-journald[308]: Received client request to flush runtime journal.
machine # [    9.608660] systemd[1]: Queued start job for default target Multi-User System.
machine # [    9.627087] systemd[1]: systemd-journald.service: Deactivated successfully.
machine # [    9.648089] systemd-modules-load[309]: Inserted module 'bridge'
machine # [    9.671229] systemd-modules-load[309]: Inserted module 'macvlan'
machine # [    9.685951] systemd-modules-load[309]: Inserted module 'tap'
machine # [    9.700640] systemd[1]: modprobe@drm.service: Deactivated successfully.
machine # [    9.721989] systemd[1]: Finished Load Kernel Module drm.
machine # [    9.736808] systemd-modules-load[309]: Inserted module 'tun'
machine # [    9.760708] systemd[1]: modprobe@efi_pstore.service: Deactivated successfully.
machine # [    9.791849] systemd[1]: Finished Load Kernel Module efi_pstore.
machine # [    9.813730] systemd[1]: modprobe@fuse.service: Deactivated successfully.
machine # [    9.852199] systemd[1]: Finished Load Kernel Module fuse.
machine # [    9.887552] systemd-modules-load[309]: Inserted module 'loop'
machine # [    9.911999] systemd[1]: Finished Remount Root and Kernel File Systems.
machine # [    9.932898] systemd[1]: Finished Load Kernel Modules.
machine # [    9.951177] systemd[1]: Mounting FUSE Control File System...
machine # [    9.971699] systemd[1]: Mounting Kernel Configuration File System...
machine # [    9.993868] systemd[1]: Starting Firewall...
machine # [   10.048937] systemd[1]: Starting Flush Journal to Persistent Storage...
machine # [   10.069443] systemd[1]: Starting Load/Save Random Seed...
machine # [   10.088470] systemd[1]: Starting Apply Kernel Variables...
machine # [   10.124872] systemd[1]: Starting Create Static Device Nodes in /dev...
machine # [   10.160925] systemd[1]: Finished mount-pstore.service.
machine # [   10.189150] systemd[1]: Mounted FUSE Control File System.
machine # [   10.235627] systemd[1]: Mounted Kernel Configuration File System.
machine # [   10.266714] systemd[1]: Platform Persistent Storage Archival was skipped because of an unmet condition check (ConditionDirectoryNotEmpty=/sys/fs/pstore).
machine # [   10.329117] systemd[1]: Finished Load/Save Random Seed.
machine # [   10.352981] systemd[1]: Finished Coldplug All udev Devices.
machine # [   10.376204] systemd[1]: Finished Apply Kernel Variables.
machine # [   10.402889] systemd[1]: Finished Create Static Device Nodes in /dev.
machine # [   10.425893] systemd[1]: Reached target Preparation for Local File Systems.
machine # [   10.449223] systemd[1]: Starting Rule-based Manager for Device Events and Files...
machine # [   10.494197] systemd-udevd[330]: Using default interface naming scheme 'v252'.
machine # connecting to host...
machine # [   10.594749] dhcpcd[440]: dhcpcd-9.4.1 starting
machine # [   11.471047] 8021q: 802.1Q VLAN Support v1.8
machine # [   10.633045] systemd[1]: Started Rule-based Manager for Device Events and Files.
machine: connected to guest root shell
machine: (connecting took 19.61 seconds)
(finished: waiting for the VM to finish booting, in 19.75 seconds)
machine # [   10.691728] dhcpcd[446]: dev: loaded udev
machine # [   10.707462] systemd[1]: Finished Flush Journal to Persistent Storage.
machine # [   10.745751] j72arpq1dfn7q59irzji3xwljjdiq8vs-audit-disable[439]: No rules
machine # sh: cannot set terminal process group (-1): Inappropriate ioctl for device
machine # sh: no job control in this shell
machine # [   10.790178] systemd[1]: Condition check resulted in /dev/vdb2 being skipped.
machine # [   10.844847] systemd[1]: Mounting /boot...
machine # [   10.871984] logrotate[449]: warning: logrotate in debug mode does nothing except printing debug messages!  Consider using verbose mode (-v) instead if this is not what you want.
machine # [   10.943034] logrotate[449]: reading config file /nix/store/ysgfy4413nrn23ddins98pcrk81bmzsy-logrotate.conf[   11.798869] mousedev: PS/2 mouse device common for all mice
machine # 
machine # [   10.980678] logrotate[449]: note: 'monthly' overrides previously specified 'weekly'
machine # [   11.027686] logrotate[449]: Reading state from file: /var/lib/logrotate.status
machine # [   11.051931] logrotate[449]: state file /var/lib/logrotate.status does not exist
machine # [   11.086789] logrotate[449]: Allocating hash table for state file, size 64 entries
machine # [   11.110240] logrotate[449]: Handling 2 logs
machine # [   11.126545] logrotate[449]: rotating pattern: "/var/log/btmp"  monthly (1 rotations)
machine # [   11.141652] logrotate[449]: empty log files are not rotated, only log files >= 1048576 bytes are rotated, old logs are removed[   12.001483] cfg80211: Loading compiled-in X.509 certificates for regulatory database
machine # 
machine # [   11.164577] logrotate[449]: considering log /var/log/btmp
machine # [   11.180927] logrotate[449]: Creating new state
machine # [   11.194783] logrotate[449]:   Now: 2023-03-06 14:06
machine # [   11.210734] logrotate[449]:   Last rotated at 2023-03-06 14:00
machine # [   11.236194] logrotate[449]:   log does not need rotating (log has already been rotated)[   12.109223] cfg80211: Loaded X.509 cert 'sforshee: 00b28ddf47aef9cea7'
machine # [   12.113747] platform regulatory.0: Direct firmware load for regulatory.db failed with error -2
machine # 
machine # [   12.123496] cfg80211: failed to load regulatory.db
machine # [   11.282145] logrotate[449]: rotating pattern: "/var/log/wtmp"  monthly (1 rotations)
machine # [   11.309840] logrotate[449]: empty log files are not rotated, only log files >= 1048576 bytes are rotated, old logs are removed
machine # [   11.353781] logrotate[449]: considering log /var/log/wtmp
machine # [   11.381795] logrotate[449]: Creating new state
machine # [   11.403227] logrotate[449]:   Now: 2023-03-06 14:06
machine # [   11.424122] logrotate[449]:   Last rotated at 2023-03-06 14:00
machine # [   11.441644] logrotate[449]:   log does not need rotating (log has already been rotated)
machine # [   12.311315] 8021q: adding VLAN 0 to HW filter on device eth1
machine # [   12.322887] input: Power Button as /devices/LNXSYSTM:00/LNXPWRBN:00/input/input3
machine # [   11.480182] systemd[1]: Condition check resulted in /dev/ttyS0 being skipped.
machine # [   12.332420] 8021q: adding VLAN 0 to HW filter on device eth0
machine # [   11.499959] systemd[1]: Condition check resulted in /dev/hvc0 being skipped.
machine # [   11.520548] dhcpcd[446]: eth0: waiting for carrier[   12.378476] ACPI: button: Power Button [PWRF]
machine # 
machine # [   11.544122] nsncd[456]: Mar 06 14:06:03.310 INFO started, handoff_timeout: 3s, worker_count: 8, path: "/var/run/nscd/socket"
machine # [   11.569721] systemd-udevd[345]: Network interface NamePolicy= disabled on kernel command line.
machine # [   11.584005] dhcpcd[446]: eth0: carrier acquired
machine # [   11.600872] systemd-udevd[392]: eth1: Config file /etc/systemd/network/40-eth1.link is applied to device based on potentially unpredictable interface name.
machine # [   11.622827] dhcpcd[446]: DUID 00:01:00:01:2b:98:af:cc:52:54:00:12:34:56
machine # [   11.637064] dbus-daemon[478]: dbus[478]: Unknown username "systemd-timesync" in message bus configuration file[   12.498533] parport_pc 00:03: reported by Plug and Play ACPI
machine # 
machine # [   11.661162] systemd-udevd[392]: Network interface NamePolicy= disabled on kernel command line.[   12.515160] Floppy drive(s): fd0 is 2.88M AMI BIOS
machine # 
machine # [   11.677032] dhcpcd[446]: eth0: IAID 00:12:34:56[   12.531218] parport0: PC-style at 0x378, irq 7 [PCSPP(,...)]
machine # 
machine # [   11.693596] systemd[1]: Mounted /boot.
machine # [   11.701241] dhcpcd[446]: eth0: adding address fe80::5054:ff:fe12:3456[   12.559426] FDC 0 is a S82078B
machine # 
machine # [   11.719075] systemd[1]: Reached target Local File Systems.
machine # [   11.734885] nsncd[529]: Mar 06 14:06:04.008 INFO started, handoff_timeout: 3s, worker_count: 8, path: "/var/run/nscd/socket"
machine # [   11.759450] network-addresses-eth1-start[532]: adding address 192.168.1.1/24... done
machine # [   11.780873] systemd[1]: Starting Create Volatile Files and Directories...
machine # [   11.803093] systemd[1]: Finished Create Volatile Files and Directories.
machine # [   11.824159] systemd[1]: Starting Rebuild Journal Catalog...
machine # [   11.838677] systemd[1]: Starting Userspace Out-Of-Memory (OOM) Killer...
machine # [   11.854866] systemd[1]: Starting Record System Boot/Shutdown in UTMP...
machine # [   11.870637] systemd[1]: Finished Record System Boot/Shutdown in UTMP.
machine # [   11.879685] systemd[1]: Finished Rebuild Journal Catalog.
machine # [   11.885443] systemd[1]: Starting Update is Completed...
machine # [   11.892471] systemd[1]: Finished Update is Completed.
machine # [   11.900897] systemd[1]: Reached target System Initialization.
machine # [   11.907220] systemd[1]: Started logrotate.timer.[   12.757503] Linux agpgart interface v0.103
machine # 
machine # [   11.916809] systemd[1]: Started Daily Cleanup of Temporary Directories.
machine # [   11.924469] systemd[1]: Reached target Timer Units.
machine # [   11.931504] systemd[1]: Listening on D-Bus System Message Bus Socket.
machine # [   11.939462] systemd[1]: Listening on Nix Daemon Socket.
machine # [   11.945238] systemd[1]: Reached target Socket Units.
machine # [   11.953441] systemd[1]: Reached target Basic System.
machine # [   11.960904] systemd[1]: Starting Kernel Auditing...[   12.811476] piix4_smbus 0000:00:01.3: SMBus Host Controller at 0xb100, revision 0
machine # 
machine # [   11.968239] systemd[1]: Started backdoor.service.
machine # [   11.974961] systemd[1]: Starting DHCP Client...
machine # [   11.983854] systemd-oomd[423]: Swap is currently not detected; memory pressure usage will be degraded
machine # [   12.003745] dhcpcd[446]: eth0: soliciting a DHCP lease[   12.856794] NET: Registered PF_PACKET protocol family
machine # 
machine # [   12.015093] systemd[1]: Starting Logrotate configuration check...
machine # [   12.033214] dhcpcd[446]: eth0: soliciting an IPv6 router
machine # [   12.043914] systemd[1]: Starting Name Service Cache Daemon (nsncd)...
machine # [   12.055937] dhcpcd[446]: eth0: offered 10.0.2.15 from 10.0.2.2
machine # [   12.068154] systemd[1]: Started Reset console on configuration changes.
machine # [   12.081513] dhcpcd[446]: eth0: leased 10.0.2.15 for 86400 seconds
machine # [   12.091934] systemd[1]: Starting resolvconf update...
machine # [   12.102055] dhcpcd[446]: eth0: adding route to 10.0.2.0/24
machine # [   12.115548] systemd[1]: Started Userspace Out-Of-Memory (OOM) Killer.
machine # [   12.130084] dhcpcd[446]: eth0: adding default route via 10.0.2.2
machine # [   12.139150] systemd[1]: Finished Kernel Auditing.
machine # [   12.148242] systemd[1]: Finished Logrotate configuration check.
machine # [   12.161692] systemd[1]: Started Name Service Cache Daemon (nsncd).
machine # [   12.173725] systemd[1]: Condition check resulted in Virtio network device being skipped.
machine # [   12.190447] systemd[1]: Reached target Host and Network Name Lookups.
machine # [   12.202716] systemd[1]: Reached target User and Group Name Lookups.
machine # [   12.216189] systemd[1]: Starting D-Bus System Message Bus...
machine # [   12.227050] systemd[1]: Starting User Login Management...
machine # [   12.238017] systemd[1]: Finished Firewall.
machine # [   13.091384] bochs-drm 0000:00:02.0: vgaarb: deactivate vga console
machine # [   12.254080] systemd-udevd[347]: event_source: Failed to get device name: No such file or directory
machine # [   12.279021] systemd[1]: Started D-Bus System Message Bus.
machine # [   12.303747] systemd-logind[481]: New seat seat0.[   13.168982] [drm] Found bochs VGA, ID 0xb0c5.
machine # [   13.171015] [drm] Framebuffer size 16384 kB @ 0x80000000, mmio @ 0x8104d000.
machine # 
machine # [   12.331450] systemd[1]: Started User Login Management.
machine # [   12.344177] systemd[1]: Stopped target Host and Network Name Lookups.
machine # [   12.370708] systemd[1]: Stopping Host and Network Name Lookups...
machine # [   12.382646] nsncd[647]: Mar 06 14:06:04.972 INFO started, handoff_timeout: 3s, worker_count: 8, path: "/var/run/nscd/socket"
machine # [   12.406606] systemd[1]: Stopped target User and Group Name Lookups.
machine # [   12.426591] systemd[1]: Stopping User and Group Name Lookups...
machine # [   12.449624] dhcpcd[440]: Failed to reload-or-try-restart ntpd.service: Unit ntpd.service not found.[   13.302513] fbcon: Taking over console
machine # 
machine # [   12.470442] dhcpcd[440]: Failed to reload-or-try-restart openntpd.service: Unit openntpd.service not found.[   13.324228] input: QEMU Virtio Keyboard as /devices/pci0000:00/0000:00:0d.0/virtio10/input/input4
machine # 
machine # [   12.484091] dhcpcd[440]: Failed to reload-or-try-restart chronyd.service: Unit chronyd.service not found.
machine # [   12.503883] systemd[1]: Stopping Name Service Cache Daemon (nsncd)...
machine # [   12.517958] systemd[1]: nscd.service: Deactivated successfully.[   13.373958] input: VirtualPS/2 VMware VMMouse as /devices/platform/i8042/serio1/input/input6
machine # 
machine # [   12.535776] systemd[1]: Stopped Name Service Cache Daemon (nsncd).[   13.393721] [drm] Found EDID data blob.
machine # [   13.397916] input: VirtualPS/2 VMware VMMouse as /devices/platform/i8042/serio1/input/input5
machine # 
machine # [   12.562093] systemd[1]: Starting Name Service Cache Daemon (nsncd)...
(finished: waiting for unit multi-user.target, in 21.64 seconds)
machine: must succeed: echo -n supersecret | cryptsetup luksFormat -q --iter-time=1 /dev/vdc -
machine # [   12.571043] systemd[1]: Finished resolvconf update.
machine # [   12.584455] systemd[1]: Reached target Preparation for Network.
machine # [   12.594232] systemd[1]: Reached target All Network Interfaces (deprecated).
machine # [   12.610000] systemd[1]: Starting Address configuration of eth1...
machine # [   12.621588] systemd[1]: Started Name Service Cache Daemon (nsncd).[   13.472523] [drm] Initialized bochs-drm 1.0.0 20130925 for 0000:00:02.0 on minor 0
machine # 
machine # [   12.630650] systemd[1]: Reached target Host and Network Name Lookups.
machine # [   12.642627] systemd[1]: Reached target User and Group Name Lookups.
machine # [   12.653754] systemd[1]: Finished Address configuration of eth1.
machine # [   12.666814] systemd[1]: Starting Networking Setup...
machine # [   13.519263] fbcon: bochs-drmdrmfb (fb0) is primary device
machine # [   13.549397] RAPL PMU: API unit is 2^-32 Joules, 0 fixed counters, 10737418240 ms ovfl timer
machine # [   13.560852] cryptd: max_cpu_qlen set to 1000
machine # [   13.614272] AVX2 version of gcm_enc/dec engaged.
machine # [   13.614432] AES CTR mode by8 optimization enabled
machine # [   13.692485] Console: switching to colour frame buffer device 160x50
machine # [   13.900737] bochs-drm 0000:00:02.0: [drm] fb0: bochs-drmdrmfb frame buffer device
machine # [   12.690153] systemd[1]: Finished Networking Setup.
machine # [   13.076624] dhcpcd[446]: eth0: Router Advertisement from fe80::2
machine # [   13.089636] systemd[1]: Starting Extra networking commands....
machine # [   13.101459] dhcpcd[446]: eth0: adding address fec0::5054:ff:fe12:3456/64
machine # [   13.115461] systemd[1]: Finished Extra networking commands..
machine # [   13.127840] dhcpcd[446]: eth0: adding route to fec0::/64
machine # [   13.138131] systemd[1]: Reached target Network.
machine # [   13.145469] dhcpcd[446]: eth0: adding default route via fe80::2
machine # [   13.160132] systemd[1]: Starting Permit User Sessions...
machine # [   13.172228] systemd[1]: Finished Permit User Sessions.
machine # [   13.182951] systemd[1]: Started Getty on tty1.
machine # [   13.193831] systemd[1]: Reached target Login Prompts.
machine # [   13.202242] systemd[1]: Stopped target Host and Network Name Lookups.
machine # [   13.215458] systemd[1]: Stopping Host and Network Name Lookups...
machine # [   13.227222] systemd[1]: Stopped target User and Group Name Lookups.
machine # [   13.242116] systemd[1]: Stopping User and Group Name Lookups...
machine # [   13.254765] systemd[1]: Stopping Name Service Cache Daemon (nsncd)...
machine # [   13.266122] systemd[1]: nscd.service: Deactivated successfully.
machine # [   13.276149] systemd[1]: Stopped Name Service Cache Daemon (nsncd).
machine # [   13.289588] systemd[1]: Starting Name Service Cache Daemon (nsncd)...
machine # [   13.302136] systemd[1]: Started Name Service Cache Daemon (nsncd).
machine # [   13.312147] systemd[1]: Reached target Host and Network Name Lookups.
machine # [   13.325143] systemd[1]: Reached target User and Group Name Lookups.
machine # [   13.339557] systemd[1]: Started DHCP Client.
machine # [   13.347469] systemd[1]: Reached target Network is Online.
machine # [   13.358232] systemd[1]: Reached target Multi-User System.
machine # [   13.368237] systemd[1]: Startup finished in 1.018s (kernel) + 5.661s (initrd) + 5.750s (userspace) = 12.429s.
machine # [   13.387674] systemd[1]: Listening on Load/Save RF Kill Switch Status /dev/rfkill Watch.
machine # [   13.402618] systemd-logind[481]: Watching system buttons on /dev/input/event0 (AT Translated Set 2 keyboard)
machine # [   13.419704] systemd-logind[481]: Watching system buttons on /dev/input/event2 (Power Button)
machine # [   14.360007] ppdev: user-space parallel port driver
machine # [   13.696856] systemd-logind[481]: Watching system buttons on /dev/input/event3 (QEMU Virtio Keyboard)
machine # [   15.131397] Key type encrypted registered
machine # [   15.228455] EDAC MC: Ver: 3.0.0
(finished: must succeed: echo -n supersecret | cryptsetup luksFormat -q --iter-time=1 /dev/vdc -, in 4.46 seconds)
machine: must succeed: echo -n supersecret | cryptsetup luksFormat -q --iter-time=1 /dev/vdd -
(finished: must succeed: echo -n supersecret | cryptsetup luksFormat -q --iter-time=1 /dev/vdd -, in 2.42 seconds)
machine: must succeed: echo -n supersecret | cryptsetup luksOpen   -q               /dev/vdd cryptroot2
(finished: must succeed: echo -n supersecret | cryptsetup luksOpen   -q               /dev/vdd cryptroot2, in 0.48 seconds)
machine: must succeed: mkfs.ext4 /dev/mapper/cryptroot2
machine # mke2fs 1.46.5 (30-Dec-2021)
(finished: must succeed: mkfs.ext4 /dev/mapper/cryptroot2, in 0.14 seconds)
machine: must succeed: bootctl set-default nixos-generation-1-specialisation-boot-luks.conf
(finished: must succeed: bootctl set-default nixos-generation-1-specialisation-boot-luks.conf, in 0.15 seconds)
machine: must succeed: sync
(finished: must succeed: sync, in 0.06 seconds)
machine: forced crash
machine: waiting for the VM to power off
(finished: waiting for the VM to power off, in 0.03 seconds)
machine: starting vm
machine # Formatting '/build/vm-state-machine/disk.img', fmt=qcow2 cluster_size=65536 extended_l2=off compression_type=zlib size=125829120 backing_file=/nix/store/q979mj5mjbkq1d6ny9q41nlnzpxw65dw-nixos-boot-disk/disk.img backing_fmt=qcow2 lazy_refcounts=off refcount_bits=16
machine: QEMU running (pid 42)
machine: waiting for Please enter passphrase for disk cryptroot to appear on console
machine # BdsDxe: loading Boot0001 "UEFI Misc Device" from PciRoot(0x0)/Pci(0x9,0x0)
machine # BdsDxe: starting Boot0001 "UEFI Misc Device" from PciRoot(0x0)/Pci(0x9,0x0)
machine #                 NixOS                         NixOS (boot-luks)           >   Reboot Into Firmware Interface                                               Boot in 5 s.                                                                                       Boot in 4 s.                                                                                       Boot in 3 s.                                                                                       Boot in 2 s.                                                                                       Boot in 1 s.                                           EFI stub: Loaded initrd from LINUX_EFI_INITRD_MEDIA_GUID device path
machine # [    0.000000] Linux version 6.1.15 (nixbld@localhost) (gcc (GCC) 12.2.0, GNU ld (GNU Binutils) 2.40) #1-NixOS SMP PREEMPT_DYNAMIC Fri Mar  3 10:52:25 UTC 2023
machine # [    0.000000] Command line: initrd=\efi\nixos\cg6d7y0vj774cn5gyk31pimv85phbfqs-initrd-linux-6.1.15-initrd.efi init=/nix/store/m03cdiylp8r2c0n07w140qsji14xnnz7-nixos-system-machine-23.05pre-git/init console=ttyS0 panic=1 boot.panic_on_fail clock=acpi_pm loglevel=7 net.ifnames=0
machine # [    0.000000] x86/fpu: Supporting XSAVE feature 0x001: 'x87 floating point registers'
machine # [    0.000000] x86/fpu: Supporting XSAVE feature 0x002: 'SSE registers'
machine # [    0.000000] x86/fpu: Supporting XSAVE feature 0x004: 'AVX registers'
machine # [    0.000000] x86/fpu: Supporting XSAVE feature 0x008: 'MPX bounds registers'
machine # [    0.000000] x86/fpu: Supporting XSAVE feature 0x010: 'MPX CSR'
machine # [    0.000000] x86/fpu: Supporting XSAVE feature 0x020: 'AVX-512 opmask'
machine # [    0.000000] x86/fpu: Supporting XSAVE feature 0x040: 'AVX-512 Hi256'
machine # [    0.000000] x86/fpu: Supporting XSAVE feature 0x080: 'AVX-512 ZMM_Hi256'
machine # [    0.000000] x86/fpu: xstate_offset[2]:  576, xstate_sizes[2]:  256
machine # [    0.000000] x86/fpu: xstate_offset[3]:  832, xstate_sizes[3]:   64
machine # [    0.000000] x86/fpu: xstate_offset[4]:  896, xstate_sizes[4]:   64
machine # [    0.000000] x86/fpu: xstate_offset[5]:  960, xstate_sizes[5]:   64
machine # [    0.000000] x86/fpu: xstate_offset[6]: 1024, xstate_sizes[6]:  512
machine # [    0.000000] x86/fpu: xstate_offset[7]: 1536, xstate_sizes[7]: 1024
machine # [    0.000000] x86/fpu: Enabled xstate features 0xff, context size is 2560 bytes, using 'compacted' format.
machine # [    0.000000] signal: max sigframe size: 3632
machine # [    0.000000] BIOS-provided physical RAM map:
machine # [    0.000000] BIOS-e820: [mem 0x0000000000000000-0x000000000009ffff] usable
machine # [    0.000000] BIOS-e820: [mem 0x0000000000100000-0x00000000007fffff] usable
machine # [    0.000000] BIOS-e820: [mem 0x0000000000800000-0x0000000000807fff] ACPI NVS
machine # [    0.000000] BIOS-e820: [mem 0x0000000000808000-0x000000000080afff] usable
machine # [    0.000000] BIOS-e820: [mem 0x000000000080b000-0x000000000080bfff] ACPI NVS
machine # [    0.000000] BIOS-e820: [mem 0x000000000080c000-0x000000000080ffff] usable
machine # [    0.000000] BIOS-e820: [mem 0x0000000000810000-0x00000000008fffff] ACPI NVS
machine # [    0.000000] BIOS-e820: [mem 0x0000000000900000-0x000000003f8ecfff] usable
machine # [    0.000000] BIOS-e820: [mem 0x000000003f8ed000-0x000000003fb6cfff] reserved
machine # [    0.000000] BIOS-e820: [mem 0x000000003fb6d000-0x000000003fb7efff] ACPI data
machine # [    0.000000] BIOS-e820: [mem 0x000000003fb7f000-0x000000003fbfefff] ACPI NVS
machine # [    0.000000] BIOS-e820: [mem 0x000000003fbff000-0x000000003fef3fff] usable
machine # [    0.000000] BIOS-e820: [mem 0x000000003fef4000-0x000000003ff77fff] reserved
machine # [    0.000000] BIOS-e820: [mem 0x000000003ff78000-0x000000003fffffff] ACPI NVS
machine # [    0.000000] BIOS-e820: [mem 0x00000000ffc00000-0x00000000ffffffff] reserved
machine # [    0.000000] NX (Execute Disable) protection: active
machine # [    0.000000] extended physical RAM map:
machine # [    0.000000] reserve setup_data: [mem 0x0000000000000000-0x000000000009ffff] usable
machine # [    0.000000] reserve setup_data: [mem 0x0000000000100000-0x00000000007fffff] usable
machine # [    0.000000] reserve setup_data: [mem 0x0000000000800000-0x0000000000807fff] ACPI NVS
machine # [    0.000000] reserve setup_data: [mem 0x0000000000808000-0x000000000080afff] usable
machine # [    0.000000] reserve setup_data: [mem 0x000000000080b000-0x000000000080bfff] ACPI NVS
machine # [    0.000000] reserve setup_data: [mem 0x000000000080c000-0x000000000080ffff] usable
machine # [    0.000000] reserve setup_data: [mem 0x0000000000810000-0x00000000008fffff] ACPI NVS
machine # [    0.000000] reserve setup_data: [mem 0x0000000000900000-0x000000003c3bb017] usable
machine # [    0.000000] reserve setup_data: [mem 0x000000003c3bb018-0x000000003c3e2457] usable
machine # [    0.000000] reserve setup_data: [mem 0x000000003c3e2458-0x000000003c3e3017] usable
machine # [    0.000000] reserve setup_data: [mem 0x000000003c3e3018-0x000000003c40a457] usable
machine # [    0.000000] reserve setup_data: [mem 0x000000003c40a458-0x000000003c40b017] usable
machine # [    0.000000] reserve setup_data: [mem 0x000000003c40b018-0x000000003c414c57] usable
machine # [    0.000000] reserve setup_data: [mem 0x000000003c414c58-0x000000003f8ecfff] usable
machine # [    0.000000] reserve setup_data: [mem 0x000000003f8ed000-0x000000003fb6cfff] reserved
machine # [    0.000000] reserve setup_data: [mem 0x000000003fb6d000-0x000000003fb7efff] ACPI data
machine # [    0.000000] reserve setup_data: [mem 0x000000003fb7f000-0x000000003fbfefff] ACPI NVS
machine # [    0.000000] reserve setup_data: [mem 0x000000003fbff000-0x000000003fef3fff] usable
machine # [    0.000000] reserve setup_data: [mem 0x000000003fef4000-0x000000003ff77fff] reserved
machine # [    0.000000] reserve setup_data: [mem 0x000000003ff78000-0x000000003fffffff] ACPI NVS
machine # [    0.000000] reserve setup_data: [mem 0x00000000ffc00000-0x00000000ffffffff] reserved
machine # [    0.000000] efi: EFI v2.70 by EDK II
machine # [    0.000000] efi: SMBIOS=0x3f93f000 ACPI=0x3fb7e000 ACPI 2.0=0x3fb7e014 MEMATTR=0x3e7e8218 INITRD=0x3e6c9f98 RNG=0x3fb75018
machine # [    0.000000] random: crng init done
machine # [    0.000000] SMBIOS 2.8 present.
machine # [    0.000000] DMI: QEMU Standard PC (i440FX + PIIX, 1996), BIOS 0.0.0 02/06/2015
machine # [    0.000000] Hypervisor detected: KVM
machine # [    0.000000] kvm-clock: Using msrs 4b564d01 and 4b564d00
machine # [    0.000001] kvm-clock: using sched offset of 7217260807 cycles
machine # [    0.000002] clocksource: kvm-clock: mask: 0xffffffffffffffff max_cycles: 0x1cd42e4dffb, max_idle_ns: 881590591483 ns
machine # [    0.000009] tsc: Detected 3311.998 MHz processor
machine # [    0.000713] last_pfn = 0x3fef4 max_arch_pfn = 0x400000000
machine # [    0.001222] x86/PAT: Configuration [0-7]: WB  WC  UC- UC  WB  WP  UC- WT
machine # [    0.013394] Using GB pages for direct mapping
machine # [    0.013779] Secure boot disabled
machine # [    0.013779] RAMDISK: [mem 0x3c415000-0x3d557fff]
machine # [    0.013846] ACPI: Early table checksum verification disabled
machine # [    0.013883] ACPI: RSDP 0x000000003FB7E014 000024 (v02 BOCHS )
machine # [    0.013889] ACPI: XSDT 0x000000003FB7D0E8 00004C (v01 BOCHS  BXPC     00000001      01000013)
machine # [    0.013897] ACPI: FACP 0x000000003FB7A000 000074 (v01 BOCHS  BXPC     00000001 BXPC 00000001)
machine # [    0.013901] ACPI: DSDT 0x000000003FB7B000 00193A (v01 BOCHS  BXPC     00000001 BXPC 00000001)
machine # [    0.013904] ACPI: FACS 0x000000003FBDD000 000040
machine # [    0.013907] ACPI: APIC 0x000000003FB79000 000078 (v01 BOCHS  BXPC     00000001 BXPC 00000001)
