Machine state will be reset. To keep it, pass --keep-vm-state
start all VLans
start vlan
running vlan (pid 7; ctl /build/vde1.ctl)
(finished: start all VLans, in 0.00 seconds)
run the VM test script
additionally exposed symbols:
    machine,
    vlan1,
    start_all, test_script, machines, vlans, driver, log, os, create_machine, subtest, run_tests, join_all, retry, serial_stdout_off, serial_stdout_on, polling_condition, Machine
machine: waiting for unit multi-user.target
machine: waiting for the VM to finish booting
machine: starting vm
machine # Formatting '/build/vm-state-machine/machine.qcow2', fmt=qcow2 cluster_size=65536 extended_l2=off compression_type=zlib size=1073741824 lazy_refcounts=off refcount_bits=16
machine: QEMU running (pid 8)
machine # cSeaBIOS (version rel-1.16.1-0-g3208b098f51a-prebuilt.qemu.org)
machine # 
machine # 
machine # iPXE (http://ipxe.org) 00:03.0 CA00 PCI2.10 PnP PMM+3EFD0C20+3EF30C20 CA00
machine # Press Ctrl-B to configure iPXE (PCI 00:03.0)...
machine # 
machine # 
machine # 
machine # 
machine # iPXE (http://ipxe.org) 00:09.0 CB00 PCI2.10 PnP PMM 3EFD0C20 3EF30C20 CB00
machine # Press Ctrl-B to configure iPXE (PCI 00:09.0)...
machine # 
machine # 
machine # Booting from ROM...
machine # Probing EDD (edd=off to disable)... ok
machine # c[    0.000000] Linux version 6.1.15 (nixbld@localhost) (gcc (GCC) 12.2.0, GNU ld (GNU Binutils) 2.40) #1-NixOS SMP PREEMPT_DYNAMIC Fri Mar  3 10:52:25 UTC 2023
machine # [    0.000000] Command line: console=ttyS0 panic=1 boot.panic_on_fail clock=acpi_pm loglevel=7 net.ifnames=0 init=/nix/store/5j72khfp0apq2g6hjf4ikhbjn2f9vyy9-nixos-system-machine-23.05pre-git/init regInfo=/nix/store/a9xy794s66arg5zsxmak7y42bkphnzns-closure-info/registration console=ttyS0
machine # [    0.000000] x86/fpu: Supporting XSAVE feature 0x001: 'x87 floating point registers'
machine # [    0.000000] x86/fpu: Supporting XSAVE feature 0x002: 'SSE registers'
machine # [    0.000000] x86/fpu: Supporting XSAVE feature 0x004: 'AVX registers'
machine # [    0.000000] x86/fpu: Supporting XSAVE feature 0x008: 'MPX bounds registers'
machine # [    0.000000] x86/fpu: Supporting XSAVE feature 0x010: 'MPX CSR'
machine # [    0.000000] x86/fpu: Supporting XSAVE feature 0x020: 'AVX-512 opmask'
machine # [    0.000000] x86/fpu: Supporting XSAVE feature 0x040: 'AVX-512 Hi256'
machine # [    0.000000] x86/fpu: Supporting XSAVE feature 0x080: 'AVX-512 ZMM_Hi256'
machine # [    0.000000] x86/fpu: xstate_offset[2]:  576, xstate_sizes[2]:  256
machine # [    0.000000] x86/fpu: xstate_offset[3]:  832, xstate_sizes[3]:   64
machine # [    0.000000] x86/fpu: xstate_offset[4]:  896, xstate_sizes[4]:   64
machine # [    0.000000] x86/fpu: xstate_offset[5]:  960, xstate_sizes[5]:   64
machine # [    0.000000] x86/fpu: xstate_offset[6]: 1024, xstate_sizes[6]:  512
machine # [    0.000000] x86/fpu: xstate_offset[7]: 1536, xstate_sizes[7]: 1024
machine # [    0.000000] x86/fpu: Enabled xstate features 0xff, context size is 2560 bytes, using 'compacted' format.
machine # [    0.000000] signal: max sigframe size: 3632
machine # [    0.000000] BIOS-provided physical RAM map:
machine # [    0.000000] BIOS-e820: [mem 0x0000000000000000-0x000000000009fbff] usable
machine # [    0.000000] BIOS-e820: [mem 0x000000000009fc00-0x000000000009ffff] reserved
machine # [    0.000000] BIOS-e820: [mem 0x00000000000f0000-0x00000000000fffff] reserved
machine # [    0.000000] BIOS-e820: [mem 0x0000000000100000-0x000000003ffdafff] usable
machine # [    0.000000] BIOS-e820: [mem 0x000000003ffdb000-0x000000003fffffff] reserved
machine # [    0.000000] BIOS-e820: [mem 0x00000000feffc000-0x00000000feffffff] reserved
machine # [    0.000000] BIOS-e820: [mem 0x00000000fffc0000-0x00000000ffffffff] reserved
machine # [    0.000000] random: crng init done
machine # [    0.000000] NX (Execute Disable) protection: active
machine # [    0.000000] extended physical RAM map:
machine # [    0.000000] reserve setup_data: [mem 0x0000000000000000-0x000000000009fbff] usable
machine # [    0.000000] reserve setup_data: [mem 0x000000000009fc00-0x000000000009ffff] reserved
machine # [    0.000000] reserve setup_data: [mem 0x00000000000f0000-0x00000000000fffff] reserved
machine # [    0.000000] reserve setup_data: [mem 0x0000000000100000-0x00000000009379bf] usable
machine # [    0.000000] reserve setup_data: [mem 0x00000000009379c0-0x00000000009379cf] usable
machine # [    0.000000] reserve setup_data: [mem 0x00000000009379d0-0x000000003ffdafff] usable
machine # [    0.000000] reserve setup_data: [mem 0x000000003ffdb000-0x000000003fffffff] reserved
machine # [    0.000000] reserve setup_data: [mem 0x00000000feffc000-0x00000000feffffff] reserved
machine # [    0.000000] reserve setup_data: [mem 0x00000000fffc0000-0x00000000ffffffff] reserved
machine # [    0.000000] SMBIOS 2.8 present.
machine # [    0.000000] DMI: QEMU Standard PC (i440FX + PIIX, 1996), BIOS rel-1.16.1-0-g3208b098f51a-prebuilt.qemu.org 04/01/2014
machine # [    0.000000] Hypervisor detected: KVM
machine # [    0.000000] kvm-clock: Using msrs 4b564d01 and 4b564d00
machine # [    0.000001] kvm-clock: using sched offset of 616796728 cycles
machine # [    0.000002] clocksource: kvm-clock: mask: 0xffffffffffffffff max_cycles: 0x1cd42e4dffb, max_idle_ns: 881590591483 ns
machine # [    0.000009] tsc: Detected 3311.998 MHz processor
machine # [    0.000664] last_pfn = 0x3ffdb max_arch_pfn = 0x400000000
machine # [    0.001092] x86/PAT: Configuration [0-7]: WB  WC  UC- UC  WB  WP  UC- WT
machine # [    0.007904] found SMP MP-table at [mem 0x000f5bb0-0x000f5bbf]
machine # [    0.008315] Using GB pages for direct mapping
machine # [    0.008582] RAMDISK: [mem 0x3f034000-0x3ffcffff]
machine # [    0.008664] ACPI: Early table checksum verification disabled
machine # [    0.008740] ACPI: RSDP 0x00000000000F59D0 000014 (v00 BOCHS )
machine # [    0.008781] ACPI: RSDT 0x000000003FFE1AC6 000034 (v01 BOCHS  BXPC     00000001 BXPC 00000001)
machine # [    0.008792] ACPI: FACP 0x000000003FFE197A 000074 (v01 BOCHS  BXPC     00000001 BXPC 00000001)
machine # [    0.008797] ACPI: DSDT 0x000000003FFE0040 00193A (v01 BOCHS  BXPC     00000001 BXPC 00000001)
machine # [    0.008800] ACPI: FACS 0x000000003FFE0000 000040
machine # [    0.008802] ACPI: APIC 0x000000003FFE19EE 000078 (v01 BOCHS  BXPC     00000001 BXPC 00000001)
machine # [    0.008805] ACPI: HPET 0x000000003FFE1A66 000038 (v01 BOCHS  BXPC     00000001 BXPC 00000001)
machine # [    0.008808] ACPI: WAET 0x000000003FFE1A9E 000028 (v01 BOCHS  BXPC     00000001 BXPC 00000001)
machine # [    0.008810] ACPI: Reserving FACP table memory at [mem 0x3ffe197a-0x3ffe19ed]
machine # [    0.008811] ACPI: Reserving DSDT table memory at [mem 0x3ffe0040-0x3ffe1979]
machine # [    0.008812] ACPI: Reserving FACS table memory at [mem 0x3ffe0000-0x3ffe003f]
machine # [    0.008813] ACPI: Reserving APIC table memory at [mem 0x3ffe19ee-0x3ffe1a65]
machine # [    0.008813] ACPI: Reserving HPET table memory at [mem 0x3ffe1a66-0x3ffe1a9d]
machine # [    0.008814] ACPI: Reserving WAET table memory at [mem 0x3ffe1a9e-0x3ffe1ac5]
machine # [    0.010889] No NUMA configuration found
machine # [    0.010890] Faking a node at [mem 0x0000000000000000-0x000000003ffdafff]
machine # [    0.010895] NODE_DATA(0) allocated [mem 0x3ffd5000-0x3ffdafff]
machine # [    0.010931] Zone ranges:
machine # [    0.010931]   DMA      [mem 0x0000000000001000-0x0000000000ffffff]
machine # [    0.010933]   DMA32    [mem 0x0000000001000000-0x000000003ffdafff]
machine # [    0.010934]   Normal   empty
machine # [    0.010935]   Device   empty
machine # [    0.010935] Movable zone start for each node
machine # [    0.010936] Early memory node ranges
machine # [    0.010936]   node   0: [mem 0x0000000000001000-0x000000000009efff]
machine # [    0.010939]   node   0: [mem 0x0000000000100000-0x000000003ffdafff]
machine # [    0.010942] Initmem setup node 0 [mem 0x0000000000001000-0x000000003ffdafff]
machine # [    0.011114] On node 0, zone DMA: 1 pages in unavailable ranges
machine # [    0.011128] On node 0, zone DMA: 97 pages in unavailable ranges
machine # [    0.012909] On node 0, zone DMA32: 37 pages in unavailable ranges
machine # [    0.017079] ACPI: PM-Timer IO Port: 0x608
machine # [    0.017115] ACPI: LAPIC_NMI (acpi_id[0xff] dfl dfl lint[0x1])
machine # [    0.017300] IOAPIC[0]: apic_id 0, version 17, address 0xfec00000, GSI 0-23
machine # [    0.017302] ACPI: INT_SRC_OVR (bus 0 bus_irq 0 global_irq 2 dfl dfl)
machine # [    0.017304] ACPI: INT_SRC_OVR (bus 0 bus_irq 5 global_irq 5 high level)
machine # [    0.017305] ACPI: INT_SRC_OVR (bus 0 bus_irq 9 global_irq 9 high level)
machine # [    0.017309] ACPI: INT_SRC_OVR (bus 0 bus_irq 10 global_irq 10 high level)
machine # [    0.017309] ACPI: INT_SRC_OVR (bus 0 bus_irq 11 global_irq 11 high level)
machine # [    0.017313] ACPI: Using ACPI (MADT) for SMP configuration information
machine # [    0.017314] ACPI: HPET id: 0x8086a201 base: 0xfed00000
machine # [    0.017319] TSC deadline timer available
machine # [    0.017320] smpboot: Allowing 1 CPUs, 0 hotplug CPUs
machine # [    0.017488] PM: hibernation: Registered nosave memory: [mem 0x00000000-0x00000fff]
machine # [    0.017489] PM: hibernation: Registered nosave memory: [mem 0x0009f000-0x0009ffff]
machine # [    0.017490] PM: hibernation: Registered nosave memory: [mem 0x000a0000-0x000effff]
machine # [    0.017490] PM: hibernation: Registered nosave memory: [mem 0x000f0000-0x000fffff]
machine # [    0.017491] PM: hibernation: Registered nosave memory: [mem 0x00937000-0x00937fff]
machine # [    0.017497] PM: hibernation: Registered nosave memory: [mem 0x00937000-0x00937fff]
machine # [    0.017499] [mem 0x40000000-0xfeffbfff] available for PCI devices
machine # [    0.017499] Booting paravirtualized kernel on KVM
machine # [    0.017512] clocksource: refined-jiffies: mask: 0xffffffff max_cycles: 0xffffffff, max_idle_ns: 1910969940391419 ns
machine # [    0.020333] setup_percpu: NR_CPUS:384 nr_cpumask_bits:1 nr_cpu_ids:1 nr_node_ids:1
machine # [    0.020603] percpu: Embedded 61 pages/cpu s212992 r8192 d28672 u2097152
machine # [    0.020744] kvm-guest: PV spinlocks disabled, single CPU
machine # [    0.020752] Fallback order for Node 0: 0
machine # [    0.020756] Built 1 zonelists, mobility grouping on.  Total pages: 257754
machine # [    0.020757] Policy zone: DMA32
machine # [    0.020758] Kernel command line: console=ttyS0 panic=1 boot.panic_on_fail clock=acpi_pm loglevel=7 net.ifnames=0 init=/nix/store/5j72khfp0apq2g6hjf4ikhbjn2f9vyy9-nixos-system-machine-23.05pre-git/init regInfo=/nix/store/a9xy794s66arg5zsxmak7y42bkphnzns-closure-info/registration console=ttyS0
machine # [    0.020802] clocksource: clock= boot option is deprecated - use clocksource=xyz
machine # [    0.020830] Unknown kernel command line parameters "regInfo=/nix/store/a9xy794s66arg5zsxmak7y42bkphnzns-closure-info/registration", will be passed to user space.
machine # [    0.020883] Dentry cache hash table entries: 131072 (order: 8, 1048576 bytes, linear)
machine # [    0.020903] Inode-cache hash table entries: 65536 (order: 7, 524288 bytes, linear)
machine # [    0.021059] mem auto-init: stack:all(zero), heap alloc:off, heap free:off
machine # [    0.022496] Memory: 978036K/1048036K available (12294K kernel code, 2307K rwdata, 7532K rodata, 1876K init, 4344K bss, 69740K reserved, 0K cma-reserved)
machine # [    0.022587] SLUB: HWalign=64, Order=0-3, MinObjects=0, CPUs=1, Nodes=1
machine # [    0.022598] Kernel/User page tables isolation: enabled
machine # [    0.022619] ftrace: allocating 37041 entries in 145 pages
machine # [    0.031141] ftrace: allocated 145 pages with 3 groups
machine # [    0.031746] Dynamic Preempt: voluntary
machine # [    0.031904] rcu: Preemptible hierarchical RCU implementation.
machine # [    0.031905] rcu:   RCU event tracing is enabled.
machine # [    0.031905] rcu:   RCU restricting CPUs from NR_CPUS=384 to nr_cpu_ids=1.
machine # [    0.031906]        Trampoline variant of Tasks RCU enabled.
machine # [    0.031907]        Rude variant of Tasks RCU enabled.
machine # [    0.031907]        Tracing variant of Tasks RCU enabled.
machine # [    0.031908] rcu: RCU calculated value of scheduler-enlistment delay is 100 jiffies.
machine # [    0.031908] rcu: Adjusting geometry for rcu_fanout_leaf=16, nr_cpu_ids=1
machine # [    0.034779] NR_IRQS: 24832, nr_irqs: 256, preallocated irqs: 16
machine # [    0.035087] rcu: srcu_init: Setting srcu_struct sizes based on contention.
machine # [    0.064829] Console: colour VGA+ 80x25
machine # [    0.661299] printk: console [ttyS0] enabled
machine # [    0.664219] ACPI: Core revision 20220331
machine # [    0.667628] clocksource: hpet: mask: 0xffffffff max_cycles: 0xffffffff, max_idle_ns: 19112604467 ns
machine # [    0.674195] APIC: Switch to symmetric I/O mode setup
machine # [    0.679751] x2apic enabled
machine # [    0.683758] Switched APIC routing to physical x2apic.
machine # [    0.695188] ..TIMER: vector=0x30 apic1=0 pin1=2 apic2=-1 pin2=-1
machine # [    0.699472] clocksource: tsc-early: mask: 0xffffffffffffffff max_cycles: 0x2fbd924e8de, max_idle_ns: 440795321919 ns
machine # [    0.706634] Calibrating delay loop (skipped) preset value.. 6623.99 BogoMIPS (lpj=3311998)
machine # [    0.707632] pid_max: default: 32768 minimum: 301
machine # [    0.708654] LSM: Security Framework initializing
machine # [    0.709642] landlock: Up and running.
machine # [    0.710631] Yama: becoming mindful.
machine # [    0.711636] SELinux:  Initializing.
machine # [    0.712642] LSM support for eBPF active
machine # [    0.714635] Mount-cache hash table entries: 2048 (order: 2, 16384 bytes, linear)
machine # [    0.715632] Mountpoint-cache hash table entries: 2048 (order: 2, 16384 bytes, linear)
machine # [    0.718983] x86/cpu: User Mode Instruction Prevention (UMIP) activated
machine # [    0.722113] Last level iTLB entries: 4KB 0, 2MB 0, 4MB 0
machine # [    0.722631] Last level dTLB entries: 4KB 0, 2MB 0, 4MB 0, 1GB 0
machine # [    0.723673] Spectre V1 : Mitigation: usercopy/swapgs barriers and __user pointer sanitization
machine # [    0.724647] Spectre V2 : Mitigation: IBRS
machine # [    0.725631] Spectre V2 : Spectre v2 / SpectreRSB mitigation: Filling RSB on context switch
machine # [    0.726631] Spectre V2 : Spectre v2 / SpectreRSB : Filling RSB on VMEXIT
machine # [    0.727631] RETBleed: Mitigation: IBRS
machine # [    0.728635] Spectre V2 : mitigation: Enabling conditional Indirect Branch Prediction Barrier
machine # [    0.729632] Speculative Store Bypass: Mitigation: Speculative Store Bypass disabled via prctl
machine # [    0.730667] MDS: Mitigation: Clear CPU buffers
machine # [    0.731631] TAA: Mitigation: Clear CPU buffers
machine # [    0.732631] MMIO Stale Data: Vulnerable: Clear CPU buffers attempted, no microcode
machine # [    0.754378] Freeing SMP alternatives memory: 32K
machine # [    0.755896] smpboot: CPU0: Intel(R) Core(TM) i9-9940X CPU @ 3.30GHz (family: 0x6, model: 0x55, stepping: 0x4)
machine # [    0.756740] cblist_init_generic: Setting adjustable number of callback queues.
machine # [    0.757644] cblist_init_generic: Setting shift to 0 and lim to 1.
machine # [    0.758657] cblist_init_generic: Setting shift to 0 and lim to 1.
machine # [    0.759656] cblist_init_generic: Setting shift to 0 and lim to 1.
machine # [    0.760656] Performance Events: Skylake events, full-width counters, Intel PMU driver.
machine # [    0.761658] ... version:                2
machine # [    0.762643] ... bit width:              48
machine # [    0.763672] ... generic registers:      4
machine # [    0.764643] ... value mask:             0000ffffffffffff
machine # [    0.765644] ... max period:             00007fffffffffff
machine # [    0.766644] ... fixed-purpose events:   3
machine # [    0.767643] ... event mask:             000000070000000f
machine # [    0.768960] rcu: Hierarchical SRCU implementation.
machine # [    0.769644] rcu:   Max phase no-delay instances is 400.
machine # [    0.770981] smp: Bringing up secondary CPUs ...
machine # [    0.771645] smp: Brought up 1 node, 1 CPU
machine # [    0.772644] smpboot: Max logical packages: 1
machine # [    0.773643] smpboot: Total of 1 processors activated (6623.99 BogoMIPS)
machine # [    0.775353] devtmpfs: initialized
machine # [    0.775701] x86/mm: Memory block size: 128MB
machine # [    0.776932] clocksource: jiffies: mask: 0xffffffff max_cycles: 0xffffffff, max_idle_ns: 1911260446275000 ns
machine # [    0.777646] futex hash table entries: 256 (order: 2, 16384 bytes, linear)
machine # [    0.778672] pinctrl core: initialized pinctrl subsystem
machine # [    0.780199] NET: Registered PF_NETLINK/PF_ROUTE protocol family
machine # [    0.780747] DMA: preallocated 128 KiB GFP_KERNEL pool for atomic allocations
machine # [    0.781646] DMA: preallocated 128 KiB GFP_KERNEL|GFP_DMA pool for atomic allocations
machine # [    0.782661] DMA: preallocated 128 KiB GFP_KERNEL|GFP_DMA32 pool for atomic allocations
machine # [    0.783651] audit: initializing netlink subsys (disabled)
machine # [    0.784734] thermal_sys: Registered thermal governor 'bang_bang'
machine # [    0.784735] thermal_sys: Registered thermal governor 'step_wise'
machine # [    0.785644] thermal_sys: Registered thermal governor 'user_space'
machine # [    0.786664] audit: type=2000 audit(1678152999.693:1): state=initialized audit_enabled=0 res=1
machine # [    0.788652] cpuidle: using governor menu
machine # [    0.789798] acpiphp: ACPI Hot Plug PCI Controller Driver version: 0.5
machine # [    0.791104] PCI: Using configuration type 1 for base access
machine # [    0.792455] kprobes: kprobe jump-optimization is enabled. All kprobes are optimized if possible.
machine # [    0.810244] HugeTLB: registered 1.00 GiB page size, pre-allocated 0 pages
machine # [    0.810660] HugeTLB: 16380 KiB vmemmap can be freed for a 1.00 GiB page
machine # [    0.811644] HugeTLB: registered 2.00 MiB page size, pre-allocated 0 pages
machine # [    0.812643] HugeTLB: 28 KiB vmemmap can be freed for a 2.00 MiB page
machine # [    0.813884] ACPI: Added _OSI(Module Device)
machine # [    0.814644] ACPI: Added _OSI(Processor Device)
machine # [    0.815644] ACPI: Added _OSI(3.0 _SCP Extensions)
machine # [    0.816644] ACPI: Added _OSI(Processor Aggregator Device)
machine # [    0.818357] ACPI: 1 ACPI AML tables successfully acquired and loaded
machine # [    0.820535] ACPI: Interpreter enabled
machine # [    0.820657] ACPI: PM: (supports S0 S3 S4 S5)
machine # [    0.821644] ACPI: Using IOAPIC for interrupt routing
machine # [    0.822653] PCI: Using host bridge windows from ACPI; if necessary, use "pci=nocrs" and report a bug
machine # [    0.823643] PCI: Using E820 reservations for host bridge windows
machine # [    0.824827] ACPI: Enabled 2 GPEs in block 00 to 0F
machine # [    0.828421] ACPI: PCI Root Bridge [PCI0] (domain 0000 [bus 00-ff])
machine # [    0.828647] acpi PNP0A03:00: _OSC: OS supports [ASPM ClockPM Segments MSI HPX-Type3]
machine # [    0.829644] acpi PNP0A03:00: _OSC: not requesting OS control; OS requires [ExtendedConfig ASPM ClockPM MSI]
machine # [    0.830651] acpi PNP0A03:00: fail to add MMCONFIG information, can't access extended PCI configuration space under this bridge.
machine # [    0.831949] acpiphp: Slot [3] registered
machine # [    0.832711] acpiphp: Slot [4] registered
machine # [    0.833708] acpiphp: Slot [5] registered
machine # [    0.834708] acpiphp: Slot [6] registered
machine # [    0.835711] acpiphp: Slot [7] registered
machine # [    0.836706] acpiphp: Slot [8] registered
machine # [    0.837709] acpiphp: Slot [9] registered
machine # [    0.838706] acpiphp: Slot [10] registered
machine # [    0.839724] acpiphp: Slot [11] registered
machine # [    0.840709] acpiphp: Slot [12] registered
machine # [    0.841724] acpiphp: Slot [13] registered
machine # [    0.842706] acpiphp: Slot [14] registered
machine # [    0.843727] acpiphp: Slot [15] registered
machine # [    0.844714] acpiphp: Slot [16] registered
machine # [    0.845717] acpiphp: Slot [17] registered
machine # [    0.846705] acpiphp: Slot [18] registered
machine # [    0.847705] acpiphp: Slot [19] registered
machine # [    0.848707] acpiphp: Slot [20] registered
machine # [    0.849707] acpiphp: Slot [21] registered
machine # [    0.850706] acpiphp: Slot [22] registered
machine # [    0.851706] acpiphp: Slot [23] registered
machine # [    0.852705] acpiphp: Slot [24] registered
machine # [    0.853707] acpiphp: Slot [25] registered
machine # [    0.854719] acpiphp: Slot [26] registered
machine # [    0.855706] acpiphp: Slot [27] registered
machine # [    0.856723] acpiphp: Slot [28] registered
machine # [    0.857705] acpiphp: Slot [29] registered
machine # [    0.858706] acpiphp: Slot [30] registered
machine # [    0.859707] acpiphp: Slot [31] registered
machine # [    0.860698] PCI host bridge to bus 0000:00
machine # [    0.861644] pci_bus 0000:00: root bus resource [io  0x0000-0x0cf7 window]
machine # [    0.862643] pci_bus 0000:00: root bus resource [io  0x0d00-0xffff window]
machine # [    0.863643] pci_bus 0000:00: root bus resource [mem 0x000a0000-0x000bffff window]
machine # [    0.864644] pci_bus 0000:00: root bus resource [mem 0x40000000-0xfebfffff window]
machine # [    0.865643] pci_bus 0000:00: root bus resource [mem 0x100000000-0x17fffffff window]
machine # [    0.866644] pci_bus 0000:00: root bus resource [bus 00-ff]
machine # [    0.867884] pci 0000:00:00.0: [8086:1237] type 00 class 0x060000
machine # [    0.871806] pci 0000:00:01.0: [8086:7000] type 00 class 0x060100
machine # [    0.876843] pci 0000:00:01.1: [8086:7010] type 00 class 0x010180
machine # [    0.881645] pci 0000:00:01.1: reg 0x20: [io  0xc1e0-0xc1ef]
machine # [    0.884643] pci 0000:00:01.1: legacy IDE quirk: reg 0x10: [io  0x01f0-0x01f7]
machine # [    0.885645] pci 0000:00:01.1: legacy IDE quirk: reg 0x14: [io  0x03f6]
machine # [    0.886643] pci 0000:00:01.1: legacy IDE quirk: reg 0x18: [io  0x0170-0x0177]
machine # [    0.887643] pci 0000:00:01.1: legacy IDE quirk: reg 0x1c: [io  0x0376]
machine # [    0.889381] pci 0000:00:01.2: [8086:7020] type 00 class 0x0c0300
machine # [    0.893198] pci 0000:00:01.2: reg 0x20: [io  0xc100-0xc11f]
machine # [    0.895745] pci 0000:00:01.3: [8086:7113] type 00 class 0x068000
machine # [    0.899643] pci 0000:00:01.3: quirk: [io  0x0600-0x063f] claimed by PIIX4 ACPI
machine # [    0.900696] pci 0000:00:01.3: quirk: [io  0x0700-0x070f] claimed by PIIX4 SMB
machine # [    0.902864] pci 0000:00:02.0: [1234:1111] type 00 class 0x030000
machine # [    0.905396] pci 0000:00:02.0: reg 0x10: [mem 0xfd000000-0xfdffffff pref]
machine # [    0.908438] pci 0000:00:02.0: reg 0x18: [mem 0xfebd0000-0xfebd0fff]
machine # [    0.913496] pci 0000:00:02.0: reg 0x30: [mem 0xfebc0000-0xfebcffff pref]
machine # [    0.914441] pci 0000:00:02.0: Video device with shadowed ROM at [mem 0x000c0000-0x000dffff]
machine # [    0.916965] pci 0000:00:03.0: [1af4:1000] type 00 class 0x020000
machine # [    0.919111] pci 0000:00:03.0: reg 0x10: [io  0xc120-0xc13f]
machine # [    0.920645] pci 0000:00:03.0: reg 0x14: [mem 0xfebd1000-0xfebd1fff]
machine # [    0.925662] pci 0000:00:03.0: reg 0x20: [mem 0xfe000000-0xfe003fff 64bit pref]
machine # [    0.927646] pci 0000:00:03.0: reg 0x30: [mem 0xfeb40000-0xfeb7ffff pref]
machine # [    0.933858] pci 0000:00:04.0: [1af4:1005] type 00 class 0x00ff00
machine # [    0.936129] pci 0000:00:04.0: reg 0x10: [io  0xc140-0xc15f]
machine # [    0.937645] pci 0000:00:04.0: reg 0x14: [mem 0xfebd2000-0xfebd2fff]
machine # [    0.943523] pci 0000:00:04.0: reg 0x20: [mem 0xfe004000-0xfe007fff 64bit pref]
machine # [    0.949954] pci 0000:00:05.0: [1af4:1009] type 00 class 0x000200
machine # [    0.952200] pci 0000:00:05.0: reg 0x10: [io  0xc080-0xc0bf]
machine # [    0.953646] pci 0000:00:05.0: reg 0x14: [mem 0xfebd3000-0xfebd3fff]
machine # [    0.958507] pci 0000:00:05.0: reg 0x20: [mem 0xfe008000-0xfe00bfff 64bit pref]
machine # [    0.965132] pci 0000:00:06.0: [1af4:1009] type 00 class 0x000200
machine # [    0.967094] pci 0000:00:06.0: reg 0x10: [io  0xc160-0xc17f]
machine # [    0.968646] pci 0000:00:06.0: reg 0x14: [mem 0xfebd4000-0xfebd4fff]
machine # [    0.973337] pci 0000:00:06.0: reg 0x20: [mem 0xfe00c000-0xfe00ffff 64bit pref]
machine # [    0.980063] pci 0000:00:07.0: [1af4:1009] type 00 class 0x000200
machine # [    0.982095] pci 0000:00:07.0: reg 0x10: [io  0xc180-0xc19f]
machine # [    0.983646] pci 0000:00:07.0: reg 0x14: [mem 0xfebd5000-0xfebd5fff]
machine # [    0.988314] pci 0000:00:07.0: reg 0x20: [mem 0xfe010000-0xfe013fff 64bit pref]
machine # [    0.995149] pci 0000:00:08.0: [1af4:1001] type 00 class 0x010000
machine # [    0.997179] pci 0000:00:08.0: reg 0x10: [io  0xc000-0xc07f]
machine # [    0.998646] pci 0000:00:08.0: reg 0x14: [mem 0xfebd6000-0xfebd6fff]
machine # [    1.003415] pci 0000:00:08.0: reg 0x20: [mem 0xfe014000-0xfe017fff 64bit pref]
machine # [    1.010281] pci 0000:00:09.0: [1af4:1000] type 00 class 0x020000
machine # [    1.012104] pci 0000:00:09.0: reg 0x10: [io  0xc1a0-0xc1bf]
machine # [    1.013646] pci 0000:00:09.0: reg 0x14: [mem 0xfebd7000-0xfebd7fff]
machine # [    1.018287] pci 0000:00:09.0: reg 0x20: [mem 0xfe018000-0xfe01bfff 64bit pref]
machine # [    1.019646] pci 0000:00:09.0: reg 0x30: [mem 0xfeb80000-0xfebbffff pref]
machine # [    1.025799] pci 0000:00:0a.0: [1af4:1052] type 00 class 0x090000
machine # [    1.028493] pci 0000:00:0a.0: reg 0x14: [mem 0xfebd8000-0xfebd8fff]
machine # [    1.031644] pci 0000:00:0a.0: reg 0x20: [mem 0xfe01c000-0xfe01ffff 64bit pref]
machine # [    1.038905] pci 0000:00:0b.0: [1af4:1003] type 00 class 0x078000
machine # [    1.041231] pci 0000:00:0b.0: reg 0x10: [io  0xc0c0-0xc0ff]
machine # [    1.042646] pci 0000:00:0b.0: reg 0x14: [mem 0xfebd9000-0xfebd9fff]
machine # [    1.047504] pci 0000:00:0b.0: reg 0x20: [mem 0xfe020000-0xfe023fff 64bit pref]
machine # [    1.054320] pci 0000:00:0c.0: [1af4:1005] type 00 class 0x00ff00
machine # [    1.056092] pci 0000:00:0c.0: reg 0x10: [io  0xc1c0-0xc1df]
machine # [    1.057646] pci 0000:00:0c.0: reg 0x14: [mem 0xfebda000-0xfebdafff]
machine # [    1.062312] pci 0000:00:0c.0: reg 0x20: [mem 0xfe024000-0xfe027fff 64bit pref]
machine # [    1.069348] ACPI: PCI: Interrupt link LNKA configured for IRQ 10
machine # [    1.069948] ACPI: PCI: Interrupt link LNKB configured for IRQ 10
machine # [    1.070943] ACPI: PCI: Interrupt link LNKC configured for IRQ 11
machine # [    1.071941] ACPI: PCI: Interrupt link LNKD configured for IRQ 11
machine # [    1.072797] ACPI: PCI: Interrupt link LNKS configured for IRQ 9
machine # [    1.074121] iommu: Default domain type: Translated
machine # [    1.074645] iommu: DMA domain TLB invalidation policy: lazy mode
machine # [    1.076122] NetLabel: Initializing
machine # [    1.076644] NetLabel:  domain hash size = 128
machine # [    1.077643] NetLabel:  protocols = UNLABELED CIPSOv4 CALIPSO
machine # [    1.078661] NetLabel:  unlabeled traffic allowed by default
machine # [    1.079649] PCI: Using ACPI for IRQ routing
machine # [    1.082743] pci 0000:00:02.0: vgaarb: setting as boot VGA device
machine # [    1.083630] pci 0000:00:02.0: vgaarb: bridge control possible
machine # [    1.083630] pci 0000:00:02.0: vgaarb: VGA device added: decodes=io+mem,owns=io+mem,locks=none
machine # [    1.083645] vgaarb: loaded
machine # [    1.084753] hpet0: at MMIO 0xfed00000, IRQs 2, 8, 0
machine # [    1.085643] hpet0: 3 comparators, 64-bit 100.000000 MHz counter
machine # [    1.090708] clocksource: Switched to clocksource kvm-clock
machine # [    1.103176] VFS: Disk quotas dquot_6.6.0
machine # [    1.106019] VFS: Dquot-cache hash table entries: 512 (order 0, 4096 bytes)
machine # [    1.111279] pnp: PnP ACPI init
machine # [    1.114087] pnp: PnP ACPI: found 6 devices
machine # [    1.123106] clocksource: acpi_pm: mask: 0xffffff max_cycles: 0xffffff, max_idle_ns: 2085701024 ns
machine # [    1.129253] clocksource: Switched to clocksource acpi_pm
machine # [    1.133123] NET: Registered PF_INET protocol family
machine # [    1.136925] IP idents hash table entries: 16384 (order: 5, 131072 bytes, linear)
machine # [    1.143438] tcp_listen_portaddr_hash hash table entries: 512 (order: 1, 8192 bytes, linear)
machine # [    1.149349] Table-perturb hash table entries: 65536 (order: 6, 262144 bytes, linear)
machine # [    1.154860] TCP established hash table entries: 8192 (order: 4, 65536 bytes, linear)
machine # [    1.160370] TCP bind hash table entries: 8192 (order: 6, 262144 bytes, linear)
machine # [    1.165500] TCP: Hash tables configured (established 8192 bind 8192)
machine # [    1.170126] MPTCP token hash table entries: 1024 (order: 2, 24576 bytes, linear)
machine # [    1.175339] UDP hash table entries: 512 (order: 2, 16384 bytes, linear)
machine # [    1.180081] UDP-Lite hash table entries: 512 (order: 2, 16384 bytes, linear)
machine # [    1.185135] NET: Registered PF_UNIX/PF_LOCAL protocol family
machine # [    1.189244] NET: Registered PF_XDP protocol family
machine # [    1.192748] pci_bus 0000:00: resource 4 [io  0x0000-0x0cf7 window]
machine # [    1.197215] pci_bus 0000:00: resource 5 [io  0x0d00-0xffff window]
machine # [    1.201631] pci_bus 0000:00: resource 6 [mem 0x000a0000-0x000bffff window]
machine # [    1.206808] pci_bus 0000:00: resource 7 [mem 0x40000000-0xfebfffff window]
machine # [    1.211817] pci_bus 0000:00: resource 8 [mem 0x100000000-0x17fffffff window]
machine # [    1.216954] pci 0000:00:01.0: PIIX3: Enabling Passive Release
machine # [    1.221201] pci 0000:00:00.0: Limiting direct PCI/PCI transfers
machine # [    1.248311] ACPI: \_SB_.LNKD: Enabled at IRQ 11
machine # [    1.274980] pci 0000:00:01.2: quirk_usb_early_handoff+0x0/0x750 took 48170 usecs
machine # [    1.280935] PCI: CLS 0 bytes, default 64
machine # [    1.283950] Trying to unpack rootfs image as initramfs...
machine # [    1.287938] clocksource: tsc: mask: 0xffffffffffffffff max_cycles: 0x2fbd924e8de, max_idle_ns: 440795321919 ns
machine # [    1.302198] Initialise system trusted keyrings
machine # [    1.310912] workingset: timestamp_bits=40 max_order=18 bucket_order=0
machine # [    1.321356] zbud: loaded
machine # [    1.327280] Key type asymmetric registered
machine # [    1.332988] Asymmetric key parser 'x509' registered
machine # [    1.402933] Freeing initrd memory: 15984K
machine # [    1.410895] alg: self-tests for CTR-KDF (hmac(sha256)) passed
machine # [    1.415142] Block layer SCSI generic (bsg) driver version 0.4 loaded (major 252)
machine # [    1.420469] io scheduler mq-deadline registered
machine # [    1.423799] io scheduler kyber registered
machine # [    1.427054] Serial: 8250/16550 driver, 4 ports, IRQ sharing enabled
machine # [    1.432364] 00:04: ttyS0 at I/O 0x3f8 (irq = 4, base_baud = 115200) is a 16550A
machine # [    1.439019] intel_pstate: CPU model not supported
machine # [    1.442559] drop_monitor: Initializing network drop monitor service
machine # [    1.457103] NET: Registered PF_INET6 protocol family
machine # [    1.465190] Segment Routing with IPv6
machine # [    1.468129] In-situ OAM (IOAM) with IPv6
machine # [    1.471570] IPI shorthand broadcast: enabled
machine # [    1.475001] registered taskstats version 1
machine # [    1.478202] Loading compiled-in X.509 certificates
machine # [    1.481991] zswap: loaded using pool lzo/zbud
machine # [    1.485617] Key type .fscrypt registered
machine # [    1.488801] Key type fscrypt-provisioning registered
machine # [    1.493962] Unstable clock detected, switching default tracing clock to "global"
machine # [    1.493962] If you want to keep using the local clock, then add:
machine # [    1.493962]   "trace_clock=local"
machine # [    1.493962] on the kernel command line
machine # [    1.511344] Freeing unused decrypted memory: 2036K
machine # [    1.514414] Freeing unused kernel image (initmem) memory: 1876K
machine # [    1.517131] Write protecting the kernel read-only data: 22528k
machine # [    1.521311] Freeing unused kernel image (text/rodata gap) memory: 2040K
machine # [    1.524452] Freeing unused kernel image (rodata/data gap) memory: 660K
machine # [    1.566849] x86/mm: Checked W+X mappings: passed, no W+X pages found.
machine # [    1.569588] x86/mm: Checking user space page tables
machine # [    1.610003] x86/mm: Checked W+X mappings: passed, no W+X pages found.
machine # [    1.612990] Run /init as init process
machine # [    1.624846] systemd[1]: Inserted module 'autofs4'
machine # [    1.634372] systemd[1]: systemd 252.5 running in system mode (+PAM -AUDIT -SELINUX -APPARMOR +IMA +SMACK +SECCOMP -GCRYPT -GNUTLS +OPENSSL +ACL +BLKID -CURL -ELFUTILS +FIDO2 -IDN2 -IDN -IPTC +KMOD +LIBCRYPTSETUP +LIBFDISK -PCRE2 -PWQUALITY -P11KIT -QRENCODE +TPM2 -BZIP2 -LZ4 -XZ -ZLIB -ZSTD -BPF_FRAMEWORK -XKBCOMMON +UTMP -SYSVINIT default-hierarchy=unified)
machine # [    1.646838] systemd[1]: Detected virtualization kvm.
machine # [    1.649146] systemd[1]: Detected architecture x86-64.
machine # [    1.651496] systemd[1]: Running in initrd.
machine # [    1.653539] systemd[1]: No hostname configured, using default hostname.
machine # [    1.656489] systemd[1]: Hostname set to <localhost>.
machine # [    1.658925] systemd[1]: Initializing machine ID from random generator.
machine # [    1.713437] systemd[1]: Queued start job for default target Initrd Default Target.
machine # [    1.722012] systemd[1]: Created slice Slice /system/systemd-makefs.
machine # [    1.725170] systemd[1]: Started Dispatch Password Requests to Console Directory Watch.
machine # [    1.729179] systemd[1]: Reached target Initrd Root Device.
machine # [    1.732079] systemd[1]: Reached target Path Units.
machine # [    1.734520] systemd[1]: Reached target Slice Units.
machine # [    1.737003] systemd[1]: Reached target Swaps.
machine # [    1.739288] systemd[1]: Reached target Timer Units.
machine # [    1.742110] systemd[1]: Listening on Journal Audit Socket.
machine # [    1.745099] systemd[1]: Listening on Journal Socket (/dev/log).
machine # [    1.748215] systemd[1]: Listening on Journal Socket.
machine # [    1.751118] systemd[1]: Listening on udev Control Socket.
machine # [    1.754049] systemd[1]: Listening on udev Kernel Socket.
machine # [    1.756890] systemd[1]: Reached target Socket Units.
machine # [    1.759424] systemd[1]: Kernel Configuration File System was skipped because of an unmet condition check (ConditionPathExists=/sys/kernel/config).
machine # [    1.771162] systemd[1]: Starting Create List of Static Device Nodes...
machine # [    1.785084] systemd[1]: Starting Journal Service...
machine # [    1.793080] systemd[1]: Starting Load Kernel Modules...
machine # [    1.808063] systemd[1]: Starting Coldplug All udev Devices...
machine # [    1.827178] systemd[1]: Finished Create List of Static Device Nodes.
machine # [    1.853081] systemd[1]: Starting Create Static Device Nodes in /dev...
machine # [    1.869808] device-mapper: ioctl: 4.47.0-ioctl (2022-07-28) initialised: dm-devel@redhat.com
machine # [    1.880030] systemd[1]: Finished Create Static Device Nodes in /dev.
machine # [    1.897182] systemd[1]: Finished Load Kernel Modules.
machine # [    1.915096] systemd[1]: Starting Apply Kernel Variables...
machine # [    1.925379] audit: type=1334 audit(1678153000.833:2): prog-id=6 op=LOAD
machine # [    1.930804] audit: type=1334 audit(1678153000.838:3): prog-id=7 op=LOAD
machine # [    1.940088] systemd[1]: Starting Rule-based Manager for Device Events and Files...
machine # [    1.966171] systemd[1]: Finished Apply Kernel Variables.
machine # [    1.994598] systemd[1]: Finished Coldplug All udev Devices.
machine # [    2.004962] systemd[1]: Started Rule-based Manager for Device Events and Files.
machine # [    2.161959] systemd[1]: Started Journal Service.
machine # [    1.505842] systemd-modules-load[75]: Inserted module 'virtio_balloon'
machine # [    1.514743] systemd-modules-load[75]: Inserted module 'virtio_console'
machine # [    1.524574] systemd-modules-load[75]: Inserted module 'dm_mod'
machine # [    1.533770] systemd-udevd[81]: Using default interface naming scheme 'v252'.
machine # [    1.545376] systemd-udevd[81]: /nix/store/m1safh1fssisd0f7brzi65y3g9qixf0j-systemd-stage-1-252.5/lib/udev/rules.d/50-udev-default.rules:22 Unknown group 'tty', ignoring
machine # [    1.562620] systemd-udevd[81]: /nix/store/m1safh1fssisd0f7brzi65y3g9qixf0j-systemd-stage-1-252.5/lib/udev/rules.d/50-udev-default.rules:23 Unknown group 'tty', ignoring
machine # [    1.580533] systemd-udevd[81]: /nix/store/m1safh1fssisd0f7brzi65y3g9qixf0j-systemd-stage-1-252.5/lib/udev/rules.d/50-udev-default.rules:24 Unknown group 'tty', ignoring
machine # [    1.596479] systemd-udevd[81]: /nix/store/m1safh1fssisd0f7brzi65y3g9qixf0j-systemd-stage-1-252.5/lib/udev/rules.d/50-udev-default.rules:25 Unknown group 'tty', ignoring
machine # [    1.611062] systemd-udevd[81]: /nix/store/m1safh1fssisd0f7brzi65y3g9qixf0j-systemd-stage-1-252.5/lib/udev/rules.d/50-udev-default.rules:26 Unknown group 'tty', ignoring
machine # [    1.626975] systemd-udevd[81]: /nix/store/m1safh1fssisd0f7brzi65y3g9qixf0j-systemd-stage-1-252.5/lib/udev/rules.d/50-udev-default.rules:27 Unknown group 'tty', ignoring
machine # [    1.643365] systemd-udevd[81]: /nix/store/m1safh1fssisd0f7brzi65y3g9qixf0j-systemd-stage-1-252.5/lib/udev/rules.d/50-udev-default.rules:28 Unknown group 'tty', ignoring
machine # [    1.657020] systemd-udevd[81]: /nix/store/m1safh1fssisd0f7brzi65y3g9qixf0j-systemd-stage-1-252.5/lib/udev/rules.d/50-udev-default.rules:29 Unknown group 'dialout', ignoring
machine # [    1.672074] systemd-udevd[81]: /nix/store/m1safh1fssisd0f7brzi65y3g9qixf0j-systemd-stage-1-252.5/lib/udev/rules.d/50-udev-default.rules:31 Unknown group 'kmem', ignoring
machine # [    1.686982] systemd-udevd[81]: /nix/store/m1safh1fssisd0f7brzi65y3g9qixf0j-systemd-stage-1-252.5/lib/udev/rules.d/50-udev-default.rules:33 Unknown group 'input', ignoring
machine # [    1.702070] systemd-udevd[81]: /nix/store/m1safh1fssisd0f7brzi65y3g9qixf0j-systemd-stage-1-252.5/lib/udev/rules.d/50-udev-default.rules:36 Unknown group 'video', ignoring
machine # [    1.718075] systemd-udevd[81]: /nix/store/m1safh1fssisd0f7brzi65y3g9qixf0j-systemd-stage-1-252.5/lib/udev/rules.d/50-udev-default.rules:37 Unknown group 'video', ignoring
machine # [    1.733064] systemd-udevd[81]: /nix/store/m1safh1fssisd0f7brzi65y3g9qixf0j-systemd-stage-1-252.5/lib/udev/rules.d/50-udev-default.rules:38 Unknown group 'video', ignoring[    2.408927] i8042: PNP: PS/2 Controller [PNP0303:KBD,PNP0f13:MOU] at 0x60,0x64 irq 1,12
machine # 
machine # [    1.751470] systemd-udevd[81]: /nix/store/m1safh1fssisd0f7brzi65y3g9qixf0j-systemd-stage-1-252.5/lib/udev/rules.d/50-udev-default.rules:39 Unknown group 'video', ignoring[    2.424390] rtc_cmos 00:05: RTC can wake from S4
machine # 
machine # [    1.768653] systemd-udevd[81]: /nix/store/m1safh1fssisd0f7brzi65y3g9qixf0j-systemd-stage-1-252.5/lib/udev/rules.d/50-udev-default.rules:40 Unknown group 'video', ignoring
machine # [    1.784391] systemd-udevd[81]: /nix/store/m1safh1fssisd0f7brzi65y3g9qixf0j-systemd-stage-1-252.5/lib/udev/rules.d/50-udev-default.rules:41 Unknown group 'video', ignoring[    2.458841] rtc_cmos 00:05: registered as rtc0
machine # 
machine # [    1.800788] systemd-udevd[81]: /nix/store/m1safh1fssisd0f7brzi65y3g9qixf0j-systemd-stage-1-252.5/lib/udev/rules.d/50-udev-default.rules:43 Unknown group 'render', ignoring[    2.473020] serio: i8042 KBD port at 0x60,0x64 irq 1
machine # [    2.477181] rtc_cmos 00:05: alarms up to one day, y3k, 242 bytes nvram, hpet irqs
machine # 
machine # [    1.817617] systemd-udevd[81]: /nix/store/m1safh1fssisd0f7brzi65y3g9qixf0j-systemd-stage-1-252.5/lib/udev/rules.d/50-udev-default.rules:44 Unknown group 'render', ignoring[    2.491850] serio: i8042 AUX port at 0x60,0x64 irq 12
machine # 
machine # [    1.834481] systemd-udevd[81]: /nix/store/m1safh1fssisd0f7brzi65y3g9qixf0j-systemd-stage-1-252.5/lib/udev/rules.d/50-udev-default.rules:46 Unknown group 'sgx', ignoring
machine # [    1.849026] systemd-udevd[81]: /nix/store/m1safh1fssisd0f7brzi65y3g9qixf0j-systemd-stage-1-252.5/lib/udev/rules.d/50-udev-default.rules:47 Unknown group 'sgx', ignoring
machine # [    1.864021] systemd-udevd[81]: /nix/store/m1safh1fssisd0f7brzi65y3g9qixf0j-systemd-stage-1-252.5/lib/udev/rules.d/50-udev-default.rules:53 Unknown group 'audio', ignoring
machine # [    1.879027] systemd-udevd[81]: /nix/store/m1safh1fssisd0f7brzi65y3g9qixf0j-systemd-stage-1-252.5/lib/udev/rules.d/50-udev-default.rules:63 Unknown group 'audio', ignoring
machine # [    1.895002] systemd-udevd[81]: /nix/store/m1safh1fssisd0f7brzi65y3g9qixf0j-systemd-stage-1-252.5/lib/udev/rules.d/50-udev-default.rules:64 Unknown group 'audio', ignoring
machine # [    1.909683] systemd-udevd[81]: /nix/store/m1safh1fssisd0f7brzi65y3g9qixf0j-systemd-stage-1-252.5/lib/udev/rules.d/50-udev-default.rules:65 Unknown group 'video', ignoring
machine # [    1.925625] systemd-udevd[81]: /nix/store/m1safh1fssisd0f7brzi65y3g9qixf0j-systemd-stage-1-252.5/lib/udev/rules.d/50-udev-default.rules:67 Unknown group 'lp', ignoring
machine # [    1.939004] systemd-udevd[81]: /nix/store/m1safh1fssisd0f7brzi65y3g9qixf0j-systemd-stage-1-252.5/lib/udev/rules.d/50-udev-default.rules:68 Unknown group 'lp', ignoring
machine # [    1.954652] systemd-udevd[81]: /nix/store/m1safh1fssisd0f7brzi65y3g9qixf0j-systemd-stage-1-252.5/lib/udev/rules.d/50-udev-default.rules:69 Unknown group 'lp', ignoring
machine # [    1.968074] systemd-udevd[81]: /nix/store/m1safh1fssisd0f7brzi65y3g9qixf0j-systemd-stage-1-252.5/lib/udev/rules.d/50-udev-default.rules:70 Unknown group 'lp', ignoring
machine # [    1.984000] systemd-udevd[81]: /nix/store/m1safh1fssisd0f7brzi65y3g9qixf0j-systemd-stage-1-252.5/lib/udev/rules.d/50-udev-default.rules:71 Unknown group 'lp', ignoring
machine # [    1.997919] systemd-udevd[81]: /nix/store/m1safh1fssisd0f7brzi65y3g9qixf0j-systemd-stage-1-252.5/lib/udev/rules.d/50-udev-default.rules:72 Unknown group 'lp', ignoring
machine # [    2.012597] systemd-udevd[81]: /nix/store/m1safh1fssisd0f7brzi65y3g9qixf0j-systemd-stage-1-252.5/lib/udev/rules.d/50-udev-default.rules:74 Unknown group 'disk', ignoring[    2.684925] SCSI subsystem initialized
machine # 
machine # [    2.031426] systemd-udevd[81]: /nix/store/m1safh1fssisd0f7brzi65y3g9qixf0j-systemd-stage-1-252.5/lib/udev/rules.d/50-udev-default.rules:75 Unknown group 'cdrom', ignoring
machine # [    2.045049] systemd-udevd[81]: /nix/store/m1safh1fssisd0f7brzi65y3g9qixf0j-systemd-stage-1-252.5/lib/udev/rules.d/50-udev-default.rules:76 Unknown group 'cdrom', ignoring[    2.722035] ACPI: bus type USB registered
machine # 
machine # [    2.060297] systemd-udevd[81]: /nix/store/m1safh1fssisd0f7brzi65y3g9qixf0j-systemd-stage-1-252.5/lib/udev/rules.d/50-udev-default.rules:77 Unknown group 'cdrom', ignoring[    2.737829] usbcore: registered new interface driver usbfs
machine # 
machine # [    2.078441] systemd-udevd[81]: /nix/store/m1safh1fssisd0f7brzi65y3g9qixf0j-systemd-stage-1-252.5/lib/udev/rules.d/50-udev-default.rules:78 Unknown group 'cdrom', ignoring
machine # [    2.756170] usbcore: registered new interface driver hub
machine # [    2.094902] systemd-udevd[81]: /nix/store/m1safh1fssisd0f7brzi65y3g9qixf0j-systemd-stage-1-252.5/lib/udev/rules.d/50-udev-default.rules:79 Unknown group 'cdrom', ignoring
machine # [    2.108063] systemd-udevd[81]: /nix/store/m1safh1fssisd0f7brzi65y3g9qixf0j-systemd-stage-1-252.5/lib/udev/rules.d/50-udev-default.rules:81 Unknown group 'tape', ignoring[    2.781862] usbcore: registered new device driver usb
machine # 
machine # [    2.125746] systemd-udevd[81]: /nix/store/m1safh1fssisd0f7brzi65y3g9qixf0j-systemd-stage-1-252.5/lib/udev/rules.d/50-udev-default.rules:82 Unknown group 'disk', ignoring[    2.800422] ACPI: \_SB_.LNKC: Enabled at IRQ 10
machine # 
machine # [    2.144355] systemd-udevd[81]: /nix/store/m1safh1fssisd0f7brzi65y3g9qixf0j-systemd-stage-1-252.5/lib/udev/rules.d/50-udev-default.rules:83 Unknown group 'disk', ignoring
machine # [    2.159428] systemd-udevd[81]: /nix/store/m1safh1fssisd0f7brzi65y3g9qixf0j-systemd-stage-1-252.5/lib/udev/rules.d/50-udev-default.rules:84 Unknown group 'disk', ignoring
machine # [    2.174623] systemd-udevd[81]: /nix/store/m1safh1fssisd0f7brzi65y3g9qixf0j-systemd-stage-1-252.5/lib/udev/rules.d/50-udev-default.rules:85 Unknown group 'disk', ignoring
machine # [    2.191671] systemd-udevd[81]: /nix/store/m1safh1fssisd0f7brzi65y3g9qixf0j-systemd-stage-1-252.5/lib/udev/rules.d/50-udev-default.rules:86 Unknown group 'disk', ignoring[    2.869847] scsi host0: ata_piix
machine # 
machine # [    2.208314] systemd-udevd[81]: /nix/store/m1safh1fssisd0f7brzi65y3g9qixf0j-systemd-stage-1-252.5/lib/udev/rules.d/50-udev-default.rules:87 Unknown group 'disk', ignoring[    2.885538] scsi host1: ata_piix
machine # 
machine # [    2.887972] ata1: PATA max MWDMA2 cmd 0x1f0 ctl 0x3f6 bmdma 0xc1e0 irq 14
machine # [    2.890930] ata2: PATA max MWDMA2 cmd 0x170 ctl 0x376 bmdma 0xc1e8 irq 15
machine # [    2.233710] systemd-udevd[81]: /nix/store/m1safh1fssisd0f7brzi65y3g9qixf0j-systemd-stage-1-252.5/lib/udev/rules.d/50-udev-default.rules:88 Unknown group 'disk', ignoring
machine # [    2.245011] systemd-udevd[81]: /nix/store/m1safh1fssisd0f7brzi65y3g9qixf0j-systemd-stage-1-252.5/lib/udev/rules.d/50-udev-default.rules:97 Unknown group 'kvm', ignoring
machine # [    2.261993] systemd-udevd[81]: /nix/store/m1safh1fssisd0f7brzi65y3g9qixf0j-systemd-stage-1-252.5/lib/udev/rules.d/50-udev-default.rules:102 Unknown group 'kvm', ignoring
machine # [    2.274978] systemd-udevd[81]: /nix/store/m1safh1fssisd0f7brzi65y3g9qixf0j-systemd-stage-1-252.5/lib/udev/rules.d/50-udev-default.rules:104 Unknown group 'kvm', ignoring
machine # [    2.292766] systemd-udevd[81]: /nix/store/m1safh1fssisd0f7brzi65y3g9qixf0j-systemd-stage-1-252.5/lib/udev/rules.d/50-udev-default.rules:106 Unknown group 'kvm', ignoring
machine # [    2.305376] systemd-udevd[85]: event_source: Failed to get device name: No such file or directory
machine # [    2.982835] uhci_hcd 0000:00:01.2: UHCI Host Controller
machine # [    2.989984] uhci_hcd 0000:00:01.2: new USB bus registered, assigned bus number 1
machine # [    2.994536] uhci_hcd 0000:00:01.2: detected 2 ports
machine # [    3.003328] uhci_hcd 0000:00:01.2: irq 11, io port 0x0000c100
machine # [    3.008107] usb usb1: New USB device found, idVendor=1d6b, idProduct=0001, bcdDevice= 6.01
machine # [    3.011802] usb usb1: New USB device strings: Mfr=3, Product=2, SerialNumber=1
machine # [    3.015018] usb usb1: Product: UHCI Host Controller
machine # [    3.017317] usb usb1: Manufacturer: Linux 6.1.15 uhci_hcd
machine # [    3.019801] usb usb1: SerialNumber: 0000:00:01.2
machine # [    3.039451] hub 1-0:1.0: USB hub found
machine # [    3.042809] hub 1-0:1.0: 2 ports detected
machine # [    3.052813] ata2: found unknown device (class 0)
machine # [    3.063200] ACPI: \_SB_.LNKA: Enabled at IRQ 10
machine # [    3.065285] ata2.00: ATAPI: QEMU DVD-ROM, 2.5+, max UDMA/100
machine # [    3.073277] scsi 1:0:0:0: CD-ROM            QEMU     QEMU DVD-ROM     2.5+ PQ: 0 ANSI: 5
machine # [    3.118827] ACPI: \_SB_.LNKB: Enabled at IRQ 11
machine # [    3.270157] usb 1-1: new full-speed USB device number 2 using uhci_hcd
machine # [    3.410017] input: AT Translated Set 2 keyboard as /devices/platform/i8042/serio0/input/input0
machine # [    3.443093] usb 1-1: New USB device found, idVendor=0627, idProduct=0001, bcdDevice= 0.00
machine # [    3.446858] usb 1-1: New USB device strings: Mfr=1, Product=3, SerialNumber=10
machine # [    3.450038] usb 1-1: Product: QEMU USB Tablet
machine # [    3.452054] usb 1-1: Manufacturer: QEMU
machine # [    3.453855] usb 1-1: SerialNumber: 28754-0000:00:01.2-1
machine # [    3.474095] virtio_blk virtio5: 1/0/0 default/read/poll queues
machine # [    3.495868] 9pnet: Installing 9P2000 support
machine # [    3.538276] sr 1:0:0:0: [sr0] scsi3-mmc drive: 4x/4x cd/rw xa/form2 tray
machine # [    3.541155] cdrom: Uniform CD-ROM driver Revision: 3.20
machine # [    3.546163] virtio_blk virtio5: [vda] 2097152 512-byte logical blocks (1.07 GB/1.00 GiB)
machine # [    3.615569] hid: raw HID events driver (C) Jiri Kosina
machine # [    2.967536] systemd-udevd[85]: Network interface NamePolicy= disabled on kernel command line.
machine # [    2.990530] systemd-udevd[82]: eth1: Config file /nix/store/vcgrvcj9yp01k8crbngfhbzqwdg26jrr-initrd-link-units/40-eth1.link is applied to device based on potentially unpredictable interface name.
machine # [    3.012508] systemd-udevd[82]: Network interface NamePolicy= disabled on kernel command line.
machine # [    3.031327] systemd[1]: Found device /dev/vda.
machine # [    3.040910] systemd[1]: Starting Make File System on /dev/vda...
machine # [    3.722863] usbcore: registered new interface driver usbhid
machine # [    3.725349] usbhid: USB HID core driver
machine # [    3.089478] systemd-udevd[90]: vtcon0: Process '/nix/store/m1safh1fssisd0f7brzi65y3g9qixf0j-systemd-stage-1-252.5/lib/systemd/systemd-vconsole-setup' failed with exit code 1.[    3.774016] input: QEMU QEMU USB Tablet as /devices/pci0000:00/0000:00:01.2/usb1/1-1/1-1:1.0/0003:0627:0001.0001/input/input2
machine # 
machine # [    3.787003] hid-generic 0003:0627:0001.0001: input,hidraw0: USB HID v0.01 Mouse [QEMU QEMU USB Tablet] on usb-0000:00:01.2-1/input0
machine # [    3.134328] systemd-makefs[113]: /dev/vda successfully formatted as ext4 (label "vda", uuid da476044-efbc-43d7-b2bc-b07ef1828f92)
machine # [    3.153062] systemd[1]: Finished Make File System on /dev/vda.
machine # [    3.172867] systemd[1]: Mounting /sysroot...
machine # [    3.956096] EXT4-fs (vda): mounted filesystem with ordered data mode. Quota mode: none.
machine # [    3.303094] systemd[1]: Mounted /sysroot.
machine # [    3.307513] systemd[1]: Reached target Initrd Root File System.
machine # [    3.322512] systemd[1]: Mounting /sysroot/nix/.ro-store...
machine # [    3.332807] systemd[1]: Mounting /sysroot/nix/.rw-store...
machine # [    3.344918] systemd[1]: Mounting /sysroot/tmp/shared...
machine # [    3.362471] systemd[1]: Mounting /sysroot/tmp/xchg...[    4.032386] FS-Cache: Loaded
machine # 
machine # [    3.401430] systemd[1]: Starting Mountpoints Configured in the Real Root...
machine # [    4.098498] 9p: Installing v9fs 9p2000 file system support
machine # [    3.441634] systemd[1]: Mounted /sysroot/nix/.rw-store.
machine # [    3.457493] systemd[1]: Starting rw-store.service...
machine # [    3.468435] systemd[1]: rw-store.service: Deactivated successfully.
machine # [    3.488985] systemd[1]: Finished rw-store.service.
machine # [    3.503429] systemd[1]: Mounted /sysroot/nix/.ro-store.
machine # [    3.509353] systemd[1]: Mounted /sysroot/tmp/shared.
machine # [    3.517465] systemd[1]: Mounted /sysroot/tmp/xchg.
machine # [    3.525650] systemd[1]: initrd-parse-etc.service: Deactivated successfully.
machine # [    3.535846] systemd[1]: Finished Mountpoints Configured in the Real Root.
machine # [    3.541630] systemd[1]: Mounting /sysroot/nix/store...
machine # [    3.549860] systemd[1]: Mounted /sysroot/nix/store.
machine # [    3.560709] systemd[1]: Reached target Initrd File Systems.
machine # [    3.570904] systemd[1]: Reached target Local File Systems.
machine # [    3.578616] systemd[1]: Starting Create Volatile Files and Directories...
machine # [    3.589324] systemd[1]: Finished Create Volatile Files and Directories.
machine # [    3.596559] systemd[1]: Reached target System Initialization.
machine # [    3.600875] systemd[1]: Reached target Basic System.
machine # [    3.605389] systemd[1]: System is tainted: var-run-bad
machine # [    3.610790] systemd[1]: Starting NixOS Activation...
machine # [    3.770899] initrd-nixos-activation-start[141]: booting system configuration /nix/store/5j72khfp0apq2g6hjf4ikhbjn2f9vyy9-nixos-system-machine-23.05pre-git
machine # [    3.841070] initrd-nixos-activation-start[141]: running activation script...
machine # [    4.333626] initrd-nixos-activation-start[168]: setting up /etc...
machine # [    5.803081] systemd[1]: initrd-nixos-activation.service: Deactivated successfully.
machine # [    5.810825] systemd[1]: Finished NixOS Activation.
machine # [    5.814644] systemd[1]: Reached target Initrd Default Target.
machine # [    5.825391] systemd[1]: Starting Cleaning Up and Shutting Down Daemons...
machine # [    5.835921] systemd[1]: Stopped target Initrd Default Target.
machine # [    5.853503] systemd[1]: Stopped target Basic System.
machine # [    5.868773] systemd[1]: Stopped target Initrd Root Device.
machine # [    5.879634] systemd[1]: Stopped target Path Units.
machine # [    5.887342] systemd[1]: systemd-ask-password-console.path: Deactivated successfully.
machine # [    5.895100] systemd[1]: Stopped Dispatch Password Requests to Console Directory Watch.
machine # [    5.911550] systemd[1]: Stopped target Slice Units.
machine # [    5.921531] systemd[1]: Stopped target Socket Units.
machine # [    5.926475] systemd[1]: Stopped target System Initialization.
machine # [    5.937630] systemd[1]: Stopped target Swaps.
machine # [    5.946972] systemd[1]: Stopped target Timer Units.
machine # [    5.955429] systemd[1]: systemd-sysctl.service: Deactivated successfully.
machine # [    5.963046] systemd[1]: Stopped Apply Kernel Variables.
machine # [    5.971075] systemd[1]: systemd-modules-load.service: Deactivated successfully.
machine # [    5.979365] systemd[1]: Stopped Load Kernel Modules.
machine # [    5.986071] systemd[1]: systemd-tmpfiles-setup.service: Deactivated successfully.
machine # [    5.993974] systemd[1]: Stopped Create Volatile Files and Directories.
machine # [    6.002042] systemd[1]: Stopped target Local File Systems.
machine # [    6.010326] systemd[1]: systemd-udev-trigger.service: Deactivated successfully.
machine # [    6.018073] systemd[1]: Stopped Coldplug All udev Devices.
machine # [    6.025094] systemd[1]: Stopping Rule-based Manager for Device Events and Files...
machine # [    6.035313] systemd[1]: run-credentials-systemd\x2dtmpfiles\x2dsetup.service.mount: Deactivated successfully.
machine # [    6.048777] systemd[1]: run-credentials-systemd\x2dsysctl.service.mount: Deactivated successfully.
machine # [    6.057892] systemd[1]: initrd-cleanup.service: Deactivated successfully.
machine # [    6.731361] systemd-journald[74]: Received SIGTERM from PID 1 (systemd).
machine # [    6.073946] systemd[1]: Finished Cleaning Up and Shutting Down Daemons.
machine # [    6.082306] systemd[1]: systemd-udevd.service: Deactivated successfully.
machine # [    6.091081] systemd[1]: Stopped Rule-based Manager for Device Events and Files.
machine # [    6.096365] systemd[1]: systemd-udevd.service: Consumed 1.217s CPU time.
machine # [    6.102957] systemd[1]: systemd-udevd-control.socket: Deactivated successfully.
machine # [    6.108306] systemd[1]: Closed udev Control Socket.
machine # [    6.112607] systemd[1]: systemd-udevd-kernel.socket: Deactivated successfully.
machine # [    6.117949] systemd[1]: Closed udev Kernel Socket.
machine # [    6.121984] systemd[1]: Starting Cleanup udev Database...
machine # [    6.126454] systemd[1]: systemd-tmpfiles-setup-dev.service: Deactivated successfully.
machine # [    6.131710] systemd[1]: Stopped Create Static Device Nodes in /dev.
machine # [    6.136593] systemd[1]: kmod-static-nodes.service: Deactivated successfully.
machine # [    6.141613] systemd[1]: Stopped Create List of Static Device Nodes.
machine # [    6.146531] systemd[1]: run-credentials-systemd\x2dtmpfiles\x2dsetup\x2ddev.service.mount: Deactivated successfully.
machine # [    6.152978] systemd[1]: initrd-udevadm-cleanup-db.service: Deactivated successfully.
machine # [    6.157996] systemd[1]: Finished Cleanup udev Database.
machine # [    6.162536] systemd[1]: Reached target Switch Root.
machine # [    6.166628] systemd[1]: Starting Switch Root...
machine # [    6.171294] systemd[1]: Switching root.
machine # [    7.021902] systemd[1]: systemd 252.5 running in system mode (+PAM +AUDIT -SELINUX +APPARMOR +IMA +SMACK +SECCOMP +GCRYPT -GNUTLS +OPENSSL +ACL +BLKID +CURL +ELFUTILS +FIDO2 +IDN2 -IDN +IPTC +KMOD +LIBCRYPTSETUP +LIBFDISK +PCRE2 -PWQUALITY +P11KIT -QRENCODE +TPM2 +BZIP2 +LZ4 +XZ +ZLIB +ZSTD +BPF_FRAMEWORK -XKBCOMMON +UTMP -SYSVINIT default-hierarchy=unified)
machine # [    7.034781] systemd[1]: Detected virtualization kvm.
machine # [    7.037128] systemd[1]: Detected architecture x86-64.
machine # [    7.043150] systemd[1]: Initializing machine ID from random generator.
machine # [    7.069409] audit: type=1334 audit(1678153005.977:4): prog-id=8 op=LOAD
machine # [    7.072375] audit: type=1334 audit(1678153005.981:5): prog-id=8 op=UNLOAD
machine # [    7.075610] audit: type=1334 audit(1678153005.984:6): prog-id=9 op=LOAD
machine # [    7.078571] audit: type=1334 audit(1678153005.984:7): prog-id=9 op=UNLOAD
machine # [    7.091962] audit: type=1334 audit(1678153006.000:8): prog-id=10 op=LOAD
machine # [    7.095072] audit: type=1334 audit(1678153006.000:9): prog-id=10 op=UNLOAD
machine # [    7.098136] audit: type=1334 audit(1678153006.003:10): prog-id=11 op=LOAD
machine # [    7.101170] audit: type=1334 audit(1678153006.003:11): prog-id=11 op=UNLOAD
machine # [    7.106577] audit: type=1334 audit(1678153006.014:12): prog-id=12 op=LOAD
machine # [    7.112805] audit: type=1334 audit(1678153006.014:13): prog-id=12 op=UNLOAD
machine # [    7.387325] systemd[1]: bpf-lsm: LSM BPF program attached
machine # [    8.227284] systemd[1]: initrd-switch-root.service: Current command vanished from the unit file, execution of the command list won't be resumed.
machine # [    8.240864] systemd[1]: systemd-journald.service: Current command vanished from the unit file, execution of the command list won't be resumed.
machine # [    8.285446] systemd[1]: initrd-switch-root.service: Deactivated successfully.
machine # [    8.292512] systemd[1]: Stopped initrd-switch-root.service.
machine # [    8.297604] systemd[1]: systemd-journald.service: Scheduled restart job, restart counter is at 1.
machine # [    8.302917] systemd[1]: Created slice Slice /system/getty.
machine # [    8.306493] systemd[1]: Created slice Slice /system/modprobe.
machine # [    8.310147] systemd[1]: Created slice User and Session Slice.
machine # [    8.313124] systemd[1]: Started Dispatch Password Requests to Console Directory Watch.
machine # [    8.317076] systemd[1]: Started Forward Password Requests to Wall Directory Watch.
machine # [    8.320956] systemd[1]: Reached target Local Encrypted Volumes.
machine # [    8.323931] systemd[1]: Stopped target initrd-fs.target.
machine # [    8.326447] systemd[1]: Stopped target initrd-root-fs.target.
machine # [    8.329136] systemd[1]: Stopped target initrd-switch-root.target.
machine # [    8.332194] systemd[1]: Reached target Containers.
machine # [    8.334822] systemd[1]: Reached target Path Units.
machine # [    8.337284] systemd[1]: Reached target Remote File Systems.
machine # [    8.340058] systemd[1]: Reached target Slice Units.
machine # [    8.342573] systemd[1]: Reached target Swaps.
machine # [    8.350149] systemd[1]: Listening on Process Core Dump Socket.
machine # [    8.353899] systemd[1]: Listening on Userspace Out-Of-Memory (OOM) Killer Socket.
machine # [    8.359356] systemd[1]: Listening on udev Control Socket.
machine # [    8.362303] systemd[1]: Listening on udev Kernel Socket.
machine # [    8.369619] systemd[1]: Mounting Huge Pages File System...
machine # [    8.375091] systemd[1]: Mounting POSIX Message Queue File System...
machine # [    8.389126] systemd[1]: Mounting Kernel Debug File System...
machine # [    8.401314] systemd[1]: Starting Create List of Static Device Nodes...
machine # [    8.413038] systemd[1]: Starting Load Kernel Module configfs...
machine # [    8.424969] systemd[1]: Starting Load Kernel Module drm...
machine # [    8.445884] systemd[1]: Starting Load Kernel Module efi_pstore...
machine # [    8.460480] systemd[1]: Starting Load Kernel Module fuse...
machine # [    8.476976] systemd[1]: Starting mount-pstore.service...
machine # [    8.487073] systemd[1]: File System Check on Root Device was skipped because of an unmet condition check (ConditionPathIsReadWrite=!/).
machine # [    8.506582] systemd[1]: Stopped Journal Service.
machine # [    8.510380] fuse: init (API version 7.37)
machine # [    8.524003] systemd[1]: Starting Journal Service...
machine # [    8.530902] systemd[1]: systemd-makefs@dev-vda.service: Deactivated successfully.
machine # [    8.545139] systemd[1]: Stopped systemd-makefs@dev-vda.service.
machine # [    8.565445] ACPI: bus type drm_connector registered
machine # [    8.568354] systemd[1]: Starting Load Kernel Modules...
machine # [    8.588451] systemd[1]: Starting Remount Root and Kernel File Systems...
machine # [    8.617082] systemd[1]: Starting Coldplug All udev Devices...
machine # [    8.648038] systemd[1]: Mounted Huge Pages File System.
machine # [    8.657053] EXT4-fs (vda): re-mounted. Quota mode: none.
machine # [    8.666192] systemd[1]: Mounted POSIX Message Queue File System.
machine # [    8.681403] systemd[1]: Mounted Kernel Debug File System.
machine # [    8.700472] systemd[1]: Finished Create List of Static Device Nodes.
machine # [    8.713568] systemd[1]: modprobe@configfs.service: Deactivated successfully.
machine # [    8.727112] bridge: filtering via arp/ip/ip6tables is no longer available by default. Update your scripts to load br_netfilter if you need this.
machine # [    8.738513] systemd[1]: Finished Load Kernel Module configfs.
machine # [    8.748565] systemd[1]: Started Journal Service.
machine # [    8.778881] tun: Universal TUN/TAP device driver, 1.6
machine # [    8.813003] loop: module loaded
machine # [    8.957290] systemd-journald[310]: Received client request to flush runtime journal.
machine # [    9.346705] systemd[1]: Queued start job for default target Multi-User System.
machine # [    9.373674] systemd[1]: systemd-journald.service: Deactivated successfully.
machine # [    9.402574] systemd-modules-load[311]: Inserted module 'bridge'
machine # [    9.420065] systemd-modules-load[311]: Inserted module 'macvlan'
machine # [    9.438657] systemd[1]: modprobe@drm.service: Deactivated successfully.
machine # [    9.472409] systemd-modules-load[311]: Inserted module 'tap'
machine # [    9.484516] systemd[1]: Finished Load Kernel Module drm.
machine # [    9.497373] systemd[1]: modprobe@efi_pstore.service: Deactivated successfully.
machine # [    9.519447] systemd[1]: Finished Load Kernel Module efi_pstore.
machine # [    9.533835] systemd[1]: modprobe@fuse.service: Deactivated successfully.
machine # [    9.558849] systemd-modules-load[311]: Inserted module 'tun'
machine # [    9.593563] systemd[1]: Finished Load Kernel Module fuse.
machine # [    9.615613] systemd[1]: Finished Remount Root and Kernel File Systems.
machine # [    9.646428] systemd-modules-load[311]: Inserted module 'loop'
machine # [    9.671486] systemd[1]: Mounting FUSE Control File System...
machine # [    9.702462] systemd[1]: Mounting Kernel Configuration File System...
machine # [    9.718534] systemd[1]: Starting Flush Journal to Persistent Storage...
machine # [    9.736693] systemd[1]: Starting Load/Save Random Seed...
machine # [    9.752730] systemd[1]: Starting Create Static Device Nodes in /dev...
machine # [    9.786811] systemd[1]: Finished Load Kernel Modules.
machine # [    9.814778] systemd[1]: Mounted FUSE Control File System.
machine # [    9.831312] systemd[1]: Mounted Kernel Configuration File System.
machine # [    9.849534] systemd[1]: Starting Firewall...
machine # [    9.875810] systemd[1]: Starting Apply Kernel Variables...
machine # [    9.901719] systemd[1]: Finished Load/Save Random Seed.
machine # [    9.914720] systemd[1]: Finished Coldplug All udev Devices.
machine # [    9.934887] systemd[1]: Finished Create Static Device Nodes in /dev.
machine # [    9.951462] systemd[1]: Reached target Preparation for Local File Systems.
machine # [    9.962880] systemd[1]: Reached target Local File Systems.
machine # [    9.977294] systemd[1]: Starting Rule-based Manager for Device Events and Files...
machine # [    9.991909] systemd[1]: Finished Apply Kernel Variables.
machine # [   10.003765] systemd-udevd[334]: Using default interface naming scheme 'v252'.
machine # [   10.017823] systemd[1]: Started Rule-based Manager for Device Events and Files.
machine # [   10.030960] systemd[1]: Finished Flush Journal to Persistent Storage.
machine # [   10.045963] systemd[1]: Starting Create Volatile Files and Directories...
machine # [   10.071914] systemd[1]: Finished Create Volatile Files and Directories.
machine # [   10.098292] 2bglhbin4374m042pynjcml123p6xajb-mount-pstore.sh[316]: Persistent Storage backend was not registered in time.
machine # connecting to host...
machine # [   10.207302] systemd[1]: Starting Rebuild Journal Catalog...
machine # [   10.910524] 8021q: 802.1Q VLAN Support v1.8
machine # [   10.261008] dhcpcd[469]: dhcpcd-9.4.1 starting
machine: connected to guest root shell
machine: (connecting took 12.23 seconds)
(finished: waiting for the VM to finish booting, in 12.31 seconds)
machine # [   10.286516] systemd[1]: Starting Userspace Out-Of-Memory (OOM) Killer...
machine # [   10.325862] dhcpcd[475]: dev: loaded udev
machine # [   10.354083] systemd[1]: Starting Record System Boot/Shutdown in UTMP...
machine # sh: cannot set terminal process group (-1): Inappropriate ioctl for device
machine # [   10.401659] j72arpq1dfn7q59irzji3xwljjdiq8vs-audit-disable[468]: No rules
machine # sh: no job control in this shell
machine # [   10.441695] systemd[1]: Finished Record System Boot/Shutdown in UTMP.[   11.125928] mousedev: PS/2 mouse device common for all mice
machine # 
machine # [   10.496816] systemd[1]: Finished Rebuild Journal Catalog.
machine # [   10.540760] systemd[1]: Starting Update is Completed...
machine # [   10.567856] nsncd[478]: Mar 07 01:36:49.878 INFO started, handoff_timeout: 3s, worker_count: 8, path: "/var/run/nscd/socket"
machine # [   10.629634] systemd[1]: Finished Update is Completed.
machine # [   10.665796] systemd-oomd[388]: Swap is currently not detected; memory pressure usage will be degraded
machine # [   10.722814] dbus-daemon[504]: dbus[504]: Unknown username "systemd-timesync" in message bus configuration file
machine # [   10.747562] systemd[1]: Started Userspace Out-Of-Memory (OOM) Killer.
machine # [   10.763621] systemd-udevd[346]: Network interface NamePolicy= disabled on kernel command line.
machine # [   11.450884] cfg80211: Loading compiled-in X.509 certificates for regulatory database
machine # [   10.790809] systemd-udevd[347]: eth1: Config file /etc/systemd/network/40-eth1.link is applied to device based on potentially unpredictable interface name.
machine # [   10.834506] systemd-udevd[347]: Network interface NamePolicy= disabled on kernel command line.
machine # [   10.874019] systemd[1]: Condition check resulted in /dev/hvc0 being skipped.
machine # [   10.908690] systemd[1]: Condition check resulted in /dev/ttyS0 being skipped.[   11.578222] cfg80211: Loaded X.509 cert 'sforshee: 00b28ddf47aef9cea7'
machine # [   11.582821] platform regulatory.0: Direct firmware load for regulatory.db failed with error -2
machine # [   11.594472] cfg80211: failed to load regulatory.db
machine # 
machine # [   10.976718] systemd[1]: Condition check resulted in Virtio network device being skipped.
machine # [   11.017015] nsncd[553]: Mar 07 01:36:50.581 INFO started, handoff_timeout: 3s, worker_count: 8, path: "/var/run/nscd/socket"
machine # [   11.055652] systemd[1]: Finished mount-pstore.service.
machine # [   11.736285] 8021q: adding VLAN 0 to HW filter on device eth1
machine # [   11.078564] systemd[1]: Platform Persistent Storage Archival was skipped because of an unmet condition check (ConditionDirectoryNotEmpty=/sys/fs/pstore).[   11.750459] input: Power Button as /devices/LNXSYSTM:00/LNXPWRBN:00/input/input3
machine # 
machine # [   11.110912] network-addresses-eth1-start[559]: adding address 192.168.1.1/24... done[   11.782487] ACPI: button: Power Button [PWRF]
machine # 
machine # [   11.789950] 8021q: adding VLAN 0 to HW filter on device eth0
machine # [   11.139610] systemd[1]: Reached target System Initialization.
machine # [   11.156773] dhcpcd[475]: eth0: waiting for carrier
machine # [   11.173583] systemd[1]: Started Daily Cleanup of Temporary Directories.
machine # [   11.190960] dhcpcd[475]: eth0: carrier acquired
machine # [   11.201804] systemd[1]: Reached target Timer Units.
machine # [   11.215892] dhcpcd[475]: DUID 00:01:00:01:2b:99:51:b2:52:54:00:12:34:56
machine # [   11.228717] systemd[1]: Listening on D-Bus System Message Bus Socket.
machine # [   11.240868] dhcpcd[475]: eth0: IAID 00:12:34:56
machine # [   11.913541] parport_pc 00:03: reported by Plug and Play ACPI
machine # [   11.253983] systemd[1]: Listening on Nix Daemon Socket.
machine # [   11.263559] dhcpcd[475]: eth0: adding address fe80::5054:ff:fe12:3456
machine # [   11.276305] systemd[1]: Reached target Socket Units.[   11.949235] Floppy drive(s): fd0 is 2.88M AMI BIOS
machine # 
machine # [   11.289888] systemd[1]: Reached target Basic System.[   11.961238] parport0: PC-style at 0x378, irq 7 [PCSPP(,...)]
machine # 
machine # [   11.301609] systemd[1]: Starting Kernel Auditing...
machine # [   11.310077] systemd[1]: Started backdoor.service.
machine # [   11.319028] systemd[1]: Starting DHCP Client...
machine # [   11.329837] systemd[1]: Starting Name Service Cache Daemon (nsncd)...[   12.005191] FDC 0 is a S82078B
machine # 
machine # [   11.345304] systemd[1]: Started Reset console on configuration changes.
machine # [   11.355998] systemd[1]: Starting resolvconf update...
machine # [   11.370527] systemd[1]: Finished Kernel Auditing.
machine # [   11.378684] systemd[1]: Started Name Service Cache Daemon (nsncd).
machine # [   11.389853] systemd[1]: Reached target Host and Network Name Lookups.
machine # [   11.407741] systemd[1]: Reached target User and Group Name Lookups.
machine # [   11.423908] systemd[1]: Starting D-Bus System Message Bus...
machine # [   11.440731] systemd[1]: Starting User Login Management...
machine # [   11.457574] systemd[1]: Finished Firewall.
machine # [   11.468961] systemd-udevd[346]: event_source: Failed to get device name: No such file or directory
machine # [   11.486451] systemd[1]: Started D-Bus System Message Bus.
machine # [   11.501355] systemd-logind[507]: New seat seat0.
machine # [   11.517317] systemd[1]: Started User Login Management.[   12.185584] Linux agpgart interface v0.103
machine # 
machine # [   11.528523] systemd[1]: Stopped target Host and Network Name Lookups.
machine # [   11.536706] systemd[1]: Stopping Host and Network Name Lookups...
machine # [   11.543922] systemd[1]: Stopped target User and Group Name Lookups.
machine # [   11.551555] systemd[1]: Stopping User and Group Name Lookups...
machine # [   11.557015] dhcpcd[475]: eth0: soliciting an IPv6 router
machine # [   11.561746] systemd[1]: Stopping Name Service Cache Daemon (nsncd)...
machine # [   11.566450] systemd[1]: nscd.service: Deactivated successfully.
machine # [   11.571474] systemd[1]: Stopped Name Service Cache Daemon (nsncd).
machine # [   11.576788] systemd[1]: Starting Name Service Cache Daemon (nsncd)...
machine # [   11.582016] systemd[1]: Finished resolvconf update.
machine # [   11.586441] systemd[1]: Reached target Preparation for Network.
machine # [   11.590998] systemd[1]: Reached target All Network Interfaces (deprecated).
machine # [   11.596585] systemd[1]: Starting Address configuration of eth1...
machine # [   11.601354] systemd[1]: Started Name Service Cache Daemon (nsncd).
machine # [   11.605848] systemd[1]: Reached target Host and Network Name Lookups.
machine # [   11.610957] systemd[1]: Reached target User and Group Name Lookups.
machine # [   11.615657] systemd[1]: Finished Address configuration of eth1.
machine # [   11.620393] systemd[1]: Starting Networking Setup...
machine # [   11.625615] systemd[1]: Finished Networking Setup.
machine # [   11.629979] systemd[1]: Starting Extra networking commands....
machine # [   11.634376] systemd[1]: Finished Extra networking commands..
machine # [   11.638806] systemd[1]: Reached target Network.
machine # [   11.649589] systemd[1]: Starting Permit User Sessions...
machine # [   11.657393] systemd[1]: Finished Permit User Sessions.
machine # [   11.664849] systemd[1]: Started Getty on tty1.
machine # [   11.670318] systemd[1]: Reached target Login Prompts.
machine # [   12.354451] piix4_smbus 0000:00:01.3: SMBus Host Controller at 0x700, revision 0
machine # [   12.442595] input: QEMU Virtio Keyboard as /devices/pci0000:00/0000:00:0a.0/virtio7/input/input4
machine # [   12.469321] input: VirtualPS/2 VMware VMMouse as /devices/platform/i8042/serio1/input/input6
machine # [   12.479016] input: VirtualPS/2 VMware VMMouse as /devices/platform/i8042/serio1/input/input5
machine # [   12.499324] bochs-drm 0000:00:02.0: vgaarb: deactivate vga console
machine # [   12.546230] RAPL PMU: API unit is 2^-32 Joules, 0 fixed counters, 10737418240 ms ovfl timer
machine # [   12.554853] cryptd: max_cpu_qlen set to 1000
machine # [   12.577012] Console: switching to colour dummy device 80x25
machine # [   12.585141] AVX2 version of gcm_enc/dec engaged.
machine # [   12.585165] AES CTR mode by8 optimization enabled
machine # [   12.641909] [drm] Found bochs VGA, ID 0xb0c5.
machine # [   12.644055] [drm] Framebuffer size 16384 kB @ 0xfd000000, mmio @ 0xfebd0000.
machine # [   12.014473] systemd[1]: Listening on Load/Save RF Kill Switch Status /dev/rfkill Watch.
machine # [   12.707180] [drm] Found EDID data blob.
machine # [   12.062386] systemd-logind[507]: Watching system buttons on /dev/input/event0 (AT Translated Set 2 keyboard)
machine # [   12.770358] [drm] Initialized bochs-drm 1.0.0 20130925 for 0000:00:02.0 on minor 0
machine # [   12.826950] fbcon: bochs-drmdrmfb (fb0) is primary device
machine # [   12.955379] Console: switching to colour frame buffer device 160x50
machine # [   12.969379] ppdev: user-space parallel port driver
machine # [   13.000119] bochs-drm 0000:00:02.0: [drm] fb0: bochs-drmdrmfb frame buffer device
machine # [   12.217305] systemd-logind[507]: Watching system buttons on /dev/input/event2 (Power Button)
machine # [   12.404087] systemd-logind[507]: Watching system buttons on /dev/input/event3 (QEMU Virtio Keyboard)
machine # [   12.414662] dhcpcd[475]: eth0: soliciting a DHCP lease
machine # [   13.102963] NET: Registered PF_PACKET protocol family
machine # [   12.452582] dhcpcd[475]: eth0: offered 10.0.2.15 from 10.0.2.2
machine # [   12.461571] dhcpcd[475]: eth0: leased 10.0.2.15 for 86400 seconds
machine # [   12.473913] dhcpcd[475]: eth0: adding route to 10.0.2.0/24
machine # [   12.512935] dhcpcd[475]: eth0: adding default route via 10.0.2.2
machine # [   12.662000] systemd[1]: Stopped target Host and Network Name Lookups.
machine # [   12.673310] systemd[1]: Stopping Host and Network Name Lookups...
machine # [   12.689633] systemd[1]: Stopped target User and Group Name Lookups.
machine # [   12.715097] systemd[1]: Stopping User and Group Name Lookups...
machine # [   12.736392] systemd[1]: Stopping Name Service Cache Daemon (nsncd)...
machine # [   12.759995] systemd[1]: nscd.service: Deactivated successfully.
machine # [   12.772543] systemd[1]: Stopped Name Service Cache Daemon (nsncd).
machine # [   12.783917] nsncd[726]: Mar 07 01:36:52.338 INFO started, handoff_timeout: 3s, worker_count: 8, path: "/var/run/nscd/socket"
machine # [   12.808639] systemd[1]: Starting Name Service Cache Daemon (nsncd)...
machine # [   12.832696] dhcpcd[469]: Failed to reload-or-try-restart ntpd.service: Unit ntpd.service not found.
machine # [   12.852004] dhcpcd[469]: Failed to reload-or-try-restart openntpd.service: Unit openntpd.service not found.
machine # [   12.861896] dhcpcd[469]: Failed to reload-or-try-restart chronyd.service: Unit chronyd.service not found.
machine # [   12.872975] systemd[1]: Started Name Service Cache Daemon (nsncd).
machine # [   12.883080] systemd[1]: Reached target Host and Network Name Lookups.
machine # [   12.891629] systemd[1]: Reached target User and Group Name Lookups.
machine # [   12.899801] systemd[1]: Started DHCP Client.
machine # [   12.905987] systemd[1]: Reached target Network is Online.
machine # [   12.915309] systemd[1]: Reached target Multi-User System.
machine # [   12.921837] systemd[1]: Startup finished in 956ms (kernel) + 5.312s (initrd) + 6.556s (userspace) = 12.824s.
machine # [   13.060873] dhcpcd[475]: eth0: Router Advertisement from fe80::2
machine # [   13.068294] dhcpcd[475]: eth0: adding address fec0::5054:ff:fe12:3456/64
machine # [   13.083448] dhcpcd[475]: eth0: adding route to fec0::/64[   13.753994] Key type encrypted registered
machine # 
machine # [   13.092310] dhcpcd[475]: eth0: adding default route via fe80::2
machine # [   13.817185] EDAC MC: Ver: 3.0.0
(finished: waiting for unit multi-user.target, in 15.34 seconds)
machine: must succeed: systemctl poweroff
machine # [   13.371947] systemd-udevd[631]: vtcon0: Process '/nix/store/d1h33vvfagj7bhg0b8dw3p5nifghb01q-systemd-252.5/lib/systemd/systemd-vconsole-setup' failed with exit code 1.
machine # [   13.415312] systemd-logind[507]: The system will power off now!
machine # [   13.426929] systemd-logind[507]: System is powering down.
(finished: must succeed: systemctl poweroff, in 0.12 seconds)
machine: waiting for Unmounting '/oldroot' to appear on console
machine # [   13.495652] systemd[1]: Removed slice Slice /system/modprobe.
machine # [   13.505704] systemd[1]: Removed slice Slice /system/systemd-makefs.
machine # [   13.523656] systemd[1]: Stopped target Multi-User System.
machine # [   13.541417] systemd[1]: Stopped target Login Prompts.
machine # [   13.554900] systemd[1]: Stopped target Containers.
machine # [   13.585923] dhcpcd[475]: received SIGTERM, stopping
machine # [   13.604837] systemd[1]: Stopped target Network is Online.
machine # [   13.642777] dhcpcd[475]: eth0: removing interface
machine # [   13.676642] systemd[1]: Stopped target Host and Network Name Lookups.
machine # [   13.705584] dhcpcd[475]: eth0: deleting address fec0::5054:ff:fe12:3456/64
machine # [   13.727829] systemd[1]: Stopped target Timer Units.
machine # [   13.753509] lnxgcgjjg2aksiyxwpvsh1hzkkm6avrb-audit-stop[769]: No rules
machine # [   13.777549] dhcpcd[475]: eth0: deleting route to fec0::/64
machine # [   13.794868] systemd[1]: systemd-tmpfiles-clean.timer: Deactivated successfully.
machine # [   13.820786] lnxgcgjjg2aksiyxwpvsh1hzkkm6avrb-audit-stop[774]: enabled 0
machine # [   13.843762] lnxgcgjjg2aksiyxwpvsh1hzkkm6avrb-audit-stop[774]: failure 1
machine # [   13.866709] lnxgcgjjg2aksiyxwpvsh1hzkkm6avrb-audit-stop[774]: pid 0
machine # [   13.891639] lnxgcgjjg2aksiyxwpvsh1hzkkm6avrb-audit-stop[774]: rate_limit 0
machine # [   13.918948] lnxgcgjjg2aksiyxwpvsh1hzkkm6avrb-audit-stop[774]: backlog_limit 64
machine # [   13.943008] lnxgcgjjg2aksiyxwpvsh1hzkkm6avrb-audit-stop[774]: lost 0
machine # [   13.972412] lnxgcgjjg2aksiyxwpvsh1hzkkm6avrb-audit-stop[774]: backlog 0
machine # [   14.001690] lnxgcgjjg2aksiyxwpvsh1hzkkm6avrb-audit-stop[774]: backlog_wait_time 60000
machine # [   14.030065] dhcpcd[475]: eth0: deleting default route via fe80::2
machine # [   14.061040] systemd[1]: Stopped Daily Cleanup of Temporary Directories.
machine # [   14.094559] dhcpcd[475]: eth0: deleting address fe80::5054:ff:fe12:3456
machine # [   14.119080] systemd[1]: systemd-coredump.socket: Deactivated successfully.
machine # [   14.145707] make-initrd-ng[814]: /etc/systemd/system-shutdown/shutdown-message -> /nix/store/5xp5z64swqz154gmg59vgjx2wxcgx1lc-shutdown-message
machine # [   14.186662] make-initrd-ng[814]: /shutdown -> /nix/store/d1h33vvfagj7bhg0b8dw3p5nifghb01q-systemd-252.5/lib/systemd/systemd-shutdown
machine # [   14.224959] make-initrd-ng[814]: Warning: Couldn't satisfy dependency libc.so.6 for "/nix/store/76l4v99sk83ylfwkz8wmwrm4s8h73rhd-glibc-2.35-224/lib/libdl.so.2"
machine # [   14.262903] make-initrd-ng[814]: Warning: Couldn't satisfy dependency ld-linux-x86-64.so.2 for "/nix/store/76l4v99sk83ylfwkz8wmwrm4s8h73rhd-glibc-2.35-224/lib/libc.so.6"
machine # [   14.305882] dhcpcd[475]: eth0: deleting route to 10.0.2.0/24
machine # [   14.320724] systemd[1]: Closed Process Core Dump Socket.
machine # [   14.338959] dhcpcd[475]: eth0: deleting default route via 10.0.2.2
machine # [   14.354823] systemd[1]: systemd-rfkill.socket: Deactivated successfully.
machine # [   14.373784] make-initrd-ng[814]: Warning: Couldn't satisfy dependency libc.so.6 for "/nix/store/76l4v99sk83ylfwkz8wmwrm4s8h73rhd-glibc-2.35-224/lib/libm.so.6"
machine # [   14.402782] make-initrd-ng[814]: Warning: Couldn't satisfy dependency ld-linux-x86-64.so.2 for "/nix/store/76l4v99sk83ylfwkz8wmwrm4s8h73rhd-glibc-2.35-224/lib/libm.so.6"
machine # [   14.437938] network-addresses-eth1-pre-stop[821]: deleting address 192.168.1.1/24... done
machine # [   14.455702] systemd[1]: Closed Load/Save RF Kill Switch Status /dev/rfkill Watch.
machine # [   14.472969] make-initrd-ng[814]: Warning: Couldn't satisfy dependency libc.so.6 for "/nix/store/76l4v99sk83ylfwkz8wmwrm4s8h73rhd-glibc-2.35-224/lib/libpthread.so.0"
machine # [   14.506939] systemd[1]: Mounting /run/initramfs...
machine # [   14.523446] systemd[1]: Stopping Kernel Auditing...
machine # [   14.533951] systemd[1]: Stopping backdoor.service...
machine # [   14.547691] umount[838]: umount: /run/credentials/systemd-tmpfiles-setup.service: no mount point specified.
machine # [   14.567566] systemd[1]: Stopping D-Bus System Message Bus...
machine # [   14.581874] systemd[1]: Stopping DHCP Client...
machine # [   14.593783] systemd[1]: Stopping Getty on tty1...
machine # [   14.613660] systemd[1]: reload-systemd-vconsole-setup.service: Deactivated successfully.
machine # [   14.630791] systemd[1]: Stopped Reset console on configuration changes.
machine # [   14.644863] systemd[1]: Starting Save Hardware Clock...
machine # [   14.656016] systemd[1]: Stopping User Login Management...
machine # [   14.666771] systemd[1]: Stopping Userspace Out-Of-Memory (OOM) Killer...
machine # [   14.678543] systemd[1]: Stopping Load/Save Random Seed...
machine # [   14.686105] systemd[1]: systemd-oomd.service: Deactivated successfully.
machine # [   14.694062] systemd[1]: Stopped Userspace Out-Of-Memory (OOM) Killer.
machine # [   14.702070] systemd[1]: backdoor.service: Deactivated successfully.
machine # [   14.710040] systemd[1]: Stopped backdoor.service.
machine # [   14.717767] systemd[1]: dbus.service: Deactivated successfully.
machine # [   14.721741] systemd[1]: Stopped D-Bus System Message Bus.
machine # [   14.730299] systemd[1]: systemd-logind.service: Deactivated successfully.
machine # [   14.738043] systemd[1]: Stopped User Login Management.
machine # [   14.746066] systemd[1]: getty@tty1.service: Deactivated successfully.
machine # [   14.754066] systemd[1]: Stopped Getty on tty1.
machine # [   14.761074] systemd[1]: Mounted /run/initramfs.
machine # [   14.765530] systemd[1]: audit.service: Deactivated successfully.
machine # [   14.771687] systemd[1]: Stopped Kernel Auditing.
machine # [   14.779080] systemd[1]: systemd-random-seed.service: Deactivated successfully.
machine # [   14.788476] systemd[1]: Stopped Load/Save Random Seed.
machine # [   14.800993] systemd[1]: Removed slice Slice /system/getty.
machine # [   14.811551] systemd[1]: Starting Generate shutdown ramfs...
machine # [   14.825097] systemd[1]: Stopping Permit User Sessions...[   15.497363] systemd-shutdown[1]: Syncing filesystems and block devices.
machine # 
machine # [   14.838297] systemd[1]: systemd-user-sessions.service: Deactivated successfully.
machine # [   14.858932] systemd[1]: Stopped Permit User Sessions.
machine # [   14.865695] systemd[1]: Stopped target Network.[   15.535301] systemd-shutdown[1]: Sending SIGTERM to remaining processes...
machine # 
machine # [   15.544324] systemd-journald[310]: Received SIGTERM from PID 1 (systemd-shutdow).
machine # [   14.890592] systemd[1]: Stopped target All Network Interfaces (deprecated).
machine # [   14.898692] systemd[1]: Stopped target User and Group Name Lookups.
machine # [   14.903424] systemd[1]: Stopped target Remote File Systems.
machine # [   14.907620] systemd[1]: network-local-commands.service: Deactivated successfully.
machine # [   14.912305] systemd[1]: Stopped Extra networking commands..
machine # [   14.915962] systemd[1]: network-setup.service: Deactivated successfully.
machine # [   14.920066] systemd[1]: Stopped Networking Setup.
machine # [   14.923564] systemd[1]: Stopping Address configuration of eth1...
machine # [   14.927508] systemd[1]: Stopping Name Service Cache Daemon (nsncd)...
machine # [   14.931529] systemd[1]: nscd.service: Deactivated successfully.
machine # [   14.935336] systemd[1]: Stopped Name Service Cache Daemon (nsncd).
machine # [   14.939064] systemd[1]: network-addresses-eth1.service: Deactivated successfully.
machine # [   14.943763] systemd[1]: Stopped Address configuration of eth1.
machine # [   14.947598] systemd[1]: Stopped target Preparation for Network.
machine # [   14.951518] systemd[1]: resolvconf.service: Deactivated successfully.
machine # [   14.955476] systemd[1]: Stopped resolvconf update.
machine # [   14.958827] systemd[1]: dhcpcd.service: Deactivated successfully.
machine # [   14.962616] systemd[1]: Stopped DHCP Client.
machine # [   14.965664] systemd[1]: dhcpcd.service: Consumed 269ms CPU time, received 96B IP traffic, sent 56B IP traffic.
machine # [   14.971703] systemd[1]: Stopped target Basic System.
machine # [   14.975101] systemd[1]: Stopped target Path Units.
machine # [   14.978591] systemd[1]: Stopped target Slice Units.
machine # [   14.982022] systemd[1]: Removed slice User and Session Slice.
machine # [   14.985666] systemd[1]: Stopped target Socket Units.
machine # [   14.989066] systemd[1]: dbus.socket: Deactivated successfully.
machine # [   14.993026] systemd[1]: Closed D-Bus System Message Bus Socket.
machine # [   14.996809] systemd[1]: nix-daemon.socket: Deactivated successfully.
machine # [   15.000826] systemd[1]: Closed Nix Daemon Socket.
machine # [   15.004297] systemd[1]: Stopped target System Initialization.
machine # [   15.008005] systemd[1]: Stopped target Local Encrypted Volumes.
machine # [   15.011949] systemd[1]: systemd-ask-password-console.path: Deactivated successfully.
machine # [   15.016609] systemd[1]: Stopped Dispatch Password Requests to Console Directory Watch.
machine # [   15.021103] systemd[1]: systemd-ask-password-wall.path: Deactivated successfully.
machine # [   15.025697] systemd[1]: Stopped Forward Password Requests to Wall Directory Watch.
machine # [   15.030329] systemd[1]: systemd-sysctl.service: Deactivated successfully.
machine # [   15.034493] systemd[1]: Stopped Apply Kernel Variables.
machine # [   15.038071] systemd[1]: systemd-modules-load.service: Deactivated successfully.
machine # [   15.042630] systemd[1]: Stopped Load Kernel Modules.
machine # [   15.045943] systemd[1]: systemd-update-done.service: Deactivated successfully.
machine # [   15.049999] systemd[1]: Stopped Update is Completed.
machine # [   15.053423] systemd[1]: systemd-journal-catalog-update.service: Deactivated successfully.
machine # [   15.058080] systemd[1]: Stopped Rebuild Journal Catalog.
machine # [   15.061810] systemd[1]: Stopping Record System Boot/Shutdown in UTMP...
machine # [   15.065891] systemd[1]: run-credentials-systemd\x2dsysctl.service.mount: Deactivated successfully.
machine # [   15.071078] systemd[1]: Unmounted /run/credentials/systemd-sysctl.service.
machine # [   15.075714] systemd-udevd[625]: vtcon0: Process '/nix/store/d1h33vvfagj7bhg0b8dw3p5nifghb01q-systemd-252.5/lib/systemd/systemd-vconsole-setup' failed with exit code 1.
machine # [   15.083075] systemd[1]: systemd-update-utmp.service: Deactivated successfully.
machine # [   15.087584] systemd[1]: Stopped Record System Boot/Shutdown in UTMP.
machine # [   15.091593] systemd[1]: systemd-tmpfiles-setup.service: Deactivated successfully.
machine # [   15.095974] systemd[1]: Stopped Create Volatile Files and Directories.
machine # [   15.100009] systemd[1]: Stopped target Local File Systems.
machine # [   15.103613] systemd[1]: Unmounting /nix/.ro-store...
machine # [   15.107062] systemd[1]: Unmounting /nix/.rw-store...
machine # [   15.110739] systemd[1]: Unmounting /run/credentials/systemd-tmpfiles-setup.service...
machine # [   15.115413] systemd[1]: Unmounting /run/credentials/systemd-tmpfiles-setup-dev.service...
machine # [   15.120305] systemd[1]: Unmounting /run/keys...
machine # [   15.123672] systemd[1]: Unmounting /run/wrappers...
machine # [   15.126991] systemd[1]: Unmounting /tmp/shared...
machine # [   15.130300] systemd[1]: Unmounting /tmp/xchg...
machine # [   15.133651] systemd[1]: generate-shutdown-ramfs.service: Deactivated successfully.
machine # [   15.138102] systemd[1]: Finished Generate shutdown ramfs.
machine # [   15.141825] systemd[1]: nix-.ro\x2dstore.mount: Deactivated successfully.
machine # [   15.145857] systemd[1]: Unmounted /nix/.ro-store.
machine # [   15.149103] systemd[1]: nix-.rw\x2dstore.mount: Deactivated successfully.
machine # [   15.153549] systemd[1]: Unmounted /nix/.rw-store.
machine # [   15.156824] systemd[1]: run-credentials-systemd\x2dtmpfiles\x2dsetup.service.mount: Mount process exited, code=exited, status=32/n/a
machine # [   15.163542] systemd[1]: run-credentials-systemd\x2dtmpfiles\x2dsetup.service.mount: Failed with result 'exit-code'.
machine # [   15.169442] systemd[1]: Unmounted /run/credentials/systemd-tmpfiles-setup.service.
machine # [   15.173920] systemd[1]: run-credentials-systemd\x2dtmpfiles\x2dsetup\x2ddev.service.mount: Deactivated successfully.
machine # [   15.179656] systemd[1]: Unmounted /run/credentials/systemd-tmpfiles-setup-dev.service.
machine # [   15.184097] systemd[1]: run-keys.mount: Deactivated successfully.
machine # [   15.188290] systemd[1]: Unmounted /run/keys.
machine # [   15.191337] systemd[1]: run-wrappers.mount: Deactivated successfully.
machine # [   15.195334] systemd[1]: Unmounted /run/wrappers.
machine # [   15.198634] systemd[1]: tmp-shared.mount: Deactivated successfully.
machine # [   15.202479] systemd[1]: Unmounted /tmp/shared.
machine # [   15.205594] systemd[1]: tmp-xchg.mount: Deactivated successfully.
machine # [   15.209440] systemd[1]: Unmounted /tmp/xchg.
machine # [   15.212516] systemd[1]: Stopped target Preparation for Local File Systems.
machine # [   15.216721] systemd[1]: Stopped target Swaps.
machine # [   15.219917] systemd[1]: Reached target Unmount All Filesystems.
machine # [   15.223832] systemd[1]: systemd-remount-fs.service: Deactivated successfully.
machine # [   15.228296] systemd[1]: Stopped Remount Root and Kernel File Systems.
machine # [   15.232345] systemd[1]: systemd-tmpfiles-setup-dev.service: Deactivated successfully.
machine # [   15.236876] systemd[1]: Stopped Create Static Device Nodes in /dev.
machine # [   15.240801] systemd[1]: Reached target System Shutdown.
machine # [   15.244366] systemd[1]: Reached target Late Shutdown Services.
machine # [   15.248333] systemd[1]: systemd-poweroff.service: Deactivated successfully.
machine # [   15.252590] systemd[1]: Finished System Power Off.
machine # [   15.256001] systemd[1]: Reached target System Power Off.
machine # [   15.259588] systemd[1]: Shutting down.
machine # [   15.963460] systemd-shutdown[1]: Sending SIGKILL to remaining processes...
machine # [   15.974480] systemd-shutdown[1]: Unmounting file systems.
machine # [   15.977989] [845]: Remounting '/nix/store' read-only with options 'lowerdir=/sysroot/nix/.ro-store,upperdir=/sysroot/nix/.rw-store/store,workdir=/sysroot/nix/.rw-store/work'.
machine # [   15.991590] [846]: Remounting '/nix/store' read-only with options 'lowerdir=/sysroot/nix/.ro-store,upperdir=/sysroot/nix/.rw-store/store,workdir=/sysroot/nix/.rw-store/work'.
machine # [   15.999111] [847]: Remounting '/' read-only with options ''.
machine # [   16.019560] EXT4-fs (vda): re-mounted. Quota mode: none.
machine # [   16.022424] systemd-shutdown[1]: All filesystems unmounted.
machine # [   16.024918] systemd-shutdown[1]: Deactivating swaps.
machine # [   16.027259] systemd-shutdown[1]: All swaps deactivated.
machine # [   16.029838] systemd-shutdown[1]: Detaching loop devices.
machine # [   16.032977] systemd-shutdown[1]: All loop devices detached.
machine # [   16.035522] systemd-shutdown[1]: Stopping MD devices.
machine # [   16.037943] systemd-shutdown[1]: All MD devices stopped.
machine # [   16.040352] systemd-shutdown[1]: Detaching DM devices.
machine # [   16.042898] systemd-shutdown[1]: All DM devices detached.
machine # [   16.045370] systemd-shutdown[1]: All filesystems, swaps, loop devices, MD devices and DM devices detached.
machine # [   16.081281] systemd-shutdown[1]: Successfully changed into root pivot.
machine # [   16.084226] systemd-shutdown[1]: Returning to initrd...
machine # [   16.103561] shutdown[1]: Syncing filesystems and block devices.
machine # [   16.106937] shutdown[1]: Sending SIGTERM to remaining processes...
machine # [   16.110972] shutdown[1]: Sending SIGKILL to remaining processes...
machine # [   16.114886] shutdown[1]: Unmounting file systems.
machine # [   16.117954] sd-umoun[852]: Unmounting '/oldroot/run/initramfs'.
machine # [   16.121464] sd-umoun[853]: Unmounting '/oldroot/sys/kernel/config'.
machine # [   16.125123] sd-umoun[854]: Unmounting '/oldroot/sys/fs/fuse/connections'.
machine # [   16.129003] sd-umoun[855]: Unmounting '/oldroot/sys/kernel/debug'.
machine # [   16.132520] sd-umoun[856]: Unmounting '/oldroot/dev/mqueue'.
machine # [   16.135878] sd-umoun[857]: Unmounting '/oldroot/dev/hugepages'.
machine # [   16.139282] sd-umoun[858]: Unmounting '/oldroot/sys/fs/bpf'.
machine # [   16.142863] sd-umoun[859]: Unmounting '/oldroot/sys/fs/pstore'.
machine # [   16.146283] sd-umoun[860]: Unmounting '/oldroot/sys/fs/cgroup'.
machine # [   16.149608] sd-umoun[861]: Unmounting '/oldroot/sys/kernel/security'.
machine # [   16.153356] sd-umoun[862]: Unmounting '/oldroot/nix/store'.
machine # [   16.156607] sd-umoun[863]: Unmounting '/oldroot/sys'.
machine # [   16.159503] sd-umoun[864]: Unmounting '/oldroot/proc'.
machine # [   16.162502] sd-umoun[865]: Unmounting '/oldroot/dev/shm'.
machine # [   16.165848] sd-umoun[866]: Unmounting '/oldroot/dev/pts'.
machine # [   16.169176] sd-umoun[867]: Unmounting '/oldroot/dev'.
machine # [   16.172359] sd-umoun[868]: Unmounting '/oldroot/run'.
machine # [   16.175463] sd-umoun[869]: Unmounting '/oldroot/nix/store'.
machine # [   16.497313] sd-umoun[870]: Unmounting '/oldroot'.
(finished: waiting for Unmounting '/oldroot' to appear on console, in 2.38 seconds)
machine # [   16.500213] EXT4-fs (vda): unmounting filesystem.
machine: waiting for Shutting down NixOS to appear on console
machine # [   16.502991] shutdown[1]: All filesystems unmounted.
machine # [   16.505209] shutdown[1]: Deactivating swaps.
machine # [   16.507268] shutdown[1]: All swaps deactivated.
machine # [   16.509400] shutdown[1]: Detaching loop devices.
machine # [   16.512244] shutdown[1]: All loop devices detached.
machine # [   16.514479] shutdown[1]: Stopping MD devices.
machine # [   16.516612] shutdown[1]: All MD devices stopped.
machine # [   16.518814] shutdown[1]: Detaching DM devices.
machine # [   16.520962] shutdown[1]: All DM devices detached.
machine # [   16.523158] shutdown[1]: All filesystems, swaps, loop devices, MD devices and DM devices detached.
machine # Shutting down NixOS
(finished: waiting for Shutting down NixOS to appear on console, in 0.03 seconds)
(finished: run the VM test script, in 17.86 seconds)
test script finished in 17.86s
cleanup
kill machine (pid 8)
machine # qemu-kvm: terminating on signal 15 from pid 6 (/nix/store/iw1vmh509hcbby8dbpsaanbri4zsq7dj-python3-3.10.10/bin/python3.10)
(finished: cleanup, in 0.03 seconds)
kill vlan (pid 7)
/nix/store/mjzimqi7mrnx44zyarg6xhrjsbcgs7mb-vm-test-run-systemd-shutdown
