     1  # This file contains type hints that can be prepended to Nix test scripts so they can be type
     2  # checked.
     3  
     4  from test_driver.driver import Driver
     5  from test_driver.vlan import VLan
     6  from test_driver.machine import Machine
     7  from test_driver.logger import Logger
     8  from typing import Callable, Iterator, ContextManager, Optional, List, Dict, Any, Union
     9  from typing_extensions import Protocol
    10  from pathlib import Path
    11  
    12  
    13  class RetryProtocol(Protocol):
    14      def __call__(self, fn: Callable, timeout: int = 900) -> None:
    15          raise Exception("This is just type information for the Nix test driver")
    16  
    17  
    18  class PollingConditionProtocol(Protocol):
    19      def __call__(
    20          self,
    21          fun_: Optional[Callable] = None,
    22          *,
    23          seconds_interval: float = 2.0,
    24          description: Optional[str] = None,
    25      ) -> Union[Callable[[Callable], ContextManager], ContextManager]:
    26          raise Exception("This is just type information for the Nix test driver")
    27  
    28  
    29  start_all: Callable[[], None]
    30  subtest: Callable[[str], ContextManager[None]]
    31  retry: RetryProtocol
    32  test_script: Callable[[], None]
    33  machines: List[Machine]
    34  vlans: List[VLan]
    35  driver: Driver
    36  log: Logger
    37  create_machine: Callable[[Dict[str, Any]], Machine]
    38  run_tests: Callable[[], None]
    39  join_all: Callable[[], None]
    40  serial_stdout_off: Callable[[], None]
    41  serial_stdout_on: Callable[[], None]
    42  polling_condition: PollingConditionProtocol
    43  machine: Machine;
    44  vlan1: VLan;
    45  import subprocess
    46  
    47  with subtest("handover to stage-2 systemd works"):
    48      machine.wait_for_unit("multi-user.target")
    49      machine.succeed("systemd-analyze | grep -q '(initrd)'")  # direct handover
    50      machine.succeed("touch /testfile")  # / is writable
    51      machine.fail("touch /nix/store/testfile")  # /nix/store is not writable
    52      # Special filesystems are mounted by systemd
    53      machine.succeed("[ -e /run/booted-system ]") # /run
    54      machine.succeed("[ -e /sys/class ]") # /sys
    55      machine.succeed("[ -e /dev/null ]") # /dev
    56      machine.succeed("[ -e /proc/1 ]") # /proc
    57      # stage-2-init mounted more special filesystems
    58      machine.succeed("[ -e /dev/shm ]") # /dev/shm
    59      machine.succeed("[ -e /dev/pts/ptmx ]") # /dev/pts
    60      machine.succeed("[ -e /run/keys ]") # /run/keys
    61  
    62  
    63  with subtest("growfs works"):
    64      oldAvail = machine.succeed("df --output=avail / | sed 1d")
    65      machine.shutdown()
    66  
    67      subprocess.check_call(["qemu-img", "resize", "vm-state-machine/machine.qcow2", "+1G"])
    68  
    69      machine.start()
    70      newAvail = machine.succeed("df --output=avail / | sed 1d")
    71  
    72      assert int(oldAvail) < int(newAvail), "File system did not grow"
Success: no issues found in 1 source file
start all VLans
(finished: start all VLans, in 0.00 seconds)
additionally exposed symbols:
    ,
    ,
    start_all, test_script, machines, vlans, driver, log, os, create_machine, subtest, run_tests, join_all, retry, serial_stdout_off, serial_stdout_on, polling_condition, Machine
building '/nix/store/iza4pj1gh02sm66p939m1d4hfsi7h1gr-vm-test-run-systemd-initrd-simple.drv'...
Machine state will be reset. To keep it, pass --keep-vm-state
start all VLans
start vlan
running vlan (pid 7; ctl /build/vde1.ctl)
(finished: start all VLans, in 0.00 seconds)
run the VM test script
additionally exposed symbols:
    machine,
    vlan1,
    start_all, test_script, machines, vlans, driver, log, os, create_machine, subtest, run_tests, join_all, retry, serial_stdout_off, serial_stdout_on, polling_condition, Machine
subtest: handover to stage-2 systemd works
machine: waiting for unit multi-user.target
machine: waiting for the VM to finish booting
machine: starting vm
machine # Formatting '/build/vm-state-machine/machine.qcow2', fmt=qcow2 cluster_size=65536 extended_l2=off compression_type=zlib size=1073741824 lazy_refcounts=off refcount_bits=16
machine: QEMU running (pid 8)
machine # cSeaBIOS (version rel-1.16.1-0-g3208b098f51a-prebuilt.qemu.org)
machine # 
machine # 
machine # iPXE (http://ipxe.org) 00:03.0 CA00 PCI2.10 PnP PMM+3EFD0C20+3EF30C20 CA00
machine # Press Ctrl-B to configure iPXE (PCI 00:03.0)...
machine # 
machine # 
machine # 
machine # 
machine # iPXE (http://ipxe.org) 00:09.0 CB00 PCI2.10 PnP PMM 3EFD0C20 3EF30C20 CB00
machine # Press Ctrl-B to configure iPXE (PCI 00:09.0)...
machine # 
machine # 
machine # Booting from ROM...
machine # Probing EDD (edd=off to disable)... ok
machine # c[    0.000000] Linux version 6.1.15 (nixbld@localhost) (gcc (GCC) 12.2.0, GNU ld (GNU Binutils) 2.40) #1-NixOS SMP PREEMPT_DYNAMIC Fri Mar  3 10:52:25 UTC 2023
machine # [    0.000000] Command line: console=ttyS0 panic=1 boot.panic_on_fail clock=acpi_pm loglevel=7 net.ifnames=0 init=/nix/store/32609lhnw41hrb1jxqk7d4r4lsbav9mc-nixos-system-machine-23.05pre-git/init regInfo=/nix/store/3yzz1i6n9x3fw9qf1r5pz1fpzriw6d4y-closure-info/registration console=ttyS0
machine # [    0.000000] x86/fpu: Supporting XSAVE feature 0x001: 'x87 floating point registers'
machine # [    0.000000] x86/fpu: Supporting XSAVE feature 0x002: 'SSE registers'
machine # [    0.000000] x86/fpu: Supporting XSAVE feature 0x004: 'AVX registers'
machine # [    0.000000] x86/fpu: Supporting XSAVE feature 0x008: 'MPX bounds registers'
machine # [    0.000000] x86/fpu: Supporting XSAVE feature 0x010: 'MPX CSR'
machine # [    0.000000] x86/fpu: Supporting XSAVE feature 0x020: 'AVX-512 opmask'
machine # [    0.000000] x86/fpu: Supporting XSAVE feature 0x040: 'AVX-512 Hi256'
machine # [    0.000000] x86/fpu: Supporting XSAVE feature 0x080: 'AVX-512 ZMM_Hi256'
machine # [    0.000000] x86/fpu: xstate_offset[2]:  576, xstate_sizes[2]:  256
machine # [    0.000000] x86/fpu: xstate_offset[3]:  832, xstate_sizes[3]:   64
machine # [    0.000000] x86/fpu: xstate_offset[4]:  896, xstate_sizes[4]:   64
machine # [    0.000000] x86/fpu: xstate_offset[5]:  960, xstate_sizes[5]:   64
machine # [    0.000000] x86/fpu: xstate_offset[6]: 1024, xstate_sizes[6]:  512
machine # [    0.000000] x86/fpu: xstate_offset[7]: 1536, xstate_sizes[7]: 1024
machine # [    0.000000] x86/fpu: Enabled xstate features 0xff, context size is 2560 bytes, using 'compacted' format.
machine # [    0.000000] signal: max sigframe size: 3632
machine # [    0.000000] BIOS-provided physical RAM map:
machine # [    0.000000] BIOS-e820: [mem 0x0000000000000000-0x000000000009fbff] usable
machine # [    0.000000] BIOS-e820: [mem 0x000000000009fc00-0x000000000009ffff] reserved
machine # [    0.000000] BIOS-e820: [mem 0x00000000000f0000-0x00000000000fffff] reserved
machine # [    0.000000] BIOS-e820: [mem 0x0000000000100000-0x000000003ffdafff] usable
machine # [    0.000000] BIOS-e820: [mem 0x000000003ffdb000-0x000000003fffffff] reserved
machine # [    0.000000] BIOS-e820: [mem 0x00000000feffc000-0x00000000feffffff] reserved
machine # [    0.000000] BIOS-e820: [mem 0x00000000fffc0000-0x00000000ffffffff] reserved
machine # [    0.000000] random: crng init done
machine # [    0.000000] NX (Execute Disable) protection: active
machine # [    0.000000] extended physical RAM map:
machine # [    0.000000] reserve setup_data: [mem 0x0000000000000000-0x000000000009fbff] usable
machine # [    0.000000] reserve setup_data: [mem 0x000000000009fc00-0x000000000009ffff] reserved
machine # [    0.000000] reserve setup_data: [mem 0x00000000000f0000-0x00000000000fffff] reserved
machine # [    0.000000] reserve setup_data: [mem 0x0000000000100000-0x00000000009379bf] usable
machine # [    0.000000] reserve setup_data: [mem 0x00000000009379c0-0x00000000009379cf] usable
machine # [    0.000000] reserve setup_data: [mem 0x00000000009379d0-0x000000003ffdafff] usable
machine # [    0.000000] reserve setup_data: [mem 0x000000003ffdb000-0x000000003fffffff] reserved
machine # [    0.000000] reserve setup_data: [mem 0x00000000feffc000-0x00000000feffffff] reserved
machine # [    0.000000] reserve setup_data: [mem 0x00000000fffc0000-0x00000000ffffffff] reserved
machine # [    0.000000] SMBIOS 2.8 present.
machine # [    0.000000] DMI: QEMU Standard PC (i440FX + PIIX, 1996), BIOS rel-1.16.1-0-g3208b098f51a-prebuilt.qemu.org 04/01/2014
machine # [    0.000000] Hypervisor detected: KVM
machine # [    0.000000] kvm-clock: Using msrs 4b564d01 and 4b564d00
machine # [    0.000001] kvm-clock: using sched offset of 616906711 cycles
machine # [    0.000002] clocksource: kvm-clock: mask: 0xffffffffffffffff max_cycles: 0x1cd42e4dffb, max_idle_ns: 881590591483 ns
machine # [    0.000008] tsc: Detected 3311.998 MHz processor
machine # [    0.000734] last_pfn = 0x3ffdb max_arch_pfn = 0x400000000
machine # [    0.001198] x86/PAT: Configuration [0-7]: WB  WC  UC- UC  WB  WP  UC- WT
machine # [    0.007618] found SMP MP-table at [mem 0x000f5bb0-0x000f5bbf]
machine # [    0.008009] Using GB pages for direct mapping
machine # [    0.008255] RAMDISK: [mem 0x3f034000-0x3ffcffff]
machine # [    0.008321] ACPI: Early table checksum verification disabled
machine # [    0.008380] ACPI: RSDP 0x00000000000F59D0 000014 (v00 BOCHS )
machine # [    0.008404] ACPI: RSDT 0x000000003FFE1AC6 000034 (v01 BOCHS  BXPC     00000001 BXPC 00000001)
machine # [    0.008415] ACPI: FACP 0x000000003FFE197A 000074 (v01 BOCHS  BXPC     00000001 BXPC 00000001)
machine # [    0.008420] ACPI: DSDT 0x000000003FFE0040 00193A (v01 BOCHS  BXPC     00000001 BXPC 00000001)
machine # [    0.008423] ACPI: FACS 0x000000003FFE0000 000040
machine # [    0.008425] ACPI: APIC 0x000000003FFE19EE 000078 (v01 BOCHS  BXPC     00000001 BXPC 00000001)
machine # [    0.008428] ACPI: HPET 0x000000003FFE1A66 000038 (v01 BOCHS  BXPC     00000001 BXPC 00000001)
machine # [    0.008431] ACPI: WAET 0x000000003FFE1A9E 000028 (v01 BOCHS  BXPC     00000001 BXPC 00000001)
machine # [    0.008433] ACPI: Reserving FACP table memory at [mem 0x3ffe197a-0x3ffe19ed]
machine # [    0.008434] ACPI: Reserving DSDT table memory at [mem 0x3ffe0040-0x3ffe1979]
machine # [    0.008435] ACPI: Reserving FACS table memory at [mem 0x3ffe0000-0x3ffe003f]
machine # [    0.008435] ACPI: Reserving APIC table memory at [mem 0x3ffe19ee-0x3ffe1a65]
machine # [    0.008436] ACPI: Reserving HPET table memory at [mem 0x3ffe1a66-0x3ffe1a9d]
machine # [    0.008436] ACPI: Reserving WAET table memory at [mem 0x3ffe1a9e-0x3ffe1ac5]
machine # [    0.010443] No NUMA configuration found
machine # [    0.010444] Faking a node at [mem 0x0000000000000000-0x000000003ffdafff]
machine # [    0.010450] NODE_DATA(0) allocated [mem 0x3ffd5000-0x3ffdafff]
machine # [    0.010485] Zone ranges:
machine # [    0.010486]   DMA      [mem 0x0000000000001000-0x0000000000ffffff]
machine # [    0.010487]   DMA32    [mem 0x0000000001000000-0x000000003ffdafff]
machine # [    0.010488]   Normal   empty
machine # [    0.010489]   Device   empty
machine # [    0.010490] Movable zone start for each node
machine # [    0.010490] Early memory node ranges
machine # [    0.010490]   node   0: [mem 0x0000000000001000-0x000000000009efff]
machine # [    0.010493]   node   0: [mem 0x0000000000100000-0x000000003ffdafff]
machine # [    0.010497] Initmem setup node 0 [mem 0x0000000000001000-0x000000003ffdafff]
machine # [    0.010666] On node 0, zone DMA: 1 pages in unavailable ranges
machine # [    0.010680] On node 0, zone DMA: 97 pages in unavailable ranges
machine # [    0.012375] On node 0, zone DMA32: 37 pages in unavailable ranges
machine # [    0.016688] ACPI: PM-Timer IO Port: 0x608
machine # [    0.016726] ACPI: LAPIC_NMI (acpi_id[0xff] dfl dfl lint[0x1])
machine # [    0.016925] IOAPIC[0]: apic_id 0, version 17, address 0xfec00000, GSI 0-23
machine # [    0.016928] ACPI: INT_SRC_OVR (bus 0 bus_irq 0 global_irq 2 dfl dfl)
machine # [    0.016929] ACPI: INT_SRC_OVR (bus 0 bus_irq 5 global_irq 5 high level)
machine # [    0.016931] ACPI: INT_SRC_OVR (bus 0 bus_irq 9 global_irq 9 high level)
machine # [    0.016934] ACPI: INT_SRC_OVR (bus 0 bus_irq 10 global_irq 10 high level)
machine # [    0.016935] ACPI: INT_SRC_OVR (bus 0 bus_irq 11 global_irq 11 high level)
machine # [    0.016939] ACPI: Using ACPI (MADT) for SMP configuration information
machine # [    0.016940] ACPI: HPET id: 0x8086a201 base: 0xfed00000
machine # [    0.016945] TSC deadline timer available
machine # [    0.016946] smpboot: Allowing 1 CPUs, 0 hotplug CPUs
machine # [    0.017136] PM: hibernation: Registered nosave memory: [mem 0x00000000-0x00000fff]
machine # [    0.017138] PM: hibernation: Registered nosave memory: [mem 0x0009f000-0x0009ffff]
machine # [    0.017139] PM: hibernation: Registered nosave memory: [mem 0x000a0000-0x000effff]
machine # [    0.017139] PM: hibernation: Registered nosave memory: [mem 0x000f0000-0x000fffff]
machine # [    0.017140] PM: hibernation: Registered nosave memory: [mem 0x00937000-0x00937fff]
machine # [    0.017141] PM: hibernation: Registered nosave memory: [mem 0x00937000-0x00937fff]
machine # [    0.017142] [mem 0x40000000-0xfeffbfff] available for PCI devices
machine # [    0.017143] Booting paravirtualized kernel on KVM
machine # [    0.017156] clocksource: refined-jiffies: mask: 0xffffffff max_cycles: 0xffffffff, max_idle_ns: 1910969940391419 ns
machine # [    0.020182] setup_percpu: NR_CPUS:384 nr_cpumask_bits:1 nr_cpu_ids:1 nr_node_ids:1
machine # [    0.020466] percpu: Embedded 61 pages/cpu s212992 r8192 d28672 u2097152
machine # [    0.020611] kvm-guest: PV spinlocks disabled, single CPU
machine # [    0.020619] Fallback order for Node 0: 0
machine # [    0.020623] Built 1 zonelists, mobility grouping on.  Total pages: 257754
machine # [    0.020624] Policy zone: DMA32
machine # [    0.020624] Kernel command line: console=ttyS0 panic=1 boot.panic_on_fail clock=acpi_pm loglevel=7 net.ifnames=0 init=/nix/store/32609lhnw41hrb1jxqk7d4r4lsbav9mc-nixos-system-machine-23.05pre-git/init regInfo=/nix/store/3yzz1i6n9x3fw9qf1r5pz1fpzriw6d4y-closure-info/registration console=ttyS0
machine # [    0.020674] clocksource: clock= boot option is deprecated - use clocksource=xyz
machine # [    0.020705] Unknown kernel command line parameters "regInfo=/nix/store/3yzz1i6n9x3fw9qf1r5pz1fpzriw6d4y-closure-info/registration", will be passed to user space.
machine # [    0.020759] Dentry cache hash table entries: 131072 (order: 8, 1048576 bytes, linear)
machine # [    0.020780] Inode-cache hash table entries: 65536 (order: 7, 524288 bytes, linear)
machine # [    0.020965] mem auto-init: stack:all(zero), heap alloc:off, heap free:off
machine # [    0.022437] Memory: 978036K/1048036K available (12294K kernel code, 2307K rwdata, 7532K rodata, 1876K init, 4344K bss, 69740K reserved, 0K cma-reserved)
machine # [    0.022521] SLUB: HWalign=64, Order=0-3, MinObjects=0, CPUs=1, Nodes=1
machine # [    0.022531] Kernel/User page tables isolation: enabled
machine # [    0.022550] ftrace: allocating 37041 entries in 145 pages
machine # [    0.031196] ftrace: allocated 145 pages with 3 groups
machine # [    0.031745] Dynamic Preempt: voluntary
machine # [    0.031898] rcu: Preemptible hierarchical RCU implementation.
machine # [    0.031898] rcu:   RCU event tracing is enabled.
machine # [    0.031899] rcu:   RCU restricting CPUs from NR_CPUS=384 to nr_cpu_ids=1.
machine # [    0.031900]        Trampoline variant of Tasks RCU enabled.
machine # [    0.031900]        Rude variant of Tasks RCU enabled.
machine # [    0.031901]        Tracing variant of Tasks RCU enabled.
machine # [    0.031901] rcu: RCU calculated value of scheduler-enlistment delay is 100 jiffies.
machine # [    0.031902] rcu: Adjusting geometry for rcu_fanout_leaf=16, nr_cpu_ids=1
machine # [    0.034731] NR_IRQS: 24832, nr_irqs: 256, preallocated irqs: 16
machine # [    0.035050] rcu: srcu_init: Setting srcu_struct sizes based on contention.
machine # [    0.065237] Console: colour VGA+ 80x25
machine # [    0.664570] printk: console [ttyS0] enabled
machine # [    0.667437] ACPI: Core revision 20220331
machine # [    0.670782] clocksource: hpet: mask: 0xffffffff max_cycles: 0xffffffff, max_idle_ns: 19112604467 ns
machine # [    0.677317] APIC: Switch to symmetric I/O mode setup
machine # [    0.682761] x2apic enabled
machine # [    0.686711] Switched APIC routing to physical x2apic.
machine # [    0.697889] ..TIMER: vector=0x30 apic1=0 pin1=2 apic2=-1 pin2=-1
machine # [    0.702134] clocksource: tsc-early: mask: 0xffffffffffffffff max_cycles: 0x2fbd924e8de, max_idle_ns: 440795321919 ns
machine # [    0.709315] Calibrating delay loop (skipped) preset value.. 6623.99 BogoMIPS (lpj=3311998)
machine # [    0.710313] pid_max: default: 32768 minimum: 301
machine # [    0.712330] LSM: Security Framework initializing
machine # [    0.713324] landlock: Up and running.
machine # [    0.714313] Yama: becoming mindful.
machine # [    0.715317] SELinux:  Initializing.
machine # [    0.716323] LSM support for eBPF active
machine # [    0.717490] Mount-cache hash table entries: 2048 (order: 2, 16384 bytes, linear)
machine # [    0.718314] Mountpoint-cache hash table entries: 2048 (order: 2, 16384 bytes, linear)
machine # [    0.721390] x86/cpu: User Mode Instruction Prevention (UMIP) activated
machine # [    0.723105] Last level iTLB entries: 4KB 0, 2MB 0, 4MB 0
machine # [    0.723313] Last level dTLB entries: 4KB 0, 2MB 0, 4MB 0, 1GB 0
machine # [    0.724355] Spectre V1 : Mitigation: usercopy/swapgs barriers and __user pointer sanitization
machine # [    0.725329] Spectre V2 : Mitigation: IBRS
machine # [    0.726312] Spectre V2 : Spectre v2 / SpectreRSB mitigation: Filling RSB on context switch
machine # [    0.727313] Spectre V2 : Spectre v2 / SpectreRSB : Filling RSB on VMEXIT
machine # [    0.728312] RETBleed: Mitigation: IBRS
machine # [    0.729317] Spectre V2 : mitigation: Enabling conditional Indirect Branch Prediction Barrier
machine # [    0.730314] Speculative Store Bypass: Mitigation: Speculative Store Bypass disabled via prctl
machine # [    0.731352] MDS: Mitigation: Clear CPU buffers
machine # [    0.732313] TAA: Mitigation: Clear CPU buffers
machine # [    0.733312] MMIO Stale Data: Vulnerable: Clear CPU buffers attempted, no microcode
machine # [    0.755495] Freeing SMP alternatives memory: 32K
machine # [    0.756691] smpboot: CPU0: Intel(R) Core(TM) i9-9940X CPU @ 3.30GHz (family: 0x6, model: 0x55, stepping: 0x4)
machine # [    0.757419] cblist_init_generic: Setting adjustable number of callback queues.
machine # [    0.758325] cblist_init_generic: Setting shift to 0 and lim to 1.
machine # [    0.759339] cblist_init_generic: Setting shift to 0 and lim to 1.
machine # [    0.760338] cblist_init_generic: Setting shift to 0 and lim to 1.
machine # [    0.761337] Performance Events: Skylake events, full-width counters, Intel PMU driver.
machine # [    0.762355] ... version:                2
machine # [    0.763325] ... bit width:              48
machine # [    0.764325] ... generic registers:      4
machine # [    0.765325] ... value mask:             0000ffffffffffff
machine # [    0.766325] ... max period:             00007fffffffffff
machine # [    0.767325] ... fixed-purpose events:   3
machine # [    0.768324] ... event mask:             000000070000000f
machine # [    0.769650] rcu: Hierarchical SRCU implementation.
machine # [    0.770325] rcu:   Max phase no-delay instances is 400.
machine # [    0.771648] smp: Bringing up secondary CPUs ...
machine # [    0.772327] smp: Brought up 1 node, 1 CPU
machine # [    0.773325] smpboot: Max logical packages: 1
machine # [    0.774325] smpboot: Total of 1 processors activated (6623.99 BogoMIPS)
machine # [    0.776009] devtmpfs: initialized
machine # [    0.776366] x86/mm: Memory block size: 128MB
machine # [    0.777596] clocksource: jiffies: mask: 0xffffffff max_cycles: 0xffffffff, max_idle_ns: 1911260446275000 ns
machine # [    0.778327] futex hash table entries: 256 (order: 2, 16384 bytes, linear)
machine # [    0.779354] pinctrl core: initialized pinctrl subsystem
machine # [    0.780900] NET: Registered PF_NETLINK/PF_ROUTE protocol family
machine # [    0.781414] DMA: preallocated 128 KiB GFP_KERNEL pool for atomic allocations
machine # [    0.782327] DMA: preallocated 128 KiB GFP_KERNEL|GFP_DMA pool for atomic allocations
machine # [    0.783343] DMA: preallocated 128 KiB GFP_KERNEL|GFP_DMA32 pool for atomic allocations
machine # [    0.784333] audit: initializing netlink subsys (disabled)
machine # [    0.785416] thermal_sys: Registered thermal governor 'bang_bang'
machine # [    0.785417] thermal_sys: Registered thermal governor 'step_wise'
machine # [    0.786325] thermal_sys: Registered thermal governor 'user_space'
machine # [    0.787344] audit: type=2000 audit(1678088473.536:1): state=initialized audit_enabled=0 res=1
machine # [    0.789347] cpuidle: using governor menu
machine # [    0.790460] acpiphp: ACPI Hot Plug PCI Controller Driver version: 0.5
machine # [    0.791784] PCI: Using configuration type 1 for base access
machine # [    0.793183] kprobes: kprobe jump-optimization is enabled. All kprobes are optimized if possible.
machine # [    0.810769] HugeTLB: registered 1.00 GiB page size, pre-allocated 0 pages
machine # [    0.811325] HugeTLB: 16380 KiB vmemmap can be freed for a 1.00 GiB page
machine # [    0.812326] HugeTLB: registered 2.00 MiB page size, pre-allocated 0 pages
machine # [    0.813325] HugeTLB: 28 KiB vmemmap can be freed for a 2.00 MiB page
machine # [    0.814546] ACPI: Added _OSI(Module Device)
machine # [    0.815326] ACPI: Added _OSI(Processor Device)
machine # [    0.816325] ACPI: Added _OSI(3.0 _SCP Extensions)
machine # [    0.817325] ACPI: Added _OSI(Processor Aggregator Device)
machine # [    0.819063] ACPI: 1 ACPI AML tables successfully acquired and loaded
machine # [    0.821210] ACPI: Interpreter enabled
machine # [    0.821339] ACPI: PM: (supports S0 S3 S4 S5)
machine # [    0.822325] ACPI: Using IOAPIC for interrupt routing
machine # [    0.823335] PCI: Using host bridge windows from ACPI; if necessary, use "pci=nocrs" and report a bug
machine # [    0.824325] PCI: Using E820 reservations for host bridge windows
machine # [    0.825540] ACPI: Enabled 2 GPEs in block 00 to 0F
machine # [    0.829186] ACPI: PCI Root Bridge [PCI0] (domain 0000 [bus 00-ff])
machine # [    0.829329] acpi PNP0A03:00: _OSC: OS supports [ASPM ClockPM Segments MSI HPX-Type3]
machine # [    0.830325] acpi PNP0A03:00: _OSC: not requesting OS control; OS requires [ExtendedConfig ASPM ClockPM MSI]
machine # [    0.831333] acpi PNP0A03:00: fail to add MMCONFIG information, can't access extended PCI configuration space under this bridge.
machine # [    0.832671] acpiphp: Slot [3] registered
machine # [    0.833388] acpiphp: Slot [4] registered
machine # [    0.834390] acpiphp: Slot [5] registered
machine # [    0.835390] acpiphp: Slot [6] registered
machine # [    0.836387] acpiphp: Slot [7] registered
machine # [    0.837387] acpiphp: Slot [8] registered
machine # [    0.838390] acpiphp: Slot [9] registered
machine # [    0.839390] acpiphp: Slot [10] registered
machine # [    0.840388] acpiphp: Slot [11] registered
machine # [    0.841388] acpiphp: Slot [12] registered
machine # [    0.842387] acpiphp: Slot [13] registered
machine # [    0.843389] acpiphp: Slot [14] registered
machine # [    0.844386] acpiphp: Slot [15] registered
machine # [    0.845388] acpiphp: Slot [16] registered
machine # [    0.846392] acpiphp: Slot [17] registered
machine # [    0.847386] acpiphp: Slot [18] registered
machine # [    0.848387] acpiphp: Slot [19] registered
machine # [    0.849389] acpiphp: Slot [20] registered
machine # [    0.850391] acpiphp: Slot [21] registered
machine # [    0.851389] acpiphp: Slot [22] registered
machine # [    0.852387] acpiphp: Slot [23] registered
machine # [    0.853402] acpiphp: Slot [24] registered
machine # [    0.854390] acpiphp: Slot [25] registered
machine # [    0.855402] acpiphp: Slot [26] registered
machine # [    0.856389] acpiphp: Slot [27] registered
machine # [    0.857390] acpiphp: Slot [28] registered
machine # [    0.858386] acpiphp: Slot [29] registered
machine # [    0.859402] acpiphp: Slot [30] registered
machine # [    0.860387] acpiphp: Slot [31] registered
machine # [    0.861382] PCI host bridge to bus 0000:00
machine # [    0.862325] pci_bus 0000:00: root bus resource [io  0x0000-0x0cf7 window]
machine # [    0.863325] pci_bus 0000:00: root bus resource [io  0x0d00-0xffff window]
machine # [    0.864325] pci_bus 0000:00: root bus resource [mem 0x000a0000-0x000bffff window]
machine # [    0.865325] pci_bus 0000:00: root bus resource [mem 0x40000000-0xfebfffff window]
machine # [    0.866325] pci_bus 0000:00: root bus resource [mem 0x100000000-0x17fffffff window]
machine # [    0.867325] pci_bus 0000:00: root bus resource [bus 00-ff]
machine # [    0.868563] pci 0000:00:00.0: [8086:1237] type 00 class 0x060000
machine # [    0.872434] pci 0000:00:01.0: [8086:7000] type 00 class 0x060100
machine # [    0.877672] pci 0000:00:01.1: [8086:7010] type 00 class 0x010180
machine # [    0.882632] pci 0000:00:01.1: reg 0x20: [io  0xc1e0-0xc1ef]
machine # [    0.885378] pci 0000:00:01.1: legacy IDE quirk: reg 0x10: [io  0x01f0-0x01f7]
machine # [    0.886326] pci 0000:00:01.1: legacy IDE quirk: reg 0x14: [io  0x03f6]
machine # [    0.887325] pci 0000:00:01.1: legacy IDE quirk: reg 0x18: [io  0x0170-0x0177]
machine # [    0.888325] pci 0000:00:01.1: legacy IDE quirk: reg 0x1c: [io  0x0376]
machine # [    0.890078] pci 0000:00:01.2: [8086:7020] type 00 class 0x0c0300
machine # [    0.894224] pci 0000:00:01.2: reg 0x20: [io  0xc100-0xc11f]
machine # [    0.896438] pci 0000:00:01.3: [8086:7113] type 00 class 0x068000
machine # [    0.900426] pci 0000:00:01.3: quirk: [io  0x0600-0x063f] claimed by PIIX4 ACPI
machine # [    0.901378] pci 0000:00:01.3: quirk: [io  0x0700-0x070f] claimed by PIIX4 SMB
machine # [    0.903544] pci 0000:00:02.0: [1234:1111] type 00 class 0x030000
machine # [    0.906114] pci 0000:00:02.0: reg 0x10: [mem 0xfd000000-0xfdffffff pref]
machine # [    0.909077] pci 0000:00:02.0: reg 0x18: [mem 0xfebd0000-0xfebd0fff]
machine # [    0.914334] pci 0000:00:02.0: reg 0x30: [mem 0xfebc0000-0xfebcffff pref]
machine # [    0.915719] pci 0000:00:02.0: Video device with shadowed ROM at [mem 0x000c0000-0x000dffff]
machine # [    0.918638] pci 0000:00:03.0: [1af4:1000] type 00 class 0x020000
machine # [    0.920817] pci 0000:00:03.0: reg 0x10: [io  0xc120-0xc13f]
machine # [    0.922828] pci 0000:00:03.0: reg 0x14: [mem 0xfebd1000-0xfebd1fff]
machine # [    0.927327] pci 0000:00:03.0: reg 0x20: [mem 0xfe000000-0xfe003fff 64bit pref]
machine # [    0.929327] pci 0000:00:03.0: reg 0x30: [mem 0xfeb40000-0xfeb7ffff pref]
machine # [    0.935248] pci 0000:00:04.0: [1af4:1005] type 00 class 0x00ff00
machine # [    0.936789] pci 0000:00:04.0: reg 0x10: [io  0xc140-0xc15f]
machine # [    0.938327] pci 0000:00:04.0: reg 0x14: [mem 0xfebd2000-0xfebd2fff]
machine # [    0.942912] pci 0000:00:04.0: reg 0x20: [mem 0xfe004000-0xfe007fff 64bit pref]
machine # [    0.949664] pci 0000:00:05.0: [1af4:1009] type 00 class 0x000200
machine # [    0.951714] pci 0000:00:05.0: reg 0x10: [io  0xc080-0xc0bf]
machine # [    0.953327] pci 0000:00:05.0: reg 0x14: [mem 0xfebd3000-0xfebd3fff]
machine # [    0.957326] pci 0000:00:05.0: reg 0x20: [mem 0xfe008000-0xfe00bfff 64bit pref]
machine # [    0.964252] pci 0000:00:06.0: [1af4:1009] type 00 class 0x000200
machine # [    0.965764] pci 0000:00:06.0: reg 0x10: [io  0xc160-0xc17f]
machine # [    0.967327] pci 0000:00:06.0: reg 0x14: [mem 0xfebd4000-0xfebd4fff]
machine # [    0.972064] pci 0000:00:06.0: reg 0x20: [mem 0xfe00c000-0xfe00ffff 64bit pref]
machine # [    0.978646] pci 0000:00:07.0: [1af4:1009] type 00 class 0x000200
machine # [    0.980727] pci 0000:00:07.0: reg 0x10: [io  0xc180-0xc19f]
machine # [    0.982327] pci 0000:00:07.0: reg 0x14: [mem 0xfebd5000-0xfebd5fff]
machine # [    0.987326] pci 0000:00:07.0: reg 0x20: [mem 0xfe010000-0xfe013fff 64bit pref]
machine # [    0.994114] pci 0000:00:08.0: [1af4:1001] type 00 class 0x010000
machine # [    0.995880] pci 0000:00:08.0: reg 0x10: [io  0xc000-0xc07f]
machine # [    0.997327] pci 0000:00:08.0: reg 0x14: [mem 0xfebd6000-0xfebd6fff]
machine # [    1.001326] pci 0000:00:08.0: reg 0x20: [mem 0xfe014000-0xfe017fff 64bit pref]
machine # [    1.008535] pci 0000:00:09.0: [1af4:1000] type 00 class 0x020000
machine # [    1.010716] pci 0000:00:09.0: reg 0x10: [io  0xc1a0-0xc1bf]
machine # [    1.012327] pci 0000:00:09.0: reg 0x14: [mem 0xfebd7000-0xfebd7fff]
machine # [    1.016326] pci 0000:00:09.0: reg 0x20: [mem 0xfe018000-0xfe01bfff 64bit pref]
machine # [    1.018327] pci 0000:00:09.0: reg 0x30: [mem 0xfeb80000-0xfebbffff pref]
machine # [    1.024667] pci 0000:00:0a.0: [1af4:1052] type 00 class 0x090000
machine # [    1.027129] pci 0000:00:0a.0: reg 0x14: [mem 0xfebd8000-0xfebd8fff]
machine # [    1.029797] pci 0000:00:0a.0: reg 0x20: [mem 0xfe01c000-0xfe01ffff 64bit pref]
machine # [    1.036019] pci 0000:00:0b.0: [1af4:1003] type 00 class 0x078000
machine # [    1.037770] pci 0000:00:0b.0: reg 0x10: [io  0xc0c0-0xc0ff]
machine # [    1.039327] pci 0000:00:0b.0: reg 0x14: [mem 0xfebd9000-0xfebd9fff]
machine # [    1.043327] pci 0000:00:0b.0: reg 0x20: [mem 0xfe020000-0xfe023fff 64bit pref]
machine # [    1.049961] pci 0000:00:0c.0: [1af4:1005] type 00 class 0x00ff00
machine # [    1.051703] pci 0000:00:0c.0: reg 0x10: [io  0xc1c0-0xc1df]
machine # [    1.053326] pci 0000:00:0c.0: reg 0x14: [mem 0xfebda000-0xfebdafff]
machine # [    1.057325] pci 0000:00:0c.0: reg 0x20: [mem 0xfe024000-0xfe027fff 64bit pref]
machine # [    1.065150] ACPI: PCI: Interrupt link LNKA configured for IRQ 10
machine # [    1.065633] ACPI: PCI: Interrupt link LNKB configured for IRQ 10
machine # [    1.066628] ACPI: PCI: Interrupt link LNKC configured for IRQ 11
machine # [    1.067626] ACPI: PCI: Interrupt link LNKD configured for IRQ 11
machine # [    1.068477] ACPI: PCI: Interrupt link LNKS configured for IRQ 9
machine # [    1.069810] iommu: Default domain type: Translated
machine # [    1.070326] iommu: DMA domain TLB invalidation policy: lazy mode
machine # [    1.071798] NetLabel: Initializing
machine # [    1.072325] NetLabel:  domain hash size = 128
machine # [    1.073325] NetLabel:  protocols = UNLABELED CIPSOv4 CALIPSO
machine # [    1.074341] NetLabel:  unlabeled traffic allowed by default
machine # [    1.075330] PCI: Using ACPI for IRQ routing
machine # [    1.078230] pci 0000:00:02.0: vgaarb: setting as boot VGA device
machine # [    1.078311] pci 0000:00:02.0: vgaarb: bridge control possible
machine # [    1.078311] pci 0000:00:02.0: vgaarb: VGA device added: decodes=io+mem,owns=io+mem,locks=none
machine # [    1.078327] vgaarb: loaded
machine # [    1.079425] hpet0: at MMIO 0xfed00000, IRQs 2, 8, 0
machine # [    1.080325] hpet0: 3 comparators, 64-bit 100.000000 MHz counter
machine # [    1.085371] clocksource: Switched to clocksource kvm-clock
machine # [    1.097724] VFS: Disk quotas dquot_6.6.0
machine # [    1.100471] VFS: Dquot-cache hash table entries: 512 (order 0, 4096 bytes)
machine # [    1.105474] pnp: PnP ACPI init
machine # [    1.108249] pnp: PnP ACPI: found 6 devices
machine # [    1.117231] clocksource: acpi_pm: mask: 0xffffff max_cycles: 0xffffff, max_idle_ns: 2085701024 ns
machine # [    1.123445] clocksource: Switched to clocksource acpi_pm
machine # [    1.127493] NET: Registered PF_INET protocol family
machine # [    1.131285] IP idents hash table entries: 16384 (order: 5, 131072 bytes, linear)
machine # [    1.137753] tcp_listen_portaddr_hash hash table entries: 512 (order: 1, 8192 bytes, linear)
machine # [    1.143504] Table-perturb hash table entries: 65536 (order: 6, 262144 bytes, linear)
machine # [    1.148925] TCP established hash table entries: 8192 (order: 4, 65536 bytes, linear)
machine # [    1.154275] TCP bind hash table entries: 8192 (order: 6, 262144 bytes, linear)
machine # [    1.159484] TCP: Hash tables configured (established 8192 bind 8192)
machine # [    1.164043] MPTCP token hash table entries: 1024 (order: 2, 24576 bytes, linear)
machine # [    1.169081] UDP hash table entries: 512 (order: 2, 16384 bytes, linear)
machine # [    1.173727] UDP-Lite hash table entries: 512 (order: 2, 16384 bytes, linear)
machine # [    1.178805] NET: Registered PF_UNIX/PF_LOCAL protocol family
machine # [    1.182905] NET: Registered PF_XDP protocol family
machine # [    1.186416] pci_bus 0000:00: resource 4 [io  0x0000-0x0cf7 window]
machine # [    1.190774] pci_bus 0000:00: resource 5 [io  0x0d00-0xffff window]
machine # [    1.195167] pci_bus 0000:00: resource 6 [mem 0x000a0000-0x000bffff window]
machine # [    1.199960] pci_bus 0000:00: resource 7 [mem 0x40000000-0xfebfffff window]
machine # [    1.204788] pci_bus 0000:00: resource 8 [mem 0x100000000-0x17fffffff window]
machine # [    1.209920] pci 0000:00:01.0: PIIX3: Enabling Passive Release
machine # [    1.214046] pci 0000:00:00.0: Limiting direct PCI/PCI transfers
machine # [    1.241032] ACPI: \_SB_.LNKD: Enabled at IRQ 11
machine # [    1.267642] pci 0000:00:01.2: quirk_usb_early_handoff+0x0/0x750 took 47860 usecs
machine # [    1.273651] PCI: CLS 0 bytes, default 64
machine # [    1.276579] Trying to unpack rootfs image as initramfs...
machine # [    1.280588] clocksource: tsc: mask: 0xffffffffffffffff max_cycles: 0x2fbd924e8de, max_idle_ns: 440795321919 ns
machine # [    1.294830] Initialise system trusted keyrings
machine # [    1.303546] workingset: timestamp_bits=40 max_order=18 bucket_order=0
machine # [    1.313123] zbud: loaded
machine # [    1.318790] Key type asymmetric registered
machine # [    1.325552] Asymmetric key parser 'x509' registered
machine # [    1.392827] Freeing initrd memory: 15984K
machine # [    1.400550] alg: self-tests for CTR-KDF (hmac(sha256)) passed
machine # [    1.404674] Block layer SCSI generic (bsg) driver version 0.4 loaded (major 252)
machine # [    1.409899] io scheduler mq-deadline registered
machine # [    1.413230] io scheduler kyber registered
machine # [    1.416616] Serial: 8250/16550 driver, 4 ports, IRQ sharing enabled
machine # [    1.421994] 00:04: ttyS0 at I/O 0x3f8 (irq = 4, base_baud = 115200) is a 16550A
machine # [    1.428639] intel_pstate: CPU model not supported
machine # [    1.432086] drop_monitor: Initializing network drop monitor service
machine # [    1.445895] NET: Registered PF_INET6 protocol family
machine # [    1.453796] Segment Routing with IPv6
machine # [    1.456674] In-situ OAM (IOAM) with IPv6
machine # [    1.460044] IPI shorthand broadcast: enabled
machine # [    1.463573] registered taskstats version 1
machine # [    1.466748] Loading compiled-in X.509 certificates
machine # [    1.470584] zswap: loaded using pool lzo/zbud
machine # [    1.474122] Key type .fscrypt registered
machine # [    1.477060] Key type fscrypt-provisioning registered
machine # [    1.481911] Unstable clock detected, switching default tracing clock to "global"
machine # [    1.481911] If you want to keep using the local clock, then add:
machine # [    1.481911]   "trace_clock=local"
machine # [    1.481911] on the kernel command line
machine # [    1.498957] Freeing unused decrypted memory: 2036K
machine # [    1.502011] Freeing unused kernel image (initmem) memory: 1876K
machine # [    1.504816] Write protecting the kernel read-only data: 22528k
machine # [    1.508976] Freeing unused kernel image (text/rodata gap) memory: 2040K
machine # [    1.512064] Freeing unused kernel image (rodata/data gap) memory: 660K
machine # [    1.554991] x86/mm: Checked W+X mappings: passed, no W+X pages found.
machine # [    1.557934] x86/mm: Checking user space page tables
machine # [    1.597632] x86/mm: Checked W+X mappings: passed, no W+X pages found.
machine # [    1.600435] Run /init as init process
machine # [    1.612005] systemd[1]: Inserted module 'autofs4'
machine # [    1.622009] systemd[1]: systemd 252.5 running in system mode (+PAM -AUDIT -SELINUX -APPARMOR +IMA +SMACK +SECCOMP -GCRYPT -GNUTLS +OPENSSL +ACL +BLKID -CURL -ELFUTILS +FIDO2 -IDN2 -IDN -IPTC +KMOD +LIBCRYPTSETUP +LIBFDISK -PCRE2 -PWQUALITY -P11KIT -QRENCODE +TPM2 -BZIP2 -LZ4 -XZ -ZLIB -ZSTD -BPF_FRAMEWORK -XKBCOMMON +UTMP -SYSVINIT default-hierarchy=unified)
machine # [    1.634596] systemd[1]: Detected virtualization kvm.
machine # [    1.636899] systemd[1]: Detected architecture x86-64.
machine # [    1.639190] systemd[1]: Running in initrd.
machine # [    1.641253] systemd[1]: No hostname configured, using default hostname.
machine # [    1.644191] systemd[1]: Hostname set to <localhost>.
machine # [    1.646588] systemd[1]: Initializing machine ID from random generator.
machine # [    1.703683] systemd[1]: Queued start job for default target Initrd Default Target.
machine # [    1.712593] systemd[1]: Created slice Slice /system/systemd-growfs.
machine # [    1.716107] systemd[1]: Created slice Slice /system/systemd-makefs.
machine # [    1.719261] systemd[1]: Started Dispatch Password Requests to Console Directory Watch.
machine # [    1.723136] systemd[1]: Reached target Initrd Root Device.
machine # [    1.725819] systemd[1]: Reached target Path Units.
machine # [    1.728249] systemd[1]: Reached target Slice Units.
machine # [    1.730700] systemd[1]: Reached target Swaps.
machine # [    1.732967] systemd[1]: Reached target Timer Units.
machine # [    1.735808] systemd[1]: Listening on Journal Audit Socket.
machine # [    1.738821] systemd[1]: Listening on Journal Socket (/dev/log).
machine # [    1.741929] systemd[1]: Listening on Journal Socket.
machine # [    1.744773] systemd[1]: Listening on udev Control Socket.
machine # [    1.747744] systemd[1]: Listening on udev Kernel Socket.
machine # [    1.750570] systemd[1]: Reached target Socket Units.
machine # [    1.753028] systemd[1]: Kernel Configuration File System was skipped because of an unmet condition check (ConditionPathExists=/sys/kernel/config).
machine # [    1.764758] systemd[1]: Starting Create List of Static Device Nodes...
machine # [    1.775760] systemd[1]: Starting Journal Service...
machine # [    1.784824] systemd[1]: Starting Load Kernel Modules...
machine # [    1.798810] systemd[1]: Starting Coldplug All udev Devices...
machine # [    1.820475] systemd[1]: Finished Create List of Static Device Nodes.
machine # [    1.846732] systemd[1]: Starting Create Static Device Nodes in /dev...
machine # [    1.863490] device-mapper: ioctl: 4.47.0-ioctl (2022-07-28) initialised: dm-devel@redhat.com
machine # [    1.874069] systemd[1]: Finished Create Static Device Nodes in /dev.
machine # [    1.888771] systemd[1]: Finished Load Kernel Modules.
machine # [    1.903897] systemd[1]: Starting Apply Kernel Variables...
machine # [    1.917832] audit: type=1334 audit(1678088474.667:2): prog-id=6 op=LOAD
machine # [    1.921497] audit: type=1334 audit(1678088474.671:3): prog-id=7 op=LOAD
machine # [    1.926863] systemd[1]: Starting Rule-based Manager for Device Events and Files...
machine # [    1.954664] systemd[1]: Finished Apply Kernel Variables.
machine # [    1.984222] systemd[1]: Finished Coldplug All udev Devices.
machine # [    2.001520] systemd[1]: Started Rule-based Manager for Device Events and Files.
machine # [    2.153253] systemd[1]: Started Journal Service.
machine # [    1.493963] systemd-modules-load[75]: Inserted module 'virtio_balloon'
machine # [    1.503342] systemd-modules-load[75]: Inserted module 'virtio_console'
machine # [    1.512594] systemd-modules-load[75]: Inserted module 'dm_mod'
machine # [    1.521717] systemd-udevd[81]: Using default interface naming scheme 'v252'.
machine # [    1.532341] systemd-udevd[81]: /nix/store/m1safh1fssisd0f7brzi65y3g9qixf0j-systemd-stage-1-252.5/lib/udev/rules.d/50-udev-default.rules:22 Unknown group 'tty', ignoring
machine # [    1.549651] systemd-udevd[81]: /nix/store/m1safh1fssisd0f7brzi65y3g9qixf0j-systemd-stage-1-252.5/lib/udev/rules.d/50-udev-default.rules:23 Unknown group 'tty', ignoring
machine # [    1.566771] systemd-udevd[81]: /nix/store/m1safh1fssisd0f7brzi65y3g9qixf0j-systemd-stage-1-252.5/lib/udev/rules.d/50-udev-default.rules:24 Unknown group 'tty', ignoring
machine # [    1.583482] systemd-udevd[81]: /nix/store/m1safh1fssisd0f7brzi65y3g9qixf0j-systemd-stage-1-252.5/lib/udev/rules.d/50-udev-default.rules:25 Unknown group 'tty', ignoring
machine # [    1.597657] systemd-udevd[81]: /nix/store/m1safh1fssisd0f7brzi65y3g9qixf0j-systemd-stage-1-252.5/lib/udev/rules.d/50-udev-default.rules:26 Unknown group 'tty', ignoring
machine # [    1.612994] systemd-udevd[81]: /nix/store/m1safh1fssisd0f7brzi65y3g9qixf0j-systemd-stage-1-252.5/lib/udev/rules.d/50-udev-default.rules:27 Unknown group 'tty', ignoring
machine # [    1.629346] systemd-udevd[81]: /nix/store/m1safh1fssisd0f7brzi65y3g9qixf0j-systemd-stage-1-252.5/lib/udev/rules.d/50-udev-default.rules:28 Unknown group 'tty', ignoring
machine # [    1.643019] systemd-udevd[81]: /nix/store/m1safh1fssisd0f7brzi65y3g9qixf0j-systemd-stage-1-252.5/lib/udev/rules.d/50-udev-default.rules:29 Unknown group 'dialout', ignoring
machine # [    1.658051] systemd-udevd[81]: /nix/store/m1safh1fssisd0f7brzi65y3g9qixf0j-systemd-stage-1-252.5/lib/udev/rules.d/50-udev-default.rules:31 Unknown group 'kmem', ignoring
machine # [    1.673676] systemd-udevd[81]: /nix/store/m1safh1fssisd0f7brzi65y3g9qixf0j-systemd-stage-1-252.5/lib/udev/rules.d/50-udev-default.rules:33 Unknown group 'input', ignoring
machine # [    1.689050] systemd-udevd[81]: /nix/store/m1safh1fssisd0f7brzi65y3g9qixf0j-systemd-stage-1-252.5/lib/udev/rules.d/50-udev-default.rules:36 Unknown group 'video', ignoring
machine # [    1.704669] systemd-udevd[81]: /nix/store/m1safh1fssisd0f7brzi65y3g9qixf0j-systemd-stage-1-252.5/lib/udev/rules.d/50-udev-default.rules:37 Unknown group 'video', ignoring
machine # [    1.719687] systemd-udevd[81]: /nix/store/m1safh1fssisd0f7brzi65y3g9qixf0j-systemd-stage-1-252.5/lib/udev/rules.d/50-udev-default.rules:38 Unknown group 'video', ignoring
machine # [    1.734961] systemd-udevd[81]: /nix/store/m1safh1fssisd0f7brzi65y3g9qixf0j-systemd-stage-1-252.5/lib/udev/rules.d/50-udev-default.rules:39 Unknown group 'video', ignoring[    2.412091] i8042: PNP: PS/2 Controller [PNP0303:KBD,PNP0f13:MOU] at 0x60,0x64 irq 1,12
machine # 
machine # [    1.751693] systemd-udevd[81]: /nix/store/m1safh1fssisd0f7brzi65y3g9qixf0j-systemd-stage-1-252.5/lib/udev/rules.d/50-udev-default.rules:40 Unknown group 'video', ignoring[    2.427113] rtc_cmos 00:05: RTC can wake from S4
machine # 
machine # [    1.768808] systemd-udevd[81]: /nix/store/m1safh1fssisd0f7brzi65y3g9qixf0j-systemd-stage-1-252.5/lib/udev/rules.d/50-udev-default.rules:41 Unknown group 'video', ignoring
machine # [    1.783688] systemd-udevd[81]: /nix/store/m1safh1fssisd0f7brzi65y3g9qixf0j-systemd-stage-1-252.5/lib/udev/rules.d/50-udev-default.rules:43 Unknown group 'render', ignoring[    2.458559] rtc_cmos 00:05: registered as rtc0
machine # 
machine # [    2.467008] serio: i8042 KBD port at 0x60,0x64 irq 1
machine # [    1.802760] systemd-udevd[81]: /nix/store/m1safh1fssisd0f7brzi65y3g9qixf0j-systemd-stage-1-252.5/lib/udev/rules.d/50-udev-default.rules:44 Unknown group 'render', ignoring[    2.477974] rtc_cmos 00:05: alarms up to one day, y3k, 242 bytes nvram, hpet irqs
machine # 
machine # [    1.817544] systemd-udevd[81]: /nix/store/m1safh1fssisd0f7brzi65y3g9qixf0j-systemd-stage-1-252.5/lib/udev/rules.d/50-udev-default.rules:46 Unknown group 'sgx', ignoring[    2.493532] serio: i8042 AUX port at 0x60,0x64 irq 12
machine # 
machine # [    1.833536] systemd-udevd[81]: /nix/store/m1safh1fssisd0f7brzi65y3g9qixf0j-systemd-stage-1-252.5/lib/udev/rules.d/50-udev-default.rules:47 Unknown group 'sgx', ignoring
machine # [    1.848034] systemd-udevd[81]: /nix/store/m1safh1fssisd0f7brzi65y3g9qixf0j-systemd-stage-1-252.5/lib/udev/rules.d/50-udev-default.rules:53 Unknown group 'audio', ignoring
machine # [    1.864018] systemd-udevd[81]: /nix/store/m1safh1fssisd0f7brzi65y3g9qixf0j-systemd-stage-1-252.5/lib/udev/rules.d/50-udev-default.rules:63 Unknown group 'audio', ignoring
machine # [    1.878693] systemd-udevd[81]: /nix/store/m1safh1fssisd0f7brzi65y3g9qixf0j-systemd-stage-1-252.5/lib/udev/rules.d/50-udev-default.rules:64 Unknown group 'audio', ignoring
machine # [    1.893651] systemd-udevd[81]: /nix/store/m1safh1fssisd0f7brzi65y3g9qixf0j-systemd-stage-1-252.5/lib/udev/rules.d/50-udev-default.rules:65 Unknown group 'video', ignoring
machine # [    1.907968] systemd-udevd[81]: /nix/store/m1safh1fssisd0f7brzi65y3g9qixf0j-systemd-stage-1-252.5/lib/udev/rules.d/50-udev-default.rules:67 Unknown group 'lp', ignoring
machine # [    1.923005] systemd-udevd[81]: /nix/store/m1safh1fssisd0f7brzi65y3g9qixf0j-systemd-stage-1-252.5/lib/udev/rules.d/50-udev-default.rules:68 Unknown group 'lp', ignoring
machine # [    1.937673] systemd-udevd[81]: /nix/store/m1safh1fssisd0f7brzi65y3g9qixf0j-systemd-stage-1-252.5/lib/udev/rules.d/50-udev-default.rules:69 Unknown group 'lp', ignoring
machine # [    1.953641] systemd-udevd[81]: /nix/store/m1safh1fssisd0f7brzi65y3g9qixf0j-systemd-stage-1-252.5/lib/udev/rules.d/50-udev-default.rules:70 Unknown group 'lp', ignoring
machine # [    1.966996] systemd-udevd[81]: /nix/store/m1safh1fssisd0f7brzi65y3g9qixf0j-systemd-stage-1-252.5/lib/udev/rules.d/50-udev-default.rules:71 Unknown group 'lp', ignoring
machine # [    1.982650] systemd-udevd[81]: /nix/store/m1safh1fssisd0f7brzi65y3g9qixf0j-systemd-stage-1-252.5/lib/udev/rules.d/50-udev-default.rules:72 Unknown group 'lp', ignoring
machine # [    1.995985] systemd-udevd[81]: /nix/store/m1safh1fssisd0f7brzi65y3g9qixf0j-systemd-stage-1-252.5/lib/udev/rules.d/50-udev-default.rules:74 Unknown group 'disk', ignoring
machine # [    2.013005] systemd-udevd[81]: /nix/store/m1safh1fssisd0f7brzi65y3g9qixf0j-systemd-stage-1-252.5/lib/udev/rules.d/50-udev-default.rules:75 Unknown group 'cdrom', ignoring[    2.687597] SCSI subsystem initialized
machine # 
machine # [    2.029283] systemd-udevd[81]: /nix/store/m1safh1fssisd0f7brzi65y3g9qixf0j-systemd-stage-1-252.5/lib/udev/rules.d/50-udev-default.rules:76 Unknown group 'cdrom', ignoring
machine # [    2.042992] systemd-udevd[81]: /nix/store/m1safh1fssisd0f7brzi65y3g9qixf0j-systemd-stage-1-252.5/lib/udev/rules.d/50-udev-default.rules:77 Unknown group 'cdrom', ignoring[    2.720683] ACPI: bus type USB registered
machine # 
machine # [    2.059924] systemd-udevd[81]: /nix/store/m1safh1fssisd0f7brzi65y3g9qixf0j-systemd-stage-1-252.5/lib/udev/rules.d/50-udev-default.rules:78 Unknown group 'cdrom', ignoring[    2.736498] usbcore: registered new interface driver usbfs
machine # 
machine # [    2.074915] systemd-udevd[81]: /nix/store/m1safh1fssisd0f7brzi65y3g9qixf0j-systemd-stage-1-252.5/lib/udev/rules.d/50-udev-default.rules:79 Unknown group 'cdrom', ignoring[    2.753488] usbcore: registered new interface driver hub
machine # 
machine # [    2.089740] systemd-udevd[81]: /nix/store/m1safh1fssisd0f7brzi65y3g9qixf0j-systemd-stage-1-252.5/lib/udev/rules.d/50-udev-default.rules:81 Unknown group 'tape', ignoring
machine # [    2.770861] usbcore: registered new device driver usb
machine # [    2.106826] systemd-udevd[81]: /nix/store/m1safh1fssisd0f7brzi65y3g9qixf0j-systemd-stage-1-252.5/lib/udev/rules.d/50-udev-default.rules:82 Unknown group 'disk', ignoring
machine # [    2.120020] systemd-udevd[81]: /nix/store/m1safh1fssisd0f7brzi65y3g9qixf0j-systemd-stage-1-252.5/lib/udev/rules.d/50-udev-default.rules:83 Unknown group 'disk', ignoring[    2.800744] ACPI: \_SB_.LNKC: Enabled at IRQ 10
machine # 
machine # [    2.138413] systemd-udevd[81]: /nix/store/m1safh1fssisd0f7brzi65y3g9qixf0j-systemd-stage-1-252.5/lib/udev/rules.d/50-udev-default.rules:84 Unknown group 'disk', ignoring
machine # [    2.154803] systemd-udevd[81]: /nix/store/m1safh1fssisd0f7brzi65y3g9qixf0j-systemd-stage-1-252.5/lib/udev/rules.d/50-udev-default.rules:85 Unknown group 'disk', ignoring
machine # [    2.168027] systemd-udevd[81]: /nix/store/m1safh1fssisd0f7brzi65y3g9qixf0j-systemd-stage-1-252.5/lib/udev/rules.d/50-udev-default.rules:86 Unknown group 'disk', ignoring
machine # [    2.186530] systemd-udevd[81]: /nix/store/m1safh1fssisd0f7brzi65y3g9qixf0j-systemd-stage-1-252.5/lib/udev/rules.d/50-udev-default.rules:87 Unknown group 'disk', ignoring
machine # [    2.200948] systemd-udevd[81]: /nix/store/m1safh1fssisd0f7brzi65y3g9qixf0j-systemd-stage-1-252.5/lib/udev/rules.d/50-udev-default.rules:88 Unknown group 'disk', ignoring[    2.874915] scsi host0: ata_piix
machine # 
machine # [    2.217631] systemd-udevd[81]: /nix/store/m1safh1fssisd0f7brzi65y3g9qixf0j-systemd-stage-1-252.5/lib/udev/rules.d/50-udev-default.rules:97 Unknown group 'kvm', ignoring[    2.894498] scsi host1: ata_piix
machine # [    2.897134] ata1: PATA max MWDMA2 cmd 0x1f0 ctl 0x3f6 bmdma 0xc1e0 irq 14
machine # [    2.900265] ata2: PATA max MWDMA2 cmd 0x170 ctl 0x376 bmdma 0xc1e8 irq 15
machine # 
machine # [    2.241506] systemd-udevd[81]: /nix/store/m1safh1fssisd0f7brzi65y3g9qixf0j-systemd-stage-1-252.5/lib/udev/rules.d/50-udev-default.rules:102 Unknown group 'kvm', ignoring
machine # [    2.254648] systemd-udevd[81]: /nix/store/m1safh1fssisd0f7brzi65y3g9qixf0j-systemd-stage-1-252.5/lib/udev/rules.d/50-udev-default.rules:104 Unknown group 'kvm', ignoring
machine # [    2.269347] systemd-udevd[81]: /nix/store/m1safh1fssisd0f7brzi65y3g9qixf0j-systemd-stage-1-252.5/lib/udev/rules.d/50-udev-default.rules:106 Unknown group 'kvm', ignoring
machine # [    2.285352] systemd-udevd[85]: event_source: Failed to get device name: No such file or directory
machine # [    2.976114] uhci_hcd 0000:00:01.2: UHCI Host Controller
machine # [    2.983020] uhci_hcd 0000:00:01.2: new USB bus registered, assigned bus number 1
machine # [    2.986248] uhci_hcd 0000:00:01.2: detected 2 ports
machine # [    2.992522] uhci_hcd 0000:00:01.2: irq 11, io port 0x0000c100
machine # [    2.999602] usb usb1: New USB device found, idVendor=1d6b, idProduct=0001, bcdDevice= 6.01
machine # [    3.003169] usb usb1: New USB device strings: Mfr=3, Product=2, SerialNumber=1
machine # [    3.006467] usb usb1: Product: UHCI Host Controller
machine # [    3.008724] usb usb1: Manufacturer: Linux 6.1.15 uhci_hcd
machine # [    3.011154] usb usb1: SerialNumber: 0000:00:01.2
machine # [    3.030812] hub 1-0:1.0: USB hub found
machine # [    3.034498] hub 1-0:1.0: 2 ports detected
machine # [    3.047477] ACPI: \_SB_.LNKA: Enabled at IRQ 10
machine # [    3.063295] ata2: found unknown device (class 0)
machine # [    3.074481] ata2.00: ATAPI: QEMU DVD-ROM, 2.5+, max UDMA/100
machine # [    3.085941] scsi 1:0:0:0: CD-ROM            QEMU     QEMU DVD-ROM     2.5+ PQ: 0 ANSI: 5
machine # [    3.104615] ACPI: \_SB_.LNKB: Enabled at IRQ 11
machine # [    3.264588] usb 1-1: new full-speed USB device number 2 using uhci_hcd
machine # [    3.399581] input: AT Translated Set 2 keyboard as /devices/platform/i8042/serio0/input/input0
machine # [    3.441842] usb 1-1: New USB device found, idVendor=0627, idProduct=0001, bcdDevice= 0.00
machine # [    3.445606] usb 1-1: New USB device strings: Mfr=1, Product=3, SerialNumber=10
machine # [    3.448819] usb 1-1: Product: QEMU USB Tablet
machine # [    3.450855] usb 1-1: Manufacturer: QEMU
machine # [    3.452670] usb 1-1: SerialNumber: 28754-0000:00:01.2-1
machine # [    3.482607] virtio_blk virtio5: 1/0/0 default/read/poll queues
machine # [    3.488568] 9pnet: Installing 9P2000 support
machine # [    3.523512] sr 1:0:0:0: [sr0] scsi3-mmc drive: 4x/4x cd/rw xa/form2 tray
machine # [    3.526461] cdrom: Uniform CD-ROM driver Revision: 3.20
machine # [    3.552526] virtio_blk virtio5: [vda] 2097152 512-byte logical blocks (1.07 GB/1.00 GiB)
machine # [    3.606119] hid: raw HID events driver (C) Jiri Kosina
machine # [    2.944001] systemd-udevd[83]: Network interface NamePolicy= disabled on kernel command line.
machine # [    2.964048] systemd-udevd[87]: eth1: Config file /nix/store/vcgrvcj9yp01k8crbngfhbzqwdg26jrr-initrd-link-units/40-eth1.link is applied to device based on potentially unpredictable interface name.
machine # [    2.984385] systemd-udevd[87]: Network interface NamePolicy= disabled on kernel command line.
machine # [    3.015358] systemd[1]: Found device /dev/vda.
machine # [    3.026621] systemd[1]: Starting Make File System on /dev/vda...
machine # [    3.716058] usbcore: registered new interface driver usbhid
machine # [    3.718567] usbhid: USB HID core driver
machine # [    3.091917] systemd-udevd[90]: vtcon0: Process '/nix/store/m1safh1fssisd0f7brzi65y3g9qixf0j-systemd-stage-1-252.5/lib/systemd/systemd-vconsole-setup' failed with exit code 1.
machine # [    3.777540] input: QEMU QEMU USB Tablet as /devices/pci0000:00/0000:00:01.2/usb1/1-1/1-1:1.0/0003:0627:0001.0001/input/input2
machine # [    3.116477] systemd-makefs[111]: /dev/vda successfully formatted as ext4 (label "vda", uuid 19583be7-61ef-43a1-864f-8f083bfbefd0)
machine # [    3.142499] systemd[1]: Finished Make File System on /dev/vda.[    3.818680] hid-generic 0003:0627:0001.0001: input,hidraw0: USB HID v0.01 Mouse [QEMU QEMU USB Tablet] on usb-0000:00:01.2-1/input0
machine # 
machine # [    3.161606] systemd[1]: Mounting /sysroot...
machine # [    3.945589] EXT4-fs (vda): mounted filesystem with ordered data mode. Quota mode: none.
machine # [    3.289829] systemd[1]: Mounted /sysroot.
machine # [    3.294471] systemd[1]: Reached target Initrd Root File System.
machine # [    3.309439] systemd[1]: Mounting /sysroot/nix/.ro-store...
machine # [    3.321521] systemd[1]: Mounting /sysroot/nix/.rw-store...
machine # [    3.336659] systemd[1]: Mounting /sysroot/tmp/shared...
machine # [    4.014132] FS-Cache: Loaded
machine # [    3.353642] systemd[1]: Mounting /sysroot/tmp/xchg...
machine # [    3.402556] systemd[1]: Starting Mountpoints Configured in the Real Root...[    4.083882] 9p: Installing v9fs 9p2000 file system support
machine # 
machine # [    4.106515] EXT4-fs (vda): resizing filesystem from 262144 to 262144 blocks
machine # [    3.444487] systemd[1]: Starting Grow File System on /sysroot...
machine # [    3.463633] systemd[1]: Mounted /sysroot/nix/.rw-store.
machine # [    3.483637] systemd[1]: Starting rw-store.service...
machine # [    3.499682] systemd[1]: rw-store.service: Deactivated successfully.
machine # [    3.509992] systemd[1]: Finished rw-store.service.
machine # [    3.518717] systemd[1]: Mounted /sysroot/nix/.ro-store.
machine # [    3.524717] systemd[1]: Mounted /sysroot/tmp/shared.
machine # [    3.533772] systemd[1]: Mounted /sysroot/tmp/xchg.
machine # [    3.542913] systemd-growfs[133]: Successfully resized "/sysroot" to 1.0G bytes.
machine # [    3.550903] systemd[1]: Finished Grow File System on /sysroot.
machine # [    3.556512] systemd[1]: initrd-parse-etc.service: Deactivated successfully.
machine # [    3.566371] systemd[1]: Finished Mountpoints Configured in the Real Root.
machine # [    3.577851] systemd[1]: Mounting /sysroot/nix/store...
machine # [    3.588448] systemd[1]: Mounted /sysroot/nix/store.
machine # [    3.595599] systemd[1]: Reached target Initrd File Systems.
machine # [    3.604967] systemd[1]: Reached target Local File Systems.
machine # [    3.611804] systemd[1]: Starting Create Volatile Files and Directories...
machine # [    3.616760] systemd[1]: Finished Create Volatile Files and Directories.
machine # [    3.621505] systemd[1]: Reached target System Initialization.
machine # [    3.625924] systemd[1]: Reached target Basic System.
machine # [    3.630920] systemd[1]: System is tainted: var-run-bad
machine # [    3.635385] systemd[1]: Starting NixOS Activation...
machine # [    3.796367] initrd-nixos-activation-start[142]: booting system configuration /nix/store/32609lhnw41hrb1jxqk7d4r4lsbav9mc-nixos-system-machine-23.05pre-git
machine # [    3.868062] initrd-nixos-activation-start[142]: running activation script...
machine # [    4.373646] initrd-nixos-activation-start[169]: setting up /etc...
machine # [    5.863070] systemd[1]: initrd-nixos-activation.service: Deactivated successfully.
machine # [    5.870801] systemd[1]: Finished NixOS Activation.
machine # [    5.874585] systemd[1]: Reached target Initrd Default Target.
machine # [    5.882431] systemd[1]: Starting Cleaning Up and Shutting Down Daemons...
machine # [    5.895872] systemd[1]: Stopped target Initrd Default Target.
machine # [    5.907741] systemd[1]: Stopped target Basic System.
machine # [    5.926387] systemd[1]: Stopped target Initrd Root Device.
machine # [    5.937817] systemd[1]: Stopped target Path Units.
machine # [    5.945923] systemd[1]: systemd-ask-password-console.path: Deactivated successfully.
machine # [    5.956287] systemd[1]: Stopped Dispatch Password Requests to Console Directory Watch.
machine # [    5.962765] systemd[1]: Stopped target Slice Units.
machine # [    5.972607] systemd[1]: Stopped target Socket Units.
machine # [    5.979776] systemd[1]: Stopped target System Initialization.
machine # [    5.991680] systemd[1]: Stopped target Swaps.
machine # [    5.997059] systemd[1]: Stopped target Timer Units.
machine # [    6.010751] systemd[1]: systemd-sysctl.service: Deactivated successfully.
machine # [    6.019916] systemd[1]: Stopped Apply Kernel Variables.
machine # [    6.028397] systemd[1]: systemd-modules-load.service: Deactivated successfully.
machine # [    6.037315] systemd[1]: Stopped Load Kernel Modules.
machine # [    6.044694] systemd[1]: systemd-tmpfiles-setup.service: Deactivated successfully.
machine # [    6.053945] systemd[1]: Stopped Create Volatile Files and Directories.
machine # [    6.061987] systemd[1]: Stopped target Local File Systems.
machine # [    6.070343] systemd[1]: systemd-udev-trigger.service: Deactivated successfully.
machine # [    6.078029] systemd[1]: Stopped Coldplug All udev Devices.
machine # [    6.085052] systemd[1]: Stopping Rule-based Manager for Device Events and Files...
machine # [    6.094282] systemd[1]: run-credentials-systemd\x2dtmpfiles\x2dsetup.service.mount: Deactivated successfully.
machine # [    6.104022] systemd[1]: run-credentials-systemd\x2dsysctl.service.mount: Deactivated successfully.
machine # [    6.117891] systemd[1]: initrd-cleanup.service: Deactivated successfully.
machine # [    6.125615] systemd[1]: Finished Cleaning Up and Shutting Down Daemons.
machine # [    6.132749] systemd[1]: systemd-udevd.service: Deactivated successfully.
machine # [    6.810563] systemd-journald[74]: Received SIGTERM from PID 1 (systemd).
machine # [    6.149933] systemd[1]: Stopped Rule-based Manager for Device Events and Files.
machine # [    6.159073] systemd[1]: systemd-udevd.service: Consumed 1.222s CPU time.
machine # [    6.167859] systemd[1]: systemd-udevd-control.socket: Deactivated successfully.
machine # [    6.173305] systemd[1]: Closed udev Control Socket.
machine # [    6.178836] systemd[1]: systemd-udevd-kernel.socket: Deactivated successfully.
machine # [    6.184047] systemd[1]: Closed udev Kernel Socket.
machine # [    6.188286] systemd[1]: Starting Cleanup udev Database...
machine # [    6.192927] systemd[1]: systemd-tmpfiles-setup-dev.service: Deactivated successfully.
machine # [    6.198458] systemd[1]: Stopped Create Static Device Nodes in /dev.
machine # [    6.203354] systemd[1]: kmod-static-nodes.service: Deactivated successfully.
machine # [    6.208425] systemd[1]: Stopped Create List of Static Device Nodes.
machine # [    6.213665] systemd[1]: run-credentials-systemd\x2dtmpfiles\x2dsetup\x2ddev.service.mount: Deactivated successfully.
machine # [    6.220368] systemd[1]: initrd-udevadm-cleanup-db.service: Deactivated successfully.
machine # [    6.225701] systemd[1]: Finished Cleanup udev Database.
machine # [    6.229782] systemd[1]: Reached target Switch Root.
machine # [    6.233916] systemd[1]: Starting Switch Root...
machine # [    6.237737] systemd[1]: Switching root.
machine # [    7.099784] systemd[1]: systemd 252.5 running in system mode (+PAM +AUDIT -SELINUX +APPARMOR +IMA +SMACK +SECCOMP +GCRYPT -GNUTLS +OPENSSL +ACL +BLKID +CURL +ELFUTILS +FIDO2 +IDN2 -IDN +IPTC +KMOD +LIBCRYPTSETUP +LIBFDISK +PCRE2 -PWQUALITY +P11KIT -QRENCODE +TPM2 +BZIP2 +LZ4 +XZ +ZLIB +ZSTD +BPF_FRAMEWORK -XKBCOMMON +UTMP -SYSVINIT default-hierarchy=unified)
machine # [    7.112632] systemd[1]: Detected virtualization kvm.
machine # [    7.114954] systemd[1]: Detected architecture x86-64.
machine # [    7.121038] systemd[1]: Initializing machine ID from random generator.
machine # [    7.153812] audit: type=1334 audit(1678088479.904:4): prog-id=8 op=LOAD
machine # [    7.156807] audit: type=1334 audit(1678088479.907:5): prog-id=8 op=UNLOAD
machine # [    7.160140] audit: type=1334 audit(1678088479.910:6): prog-id=9 op=LOAD
machine # [    7.163134] audit: type=1334 audit(1678088479.910:7): prog-id=9 op=UNLOAD
machine # [    7.176948] audit: type=1334 audit(1678088479.927:8): prog-id=10 op=LOAD
machine # [    7.180063] audit: type=1334 audit(1678088479.927:9): prog-id=10 op=UNLOAD
machine # [    7.183160] audit: type=1334 audit(1678088479.930:10): prog-id=11 op=LOAD
machine # [    7.186272] audit: type=1334 audit(1678088479.930:11): prog-id=11 op=UNLOAD
machine # [    7.191812] audit: type=1334 audit(1678088479.942:12): prog-id=12 op=LOAD
machine # [    7.198497] audit: type=1334 audit(1678088479.942:13): prog-id=12 op=UNLOAD
machine # [    7.476580] systemd[1]: bpf-lsm: LSM BPF program attached
machine # [    8.314033] systemd[1]: systemd-journald.service: Current command vanished from the unit file, execution of the command list won't be resumed.
machine # [    8.326949] systemd[1]: initrd-switch-root.service: Current command vanished from the unit file, execution of the command list won't be resumed.
machine # [    8.385057] systemd[1]: initrd-switch-root.service: Deactivated successfully.
machine # [    8.393861] systemd[1]: Stopped initrd-switch-root.service.
machine # [    8.399763] systemd[1]: systemd-journald.service: Scheduled restart job, restart counter is at 1.
machine # [    8.405159] systemd[1]: Created slice Slice /system/getty.
machine # [    8.408982] systemd[1]: Created slice Slice /system/modprobe.
machine # [    8.412915] systemd[1]: Created slice User and Session Slice.
machine # [    8.416170] systemd[1]: Started Dispatch Password Requests to Console Directory Watch.
machine # [    8.420160] systemd[1]: Started Forward Password Requests to Wall Directory Watch.
machine # [    8.424009] systemd[1]: Reached target Local Encrypted Volumes.
machine # [    8.426970] systemd[1]: Stopped target initrd-fs.target.
machine # [    8.429654] systemd[1]: Stopped target initrd-root-fs.target.
machine # [    8.432645] systemd[1]: Stopped target initrd-switch-root.target.
machine # [    8.435775] systemd[1]: Reached target Containers.
machine # [    8.438578] systemd[1]: Reached target Path Units.
machine # [    8.441146] systemd[1]: Reached target Remote File Systems.
machine # [    8.444036] systemd[1]: Reached target Slice Units.
machine # [    8.446782] systemd[1]: Reached target Swaps.
machine # [    8.454086] systemd[1]: Listening on Process Core Dump Socket.
machine # [    8.458001] systemd[1]: Listening on Userspace Out-Of-Memory (OOM) Killer Socket.
machine # [    8.463668] systemd[1]: Listening on udev Control Socket.
machine # [    8.466986] systemd[1]: Listening on udev Kernel Socket.
machine # [    8.474084] systemd[1]: Mounting Huge Pages File System...
machine # [    8.479580] systemd[1]: Mounting POSIX Message Queue File System...
machine # [    8.495776] systemd[1]: Mounting Kernel Debug File System...
machine # [    8.502841] systemd[1]: Starting Create List of Static Device Nodes...
machine # [    8.519609] systemd[1]: Starting Load Kernel Module configfs...
machine # [    8.532593] systemd[1]: Starting Load Kernel Module drm...
machine # [    8.547880] systemd[1]: Starting Load Kernel Module efi_pstore...
machine # [    8.566005] systemd[1]: Starting Load Kernel Module fuse...
machine # [    8.581017] systemd[1]: Starting mount-pstore.service...
machine # [    8.592863] systemd[1]: File System Check on Root Device was skipped because of an unmet condition check (ConditionPathIsReadWrite=!/).
machine # [    8.607705] fuse: init (API version 7.37)
machine # [    8.611837] systemd[1]: systemd-growfs@sysroot.service: Deactivated successfully.
machine # [    8.623549] systemd[1]: Stopped systemd-growfs@sysroot.service.
machine # [    8.627924] systemd[1]: Stopped Journal Service.
machine # [    8.643955] systemd[1]: Starting Journal Service...
machine # [    8.646753] systemd[1]: systemd-makefs@dev-vda.service: Deactivated successfully.
machine # [    8.667588] systemd[1]: Stopped systemd-makefs@dev-vda.service.
machine # [    8.674040] ACPI: bus type drm_connector registered
machine # [    8.683012] systemd[1]: Starting Load Kernel Modules...
machine # [    8.702813] systemd[1]: Starting Remount Root and Kernel File Systems...
machine # [    8.726030] systemd[1]: Starting Coldplug All udev Devices...
machine # [    8.756201] systemd[1]: Mounted Huge Pages File System.
machine # [    8.772966] systemd[1]: Mounted POSIX Message Queue File System.
machine # [    8.776583] EXT4-fs (vda): re-mounted. Quota mode: none.
machine # [    8.796572] systemd[1]: Mounted Kernel Debug File System.
machine # [    8.816715] systemd[1]: Finished Create List of Static Device Nodes.
machine # [    8.832558] systemd[1]: modprobe@configfs.service: Deactivated successfully.
machine # [    8.837812] bridge: filtering via arp/ip/ip6tables is no longer available by default. Update your scripts to load br_netfilter if you need this.
machine # [    8.853200] systemd[1]: Finished Load Kernel Module configfs.
machine # [    8.864564] systemd[1]: Started Journal Service.
machine # [    8.892570] tun: Universal TUN/TAP device driver, 1.6
machine # [    8.927974] loop: module loaded
machine # [    9.072743] systemd-journald[311]: Received client request to flush runtime journal.
machine # [    9.507017] systemd[1]: Queued start job for default target Multi-User System.
machine # [    9.538426] systemd[1]: systemd-journald.service: Deactivated successfully.
machine # [    9.554990] systemd-modules-load[312]: Inserted module 'bridge'
machine # [    9.579416] systemd-modules-load[312]: Inserted module 'macvlan'
machine # [    9.597961] systemd-modules-load[312]: Inserted module 'tap'
machine # [    9.620558] systemd[1]: modprobe@drm.service: Deactivated successfully.
machine # [    9.634383] systemd[1]: Finished Load Kernel Module drm.
machine # [    9.648320] systemd[1]: modprobe@efi_pstore.service: Deactivated successfully.
machine # [    9.671709] systemd[1]: Finished Load Kernel Module efi_pstore.
machine # [    9.692861] systemd[1]: modprobe@fuse.service: Deactivated successfully.
machine # [    9.728039] systemd-modules-load[312]: Inserted module 'tun'
machine # [    9.758034] systemd[1]: Finished Load Kernel Module fuse.
machine # [    9.784671] systemd[1]: Finished Remount Root and Kernel File Systems.
machine # [    9.818927] systemd-modules-load[312]: Inserted module 'loop'
machine # [    9.842297] systemd[1]: Mounting FUSE Control File System...
machine # [    9.855621] systemd[1]: Mounting Kernel Configuration File System...
machine # [    9.875511] systemd[1]: Starting Flush Journal to Persistent Storage...
machine # [    9.896649] systemd[1]: Starting Load/Save Random Seed...
machine # [    9.910747] systemd[1]: Starting Create Static Device Nodes in /dev...
machine # [    9.958857] systemd[1]: Finished Load Kernel Modules.
machine # [    9.970703] systemd[1]: Mounted FUSE Control File System.
machine # [    9.983465] systemd[1]: Mounted Kernel Configuration File System.
machine # [   10.007625] systemd[1]: Starting Firewall...
machine # [   10.032603] systemd[1]: Starting Apply Kernel Variables...
machine # [   10.057051] systemd[1]: Finished Load/Save Random Seed.
machine # [   10.077630] systemd[1]: Finished Coldplug All udev Devices.
machine # [   10.090694] systemd[1]: Finished Create Static Device Nodes in /dev.
machine # [   10.103945] systemd[1]: Reached target Preparation for Local File Systems.
machine # [   10.115874] systemd[1]: Reached target Local File Systems.
machine # [   10.127379] systemd[1]: Starting Rule-based Manager for Device Events and Files...
machine # [   10.143463] systemd[1]: Finished Apply Kernel Variables.
machine # [   10.154708] systemd-udevd[335]: Using default interface naming scheme 'v252'.
machine # [   10.167065] systemd[1]: Started Rule-based Manager for Device Events and Files.
machine # [   10.197453] systemd[1]: Finished Flush Journal to Persistent Storage.
machine # [   10.225398] f4xrzmq3i4d8ywd9vz5c0kafbb83b1jq-mount-pstore.sh[317]: Persistent Storage backend was not registered in time.
machine # connecting to host...
machine # [   10.340990] systemd[1]: Starting Create Volatile Files and Directories...
machine # [   11.049546] 8021q: 802.1Q VLAN Support v1.8
machine: connected to guest root shell
machine: (connecting took 12.35 seconds)
machine # [   10.392042] dhcpcd[467]: dhcpcd-9.4.1 starting
(finished: waiting for the VM to finish booting, in 12.70 seconds)
machine # [   10.424810] systemd[1]: Finished Create Volatile Files and Directories.
machine # [   10.471556] dhcpcd[477]: dev: loaded udev
machine # [   10.497284] systemd[1]: Starting Rebuild Journal Catalog...
machine # sh: cannot set terminal process group (-1): Inappropriate ioctl for device
machine # sh: no job control in this shell
machine # [   10.529754] j72arpq1dfn7q59irzji3xwljjdiq8vs-audit-disable[468]: No rules
machine # [   10.570910] systemd[1]: Starting Userspace Out-Of-Memory (OOM) Killer...
machine # [   10.620892] systemd[1]: Starting Record System Boot/Shutdown in UTMP...[   11.317196] mousedev: PS/2 mouse device common for all mice
machine # 
machine # [   10.674855] logrotate[470]: warning: logrotate in debug mode does nothing except printing debug messages!  Consider using verbose mode (-v) instead if this is not what you want.
machine # [   10.748278] logrotate[470]: reading config file /nix/store/ysgfy4413nrn23ddins98pcrk81bmzsy-logrotate.conf
machine # [   10.801284] logrotate[470]: note: 'monthly' overrides previously specified 'weekly'
machine # [   10.847290] logrotate[470]: Reading state from file: /var/lib/logrotate.status
machine # [   10.866685] logrotate[470]: state file /var/lib/logrotate.status does not exist
machine # [   10.890279] logrotate[470]: Allocating hash table for state file, size 64 entries
machine # [   10.910797] logrotate[470]: Handling 2 logs
machine # [   10.924666] logrotate[470]: rotating pattern: "/var/log/btmp"  monthly (1 rotations)[   11.602958] cfg80211: Loading compiled-in X.509 certificates for regulatory database
machine # 
machine # [   10.942797] logrotate[470]: empty log files are not rotated, only log files >= 1048576 bytes are rotated, old logs are removed
machine # [   10.978555] logrotate[470]: considering log /var/log/btmp
machine # [   10.997852] logrotate[470]: Creating new state
machine # [   11.019833] logrotate[470]:   Now: 2023-03-06 07:41
machine # [   11.043638] logrotate[470]:   Last rotated at 2023-03-06 07:00[   11.723113] cfg80211: Loaded X.509 cert 'sforshee: 00b28ddf47aef9cea7'
machine # [   11.727498] platform regulatory.0: Direct firmware load for regulatory.db failed with error -2
machine # 
machine # [   11.738796] cfg80211: failed to load regulatory.db
machine # [   11.076505] logrotate[470]:   log does not need rotating (log has already been rotated)
machine # [   11.113867] logrotate[470]: rotating pattern: "/var/log/wtmp"  monthly (1 rotations)
machine # [   11.137932] logrotate[470]: empty log files are not rotated, only log files >= 1048576 bytes are rotated, old logs are removed
machine # [   11.190589] logrotate[470]: considering log /var/log/wtmp
machine # [   11.207846] logrotate[470]: Creating new state
machine # [   11.219472] logrotate[470]:   Now: 2023-03-06 07:41
machine # [   11.899987] 8021q: adding VLAN 0 to HW filter on device eth1
machine # [   11.235559] logrotate[470]:   Last rotated at 2023-03-06 07:00
machine # [   11.247485] logrotate[470]:   log does not need rotating (log has already been rotated)[   11.921979] input: Power Button as /devices/LNXSYSTM:00/LNXPWRBN:00/input/input3
machine # 
machine # [   11.935846] 8021q: adding VLAN 0 to HW filter on device eth0
machine # [   11.282905] systemd[1]: Finished Record System Boot/Shutdown in UTMP.[   11.955253] ACPI: button: Power Button [PWRF]
machine # 
machine # [   11.309752] systemd[1]: Finished Rebuild Journal Catalog.
machine # [   11.330916] dhcpcd[477]: eth0: waiting for carrier
machine # [   11.340754] nsncd[480]: Mar 06 07:41:23.860 INFO started, handoff_timeout: 3s, worker_count: 8, path: "/var/run/nscd/socket"
machine # [   11.362700] systemd[1]: Starting Update is Completed...
machine # [   11.373638] dhcpcd[477]: eth0: carrier acquired
machine # [   11.386678] systemd[1]: Finished Update is Completed.
machine # [   11.397713] dhcpcd[477]: DUID 00:01:00:01:2b:98:55:a4:52:54:00:12:34:56
machine # [   11.412598] dbus-daemon[506]: dbus[506]: Unknown username "systemd-timesync" in message bus configuration file[   12.092919] parport_pc 00:03: reported by Plug and Play ACPI
machine # 
machine # [   11.434707] systemd-oomd[388]: Swap is currently not detected; memory pressure usage will be degraded[   12.114646] Floppy drive(s): fd0 is 2.88M AMI BIOS
machine # 
machine # [   11.454404] dhcpcd[477]: eth0: IAID 00:12:34:56
machine # [   12.130282] parport0: PC-style at 0x378, irq 7 [PCSPP(,...)]
machine # [   11.468298] systemd[1]: Started Userspace Out-Of-Memory (OOM) Killer.
machine # [   11.480819] dhcpcd[477]: eth0: adding address fe80::5054:ff:fe12:3456
machine # [   12.161047] FDC 0 is a S82078B
machine # [   11.499042] systemd-udevd[349]: eth1: Config file /etc/systemd/network/40-eth1.link is applied to device based on potentially unpredictable interface name.
machine # [   11.524535] dhcpcd[477]: eth0: soliciting an IPv6 router
machine # [   11.535066] nsncd[560]: Mar 06 07:41:24.588 INFO started, handoff_timeout: 3s, worker_count: 8, path: "/var/run/nscd/socket"
machine # [   11.567643] network-addresses-eth1-start[562]: adding address 192.168.1.1/24... done
machine # [   11.587487] systemd-udevd[349]: Network interface NamePolicy= disabled on kernel command line.
machine # [   11.609708] systemd-udevd[347]: Network interface NamePolicy= disabled on kernel command line.
machine # [   11.633492] systemd[1]: Condition check resulted in /dev/ttyS0 being skipped.
machine # [   11.653524] systemd[1]: Condition check resulted in /dev/hvc0 being skipped.
machine # [   11.671328] systemd[1]: Condition check resulted in Virtio network device being skipped.
machine # [   11.676792] systemd[1]: Finished mount-pstore.service.
machine # [   11.682561] systemd[1]: Platform Persistent Storage Archival was skipped because of an unmet condition check (ConditionDirectoryNotEmpty=/sys/fs/pstore).
machine # [   11.691038] systemd[1]: Reached target System Initialization.
machine # [   11.695925] systemd[1]: Started logrotate.timer.
machine # [   11.700657] systemd[1]: Started Daily Cleanup of Temporary Directories.
machine # [   11.706007] systemd[1]: Reached target Timer Units.
machine # [   11.710432] systemd[1]: Listening on D-Bus System Message Bus Socket.
machine # [   11.715033] systemd[1]: Listening on Nix Daemon Socket.
machine # [   11.719637] systemd[1]: Reached target Socket Units.
machine # [   11.724381] systemd[1]: Reached target Basic System.
machine # [   11.728511] systemd[1]: Starting Kernel Auditing...
machine # [   11.732841] systemd[1]: Started backdoor.service.
machine # [   11.737037] systemd[1]: Starting DHCP Client...
machine # [   11.741285] systemd[1]: Starting Logrotate configuration check...
machine # [   11.745794] systemd[1]: Starting Name Service Cache Daemon (nsncd)...
machine # [   11.750989] systemd[1]: Started Reset console on configuration changes.
machine # [   11.756363] systemd[1]: Starting resolvconf update...
machine # [   11.760608] systemd[1]: Finished Kernel Auditing.
machine # [   11.764823] systemd[1]: Finished Logrotate configuration check.
machine # [   11.775554] systemd[1]: Started Name Service Cache Daemon (nsncd).
machine # [   11.784333] systemd[1]: Reached target Host and Network Name Lookups.
machine # [   11.792568] systemd[1]: Reached target User and Group Name Lookups.
machine # [   11.801348] systemd[1]: Starting D-Bus System Message Bus...
machine # [   11.809828] systemd[1]: Starting User Login Management...
machine # [   11.816372] systemd-udevd[414]: event_source: Failed to get device name: No such file or directory[   12.489233] Linux agpgart interface v0.103
machine # 
machine # [   11.827655] systemd[1]: Finished Firewall.
machine # [   11.834367] systemd[1]: Started D-Bus System Message Bus.
machine # [   11.841491] systemd-logind[510]: New seat seat0.
machine # [   11.848843] systemd[1]: Started User Login Management.
machine # [   11.857295] systemd[1]: Stopped target Host and Network Name Lookups.
machine # [   12.531994] piix4_smbus 0000:00:01.3: SMBus Host Controller at 0x700, revision 0
machine # [   11.868073] systemd[1]: Stopping Host and Network Name Lookups...
machine # [   11.874664] systemd[1]: Stopped target User and Group Name Lookups.
machine # [   11.881293] systemd[1]: Stopping User and Group Name Lookups...
machine # [   11.890528] systemd[1]: Stopping Name Service Cache Daemon (nsncd)...
machine # [   11.898027] systemd[1]: nscd.service: Deactivated successfully.
machine # [   11.906029] systemd[1]: Stopped Name Service Cache Daemon (nsncd).
machine # [   11.913031] systemd[1]: Starting Name Service Cache Daemon (nsncd)...
machine # [   11.922330] systemd[1]: Finished resolvconf update.
machine # [   11.929316] systemd[1]: Reached target Preparation for Network.
machine # [   11.938797] systemd[1]: Reached target All Network Interfaces (deprecated).
machine # [   11.947278] systemd[1]: Starting Address configuration of eth1...
machine # [   11.956603] systemd[1]: Started Name Service Cache Daemon (nsncd).
machine # [   11.964024] systemd[1]: Reached target Host and Network Name Lookups.
machine # [   11.972044] systemd[1]: Reached target User and Group Name Lookups.
machine # [   11.981060] systemd[1]: Finished Address configuration of eth1.
machine # [   11.989318] systemd[1]: Starting Networking Setup...
machine # [   11.995761] systemd[1]: Finished Networking Setup.
machine # [   12.003343] systemd[1]: Starting Extra networking commands....
machine # [   12.010289] systemd[1]: Finished Extra networking commands..
machine # [   12.015042] systemd[1]: Reached target Network.
machine # [   12.025036] systemd[1]: Starting Permit User Sessions...[   12.696064] input: QEMU Virtio Keyboard as /devices/pci0000:00/0000:00:0a.0/virtio7/input/input4
machine # 
machine # [   12.034527] systemd[1]: Finished Permit User Sessions.
machine # [   12.040273] systemd[1]: Started Getty on tty1.
machine # [   12.048512] systemd[1]: Reached target Login Prompts.
machine # [   12.733207] input: VirtualPS/2 VMware VMMouse as /devices/platform/i8042/serio1/input/input6
machine # [   12.743228] input: VirtualPS/2 VMware VMMouse as /devices/platform/i8042/serio1/input/input5
machine # [   12.788993] bochs-drm 0000:00:02.0: vgaarb: deactivate vga console
machine # [   12.817920] RAPL PMU: API unit is 2^-32 Joules, 0 fixed counters, 10737418240 ms ovfl timer
machine # [   12.827561] cryptd: max_cpu_qlen set to 1000
machine # [   12.852161] AVX2 version of gcm_enc/dec engaged.
machine # [   12.852200] AES CTR mode by8 optimization enabled
machine # [   12.869976] Console: switching to colour dummy device 80x25
machine # [   13.001271] [drm] Found bochs VGA, ID 0xb0c5.
machine # [   13.003465] [drm] Framebuffer size 16384 kB @ 0xfd000000, mmio @ 0xfebd0000.
machine # [   12.375963] systemd[1]: Listening on Load/Save RF Kill Switch Status /dev/rfkill Watch.
machine # [   12.425310] systemd-logind[510]: Watching system buttons on /dev/input/event0 (AT Translated Set 2 keyboard)[   13.104946] [drm] Found EDID data blob.
machine # 
machine # [   13.144732] [drm] Initialized bochs-drm 1.0.0 20130925 for 0000:00:02.0 on minor 0
machine # [   13.169169] fbcon: bochs-drmdrmfb (fb0) is primary device
machine # [   13.253532] ppdev: user-space parallel port driver
machine # [   13.261854] Console: switching to colour frame buffer device 160x50
machine # [   13.313955] bochs-drm 0000:00:02.0: [drm] fb0: bochs-drmdrmfb frame buffer device
machine # [   12.526930] systemd-logind[510]: Watching system buttons on /dev/input/event2 (Power Button)
machine # [   12.716281] systemd-logind[510]: Watching system buttons on /dev/input/event4 (QEMU Virtio Keyboard)
machine # [   13.696828] Key type encrypted registered
machine # [   13.060683] dhcpcd[477]: eth0: Router Advertisement from fe80::2
machine # [   13.067298] dhcpcd[477]: eth0: adding address fec0::5054:ff:fe12:3456/64
machine # [   13.076505] dhcpcd[477]: eth0: adding route to fec0::/64
machine # [   13.079992] dhcpcd[477]: eth0: adding default route via fe80::2[   13.759581] EDAC MC: Ver: 3.0.0
machine # 
machine # [   13.313373] dhcpcd[477]: eth0: soliciting a DHCP lease
machine # [   14.002286] NET: Registered PF_PACKET protocol family
machine # [   13.345320] dhcpcd[477]: eth0: offered 10.0.2.15 from 10.0.2.2
machine # [   13.352807] dhcpcd[477]: eth0: leased 10.0.2.15 for 86400 seconds
machine # [   13.369767] dhcpcd[477]: eth0: adding route to 10.0.2.0/24
machine # [   13.383293] dhcpcd[477]: eth0: adding default route via 10.0.2.2
machine # [   13.630876] systemd[1]: Stopped target Host and Network Name Lookups.
machine # [   13.647070] systemd[1]: Stopping Host and Network Name Lookups...
machine # [   13.659818] systemd[1]: Stopped target User and Group Name Lookups.
machine # [   13.678690] systemd[1]: Stopping User and Group Name Lookups...
machine # [   13.696855] systemd[1]: Stopping Name Service Cache Daemon (nsncd)...
machine # [   13.717342] systemd[1]: nscd.service: Deactivated successfully.
machine # [   13.741766] systemd[1]: Stopped Name Service Cache Daemon (nsncd).
machine # [   13.752705] systemd[1]: Starting Name Service Cache Daemon (nsncd)...
machine # [   13.763754] nsncd[750]: Mar 06 07:41:27.158 INFO started, handoff_timeout: 3s, worker_count: 8, path: "/var/run/nscd/socket"
machine # [   13.773796] systemd[1]: Started Name Service Cache Daemon (nsncd).
machine # [   13.783836] systemd[1]: Reached target Host and Network Name Lookups.
machine # [   13.801422] systemd[1]: Reached target User and Group Name Lookups.
machine # [   13.824893] dhcpcd[467]: Failed to reload-or-try-restart ntpd.service: Unit ntpd.service not found.
machine # [   13.843484] dhcpcd[467]: Failed to reload-or-try-restart openntpd.service: Unit openntpd.service not found.
machine # [   13.849535] dhcpcd[467]: Failed to reload-or-try-restart chronyd.service: Unit chronyd.service not found.
machine # [   13.855639] systemd[1]: Started DHCP Client.
machine # [   13.860320] systemd[1]: Reached target Network is Online.
machine # [   13.864999] systemd[1]: Reached target Multi-User System.
machine # [   13.869725] systemd[1]: Startup finished in 940ms (kernel) + 5.401s (initrd) + 7.481s (userspace) = 13.823s.
machine # [   14.097390] systemd-udevd[631]: vtcon0: Process '/nix/store/d1h33vvfagj7bhg0b8dw3p5nifghb01q-systemd-252.5/lib/systemd/systemd-vconsole-setup' failed with exit code 1.
(finished: waiting for unit multi-user.target, in 16.96 seconds)
machine: must succeed: systemd-analyze | grep -q '(initrd)'
(finished: must succeed: systemd-analyze | grep -q '(initrd)', in 0.07 seconds)
machine: must succeed: touch /testfile
(finished: must succeed: touch /testfile, in 0.04 seconds)
machine: must fail: touch /nix/store/testfile
machine # touch: cannot touch '/nix/store/testfile': Read-only file system
(finished: must fail: touch /nix/store/testfile, in 0.05 seconds)
machine: must succeed: [ -e /run/booted-system ]
(finished: must succeed: [ -e /run/booted-system ], in 0.02 seconds)
machine: must succeed: [ -e /sys/class ]
(finished: must succeed: [ -e /sys/class ], in 0.02 seconds)
machine: must succeed: [ -e /dev/null ]
(finished: must succeed: [ -e /dev/null ], in 0.02 seconds)
machine: must succeed: [ -e /proc/1 ]
(finished: must succeed: [ -e /proc/1 ], in 0.02 seconds)
machine: must succeed: [ -e /dev/shm ]
(finished: must succeed: [ -e /dev/shm ], in 0.02 seconds)
machine: must succeed: [ -e /dev/pts/ptmx ]
(finished: must succeed: [ -e /dev/pts/ptmx ], in 0.02 seconds)
machine: must succeed: [ -e /run/keys ]
(finished: must succeed: [ -e /run/keys ], in 0.02 seconds)
(finished: subtest: handover to stage-2 systemd works, in 17.29 seconds)
subtest: growfs works
machine: must succeed: df --output=avail / | sed 1d
(finished: must succeed: df --output=avail / | sed 1d, in 0.05 seconds)
machine: waiting for the VM to power off
machine # [   15.096792] systemd-logind[510]: The system will power off now!
machine # [   15.107584] systemd-logind[510]: System is powering down.
machine # [   15.156654] systemd[1]: Removed slice Slice /system/modprobe.
machine # [   15.177787] systemd[1]: Removed slice Slice /system/systemd-growfs.
machine # [   15.187801] systemd[1]: Removed slice Slice /system/systemd-makefs.
machine # [   15.202853] systemd[1]: Stopped target Multi-User System.
machine # [   15.206623] systemd[1]: Stopped target Login Prompts.
machine # [   15.211490] systemd[1]: Stopped target Containers.
machine # [   15.217862] systemd[1]: Stopped target Network is Online.
machine # [   15.226777] systemd[1]: Stopped target Host and Network Name Lookups.
machine # [   15.250478] systemd[1]: Stopped target Timer Units.
machine # [   15.277513] dhcpcd[477]: received SIGTERM, stopping
machine # [   15.305075] systemd[1]: logrotate.timer: Deactivated successfully.
machine # [   15.334609] dhcpcd[477]: eth0: removing interface
machine # [   15.352294] systemd[1]: Stopped logrotate.timer.
machine # [   15.369951] lnxgcgjjg2aksiyxwpvsh1hzkkm6avrb-audit-stop[825]: No rules
machine # [   15.395737] dhcpcd[477]: eth0: deleting address fec0::5054:ff:fe12:3456/64
machine # [   15.411064] systemd[1]: systemd-tmpfiles-clean.timer: Deactivated successfully.
machine # [   15.429946] lnxgcgjjg2aksiyxwpvsh1hzkkm6avrb-audit-stop[833]: enabled 0
machine # [   15.447999] lnxgcgjjg2aksiyxwpvsh1hzkkm6avrb-audit-stop[833]: failure 1
machine # [   15.473662] lnxgcgjjg2aksiyxwpvsh1hzkkm6avrb-audit-stop[833]: pid 0
machine # [   15.494581] lnxgcgjjg2aksiyxwpvsh1hzkkm6avrb-audit-stop[833]: rate_limit 0
machine # [   15.514028] lnxgcgjjg2aksiyxwpvsh1hzkkm6avrb-audit-stop[833]: backlog_limit 64
machine # [   15.538655] lnxgcgjjg2aksiyxwpvsh1hzkkm6avrb-audit-stop[833]: lost 0
machine # [   15.563645] lnxgcgjjg2aksiyxwpvsh1hzkkm6avrb-audit-stop[833]: backlog 0
machine # [   15.584027] lnxgcgjjg2aksiyxwpvsh1hzkkm6avrb-audit-stop[833]: backlog_wait_time 60000
machine # [   15.616013] dhcpcd[477]: eth0: deleting route to fec0::/64
machine # [   15.632801] systemd[1]: Stopped Daily Cleanup of Temporary Directories.
machine # [   15.661924] dhcpcd[477]: eth0: deleting default route via fe80::2
machine # [   15.676280] systemd[1]: systemd-coredump.socket: Deactivated successfully.
machine # [   15.695527] make-initrd-ng[859]: /shutdown -> /nix/store/d1h33vvfagj7bhg0b8dw3p5nifghb01q-systemd-252.5/lib/systemd/systemd-shutdown
machine # [   15.728842] make-initrd-ng[859]: Warning: Couldn't satisfy dependency libc.so.6 for "/nix/store/76l4v99sk83ylfwkz8wmwrm4s8h73rhd-glibc-2.35-224/lib/libdl.so.2"
machine # [   15.756968] make-initrd-ng[859]: Warning: Couldn't satisfy dependency ld-linux-x86-64.so.2 for "/nix/store/76l4v99sk83ylfwkz8wmwrm4s8h73rhd-glibc-2.35-224/lib/libc.so.6"
machine # [   15.797802] dhcpcd[477]: eth0: deleting address fe80::5054:ff:fe12:3456
machine # [   15.818602] systemd[1]: Closed Process Core Dump Socket.
machine # [   15.840860] dhcpcd[477]: eth0: deleting route to 10.0.2.0/24
machine # [   15.857769] systemd[1]: systemd-rfkill.socket: Deactivated successfully.
machine # [   15.877599] network-addresses-eth1-pre-stop[871]: deleting address 192.168.1.1/24... done
machine # [   15.896595] dhcpcd[477]: eth0: deleting default route via 10.0.2.2
machine # [   15.911886] systemd[1]: Closed Load/Save RF Kill Switch Status /dev/rfkill Watch.
machine # [   15.935764] make-initrd-ng[859]: Warning: Couldn't satisfy dependency libc.so.6 for "/nix/store/76l4v99sk83ylfwkz8wmwrm4s8h73rhd-glibc-2.35-224/lib/libm.so.6"
machine # [   15.965446] make-initrd-ng[859]: Warning: Couldn't satisfy dependency ld-linux-x86-64.so.2 for "/nix/store/76l4v99sk83ylfwkz8wmwrm4s8h73rhd-glibc-2.35-224/lib/libm.so.6"
machine # [   15.997577] systemd[1]: Mounting /run/initramfs...
machine # [   16.018441] make-initrd-ng[859]: Warning: Couldn't satisfy dependency libc.so.6 for "/nix/store/76l4v99sk83ylfwkz8wmwrm4s8h73rhd-glibc-2.35-224/lib/libpthread.so.0"
machine # [   16.052070] systemd[1]: Stopping Kernel Auditing...
machine # [   16.074872] systemd[1]: Stopping backdoor.service...
machine # [   16.093404] umount[887]: umount: /run/credentials/systemd-tmpfiles-setup.service: no mount point specified.
machine # [   16.107508] systemd[1]: Stopping D-Bus System Message Bus...
machine # [   16.122029] systemd[1]: Stopping DHCP Client...
machine # [   16.138709] systemd[1]: Stopping Getty on tty1...
machine # [   16.149465] systemd[1]: logrotate-checkconf.service: Deactivated successfully.
machine # [   16.159896] systemd[1]: Stopped Logrotate configuration check.
machine # [   16.169726] systemd[1]: reload-systemd-vconsole-setup.service: Deactivated successfully.
machine # [   16.178282] systemd[1]: Stopped Reset console on configuration changes.
machine # [   16.184320] systemd[1]: Starting Save Hardware Clock...
machine # [   16.193006] systemd[1]: Stopping User Login Management...
machine # [   16.198754] systemd[1]: Stopping Userspace Out-Of-Memory (OOM) Killer...
machine # [   16.206843] systemd[1]: Stopping Load/Save Random Seed...
machine # [   16.213062] systemd[1]: systemd-oomd.service: Deactivated successfully.
machine # [   16.222767] systemd[1]: Stopped Userspace Out-Of-Memory (OOM) Killer.
machine # [   16.230281] systemd[1]: backdoor.service: Deactivated successfully.
machine # [   16.240398] systemd[1]: Stopped backdoor.service.
machine # [   16.243746] systemd[1]: dbus.service: Deactivated successfully.
machine # [   16.247641] systemd[1]: Stopped D-Bus System Message Bus.
machine # [   16.251285] systemd[1]: systemd-logind.service: Deactivated successfully.
machine # [   16.255403] systemd[1]: Stopped User Login Management.
machine # [   16.258791] systemd[1]: getty@tty1.service: Deactivated successfully.
machine # [   16.262695] systemd[1]: Stopped Getty on tty1.
machine # [   16.265854] systemd[1]: Mounted /run/initramfs.
machine # [   16.269311] systemd[1]: audit.service: Deactivated successfully.
machine # [   16.273020] systemd[1]: Stopped Kernel Auditing.
machine # [   16.276275] systemd[1]: systemd-random-seed.service: Deactivated successfully.
machine # [   16.280667] systemd[1]: Stopped Load/Save Random Seed.
machine # [   16.283999] systemd[1]: Removed slice Slice /system/getty.
machine # [   16.287665] systemd[1]: Starting Generate shutdown ramfs...
machine # [   16.291387] systemd[1]: Stopping Permit User Sessions...
machine # [   16.294929] systemd[1]: systemd-user-sessions.service: Deactivated successfully.
machine # [   16.299476] systemd[1]: Stopped Permit User Sessions.
machine # [   16.302936] systemd[1]: Stopped target Network.
machine # [   16.306314] systemd[1]: Stopped target All Network Interfaces (deprecated).
machine # [   16.310729] systemd[1]: Stopped target User and Group Name Lookups.
machine # [   16.314748] systemd[1]: Stopped target Remote File Systems.
machine # [   16.318448] systemd[1]: network-local-commands.service: Deactivated successfully.
machine # [   16.323037] systemd[1]: Stopped Extra networking commands..
machine # [   16.326845] systemd[1]: network-setup.service: Deactivated successfully.
machine # [   16.331266] systemd[1]: Stopped Networking Setup.
machine # [   16.334587] systemd[1]: Stopping Address configuration of eth1...
machine # [   16.338553] systemd[1]: Stopping Name Service Cache Daemon (nsncd)...
machine # [   16.342637] systemd[1]: nscd.service: Deactivated successfully.
machine # [   16.346473] systemd[1]: Stopped Name Service Cache Daemon (nsncd).
machine # [   16.350427] systemd[1]: network-addresses-eth1.service: Deactivated successfully.
machine # [   16.355001] systemd[1]: Stopped Address configuration of eth1.
machine # [   16.358842] systemd[1]: Stopped target Preparation for Network.
machine # [   16.363350] systemd[1]: resolvconf.service: Deactivated successfully.
machine # [   16.368777] systemd[1]: Stopped resolvconf update.
machine # [   16.372794] systemd[1]: dhcpcd.service: Deactivated successfully.
machine # [   16.377994] systemd[1]: Stopped DHCP Client.
machine # [   16.382643] systemd[1]: dhcpcd.service: Consumed 305ms CPU time, received 96B IP traffic, sent 128B IP traffic.
machine # [   16.391030] systemd[1]: Stopped target Basic System.
machine # [   16.395964] systemd[1]: Stopped target Path Units.
machine # [   16.400540] systemd[1]: Stopped target Slice Units.
machine # [   16.404999] systemd[1]: Removed slice User and Session Slice.
machine # [   16.409907] systemd[1]: Stopped target Socket Units.
machine # [   16.413944] systemd[1]: dbus.socket: Deactivated successfully.
machine # [   16.418720] systemd[1]: Closed D-Bus System Message Bus Socket.
machine # [   16.423644] systemd[1]: nix-daemon.socket: Deactivated successfully.
machine # [   16.428681] systemd[1]: Closed Nix Daemon Socket.
machine # [   16.436067] systemd[1]: Stopped target System Initialization.
machine # [   17.108725] systemd-shutdown[1]: Syncing filesystems and block devices.
machine # [   16.444945] systemd[1]: Stopped target Local Encrypted Volumes.
machine # [   16.459749] systemd[1]: systemd-ask-password-console.path: Deactivated successfully.
machine # [   16.464630] systemd[1]: Stopped Dispatch Password Requests to Console Directory Watch.
machine # [   16.469874] systemd[1]: systemd-ask-password-wall.path: Deactivated successfully.
machine # [   17.144489] systemd-shutdown[1]: Sending SIGTERM to remaining processes...
machine # [   16.480860] systemd[1]: Stopped Forward Password Requests to Wall Directory Watch.
machine # [   17.159639] systemd-journald[311]: Received SIGTERM from PID 1 (systemd-shutdow).
machine # [   16.498049] systemd[1]: systemd-sysctl.service: Deactivated successfully.
machine # [   16.502986] systemd[1]: Stopped Apply Kernel Variables.
machine # [   16.506587] systemd[1]: systemd-modules-load.service: Deactivated successfully.
machine # [   16.511041] systemd[1]: Stopped Load Kernel Modules.
machine # [   16.514617] systemd[1]: systemd-update-done.service: Deactivated successfully.
machine # [   16.520588] systemd[1]: Stopped Update is Completed.
machine # [   16.524060] systemd[1]: systemd-journal-catalog-update.service: Deactivated successfully.
machine # [   16.528937] systemd[1]: Stopped Rebuild Journal Catalog.
machine # [   16.532537] systemd[1]: Stopping Record System Boot/Shutdown in UTMP...
machine # [   16.536681] systemd[1]: run-credentials-systemd\x2dsysctl.service.mount: Deactivated successfully.
machine # [   16.541873] systemd[1]: Unmounted /run/credentials/systemd-sysctl.service.
machine # [   16.545988] systemd[1]: systemd-update-utmp.service: Deactivated successfully.
machine # [   16.550428] systemd[1]: Stopped Record System Boot/Shutdown in UTMP.
machine # [   16.554531] systemd[1]: systemd-tmpfiles-setup.service: Deactivated successfully.
machine # [   16.559050] systemd[1]: Stopped Create Volatile Files and Directories.
machine # [   16.563295] systemd[1]: Stopped target Local File Systems.
machine # [   16.566949] systemd[1]: Unmounting /nix/.ro-store...
machine # [   16.570413] systemd[1]: Unmounting /nix/.rw-store...
machine # [   16.573897] systemd[1]: Unmounting /run/credentials/systemd-tmpfiles-setup.service...
machine # [   16.578663] systemd[1]: Unmounting /run/credentials/systemd-tmpfiles-setup-dev.service...
machine # [   16.583635] systemd[1]: Unmounting /run/keys...
machine # [   16.586931] systemd[1]: Unmounting /run/wrappers...
machine # [   16.590436] systemd[1]: Unmounting /tmp/shared...
machine # [   16.593811] systemd[1]: Unmounting /tmp/xchg...
machine # [   16.597312] systemd[1]: generate-shutdown-ramfs.service: Deactivated successfully.
machine # [   16.601914] systemd[1]: Finished Generate shutdown ramfs.
machine # [   16.605474] systemd[1]: nix-.ro\x2dstore.mount: Deactivated successfully.
machine # [   16.609682] systemd[1]: Unmounted /nix/.ro-store.
machine # [   16.612986] systemd[1]: save-hwclock.service: Deactivated successfully.
machine # [   16.617303] systemd[1]: Finished Save Hardware Clock.
machine # [   16.620732] systemd[1]: nix-.rw\x2dstore.mount: Deactivated successfully.
machine # [   16.624984] systemd[1]: Unmounted /nix/.rw-store.
machine # [   16.628339] systemd[1]: run-credentials-systemd\x2dtmpfiles\x2dsetup.service.mount: Mount process exited, code=exited, status=32/n/a
machine # [   16.635315] systemd[1]: run-credentials-systemd\x2dtmpfiles\x2dsetup.service.mount: Failed with result 'exit-code'.
machine # [   16.641517] systemd[1]: Unmounted /run/credentials/systemd-tmpfiles-setup.service.
machine # [   16.646314] systemd[1]: run-credentials-systemd\x2dtmpfiles\x2dsetup\x2ddev.service.mount: Deactivated successfully.
machine # [   16.651999] systemd[1]: Unmounted /run/credentials/systemd-tmpfiles-setup-dev.service.
machine # [   16.656669] systemd[1]: run-keys.mount: Deactivated successfully.
machine # [   16.660637] systemd[1]: Unmounted /run/keys.
machine # [   16.663678] systemd[1]: run-wrappers.mount: Deactivated successfully.
machine # [   16.667744] systemd[1]: Unmounted /run/wrappers.
machine # [   16.671033] systemd[1]: tmp-shared.mount: Deactivated successfully.
machine # [   16.675041] systemd[1]: Unmounted /tmp/shared.
machine # [   16.678400] systemd[1]: tmp-xchg.mount: Deactivated successfully.
machine # [   16.682060] systemd[1]: Unmounted /tmp/xchg.
machine # [   16.685286] systemd[1]: Stopped target Preparation for Local File Systems.
machine # [   16.689558] systemd[1]: Stopped target Swaps.
machine # [   16.692748] systemd[1]: Reached target Unmount All Filesystems.
machine # [   16.696728] systemd[1]: systemd-remount-fs.service: Deactivated successfully.
machine # [   16.701323] systemd[1]: Stopped Remount Root and Kernel File Systems.
machine # [   16.705445] systemd[1]: systemd-tmpfiles-setup-dev.service: Deactivated successfully.
machine # [   16.709942] systemd[1]: Stopped Create Static Device Nodes in /dev.
machine # [   16.713984] systemd[1]: Reached target System Shutdown.
machine # [   16.717596] systemd[1]: Reached target Late Shutdown Services.
machine # [   16.721452] systemd[1]: systemd-poweroff.service: Deactivated successfully.
machine # [   16.725647] systemd[1]: Finished System Power Off.
machine # [   16.729028] systemd[1]: Reached target System Power Off.
machine # [   16.732843] systemd[1]: Shutting down.
machine # [   17.436269] systemd-shutdown[1]: Sending SIGKILL to remaining processes...
