     1  # This file contains type hints that can be prepended to Nix test scripts so they can be type
     2  # checked.
     3  
     4  from test_driver.driver import Driver
     5  from test_driver.vlan import VLan
     6  from test_driver.machine import Machine
     7  from test_driver.logger import Logger
     8  from typing import Callable, Iterator, ContextManager, Optional, List, Dict, Any, Union
     9  from typing_extensions import Protocol
    10  from pathlib import Path
    11  
    12  
    13  class RetryProtocol(Protocol):
    14      def __call__(self, fn: Callable, timeout: int = 900) -> None:
    15          raise Exception("This is just type information for the Nix test driver")
    16  
    17  
    18  class PollingConditionProtocol(Protocol):
    19      def __call__(
    20          self,
    21          fun_: Optional[Callable] = None,
    22          *,
    23          seconds_interval: float = 2.0,
    24          description: Optional[str] = None,
    25      ) -> Union[Callable[[Callable], ContextManager], ContextManager]:
    26          raise Exception("This is just type information for the Nix test driver")
    27  
    28  
    29  start_all: Callable[[], None]
    30  subtest: Callable[[str], ContextManager[None]]
    31  retry: RetryProtocol
    32  test_script: Callable[[], None]
    33  machines: List[Machine]
    34  vlans: List[VLan]
    35  driver: Driver
    36  log: Logger
    37  create_machine: Callable[[Dict[str, Any]], Machine]
    38  run_tests: Callable[[], None]
    39  join_all: Callable[[], None]
    40  serial_stdout_off: Callable[[], None]
    41  serial_stdout_on: Callable[[], None]
    42  polling_condition: PollingConditionProtocol
    43  machine: Machine;
    44  vlan1: VLan;
    45  import subprocess
    46  import os
    47  import time
    48  
    49  
    50  class Tpm:
    51      def __init__(self):
    52          os.mkdir("/tmp/mytpm1")
    53          self.start()
    54  
    55      def start(self):
    56          self.proc = subprocess.Popen(["/nix/store/p6w66pdzjrwimaw404zpm38j5w5b29vs-swtpm-0.8.0/bin/swtpm", "socket", "--tpmstate", "dir=/tmp/mytpm1", "--ctrl", "type=unixio,path=/tmp/mytpm1/swtpm-sock", "--log", "level=20", "--tpm2"])
    57  
    58      def wait_for_death_then_restart(self):
    59          while self.proc.poll() is None:
    60              print("waiting for tpm to die")
    61              time.sleep(1)
    62          assert self.proc.returncode == 0
    63          self.start()
    64  
    65  tpm = Tpm()
    66  
    67  
    68  # Create encrypted volume
    69  machine.wait_for_unit("multi-user.target")
    70  machine.succeed("echo -n supersecret | cryptsetup luksFormat -q --iter-time=1 /dev/vdc -")
    71  machine.succeed("PASSWORD=supersecret SYSTEMD_LOG_LEVEL=debug systemd-cryptenroll --tpm2-pcrs= --tpm2-device=auto /dev/vdc |& systemd-cat")
    72  
    73  # Boot from the encrypted disk
    74  machine.succeed("bootctl set-default nixos-generation-1-specialisation-boot-luks.conf")
    75  machine.succeed("sync")
    76  machine.crash()
    77  
    78  tpm.wait_for_death_then_restart()
    79  
    80  # Boot and decrypt the disk
    81  machine.wait_for_unit("multi-user.target")
    82  assert "/dev/mapper/cryptroot on / type ext4" in machine.succeed("mount")
Success: no issues found in 1 source file
start all VLans
(finished: start all VLans, in 0.00 seconds)
additionally exposed symbols:
    ,
    ,
    start_all, test_script, machines, vlans, driver, log, os, create_machine, subtest, run_tests, join_all, retry, serial_stdout_off, serial_stdout_on, polling_condition, Machine
building '/nix/store/fgfxlhgyx3fqrz257nydylg9sqic1byd-vm-test-run-systemd-initrd-luks-tpm2.drv'...
Machine state will be reset. To keep it, pass --keep-vm-state
start all VLans
start vlan
running vlan (pid 7; ctl /build/vde1.ctl)
(finished: start all VLans, in 0.00 seconds)
run the VM test script
additionally exposed symbols:
    machine,
    vlan1,
    start_all, test_script, machines, vlans, driver, log, os, create_machine, subtest, run_tests, join_all, retry, serial_stdout_off, serial_stdout_on, polling_condition, Machine
machine: waiting for unit multi-user.target
machine: waiting for the VM to finish booting
machine: starting vm
machine # Formatting '/build/vm-state-machine/machine.qcow2', fmt=qcow2 cluster_size=65536 extended_l2=off compression_type=zlib size=1073741824 lazy_refcounts=off refcount_bits=16
machine # Formatting '/build/vm-state-machine/disk.img', fmt=qcow2 cluster_size=65536 extended_l2=off compression_type=zlib size=125829120 backing_file=/nix/store/ys6yf3lz962vjwim77zspndjvi54ipza-nixos-boot-disk/disk.img backing_fmt=qcow2 lazy_refcounts=off refcount_bits=16
machine # Formatting 'empty0.qcow2', fmt=qcow2 cluster_size=65536 extended_l2=off compression_type=zlib size=536870912 lazy_refcounts=off refcount_bits=16
 Ctrl Cmd: length 4
 00 00 00 10 
 Ctrl Rsp: length 4
 00 00 00 00 
 SWTPM_IO_Read: length 10
 80 01 00 00 00 0A 00 00 01 81 
 SWTPM_IO_Write: length 10
 80 01 00 00 00 0A 00 00 01 01 
 Ctrl Cmd: length 4
 00 00 00 01 
 Ctrl Rsp: length 8
 00 00 00 00 00 01 FF FF 
machine: QEMU running (pid 9)
 Ctrl Cmd: length 4
 00 00 00 0E 
 Ctrl Rsp: length 4
 00 00 00 00 
 Ctrl Cmd: length 8
 00 00 00 11 00 00 00 00 
 Ctrl Rsp: length 16
 00 00 00 00 00 00 10 00 00 00 0A F8 00 00 10 00 
 Ctrl Cmd: length 4
 00 00 00 0E 
 Ctrl Rsp: length 4
 00 00 00 00 
 Ctrl Cmd: length 8
 00 00 00 11 00 00 10 00 
 Ctrl Rsp: length 16
 00 00 00 00 00 00 10 00 00 00 0A F8 00 00 10 00 
 Ctrl Cmd: length 8
 00 00 00 02 00 00 00 00 
 Ctrl Rsp: length 4
 00 00 00 00 
machine # BdsDxe: loading Boot0001 "UEFI Misc Device" from PciRoot(0x0)/Pci(0x9,0x0)
machine # BdsDxe: starting Boot0001 "UEFI Misc Device" from PciRoot(0x0)/Pci(0x9,0x0)
machine #                 NixOS                         NixOS (boot-luks)             Reboot Into Firmware Interface                                               Boot in 5 s.                                                                                       Boot in 4 s.                                                                                       Boot in 3 s.                                                                                       Boot in 2 s.                                                                                       Boot in 1 s.                                           EFI stub: Loaded initrd from LINUX_EFI_INITRD_MEDIA_GUID device path
machine # [    0.000000] Linux version 6.1.15 (nixbld@localhost) (gcc (GCC) 12.2.0, GNU ld (GNU Binutils) 2.40) #1-NixOS SMP PREEMPT_DYNAMIC Fri Mar  3 10:52:25 UTC 2023
machine # [    0.000000] Command line: initrd=\efi\nixos\k6alg1h5q8zipikyrk1mpv8dgr2hb0kr-initrd-linux-6.1.15-initrd.efi init=/nix/store/h3qkcnp862x68dxaq5j6ylrdx0q0s2mw-nixos-system-machine-23.05pre-git/init console=ttyS0 panic=1 boot.panic_on_fail clock=acpi_pm loglevel=7 net.ifnames=0
machine # [    0.000000] x86/fpu: Supporting XSAVE feature 0x001: 'x87 floating point registers'
machine # [    0.000000] x86/fpu: Supporting XSAVE feature 0x002: 'SSE registers'
machine # [    0.000000] x86/fpu: Supporting XSAVE feature 0x004: 'AVX registers'
machine # [    0.000000] x86/fpu: Supporting XSAVE feature 0x008: 'MPX bounds registers'
machine # [    0.000000] x86/fpu: Supporting XSAVE feature 0x010: 'MPX CSR'
machine # [    0.000000] x86/fpu: Supporting XSAVE feature 0x020: 'AVX-512 opmask'
machine # [    0.000000] x86/fpu: Supporting XSAVE feature 0x040: 'AVX-512 Hi256'
machine # [    0.000000] x86/fpu: Supporting XSAVE feature 0x080: 'AVX-512 ZMM_Hi256'
machine # [    0.000000] x86/fpu: xstate_offset[2]:  576, xstate_sizes[2]:  256
machine # [    0.000000] x86/fpu: xstate_offset[3]:  832, xstate_sizes[3]:   64
machine # [    0.000000] x86/fpu: xstate_offset[4]:  896, xstate_sizes[4]:   64
machine # [    0.000000] x86/fpu: xstate_offset[5]:  960, xstate_sizes[5]:   64
machine # [    0.000000] x86/fpu: xstate_offset[6]: 1024, xstate_sizes[6]:  512
machine # [    0.000000] x86/fpu: xstate_offset[7]: 1536, xstate_sizes[7]: 1024
machine # [    0.000000] x86/fpu: Enabled xstate features 0xff, context size is 2560 bytes, using 'compacted' format.
machine # [    0.000000] signal: max sigframe size: 3632
machine # [    0.000000] BIOS-provided physical RAM map:
machine # [    0.000000] BIOS-e820: [mem 0x0000000000000000-0x000000000009ffff] usable
machine # [    0.000000] BIOS-e820: [mem 0x0000000000100000-0x00000000007fffff] usable
machine # [    0.000000] BIOS-e820: [mem 0x0000000000800000-0x0000000000807fff] ACPI NVS
machine # [    0.000000] BIOS-e820: [mem 0x0000000000808000-0x000000000080afff] usable
machine # [    0.000000] BIOS-e820: [mem 0x000000000080b000-0x000000000080bfff] ACPI NVS
machine # [    0.000000] BIOS-e820: [mem 0x000000000080c000-0x000000000080ffff] usable
machine # [    0.000000] BIOS-e820: [mem 0x0000000000810000-0x00000000008fffff] ACPI NVS
machine # [    0.000000] BIOS-e820: [mem 0x0000000000900000-0x000000003f8ecfff] usable
machine # [    0.000000] BIOS-e820: [mem 0x000000003f8ed000-0x000000003fb6cfff] reserved
machine # [    0.000000] BIOS-e820: [mem 0x000000003fb6d000-0x000000003fb7efff] ACPI data
machine # [    0.000000] BIOS-e820: [mem 0x000000003fb7f000-0x000000003fbfefff] ACPI NVS
machine # [    0.000000] BIOS-e820: [mem 0x000000003fbff000-0x000000003fef3fff] usable
machine # [    0.000000] BIOS-e820: [mem 0x000000003fef4000-0x000000003ff77fff] reserved
machine # [    0.000000] BIOS-e820: [mem 0x000000003ff78000-0x000000003fffffff] ACPI NVS
machine # [    0.000000] BIOS-e820: [mem 0x00000000ffc00000-0x00000000ffffffff] reserved
machine # [    0.000000] NX (Execute Disable) protection: active
machine # [    0.000000] extended physical RAM map:
machine # [    0.000000] reserve setup_data: [mem 0x0000000000000000-0x000000000009ffff] usable
machine # [    0.000000] reserve setup_data: [mem 0x0000000000100000-0x00000000007fffff] usable
machine # [    0.000000] reserve setup_data: [mem 0x0000000000800000-0x0000000000807fff] ACPI NVS
machine # [    0.000000] reserve setup_data: [mem 0x0000000000808000-0x000000000080afff] usable
machine # [    0.000000] reserve setup_data: [mem 0x000000000080b000-0x000000000080bfff] ACPI NVS
machine # [    0.000000] reserve setup_data: [mem 0x000000000080c000-0x000000000080ffff] usable
machine # [    0.000000] reserve setup_data: [mem 0x0000000000810000-0x00000000008fffff] ACPI NVS
machine # [    0.000000] reserve setup_data: [mem 0x0000000000900000-0x000000003c71b017] usable
machine # [    0.000000] reserve setup_data: [mem 0x000000003c71b018-0x000000003c742457] usable
machine # [    0.000000] reserve setup_data: [mem 0x000000003c742458-0x000000003c743017] usable
machine # [    0.000000] reserve setup_data: [mem 0x000000003c743018-0x000000003c76a457] usable
machine # [    0.000000] reserve setup_data: [mem 0x000000003c76a458-0x000000003e6c1017] usable
machine # [    0.000000] reserve setup_data: [mem 0x000000003e6c1018-0x000000003e6cac57] usable
machine # [    0.000000] reserve setup_data: [mem 0x000000003e6cac58-0x000000003f8ecfff] usable
machine # [    0.000000] reserve setup_data: [mem 0x000000003f8ed000-0x000000003fb6cfff] reserved
machine # [    0.000000] reserve setup_data: [mem 0x000000003fb6d000-0x000000003fb7efff] ACPI data
machine # [    0.000000] reserve setup_data: [mem 0x000000003fb7f000-0x000000003fbfefff] ACPI NVS
machine # [    0.000000] reserve setup_data: [mem 0x000000003fbff000-0x000000003fef3fff] usable
machine # [    0.000000] reserve setup_data: [mem 0x000000003fef4000-0x000000003ff77fff] reserved
machine # [    0.000000] reserve setup_data: [mem 0x000000003ff78000-0x000000003fffffff] ACPI NVS
machine # [    0.000000] reserve setup_data: [mem 0x00000000ffc00000-0x00000000ffffffff] reserved
machine # [    0.000000] efi: EFI v2.70 by EDK II
machine # [    0.000000] efi: SMBIOS=0x3f93f000 ACPI=0x3fb7e000 ACPI 2.0=0x3fb7e014 MEMATTR=0x3ec7c018 INITRD=0x3ec70f98 RNG=0x3fb74018
machine # [    0.000000] random: crng init done
machine # [    0.000000] SMBIOS 2.8 present.
machine # [    0.000000] DMI: QEMU Standard PC (i440FX + PIIX, 1996), BIOS 0.0.0 02/06/2015
machine # [    0.000000] Hypervisor detected: KVM
machine # [    0.000000] kvm-clock: Using msrs 4b564d01 and 4b564d00
machine # [    0.000001] kvm-clock: using sched offset of 7326621300 cycles
machine # [    0.000002] clocksource: kvm-clock: mask: 0xffffffffffffffff max_cycles: 0x1cd42e4dffb, max_idle_ns: 881590591483 ns
machine # [    0.000009] tsc: Detected 3311.998 MHz processor
machine # [    0.000719] last_pfn = 0x3fef4 max_arch_pfn = 0x400000000
machine # [    0.001214] x86/PAT: Configuration [0-7]: WB  WC  UC- UC  WB  WP  UC- WT
machine # [    0.014167] Using GB pages for direct mapping
machine # [    0.014823] Secure boot disabled
machine # [    0.014823] RAMDISK: [mem 0x3c76b000-0x3d6fffff]
machine # [    0.014894] ACPI: Early table checksum verification disabled
machine # [    0.014934] ACPI: RSDP 0x000000003FB7E014 000024 (v02 BOCHS )
machine # [    0.014940] ACPI: XSDT 0x000000003FB7D0E8 000054 (v01 BOCHS  BXPC     00000001      01000013)
machine # [    0.014949] ACPI: FACP 0x000000003FB7A000 000074 (v01 BOCHS  BXPC     00000001 BXPC 00000001)
machine # [    0.014954] ACPI: DSDT 0x000000003FB7B000 001BB2 (v01 BOCHS  BXPC     00000001 BXPC 00000001)
machine # [    0.014957] ACPI: FACS 0x000000003FBCD000 000040
machine # [    0.014960] ACPI: APIC 0x000000003FB79000 000078 (v01 BOCHS  BXPC     00000001 BXPC 00000001)
machine # [    0.014963] ACPI: HPET 0x000000003FB78000 000038 (v01 BOCHS  BXPC     00000001 BXPC 00000001)
machine # [    0.014965] ACPI: TPM2 0x000000003FB77000 00004C (v04 BOCHS  BXPC     00000001 BXPC 00000001)
machine # [    0.014968] ACPI: WAET 0x000000003FB76000 000028 (v01 BOCHS  BXPC     00000001 BXPC 00000001)
machine # [    0.014971] ACPI: BGRT 0x000000003FB75000 000038 (v01 INTEL  EDK2     00000002      01000013)
machine # [    0.014973] ACPI: Reserving FACP table memory at [mem 0x3fb7a000-0x3fb7a073]
machine # [    0.014974] ACPI: Reserving DSDT table memory at [mem 0x3fb7b000-0x3fb7cbb1]
machine # [    0.014975] ACPI: Reserving FACS table memory at [mem 0x3fbcd000-0x3fbcd03f]
machine # [    0.014976] ACPI: Reserving APIC table memory at [mem 0x3fb79000-0x3fb79077]
machine # [    0.014976] ACPI: Reserving HPET table memory at [mem 0x3fb78000-0x3fb78037]
machine # [    0.014977] ACPI: Reserving TPM2 table memory at [mem 0x3fb77000-0x3fb7704b]
machine # [    0.014977] ACPI: Reserving WAET table memory at [mem 0x3fb76000-0x3fb76027]
machine # [    0.014978] ACPI: Reserving BGRT table memory at [mem 0x3fb75000-0x3fb75037]
machine # [    0.017083] No NUMA configuration found
machine # [    0.017084] Faking a node at [mem 0x0000000000000000-0x000000003fef3fff]
machine # [    0.017089] NODE_DATA(0) allocated [mem 0x3fe81000-0x3fe86fff]
machine # [    0.017145] Zone ranges:
machine # [    0.017146]   DMA      [mem 0x0000000000001000-0x0000000000ffffff]
machine # [    0.017147]   DMA32    [mem 0x0000000001000000-0x000000003fef3fff]
machine # [    0.017148]   Normal   empty
machine # [    0.017149]   Device   empty
machine # [    0.017150] Movable zone start for each node
machine # [    0.017150] Early memory node ranges
machine # [    0.017151]   node   0: [mem 0x0000000000001000-0x000000000009ffff]
machine # [    0.017154]   node   0: [mem 0x0000000000100000-0x00000000007fffff]
machine # [    0.017154]   node   0: [mem 0x0000000000808000-0x000000000080afff]
machine # [    0.017156]   node   0: [mem 0x000000000080c000-0x000000000080ffff]
machine # [    0.017157]   node   0: [mem 0x0000000000900000-0x000000003f8ecfff]
machine # [    0.017158]   node   0: [mem 0x000000003fbff000-0x000000003fef3fff]
machine # [    0.017161] Initmem setup node 0 [mem 0x0000000000001000-0x000000003fef3fff]
machine # [    0.017192] On node 0, zone DMA: 1 pages in unavailable ranges
machine # [    0.017203] On node 0, zone DMA: 96 pages in unavailable ranges
machine # [    0.017204] On node 0, zone DMA: 8 pages in unavailable ranges
machine # [    0.017205] On node 0, zone DMA: 1 pages in unavailable ranges
machine # [    0.017214] On node 0, zone DMA: 240 pages in unavailable ranges
machine # [    0.018545] On node 0, zone DMA32: 786 pages in unavailable ranges
machine # [    0.018549] On node 0, zone DMA32: 268 pages in unavailable ranges
machine # [    0.023424] ACPI: PM-Timer IO Port: 0xb008
machine # [    0.023462] ACPI: LAPIC_NMI (acpi_id[0xff] dfl dfl lint[0x1])
machine # [    0.023700] IOAPIC[0]: apic_id 0, version 17, address 0xfec00000, GSI 0-23
machine # [    0.023703] ACPI: INT_SRC_OVR (bus 0 bus_irq 0 global_irq 2 dfl dfl)
machine # [    0.023705] ACPI: INT_SRC_OVR (bus 0 bus_irq 5 global_irq 5 high level)
machine # [    0.023706] ACPI: INT_SRC_OVR (bus 0 bus_irq 9 global_irq 9 high level)
machine # [    0.023709] ACPI: INT_SRC_OVR (bus 0 bus_irq 10 global_irq 10 high level)
machine # [    0.023710] ACPI: INT_SRC_OVR (bus 0 bus_irq 11 global_irq 11 high level)
machine # [    0.023714] ACPI: Using ACPI (MADT) for SMP configuration information
machine # [    0.023715] ACPI: HPET id: 0x8086a201 base: 0xfed00000
machine # [    0.023771] TSC deadline timer available
machine # [    0.023772] smpboot: Allowing 1 CPUs, 0 hotplug CPUs
machine # [    0.023936] PM: hibernation: Registered nosave memory: [mem 0x00000000-0x00000fff]
machine # [    0.023937] PM: hibernation: Registered nosave memory: [mem 0x000a0000-0x000fffff]
machine # [    0.023938] PM: hibernation: Registered nosave memory: [mem 0x00800000-0x00807fff]
machine # [    0.023940] PM: hibernation: Registered nosave memory: [mem 0x0080b000-0x0080bfff]
machine # [    0.023941] PM: hibernation: Registered nosave memory: [mem 0x00810000-0x008fffff]
machine # [    0.023942] PM: hibernation: Registered nosave memory: [mem 0x3c71b000-0x3c71bfff]
machine # [    0.023943] PM: hibernation: Registered nosave memory: [mem 0x3c742000-0x3c742fff]
machine # [    0.023943] PM: hibernation: Registered nosave memory: [mem 0x3c743000-0x3c743fff]
machine # [    0.023944] PM: hibernation: Registered nosave memory: [mem 0x3c76a000-0x3c76afff]
machine # [    0.023945] PM: hibernation: Registered nosave memory: [mem 0x3e6c1000-0x3e6c1fff]
machine # [    0.023946] PM: hibernation: Registered nosave memory: [mem 0x3e6ca000-0x3e6cafff]
machine # [    0.023948] PM: hibernation: Registered nosave memory: [mem 0x3e6ef000-0x3e6f7fff]
machine # [    0.023949] PM: hibernation: Registered nosave memory: [mem 0x3f8ed000-0x3fb6cfff]
machine # [    0.023949] PM: hibernation: Registered nosave memory: [mem 0x3fb6d000-0x3fb7efff]
machine # [    0.023950] PM: hibernation: Registered nosave memory: [mem 0x3fb7f000-0x3fbfefff]
machine # [    0.023951] [mem 0x40000000-0xffbfffff] available for PCI devices
machine # [    0.023952] Booting paravirtualized kernel on KVM
machine # [    0.023957] clocksource: refined-jiffies: mask: 0xffffffff max_cycles: 0xffffffff, max_idle_ns: 1910969940391419 ns
machine # [    0.026943] setup_percpu: NR_CPUS:384 nr_cpumask_bits:1 nr_cpu_ids:1 nr_node_ids:1
machine # [    0.027223] percpu: Embedded 61 pages/cpu s212992 r8192 d28672 u2097152
machine # [    0.027381] kvm-guest: PV spinlocks disabled, single CPU
machine # [    0.027388] Fallback order for Node 0: 0
machine # [    0.027392] Built 1 zonelists, mobility grouping on.  Total pages: 254706
machine # [    0.027393] Policy zone: DMA32
machine # [    0.027394] Kernel command line: initrd=\efi\nixos\k6alg1h5q8zipikyrk1mpv8dgr2hb0kr-initrd-linux-6.1.15-initrd.efi init=/nix/store/h3qkcnp862x68dxaq5j6ylrdx0q0s2mw-nixos-system-machine-23.05pre-git/init console=ttyS0 panic=1 boot.panic_on_fail clock=acpi_pm loglevel=7 net.ifnames=0
machine # [    0.027444] clocksource: clock= boot option is deprecated - use clocksource=xyz
machine # [    0.027533] Dentry cache hash table entries: 131072 (order: 8, 1048576 bytes, linear)
machine # [    0.027555] Inode-cache hash table entries: 65536 (order: 7, 524288 bytes, linear)
machine # [    0.027726] mem auto-init: stack:all(zero), heap alloc:off, heap free:off
machine # [    0.029597] Memory: 923376K/1042976K available (12294K kernel code, 2307K rwdata, 7532K rodata, 1876K init, 4344K bss, 119340K reserved, 0K cma-reserved)
machine # [    0.029684] SLUB: HWalign=64, Order=0-3, MinObjects=0, CPUs=1, Nodes=1
machine # [    0.029695] Kernel/User page tables isolation: enabled
machine # [    0.029707] ftrace: allocating 37041 entries in 145 pages
machine # [    0.038310] ftrace: allocated 145 pages with 3 groups
machine # [    0.038845] Dynamic Preempt: voluntary
machine # [    0.039003] rcu: Preemptible hierarchical RCU implementation.
machine # [    0.039003] rcu:   RCU event tracing is enabled.
machine # [    0.039004] rcu:   RCU restricting CPUs from NR_CPUS=384 to nr_cpu_ids=1.
machine # [    0.039005]        Trampoline variant of Tasks RCU enabled.
machine # [    0.039005]        Rude variant of Tasks RCU enabled.
machine # [    0.039005]        Tracing variant of Tasks RCU enabled.
machine # [    0.039006] rcu: RCU calculated value of scheduler-enlistment delay is 100 jiffies.
machine # [    0.039007] rcu: Adjusting geometry for rcu_fanout_leaf=16, nr_cpu_ids=1
machine # [    0.041949] NR_IRQS: 24832, nr_irqs: 256, preallocated irqs: 16
machine # [    0.042272] rcu: srcu_init: Setting srcu_struct sizes based on contention.
machine # [    0.042339] Console: colour dummy device 80x25
machine # [    0.869076] printk: console [ttyS0] enabled
machine # [    0.872090] ACPI: Core revision 20220331
machine # [    0.875552] clocksource: hpet: mask: 0xffffffff max_cycles: 0xffffffff, max_idle_ns: 19112604467 ns
machine # [    0.882434] APIC: Switch to symmetric I/O mode setup
machine # [    0.888121] x2apic enabled
machine # [    0.892253] Switched APIC routing to physical x2apic.
machine # [    0.904235] ..TIMER: vector=0x30 apic1=0 pin1=2 apic2=-1 pin2=-1
machine # [    0.908692] clocksource: tsc-early: mask: 0xffffffffffffffff max_cycles: 0x2fbd924e8de, max_idle_ns: 440795321919 ns
machine # [    0.916095] Calibrating delay loop (skipped) preset value.. 6623.99 BogoMIPS (lpj=3311998)
machine # [    0.917093] pid_max: default: 32768 minimum: 301
machine # [    0.920793] LSM: Security Framework initializing
machine # [    0.921103] landlock: Up and running.
machine # [    0.922093] Yama: becoming mindful.
machine # [    0.923098] SELinux:  Initializing.
machine # [    0.924103] LSM support for eBPF active
machine # [    0.925110] Mount-cache hash table entries: 2048 (order: 2, 16384 bytes, linear)
machine # [    0.926094] Mountpoint-cache hash table entries: 2048 (order: 2, 16384 bytes, linear)
machine # [    0.929453] x86/cpu: User Mode Instruction Prevention (UMIP) activated
machine # [    0.931507] Last level iTLB entries: 4KB 0, 2MB 0, 4MB 0
machine # [    0.932093] Last level dTLB entries: 4KB 0, 2MB 0, 4MB 0, 1GB 0
machine # [    0.933138] Spectre V1 : Mitigation: usercopy/swapgs barriers and __user pointer sanitization
machine # [    0.934110] Spectre V2 : Mitigation: IBRS
machine # [    0.935093] Spectre V2 : Spectre v2 / SpectreRSB mitigation: Filling RSB on context switch
machine # [    0.936093] Spectre V2 : Spectre v2 / SpectreRSB : Filling RSB on VMEXIT
machine # [    0.937093] RETBleed: Mitigation: IBRS
machine # [    0.938097] Spectre V2 : mitigation: Enabling conditional Indirect Branch Prediction Barrier
machine # [    0.939093] Speculative Store Bypass: Mitigation: Speculative Store Bypass disabled via prctl
machine # [    0.940132] MDS: Mitigation: Clear CPU buffers
machine # [    0.941093] TAA: Mitigation: Clear CPU buffers
machine # [    0.942093] MMIO Stale Data: Vulnerable: Clear CPU buffers attempted, no microcode
machine # [    0.964889] Freeing SMP alternatives memory: 32K
machine # [    0.965475] smpboot: CPU0: Intel(R) Core(TM) i9-9940X CPU @ 3.30GHz (family: 0x6, model: 0x55, stepping: 0x4)
machine # [    0.966201] cblist_init_generic: Setting adjustable number of callback queues.
machine # [    0.967105] cblist_init_generic: Setting shift to 0 and lim to 1.
machine # [    0.968119] cblist_init_generic: Setting shift to 0 and lim to 1.
machine # [    0.969119] cblist_init_generic: Setting shift to 0 and lim to 1.
machine # [    0.970117] Performance Events: Skylake events, full-width counters, Intel PMU driver.
machine # [    0.971120] ... version:                2
machine # [    0.972105] ... bit width:              48
machine # [    0.973105] ... generic registers:      4
machine # [    0.974105] ... value mask:             0000ffffffffffff
machine # [    0.975105] ... max period:             00007fffffffffff
machine # [    0.976105] ... fixed-purpose events:   3
machine # [    0.977105] ... event mask:             000000070000000f
machine # [    0.978404] rcu: Hierarchical SRCU implementation.
machine # [    0.979105] rcu:   Max phase no-delay instances is 400.
machine # [    0.980417] smp: Bringing up secondary CPUs ...
machine # [    0.981107] smp: Brought up 1 node, 1 CPU
machine # [    0.982105] smpboot: Max logical packages: 1
machine # [    0.983105] smpboot: Total of 1 processors activated (6623.99 BogoMIPS)
machine # [    0.984751] devtmpfs: initialized
machine # [    0.985149] x86/mm: Memory block size: 128MB
machine # [    0.986314] ACPI: PM: Registering ACPI NVS region [mem 0x00800000-0x00807fff] (32768 bytes)
machine # [    0.987106] ACPI: PM: Registering ACPI NVS region [mem 0x0080b000-0x0080bfff] (4096 bytes)
machine # [    0.988105] ACPI: PM: Registering ACPI NVS region [mem 0x00810000-0x008fffff] (983040 bytes)
machine # [    0.989118] ACPI: PM: Registering ACPI NVS region [mem 0x3fb7f000-0x3fbfefff] (524288 bytes)
machine # [    0.990115] ACPI: PM: Registering ACPI NVS region [mem 0x3ff78000-0x3fffffff] (557056 bytes)
machine # [    0.991158] clocksource: jiffies: mask: 0xffffffff max_cycles: 0xffffffff, max_idle_ns: 1911260446275000 ns
machine # [    0.992107] futex hash table entries: 256 (order: 2, 16384 bytes, linear)
machine # [    0.993162] pinctrl core: initialized pinctrl subsystem
machine # [    0.994660] NET: Registered PF_NETLINK/PF_ROUTE protocol family
machine # [    0.995199] DMA: preallocated 128 KiB GFP_KERNEL pool for atomic allocations
machine # [    0.996108] DMA: preallocated 128 KiB GFP_KERNEL|GFP_DMA pool for atomic allocations
machine # [    0.997106] DMA: preallocated 128 KiB GFP_KERNEL|GFP_DMA32 pool for atomic allocations
machine # [    0.998112] audit: initializing netlink subsys (disabled)
machine # [    0.999199] thermal_sys: Registered thermal governor 'bang_bang'
machine # [    0.999200] thermal_sys: Registered thermal governor 'step_wise'
machine # [    1.000105] thermal_sys: Registered thermal governor 'user_space'
machine # [    1.001140] audit: type=2000 audit(1678111983.312:1): state=initialized audit_enabled=0 res=1
machine # [    1.003115] cpuidle: using governor menu
machine # [    1.004273] acpiphp: ACPI Hot Plug PCI Controller Driver version: 0.5
machine # [    1.005547] PCI: Using configuration type 1 for base access
machine # [    1.006919] kprobes: kprobe jump-optimization is enabled. All kprobes are optimized if possible.
machine # [    1.025625] HugeTLB: registered 1.00 GiB page size, pre-allocated 0 pages
machine # [    1.026105] HugeTLB: 16380 KiB vmemmap can be freed for a 1.00 GiB page
machine # [    1.027105] HugeTLB: registered 2.00 MiB page size, pre-allocated 0 pages
machine # [    1.028105] HugeTLB: 28 KiB vmemmap can be freed for a 2.00 MiB page
machine # [    1.029512] ACPI: Added _OSI(Module Device)
machine # [    1.030106] ACPI: Added _OSI(Processor Device)
machine # [    1.031105] ACPI: Added _OSI(3.0 _SCP Extensions)
machine # [    1.032106] ACPI: Added _OSI(Processor Aggregator Device)
machine # [    1.033655] ACPI: 1 ACPI AML tables successfully acquired and loaded
machine # [    1.035353] ACPI: Interpreter enabled
machine # [    1.036117] ACPI: PM: (supports S0 S3 S4 S5)
machine # [    1.037105] ACPI: Using IOAPIC for interrupt routing
machine # [    1.038114] PCI: Using host bridge windows from ACPI; if necessary, use "pci=nocrs" and report a bug
machine # [    1.039105] PCI: Using E820 reservations for host bridge windows
machine # [    1.040304] ACPI: Enabled 2 GPEs in block 00 to 0F
machine # [    1.043969] ACPI: PCI Root Bridge [PCI0] (domain 0000 [bus 00-ff])
machine # [    1.044109] acpi PNP0A03:00: _OSC: OS supports [ASPM ClockPM Segments MSI HPX-Type3]
machine # [    1.045120] acpi PNP0A03:00: _OSC: not requesting OS control; OS requires [ExtendedConfig ASPM ClockPM MSI]
machine # [    1.046112] acpi PNP0A03:00: fail to add MMCONFIG information, can't access extended PCI configuration space under this bridge.
machine # [    1.047403] acpiphp: Slot [3] registered
machine # [    1.048172] acpiphp: Slot [4] registered
machine # [    1.049170] acpiphp: Slot [5] registered
machine # [    1.050170] acpiphp: Slot [6] registered
machine # [    1.051170] acpiphp: Slot [7] registered
machine # [    1.052169] acpiphp: Slot [8] registered
machine # [    1.053170] acpiphp: Slot [9] registered
machine # [    1.054169] acpiphp: Slot [10] registered
machine # [    1.055170] acpiphp: Slot [11] registered
machine # [    1.056169] acpiphp: Slot [12] registered
machine # [    1.057169] acpiphp: Slot [13] registered
machine # [    1.058170] acpiphp: Slot [14] registered
machine # [    1.059169] acpiphp: Slot [15] registered
machine # [    1.060174] acpiphp: Slot [16] registered
machine # [    1.061169] acpiphp: Slot [17] registered
machine # [    1.062173] acpiphp: Slot [18] registered
machine # [    1.063169] acpiphp: Slot [19] registered
machine # [    1.064169] acpiphp: Slot [20] registered
machine # [    1.065170] acpiphp: Slot [21] registered
machine # [    1.066168] acpiphp: Slot [22] registered
machine # [    1.067169] acpiphp: Slot [23] registered
machine # [    1.068169] acpiphp: Slot [24] registered
machine # [    1.069170] acpiphp: Slot [25] registered
machine # [    1.070182] acpiphp: Slot [26] registered
machine # [    1.071169] acpiphp: Slot [27] registered
machine # [    1.072169] acpiphp: Slot [28] registered
machine # [    1.073169] acpiphp: Slot [29] registered
machine # [    1.074169] acpiphp: Slot [30] registered
machine # [    1.075169] acpiphp: Slot [31] registered
machine # [    1.076162] PCI host bridge to bus 0000:00
machine # [    1.077106] pci_bus 0000:00: root bus resource [io  0x0000-0x0cf7 window]
machine # [    1.078105] pci_bus 0000:00: root bus resource [io  0x0d00-0xffff window]
machine # [    1.079105] pci_bus 0000:00: root bus resource [mem 0x000a0000-0x000bffff window]
machine # [    1.080105] pci_bus 0000:00: root bus resource [mem 0x40000000-0xfebfffff window]
machine # [    1.081105] pci_bus 0000:00: root bus resource [mem 0x380000000000-0x38007fffffff window]
machine # [    1.082107] pci_bus 0000:00: root bus resource [mem 0xfed40000-0xfed44fff]
machine # [    1.083106] pci_bus 0000:00: root bus resource [bus 00-ff]
machine # [    1.084336] pci 0000:00:00.0: [8086:1237] type 00 class 0x060000
machine # [    1.088326] pci 0000:00:01.0: [8086:7000] type 00 class 0x060100
machine # [    1.093394] pci 0000:00:01.1: [8086:7010] type 00 class 0x010180
machine # [    1.098106] pci 0000:00:01.1: reg 0x20: [io  0xc2e0-0xc2ef]
machine # [    1.100726] pci 0000:00:01.1: legacy IDE quirk: reg 0x10: [io  0x01f0-0x01f7]
machine # [    1.101106] pci 0000:00:01.1: legacy IDE quirk: reg 0x14: [io  0x03f6]
machine # [    1.102105] pci 0000:00:01.1: legacy IDE quirk: reg 0x18: [io  0x0170-0x0177]
machine # [    1.103105] pci 0000:00:01.1: legacy IDE quirk: reg 0x1c: [io  0x0376]
machine # [    1.104847] pci 0000:00:01.2: [8086:7020] type 00 class 0x0c0300
machine # [    1.108871] pci 0000:00:01.2: reg 0x20: [io  0xc2c0-0xc2df]
machine # [    1.111160] pci 0000:00:01.3: [8086:7113] type 00 class 0x068000
machine # [    1.115163] pci 0000:00:01.3: quirk: [io  0xb000-0xb03f] claimed by PIIX4 ACPI
machine # [    1.116159] pci 0000:00:01.3: quirk: [io  0xb100-0xb10f] claimed by PIIX4 SMB
machine # [    1.118324] pci 0000:00:02.0: [1234:1111] type 00 class 0x030000
machine # [    1.120848] pci 0000:00:02.0: reg 0x10: [mem 0x80000000-0x80ffffff pref]
machine # [    1.123934] pci 0000:00:02.0: reg 0x18: [mem 0x8104c000-0x8104cfff]
machine # [    1.128779] pci 0000:00:02.0: reg 0x30: [mem 0xffff0000-0xffffffff pref]
machine # [    1.129780] pci 0000:00:02.0: BAR 0: assigned to efifb
machine # [    1.130291] pci 0000:00:02.0: Video device with shadowed ROM at [mem 0x000c0000-0x000dffff]
machine # [    1.133480] pci 0000:00:03.0: [1af4:1000] type 00 class 0x020000
machine # [    1.135926] pci 0000:00:03.0: reg 0x10: [io  0xc2a0-0xc2bf]
machine # [    1.137107] pci 0000:00:03.0: reg 0x14: [mem 0x8104b000-0x8104bfff]
machine # [    1.141846] pci 0000:00:03.0: reg 0x20: [mem 0x380000000000-0x380000003fff 64bit pref]
machine # [    1.143114] pci 0000:00:03.0: reg 0x30: [mem 0xfffc0000-0xffffffff pref]
machine # [    1.149075] pci 0000:00:04.0: [1af4:1005] type 00 class 0x00ff00
machine # [    1.150577] pci 0000:00:04.0: reg 0x10: [io  0xc280-0xc29f]
machine # [    1.152107] pci 0000:00:04.0: reg 0x14: [mem 0x8104a000-0x8104afff]
machine # [    1.156107] pci 0000:00:04.0: reg 0x20: [mem 0x380000004000-0x380000007fff 64bit pref]
machine # [    1.163106] pci 0000:00:05.0: [1af4:1009] type 00 class 0x000200
machine # [    1.165107] pci 0000:00:05.0: reg 0x10: [io  0xc1c0-0xc1ff]
machine # [    1.167106] pci 0000:00:05.0: reg 0x14: [mem 0x81049000-0x81049fff]
machine # [    1.171030] pci 0000:00:05.0: reg 0x20: [mem 0x380000008000-0x38000000bfff 64bit pref]
machine # [    1.176794] pci 0000:00:06.0: [1af4:1009] type 00 class 0x000200
machine # [    1.178107] pci 0000:00:06.0: reg 0x10: [io  0xc260-0xc27f]
machine # [    1.180033] pci 0000:00:06.0: reg 0x14: [mem 0x81048000-0x81048fff]
machine # [    1.182867] pci 0000:00:06.0: reg 0x20: [mem 0x38000000c000-0x38000000ffff 64bit pref]
machine # [    1.189052] pci 0000:00:07.0: [1af4:1009] type 00 class 0x000200
machine # [    1.190107] pci 0000:00:07.0: reg 0x10: [io  0xc240-0xc25f]
machine # [    1.192072] pci 0000:00:07.0: reg 0x14: [mem 0x81047000-0x81047fff]
machine # [    1.194854] pci 0000:00:07.0: reg 0x20: [mem 0x380000010000-0x380000013fff 64bit pref]
machine # [    1.200927] pci 0000:00:08.0: [1af4:1001] type 00 class 0x010000
machine # [    1.202107] pci 0000:00:08.0: reg 0x10: [io  0xc100-0xc17f]
machine # [    1.204048] pci 0000:00:08.0: reg 0x14: [mem 0x81046000-0x81046fff]
machine # [    1.206745] pci 0000:00:08.0: reg 0x20: [mem 0x380000014000-0x380000017fff 64bit pref]
machine # [    1.212802] pci 0000:00:09.0: [1af4:1001] type 00 class 0x010000
machine # [    1.214107] pci 0000:00:09.0: reg 0x10: [io  0xc080-0xc0ff]
machine # [    1.216033] pci 0000:00:09.0: reg 0x14: [mem 0x81045000-0x81045fff]
machine # [    1.218869] pci 0000:00:09.0: reg 0x20: [mem 0x380000018000-0x38000001bfff 64bit pref]
machine # [    1.225205] pci 0000:00:0a.0: [1af4:1001] type 00 class 0x010000
machine # [    1.227107] pci 0000:00:0a.0: reg 0x10: [io  0xc000-0xc07f]
machine # [    1.229021] pci 0000:00:0a.0: reg 0x14: [mem 0x81044000-0x81044fff]
machine # [    1.232107] pci 0000:00:0a.0: reg 0x20: [mem 0x38000001c000-0x38000001ffff 64bit pref]
machine # [    1.238953] pci 0000:00:0b.0: [1af4:1000] type 00 class 0x020000
machine # [    1.240107] pci 0000:00:0b.0: reg 0x10: [io  0xc220-0xc23f]
machine # [    1.242058] pci 0000:00:0b.0: reg 0x14: [mem 0x81043000-0x81043fff]
machine # [    1.244798] pci 0000:00:0b.0: reg 0x20: [mem 0x380000020000-0x380000023fff 64bit pref]
machine # [    1.246052] pci 0000:00:0b.0: reg 0x30: [mem 0xfffc0000-0xffffffff pref]
machine # [    1.250938] pci 0000:00:0c.0: [1af4:1052] type 00 class 0x090000
machine # [    1.252845] pci 0000:00:0c.0: reg 0x14: [mem 0x81042000-0x81042fff]
machine # [    1.255482] pci 0000:00:0c.0: reg 0x20: [mem 0x380000024000-0x380000027fff 64bit pref]
machine # [    1.261813] pci 0000:00:0d.0: [1af4:1003] type 00 class 0x078000
machine # [    1.263107] pci 0000:00:0d.0: reg 0x10: [io  0xc180-0xc1bf]
machine # [    1.265027] pci 0000:00:0d.0: reg 0x14: [mem 0x81041000-0x81041fff]
machine # [    1.267846] pci 0000:00:0d.0: reg 0x20: [mem 0x380000028000-0x38000002bfff 64bit pref]
machine # [    1.273864] pci 0000:00:0e.0: [1af4:1005] type 00 class 0x00ff00
machine # [    1.275107] pci 0000:00:0e.0: reg 0x10: [io  0xc200-0xc21f]
machine # [    1.277031] pci 0000:00:0e.0: reg 0x14: [mem 0x81040000-0x81040fff]
machine # [    1.279835] pci 0000:00:0e.0: reg 0x20: [mem 0x38000002c000-0x38000002ffff 64bit pref]
machine # [    1.286589] ACPI: PCI: Interrupt link LNKA configured for IRQ 10
machine # [    1.287439] ACPI: PCI: Interrupt link LNKB configured for IRQ 10
machine # [    1.288401] ACPI: PCI: Interrupt link LNKC configured for IRQ 11
machine # [    1.289412] ACPI: PCI: Interrupt link LNKD configured for IRQ 11
machine # [    1.290254] ACPI: PCI: Interrupt link LNKS configured for IRQ 9
machine # [    1.291567] iommu: Default domain type: Translated
machine # [    1.292105] iommu: DMA domain TLB invalidation policy: lazy mode
machine # [    1.293238] Registered efivars operations
machine # [    1.294517] NetLabel: Initializing
machine # [    1.295106] NetLabel:  domain hash size = 128
machine # [    1.296105] NetLabel:  protocols = UNLABELED CIPSOv4 CALIPSO
machine # [    1.297124] NetLabel:  unlabeled traffic allowed by default
machine # [    1.298127] PCI: Using ACPI for IRQ routing
machine # [    1.301248] pci 0000:00:02.0: vgaarb: setting as boot VGA device
machine # [    1.302091] pci 0000:00:02.0: vgaarb: bridge control possible
machine # [    1.302091] pci 0000:00:02.0: vgaarb: VGA device added: decodes=io+mem,owns=io+mem,locks=none
machine # [    1.302107] vgaarb: loaded
machine # [    1.303206] hpet0: at MMIO 0xfed00000, IRQs 2, 8, 0
machine # [    1.304105] hpet0: 3 comparators, 64-bit 100.000000 MHz counter
machine # [    1.309164] clocksource: Switched to clocksource kvm-clock
machine # [    1.321380] VFS: Disk quotas dquot_6.6.0
machine # [    1.324163] VFS: Dquot-cache hash table entries: 512 (order 0, 4096 bytes)
machine # [    1.328985] pnp: PnP ACPI init
machine # [    1.331722] pnp: PnP ACPI: found 6 devices
machine # [    1.340776] clocksource: acpi_pm: mask: 0xffffff max_cycles: 0xffffff, max_idle_ns: 2085701024 ns
machine # [    1.346757] clocksource: Switched to clocksource acpi_pm
machine # [    1.350521] NET: Registered PF_INET protocol family
machine # [    1.354031] IP idents hash table entries: 16384 (order: 5, 131072 bytes, linear)
machine # [    1.360420] tcp_listen_portaddr_hash hash table entries: 512 (order: 1, 8192 bytes, linear)
machine # [    1.366256] Table-perturb hash table entries: 65536 (order: 6, 262144 bytes, linear)
machine # [    1.371630] TCP established hash table entries: 8192 (order: 4, 65536 bytes, linear)
machine # [    1.376915] TCP bind hash table entries: 8192 (order: 6, 262144 bytes, linear)
machine # [    1.381977] TCP: Hash tables configured (established 8192 bind 8192)
machine # [    1.386481] MPTCP token hash table entries: 1024 (order: 2, 24576 bytes, linear)
machine # [    1.391505] UDP hash table entries: 512 (order: 2, 16384 bytes, linear)
machine # [    1.396031] UDP-Lite hash table entries: 512 (order: 2, 16384 bytes, linear)
machine # [    1.400935] NET: Registered PF_UNIX/PF_LOCAL protocol family
machine # [    1.404954] NET: Registered PF_XDP protocol family
machine # [    1.408385] pci 0000:00:03.0: can't claim BAR 6 [mem 0xfffc0000-0xffffffff pref]: no compatible bridge window
machine # [    1.415011] pci 0000:00:0b.0: can't claim BAR 6 [mem 0xfffc0000-0xffffffff pref]: no compatible bridge window
machine # [    1.421734] pci 0000:00:03.0: BAR 6: assigned [mem 0x40000000-0x4003ffff pref]
machine # [    1.426722] pci 0000:00:0b.0: BAR 6: assigned [mem 0x40040000-0x4007ffff pref]
machine # [    1.431793] pci_bus 0000:00: resource 4 [io  0x0000-0x0cf7 window]
machine # [    1.436082] pci_bus 0000:00: resource 5 [io  0x0d00-0xffff window]
machine # [    1.440317] pci_bus 0000:00: resource 6 [mem 0x000a0000-0x000bffff window]
machine # [    1.445037] pci_bus 0000:00: resource 7 [mem 0x40000000-0xfebfffff window]
machine # [    1.449796] pci_bus 0000:00: resource 8 [mem 0x380000000000-0x38007fffffff window]
machine # [    1.455022] pci_bus 0000:00: resource 9 [mem 0xfed40000-0xfed44fff]
machine # [    1.459411] pci 0000:00:01.0: PIIX3: Enabling Passive Release
machine # [    1.463477] pci 0000:00:00.0: Limiting direct PCI/PCI transfers
machine # [    1.489995] ACPI: \_SB_.LNKD: Enabled at IRQ 11
machine # [    1.516354] pci 0000:00:01.2: quirk_usb_early_handoff+0x0/0x750 took 47463 usecs
machine # [    1.522501] PCI: CLS 0 bytes, default 64
machine # [    1.525459] Trying to unpack rootfs image as initramfs...
machine # [    1.529381] clocksource: tsc: mask: 0xffffffffffffffff max_cycles: 0x2fbd924e8de, max_idle_ns: 440795321919 ns
machine # [    1.543557] Initialise system trusted keyrings
machine # [    1.552291] workingset: timestamp_bits=40 max_order=18 bucket_order=0
machine # [    1.563678] zbud: loaded
machine # [    1.569569] Key type asymmetric registered
machine # [    1.572473] Asymmetric key parser 'x509' registered
machine # [    1.639487] Freeing initrd memory: 15956K
machine # [    1.647035] alg: self-tests for CTR-KDF (hmac(sha256)) passed
machine # [    1.651321] Block layer SCSI generic (bsg) driver version 0.4 loaded (major 252)
machine # [    1.656482] io scheduler mq-deadline registered
machine # [    1.659707] io scheduler kyber registered
machine # [    1.662936] Serial: 8250/16550 driver, 4 ports, IRQ sharing enabled
machine # [    1.667899] 00:04: ttyS0 at I/O 0x3f8 (irq = 4, base_baud = 115200) is a 16550A
machine # [    1.674440] intel_pstate: CPU model not supported
machine # [    1.677881] efifb: probing for efifb
machine # [    1.680566] efifb: framebuffer at 0x80000000, using 4000k, total 4000k
machine # [    1.685220] efifb: mode is 1280x800x32, linelength=5120, pages=1
machine # [    1.689515] efifb: scrolling: redraw
machine # [    1.692204] efifb: Truecolor: size=8:8:8:8, shift=24:16:8:0
machine # [    1.696286] fbcon: Deferring console take-over
machine # [    1.699550] fb0: EFI VGA frame buffer device
machine # [    1.702724] drop_monitor: Initializing network drop monitor service
machine # [    1.716496] NET: Registered PF_INET6 protocol family
machine # [    1.724335] Segment Routing with IPv6
machine # [    1.727030] In-situ OAM (IOAM) with IPv6
machine # [    1.730445] IPI shorthand broadcast: enabled
machine # [    1.733661] registered taskstats version 1
machine # [    1.736713] Loading compiled-in X.509 certificates
machine # [    1.740320] zswap: loaded using pool lzo/zbud
machine # [    1.743643] Key type .fscrypt registered
machine # [    1.746471] Key type fscrypt-provisioning registered
machine # [    1.751353] Unstable clock detected, switching default tracing clock to "global"
machine # [    1.751353] If you want to keep using the local clock, then add:
machine # [    1.751353]   "trace_clock=local"
machine # [    1.751353] on the kernel command line
machine # [    1.767830] Freeing unused decrypted memory: 2036K
machine # [    1.770919] Freeing unused kernel image (initmem) memory: 1876K
machine # [    1.773571] Write protecting the kernel read-only data: 22528k
machine # [    1.777598] Freeing unused kernel image (text/rodata gap) memory: 2040K
machine # [    1.780441] Freeing unused kernel image (rodata/data gap) memory: 660K
machine # [    1.822545] x86/mm: Checked W+X mappings: passed, no W+X pages found.
machine # [    1.825283] x86/mm: Checking user space page tables
machine # [    1.864519] x86/mm: Checked W+X mappings: passed, no W+X pages found.
machine # [    1.867221] Run /init as init process
machine # [    1.878601] systemd[1]: Inserted module 'autofs4'
machine # [    1.888286] systemd[1]: systemd 252.5 running in system mode (+PAM -AUDIT -SELINUX -APPARMOR +IMA +SMACK +SECCOMP -GCRYPT -GNUTLS +OPENSSL +ACL +BLKID -CURL -ELFUTILS +FIDO2 -IDN2 -IDN -IPTC +KMOD +LIBCRYPTSETUP +LIBFDISK -PCRE2 -PWQUALITY -P11KIT -QRENCODE +TPM2 -BZIP2 -LZ4 -XZ -ZLIB -ZSTD -BPF_FRAMEWORK -XKBCOMMON +UTMP -SYSVINIT default-hierarchy=unified)
machine # [    1.900544] systemd[1]: Detected virtualization kvm.
machine # [    1.902838] systemd[1]: Detected architecture x86-64.
machine # [    1.905295] systemd[1]: Running in initrd.
machine # [    1.907340] systemd[1]: No hostname configured, using default hostname.
machine # [    1.910362] systemd[1]: Hostname set to <localhost>.
machine # [    1.912787] systemd[1]: Initializing machine ID from random generator.
machine # [    1.970284] systemd[1]: Queued start job for default target Initrd Default Target.
machine # [    1.978312] systemd[1]: Created slice Slice /system/systemd-makefs.
machine # [    1.981565] systemd[1]: Started Dispatch Password Requests to Console Directory Watch.
machine # [    1.985633] systemd[1]: Reached target Initrd Root Device.
machine # [    1.988495] systemd[1]: Reached target Path Units.
machine # [    1.990928] systemd[1]: Reached target Slice Units.
machine # [    1.993518] systemd[1]: Reached target Swaps.
machine # [    1.995793] systemd[1]: Reached target Timer Units.
machine # [    1.998609] systemd[1]: Listening on Journal Audit Socket.
machine # [    2.001644] systemd[1]: Listening on Journal Socket (/dev/log).
machine # [    2.004688] systemd[1]: Listening on Journal Socket.
machine # [    2.007507] systemd[1]: Listening on udev Control Socket.
machine # [    2.010468] systemd[1]: Listening on udev Kernel Socket.
machine # [    2.013287] systemd[1]: Reached target Socket Units.
machine # [    2.015737] systemd[1]: Kernel Configuration File System was skipped because of an unmet condition check (ConditionPathExists=/sys/kernel/config).
machine # [    2.027869] systemd[1]: Starting Create List of Static Device Nodes...
machine # [    2.041536] systemd[1]: Starting Journal Service...
machine # [    2.049540] systemd[1]: Starting Load Kernel Modules...
machine # [    2.064559] systemd[1]: Starting Coldplug All udev Devices...
machine # [    2.085434] systemd[1]: Finished Create List of Static Device Nodes.
machine # [    2.110562] systemd[1]: Starting Create Static Device Nodes in /dev...
machine # [    2.127265] device-mapper: ioctl: 4.47.0-ioctl (2022-07-28) initialised: dm-devel@redhat.com
machine # [    2.139664] systemd[1]: Finished Create Static Device Nodes in /dev.
machine # [    2.155576] systemd[1]: Finished Load Kernel Modules.
machine # [    2.173567] systemd[1]: Starting Apply Kernel Variables...
machine # [    2.185590] audit: type=1334 audit(1678111984.497:2): prog-id=6 op=LOAD
machine # [    2.189821] audit: type=1334 audit(1678111984.501:3): prog-id=7 op=LOAD
machine # [    2.198568] systemd[1]: Starting Rule-based Manager for Device Events and Files...
machine # [    2.224572] systemd[1]: Finished Apply Kernel Variables.
machine # [    2.255077] systemd[1]: Finished Coldplug All udev Devices.
machine # [    2.264588] systemd[1]: Started Rule-based Manager for Device Events and Files.
machine # [    2.460619] systemd[1]: Started Journal Service.
machine # [    1.600216] systemd-modules-load[75]: Inserted module 'virtio_balloon'
machine # [    1.609914] systemd-modules-load[75]: Inserted module 'virtio_console'
machine # [    1.619596] systemd-modules-load[75]: Inserted module 'dm_mod'
machine # [    1.628972] systemd-udevd[81]: Using default interface naming scheme 'v252'.
machine # [    1.640561] systemd-udevd[81]: /nix/store/m1safh1fssisd0f7brzi65y3g9qixf0j-systemd-stage-1-252.5/lib/udev/rules.d/50-udev-default.rules:22 Unknown group 'tty', ignoring
machine # [    1.658789] systemd-udevd[81]: /nix/store/m1safh1fssisd0f7brzi65y3g9qixf0j-systemd-stage-1-252.5/lib/udev/rules.d/50-udev-default.rules:23 Unknown group 'tty', ignoring
machine # [    1.675623] systemd-udevd[81]: /nix/store/m1safh1fssisd0f7brzi65y3g9qixf0j-systemd-stage-1-252.5/lib/udev/rules.d/50-udev-default.rules:24 Unknown group 'tty', ignoring
machine # [    1.693147] systemd-udevd[81]: /nix/store/m1safh1fssisd0f7brzi65y3g9qixf0j-systemd-stage-1-252.5/lib/udev/rules.d/50-udev-default.rules:25 Unknown group 'tty', ignoring
machine # [    1.707892] systemd-udevd[81]: /nix/store/m1safh1fssisd0f7brzi65y3g9qixf0j-systemd-stage-1-252.5/lib/udev/rules.d/50-udev-default.rules:26 Unknown group 'tty', ignoring
machine # [    1.723192] systemd-udevd[81]: /nix/store/m1safh1fssisd0f7brzi65y3g9qixf0j-systemd-stage-1-252.5/lib/udev/rules.d/50-udev-default.rules:27 Unknown group 'tty', ignoring
machine # [    1.739548] systemd-udevd[81]: /nix/store/m1safh1fssisd0f7brzi65y3g9qixf0j-systemd-stage-1-252.5/lib/udev/rules.d/50-udev-default.rules:28 Unknown group 'tty', ignoring
machine # [    1.753248] systemd-udevd[81]: /nix/store/m1safh1fssisd0f7brzi65y3g9qixf0j-systemd-stage-1-252.5/lib/udev/rules.d/50-udev-default.rules:29 Unknown group 'dialout', ignoring
machine # [    1.768916] systemd-udevd[81]: /nix/store/m1safh1fssisd0f7brzi65y3g9qixf0j-systemd-stage-1-252.5/lib/udev/rules.d/50-udev-default.rules:31 Unknown group 'kmem', ignoring
machine # [    1.783198] systemd-udevd[81]: /nix/store/m1safh1fssisd0f7brzi65y3g9qixf0j-systemd-stage-1-252.5/lib/udev/rules.d/50-udev-default.rules:33 Unknown group 'input', ignoring
machine # [    1.798255] systemd-udevd[81]: /nix/store/m1safh1fssisd0f7brzi65y3g9qixf0j-systemd-stage-1-252.5/lib/udev/rules.d/50-udev-default.rules:36 Unknown group 'video', ignoring
machine # [    1.813935] systemd-udevd[81]: /nix/store/m1safh1fssisd0f7brzi65y3g9qixf0j-systemd-stage-1-252.5/lib/udev/rules.d/50-udev-default.rules:37 Unknown group 'video', ignoring[    2.687459] i8042: PNP: PS/2 Controller [PNP0303:KBD,PNP0f13:MOU] at 0x60,0x64 irq 1,12
machine # [    2.693033] rtc_cmos 00:05: RTC can wake from S4
machine # 
 Ctrl Cmd: length 4
 00 00 00 04 
 Ctrl Rsp: length 8
 00 00 00 00 00 00 00 00 
machine # [    1.831001] systemd-udevd[81]: /nix/store/m1safh1fssisd0f7brzi65y3g9qixf0j-systemd-stage-1-252.5/lib/udev/rules.d/50-udev-default.rules:38 Unknown group 'video', ignoring
 Ctrl Cmd: length 8
 00 00 00 05 00 00 00 00 
 Ctrl Rsp: length 4
 00 00 00 00 
 SWTPM_IO_Read: length 22
 80 01 00 00 00 16 00 00 01 7A 00 00 00 06 00 00 
 01 29 00 00 00 01 
 SWTPM_IO_Write: length 10
 80 01 00 00 00 0A 00 00 01 00 
machine # [    1.846159] systemd-udevd[81]: /nix/store/m1safh1fssisd0f7brzi65y3g9qixf0j-systemd-stage-1-252.5/lib/udev/rules.d/50-udev-default.rules:39 Unknown group 'video', ignoring[    2.725740] tpm_tis MSFT0101:00: 2.0 TPM (device-id 0x1, rev-id 1)
machine # 
machine # [    1.864800] systemd-udevd[81]: /nix/store/m1safh1fssisd0f7brzi65y3g9qixf0j-systemd-stage-1-252.5/lib/udev/rules.d/50-udev-default.rules:40 Unknown group 'video', ignoring[    2.740956] rtc_cmos 00:05: registered as rtc0
machine # 
machine # [    1.881766] systemd-udevd[81]: /nix/store/m1safh1fssisd0f7brzi65y3g9qixf0j-systemd-stage-1-252.5/lib/udev/rules.d/50-udev-default.rules:41 Unknown group 'video', ignoring[    2.757680] rtc_cmos 00:05: alarms up to one day, y3k, 242 bytes nvram
 SWTPM_IO_Read: length 11
 80 01 00 00 00 0B 00 00 01 43 00 
 SWTPM_IO_Write: length 10
 80 01 00 00 00 0A 00 00 01 00 
machine # 
machine # [    2.763378] serio: i8042 KBD port at 0x60,0x64 irq 1
machine # [    1.899755] systemd-udevd[81]: /nix/store/m1safh1fssisd0f7brzi65y3g9qixf0j-systemd-stage-1-252.5/lib/udev/rules.d/50-udev-default.rules:43 Unknown group 'render', ignoring[    2.774759] tpm tpm0: A TPM error (256) occurred attempting the self test
machine # [    2.777638] tpm tpm0: starting up the TPM manually
machine # 
machine # [    1.915785] systemd-udevd[81]: /nix/store/m1safh1fssisd0f7brzi65y3g9qixf0j-systemd-stage-1-252.5/lib/udev/rules.d/50-udev-default.rules:44 Unknown group 'render', ignoring[    2.791885] serio: i8042 AUX port at 0x60,0x64 irq 12
machine # 
 SWTPM_IO_Read: length 12
 80 01 00 00 00 0C 00 00 01 44 00 00 
 SWTPM_IO_Write: length 10
 80 01 00 00 00 0A 00 00 00 00 
 SWTPM_IO_Read: length 11
 80 01 00 00 00 0B 00 00 01 43 00 
machine # [    1.932697] systemd-udevd[81]: /nix/store/m1safh1fssisd0f7brzi65y3g9qixf0j-systemd-stage-1-252.5/lib/udev/rules.d/50-udev-default.rules:46 Unknown group 'sgx', ignoring
machine # [    1.948279] systemd-udevd[81]: /nix/store/m1safh1fssisd0f7brzi65y3g9qixf0j-systemd-stage-1-252.5/lib/udev/rules.d/50-udev-default.rules:47 Unknown group 'sgx', ignoring
 SWTPM_IO_Write: length 10
 80 01 00 00 00 0A 00 00 00 00 
 SWTPM_IO_Read: length 22
 80 01 00 00 00 16 00 00 01 7A 00 00 00 06 00 00 
 01 29 00 00 00 01 
 SWTPM_IO_Write: length 27
 80 01 00 00 00 1B 00 00 00 00 01 00 00 00 06 00 
 00 00 01 00 00 01 29 00 00 00 6E 
 SWTPM_IO_Read: length 22
 80 01 00 00 00 16 00 00 01 7A 00 00 00 02 00 00 
 01 1F 00 00 00 6E 
 SWTPM_IO_Write: length 459
 80 01 00 00 01 CB 00 00 00 00 00 00 00 00 02 00 
 00 00 6E 04 40 01 1F 04 40 01 20 02 C0 01 21 04 
 40 01 22 02 C0 01 24 02 C0 01 25 02 C0 01 26 02 
 40 01 27 02 40 01 28 02 40 01 29 02 40 01 2A 02 
 40 01 2B 02 40 01 2C 02 40 01 2D 02 40 01 2E 02 
 00 01 30 12 00 01 31 02 40 01 32 04 40 01 33 04 
 40 01 34 04 40 01 35 04 40 01 36 04 40 01 37 04 
 40 01 38 02 40 01 39 02 40 01 3A 02 40 01 3B 02 
 40 01 3C 02 40 01 3D 03 00 01 3E 02 40 01 3F 02 
 40 01 40 00 40 01 42 00 40 01 43 00 40 01 44 00 
 40 01 45 00 40 01 46 04 00 01 47 04 00 01 48 06 
 00 01 49 04 00 01 4A 04 00 01 4B 04 00 01 4C 06 
 00 01 4D 04 00 01 4E 04 40 01 4F 04 00 01 50 04 
 00 01 51 04 00 01 52 02 00 01 53 02 00 01 54 02 
 00 01 55 02 00 01 56 12 00 01 57 02 00 01 58 02 
 00 01 59 12 00 01 5B 02 00 01 5C 02 00 01 5D 02 
 00 01 5E 04 00 01 60 10 00 01 61 02 00 01 62 02 
 00 01 63 02 00 01 64 00 00 01 65 10 00 01 67 02 
 00 01 68 02 00 01 69 02 00 01 6A 02 00 01 6B 02 
 00 01 6C 02 00 01 6D 02 00 01 6E 02 00 01 6F 02 
 00 01 70 02 00 01 71 02 00 01 72 02 00 01 73 02 
 00 01 74 14 00 01 76 02 00 01 77 00 00 01 78 00 
 00 01 7A 00 00 01 7B 00 00 01 7C 00 00 01 7D 00 
 00 01 7E 02 00 01 7F 02 00 01 80 00 00 01 81 02 
 40 01 82 02 00 01 83 06 00 01 84 05 40 01 85 10 
 00 01 86 02 00 01 87 02 00 01 88 02 00 01 89 00 
 00 01 8A 02 00 01 8B 02 00 01 8C 02 00 01 8D 00 
 00 01 8E 02 00 01 8F 02 00 01 90 12 00 01 91 06 
 00 01 92 02 00 01 93 04 00 01 97 
machine # [    1.964694] systemd-udevd[81]: /nix/store/m1safh1fssisd0f7brzi65y3g9qixf0j-systemd-stage-1-252.5/lib/udev/rules.d/50-udev-default.rules:53 Unknown group 'audio', ignoring
machine # [    1.994837] systemd-udevd[81]: /nix/store/m1safh1fssisd0f7brzi65y3g9qixf0j-systemd-stage-1-252.5/lib/udev/rules.d/50-udev-default.rules:63 Unknown group 'audio', ignoring
machine # [    2.002226] systemd-udevd[81]: /nix/store/m1safh1fssisd0f7brzi65y3g9qixf0j-systemd-stage-1-252.5/lib/udev/rules.d/50-udev-default.rules:64 Unknown group 'audio', ignoring
machine # [    2.011210] systemd-udevd[81]: /nix/store/m1safh1fssisd0f7brzi65y3g9qixf0j-systemd-stage-1-252.5/lib/udev/rules.d/50-udev-default.rules:65 Unknown group 'video', ignoring
machine # [    2.027186] systemd-udevd[81]: /nix/store/m1safh1fssisd0f7brzi65y3g9qixf0j-systemd-stage-1-252.5/lib/udev/rules.d/50-udev-default.rules:67 Unknown group 'lp', ignoring
machine # [    2.041185] systemd-udevd[81]: /nix/store/m1safh1fssisd0f7brzi65y3g9qixf0j-systemd-stage-1-252.5/lib/udev/rules.d/50-udev-default.rules:68 Unknown group 'lp', ignoring
machine # [    2.056184] systemd-udevd[81]: /nix/store/m1safh1fssisd0f7brzi65y3g9qixf0j-systemd-stage-1-252.5/lib/udev/rules.d/50-udev-default.rules:69 Unknown group 'lp', ignoring
machine # [    2.070864] systemd-udevd[81]: /nix/store/m1safh1fssisd0f7brzi65y3g9qixf0j-systemd-stage-1-252.5/lib/udev/rules.d/50-udev-default.rules:70 Unknown group 'lp', ignoring
machine # [    2.084911] systemd-udevd[81]: /nix/store/m1safh1fssisd0f7brzi65y3g9qixf0j-systemd-stage-1-252.5/lib/udev/rules.d/50-udev-default.rules:71 Unknown group 'lp', ignoring
machine # [    2.099177] systemd-udevd[81]: /nix/store/m1safh1fssisd0f7brzi65y3g9qixf0j-systemd-stage-1-252.5/lib/udev/rules.d/50-udev-default.rules:72 Unknown group 'lp', ignoring
machine # [    2.115123] systemd-udevd[81]: /nix/store/m1safh1fssisd0f7brzi65y3g9qixf0j-systemd-stage-1-252.5/lib/udev/rules.d/50-udev-default.rules:74 Unknown group 'disk', ignoring
 SWTPM_IO_Read: length 22
 80 01 00 00 00 16 00 00 01 7A 00 00 00 05 00 00 
 00 00 00 00 00 01 
 SWTPM_IO_Write: length 43
 80 01 00 00 00 2B 00 00 00 00 00 00 00 00 05 00 
 00 00 04 00 04 03 FF FF FF 00 0B 03 FF FF FF 00 
 0C 03 FF FF FF 00 0D 03 FF FF FF 
machine # [    2.130515] systemd-udevd[81]: /nix/store/m1safh1fssisd0f7brzi65y3g9qixf0j-systemd-stage-1-252.5/lib/udev/rules.d/50-udev-default.rules:75 Unknown group 'cdrom', ignoring
machine # [    2.146825] systemd-udevd[81]: /nix/store/m1safh1fssisd0f7brzi65y3g9qixf0j-systemd-stage-1-252.5/lib/udev/rules.d/50-udev-default.rules:76 Unknown group 'cdrom', ignoring[    3.021583] SCSI subsystem initialized
machine # 
machine # [    2.162141] systemd-udevd[81]: /nix/store/m1safh1fssisd0f7brzi65y3g9qixf0j-systemd-stage-1-252.5/lib/udev/rules.d/50-udev-default.rules:77 Unknown group 'cdrom', ignoring
machine # [    2.178090] systemd-udevd[81]: /nix/store/m1safh1fssisd0f7brzi65y3g9qixf0j-systemd-stage-1-252.5/lib/udev/rules.d/50-udev-default.rules:78 Unknown group 'cdrom', ignoring
machine # [    2.193840] systemd-udevd[81]: /nix/store/m1safh1fssisd0f7brzi65y3g9qixf0j-systemd-stage-1-252.5/lib/udev/rules.d/50-udev-default.rules:79 Unknown group 'cdrom', ignoring[    3.069512] ACPI: bus type USB registered
machine # 
machine # [    2.208660] systemd-udevd[81]: /nix/store/m1safh1fssisd0f7brzi65y3g9qixf0j-systemd-stage-1-252.5/lib/udev/rules.d/50-udev-default.rules:81 Unknown group 'tape', ignoring[    3.085285] usbcore: registered new interface driver usbfs
machine # 
machine # [    2.223591] systemd-udevd[81]: /nix/store/m1safh1fssisd0f7brzi65y3g9qixf0j-systemd-stage-1-252.5/lib/udev/rules.d/50-udev-default.rules:82 Unknown group 'disk', ignoring[    3.102267] usbcore: registered new interface driver hub
machine # 
machine # [    2.238993] systemd-udevd[81]: /nix/store/m1safh1fssisd0f7brzi65y3g9qixf0j-systemd-stage-1-252.5/lib/udev/rules.d/50-udev-default.rules:83 Unknown group 'disk', ignoring
machine # [    3.121318] usbcore: registered new device driver usb
machine # [    2.256987] systemd-udevd[81]: /nix/store/m1safh1fssisd0f7brzi65y3g9qixf0j-systemd-stage-1-252.5/lib/udev/rules.d/50-udev-default.rules:84 Unknown group 'disk', ignoring[    3.135371] ACPI: \_SB_.LNKC: Enabled at IRQ 10
machine # 
 SWTPM_IO_Read: length 12
 80 01 00 00 00 0C 00 00 01 7B 00 40 
 SWTPM_IO_Write: length 76
 80 01 00 00 00 4C 00 00 00 00 00 40 10 91 B4 5A 
 99 21 C2 54 EF 57 F5 0D 10 4A 8B 98 C9 B6 44 8D 
 37 7C 19 6E F4 A5 E4 D6 A4 EE 80 3D 32 98 F9 29 
 1F C0 08 E6 B2 61 CD C8 20 CE EE CE DA 1B C8 ED 
 BF EA 6F 8B 69 E1 F6 9F 82 AB 27 45 
 SWTPM_IO_Read: length 12
 80 01 00 00 00 0C 00 00 01 7B 00 20 
 SWTPM_IO_Write: length 44
 80 01 00 00 00 2C 00 00 00 00 00 20 DC 0A 11 C0 
 80 5B 09 9D 2A 0B 5F 5C 34 63 4A 3E 58 F9 FB 87 
 BF 52 28 3B 5B 09 FE BA 77 9F 3E 2F 
machine # [    2.272176] systemd-udevd[81]: /nix/store/m1safh1fssisd0f7brzi65y3g9qixf0j-systemd-stage-1-252.5/lib/udev/rules.d/50-udev-default.rules:85 Unknown group 'disk', ignoring
machine # [    2.293118] systemd-udevd[81]: /nix/store/m1safh1fssisd0f7brzi65y3g9qixf0j-systemd-stage-1-252.5/lib/udev/rules.d/50-udev-default.rules:86 Unknown group 'disk', ignoring
machine # [    2.310081] systemd-udevd[81]: /nix/store/m1safh1fssisd0f7brzi65y3g9qixf0j-systemd-stage-1-252.5/lib/udev/rules.d/50-udev-default.rules:87 Unknown group 'disk', ignoring
machine # [    2.322215] systemd-udevd[81]: /nix/store/m1safh1fssisd0f7brzi65y3g9qixf0j-systemd-stage-1-252.5/lib/udev/rules.d/50-udev-default.rules:88 Unknown group 'disk', ignoring
machine # [    2.338777] systemd-udevd[81]: /nix/store/m1safh1fssisd0f7brzi65y3g9qixf0j-systemd-stage-1-252.5/lib/udev/rules.d/50-udev-default.rules:97 Unknown group 'kvm', ignoring
machine # [    2.353187] systemd-udevd[81]: /nix/store/m1safh1fssisd0f7brzi65y3g9qixf0j-systemd-stage-1-252.5/lib/udev/rules.d/50-udev-default.rules:102 Unknown group 'kvm', ignoring[    3.226588] scsi host0: ata_piix
machine # 
machine # [    2.369722] systemd-udevd[81]: /nix/store/m1safh1fssisd0f7brzi65y3g9qixf0j-systemd-stage-1-252.5/lib/udev/rules.d/50-udev-default.rules:104 Unknown group 'kvm', ignoring[    3.243023] scsi host1: ata_piix
machine # [    3.244689] ata1: PATA max MWDMA2 cmd 0x1f0 ctl 0x3f6 bmdma 0xc2e0 irq 14
machine # [    3.247632] ata2: PATA max MWDMA2 cmd 0x170 ctl 0x376 bmdma 0xc2e8 irq 15
machine # 
machine # [    2.387899] systemd-udevd[81]: /nix/store/m1safh1fssisd0f7brzi65y3g9qixf0j-systemd-stage-1-252.5/lib/udev/rules.d/50-udev-default.rules:106 Unknown group 'kvm', ignoring
machine # [    2.404565] systemd-udevd[83]: event_source: Failed to get device name: No such file or directory
machine # [    3.319358] uhci_hcd 0000:00:01.2: UHCI Host Controller
machine # [    3.327296] uhci_hcd 0000:00:01.2: new USB bus registered, assigned bus number 1
machine # [    3.332356] uhci_hcd 0000:00:01.2: detected 2 ports
machine # [    3.341048] uhci_hcd 0000:00:01.2: irq 11, io port 0x0000c2c0
machine # [    3.343741] usb usb1: New USB device found, idVendor=1d6b, idProduct=0001, bcdDevice= 6.01
machine # [    3.347258] usb usb1: New USB device strings: Mfr=3, Product=2, SerialNumber=1
machine # [    3.350448] usb usb1: Product: UHCI Host Controller
machine # [    3.352651] usb usb1: Manufacturer: Linux 6.1.15 uhci_hcd
machine # [    3.355063] usb usb1: SerialNumber: 0000:00:01.2
machine # [    3.373889] hub 1-0:1.0: USB hub found
machine # [    3.380075] ACPI: \_SB_.LNKA: Enabled at IRQ 10
machine # [    3.382238] hub 1-0:1.0: 2 ports detected
machine # [    3.418876] ACPI: \_SB_.LNKB: Enabled at IRQ 11
machine # [    3.607240] usb 1-1: new full-speed USB device number 2 using uhci_hcd
machine # [    3.763318] input: AT Translated Set 2 keyboard as /devices/platform/i8042/serio0/input/input0
machine # [    3.786332] usb 1-1: New USB device found, idVendor=0627, idProduct=0001, bcdDevice= 0.00
machine # [    3.789953] usb 1-1: New USB device strings: Mfr=1, Product=3, SerialNumber=10
machine # [    3.793281] usb 1-1: Product: QEMU USB Tablet
machine # [    3.795319] usb 1-1: Manufacturer: QEMU
machine # [    3.797279] usb 1-1: SerialNumber: 28754-0000:00:01.2-1
machine # [    3.840867] virtio_blk virtio5: 1/0/0 default/read/poll queues
machine # [    3.847023] 9pnet: Installing 9P2000 support
machine # [    3.885788] virtio_blk virtio5: [vda] 2097152 512-byte logical blocks (1.07 GB/1.00 GiB)
machine # [    3.913950] virtio_blk virtio6: 1/0/0 default/read/poll queues
machine # [    3.940236] virtio_blk virtio6: [vdb] 245760 512-byte logical blocks (126 MB/120 MiB)
machine # [    3.084176] systemd-udevd[93]: Network interface NamePolicy= disabled on kernel command line.
machine # [    3.093113] systemd-udevd[84]: eth1: Config file /nix/store/vcgrvcj9yp01k8crbngfhbzqwdg26jrr-initrd-link-units/40-eth1.link is applied to device based on potentially unpredictable interface name.
machine # [    3.110563] systemd-udevd[84]: Network interface NamePolicy= disabled on kernel command line.
machine # [    4.007435]  vdb: vdb1 vdb2
machine # [    4.008864] hid: raw HID events driver (C) Jiri Kosina
machine # [    4.018860] virtio_blk virtio7: 1/0/0 default/read/poll queues
machine # [    3.167496] systemd-udevd[85]: vtcon0: Process '/nix/store/m1safh1fssisd0f7brzi65y3g9qixf0j-systemd-stage-1-252.5/lib/systemd/systemd-vconsole-setup' failed with exit code 1.
machine # [    4.048895] virtio_blk virtio7: [vdc] 1048576 512-byte logical blocks (537 MB/512 MiB)
machine # [    4.054318] usbcore: registered new interface driver usbhid
machine # [    4.056765] usbhid: USB HID core driver
machine # [    4.084828] input: QEMU QEMU USB Tablet as /devices/pci0000:00/0000:00:01.2/usb1/1-1/1-1:1.0/0003:0627:0001.0001/input/input2
machine # [    4.106757] hid-generic 0003:0627:0001.0001: input,hidraw0: USB HID v0.01 Mouse [QEMU QEMU USB Tablet] on usb-0000:00:01.2-1/input0
machine # [    3.252568] systemd[1]: Found device /dev/vda.
machine # [    3.263093] systemd[1]: Starting Make File System on /dev/vda...
machine # [    3.348174] systemd-makefs[111]: /dev/vda successfully formatted as ext4 (label "vda", uuid 19442bf2-5903-4ba7-b26e-db06eaea74fc)
machine # [    3.360515] systemd[1]: Finished Make File System on /dev/vda.
machine # [    3.367979] systemd[1]: Mounting /sysroot...
machine # [    4.310974] EXT4-fs (vda): mounted filesystem with ordered data mode. Quota mode: none.
machine # [    3.451974] systemd[1]: Mounted /sysroot.
machine # [    3.456728] systemd[1]: Reached target Initrd Root File System.
machine # [    3.465625] systemd[1]: Mounting /sysroot/nix/.ro-store...
machine # [    3.470813] systemd[1]: Mounting /sysroot/nix/.rw-store...
machine # [    3.478755] systemd[1]: Mounting /sysroot/tmp/shared...
machine # [    3.490610] systemd[1]: Mounting /sysroot/tmp/xchg...
machine # [    4.369935] FS-Cache: Loaded
machine # [    3.508819] systemd[1]: Starting Mountpoints Configured in the Real Root...
machine # [    3.543935] systemd[1]: Mounted /sysroot/nix/.rw-store.[    4.413997] 9p: Installing v9fs 9p2000 file system support
machine # 
machine # [    3.564966] systemd[1]: Starting rw-store.service...
machine # [    3.579207] systemd[1]: rw-store.service: Deactivated successfully.
machine # [    3.598023] systemd[1]: Finished rw-store.service.
machine # [    3.606862] systemd[1]: Mounted /sysroot/nix/.ro-store.
machine # [    3.613561] systemd[1]: Mounted /sysroot/tmp/shared.
machine # [    3.616954] systemd[1]: Mounted /sysroot/tmp/xchg.
machine # [    3.620481] systemd[1]: initrd-parse-etc.service: Deactivated successfully.
machine # [    3.624856] systemd[1]: Finished Mountpoints Configured in the Real Root.
machine # [    4.373818] systemd[1]: Mounting /sysroot/nix/store...
machine # [    4.396767] systemd[1]: Mounted /sysroot/nix/store.
machine # [    4.403232] systemd[1]: Reached target Initrd File Systems.
machine # [    4.413046] systemd[1]: Reached target Local File Systems.
machine # [    4.425210] systemd[1]: Starting Create Volatile Files and Directories...
machine # [    4.436514] systemd[1]: Finished Create Volatile Files and Directories.
machine # [    4.444820] systemd[1]: Reached target System Initialization.
machine # [    4.454511] systemd[1]: Reached target Basic System.
machine # [    4.461612] systemd[1]: System is tainted: var-run-bad
machine # [    4.465851] systemd[1]: Starting NixOS Activation...
machine # [    4.637702] initrd-nixos-activation-start[136]: booting system configuration /nix/store/h3qkcnp862x68dxaq5j6ylrdx0q0s2mw-nixos-system-machine-23.05pre-git
machine # [    4.709533] initrd-nixos-activation-start[136]: running activation script...
machine # [    5.202691] initrd-nixos-activation-start[163]: setting up /etc...
machine # [    6.107805] systemd[1]: initrd-nixos-activation.service: Deactivated successfully.
machine # [    6.115624] systemd[1]: Finished NixOS Activation.
machine # [    6.122897] systemd[1]: Reached target Initrd Default Target.
machine # [    6.135815] systemd[1]: Starting Cleaning Up and Shutting Down Daemons...
machine # [    6.153191] systemd[1]: Stopped target Initrd Default Target.
machine # [    6.168102] systemd[1]: Stopped target Basic System.
machine # [    6.179908] systemd[1]: Stopped target Initrd Root Device.
machine # [    6.188549] systemd[1]: Stopped target Path Units.
machine # [    6.195506] systemd[1]: systemd-ask-password-console.path: Deactivated successfully.
machine # [    6.201004] systemd[1]: Stopped Dispatch Password Requests to Console Directory Watch.
machine # [    6.212228] systemd[1]: Stopped target Slice Units.
machine # [    6.220708] systemd[1]: Stopped target Socket Units.
machine # [    6.231829] systemd[1]: Stopped target System Initialization.
machine # [    6.237127] systemd[1]: Stopped target Swaps.
machine # [    6.246615] systemd[1]: Stopped target Timer Units.
machine # [    6.257004] systemd[1]: systemd-sysctl.service: Deactivated successfully.
machine # [    6.266779] systemd[1]: Stopped Apply Kernel Variables.
machine # [    6.275619] systemd[1]: systemd-modules-load.service: Deactivated successfully.
machine # [    6.283534] systemd[1]: Stopped Load Kernel Modules.
machine # [    6.290278] systemd[1]: systemd-tmpfiles-setup.service: Deactivated successfully.
machine # [    6.299158] systemd[1]: Stopped Create Volatile Files and Directories.
machine # [    6.308209] systemd[1]: Stopped target Local File Systems.
machine # [    6.316498] systemd[1]: systemd-udev-trigger.service: Deactivated successfully.
machine # [    6.324226] systemd[1]: Stopped Coldplug All udev Devices.
machine # [    6.332270] systemd[1]: Stopping Rule-based Manager for Device Events and Files...
machine # [    6.340529] systemd[1]: run-credentials-systemd\x2dtmpfiles\x2dsetup.service.mount: Deactivated successfully.
machine # [    6.350227] systemd[1]: run-credentials-systemd\x2dsysctl.service.mount: Deactivated successfully.
machine # [    6.361529] systemd[1]: initrd-cleanup.service: Deactivated successfully.
machine # [    6.369256] systemd[1]: Finished Cleaning Up and Shutting Down Daemons.
machine # [    6.377196] systemd[1]: systemd-udevd.service: Deactivated successfully.
machine # [    6.386025] systemd[1]: Stopped Rule-based Manager for Device Events and Files.
machine # [    7.263776] systemd-journald[74]: Received SIGTERM from PID 1 (systemd).
machine # [    6.403154] systemd[1]: systemd-udevd.service: Consumed 1.314s CPU time.
machine # [    6.412593] systemd[1]: systemd-udevd-control.socket: Deactivated successfully.
machine # [    6.422498] systemd[1]: Closed udev Control Socket.
machine # [    6.428160] systemd[1]: systemd-udevd-kernel.socket: Deactivated successfully.
machine # [    6.433194] systemd[1]: Closed udev Kernel Socket.
machine # [    6.438980] systemd[1]: Starting Cleanup udev Database...
machine # [    6.443737] systemd[1]: systemd-tmpfiles-setup-dev.service: Deactivated successfully.
machine # [    6.449169] systemd[1]: Stopped Create Static Device Nodes in /dev.
machine # [    6.453918] systemd[1]: kmod-static-nodes.service: Deactivated successfully.
machine # [    6.458938] systemd[1]: Stopped Create List of Static Device Nodes.
machine # [    6.463702] systemd[1]: run-credentials-systemd\x2dtmpfiles\x2dsetup\x2ddev.service.mount: Deactivated successfully.
machine # [    6.470122] systemd[1]: initrd-udevadm-cleanup-db.service: Deactivated successfully.
machine # [    6.475638] systemd[1]: Finished Cleanup udev Database.
machine # [    6.479956] systemd[1]: Reached target Switch Root.
machine # [    6.483949] systemd[1]: Starting Switch Root...
machine # [    6.487968] systemd[1]: Switching root.
machine # [    7.607858] systemd[1]: systemd 252.5 running in system mode (+PAM +AUDIT -SELINUX +APPARMOR +IMA +SMACK +SECCOMP +GCRYPT -GNUTLS +OPENSSL +ACL +BLKID +CURL +ELFUTILS +FIDO2 +IDN2 -IDN +IPTC +KMOD +LIBCRYPTSETUP +LIBFDISK +PCRE2 -PWQUALITY +P11KIT -QRENCODE +TPM2 +BZIP2 +LZ4 +XZ +ZLIB +ZSTD +BPF_FRAMEWORK -XKBCOMMON +UTMP -SYSVINIT default-hierarchy=unified)
machine # [    7.620652] systemd[1]: Detected virtualization kvm.
machine # [    7.623294] systemd[1]: Detected architecture x86-64.
machine # [    7.629524] systemd[1]: Initializing machine ID from random generator.
machine # [    7.661398] audit: type=1334 audit(1678111989.973:4): prog-id=8 op=LOAD
machine # [    7.664383] audit: type=1334 audit(1678111989.976:5): prog-id=8 op=UNLOAD
machine # [    7.667519] audit: type=1334 audit(1678111989.979:6): prog-id=9 op=LOAD
machine # [    7.670642] audit: type=1334 audit(1678111989.979:7): prog-id=9 op=UNLOAD
machine # [    7.687711] audit: type=1334 audit(1678111989.999:8): prog-id=10 op=LOAD
machine # [    7.690824] audit: type=1334 audit(1678111989.999:9): prog-id=10 op=UNLOAD
machine # [    7.693882] audit: type=1334 audit(1678111990.003:10): prog-id=11 op=LOAD
machine # [    7.696909] audit: type=1334 audit(1678111990.003:11): prog-id=11 op=UNLOAD
machine # [    7.702611] audit: type=1334 audit(1678111990.014:12): prog-id=12 op=LOAD
machine # [    7.709270] audit: type=1334 audit(1678111990.014:13): prog-id=12 op=UNLOAD
machine # [    7.979585] systemd[1]: bpf-lsm: LSM BPF program attached
machine # [    8.829466] systemd[1]: initrd-switch-root.service: Current command vanished from the unit file, execution of the command list won't be resumed.
machine # [    8.864062] systemd[1]: systemd-journald.service: Current command vanished from the unit file, execution of the command list won't be resumed.
machine # [    8.913541] systemd[1]: initrd-switch-root.service: Deactivated successfully.
machine # [    8.920735] systemd[1]: Stopped initrd-switch-root.service.
machine # [    8.925864] systemd[1]: systemd-journald.service: Scheduled restart job, restart counter is at 1.
machine # [    8.930975] systemd[1]: Created slice Slice /system/getty.
machine # [    8.934600] systemd[1]: Created slice Slice /system/modprobe.
machine # [    8.938326] systemd[1]: Created slice User and Session Slice.
machine # [    8.941482] systemd[1]: Started Dispatch Password Requests to Console Directory Watch.
machine # [    8.945424] systemd[1]: Started Forward Password Requests to Wall Directory Watch.
machine # [    8.949323] systemd[1]: Reached target Local Encrypted Volumes.
machine # [    8.952259] systemd[1]: Stopped target initrd-fs.target.
machine # [    8.954769] systemd[1]: Stopped target initrd-root-fs.target.
machine # [    8.957480] systemd[1]: Stopped target initrd-switch-root.target.
machine # [    8.960560] systemd[1]: Reached target Containers.
machine # [    8.963012] systemd[1]: Reached target Path Units.
machine # [    8.965475] systemd[1]: Reached target Remote File Systems.
machine # [    8.968375] systemd[1]: Reached target Slice Units.
machine # [    8.970852] systemd[1]: Reached target Swaps.
machine # [    8.978727] systemd[1]: Listening on Process Core Dump Socket.
machine # [    8.982585] systemd[1]: Listening on Userspace Out-Of-Memory (OOM) Killer Socket.
machine # [    8.988476] systemd[1]: Listening on udev Control Socket.
machine # [    8.991780] systemd[1]: Listening on udev Kernel Socket.
machine # [    8.999520] systemd[1]: Mounting Huge Pages File System...
machine # [    9.004660] systemd[1]: Mounting POSIX Message Queue File System...
machine # [    9.019865] systemd[1]: Mounting Kernel Debug File System...
machine # [    9.031323] systemd[1]: Starting Create List of Static Device Nodes...
machine # [    9.042939] systemd[1]: Starting Load Kernel Module configfs...
machine # [    9.056680] systemd[1]: Starting Load Kernel Module drm...
machine # [    9.073438] systemd[1]: Starting Load Kernel Module efi_pstore...
machine # [    9.091345] systemd[1]: Starting Load Kernel Module fuse...
machine # [    9.110985] systemd[1]: Starting mount-pstore.service...
machine # [    9.122679] systemd[1]: File System Check on Root Device was skipped because of an unmet condition check (ConditionPathIsReadWrite=!/).
machine # [    9.144322] fuse: init (API version 7.37)
machine # [    9.146522] systemd[1]: Stopped Journal Service.
machine # [    9.160528] pstore: Using crash dump compression: deflate
machine # [    9.163283] pstore: Registered efi as persistent store backend
machine # [    9.170301] systemd[1]: Starting Journal Service...
machine # [    9.177423] systemd[1]: systemd-makefs@dev-vda.service: Deactivated successfully.
machine # [    9.203618] systemd[1]: Stopped systemd-makefs@dev-vda.service.
machine # [    9.212416] ACPI: bus type drm_connector registered
machine # [    9.216048] systemd[1]: Starting Load Kernel Modules...
machine # [    9.230637] systemd[1]: Starting Remount Root and Kernel File Systems...
machine # [    9.248904] systemd[1]: Starting Coldplug All udev Devices...
machine # [    9.281520] systemd[1]: Mounted Huge Pages File System.
machine # [    9.294921] systemd[1]: Mounted POSIX Message Queue File System.
machine # [    9.311806] systemd[1]: Mounted Kernel Debug File System.
machine # [    9.314352] EXT4-fs (vda): re-mounted. Quota mode: none.
machine # [    9.340545] systemd[1]: Finished Create List of Static Device Nodes.
machine # [    9.354060] systemd[1]: modprobe@configfs.service: Deactivated successfully.
machine # [    9.370522] bridge: filtering via arp/ip/ip6tables is no longer available by default. Update your scripts to load br_netfilter if you need this.
machine # [    9.380416] systemd[1]: Finished Load Kernel Module configfs.
machine # [    9.391778] systemd[1]: modprobe@drm.service: Deactivated successfully.
machine # [    9.411502] systemd[1]: Finished Load Kernel Module drm.
machine # [    9.423257] systemd[1]: Started Journal Service.
machine # [    9.426496] tun: Universal TUN/TAP device driver, 1.6
machine # [    9.451403] loop: module loaded
machine # [    9.679590] systemd-journald[309]: Received client request to flush runtime journal.
machine # [    9.593268] systemd[1]: Queued start job for default target Multi-User System.
machine # [    9.610896] systemd[1]: systemd-journald.service: Deactivated successfully.
machine # [    9.629964] systemd-modules-load[310]: Inserted module 'bridge'
machine # [    9.645213] systemd-modules-load[310]: Inserted module 'macvlan'
machine # [    9.676083] systemd-modules-load[310]: Inserted module 'tap'
machine # [    9.691156] systemd-modules-load[310]: Inserted module 'tun'
machine # [    9.704762] systemd[1]: modprobe@efi_pstore.service: Deactivated successfully.
machine # [    9.727858] systemd[1]: Finished Load Kernel Module efi_pstore.
machine # [    9.744988] systemd[1]: modprobe@fuse.service: Deactivated successfully.
machine # [    9.776131] systemd-modules-load[310]: Inserted module 'loop'
machine # [    9.796128] systemd[1]: Finished Load Kernel Module fuse.
machine # [    9.816985] systemd[1]: Finished Remount Root and Kernel File Systems.
machine # [    9.843028] systemd[1]: Finished Load Kernel Modules.
machine # [    9.863195] systemd[1]: Mounting FUSE Control File System...
machine # [    9.906576] systemd[1]: Mounting Kernel Configuration File System...
machine # [    9.925992] systemd[1]: Starting Firewall...
machine # [    9.945251] systemd[1]: Starting Flush Journal to Persistent Storage...
machine # [    9.965732] systemd[1]: Starting Load/Save Random Seed...
machine # [   10.000704] systemd[1]: Starting Apply Kernel Variables...
machine # [   10.028094] systemd[1]: Starting Create Static Device Nodes in /dev...
machine # [   10.046915] systemd[1]: Finished mount-pstore.service.
machine # [   10.071151] systemd[1]: Finished Coldplug All udev Devices.
machine # [   10.115098] systemd[1]: Mounted FUSE Control File System.
machine # [   10.150750] systemd[1]: Mounted Kernel Configuration File System.
machine # [   10.164090] systemd[1]: Finished Load/Save Random Seed.
machine # [   10.178942] systemd[1]: Platform Persistent Storage Archival was skipped because of an unmet condition check (ConditionDirectoryNotEmpty=/sys/fs/pstore).
machine # [   10.211725] systemd[1]: Finished Apply Kernel Variables.
machine # [   10.225191] systemd[1]: Finished Create Static Device Nodes in /dev.
machine # [   10.264795] systemd[1]: Reached target Preparation for Local File Systems.
machine # [   10.310000] systemd[1]: Starting Rule-based Manager for Device Events and Files...
machine # [   10.347220] systemd-udevd[330]: Using default interface naming scheme 'v252'.
machine # [   10.387849] systemd[1]: Started Rule-based Manager for Device Events and Files.
machine # [   10.415780] systemd[1]: Finished Flush Journal to Persistent Storage.
machine # [   10.453992] systemd-udevd[344]: eth1: Config file /etc/systemd/network/40-eth1.link is applied to device based on potentially unpredictable interface name.
machine # [   10.495010] systemd-udevd[344]: Network interface NamePolicy= disabled on kernel command line.
machine # [   10.534029] systemd-udevd[387]: Network interface NamePolicy= disabled on kernel command line.
machine # connecting to host...
machine # [   10.655224] systemd[1]: Condition check resulted in /dev/vdb2 being skipped.[   11.547075] 8021q: 802.1Q VLAN Support v1.8
machine # 
machine # [   10.699240] dhcpcd[445]: dhcpcd-9.4.1 starting
machine: connected to guest root shell
machine: (connecting took 19.67 seconds)
(finished: waiting for the VM to finish booting, in 19.79 seconds)
machine # [   10.727131] systemd[1]: Mounting /boot...
machine # [   11.621980] mousedev: PS/2 mouse device common for all mice
machine # [   10.768586] dhcpcd[452]: dev: loaded udev
machine # [   10.789499] systemd[1]: Condition check resulted in /dev/hvc0 being skipped.
machine # sh: cannot set terminal process group (-1): Inappropriate ioctl for device
machine # [   10.827618] j72arpq1dfn7q59irzji3xwljjdiq8vs-audit-disable[444]: No rules
machine # sh: no job control in this shell
machine # [   10.853116] systemd[1]: Condition check resulted in /dev/ttyS0 being skipped.
machine # [   10.899803] systemd[1]: Mounted /boot.
machine # [   10.920023] logrotate[448]: warning: logrotate in debug mode does nothing except printing debug messages!  Consider using verbose mode (-v) instead if this is not what you want.
machine # [   10.990886] logrotate[448]: reading config file /nix/store/ysgfy4413nrn23ddins98pcrk81bmzsy-logrotate.conf
machine # [   11.036012] logrotate[448]: note: 'monthly' overrides previously specified 'weekly'
machine # [   11.078087] logrotate[448]: Reading state from file: /var/lib/logrotate.status
machine # [   11.101977] logrotate[448]: state file /var/lib/logrotate.status does not exist
machine # [   11.136111] logrotate[448]: Allocating hash table for state file, size 64 entries
machine # [   11.158274] logrotate[448]: Handling 2 logs
machine # [   11.172007] logrotate[448]: rotating pattern: "/var/log/btmp"  monthly (1 rotations)
machine # [   11.195826] logrotate[448]: empty log files are not rotated, only log files >= 1048576 bytes are rotated, old logs are removed[   12.079705] cfg80211: Loading compiled-in X.509 certificates for regulatory database
machine # 
machine # [   11.221192] logrotate[448]: considering log /var/log/btmp
machine # [   11.231618] logrotate[448]: Creating new state
machine # [   11.250880] logrotate[448]:   Now: 2023-03-06 14:13
machine # [   11.263067] logrotate[448]:   Last rotated at 2023-03-06 14:00
machine # [   11.288232] logrotate[448]:   log does not need rotating (log has already been rotated)
machine # [   11.316266] logrotate[448]: rotating pattern: "/var/log/wtmp"  monthly (1 rotations)[   12.187860] cfg80211: Loaded X.509 cert 'sforshee: 00b28ddf47aef9cea7'
machine # [   12.192545] platform regulatory.0: Direct firmware load for regulatory.db failed with error -2
machine # [   12.201834] cfg80211: failed to load regulatory.db
machine # 
machine # [   11.363215] logrotate[448]: empty log files are not rotated, only log files >= 1048576 bytes are rotated, old logs are removed[   12.247641] input: Power Button as /devices/LNXSYSTM:00/LNXPWRBN:00/input/input3
machine # 
machine # [   11.406875] logrotate[448]: considering log /var/log/wtmp
machine # [   11.427122] logrotate[448]: Creating new state
machine # [   11.456662] logrotate[448]:   Now: 2023-03-06 14:13[   12.334593] ACPI: button: Power Button [PWRF]
machine # 
machine # [   11.477093] logrotate[448]:   Last rotated at 2023-03-06 14:00
machine # [   11.497057] logrotate[448]:   log does not need rotating (log has already been rotated)
machine # [   12.390571] 8021q: adding VLAN 0 to HW filter on device eth1
machine # [   11.530772] systemd[1]: Reached target Local File Systems.[   12.405008] 8021q: adding VLAN 0 to HW filter on device eth0
machine # 
machine # [   11.550249] systemd[1]: Starting Create Volatile Files and Directories...
machine # [   11.568661] nsncd[457]: Mar 06 14:13:13.941 INFO started, handoff_timeout: 3s, worker_count: 8, path: "/var/run/nscd/socket"
machine # [   11.605064] systemd[1]: Finished Create Volatile Files and Directories.
machine # [   11.618143] dhcpcd[452]: eth0: waiting for carrier
machine # [   11.634025] systemd[1]: Starting Rebuild Journal Catalog...
machine # [   12.510750] parport_pc 00:03: reported by Plug and Play ACPI
machine # [   11.646663] dhcpcd[452]: eth0: carrier acquired
machine # [   12.518913] Floppy drive(s): fd0 is 2.88M AMI BIOS
machine # [   11.658883] dbus-daemon[479]: dbus[479]: Unknown username "systemd-timesync" in message bus configuration file
machine # [   12.542025] parport0: PC-style at 0x378, irq 7 [PCSPP(,...)]
machine # [   11.681780] systemd[1]: Starting Userspace Out-Of-Memory (OOM) Killer...
machine # [   11.693723] dhcpcd[452]: DUID 00:01:00:01:2b:98:b1:7a:52:54:00:12:34:56[   12.567309] FDC 0 is a S82078B
machine # 
machine # [   11.709699] systemd[1]: Starting Record System Boot/Shutdown in UTMP...
machine # [   11.723498] dhcpcd[452]: eth0: IAID 00:12:34:56
machine # [   11.738271] systemd[1]: Condition check resulted in Virtio network device being skipped.
machine # [   11.752728] dhcpcd[452]: eth0: adding address fe80::5054:ff:fe12:3456
machine # [   11.764201] nsncd[528]: Mar 06 14:13:14.631 INFO started, handoff_timeout: 3s, worker_count: 8, path: "/var/run/nscd/socket"
machine # [   11.787596] network-addresses-eth1-start[532]: adding address 192.168.1.1/24... done
machine # [   11.803040] systemd[1]: Finished Record System Boot/Shutdown in UTMP.
machine # [   11.818026] systemd[1]: Finished Rebuild Journal Catalog.
machine # [   11.830698] systemd[1]: Starting Update is Completed...
machine # [   11.850632] systemd[1]: Finished Update is Completed.
machine # [   11.862208] systemd[1]: Reached target System Initialization.
machine # [   11.886502] systemd[1]: Started logrotate.timer.
machine # [   11.899018] systemd[1]: Started Daily Cleanup of Temporary Directories.[   12.773460] Linux agpgart interface v0.103
machine # 
machine # [   11.916152] systemd[1]: Reached target Timer Units.
machine # [   11.930722] systemd[1]: Listening on D-Bus System Message Bus Socket.
machine # [   11.946570] systemd[1]: Listening on Nix Daemon Socket.
machine # [   11.954069] systemd[1]: Reached target Socket Units.
machine # [   11.959285] systemd[1]: Reached target Basic System.
machine # [   11.966988] systemd[1]: Starting Kernel Auditing...
machine # [   11.974119] systemd[1]: Started backdoor.service.[   12.845766] piix4_smbus 0000:00:01.3: SMBus Host Controller at 0xb100, revision 0
machine # 
machine # [   11.983991] systemd-oomd[426]: Swap is currently not detected; memory pressure usage will be degraded
machine # [   11.994593] systemd[1]: Starting DHCP Client...
machine # [   12.004656] dhcpcd[452]: eth0: soliciting an IPv6 router
machine # [   12.011234] systemd[1]: Starting Logrotate configuration check...
machine # [   12.019638] systemd[1]: Starting Name Service Cache Daemon (nsncd)...
machine # [   12.027638] systemd[1]: Started Reset console on configuration changes.
machine # [   12.036192] systemd[1]: Starting resolvconf update...
machine # [   12.044759] systemd[1]: Started Userspace Out-Of-Memory (OOM) Killer.
machine # [   12.052196] systemd[1]: Finished Kernel Auditing.
machine # [   12.059031] systemd[1]: Finished Firewall.
machine # [   12.065527] systemd[1]: Finished Logrotate configuration check.
machine # [   12.069223] systemd[1]: Started Name Service Cache Daemon (nsncd).
machine # [   12.080282] systemd-udevd[344]: event_source: Failed to get device name: No such file or directory
machine # [   12.093544] systemd[1]: Reached target Host and Network Name Lookups.
machine # [   12.101896] systemd[1]: Reached target User and Group Name Lookups.
machine # [   12.109846] systemd[1]: Starting D-Bus System Message Bus...
machine # [   12.117214] systemd[1]: Starting User Login Management...
machine # [   12.127100] systemd[1]: Started D-Bus System Message Bus.
machine # [   12.135621] systemd-logind[486]: New seat seat0.
machine # [   12.142906] systemd[1]: Started User Login Management.
machine # [   12.149281] systemd[1]: Stopped target Host and Network Name Lookups.
machine # [   12.158496] systemd[1]: Stopping Host and Network Name Lookups...
machine # [   12.162268] systemd[1]: Stopped target User and Group Name Lookups.[   13.037632] bochs-drm 0000:00:02.0: vgaarb: deactivate vga console
machine # 
machine # [   12.174610] systemd[1]: Stopping User and Group Name Lookups...
machine # [   12.182852] systemd[1]: Stopping Name Service Cache Daemon (nsncd)...
machine # [   12.192285] systemd[1]: nscd.service: Deactivated successfully.[   13.067024] [drm] Found bochs VGA, ID 0xb0c5.
machine # [   13.069046] [drm] Framebuffer size 16384 kB @ 0x80000000, mmio @ 0x8104c000.
machine # 
machine # [   12.207011] systemd[1]: Stopped Name Service Cache Daemon (nsncd).
machine # [   12.210887] systemd[1]: Starting Name Service Cache Daemon (nsncd)...
machine # [   12.219602] systemd[1]: Finished resolvconf update.
machine # [   12.227604] systemd[1]: Reached target Preparation for Network.
machine # [   12.234289] systemd[1]: Reached target All Network Interfaces (deprecated).
machine # [   12.241285] systemd[1]: Starting Address configuration of eth1...
machine # [   12.250492] systemd[1]: Started Name Service Cache Daemon (nsncd).
machine # [   12.262002] systemd[1]: Reached target Host and Network Name Lookups.
machine # [   12.266211] systemd[1]: Reached target User and Group Name Lookups.[   13.136818] input: QEMU Virtio Keyboard as /devices/pci0000:00/0000:00:0c.0/virtio9/input/input4
machine # 
machine # [   12.274486] systemd[1]: Finished Address configuration of eth1.
machine # [   12.283101] systemd[1]: Starting Networking Setup...
machine # [   12.290717] systemd[1]: Finished Networking Setup.
machine # [   12.296983] systemd[1]: Starting Extra networking commands....[   13.170056] input: VirtualPS/2 VMware VMMouse as /devices/platform/i8042/serio1/input/input6
machine # [   13.179017] [drm] Found EDID data blob.
machine # 
machine # [   12.316767] systemd[1]: Finished Extra networking commands..[   13.186314] input: VirtualPS/2 VMware VMMouse as /devices/platform/i8042/serio1/input/input5
machine # 
machine # [   12.324526] systemd[1]: Reached target Network.
machine # [   12.332267] systemd[1]: Starting Permit User Sessions...
machine # [   12.339557] systemd[1]: Finished Permit User Sessions.
machine # [   12.345476] systemd[1]: Started Getty on tty1.
machine # [   12.352734] systemd[1]: Reached target Login Prompts.
machine # [   13.231378] [drm] Initialized bochs-drm 1.0.0 20130925 for 0000:00:02.0 on minor 0
machine # [   13.246305] fbcon: bochs-drmdrmfb (fb0) is primary device
machine # [   13.246306] fbcon: Deferring console take-over
machine # [   13.252774] RAPL PMU: API unit is 2^-32 Joules, 0 fixed counters, 10737418240 ms ovfl timer
machine # [   13.264403] cryptd: max_cpu_qlen set to 1000
machine # [   13.293890] AVX2 version of gcm_enc/dec engaged.
machine # [   13.293918] AES CTR mode by8 optimization enabled
machine # [   13.322577] bochs-drm 0000:00:02.0: [drm] fb0: bochs-drmdrmfb frame buffer device
machine # [   12.448669] dhcpcd[452]: eth0: soliciting a DHCP lease
machine # [   13.341526] NET: Registered PF_PACKET protocol family
machine # [   12.485808] dhcpcd[452]: eth0: offered 10.0.2.15 from 10.0.2.2
machine # [   12.492127] dhcpcd[452]: eth0: leased 10.0.2.15 for 86400 seconds
machine # [   12.506920] dhcpcd[452]: eth0: adding route to 10.0.2.0/24
machine # [   12.522280] dhcpcd[452]: eth0: adding default route via 10.0.2.2
machine # [   12.745848] systemd[1]: Stopped target Host and Network Name Lookups.
machine # [   12.760036] systemd[1]: Stopping Host and Network Name Lookups...
machine # [   12.775718] systemd[1]: Stopped target User and Group Name Lookups.
machine # [   12.794272] systemd[1]: Stopping User and Group Name Lookups...
machine # [   12.819698] systemd[1]: Stopping Name Service Cache Daemon (nsncd)...
machine # [   12.835740] systemd[1]: nscd.service: Deactivated successfully.
machine # [   12.859603] systemd[1]: Stopped Name Service Cache Daemon (nsncd).
machine # [   12.873179] nsncd[692]: Mar 06 14:13:16.033 INFO started, handoff_timeout: 3s, worker_count: 8, path: "/var/run/nscd/socket"
machine # [   12.906662] systemd-logind[486]: Watching system buttons on /dev/input/event0 (AT Translated Set 2 keyboard)
machine # [   12.940914] dhcpcd[445]: Failed to reload-or-try-restart ntpd.service: Unit ntpd.service not found.[   13.812673] fbcon: Taking over console
machine # 
machine # [   13.858340] Console: switching to colour frame buffer device 160x50
machine # [   12.971175] dhcpcd[445]: Failed to reload-or-try-restart openntpd.service: Unit openntpd.service not found.
machine # [   13.027891] dhcpcd[445]: Failed to reload-or-try-restart chronyd.service: Unit chronyd.service not found.
machine # [   13.040637] systemd[1]: Starting Name Service Cache Daemon (nsncd)...
machine # [   13.049955] systemd[1]: Started Name Service Cache Daemon (nsncd).
machine # [   13.057221] systemd[1]: Reached target Host and Network Name Lookups.
machine # [   13.065775] systemd[1]: Reached target User and Group Name Lookups.
machine # [   13.074203] systemd[1]: Listening on Load/Save RF Kill Switch Status /dev/rfkill Watch.
machine # [   13.085110] systemd[1]: Started DHCP Client.
machine # [   13.091089] systemd[1]: Reached target Network is Online.
machine # [   13.097505] systemd[1]: Reached target Multi-User System.
machine # [   13.105707] systemd[1]: Startup finished in 1.007s (kernel) + 5.621s (initrd) + 6.292s (userspace) = 12.921s.
machine # [   13.117698] systemd-logind[486]: Watching system buttons on /dev/input/event2 (Power Button)
machine # [   14.046723] ppdev: user-space parallel port driver
machine # [   13.292825] systemd-logind[486]: Watching system buttons on /dev/input/event5 (QEMU Virtio Keyboard)
machine # [   13.451981] dhcpcd[452]: eth0: Router Advertisement from fe80::2
machine # [   13.458153] dhcpcd[452]: eth0: adding address fec0::5054:ff:fe12:3456/64
machine # [   13.466221] dhcpcd[452]: eth0: adding route to fec0::/64
machine # [   13.472591] dhcpcd[452]: eth0: adding default route via fe80::2
machine # [   14.391319] Key type trusted registered
machine # [   14.452879] Key type encrypted registered
machine # [   14.508017] EDAC MC: Ver: 3.0.0
(finished: waiting for unit multi-user.target, in 22.84 seconds)
machine: must succeed: echo -n supersecret | cryptsetup luksFormat -q --iter-time=1 /dev/vdc -
(finished: must succeed: echo -n supersecret | cryptsetup luksFormat -q --iter-time=1 /dev/vdc -, in 2.18 seconds)
machine: must succeed: PASSWORD=supersecret SYSTEMD_LOG_LEVEL=debug systemd-cryptenroll --tpm2-pcrs= --tpm2-device=auto /dev/vdc |& systemd-cat
machine # [   16.108555] /nix/store/bg8f[746]: Allocating context for crypt device /dev/vdc.
machine # [   16.114936] /nix/store/bg8f[746]: Trying to open and read device /dev/vdc with direct-io.
machine # [   16.128560] /nix/store/bg8f[746]: Initialising device-mapper backend library.
machine # [   16.133673] /nix/store/bg8f[746]: Trying to load LUKS2 crypt type from device /dev/vdc.
machine # [   16.143220] /nix/store/bg8f[746]: Crypto backend (OpenSSL 3.0.8 7 Feb 2023 [default][legacy]) initialized in cryptsetup library version 2.5.0.
machine # [   16.155973] /nix/store/bg8f[746]: Detected kernel Linux 6.1.15 x86_64.
machine # [   16.164480] /nix/store/bg8f[746]: Loading LUKS2 header (repair disabled).
machine # [   16.173034] /nix/store/bg8f[746]: Acquiring read lock for device /dev/vdc.
machine # [   16.181024] /nix/store/bg8f[746]: Opening lock resource file /run/cryptsetup/L_253:32
machine # [   16.189992] /nix/store/bg8f[746]: Verifying lock handle for /dev/vdc.
machine # [   16.197989] /nix/store/bg8f[746]: Device /dev/vdc READ lock taken.
machine # [   16.202584] /nix/store/bg8f[746]: Trying to read primary LUKS2 header at offset 0x0.
machine # [   16.210985] /nix/store/bg8f[746]: Opening locked device /dev/vdc
machine # [   16.219004] /nix/store/bg8f[746]: Verifying locked device handle (bdev)
machine # [   16.227253] /nix/store/bg8f[746]: LUKS2 header version 2 of size 16384 bytes, checksum sha256.
machine # [   16.235998] /nix/store/bg8f[746]: Checksum:e241f0900ac4b589d798b50eb73140ef016cf8c7ae537c1a87b755c33a540253 (on-disk)
machine # [   16.245993] /nix/store/bg8f[746]: Checksum:e241f0900ac4b589d798b50eb73140ef016cf8c7ae537c1a87b755c33a540253 (in-memory)
machine # [   16.256996] /nix/store/bg8f[746]: Trying to read secondary LUKS2 header at offset 0x4000.
machine # [   16.265978] /nix/store/bg8f[746]: Reusing open ro fd on device /dev/vdc
machine # [   16.274037] /nix/store/bg8f[746]: LUKS2 header version 2 of size 16384 bytes, checksum sha256.
machine # [   16.282989] /nix/store/bg8f[746]: Checksum:a17f332ad9ab4276ba2196a7cb06080b03f9cc41f448ce6667b08fcff5751750 (on-disk)
machine # [   16.292993] /nix/store/bg8f[746]: Checksum:a17f332ad9ab4276ba2196a7cb06080b03f9cc41f448ce6667b08fcff5751750 (in-memory)
machine # [   16.302993] /nix/store/bg8f[746]: Device size 536870912, offset 16777216.
machine # [   16.310994] /nix/store/bg8f[746]: Device /dev/vdc READ lock released.
machine # [   16.319002] /nix/store/bg8f[746]: Only 1 active CPUs detected, PBKDF threads decreased from 4 to 1.
machine # [   16.327990] /nix/store/bg8f[746]: Not enough physical memory detected, PBKDF max memory decreased from 1048576kB to 497728kB.
machine # [   16.338981] /nix/store/bg8f[746]: PBKDF argon2id, time_ms 2000 (iterations 0), max_memory_kb 497728, parallel_threads 1.
machine # [   16.350004] /nix/store/bg8f[746]: Requesting JSON for token 0.
machine # [   16.357993] /nix/store/bg8f[746]: Requesting JSON for token 1.
machine # [   16.366005] /nix/store/bg8f[746]: Requesting JSON for token 2.
machine # [   16.369998] /nix/store/bg8f[746]: Requesting JSON for token 3.
machine # [   16.377519] /nix/store/bg8f[746]: Requesting JSON for token 4.
machine # [   16.384997] /nix/store/bg8f[746]: Requesting JSON for token 5.
machine # [   16.392982] /nix/store/bg8f[746]: Requesting JSON for token 6.
machine # [   16.400996] /nix/store/bg8f[746]: Requesting JSON for token 7.
machine # [   16.405506] /nix/store/bg8f[746]: Requesting JSON for token 8.
machine # [   16.412990] /nix/store/bg8f[746]: Requesting JSON for token 9.
machine # [   16.421007] /nix/store/bg8f[746]: Requesting JSON for token 10.
machine # [   16.425006] /nix/store/bg8f[746]: Requesting JSON for token 11.
machine # [   16.433026] /nix/store/bg8f[746]: Requesting JSON for token 12.
machine # [   16.441250] /nix/store/bg8f[746]: Requesting JSON for token 13.
machine # [   16.448000] /nix/store/bg8f[746]: Requesting JSON for token 14.
machine # [   16.455990] /nix/store/bg8f[746]: Requesting JSON for token 15.
machine # [   16.460004] /nix/store/bg8f[746]: Requesting JSON for token 16.
machine # [   16.467989] /nix/store/bg8f[746]: Requesting JSON for token 17.
machine # [   16.476002] /nix/store/bg8f[746]: Requesting JSON for token 18.
machine # [   16.482973] /nix/store/bg8f[746]: Requesting JSON for token 19.
machine # [   16.490980] /nix/store/bg8f[746]: Requesting JSON for token 20.
machine # [   16.495610] /nix/store/bg8f[746]: Requesting JSON for token 21.
machine # [   16.503994] /nix/store/bg8f[746]: Requesting JSON for token 22.
machine # [   16.507993] /nix/store/bg8f[746]: Requesting JSON for token 23.
machine # [   16.516592] /nix/store/bg8f[746]: Requesting JSON for token 24.
