     1  # This file contains type hints that can be prepended to Nix test scripts so they can be type
     2  # checked.
     3  
     4  from test_driver.driver import Driver
     5  from test_driver.vlan import VLan
     6  from test_driver.machine import Machine
     7  from test_driver.logger import Logger
     8  from typing import Callable, Iterator, ContextManager, Optional, List, Dict, Any, Union
     9  from typing_extensions import Protocol
    10  from pathlib import Path
    11  
    12  
    13  class RetryProtocol(Protocol):
    14      def __call__(self, fn: Callable, timeout: int = 900) -> None:
    15          raise Exception("This is just type information for the Nix test driver")
    16  
    17  
    18  class PollingConditionProtocol(Protocol):
    19      def __call__(
    20          self,
    21          fun_: Optional[Callable] = None,
    22          *,
    23          seconds_interval: float = 2.0,
    24          description: Optional[str] = None,
    25      ) -> Union[Callable[[Callable], ContextManager], ContextManager]:
    26          raise Exception("This is just type information for the Nix test driver")
    27  
    28  
    29  start_all: Callable[[], None]
    30  subtest: Callable[[str], ContextManager[None]]
    31  retry: RetryProtocol
    32  test_script: Callable[[], None]
    33  machines: List[Machine]
    34  vlans: List[VLan]
    35  driver: Driver
    36  log: Logger
    37  create_machine: Callable[[Dict[str, Any]], Machine]
    38  run_tests: Callable[[], None]
    39  join_all: Callable[[], None]
    40  serial_stdout_off: Callable[[], None]
    41  serial_stdout_on: Callable[[], None]
    42  polling_condition: PollingConditionProtocol
    43  machine: Machine;
    44  vlan1: VLan;
    45  # Create encrypted volume
    46  machine.wait_for_unit("multi-user.target")
    47  machine.succeed("echo -n supersecret | cryptsetup luksFormat -q --iter-time=1 /dev/vdc -")
    48  machine.succeed("PASSWORD=supersecret SYSTEMD_LOG_LEVEL=debug systemd-cryptenroll --fido2-device=auto /dev/vdc |& systemd-cat")
    49  
    50  # Boot from the encrypted disk
    51  machine.succeed("bootctl set-default nixos-generation-1-specialisation-boot-luks.conf")
    52  machine.succeed("sync")
    53  machine.crash()
    54  
    55  # Boot and decrypt the disk
    56  machine.wait_for_unit("multi-user.target")
    57  assert "/dev/mapper/cryptroot on / type ext4" in machine.succeed("mount")
Success: no issues found in 1 source file
start all VLans
(finished: start all VLans, in 0.00 seconds)
additionally exposed symbols:
    ,
    ,
    start_all, test_script, machines, vlans, driver, log, os, create_machine, subtest, run_tests, join_all, retry, serial_stdout_off, serial_stdout_on, polling_condition, Machine
building '/nix/store/1s9wiy0c0d1q7sprk0whniyv073fkpd5-vm-test-run-systemd-initrd-luks-fido2.drv'...
Machine state will be reset. To keep it, pass --keep-vm-state
start all VLans
start vlan
running vlan (pid 7; ctl /build/vde1.ctl)
(finished: start all VLans, in 0.00 seconds)
run the VM test script
additionally exposed symbols:
    machine,
    vlan1,
    start_all, test_script, machines, vlans, driver, log, os, create_machine, subtest, run_tests, join_all, retry, serial_stdout_off, serial_stdout_on, polling_condition, Machine
machine: waiting for unit multi-user.target
machine: waiting for the VM to finish booting
machine: starting vm
machine # Formatting '/build/vm-state-machine/machine.qcow2', fmt=qcow2 cluster_size=65536 extended_l2=off compression_type=zlib size=1073741824 lazy_refcounts=off refcount_bits=16
machine # Formatting '/build/vm-state-machine/disk.img', fmt=qcow2 cluster_size=65536 extended_l2=off compression_type=zlib size=125829120 backing_file=/nix/store/f83n0hnvsbv8b9lh44svf9jwrc7b4qa7-nixos-boot-disk/disk.img backing_fmt=qcow2 lazy_refcounts=off refcount_bits=16
machine # Formatting 'empty0.qcow2', fmt=qcow2 cluster_size=65536 extended_l2=off compression_type=zlib size=536870912 lazy_refcounts=off refcount_bits=16
machine: QEMU running (pid 8)
machine # /build/source/canokey-core/littlefs/lfs.c:1070:error: Corrupted dir pair at {0x0, 0x1}
machine # BdsDxe: loading Boot0001 "UEFI Misc Device" from PciRoot(0x0)/Pci(0x9,0x0)
machine # BdsDxe: starting Boot0001 "UEFI Misc Device" from PciRoot(0x0)/Pci(0x9,0x0)
machine #                 NixOS                         NixOS (boot-luks)             Reboot Into Firmware Interface                                               Boot in 5 s.                                                                                       Boot in 4 s.                                                                                       Boot in 3 s.                                                                                       Boot in 2 s.                                                                                       Boot in 1 s.                                           EFI stub: Loaded initrd from LINUX_EFI_INITRD_MEDIA_GUID device path
machine # [    0.000000] Linux version 6.1.15 (nixbld@localhost) (gcc (GCC) 12.2.0, GNU ld (GNU Binutils) 2.40) #1-NixOS SMP PREEMPT_DYNAMIC Fri Mar  3 10:52:25 UTC 2023
machine # [    0.000000] Command line: initrd=\efi\nixos\dnnyi6wf255p0ym8chf1lzjzi62r0hc6-initrd-linux-6.1.15-initrd.efi init=/nix/store/68i53r7y2knh2rbxfivyp0nyx2g1y5pr-nixos-system-machine-23.05pre-git/init console=ttyS0 panic=1 boot.panic_on_fail clock=acpi_pm loglevel=7 net.ifnames=0
machine # [    0.000000] x86/fpu: Supporting XSAVE feature 0x001: 'x87 floating point registers'
machine # [    0.000000] x86/fpu: Supporting XSAVE feature 0x002: 'SSE registers'
machine # [    0.000000] x86/fpu: Supporting XSAVE feature 0x004: 'AVX registers'
machine # [    0.000000] x86/fpu: Supporting XSAVE feature 0x008: 'MPX bounds registers'
machine # [    0.000000] x86/fpu: Supporting XSAVE feature 0x010: 'MPX CSR'
machine # [    0.000000] x86/fpu: Supporting XSAVE feature 0x020: 'AVX-512 opmask'
machine # [    0.000000] x86/fpu: Supporting XSAVE feature 0x040: 'AVX-512 Hi256'
machine # [    0.000000] x86/fpu: Supporting XSAVE feature 0x080: 'AVX-512 ZMM_Hi256'
machine # [    0.000000] x86/fpu: xstate_offset[2]:  576, xstate_sizes[2]:  256
machine # [    0.000000] x86/fpu: xstate_offset[3]:  832, xstate_sizes[3]:   64
machine # [    0.000000] x86/fpu: xstate_offset[4]:  896, xstate_sizes[4]:   64
machine # [    0.000000] x86/fpu: xstate_offset[5]:  960, xstate_sizes[5]:   64
machine # [    0.000000] x86/fpu: xstate_offset[6]: 1024, xstate_sizes[6]:  512
machine # [    0.000000] x86/fpu: xstate_offset[7]: 1536, xstate_sizes[7]: 1024
machine # [    0.000000] x86/fpu: Enabled xstate features 0xff, context size is 2560 bytes, using 'compacted' format.
machine # [    0.000000] signal: max sigframe size: 3632
machine # [    0.000000] BIOS-provided physical RAM map:
machine # [    0.000000] BIOS-e820: [mem 0x0000000000000000-0x000000000009ffff] usable
machine # [    0.000000] BIOS-e820: [mem 0x0000000000100000-0x00000000007fffff] usable
machine # [    0.000000] BIOS-e820: [mem 0x0000000000800000-0x0000000000807fff] ACPI NVS
machine # [    0.000000] BIOS-e820: [mem 0x0000000000808000-0x000000000080afff] usable
machine # [    0.000000] BIOS-e820: [mem 0x000000000080b000-0x000000000080bfff] ACPI NVS
machine # [    0.000000] BIOS-e820: [mem 0x000000000080c000-0x000000000080ffff] usable
machine # [    0.000000] BIOS-e820: [mem 0x0000000000810000-0x00000000008fffff] ACPI NVS
machine # [    0.000000] BIOS-e820: [mem 0x0000000000900000-0x000000003f8ecfff] usable
machine # [    0.000000] BIOS-e820: [mem 0x000000003f8ed000-0x000000003fb6cfff] reserved
machine # [    0.000000] BIOS-e820: [mem 0x000000003fb6d000-0x000000003fb7efff] ACPI data
machine # [    0.000000] BIOS-e820: [mem 0x000000003fb7f000-0x000000003fbfefff] ACPI NVS
machine # [    0.000000] BIOS-e820: [mem 0x000000003fbff000-0x000000003fef3fff] usable
machine # [    0.000000] BIOS-e820: [mem 0x000000003fef4000-0x000000003ff77fff] reserved
machine # [    0.000000] BIOS-e820: [mem 0x000000003ff78000-0x000000003fffffff] ACPI NVS
machine # [    0.000000] BIOS-e820: [mem 0x00000000ffc00000-0x00000000ffffffff] reserved
machine # [    0.000000] NX (Execute Disable) protection: active
machine # [    0.000000] extended physical RAM map:
machine # [    0.000000] reserve setup_data: [mem 0x0000000000000000-0x000000000009ffff] usable
machine # [    0.000000] reserve setup_data: [mem 0x0000000000100000-0x00000000007fffff] usable
machine # [    0.000000] reserve setup_data: [mem 0x0000000000800000-0x0000000000807fff] ACPI NVS
machine # [    0.000000] reserve setup_data: [mem 0x0000000000808000-0x000000000080afff] usable
machine # [    0.000000] reserve setup_data: [mem 0x000000000080b000-0x000000000080bfff] ACPI NVS
machine # [    0.000000] reserve setup_data: [mem 0x000000000080c000-0x000000000080ffff] usable
machine # [    0.000000] reserve setup_data: [mem 0x0000000000810000-0x00000000008fffff] ACPI NVS
machine # [    0.000000] reserve setup_data: [mem 0x0000000000900000-0x000000003c6ff017] usable
machine # [    0.000000] reserve setup_data: [mem 0x000000003c6ff018-0x000000003c726457] usable
machine # [    0.000000] reserve setup_data: [mem 0x000000003c726458-0x000000003c727017] usable
machine # [    0.000000] reserve setup_data: [mem 0x000000003c727018-0x000000003c74e457] usable
machine # [    0.000000] reserve setup_data: [mem 0x000000003c74e458-0x000000003c74f017] usable
machine # [    0.000000] reserve setup_data: [mem 0x000000003c74f018-0x000000003c758c57] usable
machine # [    0.000000] reserve setup_data: [mem 0x000000003c758c58-0x000000003f8ecfff] usable
machine # [    0.000000] reserve setup_data: [mem 0x000000003f8ed000-0x000000003fb6cfff] reserved
machine # [    0.000000] reserve setup_data: [mem 0x000000003fb6d000-0x000000003fb7efff] ACPI data
machine # [    0.000000] reserve setup_data: [mem 0x000000003fb7f000-0x000000003fbfefff] ACPI NVS
machine # [    0.000000] reserve setup_data: [mem 0x000000003fbff000-0x000000003fef3fff] usable
machine # [    0.000000] reserve setup_data: [mem 0x000000003fef4000-0x000000003ff77fff] reserved
machine # [    0.000000] reserve setup_data: [mem 0x000000003ff78000-0x000000003fffffff] ACPI NVS
machine # [    0.000000] reserve setup_data: [mem 0x00000000ffc00000-0x00000000ffffffff] reserved
machine # [    0.000000] efi: EFI v2.70 by EDK II
machine # [    0.000000] efi: SMBIOS=0x3f93f000 ACPI=0x3fb7e000 ACPI 2.0=0x3fb7e014 MEMATTR=0x3ec7e118 INITRD=0x3e6c9f98 RNG=0x3fb75018
machine # [    0.000000] random: crng init done
machine # [    0.000000] SMBIOS 2.8 present.
machine # [    0.000000] DMI: QEMU Standard PC (i440FX + PIIX, 1996), BIOS 0.0.0 02/06/2015
machine # [    0.000000] Hypervisor detected: KVM
machine # [    0.000000] kvm-clock: Using msrs 4b564d01 and 4b564d00
machine # [    0.000001] kvm-clock: using sched offset of 7687604395 cycles
machine # [    0.000002] clocksource: kvm-clock: mask: 0xffffffffffffffff max_cycles: 0x1cd42e4dffb, max_idle_ns: 881590591483 ns
machine # [    0.000009] tsc: Detected 3311.998 MHz processor
machine # [    0.000690] last_pfn = 0x3fef4 max_arch_pfn = 0x400000000
machine # [    0.001182] x86/PAT: Configuration [0-7]: WB  WC  UC- UC  WB  WP  UC- WT
machine # [    0.013237] Using GB pages for direct mapping
machine # [    0.013906] Secure boot disabled
machine # [    0.013906] RAMDISK: [mem 0x3c759000-0x3d6f6fff]
machine # [    0.013983] ACPI: Early table checksum verification disabled
machine # [    0.014020] ACPI: RSDP 0x000000003FB7E014 000024 (v02 BOCHS )
machine # [    0.014026] ACPI: XSDT 0x000000003FB7D0E8 00004C (v01 BOCHS  BXPC     00000001      01000013)
machine # [    0.014035] ACPI: FACP 0x000000003FB7A000 000074 (v01 BOCHS  BXPC     00000001 BXPC 00000001)
machine # [    0.014040] ACPI: DSDT 0x000000003FB7B000 00193A (v01 BOCHS  BXPC     00000001 BXPC 00000001)
machine # [    0.014043] ACPI: FACS 0x000000003FBDD000 000040
machine # [    0.014045] ACPI: APIC 0x000000003FB79000 000078 (v01 BOCHS  BXPC     00000001 BXPC 00000001)
machine # [    0.014048] ACPI: HPET 0x000000003FB78000 000038 (v01 BOCHS  BXPC     00000001 BXPC 00000001)
machine # [    0.014051] ACPI: WAET 0x000000003FB77000 000028 (v01 BOCHS  BXPC     00000001 BXPC 00000001)
machine # [    0.014054] ACPI: BGRT 0x000000003FB76000 000038 (v01 INTEL  EDK2     00000002      01000013)
machine # [    0.014056] ACPI: Reserving FACP table memory at [mem 0x3fb7a000-0x3fb7a073]
machine # [    0.014057] ACPI: Reserving DSDT table memory at [mem 0x3fb7b000-0x3fb7c939]
machine # [    0.014058] ACPI: Reserving FACS table memory at [mem 0x3fbdd000-0x3fbdd03f]
machine # [    0.014058] ACPI: Reserving APIC table memory at [mem 0x3fb79000-0x3fb79077]
machine # [    0.014059] ACPI: Reserving HPET table memory at [mem 0x3fb78000-0x3fb78037]
machine # [    0.014059] ACPI: Reserving WAET table memory at [mem 0x3fb77000-0x3fb77027]
machine # [    0.014060] ACPI: Reserving BGRT table memory at [mem 0x3fb76000-0x3fb76037]
machine # [    0.016088] No NUMA configuration found
machine # [    0.016089] Faking a node at [mem 0x0000000000000000-0x000000003fef3fff]
machine # [    0.016094] NODE_DATA(0) allocated [mem 0x3fe81000-0x3fe86fff]
machine # [    0.016146] Zone ranges:
machine # [    0.016146]   DMA      [mem 0x0000000000001000-0x0000000000ffffff]
machine # [    0.016148]   DMA32    [mem 0x0000000001000000-0x000000003fef3fff]
machine # [    0.016149]   Normal   empty
machine # [    0.016150]   Device   empty
machine # [    0.016150] Movable zone start for each node
machine # [    0.016151] Early memory node ranges
machine # [    0.016151]   node   0: [mem 0x0000000000001000-0x000000000009ffff]
machine # [    0.016154]   node   0: [mem 0x0000000000100000-0x00000000007fffff]
machine # [    0.016154]   node   0: [mem 0x0000000000808000-0x000000000080afff]
machine # [    0.016155]   node   0: [mem 0x000000000080c000-0x000000000080ffff]
machine # [    0.016155]   node   0: [mem 0x0000000000900000-0x000000003f8ecfff]
machine # [    0.016157]   node   0: [mem 0x000000003fbff000-0x000000003fef3fff]
machine # [    0.016160] Initmem setup node 0 [mem 0x0000000000001000-0x000000003fef3fff]
machine # [    0.016188] On node 0, zone DMA: 1 pages in unavailable ranges
machine # [    0.016200] On node 0, zone DMA: 96 pages in unavailable ranges
machine # [    0.016201] On node 0, zone DMA: 8 pages in unavailable ranges
machine # [    0.016201] On node 0, zone DMA: 1 pages in unavailable ranges
machine # [    0.016210] On node 0, zone DMA: 240 pages in unavailable ranges
machine # [    0.017524] On node 0, zone DMA32: 786 pages in unavailable ranges
machine # [    0.017527] On node 0, zone DMA32: 268 pages in unavailable ranges
machine # [    0.022208] ACPI: PM-Timer IO Port: 0xb008
machine # [    0.022242] ACPI: LAPIC_NMI (acpi_id[0xff] dfl dfl lint[0x1])
machine # [    0.022443] IOAPIC[0]: apic_id 0, version 17, address 0xfec00000, GSI 0-23
machine # [    0.022446] ACPI: INT_SRC_OVR (bus 0 bus_irq 0 global_irq 2 dfl dfl)
machine # [    0.022457] ACPI: INT_SRC_OVR (bus 0 bus_irq 5 global_irq 5 high level)
machine # [    0.022458] ACPI: INT_SRC_OVR (bus 0 bus_irq 9 global_irq 9 high level)
machine # [    0.022461] ACPI: INT_SRC_OVR (bus 0 bus_irq 10 global_irq 10 high level)
machine # [    0.022461] ACPI: INT_SRC_OVR (bus 0 bus_irq 11 global_irq 11 high level)
machine # [    0.022465] ACPI: Using ACPI (MADT) for SMP configuration information
machine # [    0.022466] ACPI: HPET id: 0x8086a201 base: 0xfed00000
machine # [    0.022517] TSC deadline timer available
machine # [    0.022518] smpboot: Allowing 1 CPUs, 0 hotplug CPUs
machine # [    0.022669] PM: hibernation: Registered nosave memory: [mem 0x00000000-0x00000fff]
machine # [    0.022671] PM: hibernation: Registered nosave memory: [mem 0x000a0000-0x000fffff]
machine # [    0.022672] PM: hibernation: Registered nosave memory: [mem 0x00800000-0x00807fff]
machine # [    0.022673] PM: hibernation: Registered nosave memory: [mem 0x0080b000-0x0080bfff]
machine # [    0.022674] PM: hibernation: Registered nosave memory: [mem 0x00810000-0x008fffff]
machine # [    0.022675] PM: hibernation: Registered nosave memory: [mem 0x3c6ff000-0x3c6fffff]
machine # [    0.022676] PM: hibernation: Registered nosave memory: [mem 0x3c726000-0x3c726fff]
machine # [    0.022676] PM: hibernation: Registered nosave memory: [mem 0x3c727000-0x3c727fff]
machine # [    0.022677] PM: hibernation: Registered nosave memory: [mem 0x3c74e000-0x3c74efff]
machine # [    0.022678] PM: hibernation: Registered nosave memory: [mem 0x3c74f000-0x3c74ffff]
machine # [    0.022679] PM: hibernation: Registered nosave memory: [mem 0x3c758000-0x3c758fff]
machine # [    0.022680] PM: hibernation: Registered nosave memory: [mem 0x3e6ea000-0x3e6f2fff]
machine # [    0.022680] PM: hibernation: Registered nosave memory: [mem 0x3f8ed000-0x3fb6cfff]
machine # [    0.022681] PM: hibernation: Registered nosave memory: [mem 0x3fb6d000-0x3fb7efff]
machine # [    0.022681] PM: hibernation: Registered nosave memory: [mem 0x3fb7f000-0x3fbfefff]
machine # [    0.022682] [mem 0x40000000-0xffbfffff] available for PCI devices
machine # [    0.022683] Booting paravirtualized kernel on KVM
machine # [    0.022688] clocksource: refined-jiffies: mask: 0xffffffff max_cycles: 0xffffffff, max_idle_ns: 1910969940391419 ns
machine # [    0.025407] setup_percpu: NR_CPUS:384 nr_cpumask_bits:1 nr_cpu_ids:1 nr_node_ids:1
machine # [    0.025544] percpu: Embedded 61 pages/cpu s212992 r8192 d28672 u2097152
machine # [    0.025684] kvm-guest: PV spinlocks disabled, single CPU
machine # [    0.025690] Fallback order for Node 0: 0
machine # [    0.025693] Built 1 zonelists, mobility grouping on.  Total pages: 254706
machine # [    0.025694] Policy zone: DMA32
machine # [    0.025695] Kernel command line: initrd=\efi\nixos\dnnyi6wf255p0ym8chf1lzjzi62r0hc6-initrd-linux-6.1.15-initrd.efi init=/nix/store/68i53r7y2knh2rbxfivyp0nyx2g1y5pr-nixos-system-machine-23.05pre-git/init console=ttyS0 panic=1 boot.panic_on_fail clock=acpi_pm loglevel=7 net.ifnames=0
machine # [    0.025741] clocksource: clock= boot option is deprecated - use clocksource=xyz
machine # [    0.025823] Dentry cache hash table entries: 131072 (order: 8, 1048576 bytes, linear)
machine # [    0.025844] Inode-cache hash table entries: 65536 (order: 7, 524288 bytes, linear)
machine # [    0.026009] mem auto-init: stack:all(zero), heap alloc:off, heap free:off
machine # [    0.027822] Memory: 929036K/1042976K available (12294K kernel code, 2307K rwdata, 7532K rodata, 1876K init, 4344K bss, 113680K reserved, 0K cma-reserved)
machine # [    0.027903] SLUB: HWalign=64, Order=0-3, MinObjects=0, CPUs=1, Nodes=1
machine # [    0.027912] Kernel/User page tables isolation: enabled
machine # [    0.027923] ftrace: allocating 37041 entries in 145 pages
machine # [    0.036054] ftrace: allocated 145 pages with 3 groups
machine # [    0.036498] Dynamic Preempt: voluntary
machine # [    0.036665] rcu: Preemptible hierarchical RCU implementation.
machine # [    0.036665] rcu:   RCU event tracing is enabled.
machine # [    0.036666] rcu:   RCU restricting CPUs from NR_CPUS=384 to nr_cpu_ids=1.
machine # [    0.036667]        Trampoline variant of Tasks RCU enabled.
machine # [    0.036667]        Rude variant of Tasks RCU enabled.
machine # [    0.036667]        Tracing variant of Tasks RCU enabled.
machine # [    0.036668] rcu: RCU calculated value of scheduler-enlistment delay is 100 jiffies.
machine # [    0.036669] rcu: Adjusting geometry for rcu_fanout_leaf=16, nr_cpu_ids=1
machine # [    0.039406] NR_IRQS: 24832, nr_irqs: 256, preallocated irqs: 16
machine # [    0.039718] rcu: srcu_init: Setting srcu_struct sizes based on contention.
machine # [    0.039784] Console: colour dummy device 80x25
machine # [    0.843685] printk: console [ttyS0] enabled
machine # [    0.846705] ACPI: Core revision 20220331
machine # [    0.850177] clocksource: hpet: mask: 0xffffffff max_cycles: 0xffffffff, max_idle_ns: 19112604467 ns
machine # [    0.856789] APIC: Switch to symmetric I/O mode setup
machine # [    0.862504] x2apic enabled
machine # [    0.866613] Switched APIC routing to physical x2apic.
machine # [    0.878221] ..TIMER: vector=0x30 apic1=0 pin1=2 apic2=-1 pin2=-1
machine # [    0.882666] clocksource: tsc-early: mask: 0xffffffffffffffff max_cycles: 0x2fbd924e8de, max_idle_ns: 440795321919 ns
machine # [    0.889940] Calibrating delay loop (skipped) preset value.. 6623.99 BogoMIPS (lpj=3311998)
machine # [    0.890938] pid_max: default: 32768 minimum: 301
machine # [    0.893963] LSM: Security Framework initializing
machine # [    0.894948] landlock: Up and running.
machine # [    0.895938] Yama: becoming mindful.
machine # [    0.896943] SELinux:  Initializing.
machine # [    0.897949] LSM support for eBPF active
machine # [    0.898953] Mount-cache hash table entries: 2048 (order: 2, 16384 bytes, linear)
machine # [    0.899939] Mountpoint-cache hash table entries: 2048 (order: 2, 16384 bytes, linear)
machine # [    0.903980] x86/cpu: User Mode Instruction Prevention (UMIP) activated
machine # [    0.906581] Last level iTLB entries: 4KB 0, 2MB 0, 4MB 0
machine # [    0.906937] Last level dTLB entries: 4KB 0, 2MB 0, 4MB 0, 1GB 0
machine # [    0.907982] Spectre V1 : Mitigation: usercopy/swapgs barriers and __user pointer sanitization
machine # [    0.908954] Spectre V2 : Mitigation: IBRS
machine # [    0.909937] Spectre V2 : Spectre v2 / SpectreRSB mitigation: Filling RSB on context switch
machine # [    0.910937] Spectre V2 : Spectre v2 / SpectreRSB : Filling RSB on VMEXIT
machine # [    0.911937] RETBleed: Mitigation: IBRS
machine # [    0.912941] Spectre V2 : mitigation: Enabling conditional Indirect Branch Prediction Barrier
machine # [    0.913938] Speculative Store Bypass: Mitigation: Speculative Store Bypass disabled via prctl
machine # [    0.914991] MDS: Mitigation: Clear CPU buffers
machine # [    0.915938] TAA: Mitigation: Clear CPU buffers
machine # [    0.917937] MMIO Stale Data: Vulnerable: Clear CPU buffers attempted, no microcode
machine # [    0.940438] Freeing SMP alternatives memory: 32K
machine # [    0.942154] smpboot: CPU0: Intel(R) Core(TM) i9-9940X CPU @ 3.30GHz (family: 0x6, model: 0x55, stepping: 0x4)
machine # [    0.943056] cblist_init_generic: Setting adjustable number of callback queues.
machine # [    0.943950] cblist_init_generic: Setting shift to 0 and lim to 1.
machine # [    0.944963] cblist_init_generic: Setting shift to 0 and lim to 1.
machine # [    0.945963] cblist_init_generic: Setting shift to 0 and lim to 1.
machine # [    0.946962] Performance Events: Skylake events, full-width counters, Intel PMU driver.
machine # [    0.947963] ... version:                2
machine # [    0.948950] ... bit width:              48
machine # [    0.949950] ... generic registers:      4
machine # [    0.950950] ... value mask:             0000ffffffffffff
machine # [    0.951949] ... max period:             00007fffffffffff
machine # [    0.952949] ... fixed-purpose events:   3
machine # [    0.953950] ... event mask:             000000070000000f
machine # [    0.955258] rcu: Hierarchical SRCU implementation.
machine # [    0.955950] rcu:   Max phase no-delay instances is 400.
machine # [    0.957260] smp: Bringing up secondary CPUs ...
machine # [    0.957952] smp: Brought up 1 node, 1 CPU
machine # [    0.958949] smpboot: Max logical packages: 1
machine # [    0.959966] smpboot: Total of 1 processors activated (6623.99 BogoMIPS)
machine # [    0.961621] devtmpfs: initialized
machine # [    0.961993] x86/mm: Memory block size: 128MB
machine # [    0.963159] ACPI: PM: Registering ACPI NVS region [mem 0x00800000-0x00807fff] (32768 bytes)
machine # [    0.963951] ACPI: PM: Registering ACPI NVS region [mem 0x0080b000-0x0080bfff] (4096 bytes)
machine # [    0.964950] ACPI: PM: Registering ACPI NVS region [mem 0x00810000-0x008fffff] (983040 bytes)
machine # [    0.965962] ACPI: PM: Registering ACPI NVS region [mem 0x3fb7f000-0x3fbfefff] (524288 bytes)
machine # [    0.966959] ACPI: PM: Registering ACPI NVS region [mem 0x3ff78000-0x3fffffff] (557056 bytes)
machine # [    0.968002] clocksource: jiffies: mask: 0xffffffff max_cycles: 0xffffffff, max_idle_ns: 1911260446275000 ns
machine # [    0.968951] futex hash table entries: 256 (order: 2, 16384 bytes, linear)
machine # [    0.970009] pinctrl core: initialized pinctrl subsystem
machine # [    0.971521] NET: Registered PF_NETLINK/PF_ROUTE protocol family
machine # [    0.972033] DMA: preallocated 128 KiB GFP_KERNEL pool for atomic allocations
machine # [    0.972965] DMA: preallocated 128 KiB GFP_KERNEL|GFP_DMA pool for atomic allocations
machine # [    0.973951] DMA: preallocated 128 KiB GFP_KERNEL|GFP_DMA32 pool for atomic allocations
machine # [    0.974956] audit: initializing netlink subsys (disabled)
machine # [    0.976041] thermal_sys: Registered thermal governor 'bang_bang'
machine # [    0.976042] thermal_sys: Registered thermal governor 'step_wise'
machine # [    0.976950] thermal_sys: Registered thermal governor 'user_space'
machine # [    0.977970] audit: type=2000 audit(1678109944.497:1): state=initialized audit_enabled=0 res=1
machine # [    0.979958] cpuidle: using governor menu
machine # [    0.981093] acpiphp: ACPI Hot Plug PCI Controller Driver version: 0.5
machine # [    0.982418] PCI: Using configuration type 1 for base access
machine # [    0.983743] kprobes: kprobe jump-optimization is enabled. All kprobes are optimized if possible.
machine # [    1.001584] HugeTLB: registered 1.00 GiB page size, pre-allocated 0 pages
machine # [    1.001950] HugeTLB: 16380 KiB vmemmap can be freed for a 1.00 GiB page
machine # [    1.002950] HugeTLB: registered 2.00 MiB page size, pre-allocated 0 pages
machine # [    1.003950] HugeTLB: 28 KiB vmemmap can be freed for a 2.00 MiB page
machine # [    1.005368] ACPI: Added _OSI(Module Device)
machine # [    1.005951] ACPI: Added _OSI(Processor Device)
machine # [    1.006950] ACPI: Added _OSI(3.0 _SCP Extensions)
machine # [    1.007951] ACPI: Added _OSI(Processor Aggregator Device)
machine # [    1.009480] ACPI: 1 ACPI AML tables successfully acquired and loaded
machine # [    1.011196] ACPI: Interpreter enabled
machine # [    1.011962] ACPI: PM: (supports S0 S3 S4 S5)
machine # [    1.012950] ACPI: Using IOAPIC for interrupt routing
machine # [    1.013959] PCI: Using host bridge windows from ACPI; if necessary, use "pci=nocrs" and report a bug
machine # [    1.014949] PCI: Using E820 reservations for host bridge windows
machine # [    1.016143] ACPI: Enabled 2 GPEs in block 00 to 0F
machine # [    1.019810] ACPI: PCI Root Bridge [PCI0] (domain 0000 [bus 00-ff])
machine # [    1.019955] acpi PNP0A03:00: _OSC: OS supports [ASPM ClockPM Segments MSI HPX-Type3]
machine # [    1.020950] acpi PNP0A03:00: _OSC: not requesting OS control; OS requires [ExtendedConfig ASPM ClockPM MSI]
machine # [    1.021957] acpi PNP0A03:00: fail to add MMCONFIG information, can't access extended PCI configuration space under this bridge.
machine # [    1.023263] acpiphp: Slot [3] registered
machine # [    1.024051] acpiphp: Slot [4] registered
machine # [    1.025041] acpiphp: Slot [5] registered
machine # [    1.026054] acpiphp: Slot [6] registered
machine # [    1.027037] acpiphp: Slot [7] registered
machine # [    1.028029] acpiphp: Slot [8] registered
machine # [    1.029034] acpiphp: Slot [9] registered
machine # [    1.030019] acpiphp: Slot [10] registered
machine # [    1.031013] acpiphp: Slot [11] registered
machine # [    1.032015] acpiphp: Slot [12] registered
machine # [    1.033015] acpiphp: Slot [13] registered
machine # [    1.034027] acpiphp: Slot [14] registered
machine # [    1.035018] acpiphp: Slot [15] registered
machine # [    1.036013] acpiphp: Slot [16] registered
machine # [    1.037014] acpiphp: Slot [17] registered
machine # [    1.038011] acpiphp: Slot [18] registered
machine # [    1.039011] acpiphp: Slot [19] registered
machine # [    1.040014] acpiphp: Slot [20] registered
machine # [    1.041013] acpiphp: Slot [21] registered
machine # [    1.042011] acpiphp: Slot [22] registered
machine # [    1.043011] acpiphp: Slot [23] registered
machine # [    1.044014] acpiphp: Slot [24] registered
machine # [    1.045027] acpiphp: Slot [25] registered
machine # [    1.046011] acpiphp: Slot [26] registered
machine # [    1.047029] acpiphp: Slot [27] registered
machine # [    1.048013] acpiphp: Slot [28] registered
machine # [    1.049028] acpiphp: Slot [29] registered
machine # [    1.050012] acpiphp: Slot [30] registered
machine # [    1.051014] acpiphp: Slot [31] registered
machine # [    1.052012] PCI host bridge to bus 0000:00
machine # [    1.052950] pci_bus 0000:00: root bus resource [io  0x0000-0x0cf7 window]
machine # [    1.053950] pci_bus 0000:00: root bus resource [io  0x0d00-0xffff window]
machine # [    1.054950] pci_bus 0000:00: root bus resource [mem 0x000a0000-0x000bffff window]
machine # [    1.055950] pci_bus 0000:00: root bus resource [mem 0x40000000-0xfebfffff window]
machine # [    1.056950] pci_bus 0000:00: root bus resource [mem 0x380000000000-0x38007fffffff window]
machine # [    1.057950] pci_bus 0000:00: root bus resource [bus 00-ff]
machine # [    1.059187] pci 0000:00:00.0: [8086:1237] type 00 class 0x060000
machine # [    1.063175] pci 0000:00:01.0: [8086:7000] type 00 class 0x060100
machine # [    1.068225] pci 0000:00:01.1: [8086:7010] type 00 class 0x010180
machine # [    1.072644] pci 0000:00:01.1: reg 0x20: [io  0xc2e0-0xc2ef]
machine # [    1.074575] pci 0000:00:01.1: legacy IDE quirk: reg 0x10: [io  0x01f0-0x01f7]
machine # [    1.074951] pci 0000:00:01.1: legacy IDE quirk: reg 0x14: [io  0x03f6]
machine # [    1.075950] pci 0000:00:01.1: legacy IDE quirk: reg 0x18: [io  0x0170-0x0177]
machine # [    1.076950] pci 0000:00:01.1: legacy IDE quirk: reg 0x1c: [io  0x0376]
machine # [    1.078731] pci 0000:00:01.2: [8086:7020] type 00 class 0x0c0300
machine # [    1.082951] pci 0000:00:01.2: reg 0x20: [io  0xc2c0-0xc2df]
machine # [    1.086065] pci 0000:00:01.3: [8086:7113] type 00 class 0x068000
machine # [    1.089926] pci 0000:00:01.3: quirk: [io  0xb000-0xb03f] claimed by PIIX4 ACPI
machine # [    1.090004] pci 0000:00:01.3: quirk: [io  0xb100-0xb10f] claimed by PIIX4 SMB
machine # [    1.092167] pci 0000:00:02.0: [1234:1111] type 00 class 0x030000
machine # [    1.094669] pci 0000:00:02.0: reg 0x10: [mem 0x80000000-0x80ffffff pref]
machine # [    1.097680] pci 0000:00:02.0: reg 0x18: [mem 0x8104c000-0x8104cfff]
machine # [    1.102590] pci 0000:00:02.0: reg 0x30: [mem 0xffff0000-0xffffffff pref]
machine # [    1.103192] pci 0000:00:02.0: BAR 0: assigned to efifb
machine # [    1.104121] pci 0000:00:02.0: Video device with shadowed ROM at [mem 0x000c0000-0x000dffff]
machine # [    1.107269] pci 0000:00:03.0: [1af4:1000] type 00 class 0x020000
machine # [    1.108952] pci 0000:00:03.0: reg 0x10: [io  0xc2a0-0xc2bf]
machine # [    1.110886] pci 0000:00:03.0: reg 0x14: [mem 0x8104b000-0x8104bfff]
machine # [    1.113656] pci 0000:00:03.0: reg 0x20: [mem 0x380000000000-0x380000003fff 64bit pref]
machine # [    1.114865] pci 0000:00:03.0: reg 0x30: [mem 0xfffc0000-0xffffffff pref]
machine # [    1.119795] pci 0000:00:04.0: [1af4:1005] type 00 class 0x00ff00
machine # [    1.120951] pci 0000:00:04.0: reg 0x10: [io  0xc280-0xc29f]
machine # [    1.122848] pci 0000:00:04.0: reg 0x14: [mem 0x8104a000-0x8104afff]
machine # [    1.125951] pci 0000:00:04.0: reg 0x20: [mem 0x380000004000-0x380000007fff 64bit pref]
machine # [    1.133062] pci 0000:00:05.0: [1af4:1009] type 00 class 0x000200
machine # [    1.134951] pci 0000:00:05.0: reg 0x10: [io  0xc1c0-0xc1ff]
machine # [    1.136841] pci 0000:00:05.0: reg 0x14: [mem 0x81049000-0x81049fff]
machine # [    1.139698] pci 0000:00:05.0: reg 0x20: [mem 0x380000008000-0x38000000bfff 64bit pref]
machine # [    1.145750] pci 0000:00:06.0: [1af4:1009] type 00 class 0x000200
machine # [    1.146951] pci 0000:00:06.0: reg 0x10: [io  0xc260-0xc27f]
machine # [    1.148921] pci 0000:00:06.0: reg 0x14: [mem 0x81048000-0x81048fff]
machine # [    1.151952] pci 0000:00:06.0: reg 0x20: [mem 0x38000000c000-0x38000000ffff 64bit pref]
machine # [    1.158736] pci 0000:00:07.0: [1af4:1009] type 00 class 0x000200
machine # [    1.159951] pci 0000:00:07.0: reg 0x10: [io  0xc240-0xc25f]
machine # [    1.161849] pci 0000:00:07.0: reg 0x14: [mem 0x81047000-0x81047fff]
machine # [    1.164575] pci 0000:00:07.0: reg 0x20: [mem 0x380000010000-0x380000013fff 64bit pref]
machine # [    1.170553] pci 0000:00:08.0: [1af4:1001] type 00 class 0x010000
machine # [    1.171951] pci 0000:00:08.0: reg 0x10: [io  0xc100-0xc17f]
machine # [    1.173841] pci 0000:00:08.0: reg 0x14: [mem 0x81046000-0x81046fff]
machine # [    1.176488] pci 0000:00:08.0: reg 0x20: [mem 0x380000014000-0x380000017fff 64bit pref]
machine # [    1.182592] pci 0000:00:09.0: [1af4:1001] type 00 class 0x010000
machine # [    1.183951] pci 0000:00:09.0: reg 0x10: [io  0xc080-0xc0ff]
machine # [    1.185837] pci 0000:00:09.0: reg 0x14: [mem 0x81045000-0x81045fff]
machine # [    1.188951] pci 0000:00:09.0: reg 0x20: [mem 0x380000018000-0x38000001bfff 64bit pref]
machine # [    1.196213] pci 0000:00:0a.0: [1af4:1001] type 00 class 0x010000
machine # [    1.197951] pci 0000:00:0a.0: reg 0x10: [io  0xc000-0xc07f]
machine # [    1.199859] pci 0000:00:0a.0: reg 0x14: [mem 0x81044000-0x81044fff]
machine # [    1.202640] pci 0000:00:0a.0: reg 0x20: [mem 0x38000001c000-0x38000001ffff 64bit pref]
machine # [    1.208558] pci 0000:00:0b.0: [1af4:1000] type 00 class 0x020000
machine # [    1.209951] pci 0000:00:0b.0: reg 0x10: [io  0xc220-0xc23f]
machine # [    1.211876] pci 0000:00:0b.0: reg 0x14: [mem 0x81043000-0x81043fff]
machine # [    1.214513] pci 0000:00:0b.0: reg 0x20: [mem 0x380000020000-0x380000023fff 64bit pref]
machine # [    1.215906] pci 0000:00:0b.0: reg 0x30: [mem 0xfffc0000-0xffffffff pref]
machine # [    1.220881] pci 0000:00:0c.0: [1af4:1052] type 00 class 0x090000
machine # [    1.222711] pci 0000:00:0c.0: reg 0x14: [mem 0x81042000-0x81042fff]
machine # [    1.225323] pci 0000:00:0c.0: reg 0x20: [mem 0x380000024000-0x380000027fff 64bit pref]
machine # [    1.231615] pci 0000:00:0d.0: [1af4:1003] type 00 class 0x078000
machine # [    1.232952] pci 0000:00:0d.0: reg 0x10: [io  0xc180-0xc1bf]
machine # [    1.234843] pci 0000:00:0d.0: reg 0x14: [mem 0x81041000-0x81041fff]
machine # [    1.237568] pci 0000:00:0d.0: reg 0x20: [mem 0x380000028000-0x38000002bfff 64bit pref]
machine # [    1.243548] pci 0000:00:0e.0: [1af4:1005] type 00 class 0x00ff00
machine # [    1.244951] pci 0000:00:0e.0: reg 0x10: [io  0xc200-0xc21f]
machine # [    1.246843] pci 0000:00:0e.0: reg 0x14: [mem 0x81040000-0x81040fff]
machine # [    1.249621] pci 0000:00:0e.0: reg 0x20: [mem 0x38000002c000-0x38000002ffff 64bit pref]
machine # [    1.256190] ACPI: PCI: Interrupt link LNKA configured for IRQ 10
machine # [    1.257271] ACPI: PCI: Interrupt link LNKB configured for IRQ 10
machine # [    1.258255] ACPI: PCI: Interrupt link LNKC configured for IRQ 11
machine # [    1.259244] ACPI: PCI: Interrupt link LNKD configured for IRQ 11
machine # [    1.260119] ACPI: PCI: Interrupt link LNKS configured for IRQ 9
machine # [    1.261390] iommu: Default domain type: Translated
machine # [    1.261951] iommu: DMA domain TLB invalidation policy: lazy mode
machine # [    1.263126] Registered efivars operations
machine # [    1.264352] NetLabel: Initializing
machine # [    1.264950] NetLabel:  domain hash size = 128
machine # [    1.265950] NetLabel:  protocols = UNLABELED CIPSOv4 CALIPSO
machine # [    1.266969] NetLabel:  unlabeled traffic allowed by default
machine # [    1.267955] PCI: Using ACPI for IRQ routing
machine # [    1.271083] pci 0000:00:02.0: vgaarb: setting as boot VGA device
machine # [    1.271936] pci 0000:00:02.0: vgaarb: bridge control possible
machine # [    1.271936] pci 0000:00:02.0: vgaarb: VGA device added: decodes=io+mem,owns=io+mem,locks=none
machine # [    1.271951] vgaarb: loaded
machine # [    1.273091] hpet0: at MMIO 0xfed00000, IRQs 2, 8, 0
machine # [    1.273950] hpet0: 3 comparators, 64-bit 100.000000 MHz counter
machine # [    1.277995] clocksource: Switched to clocksource kvm-clock
machine # [    1.290318] VFS: Disk quotas dquot_6.6.0
machine # [    1.293149] VFS: Dquot-cache hash table entries: 512 (order 0, 4096 bytes)
machine # [    1.298088] pnp: PnP ACPI init
machine # [    1.300853] pnp: PnP ACPI: found 6 devices
machine # [    1.310038] clocksource: acpi_pm: mask: 0xffffff max_cycles: 0xffffff, max_idle_ns: 2085701024 ns
machine # [    1.316075] clocksource: Switched to clocksource acpi_pm
machine # [    1.320186] NET: Registered PF_INET protocol family
machine # [    1.323703] IP idents hash table entries: 16384 (order: 5, 131072 bytes, linear)
machine # [    1.330223] tcp_listen_portaddr_hash hash table entries: 512 (order: 1, 8192 bytes, linear)
machine # [    1.336112] Table-perturb hash table entries: 65536 (order: 6, 262144 bytes, linear)
machine # [    1.341472] TCP established hash table entries: 8192 (order: 4, 65536 bytes, linear)
machine # [    1.346858] TCP bind hash table entries: 8192 (order: 6, 262144 bytes, linear)
machine # [    1.351874] TCP: Hash tables configured (established 8192 bind 8192)
machine # [    1.356351] MPTCP token hash table entries: 1024 (order: 2, 24576 bytes, linear)
machine # [    1.361576] UDP hash table entries: 512 (order: 2, 16384 bytes, linear)
machine # [    1.366246] UDP-Lite hash table entries: 512 (order: 2, 16384 bytes, linear)
machine # [    1.371316] NET: Registered PF_UNIX/PF_LOCAL protocol family
machine # [    1.375403] NET: Registered PF_XDP protocol family
machine # [    1.378874] pci 0000:00:03.0: can't claim BAR 6 [mem 0xfffc0000-0xffffffff pref]: no compatible bridge window
machine # [    1.385603] pci 0000:00:0b.0: can't claim BAR 6 [mem 0xfffc0000-0xffffffff pref]: no compatible bridge window
machine # [    1.392602] pci 0000:00:03.0: BAR 6: assigned [mem 0x40000000-0x4003ffff pref]
machine # [    1.397622] pci 0000:00:0b.0: BAR 6: assigned [mem 0x40040000-0x4007ffff pref]
machine # [    1.402681] pci_bus 0000:00: resource 4 [io  0x0000-0x0cf7 window]
machine # [    1.407061] pci_bus 0000:00: resource 5 [io  0x0d00-0xffff window]
machine # [    1.411408] pci_bus 0000:00: resource 6 [mem 0x000a0000-0x000bffff window]
machine # [    1.416173] pci_bus 0000:00: resource 7 [mem 0x40000000-0xfebfffff window]
machine # [    1.421058] pci_bus 0000:00: resource 8 [mem 0x380000000000-0x38007fffffff window]
machine # [    1.426416] pci 0000:00:01.0: PIIX3: Enabling Passive Release
machine # [    1.430677] pci 0000:00:00.0: Limiting direct PCI/PCI transfers
machine # [    1.457183] ACPI: \_SB_.LNKD: Enabled at IRQ 11
machine # [    1.482815] pci 0000:00:01.2: quirk_usb_early_handoff+0x0/0x750 took 46421 usecs
machine # [    1.488732] PCI: CLS 0 bytes, default 64
machine # [    1.491646] Trying to unpack rootfs image as initramfs...
machine # [    1.495542] clocksource: tsc: mask: 0xffffffffffffffff max_cycles: 0x2fbd924e8de, max_idle_ns: 440795321919 ns
machine # [    1.509490] Initialise system trusted keyrings
machine # [    1.518202] workingset: timestamp_bits=40 max_order=18 bucket_order=0
machine # [    1.527694] zbud: loaded
machine # [    1.533534] Key type asymmetric registered
machine # [    1.539126] Asymmetric key parser 'x509' registered
machine # [    1.608189] Freeing initrd memory: 15992K
machine # [    1.615763] alg: self-tests for CTR-KDF (hmac(sha256)) passed
machine # [    1.619819] Block layer SCSI generic (bsg) driver version 0.4 loaded (major 252)
machine # [    1.625237] io scheduler mq-deadline registered
machine # [    1.628467] io scheduler kyber registered
machine # [    1.631715] Serial: 8250/16550 driver, 4 ports, IRQ sharing enabled
machine # [    1.636671] 00:04: ttyS0 at I/O 0x3f8 (irq = 4, base_baud = 115200) is a 16550A
machine # [    1.642927] intel_pstate: CPU model not supported
machine # [    1.646249] efifb: probing for efifb
machine # [    1.648905] efifb: framebuffer at 0x80000000, using 4000k, total 4000k
machine # [    1.653400] efifb: mode is 1280x800x32, linelength=5120, pages=1
machine # [    1.657578] efifb: scrolling: redraw
machine # [    1.660234] efifb: Truecolor: size=8:8:8:8, shift=24:16:8:0
machine # [    1.664327] fbcon: Deferring console take-over
machine # [    1.667600] fb0: EFI VGA frame buffer device
machine # [    1.670767] drop_monitor: Initializing network drop monitor service
machine # [    1.685164] NET: Registered PF_INET6 protocol family
machine # [    1.692924] Segment Routing with IPv6
machine # [    1.695584] In-situ OAM (IOAM) with IPv6
machine # [    1.698870] IPI shorthand broadcast: enabled
machine # [    1.702179] registered taskstats version 1
machine # [    1.705168] Loading compiled-in X.509 certificates
machine # [    1.708643] zswap: loaded using pool lzo/zbud
machine # [    1.712152] Key type .fscrypt registered
machine # [    1.715075] Key type fscrypt-provisioning registered
machine # [    1.719804] Unstable clock detected, switching default tracing clock to "global"
machine # [    1.719804] If you want to keep using the local clock, then add:
machine # [    1.719804]   "trace_clock=local"
machine # [    1.719804] on the kernel command line
machine # [    1.736258] Freeing unused decrypted memory: 2036K
machine # [    1.739384] Freeing unused kernel image (initmem) memory: 1876K
machine # [    1.742059] Write protecting the kernel read-only data: 22528k
machine # [    1.746232] Freeing unused kernel image (text/rodata gap) memory: 2040K
machine # [    1.749225] Freeing unused kernel image (rodata/data gap) memory: 660K
machine # [    1.790702] x86/mm: Checked W+X mappings: passed, no W+X pages found.
machine # [    1.793382] x86/mm: Checking user space page tables
machine # [    1.833555] x86/mm: Checked W+X mappings: passed, no W+X pages found.
machine # [    1.836260] Run /init as init process
machine # [    1.847892] systemd[1]: Inserted module 'autofs4'
machine # [    1.857575] systemd[1]: systemd 252.5 running in system mode (+PAM -AUDIT -SELINUX -APPARMOR +IMA +SMACK +SECCOMP -GCRYPT -GNUTLS +OPENSSL +ACL +BLKID -CURL -ELFUTILS +FIDO2 -IDN2 -IDN -IPTC +KMOD +LIBCRYPTSETUP +LIBFDISK -PCRE2 -PWQUALITY -P11KIT -QRENCODE +TPM2 -BZIP2 -LZ4 -XZ -ZLIB -ZSTD -BPF_FRAMEWORK -XKBCOMMON +UTMP -SYSVINIT default-hierarchy=unified)
machine # [    1.870186] systemd[1]: Detected virtualization kvm.
machine # [    1.872501] systemd[1]: Detected architecture x86-64.
machine # [    1.874837] systemd[1]: Running in initrd.
machine # [    1.876883] systemd[1]: No hostname configured, using default hostname.
machine # [    1.879863] systemd[1]: Hostname set to <localhost>.
machine # [    1.882262] systemd[1]: Initializing machine ID from random generator.
machine # [    1.937572] systemd[1]: Queued start job for default target Initrd Default Target.
machine # [    1.946209] systemd[1]: Created slice Slice /system/systemd-makefs.
machine # [    1.949444] systemd[1]: Started Dispatch Password Requests to Console Directory Watch.
machine # [    1.953377] systemd[1]: Reached target Initrd Root Device.
machine # [    1.956235] systemd[1]: Reached target Path Units.
machine # [    1.958696] systemd[1]: Reached target Slice Units.
machine # [    1.961343] systemd[1]: Reached target Swaps.
machine # [    1.963639] systemd[1]: Reached target Timer Units.
machine # [    1.966492] systemd[1]: Listening on Journal Audit Socket.
machine # [    1.969480] systemd[1]: Listening on Journal Socket (/dev/log).
machine # [    1.972475] systemd[1]: Listening on Journal Socket.
machine # [    1.975343] systemd[1]: Listening on udev Control Socket.
machine # [    1.978329] systemd[1]: Listening on udev Kernel Socket.
machine # [    1.981195] systemd[1]: Reached target Socket Units.
machine # [    1.983631] systemd[1]: Kernel Configuration File System was skipped because of an unmet condition check (ConditionPathExists=/sys/kernel/config).
machine # [    1.995468] systemd[1]: Starting Create List of Static Device Nodes...
machine # [    2.007420] systemd[1]: Starting Journal Service...
machine # [    2.018419] systemd[1]: Starting Load Kernel Modules...
machine # [    2.033396] systemd[1]: Starting Coldplug All udev Devices...
machine # [    2.055321] systemd[1]: Finished Create List of Static Device Nodes.
machine # [    2.080404] systemd[1]: Starting Create Static Device Nodes in /dev...
machine # [    2.094122] device-mapper: ioctl: 4.47.0-ioctl (2022-07-28) initialised: dm-devel@redhat.com
machine # [    2.108360] systemd[1]: Finished Create Static Device Nodes in /dev.
machine # [    2.124375] systemd[1]: Finished Load Kernel Modules.
machine # [    2.142419] systemd[1]: Starting Apply Kernel Variables...
machine # [    2.152446] audit: type=1334 audit(1678109945.673:2): prog-id=6 op=LOAD
machine # [    2.156126] audit: type=1334 audit(1678109945.676:3): prog-id=7 op=LOAD
machine # [    2.162468] systemd[1]: Starting Rule-based Manager for Device Events and Files...
machine # [    2.190264] systemd[1]: Finished Apply Kernel Variables.
machine # [    2.216165] systemd[1]: Finished Coldplug All udev Devices.
machine # [    2.234604] systemd[1]: Started Rule-based Manager for Device Events and Files.
machine # [    2.420237] systemd[1]: Started Journal Service.
machine # [    1.585584] systemd-modules-load[75]: Inserted module 'virtio_balloon'
machine # [    1.594398] systemd-modules-load[75]: Inserted module 'virtio_console'
machine # [    1.604962] systemd-modules-load[75]: Inserted module 'dm_mod'
machine # [    1.614311] systemd-udevd[81]: Using default interface naming scheme 'v252'.
machine # [    1.626006] systemd-udevd[81]: /nix/store/m1safh1fssisd0f7brzi65y3g9qixf0j-systemd-stage-1-252.5/lib/udev/rules.d/50-udev-default.rules:22 Unknown group 'tty', ignoring
machine # [    1.642323] systemd-udevd[81]: /nix/store/m1safh1fssisd0f7brzi65y3g9qixf0j-systemd-stage-1-252.5/lib/udev/rules.d/50-udev-default.rules:23 Unknown group 'tty', ignoring
machine # [    1.660080] systemd-udevd[81]: /nix/store/m1safh1fssisd0f7brzi65y3g9qixf0j-systemd-stage-1-252.5/lib/udev/rules.d/50-udev-default.rules:24 Unknown group 'tty', ignoring
machine # [    1.676548] systemd-udevd[81]: /nix/store/m1safh1fssisd0f7brzi65y3g9qixf0j-systemd-stage-1-252.5/lib/udev/rules.d/50-udev-default.rules:25 Unknown group 'tty', ignoring
machine # [    1.690695] systemd-udevd[81]: /nix/store/m1safh1fssisd0f7brzi65y3g9qixf0j-systemd-stage-1-252.5/lib/udev/rules.d/50-udev-default.rules:26 Unknown group 'tty', ignoring
machine # [    1.706659] systemd-udevd[81]: /nix/store/m1safh1fssisd0f7brzi65y3g9qixf0j-systemd-stage-1-252.5/lib/udev/rules.d/50-udev-default.rules:27 Unknown group 'tty', ignoring
machine # [    1.722949] systemd-udevd[81]: /nix/store/m1safh1fssisd0f7brzi65y3g9qixf0j-systemd-stage-1-252.5/lib/udev/rules.d/50-udev-default.rules:28 Unknown group 'tty', ignoring
machine # [    1.737302] systemd-udevd[81]: /nix/store/m1safh1fssisd0f7brzi65y3g9qixf0j-systemd-stage-1-252.5/lib/udev/rules.d/50-udev-default.rules:29 Unknown group 'dialout', ignoring
machine # [    1.752721] systemd-udevd[81]: /nix/store/m1safh1fssisd0f7brzi65y3g9qixf0j-systemd-stage-1-252.5/lib/udev/rules.d/50-udev-default.rules:31 Unknown group 'kmem', ignoring
machine # [    1.767690] systemd-udevd[81]: /nix/store/m1safh1fssisd0f7brzi65y3g9qixf0j-systemd-stage-1-252.5/lib/udev/rules.d/50-udev-default.rules:33 Unknown group 'input', ignoring
machine # [    1.783690] systemd-udevd[81]: /nix/store/m1safh1fssisd0f7brzi65y3g9qixf0j-systemd-stage-1-252.5/lib/udev/rules.d/50-udev-default.rules:36 Unknown group 'video', ignoring[    2.639792] i8042: PNP: PS/2 Controller [PNP0303:KBD,PNP0f13:MOU] at 0x60,0x64 irq 1,12
machine # 
machine # [    1.800675] systemd-udevd[81]: /nix/store/m1safh1fssisd0f7brzi65y3g9qixf0j-systemd-stage-1-252.5/lib/udev/rules.d/50-udev-default.rules:37 Unknown group 'video', ignoring[    2.652549] rtc_cmos 00:05: RTC can wake from S4
machine # 
machine # [    1.815512] systemd-udevd[81]: /nix/store/m1safh1fssisd0f7brzi65y3g9qixf0j-systemd-stage-1-252.5/lib/udev/rules.d/50-udev-default.rules:38 Unknown group 'video', ignoring
machine # [    1.832559] systemd-udevd[81]: /nix/store/m1safh1fssisd0f7brzi65y3g9qixf0j-systemd-stage-1-252.5/lib/udev/rules.d/50-udev-default.rules:39 Unknown group 'video', ignoring[    2.686569] rtc_cmos 00:05: registered as rtc0
machine # [    2.689842] serio: i8042 KBD port at 0x60,0x64 irq 1
machine # 
machine # [    1.851010] systemd-udevd[81]: /nix/store/m1safh1fssisd0f7brzi65y3g9qixf0j-systemd-stage-1-252.5/lib/udev/rules.d/50-udev-default.rules:40 Unknown group 'video', ignoring[    2.703924] rtc_cmos 00:05: alarms up to one day, y3k, 242 bytes nvram
machine # 
machine # [    1.866720] systemd-udevd[81]: /nix/store/m1safh1fssisd0f7brzi65y3g9qixf0j-systemd-stage-1-252.5/lib/udev/rules.d/50-udev-default.rules:41 Unknown group 'video', ignoring[    2.717749] serio: i8042 AUX port at 0x60,0x64 irq 12
machine # 
machine # [    1.882610] systemd-udevd[81]: /nix/store/m1safh1fssisd0f7brzi65y3g9qixf0j-systemd-stage-1-252.5/lib/udev/rules.d/50-udev-default.rules:43 Unknown group 'render', ignoring
machine # [    1.897661] systemd-udevd[81]: /nix/store/m1safh1fssisd0f7brzi65y3g9qixf0j-systemd-stage-1-252.5/lib/udev/rules.d/50-udev-default.rules:44 Unknown group 'render', ignoring
machine # [    1.913647] systemd-udevd[81]: /nix/store/m1safh1fssisd0f7brzi65y3g9qixf0j-systemd-stage-1-252.5/lib/udev/rules.d/50-udev-default.rules:46 Unknown group 'sgx', ignoring
machine # [    1.928303] systemd-udevd[81]: /nix/store/m1safh1fssisd0f7brzi65y3g9qixf0j-systemd-stage-1-252.5/lib/udev/rules.d/50-udev-default.rules:47 Unknown group 'sgx', ignoring
machine # [    1.944189] systemd-udevd[81]: /nix/store/m1safh1fssisd0f7brzi65y3g9qixf0j-systemd-stage-1-252.5/lib/udev/rules.d/50-udev-default.rules:53 Unknown group 'audio', ignoring
machine # [    1.958378] systemd-udevd[81]: /nix/store/m1safh1fssisd0f7brzi65y3g9qixf0j-systemd-stage-1-252.5/lib/udev/rules.d/50-udev-default.rules:63 Unknown group 'audio', ignoring
machine # [    1.973640] systemd-udevd[81]: /nix/store/m1safh1fssisd0f7brzi65y3g9qixf0j-systemd-stage-1-252.5/lib/udev/rules.d/50-udev-default.rules:64 Unknown group 'audio', ignoring
machine # [    1.988640] systemd-udevd[81]: /nix/store/m1safh1fssisd0f7brzi65y3g9qixf0j-systemd-stage-1-252.5/lib/udev/rules.d/50-udev-default.rules:65 Unknown group 'video', ignoring
machine # [    2.003669] systemd-udevd[81]: /nix/store/m1safh1fssisd0f7brzi65y3g9qixf0j-systemd-stage-1-252.5/lib/udev/rules.d/50-udev-default.rules:67 Unknown group 'lp', ignoring
machine # [    2.018664] systemd-udevd[81]: /nix/store/m1safh1fssisd0f7brzi65y3g9qixf0j-systemd-stage-1-252.5/lib/udev/rules.d/50-udev-default.rules:68 Unknown group 'lp', ignoring
machine # [    2.034326] systemd-udevd[81]: /nix/store/m1safh1fssisd0f7brzi65y3g9qixf0j-systemd-stage-1-252.5/lib/udev/rules.d/50-udev-default.rules:69 Unknown group 'lp', ignoring
machine # [    2.047654] systemd-udevd[81]: /nix/store/m1safh1fssisd0f7brzi65y3g9qixf0j-systemd-stage-1-252.5/lib/udev/rules.d/50-udev-default.rules:70 Unknown group 'lp', ignoring
machine # [    2.063287] systemd-udevd[81]: /nix/store/m1safh1fssisd0f7brzi65y3g9qixf0j-systemd-stage-1-252.5/lib/udev/rules.d/50-udev-default.rules:71 Unknown group 'lp', ignoring[    2.914504] SCSI subsystem initialized
machine # 
machine # [    2.077654] systemd-udevd[81]: /nix/store/m1safh1fssisd0f7brzi65y3g9qixf0j-systemd-stage-1-252.5/lib/udev/rules.d/50-udev-default.rules:72 Unknown group 'lp', ignoring
machine # [    2.092306] systemd-udevd[81]: /nix/store/m1safh1fssisd0f7brzi65y3g9qixf0j-systemd-stage-1-252.5/lib/udev/rules.d/50-udev-default.rules:74 Unknown group 'disk', ignoring
machine # [    2.108072] systemd-udevd[81]: /nix/store/m1safh1fssisd0f7brzi65y3g9qixf0j-systemd-stage-1-252.5/lib/udev/rules.d/50-udev-default.rules:75 Unknown group 'cdrom', ignoring[    2.960317] ACPI: bus type USB registered
machine # 
machine # [    2.124179] systemd-udevd[81]: /nix/store/m1safh1fssisd0f7brzi65y3g9qixf0j-systemd-stage-1-252.5/lib/udev/rules.d/50-udev-default.rules:76 Unknown group 'cdrom', ignoring[    2.976106] usbcore: registered new interface driver usbfs
machine # 
machine # [    2.140540] systemd-udevd[81]: /nix/store/m1safh1fssisd0f7brzi65y3g9qixf0j-systemd-stage-1-252.5/lib/udev/rules.d/50-udev-default.rules:77 Unknown group 'cdrom', ignoring[    2.994133] usbcore: registered new interface driver hub
machine # 
machine # [    2.155602] systemd-udevd[81]: /nix/store/m1safh1fssisd0f7brzi65y3g9qixf0j-systemd-stage-1-252.5/lib/udev/rules.d/50-udev-default.rules:78 Unknown group 'cdrom', ignoring
machine # [    3.011503] usbcore: registered new device driver usb
machine # [    2.171429] systemd-udevd[81]: /nix/store/m1safh1fssisd0f7brzi65y3g9qixf0j-systemd-stage-1-252.5/lib/udev/rules.d/50-udev-default.rules:79 Unknown group 'cdrom', ignoring
machine # [    2.185353] systemd-udevd[81]: /nix/store/m1safh1fssisd0f7brzi65y3g9qixf0j-systemd-stage-1-252.5/lib/udev/rules.d/50-udev-default.rules:81 Unknown group 'tape', ignoring[    3.036547] ACPI: \_SB_.LNKC: Enabled at IRQ 10
machine # 
machine # [    2.202725] systemd-udevd[81]: /nix/store/m1safh1fssisd0f7brzi65y3g9qixf0j-systemd-stage-1-252.5/lib/udev/rules.d/50-udev-default.rules:82 Unknown group 'disk', ignoring
machine # [    2.216640] systemd-udevd[81]: /nix/store/m1safh1fssisd0f7brzi65y3g9qixf0j-systemd-stage-1-252.5/lib/udev/rules.d/50-udev-default.rules:83 Unknown group 'disk', ignoring
machine # [    2.232159] systemd-udevd[81]: /nix/store/m1safh1fssisd0f7brzi65y3g9qixf0j-systemd-stage-1-252.5/lib/udev/rules.d/50-udev-default.rules:84 Unknown group 'disk', ignoring
machine # [    2.249295] systemd-udevd[81]: /nix/store/m1safh1fssisd0f7brzi65y3g9qixf0j-systemd-stage-1-252.5/lib/udev/rules.d/50-udev-default.rules:85 Unknown group 'disk', ignoring
machine # [    2.264627] systemd-udevd[81]: /nix/store/m1safh1fssisd0f7brzi65y3g9qixf0j-systemd-stage-1-252.5/lib/udev/rules.d/50-udev-default.rules:86 Unknown group 'disk', ignoring[    3.114486] scsi host0: ata_piix
machine # 
machine # [    3.123179] scsi host1: ata_piix
machine # [    2.282277] systemd-udevd[81]: /nix/store/m1safh1fssisd0f7brzi65y3g9qixf0j-systemd-stage-1-252.5/lib/udev/rules.d/50-udev-default.rules:87 Unknown group 'disk', ignoring[    3.132218] ata1: PATA max MWDMA2 cmd 0x1f0 ctl 0x3f6 bmdma 0xc2e0 irq 14
machine # [    3.135111] ata2: PATA max MWDMA2 cmd 0x170 ctl 0x376 bmdma 0xc2e8 irq 15
machine # 
machine # [    2.300337] systemd-udevd[81]: /nix/store/m1safh1fssisd0f7brzi65y3g9qixf0j-systemd-stage-1-252.5/lib/udev/rules.d/50-udev-default.rules:88 Unknown group 'disk', ignoring
machine # [    2.317254] systemd-udevd[81]: /nix/store/m1safh1fssisd0f7brzi65y3g9qixf0j-systemd-stage-1-252.5/lib/udev/rules.d/50-udev-default.rules:97 Unknown group 'kvm', ignoring
machine # [    2.329603] systemd-udevd[81]: /nix/store/m1safh1fssisd0f7brzi65y3g9qixf0j-systemd-stage-1-252.5/lib/udev/rules.d/50-udev-default.rules:102 Unknown group 'kvm', ignoring
machine # [    2.346291] systemd-udevd[81]: /nix/store/m1safh1fssisd0f7brzi65y3g9qixf0j-systemd-stage-1-252.5/lib/udev/rules.d/50-udev-default.rules:104 Unknown group 'kvm', ignoring
machine # [    2.358975] systemd-udevd[81]: /nix/store/m1safh1fssisd0f7brzi65y3g9qixf0j-systemd-stage-1-252.5/lib/udev/rules.d/50-udev-default.rules:106 Unknown group 'kvm', ignoring
machine # [    2.374008] systemd-udevd[86]: event_source: Failed to get device name: No such file or directory[    3.224714] uhci_hcd 0000:00:01.2: UHCI Host Controller
machine # 
machine # [    3.232577] uhci_hcd 0000:00:01.2: new USB bus registered, assigned bus number 1
machine # [    3.235821] uhci_hcd 0000:00:01.2: detected 2 ports
machine # [    3.245273] uhci_hcd 0000:00:01.2: irq 11, io port 0x0000c2c0
machine # [    3.248868] usb usb1: New USB device found, idVendor=1d6b, idProduct=0001, bcdDevice= 6.01
machine # [    3.252392] usb usb1: New USB device strings: Mfr=3, Product=2, SerialNumber=1
machine # [    3.255552] usb usb1: Product: UHCI Host Controller
machine # [    3.257780] usb usb1: Manufacturer: Linux 6.1.15 uhci_hcd
machine # [    3.260171] usb usb1: SerialNumber: 0000:00:01.2
machine # [    3.269770] hub 1-0:1.0: USB hub found
machine # [    3.272642] hub 1-0:1.0: 2 ports detected
machine # [    3.298870] ACPI: \_SB_.LNKA: Enabled at IRQ 10
machine # [    3.330621] ACPI: \_SB_.LNKB: Enabled at IRQ 11
machine # [    3.504586] usb 1-1: new full-speed USB device number 2 using uhci_hcd
machine # [    3.674704] usb 1-1: New USB device found, idVendor=0627, idProduct=0001, bcdDevice= 0.00
machine # [    3.678318] usb 1-1: New USB device strings: Mfr=1, Product=3, SerialNumber=10
machine # [    3.681466] usb 1-1: Product: QEMU USB Tablet
machine # [    3.683521] usb 1-1: Manufacturer: QEMU
machine # [    3.685321] usb 1-1: SerialNumber: 28754-0000:00:01.2-1
machine # [    3.701478] input: AT Translated Set 2 keyboard as /devices/platform/i8042/serio0/input/input0
machine # [    3.741476] virtio_blk virtio5: 1/0/0 default/read/poll queues
machine # [    3.763181] 9pnet: Installing 9P2000 support
machine # [    3.773805] virtio_blk virtio5: [vda] 2097152 512-byte logical blocks (1.07 GB/1.00 GiB)
machine # [    3.794749] virtio_blk virtio6: 1/0/0 default/read/poll queues
machine # [    3.821134] usb 1-2: new full-speed USB device number 3 using uhci_hcd
machine # [    3.835707] virtio_blk virtio6: [vdb] 245760 512-byte logical blocks (126 MB/120 MiB)
machine # [    3.014704] systemd-udevd[89]: Network interface NamePolicy= disabled on kernel command line.
machine # [    3.030680] systemd-udevd[91]: eth1: Config file /nix/store/vcgrvcj9yp01k8crbngfhbzqwdg26jrr-initrd-link-units/40-eth1.link is applied to device based on potentially unpredictable interface name.
machine # [    3.047152] systemd-udevd[91]: Network interface NamePolicy= disabled on kernel command line.
machine # [    3.905156]  vdb: vdb1 vdb2
machine # [    3.910929] virtio_blk virtio7: 1/0/0 default/read/poll queues
machine # [    3.093590] systemd-udevd[85]: vtcon0: Process '/nix/store/m1safh1fssisd0f7brzi65y3g9qixf0j-systemd-stage-1-252.5/lib/systemd/systemd-vconsole-setup' failed with exit code 1.[    3.945867] virtio_blk virtio7: [vdc] 1048576 512-byte logical blocks (537 MB/512 MiB)
machine # 
machine # [    3.151049] systemd[1]: Found device /dev/vda.
machine # [    4.005111] usb 1-2: New USB device found, idVendor=0409, idProduct=55aa, bcdDevice= 1.01
machine # [    4.008593] usb 1-2: New USB device strings: Mfr=1, Product=2, SerialNumber=3
machine # [    4.011740] usb 1-2: Product: QEMU USB Hub
machine # [    4.013639] usb 1-2: Manufacturer: QEMU
machine # [    4.015464] usb 1-2: SerialNumber: 314159-0000:00:01.2-2
machine # [    3.180484] systemd[1]: Starting Make File System on /dev/vda...
machine # [    4.054859] hub 1-2:1.0: USB hub found
machine # [    4.058139] hub 1-2:1.0: 8 ports detected
machine # [    4.106415] hid: raw HID events driver (C) Jiri Kosina
machine # [    4.120197] usbcore: registered new interface driver usbhid
machine # [    4.122844] usbhid: USB HID core driver
machine # [    3.285017] systemd-makefs[110]: /dev/vda successfully formatted as ext4 (label "vda", uuid 6c1828d5-68ab-406e-8fb2-ea551e5f6a00)
machine # [    3.304925] systemd[1]: Finished Make File System on /dev/vda.
machine # [    3.318118] systemd[1]: Mounting /sysroot...[    4.163877] input: QEMU QEMU USB Tablet as /devices/pci0000:00/0000:00:01.2/usb1/1-1/1-1:1.0/0003:0627:0001.0001/input/input2
machine # 
machine # [    4.175693] hid-generic 0003:0627:0001.0001: input,hidraw0: USB HID v0.01 Mouse [QEMU QEMU USB Tablet] on usb-0000:00:01.2-1/input0
machine # [    4.264523] EXT4-fs (vda): mounted filesystem with ordered data mode. Quota mode: none.
machine # [    3.429480] systemd[1]: Mounted /sysroot.
machine # [    3.434136] systemd[1]: Reached target Initrd Root File System.
machine # [    3.442734] systemd[1]: Mounting /sysroot/nix/.ro-store...
machine # [    3.447948] systemd[1]: Mounting /sysroot/nix/.rw-store...
machine # [    3.456666] systemd[1]: Mounting /sysroot/tmp/shared...
machine # [    3.470376] systemd[1]: Mounting /sysroot/tmp/xchg...[    4.327919] FS-Cache: Loaded
machine # 
machine # [    3.493577] systemd[1]: Starting Mountpoints Configured in the Real Root...[    4.361114] usb 1-2.1: new full-speed USB device number 4 using uhci_hcd
machine # 
machine # [    3.534184] systemd[1]: Mounted /sysroot/nix/.rw-store.[    4.380441] 9p: Installing v9fs 9p2000 file system support
machine # 
machine # [    3.553056] systemd[1]: Starting rw-store.service...
machine # [    3.561326] systemd[1]: rw-store.service: Deactivated successfully.
machine # [    3.575354] systemd[1]: Finished rw-store.service.
machine # [    3.581997] systemd[1]: Mounted /sysroot/nix/.ro-store.
machine # [    3.585674] systemd[1]: Mounted /sysroot/tmp/shared.
machine # [    3.589095] systemd[1]: Mounted /sysroot/tmp/xchg.
machine # [    3.592456] systemd[1]: initrd-parse-etc.service: Deactivated successfully.
machine # [    3.596994] systemd[1]: Finished Mountpoints Configured in the Real Root.
machine # [    4.501177] usb 1-2.1: New USB device found, idVendor=20a0, idProduct=42d4, bcdDevice= 1.00
machine # [    4.504836] usb 1-2.1: New USB device strings: Mfr=1, Product=2, SerialNumber=3
machine # [    4.508137] usb 1-2.1: Product: CanoKey QEMU
machine # [    4.510150] usb 1-2.1: Manufacturer: canokeys.org
machine # [    4.512324] usb 1-2.1: SerialNumber: 00000000
machine # [    4.529170] hid-generic 0003:20A0:42D4.0002: hiddev96,hidraw1: USB HID v1.11 Device [canokeys.org CanoKey QEMU] on usb-0000:00:01.2-2.1/input0
machine # [    3.705661] systemd[1]: sys-devices-pci0000:00-0000:00:01.2-usb1-1\x2d2-1\x2d2.1.device: Failed to enqueue SYSTEMD_WANTS= job, ignoring: Unit smartcard.target not found.
machine # [    4.310251] systemd[1]: Mounting /sysroot/nix/store...
machine # [    4.331990] systemd[1]: Mounted /sysroot/nix/store.
machine # [    4.337992] systemd[1]: Reached target Initrd File Systems.
machine # [    4.342346] systemd[1]: Reached target Local File Systems.
machine # [    4.352111] systemd[1]: Starting Create Volatile Files and Directories...
machine # [    4.366254] systemd[1]: Finished Create Volatile Files and Directories.
machine # [    4.371419] systemd[1]: Reached target System Initialization.
machine # [    4.380927] systemd[1]: Reached target Basic System.
machine # [    4.389326] systemd[1]: System is tainted: var-run-bad
machine # [    4.396467] systemd[1]: Starting NixOS Activation...
machine # [    4.576587] initrd-nixos-activation-start[136]: booting system configuration /nix/store/68i53r7y2knh2rbxfivyp0nyx2g1y5pr-nixos-system-machine-23.05pre-git
machine # [    4.648291] initrd-nixos-activation-start[136]: running activation script...
machine # [    5.145285] initrd-nixos-activation-start[163]: setting up /etc...
machine # [    6.047308] systemd[1]: initrd-nixos-activation.service: Deactivated successfully.
machine # [    6.055138] systemd[1]: Finished NixOS Activation.
machine # [    6.063509] systemd[1]: Reached target Initrd Default Target.
machine # [    6.075539] systemd[1]: Starting Cleaning Up and Shutting Down Daemons...
machine # [    6.093010] systemd[1]: Stopped target Initrd Default Target.
machine # [    6.107578] systemd[1]: Stopped target Basic System.
machine # [    6.116561] systemd[1]: Stopped target Initrd Root Device.
machine # [    6.125577] systemd[1]: Stopped target Path Units.
machine # [    6.132438] systemd[1]: systemd-ask-password-console.path: Deactivated successfully.
machine # [    6.138731] systemd[1]: Stopped Dispatch Password Requests to Console Directory Watch.
machine # [    6.154505] systemd[1]: Stopped target Slice Units.
machine # [    6.165237] systemd[1]: Stopped target Socket Units.
machine # [    6.169687] systemd[1]: Stopped target System Initialization.
machine # [    6.179276] systemd[1]: Stopped target Swaps.
machine # [    6.191321] systemd[1]: Stopped target Timer Units.
machine # [    6.196941] systemd[1]: systemd-sysctl.service: Deactivated successfully.
machine # [    6.207043] systemd[1]: Stopped Apply Kernel Variables.
machine # [    6.213718] systemd[1]: systemd-modules-load.service: Deactivated successfully.
machine # [    6.222975] systemd[1]: Stopped Load Kernel Modules.
machine # [    6.230396] systemd[1]: systemd-tmpfiles-setup.service: Deactivated successfully.
machine # [    6.239655] systemd[1]: Stopped Create Volatile Files and Directories.
machine # [    6.248993] systemd[1]: Stopped target Local File Systems.
machine # [    6.255962] systemd[1]: systemd-udev-trigger.service: Deactivated successfully.
machine # [    6.263720] systemd[1]: Stopped Coldplug All udev Devices.
machine # [    6.270945] systemd[1]: Stopping Rule-based Manager for Device Events and Files...
machine # [    6.282437] systemd[1]: run-credentials-systemd\x2dtmpfiles\x2dsetup.service.mount: Deactivated successfully.
machine # [    6.292689] systemd[1]: run-credentials-systemd\x2dsysctl.service.mount: Deactivated successfully.
machine # [    6.302052] systemd[1]: initrd-cleanup.service: Deactivated successfully.
machine # [    6.309706] systemd[1]: Finished Cleaning Up and Shutting Down Daemons.
machine # [    6.317726] systemd[1]: systemd-udevd.service: Deactivated successfully.
machine # [    7.173414] systemd-journald[74]: Received SIGTERM from PID 1 (systemd).
machine # [    6.336613] systemd[1]: Stopped Rule-based Manager for Device Events and Files.
machine # [    6.345706] systemd[1]: systemd-udevd.service: Consumed 1.303s CPU time.
machine # [    6.354987] systemd[1]: systemd-udevd-control.socket: Deactivated successfully.
machine # [    6.363011] systemd[1]: Closed udev Control Socket.
machine # [    6.369294] systemd[1]: systemd-udevd-kernel.socket: Deactivated successfully.
machine # [    6.375001] systemd[1]: Closed udev Kernel Socket.
machine # [    6.379382] systemd[1]: Starting Cleanup udev Database...
machine # [    6.384017] systemd[1]: systemd-tmpfiles-setup-dev.service: Deactivated successfully.
machine # [    6.389416] systemd[1]: Stopped Create Static Device Nodes in /dev.
machine # [    6.394319] systemd[1]: kmod-static-nodes.service: Deactivated successfully.
machine # [    6.399360] systemd[1]: Stopped Create List of Static Device Nodes.
machine # [    6.404197] systemd[1]: run-credentials-systemd\x2dtmpfiles\x2dsetup\x2ddev.service.mount: Deactivated successfully.
machine # [    6.410928] systemd[1]: initrd-udevadm-cleanup-db.service: Deactivated successfully.
machine # [    6.416333] systemd[1]: Finished Cleanup udev Database.
machine # [    6.420594] systemd[1]: Reached target Switch Root.
machine # [    6.425022] systemd[1]: Starting Switch Root...
machine # [    6.429236] systemd[1]: Switching root.
machine # [    7.520454] systemd[1]: systemd 252.5 running in system mode (+PAM +AUDIT -SELINUX +APPARMOR +IMA +SMACK +SECCOMP +GCRYPT -GNUTLS +OPENSSL +ACL +BLKID +CURL +ELFUTILS +FIDO2 +IDN2 -IDN +IPTC +KMOD +LIBCRYPTSETUP +LIBFDISK +PCRE2 -PWQUALITY +P11KIT -QRENCODE +TPM2 +BZIP2 +LZ4 +XZ +ZLIB +ZSTD +BPF_FRAMEWORK -XKBCOMMON +UTMP -SYSVINIT default-hierarchy=unified)
machine # [    7.533465] systemd[1]: Detected virtualization kvm.
machine # [    7.535788] systemd[1]: Detected architecture x86-64.
machine # [    7.541692] systemd[1]: Initializing machine ID from random generator.
machine # [    7.577811] audit: type=1334 audit(1678109951.098:4): prog-id=8 op=LOAD
machine # [    7.580778] audit: type=1334 audit(1678109951.101:5): prog-id=8 op=UNLOAD
machine # [    7.584170] audit: type=1334 audit(1678109951.104:6): prog-id=9 op=LOAD
machine # [    7.587290] audit: type=1334 audit(1678109951.104:7): prog-id=9 op=UNLOAD
machine # [    7.603523] audit: type=1334 audit(1678109951.124:8): prog-id=10 op=LOAD
machine # [    7.606627] audit: type=1334 audit(1678109951.124:9): prog-id=10 op=UNLOAD
machine # [    7.609680] audit: type=1334 audit(1678109951.127:10): prog-id=11 op=LOAD
machine # [    7.612680] audit: type=1334 audit(1678109951.127:11): prog-id=11 op=UNLOAD
machine # [    7.621110] audit: type=1334 audit(1678109951.138:12): prog-id=12 op=LOAD
machine # [    7.628098] audit: type=1334 audit(1678109951.138:13): prog-id=12 op=UNLOAD
machine # [    7.905221] systemd[1]: bpf-lsm: LSM BPF program attached
machine # [    8.760157] systemd[1]: initrd-switch-root.service: Current command vanished from the unit file, execution of the command list won't be resumed.
machine # [    8.767279] systemd[1]: systemd-journald.service: Current command vanished from the unit file, execution of the command list won't be resumed.
machine # [    8.814819] systemd[1]: initrd-switch-root.service: Deactivated successfully.
machine # [    8.821809] systemd[1]: Stopped initrd-switch-root.service.
machine # [    8.827288] systemd[1]: systemd-journald.service: Scheduled restart job, restart counter is at 1.
machine # [    8.832365] systemd[1]: Created slice Slice /system/getty.
machine # [    8.836154] systemd[1]: Created slice Slice /system/modprobe.
machine # [    8.839869] systemd[1]: Created slice User and Session Slice.
machine # [    8.842833] systemd[1]: Started Dispatch Password Requests to Console Directory Watch.
machine # [    8.846706] systemd[1]: Started Forward Password Requests to Wall Directory Watch.
machine # [    8.850543] systemd[1]: Reached target Local Encrypted Volumes.
machine # [    8.853326] systemd[1]: Stopped target initrd-fs.target.
machine # [    8.855838] systemd[1]: Stopped target initrd-root-fs.target.
machine # [    8.858535] systemd[1]: Stopped target initrd-switch-root.target.
machine # [    8.861473] systemd[1]: Reached target Containers.
machine # [    8.863900] systemd[1]: Reached target Path Units.
machine # [    8.866366] systemd[1]: Reached target Remote File Systems.
machine # [    8.869303] systemd[1]: Reached target Slice Units.
machine # [    8.871766] systemd[1]: Reached target Swaps.
machine # [    8.879209] systemd[1]: Listening on Process Core Dump Socket.
machine # [    8.883176] systemd[1]: Listening on Userspace Out-Of-Memory (OOM) Killer Socket.
machine # [    8.888596] systemd[1]: Listening on udev Control Socket.
machine # [    8.891756] systemd[1]: Listening on udev Kernel Socket.
machine # [    8.899377] systemd[1]: Mounting Huge Pages File System...
machine # [    8.904843] systemd[1]: Mounting POSIX Message Queue File System...
machine # [    8.917407] systemd[1]: Mounting Kernel Debug File System...
machine # [    8.929262] systemd[1]: Starting Create List of Static Device Nodes...
machine # [    8.940180] systemd[1]: Starting Load Kernel Module configfs...
machine # [    8.952297] systemd[1]: Starting Load Kernel Module drm...
machine # [    8.968735] systemd[1]: Starting Load Kernel Module efi_pstore...
machine # [    8.985742] systemd[1]: Starting Load Kernel Module fuse...
machine # [    9.005187] systemd[1]: Starting mount-pstore.service...
machine # [    9.021161] systemd[1]: File System Check on Root Device was skipped because of an unmet condition check (ConditionPathIsReadWrite=!/).
machine # [    9.038917] systemd[1]: Stopped Journal Service.
machine # [    9.042184] fuse: init (API version 7.37)
machine # [    9.057579] pstore: Using crash dump compression: deflate
machine # [    9.060287] pstore: Registered efi as persistent store backend
machine # [    9.063488] systemd[1]: Starting Journal Service...
machine # [    9.070666] systemd[1]: systemd-makefs@dev-vda.service: Deactivated successfully.
machine # [    9.087494] systemd[1]: Stopped systemd-makefs@dev-vda.service.
machine # [    9.106562] systemd[1]: Starting Load Kernel Modules...
machine # [    9.114646] ACPI: bus type drm_connector registered
machine # [    9.125453] systemd[1]: Starting Remount Root and Kernel File Systems...
machine # [    9.151554] systemd[1]: Starting Coldplug All udev Devices...
machine # [    9.179414] systemd[1]: Mounted Huge Pages File System.
machine # [    9.196637] systemd[1]: Mounted POSIX Message Queue File System.
machine # [    9.205199] EXT4-fs (vda): re-mounted. Quota mode: none.
machine # [    9.215780] systemd[1]: Mounted Kernel Debug File System.
machine # [    9.238391] systemd[1]: Finished Create List of Static Device Nodes.
machine # [    9.251898] systemd[1]: modprobe@configfs.service: Deactivated successfully.
machine # [    9.266522] bridge: filtering via arp/ip/ip6tables is no longer available by default. Update your scripts to load br_netfilter if you need this.
machine # [    9.276317] systemd[1]: Finished Load Kernel Module configfs.
machine # [    9.288354] systemd[1]: modprobe@drm.service: Deactivated successfully.
machine # [    9.307353] systemd[1]: Finished Load Kernel Module drm.
machine # [    9.319881] systemd[1]: Started Journal Service.
machine # [    9.324190] tun: Universal TUN/TAP device driver, 1.6
machine # [    9.349243] loop: module loaded
machine # [    9.551743] systemd-journald[309]: Received client request to flush runtime journal.
machine # [    9.496459] systemd[1]: Queued start job for default target Multi-User System.
machine # [    9.513387] systemd[1]: systemd-journald.service: Deactivated successfully.
machine # [    9.532160] systemd-modules-load[310]: Inserted module 'bridge'
machine # [    9.546319] systemd-modules-load[310]: Inserted module 'macvlan'
machine # [    9.570694] systemd-modules-load[310]: Inserted module 'tap'
machine # [    9.594326] systemd-modules-load[310]: Inserted module 'tun'
machine # [    9.605477] systemd[1]: modprobe@efi_pstore.service: Deactivated successfully.
machine # [    9.621978] systemd[1]: Finished Load Kernel Module efi_pstore.
machine # [    9.641355] systemd[1]: modprobe@fuse.service: Deactivated successfully.
machine # [    9.656221] systemd-modules-load[310]: Inserted module 'loop'
machine # [    9.677429] systemd[1]: Finished Load Kernel Module fuse.
machine # [    9.699395] systemd[1]: Finished Remount Root and Kernel File Systems.
machine # [    9.729954] systemd[1]: Finished Load Kernel Modules.
machine # [    9.766081] systemd[1]: Mounting FUSE Control File System...
machine # [    9.796294] systemd[1]: Mounting Kernel Configuration File System...
machine # [    9.835315] systemd[1]: Starting Firewall...
machine # [    9.850189] systemd[1]: Starting Flush Journal to Persistent Storage...
machine # [    9.871116] systemd[1]: Starting Load/Save Random Seed...
machine # [    9.895297] systemd[1]: Starting Apply Kernel Variables...
machine # [    9.919932] systemd[1]: Starting Create Static Device Nodes in /dev...
machine # [    9.969435] systemd[1]: Finished Coldplug All udev Devices.
machine # [    9.985663] systemd[1]: Finished mount-pstore.service.
machine # [   10.006341] systemd[1]: Mounted FUSE Control File System.
machine # [   10.039072] systemd[1]: Mounted Kernel Configuration File System.
machine # [   10.061453] systemd[1]: Finished Load/Save Random Seed.
machine # [   10.098160] systemd[1]: Platform Persistent Storage Archival was skipped because of an unmet condition check (ConditionDirectoryNotEmpty=/sys/fs/pstore).
machine # [   10.163607] systemd[1]: Finished Apply Kernel Variables.
machine # [   10.189705] systemd[1]: Finished Create Static Device Nodes in /dev.
machine # [   10.232448] systemd[1]: Reached target Preparation for Local File Systems.
machine # [   10.256268] systemd[1]: Starting Rule-based Manager for Device Events and Files...
machine # [   10.299704] systemd-udevd[331]: Using default interface naming scheme 'v252'.
machine # [   10.326607] systemd[1]: Started Rule-based Manager for Device Events and Files.
machine # [   10.357282] systemd[1]: Finished Flush Journal to Persistent Storage.
machine # [   10.421361] systemd-udevd[342]: Network interface NamePolicy= disabled on kernel command line.
machine # connecting to host...
machine # [   10.509968] systemd[1]: Condition check resulted in /dev/vdb2 being skipped.[   11.375591] 8021q: 802.1Q VLAN Support v1.8
machine # 
machine: connected to guest root shell
machine: (connecting took 20.65 seconds)
(finished: waiting for the VM to finish booting, in 20.84 seconds)
machine # [   10.555666] dhcpcd[439]: dhcpcd-9.4.1 starting
machine # [   10.590569] j72arpq1dfn7q59irzji3xwljjdiq8vs-audit-disable[438]: No rules
machine # [   10.629495] systemd[1]: Mounting /boot...[   11.479522] mousedev: PS/2 mouse device common for all mice
machine # 
machine # [   10.654944] dhcpcd[447]: dev: loaded udev
machine # sh: cannot set terminal process group (-1): Inappropriate ioctl for device
machine # sh: no job control in this shell
machine # [   10.694204] systemd[1]: Condition check resulted in /dev/ttyS0 being skipped.
machine # [   10.744019] logrotate[442]: warning: logrotate in debug mode does nothing except printing debug messages!  Consider using verbose mode (-v) instead if this is not what you want.
machine # [   10.816220] logrotate[442]: reading config file /nix/store/ysgfy4413nrn23ddins98pcrk81bmzsy-logrotate.conf
machine # [   10.858516] logrotate[442]: note: 'monthly' overrides previously specified 'weekly'
machine # [   10.893080] logrotate[442]: Reading state from file: /var/lib/logrotate.status
machine # [   10.937510] logrotate[442]: state file /var/lib/logrotate.status does not exist
machine # [   10.958628] logrotate[442]: Allocating hash table for state file, size 64 entries
machine # [   10.996022] logrotate[442]: Handling 2 logs
machine # [   11.012333] logrotate[442]: rotating pattern: "/var/log/btmp"  monthly (1 rotations)
machine # [   11.034973] logrotate[442]: empty log files are not rotated, only log files >= 1048576 bytes are rotated, old logs are removed
machine # [   11.061289] logrotate[442]: considering log /var/log/btmp
machine # [   11.074562] logrotate[442]: Creating new state[   11.920782] cfg80211: Loading compiled-in X.509 certificates for regulatory database
machine # 
machine # [   11.087292] logrotate[442]:   Now: 2023-03-06 13:39
machine # [   11.107086] logrotate[442]:   Last rotated at 2023-03-06 13:00
machine # [   11.132624] logrotate[442]:   log does not need rotating (log has already been rotated)
machine # [   11.167123] logrotate[442]: rotating pattern: "/var/log/wtmp"  monthly (1 rotations)
machine # [   11.190723] logrotate[442]: empty log files are not rotated, only log files >= 1048576 bytes are rotated, old logs are removed[   12.044354] cfg80211: Loaded X.509 cert 'sforshee: 00b28ddf47aef9cea7'
machine # [   12.048747] platform regulatory.0: Direct firmware load for regulatory.db failed with error -2
machine # [   12.055453] cfg80211: failed to load regulatory.db
machine # 
machine # [   11.238220] logrotate[442]: considering log /var/log/wtmp
machine # [   11.259571] logrotate[442]: Creating new state[   12.109492] input: Power Button as /devices/LNXSYSTM:00/LNXPWRBN:00/input/input3
machine # 
machine # [   11.276514] logrotate[442]:   Now: 2023-03-06 13:39
machine # [   11.302638] logrotate[442]:   Last rotated at 2023-03-06 13:00
machine # [   11.324706] logrotate[442]:   log does not need rotating (log has already been rotated)[   12.175282] ACPI: button: Power Button [PWRF]
machine # 
machine # [   12.193440] 8021q: adding VLAN 0 to HW filter on device eth1
machine # [   11.378061] systemd-udevd[344]: eth1: Config file /etc/systemd/network/40-eth1.link is applied to device based on potentially unpredictable interface name.
machine # [   12.249557] 8021q: adding VLAN 0 to HW filter on device eth0
machine # [   11.415206] systemd-udevd[344]: Network interface NamePolicy= disabled on kernel command line.
machine # [   11.446466] nsncd[454]: Mar 06 13:39:14.964 INFO started, handoff_timeout: 3s, worker_count: 8, path: "/var/run/nscd/socket"
machine # [   11.473312] dhcpcd[447]: eth0: waiting for carrier
machine # [   11.483317] systemd[1]: Condition check resulted in /dev/hvc0 being skipped.
machine # [   12.343346] parport_pc 00:03: reported by Plug and Play ACPI
machine # [   11.504964] dhcpcd[447]: eth0: carrier acquired
machine # [   11.514653] systemd[1]: Mounted /boot.
machine # [   11.523658] dbus-daemon[476]: dbus[476]: Unknown username "systemd-timesync" in message bus configuration file[   12.379711] Floppy drive(s): fd0 is 2.88M AMI BIOS
machine # 
machine # [   12.385696] parport0: PC-style at 0x378, irq 7 [PCSPP(,...)]
machine # [   11.550067] dhcpcd[447]: DUID 00:01:00:01:2b:98:a9:83:52:54:00:12:34:56
machine # [   11.560709] systemd[1]: Reached target Local File Systems.
machine # [   11.574924] dhcpcd[447]: eth0: IAID 00:12:34:56[   12.424610] FDC 0 is a S82078B
machine # 
machine # [   11.587343] systemd[1]: Starting Create Volatile Files and Directories...
machine # [   11.597625] network-addresses-eth1-start[529]: adding address 192.168.1.1/24... done
machine # [   11.616352] dhcpcd[447]: eth0: adding address fe80::5054:ff:fe12:3456
machine # [   11.627657] systemd[1]: Finished Create Volatile Files and Directories.
machine # [   11.644279] systemd[1]: Starting Rebuild Journal Catalog...
machine # [   11.656359] nsncd[531]: Mar 06 13:39:15.732 INFO started, handoff_timeout: 3s, worker_count: 8, path: "/var/run/nscd/socket"
machine # [   11.675269] systemd[1]: Starting Userspace Out-Of-Memory (OOM) Killer...
machine # [   11.697581] systemd[1]: Starting Record System Boot/Shutdown in UTMP...
machine # [   11.718140] systemd[1]: Finished Record System Boot/Shutdown in UTMP.
machine # [   11.738202] systemd[1]: Condition check resulted in Virtio network device being skipped.
machine # [   11.753339] systemd[1]: Finished Rebuild Journal Catalog.
machine # [   12.608858] Linux agpgart interface v0.103
machine # [   11.769220] systemd[1]: Starting Update is Completed...
machine # [   11.784184] systemd[1]: Finished Update is Completed.
machine # [   11.794936] systemd[1]: Reached target System Initialization.
machine # [   11.804729] systemd[1]: Started logrotate.timer.
machine # [   11.810944] systemd[1]: Started Daily Cleanup of Temporary Directories.
machine # [   11.820979] systemd[1]: Reached target Timer Units.
machine # [   11.825731] systemd[1]: Listening on D-Bus System Message Bus Socket.
machine # [   11.835950] systemd[1]: Listening on Nix Daemon Socket.
machine # [   11.839451] systemd[1]: Reached target Socket Units.
machine # [   11.852937] systemd[1]: Reached target Basic System.
machine # [   11.859691] systemd[1]: Starting Kernel Auditing...
machine # [   11.867659] systemd[1]: Started backdoor.service.[   12.715766] piix4_smbus 0000:00:01.3: SMBus Host Controller at 0xb100, revision 0
machine # 
machine # [   11.876943] systemd[1]: Starting DHCP Client...
machine # [   11.883044] systemd[1]: Starting Logrotate configuration check...
machine # [   11.890320] systemd-oomd[422]: Swap is currently not detected; memory pressure usage will be degraded
machine # [   11.905477] systemd[1]: Starting Name Service Cache Daemon (nsncd)...
machine # [   11.912697] systemd[1]: Started Reset console on configuration changes.
machine # [   11.922954] systemd[1]: Starting resolvconf update...
machine # [   11.928943] systemd[1]: Started Userspace Out-Of-Memory (OOM) Killer.
machine # [   11.936733] systemd[1]: Finished Kernel Auditing.
machine # [   11.942943] systemd[1]: Finished Logrotate configuration check.
machine # [   11.950924] systemd[1]: Started Name Service Cache Daemon (nsncd).
machine # [   11.959938] systemd[1]: Reached target Host and Network Name Lookups.
machine # [   11.967945] systemd[1]: Reached target User and Group Name Lookups.
machine # [   11.977606] systemd[1]: Starting D-Bus System Message Bus...
machine # [   11.984507] systemd-udevd[389]: event_source: Failed to get device name: No such file or directory
machine # [   11.994562] systemd[1]: Starting User Login Management...
machine # [   12.001575] systemd[1]: Finished Firewall.
machine # [   12.006397] systemd[1]: Started D-Bus System Message Bus.
machine # [   12.017286] systemd-logind[480]: New seat seat0.
machine # [   12.024360] systemd[1]: Started User Login Management.
machine # [   12.030944] systemd[1]: Stopped target Host and Network Name Lookups.
machine # [   12.040953] systemd[1]: Stopping Host and Network Name Lookups...
machine # [   12.048936] systemd[1]: Stopped target User and Group Name Lookups.
machine # [   12.056945] systemd[1]: Stopping User and Group Name Lookups...[   12.903347] bochs-drm 0000:00:02.0: vgaarb: deactivate vga console
machine # 
machine # [   12.063657] systemd[1]: Stopping Name Service Cache Daemon (nsncd)...
machine # [   12.073302] systemd[1]: nscd.service: Deactivated successfully.
machine # [   12.079647] systemd[1]: Stopped Name Service Cache Daemon (nsncd).
machine # [   12.087687] systemd[1]: Finished resolvconf update.[   12.938458] [drm] Found bochs VGA, ID 0xb0c5.
machine # [   12.940494] [drm] Framebuffer size 16384 kB @ 0x80000000, mmio @ 0x8104c000.
machine # 
machine # [   12.102295] systemd[1]: Reached target Preparation for Network.
machine # [   12.107379] systemd[1]: Reached target All Network Interfaces (deprecated).
machine # [   12.114927] systemd[1]: Starting Address configuration of eth1...
machine # [   12.123998] systemd[1]: Starting Name Service Cache Daemon (nsncd)...
machine # [   12.133358] systemd[1]: Started Name Service Cache Daemon (nsncd).
machine # [   12.141958] systemd[1]: Reached target Host and Network Name Lookups.
machine # [   12.148667] systemd[1]: Reached target User and Group Name Lookups.
machine # [   12.155672] systemd[1]: Finished Address configuration of eth1.[   13.005847] input: QEMU Virtio Keyboard as /devices/pci0000:00/0000:00:0c.0/virtio9/input/input4
machine # 
machine # [   12.167662] systemd[1]: Starting Networking Setup...
machine # [   12.175973] systemd[1]: Finished Networking Setup.
machine # [   12.179298] systemd[1]: Starting Extra networking commands....
machine # [   12.187967] systemd[1]: Finished Extra networking commands..
machine # [   12.193929] systemd[1]: Reached target Network.
machine # [   12.201233] systemd[1]: Starting Permit User Sessions...
machine # [   12.208972] systemd[1]: Finished Permit User Sessions.
machine # [   12.215410] systemd[1]: Started Getty on tty1.[   13.065734] [drm] Found EDID data blob.
machine # 
machine # [   12.225598] systemd[1]: Reached target Login Prompts.
machine # [   12.230054] systemd[1]: Reached target Smart Card.
machine # [   13.084532] input: VirtualPS/2 VMware VMMouse as /devices/platform/i8042/serio1/input/input6
machine # [   13.093325] input: VirtualPS/2 VMware VMMouse as /devices/platform/i8042/serio1/input/input5
machine # [   13.108921] [drm] Initialized bochs-drm 1.0.0 20130925 for 0000:00:02.0 on minor 0
machine # [   13.127143] fbcon: bochs-drmdrmfb (fb0) is primary device
machine # [   13.127145] fbcon: Deferring console take-over
machine # [   13.144263] bochs-drm 0000:00:02.0: [drm] fb0: bochs-drmdrmfb frame buffer device
machine # [   12.299455] dhcpcd[447]: eth0: soliciting an IPv6 router
machine # [   13.156307] RAPL PMU: API unit is 2^-32 Joules, 0 fixed counters, 10737418240 ms ovfl timer
machine # [   13.181593] cryptd: max_cpu_qlen set to 1000
machine # [   13.271356] AVX2 version of gcm_enc/dec engaged.
machine # [   13.295614] AES CTR mode by8 optimization enabled
machine # [   12.521484] systemd[1]: Listening on Load/Save RF Kill Switch Status /dev/rfkill Watch.
machine # [   12.555205] systemd-logind[480]: Watching system buttons on /dev/input/event0 (AT Translated Set 2 keyboard)
machine # [   12.565976] dhcpcd[447]: eth0: soliciting a DHCP lease
machine # [   13.429836] NET: Registered PF_PACKET protocol family
machine # [   12.599280] dhcpcd[447]: eth0: offered 10.0.2.15 from 10.0.2.2
machine # [   12.606419] dhcpcd[447]: eth0: leased 10.0.2.15 for 86400 seconds
machine # [   12.619644] dhcpcd[447]: eth0: adding route to 10.0.2.0/24
machine # [   12.629363] dhcpcd[447]: eth0: adding default route via 10.0.2.2
machine # [   12.684629] systemd-logind[480]: Watching system buttons on /dev/input/event2 (Power Button)
machine # [   12.783475] systemd[1]: Stopped target Host and Network Name Lookups.
machine # [   12.791496] systemd[1]: Stopping Host and Network Name Lookups...
machine # [   12.810114] systemd[1]: Stopped target User and Group Name Lookups.
machine # [   12.827980] systemd[1]: Stopping User and Group Name Lookups...
machine # [   12.850070] systemd[1]: Stopping Name Service Cache Daemon (nsncd)...
machine # [   12.865422] systemd[1]: nscd.service: Deactivated successfully.
machine # [   12.891433] systemd[1]: Stopped Name Service Cache Daemon (nsncd).
machine # [   12.905286] systemd[1]: Starting Name Service Cache Daemon (nsncd)...
machine # [   12.919270] nsncd[693]: Mar 06 13:39:17.251 INFO started, handoff_timeout: 3s, worker_count: 8, path: "/var/run/nscd/socket"[   13.770666] ppdev: user-space parallel port driver
machine # 
machine # [   12.950437] systemd[1]: Started Name Service Cache Daemon (nsncd).
machine # [   13.812419] fbcon: Taking over console
machine # [   13.858215] Console: switching to colour frame buffer device 160x50
machine # [   12.989574] dhcpcd[439]: Failed to reload-or-try-restart ntpd.service: Unit ntpd.service not found.
machine # [   13.047402] dhcpcd[439]: Failed to reload-or-try-restart openntpd.service: Unit openntpd.service not found.
machine # [   13.057605] dhcpcd[439]: Failed to reload-or-try-restart chronyd.service: Unit chronyd.service not found.
machine # [   13.070572] systemd[1]: Reached target Host and Network Name Lookups.
machine # [   13.083312] dhcpcd[447]: eth0: Router Advertisement from fe80::2
machine # [   13.091270] systemd[1]: Reached target User and Group Name Lookups.
machine # [   13.098663] dhcpcd[447]: eth0: adding address fec0::5054:ff:fe12:3456/64
machine # [   13.109032] systemd[1]: Started DHCP Client.
machine # [   13.113728] dhcpcd[447]: eth0: adding route to fec0::/64
machine # [   13.121677] systemd[1]: Reached target Network is Online.
machine # [   13.128485] dhcpcd[447]: eth0: adding default route via fe80::2
machine # [   13.135659] systemd[1]: Reached target Multi-User System.
machine # [   13.142939] systemd[1]: Startup finished in 1.000s (kernel) + 5.565s (initrd) + 6.381s (userspace) = 12.948s.
machine # [   13.157109] systemd-logind[480]: Watching system buttons on /dev/input/event3 (QEMU Virtio Keyboard)
machine # [   14.350474] Key type encrypted registered
(finished: waiting for unit multi-user.target, in 23.83 seconds)
machine: must succeed: echo -n supersecret | cryptsetup luksFormat -q --iter-time=1 /dev/vdc -
machine # [   14.463838] EDAC MC: Ver: 3.0.0
(finished: must succeed: echo -n supersecret | cryptsetup luksFormat -q --iter-time=1 /dev/vdc -, in 2.26 seconds)
machine: must succeed: PASSWORD=supersecret SYSTEMD_LOG_LEVEL=debug systemd-cryptenroll --fido2-device=auto /dev/vdc |& systemd-cat
machine # [   16.213724] /nix/store/bg8f[746]: FIDO2 device implements extension: hmac-secret
machine # [   16.221344] /nix/store/bg8f[746]: FIDO2 device implements option rk: yes
machine # [   16.233237] /nix/store/bg8f[746]: FIDO2 device implements option clientPin: no
machine # [   16.242475] /nix/store/bg8f[746]: Has rk ('Resident Key') support: yes
machine # [   16.246444] /nix/store/bg8f[746]: Has clientPin support: no
machine # [   16.254451] /nix/store/bg8f[746]: Has up ('User Presence') support: yes
machine # [   16.262717] /nix/store/bg8f[746]: Has uv ('User Verification') support: no
machine # [   16.271478] /nix/store/bg8f[746]: Allocating context for crypt device /dev/vdc.
machine # [   16.280460] /nix/store/bg8f[746]: Trying to open and read device /dev/vdc with direct-io.
machine # [   16.288439] /nix/store/bg8f[746]: Initialising device-mapper backend library.
machine # [   16.296459] /nix/store/bg8f[746]: Trying to load LUKS2 crypt type from device /dev/vdc.
machine # [   16.305433] /nix/store/bg8f[746]: Crypto backend (OpenSSL 3.0.8 7 Feb 2023 [default][legacy]) initialized in cryptsetup library version 2.5.0.
machine # [   16.316434] /nix/store/bg8f[746]: Detected kernel Linux 6.1.15 x86_64.
machine # [   16.324433] /nix/store/bg8f[746]: Loading LUKS2 header (repair disabled).
machine # [   16.332698] /nix/store/bg8f[746]: Acquiring read lock for device /dev/vdc.
machine # [   16.340944] /nix/store/bg8f[746]: Opening lock resource file /run/cryptsetup/L_253:32
machine # [   16.349433] /nix/store/bg8f[746]: Verifying lock handle for /dev/vdc.
machine # [   16.357441] /nix/store/bg8f[746]: Device /dev/vdc READ lock taken.
machine # [   16.365443] /nix/store/bg8f[746]: Trying to read primary LUKS2 header at offset 0x0.
machine # [   16.370482] /nix/store/bg8f[746]: Opening locked device /dev/vdc
machine # [   16.378451] /nix/store/bg8f[746]: Verifying locked device handle (bdev)
machine # [   16.386438] /nix/store/bg8f[746]: LUKS2 header version 2 of size 16384 bytes, checksum sha256.
machine # [   16.396654] /nix/store/bg8f[746]: Checksum:5d85ef81999fb6cc788d753fcdf972fba106dc63d7595d31c12326d1ba79fc41 (on-disk)
machine # [   16.406447] /nix/store/bg8f[746]: Checksum:5d85ef81999fb6cc788d753fcdf972fba106dc63d7595d31c12326d1ba79fc41 (in-memory)
machine # [   16.416440] /nix/store/bg8f[746]: Trying to read secondary LUKS2 header at offset 0x4000.
machine # [   16.425440] /nix/store/bg8f[746]: Reusing open ro fd on device /dev/vdc
machine # [   16.433443] /nix/store/bg8f[746]: LUKS2 header version 2 of size 16384 bytes, checksum sha256.
machine # [   16.442465] /nix/store/bg8f[746]: Checksum:254010906de37b1dc974f08bf0f7bf3347906f0ac6d41ed0319b30a0e7b43d17 (on-disk)
machine # [   16.452437] /nix/store/bg8f[746]: Checksum:254010906de37b1dc974f08bf0f7bf3347906f0ac6d41ed0319b30a0e7b43d17 (in-memory)
machine # [   16.463450] /nix/store/bg8f[746]: Device size 536870912, offset 16777216.
machine # [   16.471462] /nix/store/bg8f[746]: Device /dev/vdc READ lock released.
machine # [   16.479461] /nix/store/bg8f[746]: Only 1 active CPUs detected, PBKDF threads decreased from 4 to 1.
machine # [   16.487478] /nix/store/bg8f[746]: Not enough physical memory detected, PBKDF max memory decreased from 1048576kB to 497728kB.
machine # [   16.498453] /nix/store/bg8f[746]: PBKDF argon2id, time_ms 2000 (iterations 0), max_memory_kb 497728, parallel_threads 1.
machine # [   16.509429] /nix/store/bg8f[746]: Requesting JSON for token 0.
machine # [   16.517150] /nix/store/bg8f[746]: Requesting JSON for token 1.
machine # [   16.525453] /nix/store/bg8f[746]: Requesting JSON for token 2.
machine # [   16.533437] /nix/store/bg8f[746]: Requesting JSON for token 3.
machine # [   16.537438] /nix/store/bg8f[746]: Requesting JSON for token 4.
machine # [   16.545436] /nix/store/bg8f[746]: Requesting JSON for token 5.
machine # [   16.553682] /nix/store/bg8f[746]: Requesting JSON for token 6.
machine # [   16.560436] /nix/store/bg8f[746]: Requesting JSON for token 7.
machine # [   16.568449] /nix/store/bg8f[746]: Requesting JSON for token 8.
machine # [   16.572441] /nix/store/bg8f[746]: Requesting JSON for token 9.
machine # [   16.580436] /nix/store/bg8f[746]: Requesting JSON for token 10.
machine # [   16.588434] /nix/store/bg8f[746]: Requesting JSON for token 11.
machine # [   16.592431] /nix/store/bg8f[746]: Requesting JSON for token 12.
machine # [   16.600437] /nix/store/bg8f[746]: Requesting JSON for token 13.
machine # [   16.608425] /nix/store/bg8f[746]: Requesting JSON for token 14.
machine # [   16.616428] /nix/store/bg8f[746]: Requesting JSON for token 15.
machine # [   16.621019] /nix/store/bg8f[746]: Requesting JSON for token 16.
machine # [   16.629428] /nix/store/bg8f[746]: Requesting JSON for token 17.
machine # [   16.637444] /nix/store/bg8f[746]: Requesting JSON for token 18.
machine # [   16.642069] /nix/store/bg8f[746]: Requesting JSON for token 19.
machine # [   16.650432] /nix/store/bg8f[746]: Requesting JSON for token 20.
machine # [   16.654444] /nix/store/bg8f[746]: Requesting JSON for token 21.
machine # [   16.662454] /nix/store/bg8f[746]: Requesting JSON for token 22.
machine # [   16.670459] /nix/store/bg8f[746]: Requesting JSON for token 23.
machine # [   16.678457] /nix/store/bg8f[746]: Requesting JSON for token 24.
machine # [   16.683019] /nix/store/bg8f[746]: Requesting JSON for token 25.
machine # [   16.691464] /nix/store/bg8f[746]: Requesting JSON for token 26.
machine # [   16.699461] /nix/store/bg8f[746]: Requesting JSON for token 27.
machine # [   16.704020] /nix/store/bg8f[746]: Requesting JSON for token 28.
machine # [   16.712460] /nix/store/bg8f[746]: Requesting JSON for token 29.
machine # [   16.720445] /nix/store/bg8f[746]: Requesting JSON for token 30.
machine # [   16.725059] /nix/store/bg8f[746]: Requesting JSON for token 31.
machine # [   16.733436] /nix/store/bg8f[746]: Keyslot 0 priority 1 != 2 (required), skipped.
machine # [   16.742502] /nix/store/bg8f[746]: Trying to open LUKS2 keyslot 0.
machine # [   16.747109] /nix/store/bg8f[746]: Running keyslot key derivation.
machine # [   16.763457] /nix/store/bg8f[746]: Reading keyslot area [0x8000].
machine # [   16.768628] /nix/store/bg8f[746]: Acquiring read lock for device /dev/vdc.
machine # [   16.776423] /nix/store/bg8f[746]: Opening lock resource file /run/cryptsetup/L_253:32
machine # [   16.785418] /nix/store/bg8f[746]: Verifying lock handle for /dev/vdc.
machine # [   16.792405] /nix/store/bg8f[746]: Device /dev/vdc READ lock taken.
machine # [   16.800405] /nix/store/bg8f[746]: Reusing open ro fd on device /dev/vdc
machine # [   16.808595] /nix/store/bg8f[746]: Device /dev/vdc READ lock released.
machine # [   16.816401] /nix/store/bg8f[746]: Verifying key from keyslot 0, digest 0.
machine # [   16.949564] /nix/store/bg8f[746]: FIDO2 device implements extension: hmac-secret
machine # [   16.954164] /nix/store/bg8f[746]: FIDO2 device implements option rk: yes
machine # [   16.958302] /nix/store/bg8f[746]: FIDO2 device implements option clientPin: no
machine # [   16.962672] /nix/store/bg8f[746]: Has rk ('Resident Key') support: yes
machine # [   16.966728] /nix/store/bg8f[746]: Has clientPin support: no
machine # [   16.970576] /nix/store/bg8f[746]: Has up ('User Presence') support: yes
machine # [   16.986040] /nix/store/bg8f[746]: Has uv ('User Verification') support: no
machine # [   16.990151] /nix/store/bg8f[746]: Requested to lock with PIN, but FIDO2 device /dev/hidraw1 does not support it, disabling.
machine # [   16.996094] /nix/store/bg8f[746]: Initializing FIDO2 credential on security token.
machine # [   17.001074] /nix/store/bg8f[746]: (Hint: This might require confirmation of user presence on security token.)
machine # [   17.051181] /nix/store/bg8f[746]: Generating secret key on FIDO2 security token.
machine # [   17.055708] /nix/store/bg8f[746]: In order to allow secret key generation, please confirm presence on security token.
machine # [   17.111062] /nix/store/bg8f[746]: PBKDF pbkdf2-sha512, time_ms 0 (iterations 1000).
machine # [   17.119451] /nix/store/bg8f[746]: Adding new keyslot -1 using volume key.
machine # [   17.128429] /nix/store/bg8f[746]: Adding new keyslot -1 with volume key assigned to a crypt segment.
machine # [   17.137434] /nix/store/bg8f[746]: Selected keyslot 1.
machine # [   17.188385] /nix/store/bg8f[746]: Keyslot 1 assigned to digest 0.
machine # [   17.193326] /nix/store/bg8f[746]: Trying to allocate LUKS2 keyslot 1.
machine # [   17.201436] /nix/store/bg8f[746]: Found area 290816 -> 548864
machine # [   17.209409] /nix/store/bg8f[746]: Reusing PBKDF values (no benchmark flag is set).
