Machine state will be reset. To keep it, pass --keep-vm-state
start all VLans
start vlan
running vlan (pid 7; ctl /build/vde1.ctl)
(finished: start all VLans, in 0.00 seconds)
run the VM test script
additionally exposed symbols:
    machine,
    vlan1,
    start_all, test_script, machines, vlans, driver, log, os, create_machine, subtest, run_tests, join_all, retry, serial_stdout_off, serial_stdout_on, polling_condition, Machine
machine: waiting for the X11 server
machine: waiting for the VM to finish booting
machine: starting vm
machine # Formatting '/build/vm-state-machine/machine.qcow2', fmt=qcow2 cluster_size=65536 extended_l2=off compression_type=zlib size=1073741824 lazy_refcounts=off refcount_bits=16
machine # Formatting 'empty0.qcow2', fmt=qcow2 cluster_size=65536 extended_l2=off compression_type=zlib size=536870912 lazy_refcounts=off refcount_bits=16
machine # Formatting 'empty1.qcow2', fmt=qcow2 cluster_size=65536 extended_l2=off compression_type=zlib size=536870912 lazy_refcounts=off refcount_bits=16
machine: QEMU running (pid 8)
machine # cSeaBIOS (version rel-1.16.1-0-g3208b098f51a-prebuilt.qemu.org)
machine # 
machine # 
machine # iPXE (http://ipxe.org) 00:03.0 CA00 PCI2.10 PnP PMM+3EFD0B80+3EF30B80 CA00
machine # Press Ctrl-B to configure iPXE (PCI 00:03.0)...
machine # 
machine # 
machine # 
machine # 
machine # iPXE (http://ipxe.org) 00:0B.0 CB00 PCI2.10 PnP PMM 3EFD0B80 3EF30B80 CB00
machine # Press Ctrl-B to configure iPXE (PCI 00:0B.0)...
machine # 
machine # 
machine # Booting from ROM...
machine # Probing EDD (edd=off to disable)... ok
machine # c[    0.000000] Linux version 6.1.15 (nixbld@localhost) (gcc (GCC) 12.2.0, GNU ld (GNU Binutils) 2.40) #1-NixOS SMP PREEMPT_DYNAMIC Fri Mar  3 10:52:25 UTC 2023
machine # [    0.000000] Command line: console=ttyS0 panic=1 boot.panic_on_fail clock=acpi_pm loglevel=7 net.ifnames=0 init=/nix/store/bj79dnv969vah7d7zw2cc3b0bxhll48v-nixos-system-machine-23.05pre-git/init regInfo=/nix/store/lcrlfny4jgar29if6v327vj1zl40py9x-closure-info/registration console=ttyS0
machine # [    0.000000] x86/fpu: Supporting XSAVE feature 0x001: 'x87 floating point registers'
machine # [    0.000000] x86/fpu: Supporting XSAVE feature 0x002: 'SSE registers'
machine # [    0.000000] x86/fpu: Supporting XSAVE feature 0x004: 'AVX registers'
machine # [    0.000000] x86/fpu: Supporting XSAVE feature 0x008: 'MPX bounds registers'
machine # [    0.000000] x86/fpu: Supporting XSAVE feature 0x010: 'MPX CSR'
machine # [    0.000000] x86/fpu: Supporting XSAVE feature 0x020: 'AVX-512 opmask'
machine # [    0.000000] x86/fpu: Supporting XSAVE feature 0x040: 'AVX-512 Hi256'
machine # [    0.000000] x86/fpu: Supporting XSAVE feature 0x080: 'AVX-512 ZMM_Hi256'
machine # [    0.000000] x86/fpu: xstate_offset[2]:  576, xstate_sizes[2]:  256
machine # [    0.000000] x86/fpu: xstate_offset[3]:  832, xstate_sizes[3]:   64
machine # [    0.000000] x86/fpu: xstate_offset[4]:  896, xstate_sizes[4]:   64
machine # [    0.000000] x86/fpu: xstate_offset[5]:  960, xstate_sizes[5]:   64
machine # [    0.000000] x86/fpu: xstate_offset[6]: 1024, xstate_sizes[6]:  512
machine # [    0.000000] x86/fpu: xstate_offset[7]: 1536, xstate_sizes[7]: 1024
machine # [    0.000000] x86/fpu: Enabled xstate features 0xff, context size is 2560 bytes, using 'compacted' format.
machine # [    0.000000] signal: max sigframe size: 3632
machine # [    0.000000] BIOS-provided physical RAM map:
machine # [    0.000000] BIOS-e820: [mem 0x0000000000000000-0x000000000009fbff] usable
machine # [    0.000000] BIOS-e820: [mem 0x000000000009fc00-0x000000000009ffff] reserved
machine # [    0.000000] BIOS-e820: [mem 0x00000000000f0000-0x00000000000fffff] reserved
machine # [    0.000000] BIOS-e820: [mem 0x0000000000100000-0x000000003ffd4fff] usable
machine # [    0.000000] BIOS-e820: [mem 0x000000003ffd5000-0x000000003fffffff] reserved
machine # [    0.000000] BIOS-e820: [mem 0x00000000feffc000-0x00000000feffffff] reserved
machine # [    0.000000] BIOS-e820: [mem 0x00000000fffc0000-0x00000000ffffffff] reserved
machine # [    0.000000] random: crng init done
machine # [    0.000000] NX (Execute Disable) protection: active
machine # [    0.000000] extended physical RAM map:
machine # [    0.000000] reserve setup_data: [mem 0x0000000000000000-0x000000000009fbff] usable
machine # [    0.000000] reserve setup_data: [mem 0x000000000009fc00-0x000000000009ffff] reserved
machine # [    0.000000] reserve setup_data: [mem 0x00000000000f0000-0x00000000000fffff] reserved
machine # [    0.000000] reserve setup_data: [mem 0x0000000000100000-0x00000000009379bf] usable
machine # [    0.000000] reserve setup_data: [mem 0x00000000009379c0-0x00000000009379cf] usable
machine # [    0.000000] reserve setup_data: [mem 0x00000000009379d0-0x000000003ffd4fff] usable
machine # [    0.000000] reserve setup_data: [mem 0x000000003ffd5000-0x000000003fffffff] reserved
machine # [    0.000000] reserve setup_data: [mem 0x00000000feffc000-0x00000000feffffff] reserved
machine # [    0.000000] reserve setup_data: [mem 0x00000000fffc0000-0x00000000ffffffff] reserved
machine # [    0.000000] SMBIOS 2.8 present.
machine # [    0.000000] DMI: QEMU Standard PC (i440FX + PIIX, 1996), BIOS rel-1.16.1-0-g3208b098f51a-prebuilt.qemu.org 04/01/2014
machine # [    0.000000] Hypervisor detected: KVM
machine # [    0.000000] kvm-clock: Using msrs 4b564d01 and 4b564d00
machine # [    0.000001] kvm-clock: using sched offset of 625485282 cycles
machine # [    0.000003] clocksource: kvm-clock: mask: 0xffffffffffffffff max_cycles: 0x1cd42e4dffb, max_idle_ns: 881590591483 ns
machine # [    0.000009] tsc: Detected 3311.998 MHz processor
machine # [    0.000732] last_pfn = 0x3ffd5 max_arch_pfn = 0x400000000
machine # [    0.001220] x86/PAT: Configuration [0-7]: WB  WC  UC- UC  WB  WP  UC- WT
machine # [    0.008111] found SMP MP-table at [mem 0x000f5ba0-0x000f5baf]
machine # [    0.008527] Using GB pages for direct mapping
machine # [    0.008871] RAMDISK: [mem 0x3f33f000-0x3ffcffff]
machine # [    0.008937] ACPI: Early table checksum verification disabled
machine # [    0.008984] ACPI: RSDP 0x00000000000F59C0 000014 (v00 BOCHS )
machine # [    0.009025] ACPI: RSDT 0x000000003FFE1AC6 000034 (v01 BOCHS  BXPC     00000001 BXPC 00000001)
machine # [    0.009036] ACPI: FACP 0x000000003FFE197A 000074 (v01 BOCHS  BXPC     00000001 BXPC 00000001)
machine # [    0.009041] ACPI: DSDT 0x000000003FFE0040 00193A (v01 BOCHS  BXPC     00000001 BXPC 00000001)
machine # [    0.009044] ACPI: FACS 0x000000003FFE0000 000040
machine # [    0.009047] ACPI: APIC 0x000000003FFE19EE 000078 (v01 BOCHS  BXPC     00000001 BXPC 00000001)
machine # [    0.009049] ACPI: HPET 0x000000003FFE1A66 000038 (v01 BOCHS  BXPC     00000001 BXPC 00000001)
machine # [    0.009052] ACPI: WAET 0x000000003FFE1A9E 000028 (v01 BOCHS  BXPC     00000001 BXPC 00000001)
machine # [    0.009054] ACPI: Reserving FACP table memory at [mem 0x3ffe197a-0x3ffe19ed]
machine # [    0.009055] ACPI: Reserving DSDT table memory at [mem 0x3ffe0040-0x3ffe1979]
machine # [    0.009056] ACPI: Reserving FACS table memory at [mem 0x3ffe0000-0x3ffe003f]
machine # [    0.009057] ACPI: Reserving APIC table memory at [mem 0x3ffe19ee-0x3ffe1a65]
machine # [    0.009057] ACPI: Reserving HPET table memory at [mem 0x3ffe1a66-0x3ffe1a9d]
machine # [    0.009058] ACPI: Reserving WAET table memory at [mem 0x3ffe1a9e-0x3ffe1ac5]
machine # [    0.011144] No NUMA configuration found
machine # [    0.011145] Faking a node at [mem 0x0000000000000000-0x000000003ffd4fff]
machine # [    0.011150] NODE_DATA(0) allocated [mem 0x3f339000-0x3f33efff]
machine # [    0.011188] Zone ranges:
machine # [    0.011188]   DMA      [mem 0x0000000000001000-0x0000000000ffffff]
machine # [    0.011190]   DMA32    [mem 0x0000000001000000-0x000000003ffd4fff]
machine # [    0.011191]   Normal   empty
machine # [    0.011191]   Device   empty
machine # [    0.011192] Movable zone start for each node
machine # [    0.011193] Early memory node ranges
machine # [    0.011193]   node   0: [mem 0x0000000000001000-0x000000000009efff]
machine # [    0.011196]   node   0: [mem 0x0000000000100000-0x000000003ffd4fff]
machine # [    0.011199] Initmem setup node 0 [mem 0x0000000000001000-0x000000003ffd4fff]
machine # [    0.011371] On node 0, zone DMA: 1 pages in unavailable ranges
machine # [    0.011386] On node 0, zone DMA: 97 pages in unavailable ranges
machine # [    0.013134] On node 0, zone DMA32: 43 pages in unavailable ranges
machine # [    0.017949] ACPI: PM-Timer IO Port: 0x608
machine # [    0.017988] ACPI: LAPIC_NMI (acpi_id[0xff] dfl dfl lint[0x1])
machine # [    0.018189] IOAPIC[0]: apic_id 0, version 17, address 0xfec00000, GSI 0-23
machine # [    0.018192] ACPI: INT_SRC_OVR (bus 0 bus_irq 0 global_irq 2 dfl dfl)
machine # [    0.018194] ACPI: INT_SRC_OVR (bus 0 bus_irq 5 global_irq 5 high level)
machine # [    0.018195] ACPI: INT_SRC_OVR (bus 0 bus_irq 9 global_irq 9 high level)
machine # [    0.018199] ACPI: INT_SRC_OVR (bus 0 bus_irq 10 global_irq 10 high level)
machine # [    0.018200] ACPI: INT_SRC_OVR (bus 0 bus_irq 11 global_irq 11 high level)
machine # [    0.018204] ACPI: Using ACPI (MADT) for SMP configuration information
machine # [    0.018205] ACPI: HPET id: 0x8086a201 base: 0xfed00000
machine # [    0.018211] TSC deadline timer available
machine # [    0.018212] smpboot: Allowing 1 CPUs, 0 hotplug CPUs
machine # [    0.018403] PM: hibernation: Registered nosave memory: [mem 0x00000000-0x00000fff]
machine # [    0.018405] PM: hibernation: Registered nosave memory: [mem 0x0009f000-0x0009ffff]
machine # [    0.018406] PM: hibernation: Registered nosave memory: [mem 0x000a0000-0x000effff]
machine # [    0.018406] PM: hibernation: Registered nosave memory: [mem 0x000f0000-0x000fffff]
machine # [    0.018407] PM: hibernation: Registered nosave memory: [mem 0x00937000-0x00937fff]
machine # [    0.018408] PM: hibernation: Registered nosave memory: [mem 0x00937000-0x00937fff]
machine # [    0.018410] [mem 0x40000000-0xfeffbfff] available for PCI devices
machine # [    0.018410] Booting paravirtualized kernel on KVM
machine # [    0.018424] clocksource: refined-jiffies: mask: 0xffffffff max_cycles: 0xffffffff, max_idle_ns: 1910969940391419 ns
machine # [    0.021437] setup_percpu: NR_CPUS:384 nr_cpumask_bits:1 nr_cpu_ids:1 nr_node_ids:1
machine # [    0.021715] percpu: Embedded 61 pages/cpu s212992 r8192 d28672 u2097152
machine # [    0.021874] kvm-guest: PV spinlocks disabled, single CPU
machine # [    0.021882] Fallback order for Node 0: 0
machine # [    0.021886] Built 1 zonelists, mobility grouping on.  Total pages: 257748
machine # [    0.021887] Policy zone: DMA32
machine # [    0.021888] Kernel command line: console=ttyS0 panic=1 boot.panic_on_fail clock=acpi_pm loglevel=7 net.ifnames=0 init=/nix/store/bj79dnv969vah7d7zw2cc3b0bxhll48v-nixos-system-machine-23.05pre-git/init regInfo=/nix/store/lcrlfny4jgar29if6v327vj1zl40py9x-closure-info/registration console=ttyS0
machine # [    0.021939] clocksource: clock= boot option is deprecated - use clocksource=xyz
machine # [    0.021970] Unknown kernel command line parameters "regInfo=/nix/store/lcrlfny4jgar29if6v327vj1zl40py9x-closure-info/registration", will be passed to user space.
machine # [    0.022028] Dentry cache hash table entries: 131072 (order: 8, 1048576 bytes, linear)
machine # [    0.022049] Inode-cache hash table entries: 65536 (order: 7, 524288 bytes, linear)
machine # [    0.022219] mem auto-init: stack:all(zero), heap alloc:off, heap free:off
machine # [    0.023776] Memory: 981128K/1048012K available (12294K kernel code, 2307K rwdata, 7532K rodata, 1876K init, 4344K bss, 66624K reserved, 0K cma-reserved)
machine # [    0.023884] SLUB: HWalign=64, Order=0-3, MinObjects=0, CPUs=1, Nodes=1
machine # [    0.023895] Kernel/User page tables isolation: enabled
machine # [    0.023914] ftrace: allocating 37041 entries in 145 pages
machine # [    0.032904] ftrace: allocated 145 pages with 3 groups
machine # [    0.033503] Dynamic Preempt: voluntary
machine # [    0.033664] rcu: Preemptible hierarchical RCU implementation.
machine # [    0.033665] rcu:   RCU event tracing is enabled.
machine # [    0.033665] rcu:   RCU restricting CPUs from NR_CPUS=384 to nr_cpu_ids=1.
machine # [    0.033666]        Trampoline variant of Tasks RCU enabled.
machine # [    0.033667]        Rude variant of Tasks RCU enabled.
machine # [    0.033667]        Tracing variant of Tasks RCU enabled.
machine # [    0.033668] rcu: RCU calculated value of scheduler-enlistment delay is 100 jiffies.
machine # [    0.033669] rcu: Adjusting geometry for rcu_fanout_leaf=16, nr_cpu_ids=1
machine # [    0.036530] NR_IRQS: 24832, nr_irqs: 256, preallocated irqs: 16
machine # [    0.036848] rcu: srcu_init: Setting srcu_struct sizes based on contention.
machine # [    0.068174] Console: colour VGA+ 80x25
machine # [    0.669467] printk: console [ttyS0] enabled
machine # [    0.672384] ACPI: Core revision 20220331
machine # [    0.675722] clocksource: hpet: mask: 0xffffffff max_cycles: 0xffffffff, max_idle_ns: 19112604467 ns
machine # [    0.682256] APIC: Switch to symmetric I/O mode setup
machine # [    0.687717] x2apic enabled
machine # [    0.691705] Switched APIC routing to physical x2apic.
machine # [    0.703025] ..TIMER: vector=0x30 apic1=0 pin1=2 apic2=-1 pin2=-1
machine # [    0.707335] clocksource: tsc-early: mask: 0xffffffffffffffff max_cycles: 0x2fbd924e8de, max_idle_ns: 440795321919 ns
machine # [    0.714514] Calibrating delay loop (skipped) preset value.. 6623.99 BogoMIPS (lpj=3311998)
machine # [    0.716513] pid_max: default: 32768 minimum: 301
machine # [    0.717536] LSM: Security Framework initializing
machine # [    0.718524] landlock: Up and running.
machine # [    0.719512] Yama: becoming mindful.
machine # [    0.720518] SELinux:  Initializing.
machine # [    0.721523] LSM support for eBPF active
machine # [    0.722689] Mount-cache hash table entries: 2048 (order: 2, 16384 bytes, linear)
machine # [    0.723514] Mountpoint-cache hash table entries: 2048 (order: 2, 16384 bytes, linear)
machine # [    0.726891] x86/cpu: User Mode Instruction Prevention (UMIP) activated
machine # [    0.729953] Last level iTLB entries: 4KB 0, 2MB 0, 4MB 0
machine # [    0.730512] Last level dTLB entries: 4KB 0, 2MB 0, 4MB 0, 1GB 0
machine # [    0.731556] Spectre V1 : Mitigation: usercopy/swapgs barriers and __user pointer sanitization
machine # [    0.732529] Spectre V2 : Mitigation: IBRS
machine # [    0.733512] Spectre V2 : Spectre v2 / SpectreRSB mitigation: Filling RSB on context switch
machine # [    0.734512] Spectre V2 : Spectre v2 / SpectreRSB : Filling RSB on VMEXIT
machine # [    0.735512] RETBleed: Mitigation: IBRS
machine # [    0.736516] Spectre V2 : mitigation: Enabling conditional Indirect Branch Prediction Barrier
machine # [    0.737513] Speculative Store Bypass: Mitigation: Speculative Store Bypass disabled via prctl
machine # [    0.738548] MDS: Mitigation: Clear CPU buffers
machine # [    0.739512] TAA: Mitigation: Clear CPU buffers
machine # [    0.740512] MMIO Stale Data: Vulnerable: Clear CPU buffers attempted, no microcode
machine # [    0.762588] Freeing SMP alternatives memory: 32K
machine # [    0.763882] smpboot: CPU0: Intel(R) Core(TM) i9-9940X CPU @ 3.30GHz (family: 0x6, model: 0x55, stepping: 0x4)
machine # [    0.764624] cblist_init_generic: Setting adjustable number of callback queues.
machine # [    0.765525] cblist_init_generic: Setting shift to 0 and lim to 1.
machine # [    0.766539] cblist_init_generic: Setting shift to 0 and lim to 1.
machine # [    0.767538] cblist_init_generic: Setting shift to 0 and lim to 1.
machine # [    0.768537] Performance Events: Skylake events, full-width counters, Intel PMU driver.
machine # [    0.769539] ... version:                2
machine # [    0.770525] ... bit width:              48
machine # [    0.771524] ... generic registers:      4
machine # [    0.772524] ... value mask:             0000ffffffffffff
machine # [    0.773524] ... max period:             00007fffffffffff
machine # [    0.774524] ... fixed-purpose events:   3
machine # [    0.775525] ... event mask:             000000070000000f
machine # [    0.776858] rcu: Hierarchical SRCU implementation.
machine # [    0.777525] rcu:   Max phase no-delay instances is 400.
machine # [    0.778832] smp: Bringing up secondary CPUs ...
machine # [    0.779526] smp: Brought up 1 node, 1 CPU
machine # [    0.780525] smpboot: Max logical packages: 1
machine # [    0.781525] smpboot: Total of 1 processors activated (6623.99 BogoMIPS)
machine # [    0.783231] devtmpfs: initialized
machine # [    0.783567] x86/mm: Memory block size: 128MB
machine # [    0.784796] clocksource: jiffies: mask: 0xffffffff max_cycles: 0xffffffff, max_idle_ns: 1911260446275000 ns
machine # [    0.785527] futex hash table entries: 256 (order: 2, 16384 bytes, linear)
machine # [    0.786553] pinctrl core: initialized pinctrl subsystem
machine # [    0.788085] NET: Registered PF_NETLINK/PF_ROUTE protocol family
machine # [    0.788629] DMA: preallocated 128 KiB GFP_KERNEL pool for atomic allocations
machine # [    0.789527] DMA: preallocated 128 KiB GFP_KERNEL|GFP_DMA pool for atomic allocations
machine # [    0.790526] DMA: preallocated 128 KiB GFP_KERNEL|GFP_DMA32 pool for atomic allocations
machine # [    0.791548] audit: initializing netlink subsys (disabled)
machine # [    0.792616] thermal_sys: Registered thermal governor 'bang_bang'
machine # [    0.792617] thermal_sys: Registered thermal governor 'step_wise'
machine # [    0.793525] thermal_sys: Registered thermal governor 'user_space'
machine # [    0.794545] audit: type=2000 audit(1678089340.999:1): state=initialized audit_enabled=0 res=1
machine # [    0.796533] cpuidle: using governor menu
machine # [    0.797656] acpiphp: ACPI Hot Plug PCI Controller Driver version: 0.5
machine # [    0.798970] PCI: Using configuration type 1 for base access
machine # [    0.800362] kprobes: kprobe jump-optimization is enabled. All kprobes are optimized if possible.
machine # [    0.818506] HugeTLB: registered 1.00 GiB page size, pre-allocated 0 pages
machine # [    0.818525] HugeTLB: 16380 KiB vmemmap can be freed for a 1.00 GiB page
machine # [    0.819525] HugeTLB: registered 2.00 MiB page size, pre-allocated 0 pages
machine # [    0.820524] HugeTLB: 28 KiB vmemmap can be freed for a 2.00 MiB page
machine # [    0.821750] ACPI: Added _OSI(Module Device)
machine # [    0.822525] ACPI: Added _OSI(Processor Device)
machine # [    0.823524] ACPI: Added _OSI(3.0 _SCP Extensions)
machine # [    0.824525] ACPI: Added _OSI(Processor Aggregator Device)
machine # [    0.826231] ACPI: 1 ACPI AML tables successfully acquired and loaded
machine # [    0.828477] ACPI: Interpreter enabled
machine # [    0.828538] ACPI: PM: (supports S0 S3 S4 S5)
machine # [    0.829525] ACPI: Using IOAPIC for interrupt routing
machine # [    0.830535] PCI: Using host bridge windows from ACPI; if necessary, use "pci=nocrs" and report a bug
machine # [    0.831524] PCI: Using E820 reservations for host bridge windows
machine # [    0.832705] ACPI: Enabled 2 GPEs in block 00 to 0F
machine # [    0.836382] ACPI: PCI Root Bridge [PCI0] (domain 0000 [bus 00-ff])
machine # [    0.836545] acpi PNP0A03:00: _OSC: OS supports [ASPM ClockPM Segments MSI HPX-Type3]
machine # [    0.837525] acpi PNP0A03:00: _OSC: not requesting OS control; OS requires [ExtendedConfig ASPM ClockPM MSI]
machine # [    0.838532] acpi PNP0A03:00: fail to add MMCONFIG information, can't access extended PCI configuration space under this bridge.
machine # [    0.839928] acpiphp: Slot [3] registered
machine # [    0.840591] acpiphp: Slot [4] registered
machine # [    0.841588] acpiphp: Slot [5] registered
machine # [    0.842587] acpiphp: Slot [6] registered
machine # [    0.843606] acpiphp: Slot [7] registered
machine # [    0.844593] acpiphp: Slot [8] registered
machine # [    0.845609] acpiphp: Slot [9] registered
machine # [    0.846604] acpiphp: Slot [10] registered
machine # [    0.847589] acpiphp: Slot [11] registered
machine # [    0.848603] acpiphp: Slot [12] registered
machine # [    0.849589] acpiphp: Slot [13] registered
machine # [    0.850590] acpiphp: Slot [14] registered
machine # [    0.851589] acpiphp: Slot [15] registered
machine # [    0.852588] acpiphp: Slot [16] registered
machine # [    0.853592] acpiphp: Slot [17] registered
machine # [    0.854586] acpiphp: Slot [18] registered
machine # [    0.855603] acpiphp: Slot [19] registered
machine # [    0.856602] acpiphp: Slot [20] registered
machine # [    0.857606] acpiphp: Slot [21] registered
machine # [    0.858589] acpiphp: Slot [22] registered
machine # [    0.859585] acpiphp: Slot [23] registered
machine # [    0.860639] acpiphp: Slot [24] registered
machine # [    0.861588] acpiphp: Slot [25] registered
machine # [    0.862589] acpiphp: Slot [26] registered
machine # [    0.863602] acpiphp: Slot [27] registered
machine # [    0.864590] acpiphp: Slot [28] registered
machine # [    0.865604] acpiphp: Slot [29] registered
machine # [    0.866588] acpiphp: Slot [30] registered
machine # [    0.867602] acpiphp: Slot [31] registered
machine # [    0.868596] PCI host bridge to bus 0000:00
machine # [    0.869525] pci_bus 0000:00: root bus resource [io  0x0000-0x0cf7 window]
machine # [    0.870525] pci_bus 0000:00: root bus resource [io  0x0d00-0xffff window]
machine # [    0.871524] pci_bus 0000:00: root bus resource [mem 0x000a0000-0x000bffff window]
machine # [    0.872524] pci_bus 0000:00: root bus resource [mem 0x40000000-0xfebfffff window]
machine # [    0.873525] pci_bus 0000:00: root bus resource [mem 0x100000000-0x17fffffff window]
machine # [    0.874525] pci_bus 0000:00: root bus resource [bus 00-ff]
machine # [    0.875768] pci 0000:00:00.0: [8086:1237] type 00 class 0x060000
machine # [    0.879748] pci 0000:00:01.0: [8086:7000] type 00 class 0x060100
machine # [    0.884797] pci 0000:00:01.1: [8086:7010] type 00 class 0x010180
machine # [    0.889841] pci 0000:00:01.1: reg 0x20: [io  0xc2e0-0xc2ef]
machine # [    0.892633] pci 0000:00:01.1: legacy IDE quirk: reg 0x10: [io  0x01f0-0x01f7]
machine # [    0.893541] pci 0000:00:01.1: legacy IDE quirk: reg 0x14: [io  0x03f6]
machine # [    0.894540] pci 0000:00:01.1: legacy IDE quirk: reg 0x18: [io  0x0170-0x0177]
machine # [    0.895524] pci 0000:00:01.1: legacy IDE quirk: reg 0x1c: [io  0x0376]
machine # [    0.897264] pci 0000:00:01.2: [8086:7020] type 00 class 0x0c0300
machine # [    0.901526] pci 0000:00:01.2: reg 0x20: [io  0xc200-0xc21f]
machine # [    0.904683] pci 0000:00:01.3: [8086:7113] type 00 class 0x068000
machine # [    0.908895] pci 0000:00:01.3: quirk: [io  0x0600-0x063f] claimed by PIIX4 ACPI
machine # [    0.909577] pci 0000:00:01.3: quirk: [io  0x0700-0x070f] claimed by PIIX4 SMB
machine # [    0.911744] pci 0000:00:02.0: [1234:1111] type 00 class 0x030000
machine # [    0.914314] pci 0000:00:02.0: reg 0x10: [mem 0xfd000000-0xfdffffff pref]
machine # [    0.917316] pci 0000:00:02.0: reg 0x18: [mem 0xfebd0000-0xfebd0fff]
machine # [    0.922565] pci 0000:00:02.0: reg 0x30: [mem 0xfebc0000-0xfebcffff pref]
machine # [    0.923909] pci 0000:00:02.0: Video device with shadowed ROM at [mem 0x000c0000-0x000dffff]
machine # [    0.926863] pci 0000:00:03.0: [1af4:1000] type 00 class 0x020000
machine # [    0.929069] pci 0000:00:03.0: reg 0x10: [io  0xc220-0xc23f]
machine # [    0.930526] pci 0000:00:03.0: reg 0x14: [mem 0xfebd1000-0xfebd1fff]
machine # [    0.935526] pci 0000:00:03.0: reg 0x20: [mem 0xfe000000-0xfe003fff 64bit pref]
machine # [    0.937526] pci 0000:00:03.0: reg 0x30: [mem 0xfeb40000-0xfeb7ffff pref]
machine # [    0.943468] pci 0000:00:04.0: [1af4:1005] type 00 class 0x00ff00
machine # [    0.945003] pci 0000:00:04.0: reg 0x10: [io  0xc240-0xc25f]
machine # [    0.946526] pci 0000:00:04.0: reg 0x14: [mem 0xfebd2000-0xfebd2fff]
machine # [    0.951403] pci 0000:00:04.0: reg 0x20: [mem 0xfe004000-0xfe007fff 64bit pref]
machine # [    0.957976] pci 0000:00:05.0: [1af4:1009] type 00 class 0x000200
machine # [    0.960000] pci 0000:00:05.0: reg 0x10: [io  0xc180-0xc1bf]
machine # [    0.961527] pci 0000:00:05.0: reg 0x14: [mem 0xfebd3000-0xfebd3fff]
machine # [    0.966343] pci 0000:00:05.0: reg 0x20: [mem 0xfe008000-0xfe00bfff 64bit pref]
machine # [    0.972999] pci 0000:00:06.0: [1af4:1009] type 00 class 0x000200
machine # [    0.975012] pci 0000:00:06.0: reg 0x10: [io  0xc260-0xc27f]
machine # [    0.976527] pci 0000:00:06.0: reg 0x14: [mem 0xfebd4000-0xfebd4fff]
machine # [    0.981307] pci 0000:00:06.0: reg 0x20: [mem 0xfe00c000-0xfe00ffff 64bit pref]
machine # [    0.988180] pci 0000:00:07.0: [1af4:1009] type 00 class 0x000200
machine # [    0.990013] pci 0000:00:07.0: reg 0x10: [io  0xc280-0xc29f]
machine # [    0.991527] pci 0000:00:07.0: reg 0x14: [mem 0xfebd5000-0xfebd5fff]
machine # [    0.996243] pci 0000:00:07.0: reg 0x20: [mem 0xfe010000-0xfe013fff 64bit pref]
machine # [    1.002719] pci 0000:00:08.0: [1af4:1001] type 00 class 0x010000
machine # [    1.005083] pci 0000:00:08.0: reg 0x10: [io  0xc000-0xc07f]
machine # [    1.006527] pci 0000:00:08.0: reg 0x14: [mem 0xfebd6000-0xfebd6fff]
machine # [    1.011111] pci 0000:00:08.0: reg 0x20: [mem 0xfe014000-0xfe017fff 64bit pref]
machine # [    1.017944] pci 0000:00:09.0: [1af4:1001] type 00 class 0x010000
machine # [    1.020088] pci 0000:00:09.0: reg 0x10: [io  0xc080-0xc0ff]
machine # [    1.021527] pci 0000:00:09.0: reg 0x14: [mem 0xfebd7000-0xfebd7fff]
machine # [    1.025526] pci 0000:00:09.0: reg 0x20: [mem 0xfe018000-0xfe01bfff 64bit pref]
machine # [    1.032347] pci 0000:00:0a.0: [1af4:1001] type 00 class 0x010000
machine # [    1.034038] pci 0000:00:0a.0: reg 0x10: [io  0xc100-0xc17f]
machine # [    1.035527] pci 0000:00:0a.0: reg 0x14: [mem 0xfebd8000-0xfebd8fff]
machine # [    1.039527] pci 0000:00:0a.0: reg 0x20: [mem 0xfe01c000-0xfe01ffff 64bit pref]
machine # [    1.046806] pci 0000:00:0b.0: [1af4:1000] type 00 class 0x020000
machine # [    1.048998] pci 0000:00:0b.0: reg 0x10: [io  0xc2a0-0xc2bf]
machine # [    1.050527] pci 0000:00:0b.0: reg 0x14: [mem 0xfebd9000-0xfebd9fff]
machine # [    1.054525] pci 0000:00:0b.0: reg 0x20: [mem 0xfe020000-0xfe023fff 64bit pref]
machine # [    1.056527] pci 0000:00:0b.0: reg 0x30: [mem 0xfeb80000-0xfebbffff pref]
machine # [    1.062868] pci 0000:00:0c.0: [1af4:1052] type 00 class 0x090000
machine # [    1.065390] pci 0000:00:0c.0: reg 0x14: [mem 0xfebda000-0xfebdafff]
machine # [    1.068075] pci 0000:00:0c.0: reg 0x20: [mem 0xfe024000-0xfe027fff 64bit pref]
machine # [    1.074322] pci 0000:00:0d.0: [1af4:1003] type 00 class 0x078000
machine # [    1.076125] pci 0000:00:0d.0: reg 0x10: [io  0xc1c0-0xc1ff]
machine # [    1.077526] pci 0000:00:0d.0: reg 0x14: [mem 0xfebdb000-0xfebdbfff]
machine # [    1.081527] pci 0000:00:0d.0: reg 0x20: [mem 0xfe028000-0xfe02bfff 64bit pref]
machine # [    1.088217] pci 0000:00:0e.0: [1af4:1005] type 00 class 0x00ff00
machine # [    1.090005] pci 0000:00:0e.0: reg 0x10: [io  0xc2c0-0xc2df]
machine # [    1.091527] pci 0000:00:0e.0: reg 0x14: [mem 0xfebdc000-0xfebdcfff]
machine # [    1.095526] pci 0000:00:0e.0: reg 0x20: [mem 0xfe02c000-0xfe02ffff 64bit pref]
machine # [    1.103039] ACPI: PCI: Interrupt link LNKA configured for IRQ 10
machine # [    1.103821] ACPI: PCI: Interrupt link LNKB configured for IRQ 10
machine # [    1.104827] ACPI: PCI: Interrupt link LNKC configured for IRQ 11
machine # [    1.105808] ACPI: PCI: Interrupt link LNKD configured for IRQ 11
machine # [    1.106678] ACPI: PCI: Interrupt link LNKS configured for IRQ 9
machine # [    1.107967] iommu: Default domain type: Translated
machine # [    1.108526] iommu: DMA domain TLB invalidation policy: lazy mode
machine # [    1.109981] NetLabel: Initializing
machine # [    1.110525] NetLabel:  domain hash size = 128
machine # [    1.111525] NetLabel:  protocols = UNLABELED CIPSOv4 CALIPSO
machine # [    1.112544] NetLabel:  unlabeled traffic allowed by default
machine # [    1.113531] PCI: Using ACPI for IRQ routing
machine # [    1.116674] pci 0000:00:02.0: vgaarb: setting as boot VGA device
machine # [    1.117511] pci 0000:00:02.0: vgaarb: bridge control possible
machine # [    1.117511] pci 0000:00:02.0: vgaarb: VGA device added: decodes=io+mem,owns=io+mem,locks=none
machine # [    1.117527] vgaarb: loaded
machine # [    1.118628] hpet0: at MMIO 0xfed00000, IRQs 2, 8, 0
machine # [    1.119525] hpet0: 3 comparators, 64-bit 100.000000 MHz counter
machine # [    1.124569] clocksource: Switched to clocksource kvm-clock
machine # [    1.136863] VFS: Disk quotas dquot_6.6.0
machine # [    1.139630] VFS: Dquot-cache hash table entries: 512 (order 0, 4096 bytes)
machine # [    1.144617] pnp: PnP ACPI init
machine # [    1.147360] pnp: PnP ACPI: found 6 devices
machine # [    1.156391] clocksource: acpi_pm: mask: 0xffffff max_cycles: 0xffffff, max_idle_ns: 2085701024 ns
machine # [    1.162270] clocksource: Switched to clocksource acpi_pm
machine # [    1.166113] NET: Registered PF_INET protocol family
machine # [    1.169851] IP idents hash table entries: 16384 (order: 5, 131072 bytes, linear)
machine # [    1.176322] tcp_listen_portaddr_hash hash table entries: 512 (order: 1, 8192 bytes, linear)
machine # [    1.182137] Table-perturb hash table entries: 65536 (order: 6, 262144 bytes, linear)
machine # [    1.187437] TCP established hash table entries: 8192 (order: 4, 65536 bytes, linear)
machine # [    1.192712] TCP bind hash table entries: 8192 (order: 6, 262144 bytes, linear)
machine # [    1.197735] TCP: Hash tables configured (established 8192 bind 8192)
machine # [    1.202345] MPTCP token hash table entries: 1024 (order: 2, 24576 bytes, linear)
machine # [    1.207452] UDP hash table entries: 512 (order: 2, 16384 bytes, linear)
machine # [    1.212137] UDP-Lite hash table entries: 512 (order: 2, 16384 bytes, linear)
machine # [    1.217170] NET: Registered PF_UNIX/PF_LOCAL protocol family
machine # [    1.221272] NET: Registered PF_XDP protocol family
machine # [    1.224810] pci_bus 0000:00: resource 4 [io  0x0000-0x0cf7 window]
machine # [    1.229171] pci_bus 0000:00: resource 5 [io  0x0d00-0xffff window]
machine # [    1.233741] pci_bus 0000:00: resource 6 [mem 0x000a0000-0x000bffff window]
machine # [    1.238497] pci_bus 0000:00: resource 7 [mem 0x40000000-0xfebfffff window]
machine # [    1.243312] pci_bus 0000:00: resource 8 [mem 0x100000000-0x17fffffff window]
machine # [    1.248270] pci 0000:00:01.0: PIIX3: Enabling Passive Release
machine # [    1.252380] pci 0000:00:00.0: Limiting direct PCI/PCI transfers
machine # [    1.279136] ACPI: \_SB_.LNKD: Enabled at IRQ 11
machine # [    1.306238] pci 0000:00:01.2: quirk_usb_early_handoff+0x0/0x750 took 48147 usecs
machine # [    1.312177] PCI: CLS 0 bytes, default 64
machine # [    1.315140] Trying to unpack rootfs image as initramfs...
machine # [    1.319012] clocksource: tsc: mask: 0xffffffffffffffff max_cycles: 0x2fbd924e8de, max_idle_ns: 440795321919 ns
machine # [    1.333027] Initialise system trusted keyrings
machine # [    1.342941] workingset: timestamp_bits=40 max_order=18 bucket_order=0
machine # [    1.352319] zbud: loaded
machine # [    1.357172] Key type asymmetric registered
machine # [    1.363875] Asymmetric key parser 'x509' registered
machine # [    1.408053] Freeing initrd memory: 12868K
machine # [    1.411338] alg: self-tests for CTR-KDF (hmac(sha256)) passed
machine # [    1.415332] Block layer SCSI generic (bsg) driver version 0.4 loaded (major 252)
machine # [    1.420701] io scheduler mq-deadline registered
machine # [    1.423970] io scheduler kyber registered
machine # [    1.427183] Serial: 8250/16550 driver, 4 ports, IRQ sharing enabled
machine # [    1.432262] 00:04: ttyS0 at I/O 0x3f8 (irq = 4, base_baud = 115200) is a 16550A
machine # [    1.438790] intel_pstate: CPU model not supported
machine # [    1.442223] drop_monitor: Initializing network drop monitor service
machine # [    1.456276] NET: Registered PF_INET6 protocol family
machine # [    1.460958] Segment Routing with IPv6
machine # [    1.463748] In-situ OAM (IOAM) with IPv6
machine # [    1.467058] IPI shorthand broadcast: enabled
machine # [    1.470266] registered taskstats version 1
machine # [    1.473318] Loading compiled-in X.509 certificates
machine # [    1.476908] zswap: loaded using pool lzo/zbud
machine # [    1.480299] Key type .fscrypt registered
machine # [    1.483261] Key type fscrypt-provisioning registered
machine # [    1.487892] Unstable clock detected, switching default tracing clock to "global"
machine # [    1.487892] If you want to keep using the local clock, then add:
machine # [    1.487892]   "trace_clock=local"
machine # [    1.487892] on the kernel command line
machine # [    1.504188] Freeing unused decrypted memory: 2036K
machine # [    1.507292] Freeing unused kernel image (initmem) memory: 1876K
machine # [    1.509983] Write protecting the kernel read-only data: 22528k
machine # [    1.514133] Freeing unused kernel image (text/rodata gap) memory: 2040K
machine # [    1.517145] Freeing unused kernel image (rodata/data gap) memory: 660K
machine # [    1.558666] x86/mm: Checked W+X mappings: passed, no W+X pages found.
machine # [    1.561446] x86/mm: Checking user space page tables
machine # [    1.600350] x86/mm: Checked W+X mappings: passed, no W+X pages found.
machine # [    1.603061] Run /init as init process
machine # 
machine # <<< NixOS Stage 1 >>>
machine # 
machine # loading module virtio_balloon...
machine # loading module virtio_console...
machine # loading module virtio_rng...
machine # loading module dm_mod...
machine # [    1.699154] device-mapper: ioctl: 4.47.0-ioctl (2022-07-28) initialised: dm-devel@redhat.com
machine # running udev...
machine # Starting systemd-udevd version 252.5
machine # [    1.791911] i8042: PNP: PS/2 Controller [PNP0303:KBD,PNP0f13:MOU] at 0x60,0x64 irq 1,12
machine # [    1.796981] rtc_cmos 00:05: RTC can wake from S4
machine # [    1.815790] rtc_cmos 00:05: registered as rtc0
machine # [    1.819493] serio: i8042 KBD port at 0x60,0x64 irq 1
machine # [    1.824971] rtc_cmos 00:05: alarms up to one day, y3k, 242 bytes nvram, hpet irqs
machine # [    1.829760] serio: i8042 AUX port at 0x60,0x64 irq 12
machine # [    1.912304] SCSI subsystem initialized
machine # [    1.935953] ACPI: bus type USB registered
machine # [    1.943696] usbcore: registered new interface driver usbfs
machine # [    1.952692] usbcore: registered new interface driver hub
machine # [    1.960687] usbcore: registered new device driver usb
machine # [    1.971985] ACPI: \_SB_.LNKC: Enabled at IRQ 10
machine # [    2.005693] scsi host0: ata_piix
machine # [    2.014691] scsi host1: ata_piix
machine # [    2.016413] ata1: PATA max MWDMA2 cmd 0x1f0 ctl 0x3f6 bmdma 0xc2e0 irq 14
machine # [    2.019365] ata2: PATA max MWDMA2 cmd 0x170 ctl 0x376 bmdma 0xc2e8 irq 15
machine # [    2.083452] uhci_hcd 0000:00:01.2: UHCI Host Controller
machine # [    2.085670] uhci_hcd 0000:00:01.2: new USB bus registered, assigned bus number 1
machine # [    2.093154] uhci_hcd 0000:00:01.2: detected 2 ports
machine # [    2.098242] uhci_hcd 0000:00:01.2: irq 11, io port 0x0000c200
machine # [    2.104510] usb usb1: New USB device found, idVendor=1d6b, idProduct=0001, bcdDevice= 6.01
machine # [    2.108202] usb usb1: New USB device strings: Mfr=3, Product=2, SerialNumber=1
machine # [    2.111399] usb usb1: Product: UHCI Host Controller
machine # [    2.113640] usb usb1: Manufacturer: Linux 6.1.15 uhci_hcd
machine # [    2.116091] usb usb1: SerialNumber: 0000:00:01.2
machine # [    2.133331] hub 1-0:1.0: USB hub found
machine # [    2.139709] hub 1-0:1.0: 2 ports detected
machine # [    2.149322] ACPI: \_SB_.LNKA: Enabled at IRQ 10
machine # [    2.180676] ata2: found unknown device (class 0)
machine # [    2.187334] ACPI: \_SB_.LNKB: Enabled at IRQ 11
machine # [    2.190846] ata2.00: ATAPI: QEMU DVD-ROM, 2.5+, max UDMA/100
machine # [    2.202785] scsi 1:0:0:0: CD-ROM            QEMU     QEMU DVD-ROM     2.5+ PQ: 0 ANSI: 5
machine # [    2.365675] usb 1-1: new full-speed USB device number 2 using uhci_hcd
machine # [    2.537673] usb 1-1: New USB device found, idVendor=0627, idProduct=0001, bcdDevice= 0.00
machine # [    2.541265] usb 1-1: New USB device strings: Mfr=1, Product=3, SerialNumber=10
machine # [    2.544427] usb 1-1: Product: QEMU USB Tablet
machine # [    2.546445] usb 1-1: Manufacturer: QEMU
machine # [    2.548234] usb 1-1: SerialNumber: 28754-0000:00:01.2-1
machine # [    2.594235] input: AT Translated Set 2 keyboard as /devices/platform/i8042/serio0/input/input0
machine # [    2.630345] virtio_blk virtio5: 1/0/0 default/read/poll queues
machine # [    2.649913] 9pnet: Installing 9P2000 support
machine # [    2.675474] virtio_blk virtio5: [vda] 2097152 512-byte logical blocks (1.07 GB/1.00 GiB)
machine # [    2.682121] sr 1:0:0:0: [sr0] scsi3-mmc drive: 4x/4x cd/rw xa/form2 tray
machine # [    2.685128] cdrom: Uniform CD-ROM driver Revision: 3.20
machine # [    2.709309] virtio_blk virtio6: 1/0/0 default/read/poll queues
machine # [    2.721902] hid: raw HID events driver (C) Jiri Kosina
machine # [    2.746452] virtio_blk virtio6: [vdb] 1048576 512-byte logical blocks (537 MB/512 MiB)
machine # [    2.766092] usbcore: registered new interface driver usbhid
machine # [    2.768800] usbhid: USB HID core driver
machine # [    2.772227] virtio_blk virtio7: 1/0/0 default/read/poll queues
machine # [    2.781788] input: QEMU QEMU USB Tablet as /devices/pci0000:00/0000:00:01.2/usb1/1-1/1-1:1.0/0003:0627:0001.0001/input/input2
machine # [    2.788863] virtio_blk virtio7: [vdc] 1048576 512-byte logical blocks (537 MB/512 MiB)
machine # [    2.792913] hid-generic 0003:0627:0001.0001: input,hidraw0: USB HID v0.01 Mouse [QEMU QEMU USB Tablet] on usb-0000:00:01.2-1/input0
machine # kbd_mode: KDSKBMODE: Inappropriate ioctl for device
machine # %Gstarting device mapper and LVM...
machine # mke2fs 1.46.5 (30-Dec-2021)
machine # Discarding device blocks: done         
machine # Creating filesystem with 262144 4k blocks and 65536 inodes
machine # Filesystem UUID: d3f8c4e9-969f-4c8f-b5c6-4cdce6e084d6
machine # Superblock backups stored on blocks:
machine #       32768, 98304, 163840, 229376
machine # 
machine # Allocating group tables: done
machine # Writing inode tables: done
machine # Creating journal (8192 blocks): done
machine # Writing superblocks and filesystem accounting information: done
machine # 
machine # checking /dev/vda...
machine # fsck (busybox 1.36.0)
machine # [fsck.ext4 (1) -- /mnt-root/] fsck.ext4 -a /dev/vda
machine # /dev/vda: clean, 11/65536 files, 12955/262144 blocks
machine # mounting /dev/vda on /...
machine # [    3.334249] EXT4-fs (vda): mounted filesystem with ordered data mode. Quota mode: none.
machine # mounting nix-store on /nix/.ro-store...
machine # [    3.363175] FS-Cache: Loaded
machine # [    3.373369] 9p: Installing v9fs 9p2000 file system support
machine # mounting tmpfs on /nix/.rw-store...
machine # mounting shared on /tmp/shared...
machine # mounting xchg on /tmp/xchg...
machine # mounting overlay filesystem on /nix/store...
machine # 
machine # <<< NixOS Stage 2 >>>
machine # 
machine # [    3.637765] EXT4-fs (vda): re-mounted. Quota mode: none.
machine # [    3.642112] booting system configuration /nix/store/bj79dnv969vah7d7zw2cc3b0bxhll48v-nixos-system-machine-23.05pre-git
machine # running activation script...
machine # setting up /etc...
machine # starting systemd...
machine # [    5.864468] systemd[1]: Inserted module 'autofs4'
machine # [    5.920472] systemd[1]: systemd 252.5 running in system mode (+PAM +AUDIT -SELINUX +APPARMOR +IMA +SMACK +SECCOMP +GCRYPT -GNUTLS +OPENSSL +ACL +BLKID +CURL +ELFUTILS +FIDO2 +IDN2 -IDN +IPTC +KMOD +LIBCRYPTSETUP +LIBFDISK +PCRE2 -PWQUALITY +P11KIT -QRENCODE +TPM2 +BZIP2 +LZ4 +XZ +ZLIB +ZSTD +BPF_FRAMEWORK -XKBCOMMON +UTMP -SYSVINIT default-hierarchy=unified)
machine # [    5.933888] systemd[1]: Detected virtualization kvm.
machine # [    5.936183] systemd[1]: Detected architecture x86-64.
machine # [    5.943028] systemd[1]: Initializing machine ID from random generator.
machine # [    6.251317] systemd[1]: bpf-lsm: LSM BPF program attached
machine # [    7.152182] systemd[1]: Queued start job for default target Graphical Interface.
machine # [    7.165027] systemd[1]: Created slice Slice /system/getty.
machine # [    7.168811] systemd[1]: Created slice Slice /system/modprobe.
machine # [    7.172506] systemd[1]: Created slice User and Session Slice.
machine # [    7.175463] systemd[1]: Started Dispatch Password Requests to Console Directory Watch.
machine # [    7.179227] systemd[1]: Started Forward Password Requests to Wall Directory Watch.
machine # [    7.183776] systemd[1]: Reached target Local Encrypted Volumes.
machine # [    7.186860] systemd[1]: Reached target Containers.
machine # [    7.189335] systemd[1]: Reached target Path Units.
machine # [    7.191929] systemd[1]: Reached target Remote File Systems.
machine # [    7.194821] systemd[1]: Reached target Slice Units.
machine # [    7.197328] systemd[1]: Reached target Swaps.
machine # [    7.204976] systemd[1]: Listening on Process Core Dump Socket.
machine # [    7.208909] systemd[1]: Listening on Journal Audit Socket.
machine # [    7.211989] systemd[1]: Listening on Journal Socket (/dev/log).
machine # [    7.215058] systemd[1]: Listening on Journal Socket.
machine # [    7.218722] systemd[1]: Listening on Userspace Out-Of-Memory (OOM) Killer Socket.
machine # [    7.224723] systemd[1]: Listening on udev Control Socket.
machine # [    7.227881] systemd[1]: Listening on udev Kernel Socket.
machine # [    7.234995] systemd[1]: Mounting Huge Pages File System...
machine # [    7.242014] systemd[1]: Mounting POSIX Message Queue File System...
machine # [    7.254966] systemd[1]: Mounting Kernel Debug File System...
machine # [    7.266863] systemd[1]: Starting Create List of Static Device Nodes...
machine # [    7.277847] systemd[1]: Starting Load Kernel Module configfs...
machine # [    7.288387] systemd[1]: Starting Load Kernel Module drm...
machine # [    7.305312] systemd[1]: Starting Load Kernel Module efi_pstore...
machine # [    7.323254] systemd[1]: Starting Load Kernel Module fuse...
machine # [    7.339352] systemd[1]: Starting mount-pstore.service...
machine # [    7.349135] systemd[1]: File System Check on Root Device was skipped because of an unmet condition check (ConditionPathIsReadWrite=!/).
machine # [    7.365904] fuse: init (API version 7.37)
machine # [    7.378992] systemd[1]: Starting Journal Service...
machine # [    7.395230] systemd[1]: Starting Load Kernel Modules...
machine # [    7.414127] systemd[1]: Starting Remount Root and Kernel File Systems...
machine # [    7.447277] systemd[1]: Starting Coldplug All udev Devices...
machine # [    7.493379] systemd[1]: Mounted Huge Pages File System.
machine # [    7.507291] systemd[1]: Mounted POSIX Message Queue File System.
machine # [    7.516363] ACPI: bus type drm_connector registered
machine # [    7.525747] EXT4-fs (vda): re-mounted. Quota mode: none.
machine # [    7.532399] systemd[1]: Mounted Kernel Debug File System.
machine # [    7.557976] systemd[1]: Finished Create List of Static Device Nodes.
machine # [    7.571762] audit: type=1130 audit(1678089348.438:2): pid=1 uid=0 auid=4294967295 ses=4294967295 subj=kernel msg='unit=kmod-static-nodes comm="systemd" exe="/nix/store/d1h33vvfagj7bhg0b8dw3p5nifghb01q-systemd-252.5/lib/systemd/systemd" hostname=? addr=? terminal=? res=success'
machine # [    7.584945] systemd[1]: modprobe@configfs.service: Deactivated successfully.
machine # [    7.589786] bridge: filtering via arp/ip/ip6tables is no longer available by default. Update your scripts to load br_netfilter if you need this.
machine # [    7.603911] systemd[1]: Finished Load Kernel Module configfs.
machine # [    7.612869] audit: type=1130 audit(1678089348.479:3): pid=1 uid=0 auid=4294967295 ses=4294967295 subj=kernel msg='unit=modprobe@configfs comm="systemd" exe="/nix/store/d1h33vvfagj7bhg0b8dw3p5nifghb01q-systemd-252.5/lib/systemd/systemd" hostname=? addr=? terminal=? res=success'
machine # [    7.628046] systemd[1]: modprobe@drm.service: Deactivated successfully.
machine # [    7.648423] systemd[1]: Finished Load Kernel Module drm.
machine # [    7.653916] tun: Universal TUN/TAP device driver, 1.6
machine # [    7.661766] audit: type=1131 audit(1678089348.489:4): pid=1 uid=0 auid=4294967295 ses=4294967295 subj=kernel msg='unit=modprobe@configfs comm="systemd" exe="/nix/store/d1h33vvfagj7bhg0b8dw3p5nifghb01q-systemd-252.5/lib/systemd/systemd" hostname=? addr=? terminal=? res=success'
machine # [    7.672298] systemd[1]: modprobe@efi_pstore.service: Deactivated successfully.
machine # [    7.688827] loop: module loaded
machine # [    7.693933] systemd[1]: Finished Load Kernel Module efi_pstore.
machine # [    7.707475] systemd[1]: modprobe@fuse.service: Deactivated successfully.
machine # [    7.711959] audit: type=1130 audit(1678089348.525:5): pid=1 uid=0 auid=4294967295 ses=4294967295 subj=kernel msg='unit=modprobe@drm comm="systemd" exe="/nix/store/d1h33vvfagj7bhg0b8dw3p5nifghb01q-systemd-252.5/lib/systemd/systemd" hostname=? addr=? terminal=? res=success'
machine # [    7.732412] systemd[1]: Finished Load Kernel Module fuse.
machine # [    7.753334] audit: type=1131 audit(1678089348.525:6): pid=1 uid=0 auid=4294967295 ses=4294967295 subj=kernel msg='unit=modprobe@drm comm="systemd" exe="/nix/store/d1h33vvfagj7bhg0b8dw3p5nifghb01q-systemd-252.5/lib/systemd/systemd" hostname=? addr=? terminal=? res=success'
machine # [    7.766894] systemd[1]: Finished Load Kernel Modules.
machine # [    7.788124] systemd[1]: Finished Remount Root and Kernel File Systems.
machine # [    7.805810] audit: type=1130 audit(1678089348.568:7): pid=1 uid=0 auid=4294967295 ses=4294967295 subj=kernel msg='unit=modprobe@efi_pstore comm="systemd" exe="/nix/store/d1h33vvfagj7bhg0b8dw3p5nifghb01q-systemd-252.5/lib/systemd/systemd" hostname=? addr=? terminal=? res=success'
machine # [    7.834964] systemd[1]: Mounting FUSE Control File System...
machine # [    7.847505] audit: type=1131 audit(1678089348.570:8): pid=1 uid=0 auid=4294967295 ses=4294967295 subj=kernel msg='unit=modprobe@efi_pstore comm="systemd" exe="/nix/store/d1h33vvfagj7bhg0b8dw3p5nifghb01q-systemd-252.5/lib/systemd/systemd" hostname=? addr=? terminal=? res=success'
machine # [    7.863274] systemd[1]: Mounting Kernel Configuration File System...
machine # [    7.880820] audit: type=1130 audit(1678089348.607:9): pid=1 uid=0 auid=4294967295 ses=4294967295 subj=kernel msg='unit=modprobe@fuse comm="systemd" exe="/nix/store/d1h33vvfagj7bhg0b8dw3p5nifghb01q-systemd-252.5/lib/systemd/systemd" hostname=? addr=? terminal=? res=success'
machine # [    7.894484] systemd[1]: Starting Firewall...
machine # [    7.912842] systemd[1]: Starting Load/Save Random Seed...
machine # [    7.924360] audit: type=1131 audit(1678089348.607:10): pid=1 uid=0 auid=4294967295 ses=4294967295 subj=kernel msg='unit=modprobe@fuse comm="systemd" exe="/nix/store/d1h33vvfagj7bhg0b8dw3p5nifghb01q-systemd-252.5/lib/systemd/systemd" hostname=? addr=? terminal=? res=success'
machine # [    7.953860] systemd[1]: Starting Apply Kernel Variables...
machine # [    7.976362] systemd[1]: Starting Create Static Device Nodes in /dev...
machine # [    7.993843] audit: type=1130 audit(1678089348.643:11): pid=1 uid=0 auid=4294967295 ses=4294967295 subj=kernel msg='unit=systemd-modules-load comm="systemd" exe="/nix/store/d1h33vvfagj7bhg0b8dw3p5nifghb01q-systemd-252.5/lib/systemd/systemd" hostname=? addr=? terminal=? res=success'
machine # [    8.036106] systemd[1]: Finished Coldplug All udev Devices.
machine # [    8.053007] systemd[1]: Mounted FUSE Control File System.
machine # [    8.070123] systemd[1]: Mounted Kernel Configuration File System.
machine # [    8.098226] systemd[1]: Finished Load/Save Random Seed.
machine # [    8.120139] systemd[1]: Finished Apply Kernel Variables.
machine # [    8.143120] systemd[1]: Finished Create Static Device Nodes in /dev.
machine # [    8.158267] systemd[1]: Reached target Preparation for Local File Systems.
machine # [    8.180042] systemd[1]: Starting Rule-based Manager for Device Events and Files...
machine # [    8.349866] systemd[1]: Started Rule-based Manager for Device Events and Files.
machine # [    8.368489] systemd[1]: Started Journal Service.
machine # [    8.450048] systemd-journald[473]: Received client request to flush runtime journal.
machine # [    7.894735] systemd-modules-load[474]: Inserted module 'bridge'
machine # [    7.920253] systemd-modules-load[474]: Inserted module 'macvlan'
machine # [    7.935522] systemd-modules-load[474]: Inserted module 'tap'
machine # [    7.950658] systemd-modules-load[474]: Inserted module 'tun'
machine # [    7.963750] systemd-modules-load[474]: Inserted module 'loop'
machine # [    7.979228] systemd-udevd[503]: Using default interface naming scheme 'v252'.
machine # [    7.994434] systemd[1]: Starting Flush Journal to Persistent Storage...
machine # [    8.026263] systemd[1]: Finished Flush Journal to Persistent Storage.
machine # [    8.422261] systemd[1]: Found device /dev/vdb.
machine # [    8.434625] systemd[1]: Starting Initialisation of Filesystem /dev/vdb...
machine # [    8.499375] mkfs-dev-vdb-start[587]: creating ext2 filesystem on /dev/vdb...
machine # [    8.528855] systemd[1]: Found device /dev/ttyS0.
machine # [    8.554465] mkfs-dev-vdb-start[593]: mke2fs 1.46.5 (30-Dec-2021)
machine # [    8.569688] mkfs-dev-vdb-start[593]: Discarding device blocks: done         
machine # [    8.598370] mkfs-dev-vdb-start[593]: Creating filesystem with 131072 4k blocks and 32768 inodes
machine # [    8.616383] mkfs-dev-vdb-start[593]: Filesystem UUID: 43f0c55d-0f3b-4571-9b6c-616c8dafa6c9
machine # [    8.646594] mkfs-dev-vdb-start[593]: Superblock backups stored on blocks:
machine # [    8.666395] mkfs-dev-vdb-start[593]:       32768, 98304
machine # [    8.681653] mkfs-dev-vdb-start[593]: Allocating group tables: done[    9.362124] ext2 filesystem being mounted at /test-x-initrd-mount supports timestamps until 2038 (0x7fffffff)
machine # 
machine # [    8.774849] mkfs-dev-vdb-start[593]: Writing inode tables: done
machine # [    8.796631] mkfs-dev-vdb-start[593]: Writing superblocks and filesystem accounting information: done
machine # [    8.819544] systemd[1]: Found device /dev/hvc0.
machine # [    8.841562] systemd-udevd[578]: Network interface NamePolicy= disabled on kernel command line.
machine # [    8.877506] systemd-udevd[573]: eth1: Config file /etc/systemd/network/40-eth1.link is applied to device based on potentially unpredictable interface name.
machine # [    8.957583] systemd-udevd[573]: Network interface NamePolicy= disabled on kernel command line.
machine # [    8.994095] systemd[1]: mkfs-dev-vdb.service: Deactivated successfully.
machine # [    9.047718] systemd[1]: Finished Initialisation of Filesystem /dev/vdb.
machine # [    9.076187] f4xrzmq3i4d8ywd9vz5c0kafbb83b1jq-mount-pstore.sh[479]: Persistent Storage backend was not registered in time.
machine # [    9.120356] systemd[1]: Mounting /test-x-initrd-mount...
machine # [    9.143344] systemd[1]: Mounted /test-x-initrd-mount.
machine # [    9.163716] systemd[1]: Reached target Local File Systems.
machine # [    9.210850] systemd[1]: Starting Create Volatile Files and Directories...
machine # [    9.280578] systemd[1]: Finished Create Volatile Files and Directories.
machine # connecting to host...
machine # [    9.349454] systemd[1]: Starting Rebuild Journal Catalog...[   10.033384] 8021q: 802.1Q VLAN Support v1.8
machine # 
machine # [    9.389083] dhcpcd[648]: dhcpcd-9.4.1 starting
machine: connected to guest root shell
machine: (connecting took 11.41 seconds)
(finished: waiting for the VM to finish booting, in 11.51 seconds)
machine # [    9.431779] systemd[1]: Starting Userspace Out-Of-Memory (OOM) Killer...
machine # [    9.468592] dhcpcd[654]: dev: loaded udev
machine # [    9.492633] j72arpq1dfn7q59irzji3xwljjdiq8vs-audit-disable[647]: No rules
machine # sh: cannot set terminal process group (-1): Inappropriate ioctl for device
machine # sh: no job control in this shell
machine # [    9.531202] systemd[1]: Starting Record System Boot/Shutdown in UTMP...
machine # [    9.566450] systemd[1]: Finished mount-pstore.service.
machine # [    9.594822] logrotate[651]: warning: logrotate in debug mode does nothing except printing debug messages!  Consider using verbose mode (-v) instead if this is not what you want.
machine # [    9.652851] logrotate[651]: reading config file /nix/store/ysgfy4413nrn23ddins98pcrk81bmzsy-logrotate.conf
machine # [    9.709329] logrotate[651]: note: 'monthly' overrides previously specified 'weekly'
machine # [    9.748451] logrotate[651]: Reading state from file: /var/lib/logrotate.status
machine # [    9.798645] logrotate[651]: state file /var/lib/logrotate.status does not exist[   10.476292] mousedev: PS/2 mouse device common for all mice
machine # 
machine # [    9.835414] logrotate[651]: Allocating hash table for state file, size 64 entries
machine # [    9.876621] logrotate[651]: Handling 2 logs
machine # [    9.901666] logrotate[651]: rotating pattern: "/var/log/btmp"  monthly (1 rotations)
machine # [    9.939850] logrotate[651]: empty log files are not rotated, only log files >= 1048576 bytes are rotated, old logs are removed[   10.628300] cfg80211: Loading compiled-in X.509 certificates for regulatory database
machine # 
machine # [    9.992692] logrotate[651]: considering log /var/log/btmp
machine # [   10.025370] logrotate[651]: Creating new state
machine # [   10.050709] logrotate[651]:   Now: 2023-03-06 07:55
machine # [   10.069669] logrotate[651]:   Last rotated at 2023-03-06 07:00
machine # [   10.090236] logrotate[651]:   log does not need rotating (log has already been rotated)[   10.766412] cfg80211: Loaded X.509 cert 'sforshee: 00b28ddf47aef9cea7'
machine # [   10.771174] platform regulatory.0: Direct firmware load for regulatory.db failed with error -2
machine # [   10.779751] cfg80211: failed to load regulatory.db
machine # 
machine # [   10.123548] logrotate[651]: rotating pattern: "/var/log/wtmp"  monthly (1 rotations)
machine # [   10.142634] logrotate[651]: empty log files are not rotated, only log files >= 1048576 bytes are rotated, old logs are removed
machine # [   10.173853] logrotate[651]: considering log /var/log/wtmp
machine # [   10.195657] logrotate[651]: Creating new state
machine # [   10.209647] logrotate[651]:   Now: 2023-03-06 07:55
machine # [   10.238173] logrotate[651]:   Last rotated at 2023-03-06 07:00
machine # [   10.259672] logrotate[651]:   log does not need rotating (log has already been rotated)
machine # [   10.973914] 8021q: adding VLAN 0 to HW filter on device eth0
machine # [   10.306646] systemd[1]: Finished Record System Boot/Shutdown in UTMP.[   10.988886] 8021q: adding VLAN 0 to HW filter on device eth1
machine # 
machine # [   10.337479] dbus-daemon[699]: [system] Successfully activated service 'org.freedesktop.systemd1'
machine # [   10.380303] systemd[1]: Finished Rebuild Journal Catalog.
machine # [   10.391206] dbus-daemon[699]: [system] Activating via systemd: service name='org.freedesktop.PolicyKit1' unit='polkit.service' requested by ':1.3' (uid=0 pid=693 comm="/nix/store/2iajach3ncaghbjprjbza74mc88xirzf-accoun" label="kernel")[   11.082375] input: Power Button as /devices/LNXSYSTM:00/LNXPWRBN:00/input/input3
machine # 
machine # [   10.434313] nsncd[661]: Mar 06 07:55:50.992 INFO started, handoff_timeout: 3s, worker_count: 8, path: "/var/run/nscd/socket"[   11.114924] ACPI: button: Power Button [PWRF]
machine # 
machine # [   10.455251] systemd[1]: Platform Persistent Storage Archival was skipped because of an unmet condition check (ConditionDirectoryNotEmpty=/sys/fs/pstore).
machine # [   10.477429] polkitd[748]: Started polkitd version 122
machine # [   10.494662] systemd[1]: Starting Update is Completed...
machine # [   10.504483] dhcpcd[654]: eth0: waiting for carrier
machine # [   10.520285] systemd[1]: Found device Virtio network device.
machine # [   10.533109] dhcpcd[654]: eth0: carrier acquired
machine # [   10.544087] systemd[1]: Finished Update is Completed.
machine # [   10.556335] polkitd[748]: Loading rules from directory /etc/polkit-1/rules.d
machine # [   11.240163] parport_pc 00:03: reported by Plug and Play ACPI
machine # [   10.574437] dbus-daemon[699]: dbus[699]: Unknown username "systemd-timesync" in message bus configuration file[   11.256093] Floppy drive(s): fd0 is 2.88M AMI BIOS
machine # 
machine # [   10.594316] systemd[1]: Reached target System Initialization.[   11.268280] parport0: PC-style at 0x378, irq 7 [PCSPP(,...)]
machine # 
machine # [   10.605694] polkitd[748]: Loading rules from directory /run/current-system/sw/share/polkit-1/rules.d[   11.289378] FDC 0 is a S82078B
machine # 
machine # [   10.630551] systemd[1]: Started logrotate.timer.
machine # [   10.642231] polkitd[748]: Finished loading, compiling and executing 3 rules
machine # [   10.653787] systemd-oomd[627]: Swap is currently not detected; memory pressure usage will be degraded
machine # [   10.682592] dbus-daemon[699]: [system] Successfully activated service 'org.freedesktop.PolicyKit1'
machine # [   10.699246] nsncd[719]: Mar 06 07:55:51.622 INFO started, handoff_timeout: 3s, worker_count: 8, path: "/var/run/nscd/socket"
machine # [   10.725859] network-addresses-eth1-start[745]: adding address 192.168.1.1/24... done
machine # [   10.742373] systemd[1]: Started oncalendar-test.timer.
machine # [   10.751480] polkitd[748]: Acquired the name org.freedesktop.PolicyKit1 on the system bus
machine # [   10.773343] systemd[1]: Started Daily Cleanup of Temporary Directories.
machine # [   10.789417] accounts-daemon[693]: started daemon version 22.08.8
machine # [   10.815193] systemd[1]: Reached target Timer Units.
machine # [   10.830534] dhcpcd[654]: DUID 00:01:00:01:2b:98:59:07:52:54:00:12:34:56
machine # [   10.847595] systemd[1]: Listening on D-Bus System Message Bus Socket.
machine # [   10.860540] dhcpcd[654]: eth0: IAID 00:12:34:56
machine # [   10.875443] systemd[1]: Listening on Nix Daemon Socket.
machine # [   10.889232] dhcpcd[654]: eth0: adding address fe80::5054:ff:fe12:3456
machine # [   10.910336] systemd[1]: Reached target Socket Units.
machine # [   10.919347] dhcpcd[654]: eth0: soliciting an IPv6 router
machine # [   10.937802] systemd[1]: Reached target Basic System.
machine # [   10.954644] systemd[1]: Starting Kernel Auditing...
machine # [   10.965844] systemd[1]: Started backdoor.service.
machine # [   10.976669] systemd[1]: Starting DHCP Client...[   11.658117] Linux agpgart interface v0.103
machine # 
machine # [   10.994750] systemd[1]: Starting Logrotate configuration check...
machine # [   11.017097] systemd[1]: Starting Name Service Cache Daemon (nsncd)...
machine # [   11.034133] systemd[1]: Started Reset console on configuration changes.
machine # [   11.046666] systemd[1]: Starting resolvconf update...
machine # [   11.056570] systemd[1]: Starting Test Service 1...
machine # [   11.071410] systemd[1]: Started Userspace Out-Of-Memory (OOM) Killer.
machine # [   11.081826] systemd[1]: Finished Firewall.[   11.760283] piix4_smbus 0000:00:01.3: SMBus Host Controller at 0x700, revision 0
machine # 
machine # [   11.096253] systemd[1]: Finished Kernel Auditing.
machine # [   11.103096] systemd[1]: Started Name Service Cache Daemon (nsncd).
machine # [   11.117636] systemd[1]: Finished Logrotate configuration check.
machine # [   11.128385] systemd[1]: testservice1.service: Deactivated successfully.
machine # [   11.137126] systemd[1]: Finished Test Service 1.
machine # [   11.143600] systemd[1]: Reached target Host and Network Name Lookups.
machine # [   11.153167] systemd[1]: Reached target User and Group Name Lookups.
machine # [   11.159100] systemd[1]: Starting Accounts Service...
machine # [   11.168081] systemd[1]: Starting D-Bus System Message Bus...
machine # [   11.177088] systemd[1]: Starting User Login Management...
machine # [   11.185154] systemd-udevd[522]: event_source: Failed to get device name: No such file or directory
machine # [   11.195146] systemd[1]: Stopped target Host and Network Name Lookups.
machine # [   11.203663] systemd[1]: Stopping Host and Network Name Lookups...
machine # [   11.212386] systemd[1]: Stopped target User and Group Name Lookups.
machine # [   11.220116] systemd[1]: Stopping User and Group Name Lookups...
machine # [   11.227825] systemd[1]: Stopping Name Service Cache Daemon (nsncd)...
machine # [   11.235800] systemd[1]: nscd.service: Deactivated successfully.
machine # [   11.242812] systemd[1]: Stopped Name Service Cache Daemon (nsncd).[   11.918124] input: QEMU Virtio Keyboard as /devices/pci0000:00/0000:00:0c.0/virtio9/input/input4
machine # 
machine # [   11.252105] systemd[1]: Starting Name Service Cache Daemon (nsncd)...
machine # [   11.261132] systemd-logind[702]: New seat seat0.
machine # [   11.268497] systemd[1]: Started D-Bus System Message Bus.
machine # [   11.278315] systemd[1]: Started User Login Management.
machine # [   11.284092] systemd[1]: Finished resolvconf update.
machine # [   11.291577] systemd[1]: Started Name Service Cache Daemon (nsncd).[   11.969083] input: VirtualPS/2 VMware VMMouse as /devices/platform/i8042/serio1/input/input6
machine # 
machine # [   11.308269] systemd[1]: Reached target Preparation for Network.[   11.982050] input: VirtualPS/2 VMware VMMouse as /devices/platform/i8042/serio1/input/input5
machine # 
machine # [   11.320416] systemd[1]: Reached target All Network Interfaces (deprecated).
machine # [   11.329262] systemd[1]: Reached target Host and Network Name Lookups.
machine # [   11.338190] systemd[1]: Reached target User and Group Name Lookups.
machine # [   11.346787] systemd[1]: Starting Address configuration of eth1...
machine # [   11.354100] systemd[1]: Starting Authorization Manager...
machine # [   11.362087] systemd[1]: Started Authorization Manager.
machine # [   11.369073] systemd[1]: Started Accounts Service.
machine # [   11.375857] systemd[1]: Finished Address configuration of eth1.
machine # [   11.383837] systemd[1]: Starting Networking Setup...[   12.061321] bochs-drm 0000:00:02.0: vgaarb: deactivate vga console
machine # 
machine # [   11.395091] systemd[1]: Finished Networking Setup.
machine # [   11.400295] systemd[1]: Starting Extra networking commands....
machine # [   11.408104] systemd[1]: Finished Extra networking commands..
machine # [   12.108516] RAPL PMU: API unit is 2^-32 Joules, 0 fixed counters, 10737418240 ms ovfl timer
machine # [   12.117760] cryptd: max_cpu_qlen set to 1000
machine # [   12.140348] AVX2 version of gcm_enc/dec engaged.
machine # [   12.140367] AES CTR mode by8 optimization enabled
machine # [   12.144354] Console: switching to colour dummy device 80x25
machine # [   11.426533] systemd[1]: Reached target Network.
machine # [   11.554398] systemd[1]: Starting Permit User Sessions...[   12.228198] [drm] Found bochs VGA, ID 0xb0c5.
machine # [   12.230219] [drm] Framebuffer size 16384 kB @ 0xfd000000, mmio @ 0xfebd0000.
machine # 
machine # [   11.565525] systemd[1]: Finished Permit User Sessions.
machine # [   11.572074] systemd[1]: Starting X11 Server...
machine # [   11.578842] systemd[1]: Started Getty on tty1.
machine # [   11.596283] systemd[1]: Reached target Login Prompts.
machine # [   11.602534] systemd[1]: Started X11 Server.
machine # [   11.610127] systemd[1]: Listening on Load/Save RF Kill Switch Status /dev/rfkill Watch.
machine # [   12.340015] [drm] Found EDID data blob.
machine # [   11.693181] systemd-logind[702]: Watching system buttons on /dev/input/event0 (AT Translated Set 2 keyboard)
machine # [   12.383432] [drm] Initialized bochs-drm 1.0.0 20130925 for 0000:00:02.0 on minor 0
machine # [   11.739750] systemd-logind[702]: Watching system buttons on /dev/input/event2 (Power Button)
machine # [   12.418374] fbcon: bochs-drmdrmfb (fb0) is primary device
machine # [   12.505879] Console: switching to colour frame buffer device 160x50
machine # [   12.517015] ppdev: user-space parallel port driver
machine # [   12.550473] bochs-drm 0000:00:02.0: [drm] fb0: bochs-drmdrmfb frame buffer device
machine # [   11.886704] dhcpcd[654]: eth0: soliciting a DHCP lease
machine # [   12.587806] NET: Registered PF_PACKET protocol family
machine # [   11.926385] dhcpcd[654]: eth0: offered 10.0.2.15 from 10.0.2.2
machine # [   11.933407] dhcpcd[654]: eth0: leased 10.0.2.15 for 86400 seconds
machine # [   11.947491] dhcpcd[654]: eth0: adding route to 10.0.2.0/24
machine # [   11.957370] dhcpcd[654]: eth0: adding default route via 10.0.2.2
machine # [   11.968806] systemd-logind[702]: Watching system buttons on /dev/input/event3 (QEMU Virtio Keyboard)
machine # [   12.136414] systemd[1]: Stopped target Host and Network Name Lookups.
machine # [   12.153210] systemd[1]: Stopping Host and Network Name Lookups...
machine # [   12.178803] systemd[1]: Stopped target User and Group Name Lookups.
machine # [   12.208578] systemd[1]: Stopping User and Group Name Lookups...
machine # [   12.238646] systemd[1]: Stopping Name Service Cache Daemon (nsncd)...
machine # [   12.267416] systemd[1]: nscd.service: Deactivated successfully.
machine # [   12.282763] systemd[1]: Stopped Name Service Cache Daemon (nsncd).
machine # [   12.313488] systemd[1]: Starting Name Service Cache Daemon (nsncd)...
machine # [   12.333669] nsncd[919]: Mar 06 07:55:53.840 INFO started, handoff_timeout: 3s, worker_count: 8, path: "/var/run/nscd/socket"
machine # [   12.375821] systemd[1]: Started Name Service Cache Daemon (nsncd).
machine # [   12.415531] dhcpcd[648]: Failed to reload-or-try-restart ntpd.service: Unit ntpd.service not found.
machine # [   12.444715] dhcpcd[648]: Failed to reload-or-try-restart openntpd.service: Unit openntpd.service not found.
machine # [   12.461687] dhcpcd[648]: Failed to reload-or-try-restart chronyd.service: Unit chronyd.service not found.
machine # [   12.477743] systemd[1]: Reached target Host and Network Name Lookups.
machine # [   12.489297] dhcpcd[654]: eth0: Router Advertisement from fe80::2
machine # [   12.500767] systemd[1]: Reached target User and Group Name Lookups.
machine # [   12.511186] dhcpcd[654]: eth0: adding address fec0::5054:ff:fe12:3456/64
machine # [   12.524495] systemd[1]: Started DHCP Client.
machine # [   12.534575] dhcpcd[654]: eth0: adding route to fec0::/64
machine # [   12.547138] systemd[1]: Reached target Network is Online.
machine # [   12.557440] dhcpcd[654]: eth0: adding default route via fe80::2
machine # [   12.568208] systemd[1]: Reached target Multi-User System.
machine # [   12.583593] systemd[1]: Reached target Graphical Interface.
machine # [   12.593867] systemd[1]: Startup finished in 5.150s (kernel) + 7.255s (userspace) = 12.405s.
machine # [   13.607106] Key type encrypted registered
machine # [   13.748807] EDAC MC: Ver: 3.0.0
machine # [   13.757725] lightdm[981]: pam_succeed_if(lightdm-autologin:auth): no condition detected; module succeeded
machine # [   13.848856] lightdm[981]: pam_unix(lightdm-autologin:session): session opened for user alice(uid=1000) by (uid=0)
machine # [   13.906673] systemd-logind[702]: New session 1 of user alice.
machine # [   13.927267] systemd[1]: Created slice Slice /user/1000.
machine # [   13.941539] systemd[1]: Starting User Runtime Directory /run/user/1000...
machine # [   13.990340] systemd[1]: Finished User Runtime Directory /run/user/1000.
machine # [   14.008649] systemd[1]: Starting User Manager for UID 1000...
machine # [   14.031692] systemd[990]: pam_unix(systemd-user:session): session opened for user alice(uid=1000) by (uid=0)
machine # [   14.331402] systemd[990]: Queued start job for default target Main User Target.
machine # [   14.347224] systemd[990]: Created slice User Application Slice.
machine # [   14.353365] systemd[990]: Reached target Paths.
machine # [   14.359784] systemd[990]: Reached target Timers.
machine # [   14.368454] systemd[990]: Starting D-Bus User Message Bus Socket...
machine # [   14.413474] systemd[990]: Listening on D-Bus User Message Bus Socket.
machine # [   14.472461] systemd[990]: Reached target Sockets.
machine # [   14.513683] systemd[990]: Reached target Basic System.
machine # [   14.523798] systemd[1]: Started User Manager for UID 1000.
machine # [   14.536402] systemd[1]: Started Session 1 of User alice.
machine # [   14.548845] systemd[990]: Starting Run user-specific NixOS activation...
machine # [   14.566140] systemd[990]: Starting Test Service 2...
machine # [   14.590226] systemd[990]: Finished Run user-specific NixOS activation.
machine # [   14.606667] systemd[990]: Finished Test Service 2.
machine # [   14.629225] systemd[990]: Reached target Main User Target.
machine # [   14.641295] systemd[990]: Startup finished in 461ms.
machine # [   14.742140] systemd[990]: Reached target Current graphical user session.
(finished: waiting for the X11 server, in 17.88 seconds)
machine: waiting for unit default.target with user alice
machine # [   15.867340] su[1028]: Successful su for alice by root
machine # [   15.883617] su[1028]: pam_unix(su:session): session opened for user alice(uid=1000) by (uid=0)
machine # [   15.988247] su[1028]: pam_unix(su:session): session closed for user alice
(finished: waiting for unit default.target with user alice, in 0.19 seconds)
subtest: systemd reads timezone database in /etc/zoneinfo
machine: must succeed: TZ=UTC systemctl show --property=TimersCalendar oncalendar-test.timer
(finished: must succeed: TZ=UTC systemctl show --property=TimersCalendar oncalendar-test.timer, in 0.07 seconds)
(finished: subtest: systemd reads timezone database in /etc/zoneinfo, in 0.07 seconds)
subtest: configuration files are recognized by systemd
machine: must succeed: test -e /system_conf_read
(finished: must succeed: test -e /system_conf_read, in 0.02 seconds)
machine: must succeed: test -e /home/alice/user_conf_read
(finished: must succeed: test -e /home/alice/user_conf_read, in 0.02 seconds)
machine: must succeed: test -z $(ls -1 /var/log/journal)
machine # ls: cannot access '/var/log/journal': No such file or directory
(finished: must succeed: test -z $(ls -1 /var/log/journal), in 0.04 seconds)
(finished: subtest: configuration files are recognized by systemd, in 0.08 seconds)
subtest: regression test for https://bugs.freedesktop.org/show_bug.cgi?id=77507
(finished: subtest: regression test for https://bugs.freedesktop.org/show_bug.cgi?id=77507, in 0.10 seconds)
subtest: file system with x-initrd.mount is not unmounted
machine: must succeed: mountpoint -q /test-x-initrd-mount
(finished: must succeed: mountpoint -q /test-x-initrd-mount, in 0.03 seconds)
machine: waiting for the VM to power off
machine # [   16.322098] systemd-logind[702]: The system will power off now!
machine # [   16.334526] systemd-logind[702]: System is powering down.
machine # [   16.385321] systemd[1]: Stopping Session 1 of User alice...
machine # [   16.455790] lightdm[981]: pam_unix(lightdm-autologin:session): session closed for user alice
machine # [   16.576630] systemd[1]: Removed slice Slice /system/modprobe.
machine # [   16.612085] dhcpcd[654]: received SIGTERM, stopping
machine # [   16.646498] systemd[1]: Stopped target Graphical Interface.
machine # [   16.733747] dhcpcd[654]: eth0: removing interface
machine # [   16.770270] systemd[1]: Stopped target Multi-User System.
machine # [   16.799759] dhcpcd[654]: eth0: deleting address fec0::5054:ff:fe12:3456/64
machine # [   16.835785] systemd[1]: Stopped target Login Prompts.
machine # [   16.857584] lnxgcgjjg2aksiyxwpvsh1hzkkm6avrb-audit-stop[1060]: No rules
machine # [   16.890586] dhcpcd[654]: eth0: deleting route to fec0::/64
machine # [   16.918469] systemd[1]: Stopped target Containers.
machine # [   16.946679] lnxgcgjjg2aksiyxwpvsh1hzkkm6avrb-audit-stop[1064]: enabled 0
machine # [   16.971635] lnxgcgjjg2aksiyxwpvsh1hzkkm6avrb-audit-stop[1064]: failure 1
machine # [   16.996104] lnxgcgjjg2aksiyxwpvsh1hzkkm6avrb-audit-stop[1064]: pid 0
machine # [   17.016728] lnxgcgjjg2aksiyxwpvsh1hzkkm6avrb-audit-stop[1064]: rate_limit 0
machine # [   17.038262] lnxgcgjjg2aksiyxwpvsh1hzkkm6avrb-audit-stop[1064]: backlog_limit 64
machine # [   17.068609] lnxgcgjjg2aksiyxwpvsh1hzkkm6avrb-audit-stop[1064]: lost 0
machine # [   17.087389] lnxgcgjjg2aksiyxwpvsh1hzkkm6avrb-audit-stop[1064]: backlog 0
machine # [   17.109812] lnxgcgjjg2aksiyxwpvsh1hzkkm6avrb-audit-stop[1064]: backlog_wait_time 60000
machine # [   17.132471] make-initrd-ng[1068]: /shutdown -> /nix/store/d1h33vvfagj7bhg0b8dw3p5nifghb01q-systemd-252.5/lib/systemd/systemd-shutdown
machine # [   17.158707] make-initrd-ng[1068]: Warning: Couldn't satisfy dependency libc.so.6 for "/nix/store/76l4v99sk83ylfwkz8wmwrm4s8h73rhd-glibc-2.35-224/lib/libdl.so.2"
machine # [   17.196626] make-initrd-ng[1068]: Warning: Couldn't satisfy dependency ld-linux-x86-64.so.2 for "/nix/store/76l4v99sk83ylfwkz8wmwrm4s8h73rhd-glibc-2.35-224/lib/libc.so.6"
machine # [   17.235223] dhcpcd[654]: eth0: deleting default route via fe80::2
machine # [   17.250709] systemd[1]: Stopped target Network is Online.
machine # [   17.276700] make-initrd-ng[1068]: Warning: Couldn't satisfy dependency libc.so.6 for "/nix/store/76l4v99sk83ylfwkz8wmwrm4s8h73rhd-glibc-2.35-224/lib/libm.so.6"
machine # [   17.306347] make-initrd-ng[1068]: Warning: Couldn't satisfy dependency ld-linux-x86-64.so.2 for "/nix/store/76l4v99sk83ylfwkz8wmwrm4s8h73rhd-glibc-2.35-224/lib/libm.so.6"
machine # [   17.343267] dhcpcd[654]: eth0: deleting address fe80::5054:ff:fe12:3456
machine # [   17.357826] systemd[1]: Stopped target Host and Network Name Lookups.
machine # [   17.386560] make-initrd-ng[1068]: Warning: Couldn't satisfy dependency libc.so.6 for "/nix/store/76l4v99sk83ylfwkz8wmwrm4s8h73rhd-glibc-2.35-224/lib/libpthread.so.0"
machine # [   17.418673] dhcpcd[654]: eth0: deleting route to 10.0.2.0/24
machine # [   17.433774] systemd[1]: Stopped target Timer Units.
machine # [   17.444529] network-addresses-eth1-pre-stop[1097]: deleting address 192.168.1.1/24... done
machine # [   17.461596] dhcpcd[654]: eth0: deleting default route via 10.0.2.2
machine # [   17.473535] systemd[1]: logrotate.timer: Deactivated successfully.
machine # [   17.487804] systemd[1]: Stopped logrotate.timer.
machine # [   17.502441] systemd[1]: oncalendar-test.timer: Deactivated successfully.
machine # [   17.517636] systemd[1]: Stopped oncalendar-test.timer.
machine # [   17.530328] umount[1126]: umount: /run/credentials/systemd-tmpfiles-setup.service: no mount point specified.
machine # [   17.548705] systemd[1]: systemd-tmpfiles-clean.timer: Deactivated successfully.
machine # [   17.565833] systemd[1]: Stopped Daily Cleanup of Temporary Directories.
machine # [   17.582537] systemd[1]: systemd-coredump.socket: Deactivated successfully.
machine # [   17.597607] systemd[1]: Closed Process Core Dump Socket.
machine # [   17.612632] systemd[1]: systemd-rfkill.socket: Deactivated successfully.
machine # [   17.628644] systemd[1]: Closed Load/Save RF Kill Switch Status /dev/rfkill Watch.
machine # [   17.644476] systemd[1]: Mounting /run/initramfs...
machine # [   17.654662] systemd[1]: Stopping Accounts Service...
machine # [   17.663548] systemd[1]: Stopping Kernel Auditing...
machine # [   17.678277] systemd[1]: Stopping backdoor.service...
machine # [   17.690284] systemd[1]: Stopping DHCP Client...
machine # [   17.699574] systemd[1]: Stopping X11 Server...
machine # [   17.709518] systemd[1]: Stopping Getty on tty1...
machine # [   17.723114] systemd[1]: logrotate-checkconf.service: Deactivated successfully.
machine # [   17.733854] systemd[1]: Stopped Logrotate configuration check.
machine # [   17.741863] systemd[1]: Stopping Authorization Manager...
machine # [   17.748859] systemd[1]: reload-systemd-vconsole-setup.service: Deactivated successfully.
machine # [   17.760542] systemd[1]: Stopped Reset console on configuration changes.
machine # [   17.768478] systemd[1]: Starting Save Hardware Clock...
machine # [   17.771819] systemd[1]: Stopping Userspace Out-Of-Memory (OOM) Killer...
machine # [   17.779822] systemd[1]: Stopping Load/Save Random Seed...
machine # [   17.790573] systemd[1]: systemd-oomd.service: Deactivated successfully.
machine # [   17.797490] systemd[1]: Stopped Userspace Out-Of-Memory (OOM) Killer.
machine # [   17.805868] systemd[1]: backdoor.service: Deactivated successfully.
machine # [   17.812818] systemd[1]: Stopped backdoor.service.
machine # [   17.819841] systemd[1]: accounts-daemon.service: Deactivated successfully.
machine # [   17.828132] systemd[1]: Stopped Accounts Service.
machine # [   17.835062] systemd[1]: polkit.service: Deactivated successfully.
machine # [   17.842790] systemd[1]: Stopped Authorization Manager.
machine # [   17.846865] systemd[1]: getty@tty1.service: Deactivated successfully.
machine # [   17.859671] systemd[1]: Stopped Getty on tty1.
machine # [   17.869219] systemd[1]: Mounted /run/initramfs.
machine # [   17.880251] systemd[1]: session-1.scope: Deactivated successfully.
machine # [   17.892856] systemd[1]: Stopped Session 1 of User alice.[   18.570237] systemd-shutdown[1]: Syncing filesystems and block devices.
machine # 
machine # [   17.907629] systemd[1]: Requested transaction contradicts existing jobs: Transaction for systemd-oomd.service/start is destructive (shutdown.target has 'start' job queued, but 'stop' is included in transaction).
machine # [   17.929372] systemd[1]: systemd-oomd.socket: Failed to queue service startup job (Maybe the service file is missing or not a non-template unit?): Transaction for systemd-oomd.service/start is destructive (shutdown.target has 'start' job queued, but 'stop' is included in transaction).[   18.614764] systemd-shutdown[1]: Sending SIGTERM to remaining processes...
machine # 
machine # [   18.626843] systemd-journald[473]: Received SIGTERM from PID 1 (systemd-shutdow).
machine # [   17.961841] systemd[1]: systemd-oomd.socket: Failed with result 'resources'.
machine # [   17.967672] systemd[1]: audit.service: Deactivated successfully.
machine # [   17.971737] systemd-logind[702]: Session 1 logged out. Waiting for processes to exit.
machine # [   17.976578] systemd[1]: Stopped Kernel Auditing.
machine # [   17.979825] systemd[1]: systemd-random-seed.service: Deactivated successfully.
machine # [   17.984454] systemd[1]: Stopped Load/Save Random Seed.
machine # [   17.987864] systemd[1]: Removed slice Slice /system/getty.
machine # [   17.991757] systemd[1]: Starting Generate shutdown ramfs...
machine # [   17.995455] systemd[1]: Stopping User Manager for UID 1000...
machine # [   17.999297] systemd[990]: Activating special unit Exit the Session...
machine # [   18.003376] systemd[990]: Stopped target Main User Target.
machine # [   18.006822] systemd[990]: Stopped target Current graphical user session.
machine # [   18.011183] systemd[990]: Stopped target Basic System.
machine # [   18.014619] systemd[990]: Stopped target Paths.
machine # [   18.017802] systemd[990]: Stopped target Sockets.
machine # [   18.021077] systemd[990]: Stopped target Timers.
machine # [   18.024407] systemd[990]: Closed D-Bus User Message Bus Socket.
machine # [   18.028194] systemd[990]: Removed slice User Application Slice.
machine # [   18.031854] systemd[990]: Reached target Shutdown.
machine # [   18.035384] systemd[990]: Finished Exit the Session.
machine # [   18.038771] systemd[990]: Reached target Exit the Session.
machine # [   18.042376] systemd[1]: user@1000.service: Deactivated successfully.
machine # [   18.046464] systemd[1]: Stopped User Manager for UID 1000.
machine # [   18.050095] systemd[1]: Stopping User Runtime Directory /run/user/1000...
machine # [   18.054289] systemd[1]: run-user-1000.mount: Deactivated successfully.
machine # [   18.058436] systemd[1]: Unmounted /run/user/1000.
machine # [   18.061826] systemd[1]: user-runtime-dir@1000.service: Deactivated successfully.
machine # [   18.066471] systemd[1]: Stopped User Runtime Directory /run/user/1000.
machine # [   18.070580] systemd[1]: display-manager.service: Deactivated successfully.
machine # [   18.074739] systemd[1]: Stopped X11 Server.
machine # [   18.077795] systemd-logind[702]: Removed session 1.
machine # [   18.081088] systemd[1]: Removed slice Slice /user/1000.
machine # [   18.084685] systemd[1]: Stopping D-Bus System Message Bus...
machine # [   18.088312] systemd[1]: Stopping User Login Management...
machine # [   18.091849] systemd[1]: Stopping Permit User Sessions...
machine # [   18.095520] systemd[1]: dbus.service: Deactivated successfully.
machine # [   18.099353] systemd[1]: Stopped D-Bus System Message Bus.
machine # [   18.103081] systemd[1]: systemd-logind.service: Deactivated successfully.
machine # [   18.107256] systemd[1]: Stopped User Login Management.
machine # [   18.110692] systemd[1]: systemd-user-sessions.service: Deactivated successfully.
machine # [   18.115165] systemd[1]: Stopped Permit User Sessions.
machine # [   18.118601] systemd[1]: Stopped target Network.
machine # [   18.122060] systemd[1]: Stopped target All Network Interfaces (deprecated).
machine # [   18.126414] systemd[1]: Stopped target User and Group Name Lookups.
machine # [   18.130414] systemd[1]: Stopped target Remote File Systems.
machine # [   18.134096] systemd[1]: network-local-commands.service: Deactivated successfully.
machine # [   18.138541] systemd[1]: Stopped Extra networking commands..
machine # [   18.142239] systemd[1]: network-setup.service: Deactivated successfully.
machine # [   18.146335] systemd[1]: Stopped Networking Setup.
machine # [   18.149533] systemd[1]: Stopping Address configuration of eth1...
machine # [   18.153363] systemd[1]: Stopping Name Service Cache Daemon (nsncd)...
machine # [   18.157256] systemd[1]: nscd.service: Deactivated successfully.
machine # [   18.161197] systemd[1]: Stopped Name Service Cache Daemon (nsncd).
machine # [   18.165106] systemd[1]: network-addresses-eth1.service: Deactivated successfully.
machine # [   18.169441] systemd[1]: Stopped Address configuration of eth1.
machine # [   18.173295] systemd[1]: Stopped target Preparation for Network.
machine # [   18.177221] systemd[1]: resolvconf.service: Deactivated successfully.
machine # [   18.181166] systemd[1]: Stopped resolvconf update.
machine # [   18.184517] systemd[1]: dhcpcd.service: Deactivated successfully.
machine # [   18.188383] systemd[1]: Stopped DHCP Client.
machine # [   18.191466] systemd[1]: dhcpcd.service: Consumed 324ms CPU time, received 96B IP traffic, sent 272B IP traffic.
machine # [   18.197602] systemd[1]: Stopped target Basic System.
machine # [   18.201063] systemd[1]: Stopped target Path Units.
machine # [   18.204417] systemd[1]: Stopped target Slice Units.
machine # [   18.207805] systemd[1]: Removed slice User and Session Slice.
machine # [   18.211545] systemd[1]: Stopped target Socket Units.
machine # [   18.214866] systemd[1]: dbus.socket: Deactivated successfully.
machine # [   18.218858] systemd[1]: Closed D-Bus System Message Bus Socket.
machine # [   18.222824] systemd[1]: nix-daemon.socket: Deactivated successfully.
machine # [   18.227064] systemd[1]: Closed Nix Daemon Socket.
machine # [   18.230401] systemd[1]: Stopped target System Initialization.
machine # [   18.234058] systemd[1]: Stopped target Local Encrypted Volumes.
machine # [   18.238130] systemd[1]: systemd-ask-password-console.path: Deactivated successfully.
machine # [   18.242775] systemd[1]: Stopped Dispatch Password Requests to Console Directory Watch.
machine # [   18.247557] systemd[1]: systemd-ask-password-wall.path: Deactivated successfully.
machine # [   18.252083] systemd[1]: Stopped Forward Password Requests to Wall Directory Watch.
machine # [   18.256669] systemd[1]: systemd-sysctl.service: Deactivated successfully.
machine # [   18.260718] systemd[1]: Stopped Apply Kernel Variables.
machine # [   18.264254] systemd[1]: systemd-modules-load.service: Deactivated successfully.
machine # [   18.268775] systemd[1]: Stopped Load Kernel Modules.
machine # [   18.272278] systemd[1]: systemd-update-done.service: Deactivated successfully.
machine # [   18.276572] systemd[1]: Stopped Update is Completed.
machine # [   18.279854] systemd[1]: systemd-journal-catalog-update.service: Deactivated successfully.
machine # [   18.284791] systemd[1]: Stopped Rebuild Journal Catalog.
machine # [   18.288261] systemd[1]: Stopping Record System Boot/Shutdown in UTMP...
machine # [   18.292293] systemd[1]: run-credentials-systemd\x2dsysctl.service.mount: Deactivated successfully.
machine # [   18.297447] systemd[1]: Unmounted /run/credentials/systemd-sysctl.service.
machine # [   18.301617] systemd[1]: systemd-update-utmp.service: Deactivated successfully.
machine # [   18.305795] systemd[1]: Stopped Record System Boot/Shutdown in UTMP.
machine # [   18.309758] systemd[1]: systemd-tmpfiles-setup.service: Deactivated successfully.
machine # [   18.314248] systemd[1]: Stopped Create Volatile Files and Directories.
machine # [   18.318221] systemd[1]: Stopped target Local File Systems.
machine # [   18.321743] systemd[1]: Unmounting /nix/.ro-store...
machine # [   18.325136] systemd[1]: Unmounting /nix/.rw-store...
machine # [   18.328564] systemd[1]: Unmounting /run/credentials/systemd-tmpfiles-setup.service...
machine # [   18.333300] systemd[1]: Unmounting /run/credentials/systemd-tmpfiles-setup-dev.service...
machine # [   18.338117] systemd[1]: Unmounting /run/keys...
machine # [   18.341443] systemd[1]: Unmounting /run/wrappers...
machine # [   18.344827] systemd[1]: Unmounting /tmp/shared...
machine # [   18.348253] systemd[1]: Unmounting /tmp/xchg...
machine # [   18.351521] systemd[1]: generate-shutdown-ramfs.service: Deactivated successfully.
machine # [   18.356101] systemd[1]: Finished Generate shutdown ramfs.
machine # [   18.359626] systemd[1]: nix-.ro\x2dstore.mount: Deactivated successfully.
machine # [   18.363760] systemd[1]: Unmounted /nix/.ro-store.
machine # [   18.367097] systemd[1]: nix-.rw\x2dstore.mount: Deactivated successfully.
machine # [   18.371286] systemd[1]: Unmounted /nix/.rw-store.
machine # [   18.374591] systemd[1]: run-credentials-systemd\x2dtmpfiles\x2dsetup.service.mount: Mount process exited, code=exited, status=32/n/a
machine # [   18.381352] systemd[1]: run-credentials-systemd\x2dtmpfiles\x2dsetup.service.mount: Failed with result 'exit-code'.
machine # [   18.387221] systemd[1]: Unmounted /run/credentials/systemd-tmpfiles-setup.service.
machine # [   18.391737] systemd[1]: run-credentials-systemd\x2dtmpfiles\x2dsetup\x2ddev.service.mount: Deactivated successfully.
machine # [   18.397585] systemd[1]: Unmounted /run/credentials/systemd-tmpfiles-setup-dev.service.
machine # [   18.402257] systemd[1]: run-keys.mount: Deactivated successfully.
machine # [   18.406191] systemd[1]: Unmounted /run/keys.
machine # [   18.409275] systemd[1]: run-wrappers.mount: Deactivated successfully.
machine # [   18.413578] systemd[1]: Unmounted /run/wrappers.
machine # [   18.416821] systemd[1]: tmp-shared.mount: Deactivated successfully.
machine # [   18.420801] systemd[1]: Unmounted /tmp/shared.
machine # [   18.423818] systemd[1]: tmp-xchg.mount: Deactivated successfully.
machine # [   18.428097] systemd[1]: Unmounted /tmp/xchg.
machine # [   18.431160] systemd[1]: Stopped target Preparation for Local File Systems.
machine # [   18.435591] systemd[1]: Stopped target Swaps.
machine # [   18.438850] systemd[1]: Reached target Unmount All Filesystems.
machine # [   18.443192] systemd[1]: systemd-remount-fs.service: Deactivated successfully.
machine # [   18.447533] systemd[1]: Stopped Remount Root and Kernel File Systems.
machine # [   18.451631] systemd[1]: systemd-tmpfiles-setup-dev.service: Deactivated successfully.
machine # [   18.456313] systemd[1]: Stopped Create Static Device Nodes in /dev.
machine # [   18.460440] systemd[1]: Reached target System Shutdown.
machine # [   18.463843] systemd[1]: Reached target Late Shutdown Services.
machine # [   18.468093] systemd[1]: systemd-poweroff.service: Deactivated successfully.
machine # [   18.472395] systemd[1]: Finished System Power Off.
machine # [   18.475787] systemd[1]: Reached target System Power Off.
machine # [   18.479409] systemd[1]: Shutting down.
machine # [   19.159484] systemd-shutdown[1]: Sending SIGKILL to remaining processes...
machine # [   19.170900] systemd-shutdown[1]: Unmounting file systems.
machine # [   19.174446] [1134]: Remounting '/test-x-initrd-mount' read-only with options 'errors=continue,user_xattr,acl'.
machine # [   19.181124] [1135]: Unmounting '/test-x-initrd-mount'.
machine # [   19.184418] [1136]: Remounting '/nix/store' read-only with options 'lowerdir=/mnt-root/nix/.ro-store,upperdir=/mnt-root/nix/.rw-store/store,workdir=/mnt-root/nix/.rw-store/work'.
machine # [   19.201196] [1137]: Remounting '/nix/store' read-only with options 'lowerdir=/mnt-root/nix/.ro-store,upperdir=/mnt-root/nix/.rw-store/store,workdir=/mnt-root/nix/.rw-store/work'.
machine # [   19.209080] [1138]: Remounting '/' read-only with options ''.
machine # [   19.232443] EXT4-fs (vda): re-mounted. Quota mode: none.
machine # [   19.235419] systemd-shutdown[1]: All filesystems unmounted.
machine # [   19.237929] systemd-shutdown[1]: Deactivating swaps.
machine # [   19.240284] systemd-shutdown[1]: All swaps deactivated.
machine # [   19.242735] systemd-shutdown[1]: Detaching loop devices.
machine # [   19.245967] systemd-shutdown[1]: All loop devices detached.
machine # [   19.248492] systemd-shutdown[1]: Stopping MD devices.
machine # [   19.250905] systemd-shutdown[1]: All MD devices stopped.
machine # [   19.253355] systemd-shutdown[1]: Detaching DM devices.
machine # [   19.255796] systemd-shutdown[1]: All DM devices detached.
machine # [   19.258285] systemd-shutdown[1]: All filesystems, swaps, loop devices, MD devices and DM devices detached.
machine # [   19.317386] systemd-shutdown[1]: Successfully changed into root pivot.
machine # [   19.320496] systemd-shutdown[1]: Returning to initrd...
machine # [   19.341363] shutdown[1]: Syncing filesystems and block devices.
machine # [   19.344756] shutdown[1]: Sending SIGTERM to remaining processes...
machine # [   19.348884] shutdown[1]: Sending SIGKILL to remaining processes...
machine # [   19.352834] shutdown[1]: Unmounting file systems.
machine # [   19.355884] sd-umoun[1147]: Unmounting '/oldroot/run/initramfs'.
machine # [   19.359397] sd-umoun[1148]: Unmounting '/oldroot/sys/kernel/config'.
machine # [   19.363092] sd-umoun[1149]: Unmounting '/oldroot/sys/fs/fuse/connections'.
machine # [   19.367033] sd-umoun[1150]: Unmounting '/oldroot/sys/kernel/debug'.
machine # [   19.370748] sd-umoun[1151]: Unmounting '/oldroot/dev/mqueue'.
machine # [   19.374263] sd-umoun[1152]: Unmounting '/oldroot/dev/hugepages'.
machine # [   19.377872] sd-umoun[1153]: Unmounting '/oldroot/sys/fs/bpf'.
machine # [   19.381445] sd-umoun[1154]: Unmounting '/oldroot/sys/fs/pstore'.
machine # [   19.385052] sd-umoun[1155]: Unmounting '/oldroot/sys/fs/cgroup'.
machine # [   19.388733] sd-umoun[1156]: Unmounting '/oldroot/sys/kernel/security'.
machine # [   19.392373] sd-umoun[1157]: Unmounting '/oldroot/nix/store'.
machine # [   19.395852] sd-umoun[1158]: Unmounting '/oldroot/nix/store'.
machine # [   19.873057] sd-umoun[1159]: Unmounting '/oldroot'.
machine # [   19.875315] sd-umoun[1159]: Failed to unmount /oldroot: Device or resource busy
machine # [   19.879429] sd-umoun[1160]: Unmounting '/oldroot/sys'.
machine # [   19.882725] sd-umoun[1161]: Unmounting '/oldroot/run'.
machine # [   19.885995] sd-umoun[1162]: Unmounting '/oldroot/proc'.
machine # [   19.889264] sd-umoun[1163]: Unmounting '/oldroot/dev/shm'.
machine # [   19.892415] sd-umoun[1164]: Unmounting '/oldroot/dev/pts'.
machine # [   19.895827] sd-umoun[1165]: Unmounting '/oldroot/dev'.
machine # [   19.899191] sd-umoun[1166]: Unmounting '/oldroot'.
machine # [   19.902015] EXT4-fs (vda): unmounting filesystem.
machine # [   19.904882] shutdown[1]: All filesystems unmounted.
machine # [   19.907207] shutdown[1]: Deactivating swaps.
machine # [   19.909290] shutdown[1]: All swaps deactivated.
machine # [   19.911425] shutdown[1]: Detaching loop devices.
machine # [   19.914300] shutdown[1]: All loop devices detached.
machine # [   19.916713] shutdown[1]: Stopping MD devices.
machine # [   19.918899] shutdown[1]: All MD devices stopped.
machine # [   19.921132] shutdown[1]: Detaching DM devices.
machine # [   19.923284] shutdown[1]: All DM devices detached.
machine # [   19.925502] shutdown[1]: All filesystems, swaps, loop devices, MD devices and DM devices detached.
machine # [   19.930728] shutdown[1]: Syncing filesystems and block devices.
machine # [   19.934103] shutdown[1]: Powering off.
machine # [   19.935925] kvm: exiting hardware virtualization
machine # [   19.941087] ACPI: PM: Preparing to enter system sleep state S5
machine # [   19.943794] reboot: Power down
(finished: waiting for the VM to power off, in 3.04 seconds)
dumpe2fs 1.46.5 (30-Dec-2021)
(finished: subtest: file system with x-initrd.mount is not unmounted, in 3.09 seconds)
subtest: setting transient hostnames works
machine: must succeed: hostnamectl set-hostname --transient machine-transient
machine: waiting for the VM to finish booting
machine: starting vm
machine: QEMU running (pid 48)
machine # cSeaBIOS (version rel-1.16.1-0-g3208b098f51a-prebuilt.qemu.org)
machine # 
machine # 
machine # iPXE (http://ipxe.org) 00:03.0 CA00 PCI2.10 PnP PMM+3EFD0B80+3EF30B80 CA00
machine # Press Ctrl-B to configure iPXE (PCI 00:03.0)...
machine # 
machine # 
machine # 
machine # 
machine # iPXE (http://ipxe.org) 00:0B.0 CB00 PCI2.10 PnP PMM 3EFD0B80 3EF30B80 CB00
machine # Press Ctrl-B to configure iPXE (PCI 00:0B.0)...
machine # 
machine # 
machine # Booting from ROM...
machine # Probing EDD (edd=off to disable)... ok
machine # c[    0.000000] Linux version 6.1.15 (nixbld@localhost) (gcc (GCC) 12.2.0, GNU ld (GNU Binutils) 2.40) #1-NixOS SMP PREEMPT_DYNAMIC Fri Mar  3 10:52:25 UTC 2023
machine # [    0.000000] Command line: console=ttyS0 panic=1 boot.panic_on_fail clock=acpi_pm loglevel=7 net.ifnames=0 init=/nix/store/bj79dnv969vah7d7zw2cc3b0bxhll48v-nixos-system-machine-23.05pre-git/init regInfo=/nix/store/lcrlfny4jgar29if6v327vj1zl40py9x-closure-info/registration console=ttyS0
machine # [    0.000000] x86/fpu: Supporting XSAVE feature 0x001: 'x87 floating point registers'
machine # [    0.000000] x86/fpu: Supporting XSAVE feature 0x002: 'SSE registers'
machine # [    0.000000] x86/fpu: Supporting XSAVE feature 0x004: 'AVX registers'
machine # [    0.000000] x86/fpu: Supporting XSAVE feature 0x008: 'MPX bounds registers'
machine # [    0.000000] x86/fpu: Supporting XSAVE feature 0x010: 'MPX CSR'
machine # [    0.000000] x86/fpu: Supporting XSAVE feature 0x020: 'AVX-512 opmask'
machine # [    0.000000] x86/fpu: Supporting XSAVE feature 0x040: 'AVX-512 Hi256'
machine # [    0.000000] x86/fpu: Supporting XSAVE feature 0x080: 'AVX-512 ZMM_Hi256'
machine # [    0.000000] x86/fpu: xstate_offset[2]:  576, xstate_sizes[2]:  256
machine # [    0.000000] x86/fpu: xstate_offset[3]:  832, xstate_sizes[3]:   64
machine # [    0.000000] x86/fpu: xstate_offset[4]:  896, xstate_sizes[4]:   64
machine # [    0.000000] x86/fpu: xstate_offset[5]:  960, xstate_sizes[5]:   64
machine # [    0.000000] x86/fpu: xstate_offset[6]: 1024, xstate_sizes[6]:  512
machine # [    0.000000] x86/fpu: xstate_offset[7]: 1536, xstate_sizes[7]: 1024
machine # [    0.000000] x86/fpu: Enabled xstate features 0xff, context size is 2560 bytes, using 'compacted' format.
machine # [    0.000000] signal: max sigframe size: 3632
machine # [    0.000000] BIOS-provided physical RAM map:
machine # [    0.000000] BIOS-e820: [mem 0x0000000000000000-0x000000000009fbff] usable
machine # [    0.000000] BIOS-e820: [mem 0x000000000009fc00-0x000000000009ffff] reserved
machine # [    0.000000] BIOS-e820: [mem 0x00000000000f0000-0x00000000000fffff] reserved
machine # [    0.000000] BIOS-e820: [mem 0x0000000000100000-0x000000003ffd4fff] usable
machine # [    0.000000] BIOS-e820: [mem 0x000000003ffd5000-0x000000003fffffff] reserved
machine # [    0.000000] BIOS-e820: [mem 0x00000000feffc000-0x00000000feffffff] reserved
machine # [    0.000000] BIOS-e820: [mem 0x00000000fffc0000-0x00000000ffffffff] reserved
machine # [    0.000000] random: crng init done
machine # [    0.000000] NX (Execute Disable) protection: active
machine # [    0.000000] extended physical RAM map:
machine # [    0.000000] reserve setup_data: [mem 0x0000000000000000-0x000000000009fbff] usable
machine # [    0.000000] reserve setup_data: [mem 0x000000000009fc00-0x000000000009ffff] reserved
machine # [    0.000000] reserve setup_data: [mem 0x00000000000f0000-0x00000000000fffff] reserved
machine # [    0.000000] reserve setup_data: [mem 0x0000000000100000-0x00000000009379bf] usable
machine # [    0.000000] reserve setup_data: [mem 0x00000000009379c0-0x00000000009379cf] usable
machine # [    0.000000] reserve setup_data: [mem 0x00000000009379d0-0x000000003ffd4fff] usable
machine # [    0.000000] reserve setup_data: [mem 0x000000003ffd5000-0x000000003fffffff] reserved
machine # [    0.000000] reserve setup_data: [mem 0x00000000feffc000-0x00000000feffffff] reserved
machine # [    0.000000] reserve setup_data: [mem 0x00000000fffc0000-0x00000000ffffffff] reserved
machine # [    0.000000] SMBIOS 2.8 present.
machine # [    0.000000] DMI: QEMU Standard PC (i440FX + PIIX, 1996), BIOS rel-1.16.1-0-g3208b098f51a-prebuilt.qemu.org 04/01/2014
machine # [    0.000000] Hypervisor detected: KVM
machine # [    0.000000] kvm-clock: Using msrs 4b564d01 and 4b564d00
machine # [    0.000001] kvm-clock: using sched offset of 633575067 cycles
machine # [    0.000002] clocksource: kvm-clock: mask: 0xffffffffffffffff max_cycles: 0x1cd42e4dffb, max_idle_ns: 881590591483 ns
machine # [    0.000009] tsc: Detected 3311.998 MHz processor
machine # [    0.000731] last_pfn = 0x3ffd5 max_arch_pfn = 0x400000000
machine # [    0.001212] x86/PAT: Configuration [0-7]: WB  WC  UC- UC  WB  WP  UC- WT
machine # [    0.007997] found SMP MP-table at [mem 0x000f5ba0-0x000f5baf]
machine # [    0.008408] Using GB pages for direct mapping
machine # [    0.008678] RAMDISK: [mem 0x3f33f000-0x3ffcffff]
machine # [    0.008745] ACPI: Early table checksum verification disabled
machine # [    0.008793] ACPI: RSDP 0x00000000000F59C0 000014 (v00 BOCHS )
machine # [    0.008835] ACPI: RSDT 0x000000003FFE1AC6 000034 (v01 BOCHS  BXPC     00000001 BXPC 00000001)
machine # [    0.008846] ACPI: FACP 0x000000003FFE197A 000074 (v01 BOCHS  BXPC     00000001 BXPC 00000001)
machine # [    0.008851] ACPI: DSDT 0x000000003FFE0040 00193A (v01 BOCHS  BXPC     00000001 BXPC 00000001)
machine # [    0.008854] ACPI: FACS 0x000000003FFE0000 000040
machine # [    0.008857] ACPI: APIC 0x000000003FFE19EE 000078 (v01 BOCHS  BXPC     00000001 BXPC 00000001)
machine # [    0.008860] ACPI: HPET 0x000000003FFE1A66 000038 (v01 BOCHS  BXPC     00000001 BXPC 00000001)
machine # [    0.008863] ACPI: WAET 0x000000003FFE1A9E 000028 (v01 BOCHS  BXPC     00000001 BXPC 00000001)
machine # [    0.008865] ACPI: Reserving FACP table memory at [mem 0x3ffe197a-0x3ffe19ed]
machine # [    0.008866] ACPI: Reserving DSDT table memory at [mem 0x3ffe0040-0x3ffe1979]
machine # [    0.008867] ACPI: Reserving FACS table memory at [mem 0x3ffe0000-0x3ffe003f]
