     1  # This file contains type hints that can be prepended to Nix test scripts so they can be type
     2  # checked.
     3  
     4  from test_driver.driver import Driver
     5  from test_driver.vlan import VLan
     6  from test_driver.machine import Machine
     7  from test_driver.logger import Logger
     8  from typing import Callable, Iterator, ContextManager, Optional, List, Dict, Any, Union
     9  from typing_extensions import Protocol
    10  from pathlib import Path
    11  
    12  
    13  class RetryProtocol(Protocol):
    14      def __call__(self, fn: Callable, timeout: int = 900) -> None:
    15          raise Exception("This is just type information for the Nix test driver")
    16  
    17  
    18  class PollingConditionProtocol(Protocol):
    19      def __call__(
    20          self,
    21          fun_: Optional[Callable] = None,
    22          *,
    23          seconds_interval: float = 2.0,
    24          description: Optional[str] = None,
    25      ) -> Union[Callable[[Callable], ContextManager], ContextManager]:
    26          raise Exception("This is just type information for the Nix test driver")
    27  
    28  
    29  start_all: Callable[[], None]
    30  subtest: Callable[[str], ContextManager[None]]
    31  retry: RetryProtocol
    32  test_script: Callable[[], None]
    33  machines: List[Machine]
    34  vlans: List[VLan]
    35  driver: Driver
    36  log: Logger
    37  create_machine: Callable[[Dict[str, Any]], Machine]
    38  run_tests: Callable[[], None]
    39  join_all: Callable[[], None]
    40  serial_stdout_off: Callable[[], None]
    41  serial_stdout_on: Callable[[], None]
    42  polling_condition: PollingConditionProtocol
    43  machine: Machine;
    44  vlan1: VLan;
    45  machine.wait_for_unit("multi-user.target")
    46  max_loop = machine.succeed("cat /sys/module/loop/parameters/max_loop")
    47  assert int(max_loop) == 42, "Parameter should be respected for initrd kernel modules"
Success: no issues found in 1 source file
start all VLans
(finished: start all VLans, in 0.00 seconds)
additionally exposed symbols:
    ,
    ,
    start_all, test_script, machines, vlans, driver, log, os, create_machine, subtest, run_tests, join_all, retry, serial_stdout_off, serial_stdout_on, polling_condition, Machine
building '/nix/store/5rp4r2gi902jkbx09bmxxdlanyk6j2cb-vm-test-run-systemd-initrd-modprobe.drv'...
Machine state will be reset. To keep it, pass --keep-vm-state
start all VLans
start vlan
running vlan (pid 7; ctl /build/vde1.ctl)
(finished: start all VLans, in 0.00 seconds)
run the VM test script
additionally exposed symbols:
    machine,
    vlan1,
    start_all, test_script, machines, vlans, driver, log, os, create_machine, subtest, run_tests, join_all, retry, serial_stdout_off, serial_stdout_on, polling_condition, Machine
machine: waiting for unit multi-user.target
machine: waiting for the VM to finish booting
machine: starting vm
machine # Formatting '/build/vm-state-machine/machine.qcow2', fmt=qcow2 cluster_size=65536 extended_l2=off compression_type=zlib size=1073741824 lazy_refcounts=off refcount_bits=16
machine: QEMU running (pid 8)
machine # cSeaBIOS (version rel-1.16.1-0-g3208b098f51a-prebuilt.qemu.org)
machine # 
machine # 
machine # iPXE (http://ipxe.org) 00:03.0 CA00 PCI2.10 PnP PMM+3EFD0C20+3EF30C20 CA00
machine # Press Ctrl-B to configure iPXE (PCI 00:03.0)...
machine # 
machine # 
machine # 
machine # 
machine # iPXE (http://ipxe.org) 00:09.0 CB00 PCI2.10 PnP PMM 3EFD0C20 3EF30C20 CB00
machine # Press Ctrl-B to configure iPXE (PCI 00:09.0)...
machine # 
machine # 
machine # Booting from ROM...
machine # Probing EDD (edd=off to disable)... ok
machine # c[    0.000000] Linux version 6.1.15 (nixbld@localhost) (gcc (GCC) 12.2.0, GNU ld (GNU Binutils) 2.40) #1-NixOS SMP PREEMPT_DYNAMIC Fri Mar  3 10:52:25 UTC 2023
machine # [    0.000000] Command line: console=ttyS0 panic=1 boot.panic_on_fail clock=acpi_pm loglevel=7 net.ifnames=0 init=/nix/store/9yjwlifm5g0cngx391jrzxhr7ziycl0a-nixos-system-machine-23.05pre-git/init regInfo=/nix/store/gk9g48yw6577psa8w2lddj73i4rh01lg-closure-info/registration console=ttyS0
machine # [    0.000000] x86/fpu: Supporting XSAVE feature 0x001: 'x87 floating point registers'
machine # [    0.000000] x86/fpu: Supporting XSAVE feature 0x002: 'SSE registers'
machine # [    0.000000] x86/fpu: Supporting XSAVE feature 0x004: 'AVX registers'
machine # [    0.000000] x86/fpu: Supporting XSAVE feature 0x008: 'MPX bounds registers'
machine # [    0.000000] x86/fpu: Supporting XSAVE feature 0x010: 'MPX CSR'
machine # [    0.000000] x86/fpu: Supporting XSAVE feature 0x020: 'AVX-512 opmask'
machine # [    0.000000] x86/fpu: Supporting XSAVE feature 0x040: 'AVX-512 Hi256'
machine # [    0.000000] x86/fpu: Supporting XSAVE feature 0x080: 'AVX-512 ZMM_Hi256'
machine # [    0.000000] x86/fpu: xstate_offset[2]:  576, xstate_sizes[2]:  256
machine # [    0.000000] x86/fpu: xstate_offset[3]:  832, xstate_sizes[3]:   64
machine # [    0.000000] x86/fpu: xstate_offset[4]:  896, xstate_sizes[4]:   64
machine # [    0.000000] x86/fpu: xstate_offset[5]:  960, xstate_sizes[5]:   64
machine # [    0.000000] x86/fpu: xstate_offset[6]: 1024, xstate_sizes[6]:  512
machine # [    0.000000] x86/fpu: xstate_offset[7]: 1536, xstate_sizes[7]: 1024
machine # [    0.000000] x86/fpu: Enabled xstate features 0xff, context size is 2560 bytes, using 'compacted' format.
machine # [    0.000000] signal: max sigframe size: 3632
machine # [    0.000000] BIOS-provided physical RAM map:
machine # [    0.000000] BIOS-e820: [mem 0x0000000000000000-0x000000000009fbff] usable
machine # [    0.000000] BIOS-e820: [mem 0x000000000009fc00-0x000000000009ffff] reserved
machine # [    0.000000] BIOS-e820: [mem 0x00000000000f0000-0x00000000000fffff] reserved
machine # [    0.000000] BIOS-e820: [mem 0x0000000000100000-0x000000003ffdafff] usable
machine # [    0.000000] BIOS-e820: [mem 0x000000003ffdb000-0x000000003fffffff] reserved
machine # [    0.000000] BIOS-e820: [mem 0x00000000feffc000-0x00000000feffffff] reserved
machine # [    0.000000] BIOS-e820: [mem 0x00000000fffc0000-0x00000000ffffffff] reserved
machine # [    0.000000] random: crng init done
machine # [    0.000000] NX (Execute Disable) protection: active
machine # [    0.000000] extended physical RAM map:
machine # [    0.000000] reserve setup_data: [mem 0x0000000000000000-0x000000000009fbff] usable
machine # [    0.000000] reserve setup_data: [mem 0x000000000009fc00-0x000000000009ffff] reserved
machine # [    0.000000] reserve setup_data: [mem 0x00000000000f0000-0x00000000000fffff] reserved
machine # [    0.000000] reserve setup_data: [mem 0x0000000000100000-0x00000000009379bf] usable
machine # [    0.000000] reserve setup_data: [mem 0x00000000009379c0-0x00000000009379cf] usable
machine # [    0.000000] reserve setup_data: [mem 0x00000000009379d0-0x000000003ffdafff] usable
machine # [    0.000000] reserve setup_data: [mem 0x000000003ffdb000-0x000000003fffffff] reserved
machine # [    0.000000] reserve setup_data: [mem 0x00000000feffc000-0x00000000feffffff] reserved
machine # [    0.000000] reserve setup_data: [mem 0x00000000fffc0000-0x00000000ffffffff] reserved
machine # [    0.000000] SMBIOS 2.8 present.
machine # [    0.000000] DMI: QEMU Standard PC (i440FX + PIIX, 1996), BIOS rel-1.16.1-0-g3208b098f51a-prebuilt.qemu.org 04/01/2014
machine # [    0.000000] Hypervisor detected: KVM
machine # [    0.000000] kvm-clock: Using msrs 4b564d01 and 4b564d00
machine # [    0.000001] kvm-clock: using sched offset of 613341443 cycles
machine # [    0.000002] clocksource: kvm-clock: mask: 0xffffffffffffffff max_cycles: 0x1cd42e4dffb, max_idle_ns: 881590591483 ns
machine # [    0.000009] tsc: Detected 3311.998 MHz processor
machine # [    0.000675] last_pfn = 0x3ffdb max_arch_pfn = 0x400000000
machine # [    0.001099] x86/PAT: Configuration [0-7]: WB  WC  UC- UC  WB  WP  UC- WT
machine # [    0.007431] found SMP MP-table at [mem 0x000f5bb0-0x000f5bbf]
machine # [    0.007835] Using GB pages for direct mapping
machine # [    0.008109] RAMDISK: [mem 0x3f03a000-0x3ffcffff]
machine # [    0.008170] ACPI: Early table checksum verification disabled
machine # [    0.008210] ACPI: RSDP 0x00000000000F59D0 000014 (v00 BOCHS )
machine # [    0.008232] ACPI: RSDT 0x000000003FFE1AC6 000034 (v01 BOCHS  BXPC     00000001 BXPC 00000001)
machine # [    0.008242] ACPI: FACP 0x000000003FFE197A 000074 (v01 BOCHS  BXPC     00000001 BXPC 00000001)
machine # [    0.008246] ACPI: DSDT 0x000000003FFE0040 00193A (v01 BOCHS  BXPC     00000001 BXPC 00000001)
machine # [    0.008249] ACPI: FACS 0x000000003FFE0000 000040
machine # [    0.008252] ACPI: APIC 0x000000003FFE19EE 000078 (v01 BOCHS  BXPC     00000001 BXPC 00000001)
machine # [    0.008254] ACPI: HPET 0x000000003FFE1A66 000038 (v01 BOCHS  BXPC     00000001 BXPC 00000001)
machine # [    0.008257] ACPI: WAET 0x000000003FFE1A9E 000028 (v01 BOCHS  BXPC     00000001 BXPC 00000001)
machine # [    0.008259] ACPI: Reserving FACP table memory at [mem 0x3ffe197a-0x3ffe19ed]
machine # [    0.008260] ACPI: Reserving DSDT table memory at [mem 0x3ffe0040-0x3ffe1979]
machine # [    0.008260] ACPI: Reserving FACS table memory at [mem 0x3ffe0000-0x3ffe003f]
machine # [    0.008261] ACPI: Reserving APIC table memory at [mem 0x3ffe19ee-0x3ffe1a65]
machine # [    0.008261] ACPI: Reserving HPET table memory at [mem 0x3ffe1a66-0x3ffe1a9d]
machine # [    0.008262] ACPI: Reserving WAET table memory at [mem 0x3ffe1a9e-0x3ffe1ac5]
machine # [    0.010146] No NUMA configuration found
machine # [    0.010147] Faking a node at [mem 0x0000000000000000-0x000000003ffdafff]
machine # [    0.010151] NODE_DATA(0) allocated [mem 0x3ffd5000-0x3ffdafff]
machine # [    0.010184] Zone ranges:
machine # [    0.010184]   DMA      [mem 0x0000000000001000-0x0000000000ffffff]
machine # [    0.010186]   DMA32    [mem 0x0000000001000000-0x000000003ffdafff]
machine # [    0.010187]   Normal   empty
machine # [    0.010187]   Device   empty
machine # [    0.010188] Movable zone start for each node
machine # [    0.010188] Early memory node ranges
machine # [    0.010189]   node   0: [mem 0x0000000000001000-0x000000000009efff]
machine # [    0.010191]   node   0: [mem 0x0000000000100000-0x000000003ffdafff]
machine # [    0.010195] Initmem setup node 0 [mem 0x0000000000001000-0x000000003ffdafff]
machine # [    0.010364] On node 0, zone DMA: 1 pages in unavailable ranges
machine # [    0.010378] On node 0, zone DMA: 97 pages in unavailable ranges
machine # [    0.011996] On node 0, zone DMA32: 37 pages in unavailable ranges
machine # [    0.016129] ACPI: PM-Timer IO Port: 0x608
machine # [    0.016164] ACPI: LAPIC_NMI (acpi_id[0xff] dfl dfl lint[0x1])
machine # [    0.016351] IOAPIC[0]: apic_id 0, version 17, address 0xfec00000, GSI 0-23
machine # [    0.016354] ACPI: INT_SRC_OVR (bus 0 bus_irq 0 global_irq 2 dfl dfl)
machine # [    0.016355] ACPI: INT_SRC_OVR (bus 0 bus_irq 5 global_irq 5 high level)
machine # [    0.016356] ACPI: INT_SRC_OVR (bus 0 bus_irq 9 global_irq 9 high level)
machine # [    0.016359] ACPI: INT_SRC_OVR (bus 0 bus_irq 10 global_irq 10 high level)
machine # [    0.016360] ACPI: INT_SRC_OVR (bus 0 bus_irq 11 global_irq 11 high level)
machine # [    0.016363] ACPI: Using ACPI (MADT) for SMP configuration information
machine # [    0.016364] ACPI: HPET id: 0x8086a201 base: 0xfed00000
machine # [    0.016370] TSC deadline timer available
machine # [    0.016371] smpboot: Allowing 1 CPUs, 0 hotplug CPUs
machine # [    0.016533] PM: hibernation: Registered nosave memory: [mem 0x00000000-0x00000fff]
machine # [    0.016535] PM: hibernation: Registered nosave memory: [mem 0x0009f000-0x0009ffff]
machine # [    0.016536] PM: hibernation: Registered nosave memory: [mem 0x000a0000-0x000effff]
machine # [    0.016536] PM: hibernation: Registered nosave memory: [mem 0x000f0000-0x000fffff]
machine # [    0.016537] PM: hibernation: Registered nosave memory: [mem 0x00937000-0x00937fff]
machine # [    0.016538] PM: hibernation: Registered nosave memory: [mem 0x00937000-0x00937fff]
machine # [    0.016539] [mem 0x40000000-0xfeffbfff] available for PCI devices
machine # [    0.016540] Booting paravirtualized kernel on KVM
machine # [    0.016551] clocksource: refined-jiffies: mask: 0xffffffff max_cycles: 0xffffffff, max_idle_ns: 1910969940391419 ns
machine # [    0.019263] setup_percpu: NR_CPUS:384 nr_cpumask_bits:1 nr_cpu_ids:1 nr_node_ids:1
machine # [    0.019538] percpu: Embedded 61 pages/cpu s212992 r8192 d28672 u2097152
machine # [    0.019669] kvm-guest: PV spinlocks disabled, single CPU
machine # [    0.019676] Fallback order for Node 0: 0
machine # [    0.019680] Built 1 zonelists, mobility grouping on.  Total pages: 257754
machine # [    0.019681] Policy zone: DMA32
machine # [    0.019682] Kernel command line: console=ttyS0 panic=1 boot.panic_on_fail clock=acpi_pm loglevel=7 net.ifnames=0 init=/nix/store/9yjwlifm5g0cngx391jrzxhr7ziycl0a-nixos-system-machine-23.05pre-git/init regInfo=/nix/store/gk9g48yw6577psa8w2lddj73i4rh01lg-closure-info/registration console=ttyS0
machine # [    0.019725] clocksource: clock= boot option is deprecated - use clocksource=xyz
machine # [    0.019754] Unknown kernel command line parameters "regInfo=/nix/store/gk9g48yw6577psa8w2lddj73i4rh01lg-closure-info/registration", will be passed to user space.
machine # [    0.019805] Dentry cache hash table entries: 131072 (order: 8, 1048576 bytes, linear)
machine # [    0.019825] Inode-cache hash table entries: 65536 (order: 7, 524288 bytes, linear)
machine # [    0.020009] mem auto-init: stack:all(zero), heap alloc:off, heap free:off
machine # [    0.021423] Memory: 978060K/1048036K available (12294K kernel code, 2307K rwdata, 7532K rodata, 1876K init, 4344K bss, 69716K reserved, 0K cma-reserved)
machine # [    0.021508] SLUB: HWalign=64, Order=0-3, MinObjects=0, CPUs=1, Nodes=1
machine # [    0.021517] Kernel/User page tables isolation: enabled
machine # [    0.021535] ftrace: allocating 37041 entries in 145 pages
machine # [    0.030061] ftrace: allocated 145 pages with 3 groups
machine # [    0.030622] Dynamic Preempt: voluntary
machine # [    0.030774] rcu: Preemptible hierarchical RCU implementation.
machine # [    0.030775] rcu:   RCU event tracing is enabled.
machine # [    0.030775] rcu:   RCU restricting CPUs from NR_CPUS=384 to nr_cpu_ids=1.
machine # [    0.030776]        Trampoline variant of Tasks RCU enabled.
machine # [    0.030777]        Rude variant of Tasks RCU enabled.
machine # [    0.030777]        Tracing variant of Tasks RCU enabled.
machine # [    0.030778] rcu: RCU calculated value of scheduler-enlistment delay is 100 jiffies.
machine # [    0.030779] rcu: Adjusting geometry for rcu_fanout_leaf=16, nr_cpu_ids=1
machine # [    0.033492] NR_IRQS: 24832, nr_irqs: 256, preallocated irqs: 16
machine # [    0.033780] rcu: srcu_init: Setting srcu_struct sizes based on contention.
machine # [    0.063650] Console: colour VGA+ 80x25
machine # [    0.663566] printk: console [ttyS0] enabled
machine # [    0.666511] ACPI: Core revision 20220331
machine # [    0.669876] clocksource: hpet: mask: 0xffffffff max_cycles: 0xffffffff, max_idle_ns: 19112604467 ns
machine # [    0.676589] APIC: Switch to symmetric I/O mode setup
machine # [    0.682063] x2apic enabled
machine # [    0.686032] Switched APIC routing to physical x2apic.
machine # [    0.697455] ..TIMER: vector=0x30 apic1=0 pin1=2 apic2=-1 pin2=-1
machine # [    0.701794] clocksource: tsc-early: mask: 0xffffffffffffffff max_cycles: 0x2fbd924e8de, max_idle_ns: 440795321919 ns
machine # [    0.708984] Calibrating delay loop (skipped) preset value.. 6623.99 BogoMIPS (lpj=3311998)
machine # [    0.709983] pid_max: default: 32768 minimum: 301
machine # [    0.711012] LSM: Security Framework initializing
machine # [    0.712010] landlock: Up and running.
machine # [    0.712981] Yama: becoming mindful.
machine # [    0.713988] SELinux:  Initializing.
machine # [    0.714994] LSM support for eBPF active
machine # [    0.716986] Mount-cache hash table entries: 2048 (order: 2, 16384 bytes, linear)
machine # [    0.717983] Mountpoint-cache hash table entries: 2048 (order: 2, 16384 bytes, linear)
machine # [    0.721336] x86/cpu: User Mode Instruction Prevention (UMIP) activated
machine # [    0.724547] Last level iTLB entries: 4KB 0, 2MB 0, 4MB 0
machine # [    0.724981] Last level dTLB entries: 4KB 0, 2MB 0, 4MB 0, 1GB 0
machine # [    0.726023] Spectre V1 : Mitigation: usercopy/swapgs barriers and __user pointer sanitization
machine # [    0.726998] Spectre V2 : Mitigation: IBRS
machine # [    0.727981] Spectre V2 : Spectre v2 / SpectreRSB mitigation: Filling RSB on context switch
machine # [    0.728981] Spectre V2 : Spectre v2 / SpectreRSB : Filling RSB on VMEXIT
machine # [    0.729981] RETBleed: Mitigation: IBRS
machine # [    0.730986] Spectre V2 : mitigation: Enabling conditional Indirect Branch Prediction Barrier
machine # [    0.731982] Speculative Store Bypass: Mitigation: Speculative Store Bypass disabled via prctl
machine # [    0.733018] MDS: Mitigation: Clear CPU buffers
machine # [    0.733981] TAA: Mitigation: Clear CPU buffers
machine # [    0.734981] MMIO Stale Data: Vulnerable: Clear CPU buffers attempted, no microcode
machine # [    0.758022] Freeing SMP alternatives memory: 32K
machine # [    0.759358] smpboot: CPU0: Intel(R) Core(TM) i9-9940X CPU @ 3.30GHz (family: 0x6, model: 0x55, stepping: 0x4)
machine # [    0.760098] cblist_init_generic: Setting adjustable number of callback queues.
machine # [    0.760994] cblist_init_generic: Setting shift to 0 and lim to 1.
machine # [    0.762008] cblist_init_generic: Setting shift to 0 and lim to 1.
machine # [    0.763008] cblist_init_generic: Setting shift to 0 and lim to 1.
machine # [    0.764006] Performance Events: Skylake events, full-width counters, Intel PMU driver.
machine # [    0.765008] ... version:                2
machine # [    0.765994] ... bit width:              48
machine # [    0.766994] ... generic registers:      4
machine # [    0.767993] ... value mask:             0000ffffffffffff
machine # [    0.768994] ... max period:             00007fffffffffff
machine # [    0.769993] ... fixed-purpose events:   3
machine # [    0.771010] ... event mask:             000000070000000f
machine # [    0.772305] rcu: Hierarchical SRCU implementation.
machine # [    0.772994] rcu:   Max phase no-delay instances is 400.
machine # [    0.774326] smp: Bringing up secondary CPUs ...
machine # [    0.774996] smp: Brought up 1 node, 1 CPU
machine # [    0.775994] smpboot: Max logical packages: 1
machine # [    0.776993] smpboot: Total of 1 processors activated (6623.99 BogoMIPS)
machine # [    0.778695] devtmpfs: initialized
machine # [    0.779037] x86/mm: Memory block size: 128MB
machine # [    0.780279] clocksource: jiffies: mask: 0xffffffff max_cycles: 0xffffffff, max_idle_ns: 1911260446275000 ns
machine # [    0.780996] futex hash table entries: 256 (order: 2, 16384 bytes, linear)
machine # [    0.782024] pinctrl core: initialized pinctrl subsystem
machine # [    0.783560] NET: Registered PF_NETLINK/PF_ROUTE protocol family
machine # [    0.784082] DMA: preallocated 128 KiB GFP_KERNEL pool for atomic allocations
machine # [    0.784996] DMA: preallocated 128 KiB GFP_KERNEL|GFP_DMA pool for atomic allocations
machine # [    0.785995] DMA: preallocated 128 KiB GFP_KERNEL|GFP_DMA32 pool for atomic allocations
machine # [    0.787002] audit: initializing netlink subsys (disabled)
machine # [    0.788101] thermal_sys: Registered thermal governor 'bang_bang'
machine # [    0.788102] thermal_sys: Registered thermal governor 'step_wise'
machine # [    0.788994] thermal_sys: Registered thermal governor 'user_space'
machine # [    0.790017] audit: type=2000 audit(1678089050.323:1): state=initialized audit_enabled=0 res=1
machine # [    0.792018] cpuidle: using governor menu
machine # [    0.793160] acpiphp: ACPI Hot Plug PCI Controller Driver version: 0.5
machine # [    0.794435] PCI: Using configuration type 1 for base access
machine # [    0.795817] kprobes: kprobe jump-optimization is enabled. All kprobes are optimized if possible.
machine # [    0.813863] HugeTLB: registered 1.00 GiB page size, pre-allocated 0 pages
machine # [    0.813994] HugeTLB: 16380 KiB vmemmap can be freed for a 1.00 GiB page
machine # [    0.814994] HugeTLB: registered 2.00 MiB page size, pre-allocated 0 pages
machine # [    0.815994] HugeTLB: 28 KiB vmemmap can be freed for a 2.00 MiB page
machine # [    0.817228] ACPI: Added _OSI(Module Device)
machine # [    0.817994] ACPI: Added _OSI(Processor Device)
machine # [    0.818994] ACPI: Added _OSI(3.0 _SCP Extensions)
machine # [    0.819995] ACPI: Added _OSI(Processor Aggregator Device)
machine # [    0.821707] ACPI: 1 ACPI AML tables successfully acquired and loaded
machine # [    0.823876] ACPI: Interpreter enabled
machine # [    0.824008] ACPI: PM: (supports S0 S3 S4 S5)
machine # [    0.824994] ACPI: Using IOAPIC for interrupt routing
machine # [    0.826005] PCI: Using host bridge windows from ACPI; if necessary, use "pci=nocrs" and report a bug
machine # [    0.827010] PCI: Using E820 reservations for host bridge windows
machine # [    0.828173] ACPI: Enabled 2 GPEs in block 00 to 0F
machine # [    0.831854] ACPI: PCI Root Bridge [PCI0] (domain 0000 [bus 00-ff])
machine # [    0.831997] acpi PNP0A03:00: _OSC: OS supports [ASPM ClockPM Segments MSI HPX-Type3]
machine # [    0.832995] acpi PNP0A03:00: _OSC: not requesting OS control; OS requires [ExtendedConfig ASPM ClockPM MSI]
machine # [    0.834001] acpi PNP0A03:00: fail to add MMCONFIG information, can't access extended PCI configuration space under this bridge.
machine # [    0.835293] acpiphp: Slot [3] registered
machine # [    0.836065] acpiphp: Slot [4] registered
machine # [    0.837059] acpiphp: Slot [5] registered
machine # [    0.838056] acpiphp: Slot [6] registered
machine # [    0.839059] acpiphp: Slot [7] registered
machine # [    0.840057] acpiphp: Slot [8] registered
machine # [    0.841057] acpiphp: Slot [9] registered
machine # [    0.842069] acpiphp: Slot [10] registered
machine # [    0.843058] acpiphp: Slot [11] registered
machine # [    0.844056] acpiphp: Slot [12] registered
machine # [    0.845058] acpiphp: Slot [13] registered
machine # [    0.846058] acpiphp: Slot [14] registered
machine # [    0.847055] acpiphp: Slot [15] registered
machine # [    0.848056] acpiphp: Slot [16] registered
machine # [    0.849058] acpiphp: Slot [17] registered
machine # [    0.850060] acpiphp: Slot [18] registered
machine # [    0.851055] acpiphp: Slot [19] registered
machine # [    0.852056] acpiphp: Slot [20] registered
machine # [    0.853058] acpiphp: Slot [21] registered
machine # [    0.854058] acpiphp: Slot [22] registered
machine # [    0.855055] acpiphp: Slot [23] registered
machine # [    0.856057] acpiphp: Slot [24] registered
machine # [    0.857058] acpiphp: Slot [25] registered
machine # [    0.858055] acpiphp: Slot [26] registered
machine # [    0.859056] acpiphp: Slot [27] registered
machine # [    0.860059] acpiphp: Slot [28] registered
machine # [    0.861072] acpiphp: Slot [29] registered
machine # [    0.862055] acpiphp: Slot [30] registered
machine # [    0.863056] acpiphp: Slot [31] registered
machine # [    0.864062] PCI host bridge to bus 0000:00
machine # [    0.864994] pci_bus 0000:00: root bus resource [io  0x0000-0x0cf7 window]
machine # [    0.865994] pci_bus 0000:00: root bus resource [io  0x0d00-0xffff window]
machine # [    0.866994] pci_bus 0000:00: root bus resource [mem 0x000a0000-0x000bffff window]
machine # [    0.867994] pci_bus 0000:00: root bus resource [mem 0x40000000-0xfebfffff window]
machine # [    0.868994] pci_bus 0000:00: root bus resource [mem 0x100000000-0x17fffffff window]
machine # [    0.869994] pci_bus 0000:00: root bus resource [bus 00-ff]
machine # [    0.871223] pci 0000:00:00.0: [8086:1237] type 00 class 0x060000
machine # [    0.875178] pci 0000:00:01.0: [8086:7000] type 00 class 0x060100
machine # [    0.880211] pci 0000:00:01.1: [8086:7010] type 00 class 0x010180
machine # [    0.885309] pci 0000:00:01.1: reg 0x20: [io  0xc1e0-0xc1ef]
machine # [    0.887996] pci 0000:00:01.1: legacy IDE quirk: reg 0x10: [io  0x01f0-0x01f7]
machine # [    0.888994] pci 0000:00:01.1: legacy IDE quirk: reg 0x14: [io  0x03f6]
machine # [    0.889993] pci 0000:00:01.1: legacy IDE quirk: reg 0x18: [io  0x0170-0x0177]
machine # [    0.890993] pci 0000:00:01.1: legacy IDE quirk: reg 0x1c: [io  0x0376]
machine # [    0.892740] pci 0000:00:01.2: [8086:7020] type 00 class 0x0c0300
machine # [    0.896725] pci 0000:00:01.2: reg 0x20: [io  0xc100-0xc11f]
machine # [    0.899156] pci 0000:00:01.3: [8086:7113] type 00 class 0x068000
machine # [    0.903102] pci 0000:00:01.3: quirk: [io  0x0600-0x063f] claimed by PIIX4 ACPI
machine # [    0.904047] pci 0000:00:01.3: quirk: [io  0x0700-0x070f] claimed by PIIX4 SMB
machine # [    0.906213] pci 0000:00:02.0: [1234:1111] type 00 class 0x030000
machine # [    0.908757] pci 0000:00:02.0: reg 0x10: [mem 0xfd000000-0xfdffffff pref]
machine # [    0.911668] pci 0000:00:02.0: reg 0x18: [mem 0xfebd0000-0xfebd0fff]
machine # [    0.916895] pci 0000:00:02.0: reg 0x30: [mem 0xfebc0000-0xfebcffff pref]
machine # [    0.917366] pci 0000:00:02.0: Video device with shadowed ROM at [mem 0x000c0000-0x000dffff]
machine # [    0.920355] pci 0000:00:03.0: [1af4:1000] type 00 class 0x020000
machine # [    0.922478] pci 0000:00:03.0: reg 0x10: [io  0xc120-0xc13f]
machine # [    0.923996] pci 0000:00:03.0: reg 0x14: [mem 0xfebd1000-0xfebd1fff]
machine # [    0.927995] pci 0000:00:03.0: reg 0x20: [mem 0xfe000000-0xfe003fff 64bit pref]
machine # [    0.929995] pci 0000:00:03.0: reg 0x30: [mem 0xfeb40000-0xfeb7ffff pref]
machine # [    0.935785] pci 0000:00:04.0: [1af4:1005] type 00 class 0x00ff00
machine # [    0.937474] pci 0000:00:04.0: reg 0x10: [io  0xc140-0xc15f]
machine # [    0.938996] pci 0000:00:04.0: reg 0x14: [mem 0xfebd2000-0xfebd2fff]
machine # [    0.943764] pci 0000:00:04.0: reg 0x20: [mem 0xfe004000-0xfe007fff 64bit pref]
machine # [    0.949856] pci 0000:00:05.0: [1af4:1009] type 00 class 0x000200
machine # [    0.951385] pci 0000:00:05.0: reg 0x10: [io  0xc080-0xc0bf]
machine # [    0.952996] pci 0000:00:05.0: reg 0x14: [mem 0xfebd3000-0xfebd3fff]
machine # [    0.956995] pci 0000:00:05.0: reg 0x20: [mem 0xfe008000-0xfe00bfff 64bit pref]
machine # [    0.964255] pci 0000:00:06.0: [1af4:1009] type 00 class 0x000200
machine # [    0.966447] pci 0000:00:06.0: reg 0x10: [io  0xc160-0xc17f]
machine # [    0.967995] pci 0000:00:06.0: reg 0x14: [mem 0xfebd4000-0xfebd4fff]
machine # [    0.972995] pci 0000:00:06.0: reg 0x20: [mem 0xfe00c000-0xfe00ffff 64bit pref]
machine # [    0.979739] pci 0000:00:07.0: [1af4:1009] type 00 class 0x000200
machine # [    0.981547] pci 0000:00:07.0: reg 0x10: [io  0xc180-0xc19f]
machine # [    0.983415] pci 0000:00:07.0: reg 0x14: [mem 0xfebd5000-0xfebd5fff]
machine # [    0.986994] pci 0000:00:07.0: reg 0x20: [mem 0xfe010000-0xfe013fff 64bit pref]
machine # [    0.993900] pci 0000:00:08.0: [1af4:1001] type 00 class 0x010000
machine # [    0.995493] pci 0000:00:08.0: reg 0x10: [io  0xc000-0xc07f]
machine # [    0.996996] pci 0000:00:08.0: reg 0x14: [mem 0xfebd6000-0xfebd6fff]
machine # [    1.001012] pci 0000:00:08.0: reg 0x20: [mem 0xfe014000-0xfe017fff 64bit pref]
machine # [    1.007980] pci 0000:00:09.0: [1af4:1000] type 00 class 0x020000
machine # [    1.010454] pci 0000:00:09.0: reg 0x10: [io  0xc1a0-0xc1bf]
machine # [    1.011996] pci 0000:00:09.0: reg 0x14: [mem 0xfebd7000-0xfebd7fff]
machine # [    1.015995] pci 0000:00:09.0: reg 0x20: [mem 0xfe018000-0xfe01bfff 64bit pref]
machine # [    1.017996] pci 0000:00:09.0: reg 0x30: [mem 0xfeb80000-0xfebbffff pref]
machine # [    1.024514] pci 0000:00:0a.0: [1af4:1052] type 00 class 0x090000
machine # [    1.026996] pci 0000:00:0a.0: reg 0x14: [mem 0xfebd8000-0xfebd8fff]
machine # [    1.030720] pci 0000:00:0a.0: reg 0x20: [mem 0xfe01c000-0xfe01ffff 64bit pref]
machine # [    1.036879] pci 0000:00:0b.0: [1af4:1003] type 00 class 0x078000
machine # [    1.038575] pci 0000:00:0b.0: reg 0x10: [io  0xc0c0-0xc0ff]
machine # [    1.039996] pci 0000:00:0b.0: reg 0x14: [mem 0xfebd9000-0xfebd9fff]
machine # [    1.043996] pci 0000:00:0b.0: reg 0x20: [mem 0xfe020000-0xfe023fff 64bit pref]
machine # [    1.051103] pci 0000:00:0c.0: [1af4:1005] type 00 class 0x00ff00
machine # [    1.053496] pci 0000:00:0c.0: reg 0x10: [io  0xc1c0-0xc1df]
machine # [    1.054996] pci 0000:00:0c.0: reg 0x14: [mem 0xfebda000-0xfebdafff]
machine # [    1.059012] pci 0000:00:0c.0: reg 0x20: [mem 0xfe024000-0xfe027fff 64bit pref]
machine # [    1.066440] ACPI: PCI: Interrupt link LNKA configured for IRQ 10
machine # [    1.067349] ACPI: PCI: Interrupt link LNKB configured for IRQ 10
machine # [    1.068334] ACPI: PCI: Interrupt link LNKC configured for IRQ 11
machine # [    1.069332] ACPI: PCI: Interrupt link LNKD configured for IRQ 11
machine # [    1.070196] ACPI: PCI: Interrupt link LNKS configured for IRQ 9
machine # [    1.071470] iommu: Default domain type: Translated
machine # [    1.071995] iommu: DMA domain TLB invalidation policy: lazy mode
machine # [    1.073505] NetLabel: Initializing
machine # [    1.073995] NetLabel:  domain hash size = 128
machine # [    1.074995] NetLabel:  protocols = UNLABELED CIPSOv4 CALIPSO
machine # [    1.076016] NetLabel:  unlabeled traffic allowed by default
machine # [    1.077001] PCI: Using ACPI for IRQ routing
machine # [    1.080065] pci 0000:00:02.0: vgaarb: setting as boot VGA device
machine # [    1.080980] pci 0000:00:02.0: vgaarb: bridge control possible
machine # [    1.080980] pci 0000:00:02.0: vgaarb: VGA device added: decodes=io+mem,owns=io+mem,locks=none
machine # [    1.080997] vgaarb: loaded
machine # [    1.082124] hpet0: at MMIO 0xfed00000, IRQs 2, 8, 0
machine # [    1.082994] hpet0: 3 comparators, 64-bit 100.000000 MHz counter
machine # [    1.088046] clocksource: Switched to clocksource kvm-clock
machine # [    1.100953] VFS: Disk quotas dquot_6.6.0
machine # [    1.103811] VFS: Dquot-cache hash table entries: 512 (order 0, 4096 bytes)
machine # [    1.109125] pnp: PnP ACPI init
machine # [    1.112099] pnp: PnP ACPI: found 6 devices
machine # [    1.121266] clocksource: acpi_pm: mask: 0xffffff max_cycles: 0xffffff, max_idle_ns: 2085701024 ns
machine # [    1.127420] clocksource: Switched to clocksource acpi_pm
machine # [    1.131359] NET: Registered PF_INET protocol family
machine # [    1.135377] IP idents hash table entries: 16384 (order: 5, 131072 bytes, linear)
machine # [    1.142365] tcp_listen_portaddr_hash hash table entries: 512 (order: 1, 8192 bytes, linear)
machine # [    1.148350] Table-perturb hash table entries: 65536 (order: 6, 262144 bytes, linear)
machine # [    1.154187] TCP established hash table entries: 8192 (order: 4, 65536 bytes, linear)
machine # [    1.159928] TCP bind hash table entries: 8192 (order: 6, 262144 bytes, linear)
machine # [    1.165361] TCP: Hash tables configured (established 8192 bind 8192)
machine # [    1.170241] MPTCP token hash table entries: 1024 (order: 2, 24576 bytes, linear)
machine # [    1.175798] UDP hash table entries: 512 (order: 2, 16384 bytes, linear)
machine # [    1.180793] UDP-Lite hash table entries: 512 (order: 2, 16384 bytes, linear)
machine # [    1.186269] NET: Registered PF_UNIX/PF_LOCAL protocol family
machine # [    1.190507] NET: Registered PF_XDP protocol family
machine # [    1.194250] pci_bus 0000:00: resource 4 [io  0x0000-0x0cf7 window]
machine # [    1.198742] pci_bus 0000:00: resource 5 [io  0x0d00-0xffff window]
machine # [    1.203214] pci_bus 0000:00: resource 6 [mem 0x000a0000-0x000bffff window]
machine # [    1.208263] pci_bus 0000:00: resource 7 [mem 0x40000000-0xfebfffff window]
machine # [    1.213268] pci_bus 0000:00: resource 8 [mem 0x100000000-0x17fffffff window]
machine # [    1.218613] pci 0000:00:01.0: PIIX3: Enabling Passive Release
machine # [    1.222893] pci 0000:00:00.0: Limiting direct PCI/PCI transfers
machine # [    1.249882] ACPI: \_SB_.LNKD: Enabled at IRQ 11
machine # [    1.276681] pci 0000:00:01.2: quirk_usb_early_handoff+0x0/0x750 took 48046 usecs
machine # [    1.282778] PCI: CLS 0 bytes, default 64
machine # [    1.285928] Trying to unpack rootfs image as initramfs...
machine # [    1.290236] clocksource: tsc: mask: 0xffffffffffffffff max_cycles: 0x2fbd924e8de, max_idle_ns: 440795321919 ns
machine # [    1.305493] Initialise system trusted keyrings
machine # [    1.314218] workingset: timestamp_bits=40 max_order=18 bucket_order=0
machine # [    1.324174] zbud: loaded
machine # [    1.330470] Key type asymmetric registered
machine # [    1.337252] Asymmetric key parser 'x509' registered
machine # [    1.405648] Freeing initrd memory: 15960K
machine # [    1.413495] alg: self-tests for CTR-KDF (hmac(sha256)) passed
machine # [    1.417623] Block layer SCSI generic (bsg) driver version 0.4 loaded (major 252)
machine # [    1.422847] io scheduler mq-deadline registered
machine # [    1.426195] io scheduler kyber registered
machine # [    1.429482] Serial: 8250/16550 driver, 4 ports, IRQ sharing enabled
machine # [    1.434710] 00:04: ttyS0 at I/O 0x3f8 (irq = 4, base_baud = 115200) is a 16550A
machine # [    1.441184] intel_pstate: CPU model not supported
machine # [    1.444590] drop_monitor: Initializing network drop monitor service
machine # [    1.458794] NET: Registered PF_INET6 protocol family
machine # [    1.466560] Segment Routing with IPv6
machine # [    1.469267] In-situ OAM (IOAM) with IPv6
machine # [    1.472603] IPI shorthand broadcast: enabled
machine # [    1.475894] registered taskstats version 1
machine # [    1.478859] Loading compiled-in X.509 certificates
machine # [    1.482398] zswap: loaded using pool lzo/zbud
machine # [    1.485848] Key type .fscrypt registered
machine # [    1.488823] Key type fscrypt-provisioning registered
machine # [    1.493575] Unstable clock detected, switching default tracing clock to "global"
machine # [    1.493575] If you want to keep using the local clock, then add:
machine # [    1.493575]   "trace_clock=local"
machine # [    1.493575] on the kernel command line
machine # [    1.510179] Freeing unused decrypted memory: 2036K
machine # [    1.513242] Freeing unused kernel image (initmem) memory: 1876K
machine # [    1.515943] Write protecting the kernel read-only data: 22528k
machine # [    1.519974] Freeing unused kernel image (text/rodata gap) memory: 2040K
machine # [    1.522862] Freeing unused kernel image (rodata/data gap) memory: 660K
machine # [    1.564416] x86/mm: Checked W+X mappings: passed, no W+X pages found.
machine # [    1.567162] x86/mm: Checking user space page tables
machine # [    1.606960] x86/mm: Checked W+X mappings: passed, no W+X pages found.
machine # [    1.609752] Run /init as init process
machine # [    1.621154] systemd[1]: Inserted module 'autofs4'
machine # [    1.630602] systemd[1]: systemd 252.5 running in system mode (+PAM -AUDIT -SELINUX -APPARMOR +IMA +SMACK +SECCOMP -GCRYPT -GNUTLS +OPENSSL +ACL +BLKID -CURL -ELFUTILS +FIDO2 -IDN2 -IDN -IPTC +KMOD +LIBCRYPTSETUP +LIBFDISK -PCRE2 -PWQUALITY -P11KIT -QRENCODE +TPM2 -BZIP2 -LZ4 -XZ -ZLIB -ZSTD -BPF_FRAMEWORK -XKBCOMMON +UTMP -SYSVINIT default-hierarchy=unified)
machine # [    1.642929] systemd[1]: Detected virtualization kvm.
machine # [    1.645306] systemd[1]: Detected architecture x86-64.
machine # [    1.647675] systemd[1]: Running in initrd.
machine # [    1.649755] systemd[1]: No hostname configured, using default hostname.
machine # [    1.652811] systemd[1]: Hostname set to <localhost>.
machine # [    1.655396] systemd[1]: Initializing machine ID from random generator.
machine # [    1.710728] systemd[1]: Queued start job for default target Initrd Default Target.
machine # [    1.718952] systemd[1]: Created slice Slice /system/systemd-makefs.
machine # [    1.722259] systemd[1]: Started Dispatch Password Requests to Console Directory Watch.
machine # [    1.726319] systemd[1]: Reached target Initrd Root Device.
machine # [    1.729243] systemd[1]: Reached target Path Units.
machine # [    1.731720] systemd[1]: Reached target Slice Units.
machine # [    1.734319] systemd[1]: Reached target Swaps.
machine # [    1.736629] systemd[1]: Reached target Timer Units.
machine # [    1.739469] systemd[1]: Listening on Journal Audit Socket.
machine # [    1.742425] systemd[1]: Listening on Journal Socket (/dev/log).
machine # [    1.745632] systemd[1]: Listening on Journal Socket.
machine # [    1.748481] systemd[1]: Listening on udev Control Socket.
machine # [    1.751427] systemd[1]: Listening on udev Kernel Socket.
machine # [    1.754218] systemd[1]: Reached target Socket Units.
machine # [    1.756779] systemd[1]: Kernel Configuration File System was skipped because of an unmet condition check (ConditionPathExists=/sys/kernel/config).
machine # [    1.768634] systemd[1]: Starting Create List of Static Device Nodes...
machine # [    1.778492] systemd[1]: Starting Journal Service...
machine # [    1.788507] systemd[1]: Starting Load Kernel Modules...
machine # [    1.803490] systemd[1]: Starting Coldplug All udev Devices...
machine # [    1.825637] systemd[1]: Finished Create List of Static Device Nodes.
machine # [    1.851499] systemd[1]: Starting Create Static Device Nodes in /dev...
machine # [    1.862270] loop: module loaded
machine # [    1.880450] systemd[1]: Finished Create Static Device Nodes in /dev.
machine # [    1.896551] audit: type=1334 audit(1678089051.431:2): prog-id=6 op=LOAD
machine # [    1.900894] audit: type=1334 audit(1678089051.435:3): prog-id=7 op=LOAD
machine # [    1.911490] systemd[1]: Starting Rule-based Manager for Device Events and Files...
machine # [    1.923182] device-mapper: ioctl: 4.47.0-ioctl (2022-07-28) initialised: dm-devel@redhat.com
machine # [    1.940976] systemd[1]: Finished Load Kernel Modules.
machine # [    1.956529] systemd[1]: Starting Apply Kernel Variables...
machine # [    1.986871] systemd[1]: Started Rule-based Manager for Device Events and Files.
machine # [    2.002401] systemd[1]: Finished Apply Kernel Variables.
machine # [    2.053324] systemd[1]: Finished Coldplug All udev Devices.
machine # [    2.207952] systemd[1]: Started Journal Service.
machine # [    1.548680] systemd-modules-load[75]: Inserted module 'virtio_balloon'
machine # [    1.557438] systemd-modules-load[75]: Inserted module 'virtio_console'
machine # [    1.567356] systemd-modules-load[75]: Inserted module 'loop'
machine # [    1.575373] systemd-modules-load[75]: Inserted module 'dm_mod'
machine # [    1.584500] systemd-udevd[79]: Using default interface naming scheme 'v252'.
machine # [    1.595373] systemd-udevd[79]: /nix/store/m1safh1fssisd0f7brzi65y3g9qixf0j-systemd-stage-1-252.5/lib/udev/rules.d/50-udev-default.rules:22 Unknown group 'tty', ignoring
machine # [    1.614031] systemd-udevd[79]: /nix/store/m1safh1fssisd0f7brzi65y3g9qixf0j-systemd-stage-1-252.5/lib/udev/rules.d/50-udev-default.rules:23 Unknown group 'tty', ignoring
machine # [    1.629686] systemd-udevd[79]: /nix/store/m1safh1fssisd0f7brzi65y3g9qixf0j-systemd-stage-1-252.5/lib/udev/rules.d/50-udev-default.rules:24 Unknown group 'tty', ignoring
machine # [    1.644549] systemd-udevd[79]: /nix/store/m1safh1fssisd0f7brzi65y3g9qixf0j-systemd-stage-1-252.5/lib/udev/rules.d/50-udev-default.rules:25 Unknown group 'tty', ignoring
machine # [    1.659404] systemd-udevd[79]: /nix/store/m1safh1fssisd0f7brzi65y3g9qixf0j-systemd-stage-1-252.5/lib/udev/rules.d/50-udev-default.rules:26 Unknown group 'tty', ignoring
machine # [    1.675705] systemd-udevd[79]: /nix/store/m1safh1fssisd0f7brzi65y3g9qixf0j-systemd-stage-1-252.5/lib/udev/rules.d/50-udev-default.rules:27 Unknown group 'tty', ignoring
machine # [    1.695232] systemd-udevd[79]: /nix/store/m1safh1fssisd0f7brzi65y3g9qixf0j-systemd-stage-1-252.5/lib/udev/rules.d/50-udev-default.rules:28 Unknown group 'tty', ignoring
machine # [    1.714471] systemd-udevd[79]: /nix/store/m1safh1fssisd0f7brzi65y3g9qixf0j-systemd-stage-1-252.5/lib/udev/rules.d/50-udev-default.rules:29 Unknown group 'dialout', ignoring
machine # [    1.732572] systemd-udevd[79]: /nix/store/m1safh1fssisd0f7brzi65y3g9qixf0j-systemd-stage-1-252.5/lib/udev/rules.d/50-udev-default.rules:31 Unknown group 'kmem', ignoring
machine # [    1.751057] systemd-udevd[79]: /nix/store/m1safh1fssisd0f7brzi65y3g9qixf0j-systemd-stage-1-252.5/lib/udev/rules.d/50-udev-default.rules:33 Unknown group 'input', ignoring
machine # [    1.768445] systemd-udevd[79]: /nix/store/m1safh1fssisd0f7brzi65y3g9qixf0j-systemd-stage-1-252.5/lib/udev/rules.d/50-udev-default.rules:36 Unknown group 'video', ignoring
machine # [    1.785732] systemd-udevd[79]: /nix/store/m1safh1fssisd0f7brzi65y3g9qixf0j-systemd-stage-1-252.5/lib/udev/rules.d/50-udev-default.rules:37 Unknown group 'video', ignoring
machine # [    1.806062] systemd-udevd[79]: /nix/store/m1safh1fssisd0f7brzi65y3g9qixf0j-systemd-stage-1-252.5/lib/udev/rules.d/50-udev-default.rules:38 Unknown group 'video', ignoring
machine # [    1.823242] systemd-udevd[79]: /nix/store/m1safh1fssisd0f7brzi65y3g9qixf0j-systemd-stage-1-252.5/lib/udev/rules.d/50-udev-default.rules:39 Unknown group 'video', ignoring
machine # [    1.838008] systemd-udevd[79]: /nix/store/m1safh1fssisd0f7brzi65y3g9qixf0j-systemd-stage-1-252.5/lib/udev/rules.d/50-udev-default.rules:40 Unknown group 'video', ignoring
machine # [    1.854283] systemd-udevd[79]: /nix/store/m1safh1fssisd0f7brzi65y3g9qixf0j-systemd-stage-1-252.5/lib/udev/rules.d/50-udev-default.rules:41 Unknown group 'video', ignoring
machine # [    1.870303] systemd-udevd[79]: /nix/store/m1safh1fssisd0f7brzi65y3g9qixf0j-systemd-stage-1-252.5/lib/udev/rules.d/50-udev-default.rules:43 Unknown group 'render', ignoring
machine # [    1.884729] systemd-udevd[79]: /nix/store/m1safh1fssisd0f7brzi65y3g9qixf0j-systemd-stage-1-252.5/lib/udev/rules.d/50-udev-default.rules:44 Unknown group 'render', ignoring
machine # [    1.899729] systemd-udevd[79]: /nix/store/m1safh1fssisd0f7brzi65y3g9qixf0j-systemd-stage-1-252.5/lib/udev/rules.d/50-udev-default.rules:46 Unknown group 'sgx', ignoring
machine # [    1.915418] systemd-udevd[79]: /nix/store/m1safh1fssisd0f7brzi65y3g9qixf0j-systemd-stage-1-252.5/lib/udev/rules.d/50-udev-default.rules:47 Unknown group 'sgx', ignoring
machine # [    1.930419] systemd-udevd[79]: /nix/store/m1safh1fssisd0f7brzi65y3g9qixf0j-systemd-stage-1-252.5/lib/udev/rules.d/50-udev-default.rules:53 Unknown group 'audio', ignoring
machine # [    1.945439] systemd-udevd[79]: /nix/store/m1safh1fssisd0f7brzi65y3g9qixf0j-systemd-stage-1-252.5/lib/udev/rules.d/50-udev-default.rules:63 Unknown group 'audio', ignoring
machine # [    1.960428] systemd-udevd[79]: /nix/store/m1safh1fssisd0f7brzi65y3g9qixf0j-systemd-stage-1-252.5/lib/udev/rules.d/50-udev-default.rules:64 Unknown group 'audio', ignoring
machine # [    1.975412] systemd-udevd[79]: /nix/store/m1safh1fssisd0f7brzi65y3g9qixf0j-systemd-stage-1-252.5/lib/udev/rules.d/50-udev-default.rules:65 Unknown group 'video', ignoring
machine # [    1.989688] systemd-udevd[79]: /nix/store/m1safh1fssisd0f7brzi65y3g9qixf0j-systemd-stage-1-252.5/lib/udev/rules.d/50-udev-default.rules:67 Unknown group 'lp', ignoring
machine # [    2.004726] systemd-udevd[79]: /nix/store/m1safh1fssisd0f7brzi65y3g9qixf0j-systemd-stage-1-252.5/lib/udev/rules.d/50-udev-default.rules:68 Unknown group 'lp', ignoring
machine # [    2.019408] systemd-udevd[79]: /nix/store/m1safh1fssisd0f7brzi65y3g9qixf0j-systemd-stage-1-252.5/lib/udev/rules.d/50-udev-default.rules:69 Unknown group 'lp', ignoring
machine # [    2.034371] systemd-udevd[79]: /nix/store/m1safh1fssisd0f7brzi65y3g9qixf0j-systemd-stage-1-252.5/lib/udev/rules.d/50-udev-default.rules:70 Unknown group 'lp', ignoring
machine # [    2.049405] systemd-udevd[79]: /nix/store/m1safh1fssisd0f7brzi65y3g9qixf0j-systemd-stage-1-252.5/lib/udev/rules.d/50-udev-default.rules:71 Unknown group 'lp', ignoring
machine # [    2.064542] systemd-udevd[79]: /nix/store/m1safh1fssisd0f7brzi65y3g9qixf0j-systemd-stage-1-252.5/lib/udev/rules.d/50-udev-default.rules:72 Unknown group 'lp', ignoring[    2.744337] i8042: PNP: PS/2 Controller [PNP0303:KBD,PNP0f13:MOU] at 0x60,0x64 irq 1,12
machine # 
machine # [    2.081078] systemd-udevd[79]: /nix/store/m1safh1fssisd0f7brzi65y3g9qixf0j-systemd-stage-1-252.5/lib/udev/rules.d/50-udev-default.rules:74 Unknown group 'disk', ignoring[    2.758969] rtc_cmos 00:05: RTC can wake from S4
machine # 
machine # [    2.098033] systemd-udevd[79]: /nix/store/m1safh1fssisd0f7brzi65y3g9qixf0j-systemd-stage-1-252.5/lib/udev/rules.d/50-udev-default.rules:75 Unknown group 'cdrom', ignoring
machine # [    2.112406] systemd-udevd[79]: /nix/store/m1safh1fssisd0f7brzi65y3g9qixf0j-systemd-stage-1-252.5/lib/udev/rules.d/50-udev-default.rules:76 Unknown group 'cdrom', ignoring[    2.792973] rtc_cmos 00:05: registered as rtc0
machine # 
machine # [    2.127748] systemd-udevd[79]: /nix/store/m1safh1fssisd0f7brzi65y3g9qixf0j-systemd-stage-1-252.5/lib/udev/rules.d/50-udev-default.rules:77 Unknown group 'cdrom', ignoring[    2.807708] serio: i8042 KBD port at 0x60,0x64 irq 1
machine # 
machine # [    2.144577] systemd-udevd[79]: /nix/store/m1safh1fssisd0f7brzi65y3g9qixf0j-systemd-stage-1-252.5/lib/udev/rules.d/50-udev-default.rules:78 Unknown group 'cdrom', ignoring[    2.819911] rtc_cmos 00:05: alarms up to one day, y3k, 242 bytes nvram, hpet irqs
machine # 
machine # [    2.828162] serio: i8042 AUX port at 0x60,0x64 irq 12
machine # [    2.163289] systemd-udevd[79]: /nix/store/m1safh1fssisd0f7brzi65y3g9qixf0j-systemd-stage-1-252.5/lib/udev/rules.d/50-udev-default.rules:79 Unknown group 'cdrom', ignoring
machine # [    2.176715] systemd-udevd[79]: /nix/store/m1safh1fssisd0f7brzi65y3g9qixf0j-systemd-stage-1-252.5/lib/udev/rules.d/50-udev-default.rules:81 Unknown group 'tape', ignoring
machine # [    2.191774] systemd-udevd[79]: /nix/store/m1safh1fssisd0f7brzi65y3g9qixf0j-systemd-stage-1-252.5/lib/udev/rules.d/50-udev-default.rules:82 Unknown group 'disk', ignoring
machine # [    2.207758] systemd-udevd[79]: /nix/store/m1safh1fssisd0f7brzi65y3g9qixf0j-systemd-stage-1-252.5/lib/udev/rules.d/50-udev-default.rules:83 Unknown group 'disk', ignoring
machine # [    2.223603] systemd-udevd[79]: /nix/store/m1safh1fssisd0f7brzi65y3g9qixf0j-systemd-stage-1-252.5/lib/udev/rules.d/50-udev-default.rules:84 Unknown group 'disk', ignoring
machine # [    2.238505] systemd-udevd[79]: /nix/store/m1safh1fssisd0f7brzi65y3g9qixf0j-systemd-stage-1-252.5/lib/udev/rules.d/50-udev-default.rules:85 Unknown group 'disk', ignoring
machine # [    2.253420] systemd-udevd[79]: /nix/store/m1safh1fssisd0f7brzi65y3g9qixf0j-systemd-stage-1-252.5/lib/udev/rules.d/50-udev-default.rules:86 Unknown group 'disk', ignoring
machine # [    2.268769] systemd-udevd[79]: /nix/store/m1safh1fssisd0f7brzi65y3g9qixf0j-systemd-stage-1-252.5/lib/udev/rules.d/50-udev-default.rules:87 Unknown group 'disk', ignoring
machine # [    2.283719] systemd-udevd[79]: /nix/store/m1safh1fssisd0f7brzi65y3g9qixf0j-systemd-stage-1-252.5/lib/udev/rules.d/50-udev-default.rules:88 Unknown group 'disk', ignoring
machine # [    2.299718] systemd-udevd[79]: /nix/store/m1safh1fssisd0f7brzi65y3g9qixf0j-systemd-stage-1-252.5/lib/udev/rules.d/50-udev-default.rules:97 Unknown group 'kvm', ignoring
machine # [    2.317063] systemd-udevd[79]: /nix/store/m1safh1fssisd0f7brzi65y3g9qixf0j-systemd-stage-1-252.5/lib/udev/rules.d/50-udev-default.rules:102 Unknown group 'kvm', ignoring
machine # [    2.332203] systemd-udevd[79]: /nix/store/m1safh1fssisd0f7brzi65y3g9qixf0j-systemd-stage-1-252.5/lib/udev/rules.d/50-udev-default.rules:104 Unknown group 'kvm', ignoring
machine # [    2.346717] systemd-udevd[79]: /nix/store/m1safh1fssisd0f7brzi65y3g9qixf0j-systemd-stage-1-252.5/lib/udev/rules.d/50-udev-default.rules:106 Unknown group 'kvm', ignoring[    3.021691] SCSI subsystem initialized
machine # 
machine # [    2.364202] systemd-udevd[83]: event_source: Failed to get device name: No such file or directory
machine # [    3.047352] ACPI: bus type USB registered
machine # [    3.056208] usbcore: registered new interface driver usbfs
machine # [    3.067172] usbcore: registered new interface driver hub
machine # [    3.076211] usbcore: registered new device driver usb
machine # [    3.086492] ACPI: \_SB_.LNKC: Enabled at IRQ 10
machine # [    3.128164] scsi host0: ata_piix
machine # [    3.138155] scsi host1: ata_piix
machine # [    3.139809] ata1: PATA max MWDMA2 cmd 0x1f0 ctl 0x3f6 bmdma 0xc1e0 irq 14
machine # [    3.142692] ata2: PATA max MWDMA2 cmd 0x170 ctl 0x376 bmdma 0xc1e8 irq 15
machine # [    3.197151] uhci_hcd 0000:00:01.2: UHCI Host Controller
machine # [    3.203956] uhci_hcd 0000:00:01.2: new USB bus registered, assigned bus number 1
machine # [    3.207246] uhci_hcd 0000:00:01.2: detected 2 ports
machine # [    3.216871] uhci_hcd 0000:00:01.2: irq 11, io port 0x0000c100
machine # [    3.221488] usb usb1: New USB device found, idVendor=1d6b, idProduct=0001, bcdDevice= 6.01
machine # [    3.225187] usb usb1: New USB device strings: Mfr=3, Product=2, SerialNumber=1
machine # [    3.228389] usb usb1: Product: UHCI Host Controller
machine # [    3.230647] usb usb1: Manufacturer: Linux 6.1.15 uhci_hcd
machine # [    3.233222] usb usb1: SerialNumber: 0000:00:01.2
machine # [    3.252776] hub 1-0:1.0: USB hub found
machine # [    3.256169] hub 1-0:1.0: 2 ports detected
machine # [    3.269224] ACPI: \_SB_.LNKA: Enabled at IRQ 10
machine # [    3.301456] ACPI: \_SB_.LNKB: Enabled at IRQ 11
machine # [    3.304585] ata2: found unknown device (class 0)
machine # [    3.315339] ata2.00: ATAPI: QEMU DVD-ROM, 2.5+, max UDMA/100
machine # [    3.328696] scsi 1:0:0:0: CD-ROM            QEMU     QEMU DVD-ROM     2.5+ PQ: 0 ANSI: 5
machine # [    3.482512] usb 1-1: new full-speed USB device number 2 using uhci_hcd
machine # [    3.645617] input: AT Translated Set 2 keyboard as /devices/platform/i8042/serio0/input/input0
machine # [    3.657406] usb 1-1: New USB device found, idVendor=0627, idProduct=0001, bcdDevice= 0.00
machine # [    3.661163] usb 1-1: New USB device strings: Mfr=1, Product=3, SerialNumber=10
machine # [    3.664376] usb 1-1: Product: QEMU USB Tablet
machine # [    3.666427] usb 1-1: Manufacturer: QEMU
machine # [    3.668239] usb 1-1: SerialNumber: 28754-0000:00:01.2-1
machine # [    3.720923] virtio_blk virtio5: 1/0/0 default/read/poll queues
machine # [    3.727211] 9pnet: Installing 9P2000 support
machine # [    3.757450] sr 1:0:0:0: [sr0] scsi3-mmc drive: 4x/4x cd/rw xa/form2 tray
machine # [    3.760583] cdrom: Uniform CD-ROM driver Revision: 3.20
machine # [    3.775746] virtio_blk virtio5: [vda] 2097152 512-byte logical blocks (1.07 GB/1.00 GiB)
machine # [    3.856715] hid: raw HID events driver (C) Jiri Kosina
machine # [    3.196251] systemd-udevd[90]: Network interface NamePolicy= disabled on kernel command line.
machine # [    3.209342] systemd-udevd[84]: eth1: Config file /nix/store/vcgrvcj9yp01k8crbngfhbzqwdg26jrr-initrd-link-units/40-eth1.link is applied to device based on potentially unpredictable interface name.
machine # [    3.240607] systemd-udevd[84]: Network interface NamePolicy= disabled on kernel command line.
machine # [    3.255321] systemd[1]: Found device /dev/vda.
machine # [    3.269750] systemd[1]: Starting Make File System on /dev/vda...
machine # [    3.969735] usbcore: registered new interface driver usbhid
machine # [    3.972201] usbhid: USB HID core driver
machine # [    3.323318] systemd-makefs[110]: /dev/vda successfully formatted as ext4 (label "vda", uuid c8fdba59-63fe-4bc0-9bcb-06550055efba)
machine # [    3.344132] systemd[1]: Finished Make File System on /dev/vda.
machine # [    3.356184] systemd[1]: Mounting /sysroot...
machine # [    3.376352] systemd-udevd[87]: vtcon0: Process '/nix/store/m1safh1fssisd0f7brzi65y3g9qixf0j-systemd-stage-1-252.5/lib/systemd/systemd-vconsole-setup' failed with exit code 1.
machine # [    4.084389] input: QEMU QEMU USB Tablet as /devices/pci0000:00/0000:00:01.2/usb1/1-1/1-1:1.0/0003:0627:0001.0001/input/input2
machine # [    4.107670] hid-generic 0003:0627:0001.0001: input,hidraw0: USB HID v0.01 Mouse [QEMU QEMU USB Tablet] on usb-0000:00:01.2-1/input0
machine # [    4.174502] EXT4-fs (vda): mounted filesystem with ordered data mode. Quota mode: none.
machine # [    3.523143] systemd[1]: Mounted /sysroot.
machine # [    3.528194] systemd[1]: Reached target Initrd Root File System.
machine # [    3.541771] systemd[1]: Mounting /sysroot/nix/.ro-store...
machine # [    3.546594] systemd[1]: Mounting /sysroot/nix/.rw-store...
machine # [    3.553262] systemd[1]: Mounting /sysroot/tmp/shared...
machine # [    3.572650] systemd[1]: Mounting /sysroot/tmp/xchg...
machine # [    4.257256] FS-Cache: Loaded
machine # [    3.602278] systemd[1]: Starting Mountpoints Configured in the Real Root...
machine # [    3.642136] systemd[1]: Mounted /sysroot/nix/.rw-store.
machine # [    4.323373] 9p: Installing v9fs 9p2000 file system support
machine # [    3.677591] systemd[1]: Starting rw-store.service...
machine # [    3.687794] systemd[1]: Mounted /sysroot/nix/.ro-store.
machine # [    3.699453] systemd[1]: Mounted /sysroot/tmp/shared.
machine # [    3.717370] systemd[1]: Mounted /sysroot/tmp/xchg.
machine # [    3.723701] systemd[1]: rw-store.service: Deactivated successfully.
machine # [    3.736569] systemd[1]: Finished rw-store.service.
machine # [    3.739699] systemd[1]: initrd-parse-etc.service: Deactivated successfully.
machine # [    3.744031] systemd[1]: Finished Mountpoints Configured in the Real Root.
machine # [    4.354350] systemd[1]: Mounting /sysroot/nix/store...
machine # [    4.377779] systemd[1]: Mounted /sysroot/nix/store.
machine # [    4.384118] systemd[1]: Reached target Initrd File Systems.
machine # [    4.388735] systemd[1]: Reached target Local File Systems.
machine # [    4.400096] systemd[1]: Starting Create Volatile Files and Directories...
machine # [    4.412016] systemd[1]: Finished Create Volatile Files and Directories.
machine # [    4.424171] systemd[1]: Reached target System Initialization.
machine # [    4.432045] systemd[1]: Reached target Basic System.
machine # [    4.441172] systemd[1]: System is tainted: var-run-bad
machine # [    4.449313] systemd[1]: Starting NixOS Activation...
machine # [    4.622153] initrd-nixos-activation-start[140]: booting system configuration /nix/store/9yjwlifm5g0cngx391jrzxhr7ziycl0a-nixos-system-machine-23.05pre-git
machine # [    4.693053] initrd-nixos-activation-start[140]: running activation script...
machine # [    5.187161] initrd-nixos-activation-start[167]: setting up /etc...
machine # [    6.671705] systemd[1]: initrd-nixos-activation.service: Deactivated successfully.
machine # [    6.679601] systemd[1]: Finished NixOS Activation.
machine # [    6.687014] systemd[1]: Reached target Initrd Default Target.
machine # [    6.699480] systemd[1]: Starting Cleaning Up and Shutting Down Daemons...
machine # [    6.711525] systemd[1]: Stopped target Initrd Default Target.
machine # [    6.733071] systemd[1]: Stopped target Basic System.
machine # [    6.742644] systemd[1]: Stopped target Initrd Root Device.
machine # [    6.751371] systemd[1]: Stopped target Path Units.
machine # [    6.758523] systemd[1]: systemd-ask-password-console.path: Deactivated successfully.
machine # [    6.764731] systemd[1]: Stopped Dispatch Password Requests to Console Directory Watch.
machine # [    6.777257] systemd[1]: Stopped target Slice Units.
machine # [    6.783672] systemd[1]: Stopped target Socket Units.
machine # [    6.792204] systemd[1]: Stopped target System Initialization.
machine # [    6.800547] systemd[1]: Stopped target Swaps.
machine # [    6.805072] systemd[1]: Stopped target Timer Units.
machine # [    6.814148] systemd[1]: systemd-sysctl.service: Deactivated successfully.
machine # [    6.826401] systemd[1]: Stopped Apply Kernel Variables.
machine # [    6.835305] systemd[1]: systemd-modules-load.service: Deactivated successfully.
machine # [    6.844169] systemd[1]: Stopped Load Kernel Modules.
machine # [    6.851777] systemd[1]: systemd-tmpfiles-setup.service: Deactivated successfully.
machine # [    6.859682] systemd[1]: Stopped Create Volatile Files and Directories.
machine # [    6.867714] systemd[1]: Stopped target Local File Systems.
machine # [    6.875997] systemd[1]: systemd-udev-trigger.service: Deactivated successfully.
machine # [    6.883732] systemd[1]: Stopped Coldplug All udev Devices.
machine # [    6.892033] systemd[1]: Stopping Rule-based Manager for Device Events and Files...
machine # [    6.899990] systemd[1]: run-credentials-systemd\x2dtmpfiles\x2dsetup.service.mount: Deactivated successfully.
machine # [    6.910736] systemd[1]: run-credentials-systemd\x2dsysctl.service.mount: Deactivated successfully.
machine # [    6.920732] systemd[1]: initrd-cleanup.service: Deactivated successfully.
machine # [    6.929272] systemd[1]: Finished Cleaning Up and Shutting Down Daemons.
machine # [    7.607781] systemd-journald[74]: Received SIGTERM from PID 1 (systemd).
machine # [    6.946652] systemd[1]: systemd-udevd.service: Deactivated successfully.
machine # [    6.955005] systemd[1]: Stopped Rule-based Manager for Device Events and Files.
machine # [    6.964485] systemd[1]: systemd-udevd.service: Consumed 1.388s CPU time.
machine # [    6.971420] systemd[1]: systemd-udevd-control.socket: Deactivated successfully.
machine # [    6.978113] systemd[1]: Closed udev Control Socket.
machine # [    6.982530] systemd[1]: systemd-udevd-kernel.socket: Deactivated successfully.
machine # [    6.988092] systemd[1]: Closed udev Kernel Socket.
machine # [    6.992352] systemd[1]: Starting Cleanup udev Database...
machine # [    6.997191] systemd[1]: systemd-tmpfiles-setup-dev.service: Deactivated successfully.
machine # [    7.002563] systemd[1]: Stopped Create Static Device Nodes in /dev.
machine # [    7.007564] systemd[1]: kmod-static-nodes.service: Deactivated successfully.
machine # [    7.012490] systemd[1]: Stopped Create List of Static Device Nodes.
machine # [    7.017243] systemd[1]: run-credentials-systemd\x2dtmpfiles\x2dsetup\x2ddev.service.mount: Deactivated successfully.
machine # [    7.023649] systemd[1]: initrd-udevadm-cleanup-db.service: Deactivated successfully.
machine # [    7.029221] systemd[1]: Finished Cleanup udev Database.
machine # [    7.033698] systemd[1]: Reached target Switch Root.
machine # [    7.038063] systemd[1]: Starting Switch Root...
machine # [    7.042522] systemd[1]: Switching root.
machine # [    7.903980] systemd[1]: systemd 252.5 running in system mode (+PAM +AUDIT -SELINUX +APPARMOR +IMA +SMACK +SECCOMP +GCRYPT -GNUTLS +OPENSSL +ACL +BLKID +CURL +ELFUTILS +FIDO2 +IDN2 -IDN +IPTC +KMOD +LIBCRYPTSETUP +LIBFDISK +PCRE2 -PWQUALITY +P11KIT -QRENCODE +TPM2 +BZIP2 +LZ4 +XZ +ZLIB +ZSTD +BPF_FRAMEWORK -XKBCOMMON +UTMP -SYSVINIT default-hierarchy=unified)
machine # [    7.917345] systemd[1]: Detected virtualization kvm.
machine # [    7.919691] systemd[1]: Detected architecture x86-64.
machine # [    7.925676] systemd[1]: Initializing machine ID from random generator.
machine # [    7.949826] audit: type=1334 audit(1678089057.484:4): prog-id=8 op=LOAD
machine # [    7.952836] audit: type=1334 audit(1678089057.488:5): prog-id=8 op=UNLOAD
machine # [    7.956218] audit: type=1334 audit(1678089057.491:6): prog-id=9 op=LOAD
machine # [    7.959219] audit: type=1334 audit(1678089057.491:7): prog-id=9 op=UNLOAD
machine # [    7.972494] audit: type=1334 audit(1678089057.507:8): prog-id=10 op=LOAD
machine # [    7.975760] audit: type=1334 audit(1678089057.507:9): prog-id=10 op=UNLOAD
machine # [    7.978867] audit: type=1334 audit(1678089057.511:10): prog-id=11 op=LOAD
machine # [    7.981965] audit: type=1334 audit(1678089057.511:11): prog-id=11 op=UNLOAD
machine # [    7.987517] audit: type=1334 audit(1678089057.522:12): prog-id=12 op=LOAD
machine # [    7.994211] audit: type=1334 audit(1678089057.522:13): prog-id=12 op=UNLOAD
machine # [    8.269366] systemd[1]: bpf-lsm: LSM BPF program attached
machine # [    9.146271] systemd[1]: systemd-journald.service: Current command vanished from the unit file, execution of the command list won't be resumed.
machine # [    9.159770] systemd[1]: initrd-switch-root.service: Current command vanished from the unit file, execution of the command list won't be resumed.
machine # [    9.199487] systemd[1]: initrd-switch-root.service: Deactivated successfully.
machine # [    9.205881] systemd[1]: Stopped initrd-switch-root.service.
machine # [    9.211243] systemd[1]: systemd-journald.service: Scheduled restart job, restart counter is at 1.
machine # [    9.216435] systemd[1]: Created slice Slice /system/getty.
machine # [    9.220238] systemd[1]: Created slice Slice /system/modprobe.
machine # [    9.223916] systemd[1]: Created slice User and Session Slice.
machine # [    9.226899] systemd[1]: Started Dispatch Password Requests to Console Directory Watch.
machine # [    9.230726] systemd[1]: Started Forward Password Requests to Wall Directory Watch.
machine # [    9.234584] systemd[1]: Reached target Local Encrypted Volumes.
machine # [    9.237389] systemd[1]: Stopped target initrd-fs.target.
machine # [    9.239953] systemd[1]: Stopped target initrd-root-fs.target.
machine # [    9.242676] systemd[1]: Stopped target initrd-switch-root.target.
machine # [    9.245659] systemd[1]: Reached target Containers.
machine # [    9.248322] systemd[1]: Reached target Path Units.
machine # [    9.250804] systemd[1]: Reached target Remote File Systems.
machine # [    9.253567] systemd[1]: Reached target Slice Units.
machine # [    9.256207] systemd[1]: Reached target Swaps.
machine # [    9.263884] systemd[1]: Listening on Process Core Dump Socket.
machine # [    9.267716] systemd[1]: Listening on Userspace Out-Of-Memory (OOM) Killer Socket.
machine # [    9.273493] systemd[1]: Listening on udev Control Socket.
machine # [    9.276670] systemd[1]: Listening on udev Kernel Socket.
machine # [    9.283448] systemd[1]: Mounting Huge Pages File System...
machine # [    9.291910] systemd[1]: Mounting POSIX Message Queue File System...
machine # [    9.304776] systemd[1]: Mounting Kernel Debug File System...
machine # [    9.315721] systemd[1]: Starting Create List of Static Device Nodes...
machine # [    9.327332] systemd[1]: Starting Load Kernel Module configfs...
machine # [    9.340823] systemd[1]: Starting Load Kernel Module drm...
machine # [    9.358314] systemd[1]: Starting Load Kernel Module efi_pstore...
machine # [    9.377644] systemd[1]: Starting Load Kernel Module fuse...
machine # [    9.394783] systemd[1]: Starting mount-pstore.service...
machine # [    9.404529] systemd[1]: File System Check on Root Device was skipped because of an unmet condition check (ConditionPathIsReadWrite=!/).
machine # [    9.423975] systemd[1]: Stopped Journal Service.
machine # [    9.427744] fuse: init (API version 7.37)
machine # [    9.440404] systemd[1]: Starting Journal Service...
machine # [    9.451478] systemd[1]: systemd-makefs@dev-vda.service: Deactivated successfully.
machine # [    9.473193] systemd[1]: Stopped systemd-makefs@dev-vda.service.
machine # [    9.483707] systemd[1]: Starting Load Kernel Modules...
machine # [    9.490867] ACPI: bus type drm_connector registered
machine # [    9.502569] systemd[1]: Starting Remount Root and Kernel File Systems...
machine # [    9.535295] systemd[1]: Starting Coldplug All udev Devices...
machine # [    9.561773] systemd[1]: Mounted Huge Pages File System.
machine # [    9.576592] systemd[1]: Mounted POSIX Message Queue File System.
machine # [    9.579421] EXT4-fs (vda): re-mounted. Quota mode: none.
machine # [    9.599230] systemd[1]: Mounted Kernel Debug File System.
machine # [    9.618385] systemd[1]: Finished Create List of Static Device Nodes.
machine # [    9.633920] systemd[1]: modprobe@configfs.service: Deactivated successfully.
machine # [    9.643551] bridge: filtering via arp/ip/ip6tables is no longer available by default. Update your scripts to load br_netfilter if you need this.
machine # [    9.656325] systemd[1]: Finished Load Kernel Module configfs.
machine # [    9.665940] systemd[1]: Started Journal Service.
machine # [    9.699252] tun: Universal TUN/TAP device driver, 1.6
machine # [    9.941418] systemd-journald[310]: Received client request to flush runtime journal.
machine # [   10.269193] systemd[1]: Queued start job for default target Multi-User System.
machine # [   10.307387] systemd[1]: systemd-journald.service: Deactivated successfully.
machine # [   10.333169] systemd-modules-load[311]: Inserted module 'bridge'
machine # [   10.383181] systemd-modules-load[311]: Inserted module 'macvlan'
machine # [   10.400706] systemd[1]: modprobe@drm.service: Deactivated successfully.
machine # [   10.428635] systemd-modules-load[311]: Inserted module 'tap'
machine # [   10.441258] systemd[1]: Finished Load Kernel Module drm.
machine # [   10.465726] systemd[1]: modprobe@efi_pstore.service: Deactivated successfully.
machine # [   10.506399] systemd[1]: Finished Load Kernel Module efi_pstore.
machine # [   10.531454] systemd[1]: modprobe@fuse.service: Deactivated successfully.
machine # [   10.559707] systemd-modules-load[311]: Inserted module 'tun'
machine # [   10.597093] systemd[1]: Finished Load Kernel Module fuse.
machine # [   10.625070] systemd[1]: Finished Load Kernel Modules.
machine # [   10.637213] systemd[1]: Finished Remount Root and Kernel File Systems.
machine # [   10.653293] systemd[1]: Mounting FUSE Control File System...
machine # [   10.673274] systemd[1]: Mounting Kernel Configuration File System...
machine # [   10.691184] systemd[1]: Starting Firewall...
machine # [   10.710748] systemd[1]: Starting Flush Journal to Persistent Storage...
machine # [   10.747100] systemd[1]: Starting Load/Save Random Seed...
machine # [   10.760314] systemd[1]: Starting Apply Kernel Variables...
machine # [   10.776161] systemd[1]: Starting Create Static Device Nodes in /dev...
machine # [   10.809070] systemd[1]: Mounted FUSE Control File System.
machine # [   10.829315] systemd[1]: Mounted Kernel Configuration File System.
machine # [   10.857653] systemd[1]: Finished Load/Save Random Seed.
machine # [   10.873187] systemd[1]: Finished Coldplug All udev Devices.
machine # [   10.887313] systemd[1]: Finished Apply Kernel Variables.
machine # [   10.901576] systemd[1]: Finished Create Static Device Nodes in /dev.
machine # [   10.915355] systemd[1]: Reached target Preparation for Local File Systems.
machine # [   10.930216] systemd[1]: Reached target Local File Systems.
machine # [   10.943132] systemd[1]: Starting Rule-based Manager for Device Events and Files...
machine # [   10.968744] systemd-udevd[337]: Using default interface naming scheme 'v252'.
machine # [   10.996772] f4xrzmq3i4d8ywd9vz5c0kafbb83b1jq-mount-pstore.sh[316]: Persistent Storage backend was not registered in time.
machine # connecting to host...
machine # [   11.112997] systemd[1]: Started Rule-based Manager for Device Events and Files.
machine # [   11.822599] 8021q: 802.1Q VLAN Support v1.8
machine # [   11.157682] dhcpcd[467]: dhcpcd-9.4.1 starting
machine: connected to guest root shell
machine: (connecting took 13.15 seconds)
(finished: waiting for the VM to finish booting, in 13.23 seconds)
machine # [   11.186744] systemd[1]: Finished Flush Journal to Persistent Storage.
machine # [   11.236524] dhcpcd[474]: dev: loaded udev
machine # [   11.262631] systemd[1]: Starting Create Volatile Files and Directories...
machine # [   11.307567] j72arpq1dfn7q59irzji3xwljjdiq8vs-audit-disable[466]: No rules
machine # sh: cannot set terminal process group (-1): Inappropriate ioctl for device
machine # sh: no job control in this shell
machine # [   11.358451] systemd[1]: Finished Create Volatile Files and Directories.
machine # [   11.413999] systemd[1]: Starting Rebuild Journal Catalog...
machine # [   11.454514] logrotate[468]: warning: logrotate in debug mode does nothing except printing debug messages!  Consider using verbose mode (-v) instead if this is not what you want.
machine # [   11.534252] logrotate[468]: reading config file /nix/store/ysgfy4413nrn23ddins98pcrk81bmzsy-logrotate.conf
machine # [   11.574256] logrotate[468]: note: 'monthly' overrides previously specified 'weekly'
machine # [   11.597639] logrotate[468]: Reading state from file: /var/lib/logrotate.status
machine # [   11.630608] logrotate[468]: state file /var/lib/logrotate.status does not exist
machine # [   11.661348] logrotate[468]: Allocating hash table for state file, size 64 entries
machine # [   11.679298] logrotate[468]: Handling 2 logs
machine # [   11.687620] logrotate[468]: rotating pattern: "/var/log/btmp"  monthly (1 rotations)[   12.369838] cfg80211: Loading compiled-in X.509 certificates for regulatory database
machine # 
machine # [   11.707510] logrotate[468]: empty log files are not rotated, only log files >= 1048576 bytes are rotated, old logs are removed
machine # [   11.729321] logrotate[468]: considering log /var/log/btmp
machine # [   11.740637] logrotate[468]: Creating new state
machine # [   11.758578] logrotate[468]:   Now: 2023-03-06 07:51
machine # [   11.777630] logrotate[468]:   Last rotated at 2023-03-06 07:00[   12.464349] cfg80211: Loaded X.509 cert 'sforshee: 00b28ddf47aef9cea7'
machine # [   12.469642] platform regulatory.0: Direct firmware load for regulatory.db failed with error -2
machine # 
machine # [   11.807559] logrotate[468]:   log does not need rotating (log has already been rotated)[   12.483899] cfg80211: failed to load regulatory.db
machine # 
machine # [   11.843453] logrotate[468]: rotating pattern: "/var/log/wtmp"  monthly (1 rotations)
machine # [   11.877524] logrotate[468]: empty log files are not rotated, only log files >= 1048576 bytes are rotated, old logs are removed[   12.564779] mousedev: PS/2 mouse device common for all mice
machine # 
machine # [   11.914687] logrotate[468]: considering log /var/log/wtmp
machine # [   11.945564] logrotate[468]: Creating new state
machine # [   11.963745] logrotate[468]:   Now: 2023-03-06 07:51
machine # [   11.978620] logrotate[468]:   Last rotated at 2023-03-06 07:00
machine # [   12.002013] logrotate[468]:   log does not need rotating (log has already been rotated)[   12.683799] 8021q: adding VLAN 0 to HW filter on device eth1
machine # 
machine # [   12.696962] 8021q: adding VLAN 0 to HW filter on device eth0
machine # [   12.041535] systemd[1]: Starting Userspace Out-Of-Memory (OOM) Killer...
machine # [   12.061297] dhcpcd[474]: eth0: waiting for carrier
machine # [   12.081665] systemd[1]: Starting Record System Boot/Shutdown in UTMP...
machine # [   12.098559] dhcpcd[474]: eth0: waiting for carrier
machine # [   12.109183] nsncd[478]: Mar 06 07:51:01.420 INFO started, handoff_timeout: 3s, worker_count: 8, path: "/var/run/nscd/socket"
machine # [   12.131473] systemd[1]: Finished Record System Boot/Shutdown in UTMP.
machine # [   12.143586] dhcpcd[474]: eth0: carrier acquired
machine # [   12.159379] systemd[1]: Finished Rebuild Journal Catalog.
machine # [   12.169577] dhcpcd[474]: DUID 00:01:00:01:2b:98:57:e6:52:54:00:12:34:56
machine # [   12.183578] dbus-daemon[501]: dbus[501]: Unknown username "systemd-timesync" in message bus configuration file
machine # [   12.204596] systemd[1]: Starting Update is Completed...
machine # [   12.218235] dhcpcd[474]: eth0: IAID 00:12:34:56
machine # [   12.229746] systemd[1]: Finished Update is Completed.[   12.902836] input: Power Button as /devices/LNXSYSTM:00/LNXPWRBN:00/input/input3
machine # 
machine # [   12.243706] dhcpcd[474]: eth0: adding address fe80::5054:ff:fe12:3456
machine # [   12.259110] systemd-oomd[391]: Swap is currently not detected; memory pressure usage will be degraded[   12.934311] ACPI: button: Power Button [PWRF]
machine # 
machine # [   12.279773] nsncd[557]: Mar 06 07:51:02.159 INFO started, handoff_timeout: 3s, worker_count: 8, path: "/var/run/nscd/socket"
machine # [   12.298793] network-addresses-eth1-start[562]: adding address 192.168.1.1/24... done
machine # [   12.318225] systemd[1]: Started Userspace Out-Of-Memory (OOM) Killer.
machine # [   12.335029] systemd-udevd[354]: eth1: Config file /etc/systemd/network/40-eth1.link is applied to device based on potentially unpredictable interface name.
machine # [   12.362613] systemd-udevd[354]: Network interface NamePolicy= disabled on kernel command line.[   13.047711] parport_pc 00:03: reported by Plug and Play ACPI
machine # 
machine # [   12.391471] systemd-udevd[353]: Network interface NamePolicy= disabled on kernel command line.
machine # [   12.408333] systemd[1]: Condition check resulted in /dev/ttyS0 being skipped.[   13.080229] Floppy drive(s): fd0 is 2.88M AMI BIOS
machine # 
machine # [   13.093498] parport0: PC-style at 0x378, irq 7 [PCSPP(,...)]
machine # [   12.424781] systemd[1]: Condition check resulted in /dev/hvc0 being skipped.
machine # [   12.442609] systemd[1]: Finished mount-pstore.service.
machine # [   12.458277] systemd[1]: Platform Persistent Storage Archival was skipped because of an unmet condition check (ConditionDirectoryNotEmpty=/sys/fs/pstore).[   13.135759] FDC 0 is a S82078B
machine # 
machine # [   12.474774] systemd[1]: Reached target System Initialization.
machine # [   12.488175] systemd[1]: Started logrotate.timer.
machine # [   12.493283] systemd[1]: Started Daily Cleanup of Temporary Directories.
machine # [   12.498099] systemd[1]: Reached target Timer Units.
machine # [   12.502209] systemd[1]: Listening on D-Bus System Message Bus Socket.
machine # [   12.507179] systemd[1]: Listening on Nix Daemon Socket.
machine # [   12.511487] systemd[1]: Reached target Socket Units.
machine # [   12.515364] systemd[1]: Reached target Basic System.
machine # [   12.519521] systemd[1]: Starting Kernel Auditing...
machine # [   12.524310] systemd[1]: Started backdoor.service.
machine # [   12.528685] systemd[1]: Starting DHCP Client...
machine # [   12.532727] systemd[1]: Starting Logrotate configuration check...
machine # [   12.538310] systemd[1]: Starting Name Service Cache Daemon (nsncd)...
machine # [   12.543674] systemd[1]: Started Reset console on configuration changes.
machine # [   12.548690] systemd[1]: Starting resolvconf update...
machine # [   12.553585] systemd[1]: Finished Kernel Auditing.
machine # [   12.559510] systemd[1]: Finished Logrotate configuration check.
machine # [   12.568218] systemd[1]: Started Name Service Cache Daemon (nsncd).
machine # [   12.575035] dhcpcd[474]: eth0: soliciting a DHCP lease
machine # [   12.581347] systemd[1]: Reached target Host and Network Name Lookups.
machine # [   12.587503] systemd[1]: Reached target User and Group Name Lookups.
machine # [   13.269365] NET: Registered PF_PACKET protocol family
machine # [   12.604628] systemd[1]: Starting D-Bus System Message Bus...
machine # [   12.612683] systemd[1]: Starting User Login Management...
machine # [   12.626208] systemd[1]: Condition check resulted in Virtio network device being skipped.
machine # [   12.640525] dhcpcd[474]: eth0: offered 10.0.2.15 from 10.0.2.2
machine # [   12.652499] systemd[1]: Started D-Bus System Message Bus.
machine # [   12.662596] dhcpcd[474]: eth0: leased 10.0.2.15 for 86400 seconds
machine # [   12.673750] systemd[1]: Finished Firewall.
machine # [   12.683634] dhcpcd[474]: eth0: adding route to 10.0.2.0/24
machine # [   12.697270] systemd-logind[504]: New seat seat0.
machine # [   12.708408] dhcpcd[474]: eth0: adding default route via 10.0.2.2
machine # [   12.721165] systemd[1]: Started User Login Management.
machine # [   12.732051] systemd[1]: Stopped target Host and Network Name Lookups.
machine # [   12.744317] systemd[1]: Stopping Host and Network Name Lookups...
machine # [   12.755478] systemd[1]: Stopped target User and Group Name Lookups.[   13.434843] Linux agpgart interface v0.103
machine # 
machine # [   12.771148] systemd[1]: Stopping User and Group Name Lookups...
machine # [   12.780783] systemd[1]: Stopping Name Service Cache Daemon (nsncd)...
machine # [   12.793100] systemd[1]: nscd.service: Deactivated successfully.
machine # [   12.806288] systemd[1]: Stopped Name Service Cache Daemon (nsncd).
machine # [   12.817136] systemd[1]: Starting Name Service Cache Daemon (nsncd)...
machine # [   12.830013] systemd[1]: Finished resolvconf update.
machine # [   12.841022] systemd-udevd[353]: event_source: Failed to get device name: No such file or directory
machine # [   12.871684] systemd[1]: Reached target Preparation for Network.
machine # [   13.558860] piix4_smbus 0000:00:01.3: SMBus Host Controller at 0x700, revision 0
machine # [   12.890338] systemd[1]: Reached target All Network Interfaces (deprecated).
machine # [   12.916451] systemd[1]: Starting Address configuration of eth1...
machine # [   12.937284] systemd[1]: Started Name Service Cache Daemon (nsncd).
machine # [   12.956034] systemd[1]: Reached target Host and Network Name Lookups.
machine # [   12.969739] nsncd[676]: Mar 06 07:51:03.153 INFO started, handoff_timeout: 3s, worker_count: 8, path: "/var/run/nscd/socket"
machine # [   12.995567] systemd[1]: Reached target User and Group Name Lookups.
(finished: waiting for unit multi-user.target, in 15.16 seconds)
machine: must succeed: cat /sys/module/loop/parameters/max_loop
(finished: must succeed: cat /sys/module/loop/parameters/max_loop, in 0.04 seconds)
(finished: run the VM test script, in 15.20 seconds)
machine # [   13.860961] input: QEMU Virtio Keyboard as /devices/pci0000:00/0000:00:0a.0/virtio7/input/input4
machine # [   13.914237] input: VirtualPS/2 VMware VMMouse as /devices/platform/i8042/serio1/input/input6
machine # [   13.916263] input: VirtualPS/2 VMware VMMouse as /devices/platform/i8042/serio1/input/input5
machine # [   13.097746] dhcpcd[467]: Failed to reload-or-try-restart ntpd.service: Unit ntpd.service not found.
test script finished in 15.30s
cleanup
kill machine (pid 8)
machine # qemu-kvm: terminating on signal 15 from pid 6 (/nix/store/iw1vmh509hcbby8dbpsaanbri4zsq7dj-python3-3.10.10/bin/python3.10)
(finished: cleanup, in 0.03 seconds)
kill vlan (pid 7)
/nix/store/kb7yirgd4cprqjzy29z8rdvkbbc4qmkw-vm-test-run-systemd-initrd-modprobe
