building '/nix/store/wvm1h434v616n5ix7907vfnq3n7n0fz6-nixos-test-driver-initrd-network-ssh.drv'...
     1  # This file contains type hints that can be prepended to Nix test scripts so they can be type
     2  # checked.
     3  
     4  from test_driver.driver import Driver
     5  from test_driver.vlan import VLan
     6  from test_driver.machine import Machine
     7  from test_driver.logger import Logger
     8  from typing import Callable, Iterator, ContextManager, Optional, List, Dict, Any, Union
     9  from typing_extensions import Protocol
    10  from pathlib import Path
    11  
    12  
    13  class RetryProtocol(Protocol):
    14      def __call__(self, fn: Callable, timeout: int = 900) -> None:
    15          raise Exception("This is just type information for the Nix test driver")
    16  
    17  
    18  class PollingConditionProtocol(Protocol):
    19      def __call__(
    20          self,
    21          fun_: Optional[Callable] = None,
    22          *,
    23          seconds_interval: float = 2.0,
    24          description: Optional[str] = None,
    25      ) -> Union[Callable[[Callable], ContextManager], ContextManager]:
    26          raise Exception("This is just type information for the Nix test driver")
    27  
    28  
    29  start_all: Callable[[], None]
    30  subtest: Callable[[str], ContextManager[None]]
    31  retry: RetryProtocol
    32  test_script: Callable[[], None]
    33  machines: List[Machine]
    34  vlans: List[VLan]
    35  driver: Driver
    36  log: Logger
    37  create_machine: Callable[[Dict[str, Any]], Machine]
    38  run_tests: Callable[[], None]
    39  join_all: Callable[[], None]
    40  serial_stdout_off: Callable[[], None]
    41  serial_stdout_on: Callable[[], None]
    42  polling_condition: PollingConditionProtocol
    43  client: Machine; server: Machine;
    44  vlan1: VLan;
    45  start_all()
    46  client.wait_for_unit("network.target")
    47  
    48  
    49  def ssh_is_up(_) -> bool:
    50      status, _ = client.execute("nc -z server 22")
    51      return status == 0
    52  
    53  
    54  with client.nested("waiting for SSH server to come up"):
    55      retry(ssh_is_up)
    56  
    57  
    58  client.succeed(
    59      "ssh -i /etc/sshKey -o UserKnownHostsFile=/etc/knownHosts server 'touch /fnord'"
    60  )
    61  client.shutdown()
Success: no issues found in 1 source file
start all VLans
(finished: start all VLans, in 0.00 seconds)
additionally exposed symbols:
    ,
    ,
    start_all, test_script, machines, vlans, driver, log, os, create_machine, subtest, run_tests, join_all, retry, serial_stdout_off, serial_stdout_on, polling_condition, Machine
building '/nix/store/jjdp2ss6w11knd5zm1fmxc45xs8aldrp-vm-test-run-initrd-network-ssh.drv'...
Machine state will be reset. To keep it, pass --keep-vm-state
start all VLans
start vlan
running vlan (pid 7; ctl /build/vde1.ctl)
(finished: start all VLans, in 0.00 seconds)
run the VM test script
additionally exposed symbols:
    client, server,
    vlan1,
    start_all, test_script, machines, vlans, driver, log, os, create_machine, subtest, run_tests, join_all, retry, serial_stdout_off, serial_stdout_on, polling_condition, Machine
start all VMs
client: starting vm
client # Formatting '/build/vm-state-client/client.qcow2', fmt=qcow2 cluster_size=65536 extended_l2=off compression_type=zlib size=1073741824 lazy_refcounts=off refcount_bits=16
client: QEMU running (pid 8)
server: starting vm
server # Formatting '/build/vm-state-server/server.qcow2', fmt=qcow2 cluster_size=65536 extended_l2=off compression_type=zlib size=1073741824 lazy_refcounts=off refcount_bits=16
server: QEMU running (pid 19)
(finished: start all VMs, in 0.15 seconds)
client: waiting for unit network.target
client: waiting for the VM to finish booting
server # cSeaBIOS (version rel-1.16.1-0-g3208b098f51a-prebuilt.qemu.org)
client # cSeaBIOS (version rel-1.16.1-0-g3208b098f51a-prebuilt.qemu.org)
client # 
client # 
client # iPXE (http://ipxe.org) 00:03.0 CA00 PCI2.10 PnP PMM+3EFD0C20+3EF30C20 CA00
server # 
server # 
server # iPXE (http://ipxe.org) 00:03.0 CA00 PCI2.10 PnP PMM+3EFD0C20+3EF30C20 CA00
client # Press Ctrl-B to configure iPXE (PCI 00:03.0)...
client # 
client # 
client # 
client # 
client # iPXE (http://ipxe.org) 00:09.0 CB00 PCI2.10 PnP PMM 3EFD0C20 3EF30C20 CB00
server # Press Ctrl-B to configure iPXE (PCI 00:03.0)...
server # 
server # 
server # 
server # 
server # iPXE (http://ipxe.org) 00:09.0 CB00 PCI2.10 PnP PMM 3EFD0C20 3EF30C20 CB00
client # Press Ctrl-B to configure iPXE (PCI 00:09.0)...
client # 
client # 
client # Booting from ROM...
server # Press Ctrl-B to configure iPXE (PCI 00:09.0)...
server # 
server # 
server # Booting from ROM...
client # Probing EDD (edd=off to disable)... ok
server # Probing EDD (edd=off to disable)... ok
server # c[    0.000000] Linux version 6.1.15 (nixbld@localhost) (gcc (GCC) 12.2.0, GNU ld (GNU Binutils) 2.40) #1-NixOS SMP PREEMPT_DYNAMIC Fri Mar  3 10:52:25 UTC 2023
client # c[    0.000000] Linux version 6.1.15 (nixbld@localhost) (gcc (GCC) 12.2.0, GNU ld (GNU Binutils) 2.40) #1-NixOS SMP PREEMPT_DYNAMIC Fri Mar  3 10:52:25 UTC 2023
server # [    0.000000] Command line: console=ttyS0 panic=1 boot.panic_on_fail clock=acpi_pm ip=192.168.1.2:::255.255.255.0::eth1:none loglevel=7 net.ifnames=0 init=/nix/store/rncpspa0wicmjh6zxmqgi1ndwr0ax3w5-nixos-system-server-23.05pre-git/init regInfo=/nix/store/g8w314r9yrd6i2c8fznisn5s7j1x7ikj-closure-info/registration console=ttyS0
client # [    0.000000] Command line: console=ttyS0 panic=1 boot.panic_on_fail clock=acpi_pm loglevel=7 net.ifnames=0 init=/nix/store/7sxknzh1j405alvpa7kgc7461lp84j1q-nixos-system-client-23.05pre-git/init regInfo=/nix/store/xlc3zap7q4z702l927bq4njp7mwmzkh8-closure-info/registration console=ttyS0
server # [    0.000000] x86/fpu: Supporting XSAVE feature 0x001: 'x87 floating point registers'
client # [    0.000000] x86/fpu: Supporting XSAVE feature 0x001: 'x87 floating point registers'
server # [    0.000000] x86/fpu: Supporting XSAVE feature 0x002: 'SSE registers'
client # [    0.000000] x86/fpu: Supporting XSAVE feature 0x002: 'SSE registers'
server # [    0.000000] x86/fpu: Supporting XSAVE feature 0x004: 'AVX registers'
client # [    0.000000] x86/fpu: Supporting XSAVE feature 0x004: 'AVX registers'
server # [    0.000000] x86/fpu: Supporting XSAVE feature 0x008: 'MPX bounds registers'
client # [    0.000000] x86/fpu: Supporting XSAVE feature 0x008: 'MPX bounds registers'
server # [    0.000000] x86/fpu: Supporting XSAVE feature 0x010: 'MPX CSR'
client # [    0.000000] x86/fpu: Supporting XSAVE feature 0x010: 'MPX CSR'
server # [    0.000000] x86/fpu: Supporting XSAVE feature 0x020: 'AVX-512 opmask'
client # [    0.000000] x86/fpu: Supporting XSAVE feature 0x020: 'AVX-512 opmask'
server # [    0.000000] x86/fpu: Supporting XSAVE feature 0x040: 'AVX-512 Hi256'
client # [    0.000000] x86/fpu: Supporting XSAVE feature 0x040: 'AVX-512 Hi256'
server # [    0.000000] x86/fpu: Supporting XSAVE feature 0x080: 'AVX-512 ZMM_Hi256'
client # [    0.000000] x86/fpu: Supporting XSAVE feature 0x080: 'AVX-512 ZMM_Hi256'
server # [    0.000000] x86/fpu: xstate_offset[2]:  576, xstate_sizes[2]:  256
client # [    0.000000] x86/fpu: xstate_offset[2]:  576, xstate_sizes[2]:  256
server # [    0.000000] x86/fpu: xstate_offset[3]:  832, xstate_sizes[3]:   64
client # [    0.000000] x86/fpu: xstate_offset[3]:  832, xstate_sizes[3]:   64
server # [    0.000000] x86/fpu: xstate_offset[4]:  896, xstate_sizes[4]:   64
client # [    0.000000] x86/fpu: xstate_offset[4]:  896, xstate_sizes[4]:   64
server # [    0.000000] x86/fpu: xstate_offset[5]:  960, xstate_sizes[5]:   64
client # [    0.000000] x86/fpu: xstate_offset[5]:  960, xstate_sizes[5]:   64
server # [    0.000000] x86/fpu: xstate_offset[6]: 1024, xstate_sizes[6]:  512
client # [    0.000000] x86/fpu: xstate_offset[6]: 1024, xstate_sizes[6]:  512
server # [    0.000000] x86/fpu: xstate_offset[7]: 1536, xstate_sizes[7]: 1024
client # [    0.000000] x86/fpu: xstate_offset[7]: 1536, xstate_sizes[7]: 1024
server # [    0.000000] x86/fpu: Enabled xstate features 0xff, context size is 2560 bytes, using 'compacted' format.
client # [    0.000000] x86/fpu: Enabled xstate features 0xff, context size is 2560 bytes, using 'compacted' format.
server # [    0.000000] signal: max sigframe size: 3632
client # [    0.000000] signal: max sigframe size: 3632
server # [    0.000000] BIOS-provided physical RAM map:
client # [    0.000000] BIOS-provided physical RAM map:
server # [    0.000000] BIOS-e820: [mem 0x0000000000000000-0x000000000009fbff] usable
client # [    0.000000] BIOS-e820: [mem 0x0000000000000000-0x000000000009fbff] usable
server # [    0.000000] BIOS-e820: [mem 0x000000000009fc00-0x000000000009ffff] reserved
client # [    0.000000] BIOS-e820: [mem 0x000000000009fc00-0x000000000009ffff] reserved
server # [    0.000000] BIOS-e820: [mem 0x00000000000f0000-0x00000000000fffff] reserved
client # [    0.000000] BIOS-e820: [mem 0x00000000000f0000-0x00000000000fffff] reserved
server # [    0.000000] BIOS-e820: [mem 0x0000000000100000-0x000000003ffdafff] usable
client # [    0.000000] BIOS-e820: [mem 0x0000000000100000-0x000000003ffdafff] usable
server # [    0.000000] BIOS-e820: [mem 0x000000003ffdb000-0x000000003fffffff] reserved
client # [    0.000000] BIOS-e820: [mem 0x000000003ffdb000-0x000000003fffffff] reserved
server # [    0.000000] BIOS-e820: [mem 0x00000000feffc000-0x00000000feffffff] reserved
client # [    0.000000] BIOS-e820: [mem 0x00000000feffc000-0x00000000feffffff] reserved
server # [    0.000000] BIOS-e820: [mem 0x00000000fffc0000-0x00000000ffffffff] reserved
client # [    0.000000] BIOS-e820: [mem 0x00000000fffc0000-0x00000000ffffffff] reserved
server # [    0.000000] random: crng init done
client # [    0.000000] random: crng init done
server # [    0.000000] NX (Execute Disable) protection: active
client # [    0.000000] NX (Execute Disable) protection: active
server # [    0.000000] extended physical RAM map:
client # [    0.000000] extended physical RAM map:
server # [    0.000000] reserve setup_data: [mem 0x0000000000000000-0x000000000009fbff] usable
client # [    0.000000] reserve setup_data: [mem 0x0000000000000000-0x000000000009fbff] usable
server # [    0.000000] reserve setup_data: [mem 0x000000000009fc00-0x000000000009ffff] reserved
client # [    0.000000] reserve setup_data: [mem 0x000000000009fc00-0x000000000009ffff] reserved
server # [    0.000000] reserve setup_data: [mem 0x00000000000f0000-0x00000000000fffff] reserved
client # [    0.000000] reserve setup_data: [mem 0x00000000000f0000-0x00000000000fffff] reserved
server # [    0.000000] reserve setup_data: [mem 0x0000000000100000-0x00000000009379bf] usable
client # [    0.000000] reserve setup_data: [mem 0x0000000000100000-0x00000000009379bf] usable
server # [    0.000000] reserve setup_data: [mem 0x00000000009379c0-0x00000000009379cf] usable
client # [    0.000000] reserve setup_data: [mem 0x00000000009379c0-0x00000000009379cf] usable
server # [    0.000000] reserve setup_data: [mem 0x00000000009379d0-0x000000003ffdafff] usable
client # [    0.000000] reserve setup_data: [mem 0x00000000009379d0-0x000000003ffdafff] usable
server # [    0.000000] reserve setup_data: [mem 0x000000003ffdb000-0x000000003fffffff] reserved
client # [    0.000000] reserve setup_data: [mem 0x000000003ffdb000-0x000000003fffffff] reserved
server # [    0.000000] reserve setup_data: [mem 0x00000000feffc000-0x00000000feffffff] reserved
client # [    0.000000] reserve setup_data: [mem 0x00000000feffc000-0x00000000feffffff] reserved
server # [    0.000000] reserve setup_data: [mem 0x00000000fffc0000-0x00000000ffffffff] reserved
client # [    0.000000] reserve setup_data: [mem 0x00000000fffc0000-0x00000000ffffffff] reserved
server # [    0.000000] SMBIOS 2.8 present.
client # [    0.000000] SMBIOS 2.8 present.
server # [    0.000000] DMI: QEMU Standard PC (i440FX + PIIX, 1996), BIOS rel-1.16.1-0-g3208b098f51a-prebuilt.qemu.org 04/01/2014
client # [    0.000000] DMI: QEMU Standard PC (i440FX + PIIX, 1996), BIOS rel-1.16.1-0-g3208b098f51a-prebuilt.qemu.org 04/01/2014
server # [    0.000000] Hypervisor detected: KVM
client # [    0.000000] Hypervisor detected: KVM
server # [    0.000000] kvm-clock: Using msrs 4b564d01 and 4b564d00
client # [    0.000000] kvm-clock: Using msrs 4b564d01 and 4b564d00
server # [    0.000001] kvm-clock: using sched offset of 641327576 cycles
client # [    0.000001] kvm-clock: using sched offset of 694215544 cycles
server # [    0.000003] clocksource: kvm-clock: mask: 0xffffffffffffffff max_cycles: 0x1cd42e4dffb, max_idle_ns: 881590591483 ns
client # [    0.000003] clocksource: kvm-clock: mask: 0xffffffffffffffff max_cycles: 0x1cd42e4dffb, max_idle_ns: 881590591483 ns
server # [    0.000010] tsc: Detected 3311.998 MHz processor
client # [    0.000010] tsc: Detected 3311.998 MHz processor
server # [    0.000721] last_pfn = 0x3ffdb max_arch_pfn = 0x400000000
client # [    0.000729] last_pfn = 0x3ffdb max_arch_pfn = 0x400000000
server # [    0.001202] x86/PAT: Configuration [0-7]: WB  WC  UC- UC  WB  WP  UC- WT
client # [    0.001183] x86/PAT: Configuration [0-7]: WB  WC  UC- UC  WB  WP  UC- WT
server # [    0.007752] found SMP MP-table at [mem 0x000f5bb0-0x000f5bbf]
client # [    0.007982] found SMP MP-table at [mem 0x000f5bb0-0x000f5bbf]
server # [    0.008195] Using GB pages for direct mapping
client # [    0.008429] Using GB pages for direct mapping
server # [    0.008511] RAMDISK: [mem 0x3f200000-0x3ffcffff]
client # [    0.008722] RAMDISK: [mem 0x3f33f000-0x3ffcffff]
server # [    0.008580] ACPI: Early table checksum verification disabled
client # [    0.008790] ACPI: Early table checksum verification disabled
server # [    0.008628] ACPI: RSDP 0x00000000000F59D0 000014 (v00 BOCHS )
client # [    0.008839] ACPI: RSDP 0x00000000000F59D0 000014 (v00 BOCHS )
server # [    0.008653] ACPI: RSDT 0x000000003FFE1AC6 000034 (v01 BOCHS  BXPC     00000001 BXPC 00000001)
client # [    0.008865] ACPI: RSDT 0x000000003FFE1AC6 000034 (v01 BOCHS  BXPC     00000001 BXPC 00000001)
server # [    0.008664] ACPI: FACP 0x000000003FFE197A 000074 (v01 BOCHS  BXPC     00000001 BXPC 00000001)
client # [    0.008876] ACPI: FACP 0x000000003FFE197A 000074 (v01 BOCHS  BXPC     00000001 BXPC 00000001)
server # [    0.008669] ACPI: DSDT 0x000000003FFE0040 00193A (v01 BOCHS  BXPC     00000001 BXPC 00000001)
client # [    0.008881] ACPI: DSDT 0x000000003FFE0040 00193A (v01 BOCHS  BXPC     00000001 BXPC 00000001)
server # [    0.008672] ACPI: FACS 0x000000003FFE0000 000040
client # [    0.008884] ACPI: FACS 0x000000003FFE0000 000040
server # [    0.008675] ACPI: APIC 0x000000003FFE19EE 000078 (v01 BOCHS  BXPC     00000001 BXPC 00000001)
client # [    0.008887] ACPI: APIC 0x000000003FFE19EE 000078 (v01 BOCHS  BXPC     00000001 BXPC 00000001)
server # [    0.008677] ACPI: HPET 0x000000003FFE1A66 000038 (v01 BOCHS  BXPC     00000001 BXPC 00000001)
client # [    0.008890] ACPI: HPET 0x000000003FFE1A66 000038 (v01 BOCHS  BXPC     00000001 BXPC 00000001)
server # [    0.008680] ACPI: WAET 0x000000003FFE1A9E 000028 (v01 BOCHS  BXPC     00000001 BXPC 00000001)
client # [    0.008893] ACPI: WAET 0x000000003FFE1A9E 000028 (v01 BOCHS  BXPC     00000001 BXPC 00000001)
server # [    0.008682] ACPI: Reserving FACP table memory at [mem 0x3ffe197a-0x3ffe19ed]
client # [    0.008895] ACPI: Reserving FACP table memory at [mem 0x3ffe197a-0x3ffe19ed]
server # [    0.008683] ACPI: Reserving DSDT table memory at [mem 0x3ffe0040-0x3ffe1979]
client # [    0.008896] ACPI: Reserving DSDT table memory at [mem 0x3ffe0040-0x3ffe1979]
server # [    0.008684] ACPI: Reserving FACS table memory at [mem 0x3ffe0000-0x3ffe003f]
client # [    0.008897] ACPI: Reserving FACS table memory at [mem 0x3ffe0000-0x3ffe003f]
server # [    0.008685] ACPI: Reserving APIC table memory at [mem 0x3ffe19ee-0x3ffe1a65]
client # [    0.008897] ACPI: Reserving APIC table memory at [mem 0x3ffe19ee-0x3ffe1a65]
server # [    0.008685] ACPI: Reserving HPET table memory at [mem 0x3ffe1a66-0x3ffe1a9d]
client # [    0.008898] ACPI: Reserving HPET table memory at [mem 0x3ffe1a66-0x3ffe1a9d]
server # [    0.008686] ACPI: Reserving WAET table memory at [mem 0x3ffe1a9e-0x3ffe1ac5]
client # [    0.008898] ACPI: Reserving WAET table memory at [mem 0x3ffe1a9e-0x3ffe1ac5]
server # [    0.010691] No NUMA configuration found
client # [    0.011011] No NUMA configuration found
server # [    0.010692] Faking a node at [mem 0x0000000000000000-0x000000003ffdafff]
client # [    0.011012] Faking a node at [mem 0x0000000000000000-0x000000003ffdafff]
client # [    0.011018] NODE_DATA(0) allocated [mem 0x3ffd5000-0x3ffdafff]
server # [    0.010697] NODE_DATA(0) allocated [mem 0x3ffd5000-0x3ffdafff]
client # [    0.011056] Zone ranges:
server # [    0.010904] Zone ranges:
client # [    0.011056]   DMA      [mem 0x0000000000001000-0x0000000000ffffff]
server # [    0.010905]   DMA      [mem 0x0000000000001000-0x0000000000ffffff]
client # [    0.011057]   DMA32    [mem 0x0000000001000000-0x000000003ffdafff]
server # [    0.010906]   DMA32    [mem 0x0000000001000000-0x000000003ffdafff]
client # [    0.011059]   Normal   empty
server # [    0.010908]   Normal   empty
client # [    0.011060]   Device   empty
server # [    0.010908]   Device   empty
client # [    0.011060] Movable zone start for each node
server # [    0.010909] Movable zone start for each node
client # [    0.011061] Early memory node ranges
server # [    0.010909] Early memory node ranges
client # [    0.011061]   node   0: [mem 0x0000000000001000-0x000000000009efff]
server # [    0.010910]   node   0: [mem 0x0000000000001000-0x000000000009efff]
client # [    0.011064]   node   0: [mem 0x0000000000100000-0x000000003ffdafff]
server # [    0.010912]   node   0: [mem 0x0000000000100000-0x000000003ffdafff]
client # [    0.011068] Initmem setup node 0 [mem 0x0000000000001000-0x000000003ffdafff]
server # [    0.010916] Initmem setup node 0 [mem 0x0000000000001000-0x000000003ffdafff]
client # [    0.011235] On node 0, zone DMA: 1 pages in unavailable ranges
server # [    0.011107] On node 0, zone DMA: 1 pages in unavailable ranges
client # [    0.011250] On node 0, zone DMA: 97 pages in unavailable ranges
server # [    0.011121] On node 0, zone DMA: 97 pages in unavailable ranges
client # [    0.012890] On node 0, zone DMA32: 37 pages in unavailable ranges
server # [    0.012929] On node 0, zone DMA32: 37 pages in unavailable ranges
client # [    0.017282] ACPI: PM-Timer IO Port: 0x608
server # [    0.017375] ACPI: PM-Timer IO Port: 0x608
client # [    0.017322] ACPI: LAPIC_NMI (acpi_id[0xff] dfl dfl lint[0x1])
server # [    0.017416] ACPI: LAPIC_NMI (acpi_id[0xff] dfl dfl lint[0x1])
client # [    0.017522] IOAPIC[0]: apic_id 0, version 17, address 0xfec00000, GSI 0-23
server # [    0.017614] IOAPIC[0]: apic_id 0, version 17, address 0xfec00000, GSI 0-23
client # [    0.017525] ACPI: INT_SRC_OVR (bus 0 bus_irq 0 global_irq 2 dfl dfl)
server # [    0.017617] ACPI: INT_SRC_OVR (bus 0 bus_irq 0 global_irq 2 dfl dfl)
client # [    0.017526] ACPI: INT_SRC_OVR (bus 0 bus_irq 5 global_irq 5 high level)
server # [    0.017619] ACPI: INT_SRC_OVR (bus 0 bus_irq 5 global_irq 5 high level)
client # [    0.017527] ACPI: INT_SRC_OVR (bus 0 bus_irq 9 global_irq 9 high level)
server # [    0.017620] ACPI: INT_SRC_OVR (bus 0 bus_irq 9 global_irq 9 high level)
client # [    0.017532] ACPI: INT_SRC_OVR (bus 0 bus_irq 10 global_irq 10 high level)
server # [    0.017624] ACPI: INT_SRC_OVR (bus 0 bus_irq 10 global_irq 10 high level)
client # [    0.017533] ACPI: INT_SRC_OVR (bus 0 bus_irq 11 global_irq 11 high level)
server # [    0.017624] ACPI: INT_SRC_OVR (bus 0 bus_irq 11 global_irq 11 high level)
client # [    0.017537] ACPI: Using ACPI (MADT) for SMP configuration information
server # [    0.017628] ACPI: Using ACPI (MADT) for SMP configuration information
client # [    0.017538] ACPI: HPET id: 0x8086a201 base: 0xfed00000
server # [    0.017629] ACPI: HPET id: 0x8086a201 base: 0xfed00000
client # [    0.017544] TSC deadline timer available
server # [    0.017635] TSC deadline timer available
client # [    0.017545] smpboot: Allowing 1 CPUs, 0 hotplug CPUs
server # [    0.017636] smpboot: Allowing 1 CPUs, 0 hotplug CPUs
client # [    0.017747] PM: hibernation: Registered nosave memory: [mem 0x00000000-0x00000fff]
server # [    0.017823] PM: hibernation: Registered nosave memory: [mem 0x00000000-0x00000fff]
client # [    0.017748] PM: hibernation: Registered nosave memory: [mem 0x0009f000-0x0009ffff]
server # [    0.017825] PM: hibernation: Registered nosave memory: [mem 0x0009f000-0x0009ffff]
client # [    0.017749] PM: hibernation: Registered nosave memory: [mem 0x000a0000-0x000effff]
server # [    0.017825] PM: hibernation: Registered nosave memory: [mem 0x000a0000-0x000effff]
client # [    0.017750] PM: hibernation: Registered nosave memory: [mem 0x000f0000-0x000fffff]
server # [    0.017826] PM: hibernation: Registered nosave memory: [mem 0x000f0000-0x000fffff]
client # [    0.017750] PM: hibernation: Registered nosave memory: [mem 0x00937000-0x00937fff]
server # [    0.017827] PM: hibernation: Registered nosave memory: [mem 0x00937000-0x00937fff]
client # [    0.017751] PM: hibernation: Registered nosave memory: [mem 0x00937000-0x00937fff]
server # [    0.017828] PM: hibernation: Registered nosave memory: [mem 0x00937000-0x00937fff]
client # [    0.017753] [mem 0x40000000-0xfeffbfff] available for PCI devices
server # [    0.017829] [mem 0x40000000-0xfeffbfff] available for PCI devices
client # [    0.017754] Booting paravirtualized kernel on KVM
server # [    0.017830] Booting paravirtualized kernel on KVM
client # [    0.017769] clocksource: refined-jiffies: mask: 0xffffffff max_cycles: 0xffffffff, max_idle_ns: 1910969940391419 ns
server # [    0.017845] clocksource: refined-jiffies: mask: 0xffffffff max_cycles: 0xffffffff, max_idle_ns: 1910969940391419 ns
client # [    0.020625] setup_percpu: NR_CPUS:384 nr_cpumask_bits:1 nr_cpu_ids:1 nr_node_ids:1
server # [    0.020733] setup_percpu: NR_CPUS:384 nr_cpumask_bits:1 nr_cpu_ids:1 nr_node_ids:1
client # [    0.020904] percpu: Embedded 61 pages/cpu s212992 r8192 d28672 u2097152
server # [    0.021038] percpu: Embedded 61 pages/cpu s212992 r8192 d28672 u2097152
client # [    0.021082] kvm-guest: PV spinlocks disabled, single CPU
server # [    0.021180] kvm-guest: PV spinlocks disabled, single CPU
client # [    0.021090] Fallback order for Node 0: 0
server # [    0.021189] Fallback order for Node 0: 0
client # [    0.021094] Built 1 zonelists, mobility grouping on.  Total pages: 257754
server # [    0.021193] Built 1 zonelists, mobility grouping on.  Total pages: 257754
client # [    0.021095] Policy zone: DMA32
server # [    0.021195] Policy zone: DMA32
client # [    0.021096] Kernel command line: console=ttyS0 panic=1 boot.panic_on_fail clock=acpi_pm loglevel=7 net.ifnames=0 init=/nix/store/7sxknzh1j405alvpa7kgc7461lp84j1q-nixos-system-client-23.05pre-git/init regInfo=/nix/store/xlc3zap7q4z702l927bq4njp7mwmzkh8-closure-info/registration console=ttyS0
server # [    0.021195] Kernel command line: console=ttyS0 panic=1 boot.panic_on_fail clock=acpi_pm ip=192.168.1.2:::255.255.255.0::eth1:none loglevel=7 net.ifnames=0 init=/nix/store/rncpspa0wicmjh6zxmqgi1ndwr0ax3w5-nixos-system-server-23.05pre-git/init regInfo=/nix/store/g8w314r9yrd6i2c8fznisn5s7j1x7ikj-closure-info/registration console=ttyS0
client # [    0.021148] clocksource: clock= boot option is deprecated - use clocksource=xyz
server # [    0.021248] clocksource: clock= boot option is deprecated - use clocksource=xyz
client # [    0.021179] Unknown kernel command line parameters "regInfo=/nix/store/xlc3zap7q4z702l927bq4njp7mwmzkh8-closure-info/registration", will be passed to user space.
client # [    0.021237] Dentry cache hash table entries: 131072 (order: 8, 1048576 bytes, linear)
server # [    0.021285] Unknown kernel command line parameters "ip=192.168.1.2:::255.255.255.0::eth1:none regInfo=/nix/store/g8w314r9yrd6i2c8fznisn5s7j1x7ikj-closure-info/registration", will be passed to user space.
client # [    0.021258] Inode-cache hash table entries: 65536 (order: 7, 524288 bytes, linear)
server # [    0.021348] Dentry cache hash table entries: 131072 (order: 8, 1048576 bytes, linear)
client # [    0.021430] mem auto-init: stack:all(zero), heap alloc:off, heap free:off
server # [    0.021371] Inode-cache hash table entries: 65536 (order: 7, 524288 bytes, linear)
server # [    0.021540] mem auto-init: stack:all(zero), heap alloc:off, heap free:off
client # [    0.022991] Memory: 981152K/1048036K available (12294K kernel code, 2307K rwdata, 7532K rodata, 1876K init, 4344K bss, 66624K reserved, 0K cma-reserved)
client # [    0.023079] SLUB: HWalign=64, Order=0-3, MinObjects=0, CPUs=1, Nodes=1
server # [    0.023446] Memory: 979876K/1048036K available (12294K kernel code, 2307K rwdata, 7532K rodata, 1876K init, 4344K bss, 67900K reserved, 0K cma-reserved)
client # [    0.023089] Kernel/User page tables isolation: enabled
server # [    0.023544] SLUB: HWalign=64, Order=0-3, MinObjects=0, CPUs=1, Nodes=1
client # [    0.023109] ftrace: allocating 37041 entries in 145 pages
server # [    0.023554] Kernel/User page tables isolation: enabled
client # [    0.032227] ftrace: allocated 145 pages with 3 groups
client # [    0.032828] Dynamic Preempt: voluntary
server # [    0.023575] ftrace: allocating 37041 entries in 145 pages
server # [    0.032951] ftrace: allocated 145 pages with 3 groups
client # [    0.032984] rcu: Preemptible hierarchical RCU implementation.
server # [    0.033544] Dynamic Preempt: voluntary
client # [    0.032985] rcu:    RCU event tracing is enabled.
server # [    0.033711] rcu: Preemptible hierarchical RCU implementation.
client # [    0.032985] rcu:    RCU restricting CPUs from NR_CPUS=384 to nr_cpu_ids=1.
server # [    0.033712] rcu:    RCU event tracing is enabled.
client # [    0.032987]         Trampoline variant of Tasks RCU enabled.
server # [    0.033713] rcu:    RCU restricting CPUs from NR_CPUS=384 to nr_cpu_ids=1.
client # [    0.032987]         Rude variant of Tasks RCU enabled.
server # [    0.033714]         Trampoline variant of Tasks RCU enabled.
client # [    0.032987]         Tracing variant of Tasks RCU enabled.
server # [    0.033715]         Rude variant of Tasks RCU enabled.
client # [    0.032988] rcu: RCU calculated value of scheduler-enlistment delay is 100 jiffies.
server # [    0.033715]         Tracing variant of Tasks RCU enabled.
client # [    0.032989] rcu: Adjusting geometry for rcu_fanout_leaf=16, nr_cpu_ids=1
server # [    0.033716] rcu: RCU calculated value of scheduler-enlistment delay is 100 jiffies.
client # [    0.035877] NR_IRQS: 24832, nr_irqs: 256, preallocated irqs: 16
server # [    0.033716] rcu: Adjusting geometry for rcu_fanout_leaf=16, nr_cpu_ids=1
client # [    0.036204] rcu: srcu_init: Setting srcu_struct sizes based on contention.
server # [    0.036715] NR_IRQS: 24832, nr_irqs: 256, preallocated irqs: 16
client # [    0.067369] Console: colour VGA+ 80x25
client # [    0.676842] printk: console [ttyS0] enabled
server # [    0.037039] rcu: srcu_init: Setting srcu_struct sizes based on contention.
client # [    0.679787] ACPI: Core revision 20220331
server # [    0.068277] Console: colour VGA+ 80x25
server # [    0.689665] printk: console [ttyS0] enabled
server # [    0.692676] ACPI: Core revision 20220331
client # [    0.683156] clocksource: hpet: mask: 0xffffffff max_cycles: 0xffffffff, max_idle_ns: 19112604467 ns
client # [    0.689941] APIC: Switch to symmetric I/O mode setup
server # [    0.696091] clocksource: hpet: mask: 0xffffffff max_cycles: 0xffffffff, max_idle_ns: 19112604467 ns
client # [    0.695409] x2apic enabled
server # [    0.702867] APIC: Switch to symmetric I/O mode setup
client # [    0.699384] Switched APIC routing to physical x2apic.
server # [    0.708387] x2apic enabled
server # [    0.712424] Switched APIC routing to physical x2apic.
client # [    0.710780] ..TIMER: vector=0x30 apic1=0 pin1=2 apic2=-1 pin2=-1
server # [    0.723673] ..TIMER: vector=0x30 apic1=0 pin1=2 apic2=-1 pin2=-1
client # [    0.715114] clocksource: tsc-early: mask: 0xffffffffffffffff max_cycles: 0x2fbd924e8de, max_idle_ns: 440795321919 ns
client # [    0.722328] Calibrating delay loop (skipped) preset value.. 6623.99 BogoMIPS (lpj=3311998)
server # [    0.728012] clocksource: tsc-early: mask: 0xffffffffffffffff max_cycles: 0x2fbd924e8de, max_idle_ns: 440795321919 ns
client # [    0.723326] pid_max: default: 32768 minimum: 301
client # [    0.724351] LSM: Security Framework initializing
server # [    0.735274] Calibrating delay loop (skipped) preset value.. 6623.99 BogoMIPS (lpj=3311998)
client # [    0.725337] landlock: Up and running.
server # [    0.736272] pid_max: default: 32768 minimum: 301
client # [    0.726326] Yama: becoming mindful.
server # [    0.737298] LSM: Security Framework initializing
client # [    0.727332] SELinux:  Initializing.
server # [    0.738283] landlock: Up and running.
client # [    0.728339] LSM support for eBPF active
server # [    0.739272] Yama: becoming mindful.
server # [    0.740278] SELinux:  Initializing.
client # [    0.730330] Mount-cache hash table entries: 2048 (order: 2, 16384 bytes, linear)
server # [    0.741284] LSM support for eBPF active
client # [    0.731327] Mountpoint-cache hash table entries: 2048 (order: 2, 16384 bytes, linear)
server # [    0.742450] Mount-cache hash table entries: 2048 (order: 2, 16384 bytes, linear)
server # [    0.743275] Mountpoint-cache hash table entries: 2048 (order: 2, 16384 bytes, linear)
client # [    0.735368] x86/cpu: User Mode Instruction Prevention (UMIP) activated
client # [    0.737889] Last level iTLB entries: 4KB 0, 2MB 0, 4MB 0
server # [    0.747271] x86/cpu: User Mode Instruction Prevention (UMIP) activated
client # [    0.738326] Last level dTLB entries: 4KB 0, 2MB 0, 4MB 0, 1GB 0
server # [    0.749902] Last level iTLB entries: 4KB 0, 2MB 0, 4MB 0
client # [    0.739374] Spectre V1 : Mitigation: usercopy/swapgs barriers and __user pointer sanitization
server # [    0.750272] Last level dTLB entries: 4KB 0, 2MB 0, 4MB 0, 1GB 0
client # [    0.740343] Spectre V2 : Mitigation: IBRS
server # [    0.751317] Spectre V1 : Mitigation: usercopy/swapgs barriers and __user pointer sanitization
client # [    0.741326] Spectre V2 : Spectre v2 / SpectreRSB mitigation: Filling RSB on context switch
server # [    0.752288] Spectre V2 : Mitigation: IBRS
client # [    0.743326] Spectre V2 : Spectre v2 / SpectreRSB : Filling RSB on VMEXIT
server # [    0.753272] Spectre V2 : Spectre v2 / SpectreRSB mitigation: Filling RSB on context switch
client # [    0.744326] RETBleed: Mitigation: IBRS
server # [    0.754272] Spectre V2 : Spectre v2 / SpectreRSB : Filling RSB on VMEXIT
client # [    0.745330] Spectre V2 : mitigation: Enabling conditional Indirect Branch Prediction Barrier
server # [    0.755272] RETBleed: Mitigation: IBRS
client # [    0.746327] Speculative Store Bypass: Mitigation: Speculative Store Bypass disabled via prctl
server # [    0.756276] Spectre V2 : mitigation: Enabling conditional Indirect Branch Prediction Barrier
client # [    0.748345] MDS: Mitigation: Clear CPU buffers
client # [    0.749326] TAA: Mitigation: Clear CPU buffers
server # [    0.757272] Speculative Store Bypass: Mitigation: Speculative Store Bypass disabled via prctl
server # [    0.758310] MDS: Mitigation: Clear CPU buffers
client # [    0.750326] MMIO Stale Data: Vulnerable: Clear CPU buffers attempted, no microcode
server # [    0.759272] TAA: Mitigation: Clear CPU buffers
server # [    0.760272] MMIO Stale Data: Vulnerable: Clear CPU buffers attempted, no microcode
client # [    0.773066] Freeing SMP alternatives memory: 32K
server # [    0.783141] Freeing SMP alternatives memory: 32K
client # [    0.774681] smpboot: CPU0: Intel(R) Core(TM) i9-9940X CPU @ 3.30GHz (family: 0x6, model: 0x55, stepping: 0x4)
client # [    0.775450] cblist_init_generic: Setting adjustable number of callback queues.
server # [    0.783651] smpboot: CPU0: Intel(R) Core(TM) i9-9940X CPU @ 3.30GHz (family: 0x6, model: 0x55, stepping: 0x4)
client # [    0.776339] cblist_init_generic: Setting shift to 0 and lim to 1.
server # [    0.784391] cblist_init_generic: Setting adjustable number of callback queues.
client # [    0.777357] cblist_init_generic: Setting shift to 0 and lim to 1.
server # [    0.785285] cblist_init_generic: Setting shift to 0 and lim to 1.
client # [    0.778353] cblist_init_generic: Setting shift to 0 and lim to 1.
server # [    0.786299] cblist_init_generic: Setting shift to 0 and lim to 1.
client # [    0.779351] Performance Events: Skylake events, full-width counters, Intel PMU driver.
server # [    0.787303] cblist_init_generic: Setting shift to 0 and lim to 1.
client # [    0.780353] ... version:                2
client # [    0.781339] ... bit width:              48
server # [    0.788296] Performance Events: Skylake events, full-width counters, Intel PMU driver.
client # [    0.782339] ... generic registers:      4
server # [    0.789300] ... version:                2
client # [    0.783338] ... value mask:             0000ffffffffffff
server # [    0.790284] ... bit width:              48
server # [    0.791284] ... generic registers:      4
client # [    0.784338] ... max period:             00007fffffffffff
client # [    0.785338] ... fixed-purpose events:   3
server # [    0.792284] ... value mask:             0000ffffffffffff
client # [    0.786338] ... event mask:             000000070000000f
server # [    0.793284] ... max period:             00007fffffffffff
server # [    0.794285] ... fixed-purpose events:   3
client # [    0.787645] rcu: Hierarchical SRCU implementation.
server # [    0.795284] ... event mask:             000000070000000f
client # [    0.788339] rcu:    Max phase no-delay instances is 400.
server # [    0.796583] rcu: Hierarchical SRCU implementation.
client # [    0.789650] smp: Bringing up secondary CPUs ...
client # [    0.790340] smp: Brought up 1 node, 1 CPU
server # [    0.797285] rcu:    Max phase no-delay instances is 400.
client # [    0.791338] smpboot: Max logical packages: 1
server # [    0.798598] smp: Bringing up secondary CPUs ...
server # [    0.799287] smp: Brought up 1 node, 1 CPU
client # [    0.792338] smpboot: Total of 1 processors activated (6623.99 BogoMIPS)
server # [    0.800285] smpboot: Max logical packages: 1
client # [    0.794030] devtmpfs: initialized
client # [    0.794382] x86/mm: Memory block size: 128MB
server # [    0.801285] smpboot: Total of 1 processors activated (6623.99 BogoMIPS)
server # [    0.802981] devtmpfs: initialized
client # [    0.795597] clocksource: jiffies: mask: 0xffffffff max_cycles: 0xffffffff, max_idle_ns: 1911260446275000 ns
server # [    0.803329] x86/mm: Memory block size: 128MB
client # [    0.796341] futex hash table entries: 256 (order: 2, 16384 bytes, linear)
server # [    0.804568] clocksource: jiffies: mask: 0xffffffff max_cycles: 0xffffffff, max_idle_ns: 1911260446275000 ns
client # [    0.797369] pinctrl core: initialized pinctrl subsystem
server # [    0.805287] futex hash table entries: 256 (order: 2, 16384 bytes, linear)
client # [    0.798885] NET: Registered PF_NETLINK/PF_ROUTE protocol family
server # [    0.806320] pinctrl core: initialized pinctrl subsystem
client # [    0.799431] DMA: preallocated 128 KiB GFP_KERNEL pool for atomic allocations
server # [    0.807886] NET: Registered PF_NETLINK/PF_ROUTE protocol family
client # [    0.800358] DMA: preallocated 128 KiB GFP_KERNEL|GFP_DMA pool for atomic allocations
server # [    0.808379] DMA: preallocated 128 KiB GFP_KERNEL pool for atomic allocations
client # [    0.801356] DMA: preallocated 128 KiB GFP_KERNEL|GFP_DMA32 pool for atomic allocations
server # [    0.809287] DMA: preallocated 128 KiB GFP_KERNEL|GFP_DMA pool for atomic allocations
client # [    0.802347] audit: initializing netlink subsys (disabled)
server # [    0.810286] DMA: preallocated 128 KiB GFP_KERNEL|GFP_DMA32 pool for atomic allocations
client # [    0.803438] thermal_sys: Registered thermal governor 'bang_bang'
server # [    0.811292] audit: initializing netlink subsys (disabled)
client # [    0.803439] thermal_sys: Registered thermal governor 'step_wise'
server # [    0.812398] thermal_sys: Registered thermal governor 'bang_bang'
client # [    0.804339] thermal_sys: Registered thermal governor 'user_space'
server # [    0.812399] thermal_sys: Registered thermal governor 'step_wise'
client # [    0.805361] audit: type=2000 audit(1678341337.692:1): state=initialized audit_enabled=0 res=1
server # [    0.813285] thermal_sys: Registered thermal governor 'user_space'
client # [    0.807347] cpuidle: using governor menu
server # [    0.814307] audit: type=2000 audit(1678341337.682:1): state=initialized audit_enabled=0 res=1
client # [    0.808477] acpiphp: ACPI Hot Plug PCI Controller Driver version: 0.5
server # [    0.816294] cpuidle: using governor menu
client # [    0.809795] PCI: Using configuration type 1 for base access
server # [    0.817429] acpiphp: ACPI Hot Plug PCI Controller Driver version: 0.5
client # [    0.811182] kprobes: kprobe jump-optimization is enabled. All kprobes are optimized if possible.
server # [    0.818733] PCI: Using configuration type 1 for base access
server # [    0.820117] kprobes: kprobe jump-optimization is enabled. All kprobes are optimized if possible.
client # [    0.829781] HugeTLB: registered 1.00 GiB page size, pre-allocated 0 pages
client # [    0.830338] HugeTLB: 16380 KiB vmemmap can be freed for a 1.00 GiB page
server # [    0.838815] HugeTLB: registered 1.00 GiB page size, pre-allocated 0 pages
client # [    0.831339] HugeTLB: registered 2.00 MiB page size, pre-allocated 0 pages
server # [    0.839285] HugeTLB: 16380 KiB vmemmap can be freed for a 1.00 GiB page
client # [    0.832338] HugeTLB: 28 KiB vmemmap can be freed for a 2.00 MiB page
server # [    0.840285] HugeTLB: registered 2.00 MiB page size, pre-allocated 0 pages
client # [    0.833557] ACPI: Added _OSI(Module Device)
client # [    0.834340] ACPI: Added _OSI(Processor Device)
server # [    0.841284] HugeTLB: 28 KiB vmemmap can be freed for a 2.00 MiB page
client # [    0.835339] ACPI: Added _OSI(3.0 _SCP Extensions)
server # [    0.842512] ACPI: Added _OSI(Module Device)
client # [    0.836339] ACPI: Added _OSI(Processor Aggregator Device)
server # [    0.843285] ACPI: Added _OSI(Processor Device)
server # [    0.844285] ACPI: Added _OSI(3.0 _SCP Extensions)
client # [    0.838055] ACPI: 1 ACPI AML tables successfully acquired and loaded
server # [    0.845285] ACPI: Added _OSI(Processor Aggregator Device)
client # [    0.840266] ACPI: Interpreter enabled
client # [    0.840352] ACPI: PM: (supports S0 S3 S4 S5)
server # [    0.846997] ACPI: 1 ACPI AML tables successfully acquired and loaded
client # [    0.841339] ACPI: Using IOAPIC for interrupt routing
server # [    0.849195] ACPI: Interpreter enabled
server # [    0.849298] ACPI: PM: (supports S0 S3 S4 S5)
client # [    0.842366] PCI: Using host bridge windows from ACPI; if necessary, use "pci=nocrs" and report a bug
server # [    0.850285] ACPI: Using IOAPIC for interrupt routing
client # [    0.843338] PCI: Using E820 reservations for host bridge windows
client # [    0.844527] ACPI: Enabled 2 GPEs in block 00 to 0F
server # [    0.851296] PCI: Using host bridge windows from ACPI; if necessary, use "pci=nocrs" and report a bug
server # [    0.852284] PCI: Using E820 reservations for host bridge windows
client # [    0.848211] ACPI: PCI Root Bridge [PCI0] (domain 0000 [bus 00-ff])
server # [    0.853468] ACPI: Enabled 2 GPEs in block 00 to 0F
client # [    0.848343] acpi PNP0A03:00: _OSC: OS supports [ASPM ClockPM Segments MSI HPX-Type3]
server # [    0.857128] ACPI: PCI Root Bridge [PCI0] (domain 0000 [bus 00-ff])
client # [    0.849339] acpi PNP0A03:00: _OSC: not requesting OS control; OS requires [ExtendedConfig ASPM ClockPM MSI]
server # [    0.857288] acpi PNP0A03:00: _OSC: OS supports [ASPM ClockPM Segments MSI HPX-Type3]
server # [    0.858285] acpi PNP0A03:00: _OSC: not requesting OS control; OS requires [ExtendedConfig ASPM ClockPM MSI]
client # [    0.850346] acpi PNP0A03:00: fail to add MMCONFIG information, can't access extended PCI configuration space under this bridge.
client # [    0.851646] acpiphp: Slot [3] registered
client # [    0.852419] acpiphp: Slot [4] registered
server # [    0.859292] acpi PNP0A03:00: fail to add MMCONFIG information, can't access extended PCI configuration space under this bridge.
client # [    0.853404] acpiphp: Slot [5] registered
server # [    0.860589] acpiphp: Slot [3] registered
client # [    0.854403] acpiphp: Slot [6] registered
server # [    0.861357] acpiphp: Slot [4] registered
client # [    0.855404] acpiphp: Slot [7] registered
server # [    0.862350] acpiphp: Slot [5] registered
client # [    0.856403] acpiphp: Slot [8] registered
server # [    0.863349] acpiphp: Slot [6] registered
client # [    0.857404] acpiphp: Slot [9] registered
server # [    0.864349] acpiphp: Slot [7] registered
client # [    0.858403] acpiphp: Slot [10] registered
server # [    0.865349] acpiphp: Slot [8] registered
client # [    0.859403] acpiphp: Slot [11] registered
server # [    0.866350] acpiphp: Slot [9] registered
client # [    0.860404] acpiphp: Slot [12] registered
server # [    0.867349] acpiphp: Slot [10] registered
client # [    0.861419] acpiphp: Slot [13] registered
server # [    0.868350] acpiphp: Slot [11] registered
client # [    0.862407] acpiphp: Slot [14] registered
server # [    0.869350] acpiphp: Slot [12] registered
client # [    0.863403] acpiphp: Slot [15] registered
server # [    0.870350] acpiphp: Slot [13] registered
client # [    0.864404] acpiphp: Slot [16] registered
server # [    0.871349] acpiphp: Slot [14] registered
client # [    0.865407] acpiphp: Slot [17] registered
server # [    0.872349] acpiphp: Slot [15] registered
client # [    0.866402] acpiphp: Slot [18] registered
server # [    0.873349] acpiphp: Slot [16] registered
client # [    0.867403] acpiphp: Slot [19] registered
server # [    0.874352] acpiphp: Slot [17] registered
client # [    0.868403] acpiphp: Slot [20] registered
server # [    0.875361] acpiphp: Slot [18] registered
client # [    0.869406] acpiphp: Slot [21] registered
server # [    0.876349] acpiphp: Slot [19] registered
client # [    0.870402] acpiphp: Slot [22] registered
server # [    0.877350] acpiphp: Slot [20] registered
client # [    0.871404] acpiphp: Slot [23] registered
server # [    0.878350] acpiphp: Slot [21] registered
client # [    0.872405] acpiphp: Slot [24] registered
server # [    0.879348] acpiphp: Slot [22] registered
client # [    0.873407] acpiphp: Slot [25] registered
server # [    0.880349] acpiphp: Slot [23] registered
client # [    0.874403] acpiphp: Slot [26] registered
server # [    0.881350] acpiphp: Slot [24] registered
client # [    0.875403] acpiphp: Slot [27] registered
server # [    0.882350] acpiphp: Slot [25] registered
client # [    0.876404] acpiphp: Slot [28] registered
server # [    0.883348] acpiphp: Slot [26] registered
client # [    0.877402] acpiphp: Slot [29] registered
server # [    0.884349] acpiphp: Slot [27] registered
client # [    0.878407] acpiphp: Slot [30] registered
server # [    0.885350] acpiphp: Slot [28] registered
client # [    0.879417] acpiphp: Slot [31] registered
server # [    0.886349] acpiphp: Slot [29] registered
client # [    0.880396] PCI host bridge to bus 0000:00
server # [    0.887348] acpiphp: Slot [30] registered
client # [    0.881339] pci_bus 0000:00: root bus resource [io  0x0000-0x0cf7 window]
server # [    0.888349] acpiphp: Slot [31] registered
server # [    0.889342] PCI host bridge to bus 0000:00
client # [    0.882339] pci_bus 0000:00: root bus resource [io  0x0d00-0xffff window]
server # [    0.890285] pci_bus 0000:00: root bus resource [io  0x0000-0x0cf7 window]
client # [    0.883339] pci_bus 0000:00: root bus resource [mem 0x000a0000-0x000bffff window]
server # [    0.891285] pci_bus 0000:00: root bus resource [io  0x0d00-0xffff window]
client # [    0.884339] pci_bus 0000:00: root bus resource [mem 0x40000000-0xfebfffff window]
server # [    0.892299] pci_bus 0000:00: root bus resource [mem 0x000a0000-0x000bffff window]
client # [    0.885350] pci_bus 0000:00: root bus resource [mem 0x100000000-0x17fffffff window]
server # [    0.893284] pci_bus 0000:00: root bus resource [mem 0x40000000-0xfebfffff window]
client # [    0.886356] pci_bus 0000:00: root bus resource [bus 00-ff]
client # [    0.887575] pci 0000:00:00.0: [8086:1237] type 00 class 0x060000
server # [    0.894285] pci_bus 0000:00: root bus resource [mem 0x100000000-0x17fffffff window]
server # [    0.895285] pci_bus 0000:00: root bus resource [bus 00-ff]
client # [    0.891522] pci 0000:00:01.0: [8086:7000] type 00 class 0x060100
server # [    0.896521] pci 0000:00:00.0: [8086:1237] type 00 class 0x060000
client # [    0.896636] pci 0000:00:01.1: [8086:7010] type 00 class 0x010180
server # [    0.900507] pci 0000:00:01.0: [8086:7000] type 00 class 0x060100
client # [    0.901704] pci 0000:00:01.1: reg 0x20: [io  0xc1e0-0xc1ef]
server # [    0.905707] pci 0000:00:01.1: [8086:7010] type 00 class 0x010180
client # [    0.904402] pci 0000:00:01.1: legacy IDE quirk: reg 0x10: [io  0x01f0-0x01f7]
server # [    0.910599] pci 0000:00:01.1: reg 0x20: [io  0xc1e0-0xc1ef]
client # [    0.905339] pci 0000:00:01.1: legacy IDE quirk: reg 0x14: [io  0x03f6]
server # [    0.913401] pci 0000:00:01.1: legacy IDE quirk: reg 0x10: [io  0x01f0-0x01f7]
client # [    0.906339] pci 0000:00:01.1: legacy IDE quirk: reg 0x18: [io  0x0170-0x0177]
server # [    0.914285] pci 0000:00:01.1: legacy IDE quirk: reg 0x14: [io  0x03f6]
client # [    0.907339] pci 0000:00:01.1: legacy IDE quirk: reg 0x1c: [io  0x0376]
server # [    0.915284] pci 0000:00:01.1: legacy IDE quirk: reg 0x18: [io  0x0170-0x0177]
client # [    0.909082] pci 0000:00:01.2: [8086:7020] type 00 class 0x0c0300
server # [    0.916284] pci 0000:00:01.1: legacy IDE quirk: reg 0x1c: [io  0x0376]
client # [    0.913275] pci 0000:00:01.2: reg 0x20: [io  0xc100-0xc11f]
server # [    0.918038] pci 0000:00:01.2: [8086:7020] type 00 class 0x0c0300
client # [    0.915513] pci 0000:00:01.3: [8086:7113] type 00 class 0x068000
server # [    0.922038] pci 0000:00:01.2: reg 0x20: [io  0xc100-0xc11f]
client # [    0.919397] pci 0000:00:01.3: quirk: [io  0x0600-0x063f] claimed by PIIX4 ACPI
server # [    0.924399] pci 0000:00:01.3: [8086:7113] type 00 class 0x068000
client # [    0.920393] pci 0000:00:01.3: quirk: [io  0x0700-0x070f] claimed by PIIX4 SMB
server # [    0.928396] pci 0000:00:01.3: quirk: [io  0x0600-0x063f] claimed by PIIX4 ACPI
client # [    0.922559] pci 0000:00:02.0: [1234:1111] type 00 class 0x030000
server # [    0.929339] pci 0000:00:01.3: quirk: [io  0x0700-0x070f] claimed by PIIX4 SMB
client # [    0.925097] pci 0000:00:02.0: reg 0x10: [mem 0xfd000000-0xfdffffff pref]
server # [    0.931504] pci 0000:00:02.0: [1234:1111] type 00 class 0x030000
client # [    0.928121] pci 0000:00:02.0: reg 0x18: [mem 0xfebd0000-0xfebd0fff]
server # [    0.934088] pci 0000:00:02.0: reg 0x10: [mem 0xfd000000-0xfdffffff pref]
server # [    0.937045] pci 0000:00:02.0: reg 0x18: [mem 0xfebd0000-0xfebd0fff]
client # [    0.933377] pci 0000:00:02.0: reg 0x30: [mem 0xfebc0000-0xfebcffff pref]
client # [    0.934736] pci 0000:00:02.0: Video device with shadowed ROM at [mem 0x000c0000-0x000dffff]
server # [    0.942271] pci 0000:00:02.0: reg 0x30: [mem 0xfebc0000-0xfebcffff pref]
client # [    0.937667] pci 0000:00:03.0: [1af4:1000] type 00 class 0x020000
server # [    0.942672] pci 0000:00:02.0: Video device with shadowed ROM at [mem 0x000c0000-0x000dffff]
client # [    0.939833] pci 0000:00:03.0: reg 0x10: [io  0xc120-0xc13f]
server # [    0.945609] pci 0000:00:03.0: [1af4:1000] type 00 class 0x020000
client # [    0.941340] pci 0000:00:03.0: reg 0x14: [mem 0xfebd1000-0xfebd1fff]
server # [    0.947783] pci 0000:00:03.0: reg 0x10: [io  0xc120-0xc13f]
server # [    0.949286] pci 0000:00:03.0: reg 0x14: [mem 0xfebd1000-0xfebd1fff]
client # [    0.946340] pci 0000:00:03.0: reg 0x20: [mem 0xfe000000-0xfe003fff 64bit pref]
client # [    0.948340] pci 0000:00:03.0: reg 0x30: [mem 0xfeb40000-0xfeb7ffff pref]
server # [    0.954287] pci 0000:00:03.0: reg 0x20: [mem 0xfe000000-0xfe003fff 64bit pref]
client # [    0.954398] pci 0000:00:04.0: [1af4:1005] type 00 class 0x00ff00
server # [    0.956305] pci 0000:00:03.0: reg 0x30: [mem 0xfeb40000-0xfeb7ffff pref]
client # [    0.956752] pci 0000:00:04.0: reg 0x10: [io  0xc140-0xc15f]
server # [    0.962338] pci 0000:00:04.0: [1af4:1005] type 00 class 0x00ff00
client # [    0.958340] pci 0000:00:04.0: reg 0x14: [mem 0xfebd2000-0xfebd2fff]
server # [    0.964781] pci 0000:00:04.0: reg 0x10: [io  0xc140-0xc15f]
client # [    0.962340] pci 0000:00:04.0: reg 0x20: [mem 0xfe004000-0xfe007fff 64bit pref]
server # [    0.966287] pci 0000:00:04.0: reg 0x14: [mem 0xfebd2000-0xfebd2fff]
server # [    0.970286] pci 0000:00:04.0: reg 0x20: [mem 0xfe004000-0xfe007fff 64bit pref]
client # [    0.969298] pci 0000:00:05.0: [1af4:1009] type 00 class 0x000200
client # [    0.970788] pci 0000:00:05.0: reg 0x10: [io  0xc080-0xc0bf]
server # [    0.977360] pci 0000:00:05.0: [1af4:1009] type 00 class 0x000200
client # [    0.972340] pci 0000:00:05.0: reg 0x14: [mem 0xfebd3000-0xfebd3fff]
server # [    0.979754] pci 0000:00:05.0: reg 0x10: [io  0xc080-0xc0bf]
client # [    0.976340] pci 0000:00:05.0: reg 0x20: [mem 0xfe008000-0xfe00bfff 64bit pref]
server # [    0.981286] pci 0000:00:05.0: reg 0x14: [mem 0xfebd3000-0xfebd3fff]
server # [    0.985286] pci 0000:00:05.0: reg 0x20: [mem 0xfe008000-0xfe00bfff 64bit pref]
client # [    0.983255] pci 0000:00:06.0: [1af4:1009] type 00 class 0x000200
client # [    0.984787] pci 0000:00:06.0: reg 0x10: [io  0xc160-0xc17f]
server # [    0.992271] pci 0000:00:06.0: [1af4:1009] type 00 class 0x000200
client # [    0.986340] pci 0000:00:06.0: reg 0x14: [mem 0xfebd4000-0xfebd4fff]
server # [    0.994684] pci 0000:00:06.0: reg 0x10: [io  0xc160-0xc17f]
client # [    0.990340] pci 0000:00:06.0: reg 0x20: [mem 0xfe00c000-0xfe00ffff 64bit pref]
server # [    0.996286] pci 0000:00:06.0: reg 0x14: [mem 0xfebd4000-0xfebd4fff]
server # [    1.000286] pci 0000:00:06.0: reg 0x20: [mem 0xfe00c000-0xfe00ffff 64bit pref]
client # [    0.997930] pci 0000:00:07.0: [1af4:1009] type 00 class 0x000200
client # [    0.999958] pci 0000:00:07.0: reg 0x10: [io  0xc180-0xc19f]
server # [    1.007355] pci 0000:00:07.0: [1af4:1009] type 00 class 0x000200
client # [    1.001340] pci 0000:00:07.0: reg 0x14: [mem 0xfebd5000-0xfebd5fff]
server # [    1.009676] pci 0000:00:07.0: reg 0x10: [io  0xc180-0xc19f]
client # [    1.005340] pci 0000:00:07.0: reg 0x20: [mem 0xfe010000-0xfe013fff 64bit pref]
server # [    1.011286] pci 0000:00:07.0: reg 0x14: [mem 0xfebd5000-0xfebd5fff]
server # [    1.015286] pci 0000:00:07.0: reg 0x20: [mem 0xfe010000-0xfe013fff 64bit pref]
client # [    1.013300] pci 0000:00:08.0: [1af4:1001] type 00 class 0x010000
client # [    1.014804] pci 0000:00:08.0: reg 0x10: [io  0xc000-0xc07f]
server # [    1.022240] pci 0000:00:08.0: [1af4:1001] type 00 class 0x010000
client # [    1.016340] pci 0000:00:08.0: reg 0x14: [mem 0xfebd6000-0xfebd6fff]
server # [    1.023758] pci 0000:00:08.0: reg 0x10: [io  0xc000-0xc07f]
client # [    1.021173] pci 0000:00:08.0: reg 0x20: [mem 0xfe014000-0xfe017fff 64bit pref]
server # [    1.025286] pci 0000:00:08.0: reg 0x14: [mem 0xfebd6000-0xfebd6fff]
server # [    1.029286] pci 0000:00:08.0: reg 0x20: [mem 0xfe014000-0xfe017fff 64bit pref]
client # [    1.028035] pci 0000:00:09.0: [1af4:1000] type 00 class 0x020000
client # [    1.030342] pci 0000:00:09.0: reg 0x10: [io  0xc1a0-0xc1bf]
server # [    1.036337] pci 0000:00:09.0: [1af4:1000] type 00 class 0x020000
client # [    1.032340] pci 0000:00:09.0: reg 0x14: [mem 0xfebd7000-0xfebd7fff]
server # [    1.038729] pci 0000:00:09.0: reg 0x10: [io  0xc1a0-0xc1bf]
client # [    1.036341] pci 0000:00:09.0: reg 0x20: [mem 0xfe018000-0xfe01bfff 64bit pref]
server # [    1.040286] pci 0000:00:09.0: reg 0x14: [mem 0xfebd7000-0xfebd7fff]
client # [    1.038340] pci 0000:00:09.0: reg 0x30: [mem 0xfeb80000-0xfebbffff pref]
server # [    1.044286] pci 0000:00:09.0: reg 0x20: [mem 0xfe018000-0xfe01bfff 64bit pref]
server # [    1.046886] pci 0000:00:09.0: reg 0x30: [mem 0xfeb80000-0xfebbffff pref]
client # [    1.044339] pci 0000:00:0a.0: [1af4:1052] type 00 class 0x090000
client # [    1.047179] pci 0000:00:0a.0: reg 0x14: [mem 0xfebd8000-0xfebd8fff]
server # [    1.052663] pci 0000:00:0a.0: [1af4:1052] type 00 class 0x090000
client # [    1.050340] pci 0000:00:0a.0: reg 0x20: [mem 0xfe01c000-0xfe01ffff 64bit pref]
server # [    1.055158] pci 0000:00:0a.0: reg 0x14: [mem 0xfebd8000-0xfebd8fff]
server # [    1.057865] pci 0000:00:0a.0: reg 0x20: [mem 0xfe01c000-0xfe01ffff 64bit pref]
client # [    1.057554] pci 0000:00:0b.0: [1af4:1003] type 00 class 0x078000
client # [    1.059861] pci 0000:00:0b.0: reg 0x10: [io  0xc0c0-0xc0ff]
server # [    1.064548] pci 0000:00:0b.0: [1af4:1003] type 00 class 0x078000
client # [    1.061341] pci 0000:00:0b.0: reg 0x14: [mem 0xfebd9000-0xfebd9fff]
server # [    1.066805] pci 0000:00:0b.0: reg 0x10: [io  0xc0c0-0xc0ff]
server # [    1.068286] pci 0000:00:0b.0: reg 0x14: [mem 0xfebd9000-0xfebd9fff]
client # [    1.066186] pci 0000:00:0b.0: reg 0x20: [mem 0xfe020000-0xfe023fff 64bit pref]
server # [    1.073125] pci 0000:00:0b.0: reg 0x20: [mem 0xfe020000-0xfe023fff 64bit pref]
client # [    1.072321] pci 0000:00:0c.0: [1af4:1005] type 00 class 0x00ff00
client # [    1.073783] pci 0000:00:0c.0: reg 0x10: [io  0xc1c0-0xc1df]
server # [    1.079925] pci 0000:00:0c.0: [1af4:1005] type 00 class 0x00ff00
client # [    1.075340] pci 0000:00:0c.0: reg 0x14: [mem 0xfebda000-0xfebdafff]
server # [    1.081729] pci 0000:00:0c.0: reg 0x10: [io  0xc1c0-0xc1df]
client # [    1.080098] pci 0000:00:0c.0: reg 0x20: [mem 0xfe024000-0xfe027fff 64bit pref]
server # [    1.083286] pci 0000:00:0c.0: reg 0x14: [mem 0xfebda000-0xfebdafff]
server # [    1.087286] pci 0000:00:0c.0: reg 0x20: [mem 0xfe024000-0xfe027fff 64bit pref]
client # [    1.087120] ACPI: PCI: Interrupt link LNKA configured for IRQ 10
client # [    1.087644] ACPI: PCI: Interrupt link LNKB configured for IRQ 10
client # [    1.088650] ACPI: PCI: Interrupt link LNKC configured for IRQ 11
server # [    1.095211] ACPI: PCI: Interrupt link LNKA configured for IRQ 10
client # [    1.089624] ACPI: PCI: Interrupt link LNKD configured for IRQ 11
server # [    1.095586] ACPI: PCI: Interrupt link LNKB configured for IRQ 10
client # [    1.090493] ACPI: PCI: Interrupt link LNKS configured for IRQ 9
server # [    1.096567] ACPI: PCI: Interrupt link LNKC configured for IRQ 11
client # [    1.091821] iommu: Default domain type: Translated
server # [    1.097574] ACPI: PCI: Interrupt link LNKD configured for IRQ 11
client # [    1.092340] iommu: DMA domain TLB invalidation policy: lazy mode
server # [    1.098438] ACPI: PCI: Interrupt link LNKS configured for IRQ 9
client # [    1.093816] NetLabel: Initializing
server # [    1.099743] iommu: Default domain type: Translated
client # [    1.094340] NetLabel:  domain hash size = 128
server # [    1.100285] iommu: DMA domain TLB invalidation policy: lazy mode
client # [    1.095338] NetLabel:  protocols = UNLABELED CIPSOv4 CALIPSO
server # [    1.101773] NetLabel: Initializing
client # [    1.096359] NetLabel:  unlabeled traffic allowed by default
server # [    1.102285] NetLabel:  domain hash size = 128
client # [    1.097346] PCI: Using ACPI for IRQ routing
server # [    1.103284] NetLabel:  protocols = UNLABELED CIPSOv4 CALIPSO
client # [    1.100492] pci 0000:00:02.0: vgaarb: setting as boot VGA device
server # [    1.104303] NetLabel:  unlabeled traffic allowed by default
server # [    1.105290] PCI: Using ACPI for IRQ routing
client # [    1.101325] pci 0000:00:02.0: vgaarb: bridge control possible
server # [    1.108212] pci 0000:00:02.0: vgaarb: setting as boot VGA device
client # [    1.101325] pci 0000:00:02.0: vgaarb: VGA device added: decodes=io+mem,owns=io+mem,locks=none
client # [    1.101341] vgaarb: loaded
server # [    1.108271] pci 0000:00:02.0: vgaarb: bridge control possible
client # [    1.102446] hpet0: at MMIO 0xfed00000, IRQs 2, 8, 0
client # [    1.103338] hpet0: 3 comparators, 64-bit 100.000000 MHz counter
server # [    1.108271] pci 0000:00:02.0: vgaarb: VGA device added: decodes=io+mem,owns=io+mem,locks=none
server # [    1.108287] vgaarb: loaded
server # [    1.109419] hpet0: at MMIO 0xfed00000, IRQs 2, 8, 0
server # [    1.110284] hpet0: 3 comparators, 64-bit 100.000000 MHz counter
client # [    1.110385] clocksource: Switched to clocksource kvm-clock
server # [    1.114341] clocksource: Switched to clocksource kvm-clock
client # [    1.122964] VFS: Disk quotas dquot_6.6.0
client # [    1.125816] VFS: Dquot-cache hash table entries: 512 (order 0, 4096 bytes)
server # [    1.126942] VFS: Disk quotas dquot_6.6.0
client # [    1.130808] pnp: PnP ACPI init
client # [    1.133639] pnp: PnP ACPI: found 6 devices
server # [    1.129784] VFS: Dquot-cache hash table entries: 512 (order 0, 4096 bytes)
server # [    1.134798] pnp: PnP ACPI init
server # [    1.137598] pnp: PnP ACPI: found 6 devices
client # [    1.142662] clocksource: acpi_pm: mask: 0xffffff max_cycles: 0xffffff, max_idle_ns: 2085701024 ns
client # [    1.148839] clocksource: Switched to clocksource acpi_pm
server # [    1.146635] clocksource: acpi_pm: mask: 0xffffff max_cycles: 0xffffff, max_idle_ns: 2085701024 ns
client # [    1.152717] NET: Registered PF_INET protocol family
server # [    1.152837] clocksource: Switched to clocksource acpi_pm
client # [    1.156674] IP idents hash table entries: 16384 (order: 5, 131072 bytes, linear)
server # [    1.156774] NET: Registered PF_INET protocol family
server # [    1.160674] IP idents hash table entries: 16384 (order: 5, 131072 bytes, linear)
client # [    1.163128] tcp_listen_portaddr_hash hash table entries: 512 (order: 1, 8192 bytes, linear)
client # [    1.169120] Table-perturb hash table entries: 65536 (order: 6, 262144 bytes, linear)
server # [    1.167123] tcp_listen_portaddr_hash hash table entries: 512 (order: 1, 8192 bytes, linear)
client # [    1.174649] TCP established hash table entries: 8192 (order: 4, 65536 bytes, linear)
server # [    1.173084] Table-perturb hash table entries: 65536 (order: 6, 262144 bytes, linear)
client # [    1.180173] TCP bind hash table entries: 8192 (order: 6, 262144 bytes, linear)
server # [    1.178600] TCP established hash table entries: 8192 (order: 4, 65536 bytes, linear)
client # [    1.185491] TCP: Hash tables configured (established 8192 bind 8192)
server # [    1.184154] TCP bind hash table entries: 8192 (order: 6, 262144 bytes, linear)
client # [    1.190134] MPTCP token hash table entries: 1024 (order: 2, 24576 bytes, linear)
server # [    1.189449] TCP: Hash tables configured (established 8192 bind 8192)
client # [    1.195433] UDP hash table entries: 512 (order: 2, 16384 bytes, linear)
server # [    1.194114] MPTCP token hash table entries: 1024 (order: 2, 24576 bytes, linear)
client # [    1.200194] UDP-Lite hash table entries: 512 (order: 2, 16384 bytes, linear)
server # [    1.199403] UDP hash table entries: 512 (order: 2, 16384 bytes, linear)
client # [    1.205265] NET: Registered PF_UNIX/PF_LOCAL protocol family
server # [    1.204166] UDP-Lite hash table entries: 512 (order: 2, 16384 bytes, linear)
client # [    1.209502] NET: Registered PF_XDP protocol family
server # [    1.209234] NET: Registered PF_UNIX/PF_LOCAL protocol family
client # [    1.213057] pci_bus 0000:00: resource 4 [io  0x0000-0x0cf7 window]
server # [    1.213478] NET: Registered PF_XDP protocol family
client # [    1.217549] pci_bus 0000:00: resource 5 [io  0x0d00-0xffff window]
server # [    1.217016] pci_bus 0000:00: resource 4 [io  0x0000-0x0cf7 window]
client # [    1.222018] pci_bus 0000:00: resource 6 [mem 0x000a0000-0x000bffff window]
server # [    1.221473] pci_bus 0000:00: resource 5 [io  0x0d00-0xffff window]
client # [    1.226939] pci_bus 0000:00: resource 7 [mem 0x40000000-0xfebfffff window]
server # [    1.225955] pci_bus 0000:00: resource 6 [mem 0x000a0000-0x000bffff window]
client # [    1.231874] pci_bus 0000:00: resource 8 [mem 0x100000000-0x17fffffff window]
server # [    1.230860] pci_bus 0000:00: resource 7 [mem 0x40000000-0xfebfffff window]
client # [    1.237005] pci 0000:00:01.0: PIIX3: Enabling Passive Release
server # [    1.235765] pci_bus 0000:00: resource 8 [mem 0x100000000-0x17fffffff window]
client # [    1.241294] pci 0000:00:00.0: Limiting direct PCI/PCI transfers
server # [    1.240948] pci 0000:00:01.0: PIIX3: Enabling Passive Release
server # [    1.245208] pci 0000:00:00.0: Limiting direct PCI/PCI transfers
client # [    1.268998] ACPI: \_SB_.LNKD: Enabled at IRQ 11
server # [    1.272963] ACPI: \_SB_.LNKD: Enabled at IRQ 11
client # [    1.296647] pci 0000:00:01.2: quirk_usb_early_handoff+0x0/0x750 took 49666 usecs
client # [    1.302814] PCI: CLS 0 bytes, default 64
server # [    1.300598] pci 0000:00:01.2: quirk_usb_early_handoff+0x0/0x750 took 49724 usecs
client # [    1.305824] Trying to unpack rootfs image as initramfs...
server # [    1.306763] PCI: CLS 0 bytes, default 64
server # [    1.309786] Trying to unpack rootfs image as initramfs...
client # [    1.309830] clocksource: tsc: mask: 0xffffffffffffffff max_cycles: 0x2fbd924e8de, max_idle_ns: 440795321919 ns
server # [    1.313805] clocksource: tsc: mask: 0xffffffffffffffff max_cycles: 0x2fbd924e8de, max_idle_ns: 440795321919 ns
client # [    1.323840] Initialise system trusted keyrings
server # [    1.327882] Initialise system trusted keyrings
client # [    1.333688] workingset: timestamp_bits=40 max_order=18 bucket_order=0
server # [    1.337515] workingset: timestamp_bits=40 max_order=18 bucket_order=0
client # [    1.345677] zbud: loaded
client # [    1.349982] Key type asymmetric registered
server # [    1.349157] zbud: loaded
server # [    1.353927] Key type asymmetric registered
client # [    1.356779] Asymmetric key parser 'x509' registered
server # [    1.359666] Asymmetric key parser 'x509' registered
client # [    1.406061] Freeing initrd memory: 12868K
client # [    1.409769] alg: self-tests for CTR-KDF (hmac(sha256)) passed
client # [    1.413998] Block layer SCSI generic (bsg) driver version 0.4 loaded (major 252)
server # [    1.415806] Freeing initrd memory: 14144K
client # [    1.419535] io scheduler mq-deadline registered
client # [    1.422907] io scheduler kyber registered
server # [    1.419505] alg: self-tests for CTR-KDF (hmac(sha256)) passed
client # [    1.426182] Serial: 8250/16550 driver, 4 ports, IRQ sharing enabled
server # [    1.423710] Block layer SCSI generic (bsg) driver version 0.4 loaded (major 252)
server # [    1.429106] io scheduler mq-deadline registered
client # [    1.431535] 00:04: ttyS0 at I/O 0x3f8 (irq = 4, base_baud = 115200) is a 16550A
server # [    1.432441] io scheduler kyber registered
client # [    1.438101] intel_pstate: CPU model not supported
server # [    1.435716] Serial: 8250/16550 driver, 4 ports, IRQ sharing enabled
client # [    1.441619] drop_monitor: Initializing network drop monitor service
server # [    1.441030] 00:04: ttyS0 at I/O 0x3f8 (irq = 4, base_baud = 115200) is a 16550A
server # [    1.447728] intel_pstate: CPU model not supported
server # [    1.451227] drop_monitor: Initializing network drop monitor service
client # [    1.456129] NET: Registered PF_INET6 protocol family
client # [    1.460840] Segment Routing with IPv6
client # [    1.463620] In-situ OAM (IOAM) with IPv6
client # [    1.466911] IPI shorthand broadcast: enabled
server # [    1.465615] NET: Registered PF_INET6 protocol family
client # [    1.470208] registered taskstats version 1
server # [    1.470443] Segment Routing with IPv6
client # [    1.473266] Loading compiled-in X.509 certificates
server # [    1.473235] In-situ OAM (IOAM) with IPv6
client # [    1.476873] zswap: loaded using pool lzo/zbud
server # [    1.476654] IPI shorthand broadcast: enabled
client # [    1.480306] Key type .fscrypt registered
server # [    1.479927] registered taskstats version 1
client # [    1.483255] Key type fscrypt-provisioning registered
server # [    1.483003] Loading compiled-in X.509 certificates
server # [    1.486631] zswap: loaded using pool lzo/zbud
client # [    1.488037] Unstable clock detected, switching default tracing clock to "global"
server # [    1.490077] Key type .fscrypt registered
client # [    1.488037] If you want to keep using the local clock, then add:
server # [    1.493024] Key type fscrypt-provisioning registered
client # [    1.488037]   "trace_clock=local"
client # [    1.488037] on the kernel command line
server # [    1.497775] Unstable clock detected, switching default tracing clock to "global"
client # [    1.504908] Freeing unused decrypted memory: 2036K
server # [    1.497775] If you want to keep using the local clock, then add:
client # [    1.508056] Freeing unused kernel image (initmem) memory: 1876K
server # [    1.497775]   "trace_clock=local"
client # [    1.510735] Write protecting the kernel read-only data: 22528k
server # [    1.497775] on the kernel command line
client # [    1.514923] Freeing unused kernel image (text/rodata gap) memory: 2040K
server # [    1.514496] Freeing unused decrypted memory: 2036K
client # [    1.517978] Freeing unused kernel image (rodata/data gap) memory: 660K
server # [    1.517606] Freeing unused kernel image (initmem) memory: 1876K
server # [    1.520446] Write protecting the kernel read-only data: 22528k
server # [    1.524656] Freeing unused kernel image (text/rodata gap) memory: 2040K
server # [    1.527697] Freeing unused kernel image (rodata/data gap) memory: 660K
client # [    1.562086] x86/mm: Checked W+X mappings: passed, no W+X pages found.
client # [    1.564947] x86/mm: Checking user space page tables
server # [    1.571653] x86/mm: Checked W+X mappings: passed, no W+X pages found.
server # [    1.574497] x86/mm: Checking user space page tables
client # [    1.606933] x86/mm: Checked W+X mappings: passed, no W+X pages found.
client # [    1.609751] Run /init as init process
client # 
client # <<< NixOS Stage 1 >>>
client # 
server # [    1.616469] x86/mm: Checked W+X mappings: passed, no W+X pages found.
server # [    1.619482] Run /init as init process
server # 
server # <<< NixOS Stage 1 >>>
server # 
client # loading module virtio_balloon...
client # loading module virtio_console...
server # loading module virtio_balloon...
client # loading module virtio_rng...
client # loading module dm_mod...
server # loading module virtio_console...
server # loading module virtio_rng...
server # loading module dm_mod...
client # [    1.709702] device-mapper: ioctl: 4.47.0-ioctl (2022-07-28) initialised: dm-devel@redhat.com
client # running udev...
server # [    1.723826] device-mapper: ioctl: 4.47.0-ioctl (2022-07-28) initialised: dm-devel@redhat.com
server # loading module af_packet...
client # Starting systemd-udevd version 252.5
server # [    1.736982] NET: Registered PF_PACKET protocol family
server # running udev...
server # Starting systemd-udevd version 252.5
client # [    1.810750] rtc_cmos 00:05: RTC can wake from S4
client # [    1.814767] i8042: PNP: PS/2 Controller [PNP0303:KBD,PNP0f13:MOU] at 0x60,0x64 irq 1,12
client # [    1.830618] rtc_cmos 00:05: registered as rtc0
server # [    1.829916] rtc_cmos 00:05: RTC can wake from S4
client # [    1.839663] rtc_cmos 00:05: alarms up to one day, y3k, 242 bytes nvram, hpet irqs
client # [    1.844242] serio: i8042 KBD port at 0x60,0x64 irq 1
server # [    1.843169] i8042: PNP: PS/2 Controller [PNP0303:KBD,PNP0f13:MOU] at 0x60,0x64 irq 1,12
client # [    1.851556] serio: i8042 AUX port at 0x60,0x64 irq 12
server # [    1.851463] rtc_cmos 00:05: registered as rtc0
server # [    1.858738] rtc_cmos 00:05: alarms up to one day, y3k, 242 bytes nvram, hpet irqs
server # [    1.867211] serio: i8042 KBD port at 0x60,0x64 irq 1
server # [    1.875723] serio: i8042 AUX port at 0x60,0x64 irq 12
client # [    1.939798] SCSI subsystem initialized
client # [    1.958758] ACPI: bus type USB registered
server # [    1.957872] SCSI subsystem initialized
client # [    1.968513] usbcore: registered new interface driver usbfs
client # [    1.979499] usbcore: registered new interface driver hub
server # [    1.982714] ACPI: bus type USB registered
client # [    1.989502] usbcore: registered new device driver usb
server # [    1.992466] usbcore: registered new interface driver usbfs
client # [    1.997151] ACPI: \_SB_.LNKC: Enabled at IRQ 10
server # [    2.001451] usbcore: registered new interface driver hub
server # [    2.009804] usbcore: registered new device driver usb
server # [    2.014225] ACPI: \_SB_.LNKC: Enabled at IRQ 10
client # [    2.038504] scsi host0: ata_piix
client # [    2.048508] scsi host1: ata_piix
client # [    2.050275] ata1: PATA max MWDMA2 cmd 0x1f0 ctl 0x3f6 bmdma 0xc1e0 irq 14
client # [    2.053246] ata2: PATA max MWDMA2 cmd 0x170 ctl 0x376 bmdma 0xc1e8 irq 15
server # [    2.059492] scsi host0: ata_piix
server # [    2.069491] scsi host1: ata_piix
server # [    2.071209] ata1: PATA max MWDMA2 cmd 0x1f0 ctl 0x3f6 bmdma 0xc1e0 irq 14
server # [    2.074170] ata2: PATA max MWDMA2 cmd 0x170 ctl 0x376 bmdma 0xc1e8 irq 15
client # [    2.116016] uhci_hcd 0000:00:01.2: UHCI Host Controller
client # [    2.122828] uhci_hcd 0000:00:01.2: new USB bus registered, assigned bus number 1
client # [    2.126568] uhci_hcd 0000:00:01.2: detected 2 ports
client # [    2.135524] uhci_hcd 0000:00:01.2: irq 11, io port 0x0000c100
client # [    2.138813] usb usb1: New USB device found, idVendor=1d6b, idProduct=0001, bcdDevice= 6.01
server # [    2.138053] uhci_hcd 0000:00:01.2: UHCI Host Controller
client # [    2.142608] usb usb1: New USB device strings: Mfr=3, Product=2, SerialNumber=1
client # [    2.145941] usb usb1: Product: UHCI Host Controller
server # [    2.144797] uhci_hcd 0000:00:01.2: new USB bus registered, assigned bus number 1
client # [    2.148271] usb usb1: Manufacturer: Linux 6.1.15 uhci_hcd
client # [    2.150810] usb usb1: SerialNumber: 0000:00:01.2
server # [    2.148523] uhci_hcd 0000:00:01.2: detected 2 ports
server # [    2.157266] uhci_hcd 0000:00:01.2: irq 11, io port 0x0000c100
client # [    2.161137] hub 1-0:1.0: USB hub found
client # [    2.162936] hub 1-0:1.0: 2 ports detected
server # [    2.164759] usb usb1: New USB device found, idVendor=1d6b, idProduct=0001, bcdDevice= 6.01
server # [    2.168444] usb usb1: New USB device strings: Mfr=3, Product=2, SerialNumber=1
server # [    2.171654] usb usb1: Product: UHCI Host Controller
server # [    2.173903] usb usb1: Manufacturer: Linux 6.1.15 uhci_hcd
server # [    2.176440] usb usb1: SerialNumber: 0000:00:01.2
client # [    2.184841] ACPI: \_SB_.LNKA: Enabled at IRQ 10
server # [    2.190078] hub 1-0:1.0: USB hub found
server # [    2.196436] hub 1-0:1.0: 2 ports detected
server # [    2.205973] ACPI: \_SB_.LNKA: Enabled at IRQ 10
client # [    2.212325] ata2: found unknown device (class 0)
client # [    2.221800] ata2.00: ATAPI: QEMU DVD-ROM, 2.5+, max UDMA/100
client # [    2.228106] ACPI: \_SB_.LNKB: Enabled at IRQ 11
client # [    2.233968] scsi 1:0:0:0: CD-ROM            QEMU     QEMU DVD-ROM     2.5+ PQ: 0 ANSI: 5
server # [    2.233242] ata2: found unknown device (class 0)
server # [    2.242718] ata2.00: ATAPI: QEMU DVD-ROM, 2.5+, max UDMA/100
server # [    2.249119] ACPI: \_SB_.LNKB: Enabled at IRQ 11
server # [    2.254936] scsi 1:0:0:0: CD-ROM            QEMU     QEMU DVD-ROM     2.5+ PQ: 0 ANSI: 5
client # [    2.389490] usb 1-1: new full-speed USB device number 2 using uhci_hcd
server # [    2.418434] usb 1-1: new full-speed USB device number 2 using uhci_hcd
client # [    2.569544] usb 1-1: New USB device found, idVendor=0627, idProduct=0001, bcdDevice= 0.00
client # [    2.573198] usb 1-1: New USB device strings: Mfr=1, Product=3, SerialNumber=10
client # [    2.576499] usb 1-1: Product: QEMU USB Tablet
client # [    2.578535] usb 1-1: Manufacturer: QEMU
client # [    2.580491] usb 1-1: SerialNumber: 28754-0000:00:01.2-1
client # [    2.594903] input: AT Translated Set 2 keyboard as /devices/platform/i8042/serio0/input/input0
server # [    2.593101] input: AT Translated Set 2 keyboard as /devices/platform/i8042/serio0/input/input0
server # [    2.597489] usb 1-1: New USB device found, idVendor=0627, idProduct=0001, bcdDevice= 0.00
server # [    2.601121] usb 1-1: New USB device strings: Mfr=1, Product=3, SerialNumber=10
server # [    2.604417] usb 1-1: Product: QEMU USB Tablet
server # [    2.606451] usb 1-1: Manufacturer: QEMU
server # [    2.608257] usb 1-1: SerialNumber: 28754-0000:00:01.2-1
client # [    2.626578] virtio_blk virtio5: 1/0/0 default/read/poll queues
client # [    2.643618] 9pnet: Installing 9P2000 support
server # [    2.646132] virtio_blk virtio5: 1/0/0 default/read/poll queues
server # [    2.662563] 9pnet: Installing 9P2000 support
client # [    2.670864] virtio_blk virtio5: [vda] 2097152 512-byte logical blocks (1.07 GB/1.00 GiB)
client # [    2.678745] sr 1:0:0:0: [sr0] scsi3-mmc drive: 4x/4x cd/rw xa/form2 tray
client # [    2.681713] cdrom: Uniform CD-ROM driver Revision: 3.20
server # [    2.692126] virtio_blk virtio5: [vda] 2097152 512-byte logical blocks (1.07 GB/1.00 GiB)
server # [    2.699255] sr 1:0:0:0: [sr0] scsi3-mmc drive: 4x/4x cd/rw xa/form2 tray
server # [    2.702194] cdrom: Uniform CD-ROM driver Revision: 3.20
client # [    2.709725] hid: raw HID events driver (C) Jiri Kosina
server # [    2.727084] hid: raw HID events driver (C) Jiri Kosina
client # [    2.757085] usbcore: registered new interface driver usbhid
client # [    2.759734] usbhid: USB HID core driver
client # [    2.776301] input: QEMU QEMU USB Tablet as /devices/pci0000:00/0000:00:01.2/usb1/1-1/1-1:1.0/0003:0627:0001.0001/input/input2
server # [    2.776574] usbcore: registered new interface driver usbhid
server # [    2.779090] usbhid: USB HID core driver
client # [    2.781591] hid-generic 0003:0627:0001.0001: input,hidraw0: USB HID v0.01 Mouse [QEMU QEMU USB Tablet] on usb-0000:00:01.2-1/input0
server # [    2.789252] input: QEMU QEMU USB Tablet as /devices/pci0000:00/0000:00:01.2/usb1/1-1/1-1:1.0/0003:0627:0001.0001/input/input2
server # [    2.794563] hid-generic 0003:0627:0001.0001: input,hidraw0: USB HID v0.01 Mouse [QEMU QEMU USB Tablet] on usb-0000:00:01.2-1/input0
client # kbd_mode: KDSKBMODE: Inappropriate ioctl for device
client # %Gstarting device mapper and LVM...
server # IP-Config: eth1 hardware address 52:54:00:12:01:02 mtu 1500
server # IP-Config: eth1 guessed broadcast address 192.168.1.255
server # IP-Config: eth1 complete:
server #  address: 192.168.1.2      broadcast: 192.168.1.255    netmask: 255.255.255.0
client # mke2fs 1.46.5 (30-Dec-2021)
server #  gateway: 0.0.0.0          dns0     : 0.0.0.0          dns1   : 0.0.0.0
client # Discarding device blocks: done         
server #  rootserver: 0.0.0.0 rootpath:
server #  filename  :
client # Creating filesystem with 262144 4k blocks and 65536 inodes
server # bringing up network interface eth0...
client # Filesystem UUID: 768cd328-7f6c-4c4e-ad0d-19161fc0bc44
server # bringing up network interface eth1...
client # Superblock backups stored on blocks:
server # acquiring IP address via DHCP on eth0...
client #        32768, 98304, 163840, 229376
client # 
server # udhcpc: started, v1.36.0
client # Allocating group tables: done
server # udhcpc: broadcasting discover
client # Writing inode tables: done
client # Creating journal (8192 blocks): done
server # udhcpc: broadcasting select for 10.0.2.15, server 10.0.2.2
client # Writing superblocks and filesystem accounting information: done
client # 
server # udhcpc: lease of 10.0.2.15 obtained from 10.0.2.2, lease time 86400
server # acquiring IP address via DHCP on eth1...
server # udhcpc: started, v1.36.0
client # checking /dev/vda...
server # udhcpc: broadcasting discover
client # fsck (busybox 1.36.0)
client # [fsck.ext4 (1) -- /mnt-root/] fsck.ext4 -a /dev/vda
client # /dev/vda: clean, 11/65536 files, 12955/262144 blocks
client # mounting /dev/vda on /...
client # [    3.310652] EXT4-fs (vda): mounted filesystem with ordered data mode. Quota mode: none.
client # mounting nix-store on /nix/.ro-store...
client # [    3.340909] FS-Cache: Loaded
client # [    3.351514] 9p: Installing v9fs 9p2000 file system support
client # mounting tmpfs on /nix/.rw-store...
client # mounting shared on /tmp/shared...
client # mounting xchg on /tmp/xchg...
client # mounting overlay filesystem on /nix/store...
client # 
client # <<< NixOS Stage 2 >>>
client # 
client # [    3.623211] EXT4-fs (vda): re-mounted. Quota mode: none.
client # [    3.627611] booting system configuration /nix/store/7sxknzh1j405alvpa7kgc7461lp84j1q-nixos-system-client-23.05pre-git
client # running activation script...
server # [    3.768708] IPv6: ADDRCONF(NETDEV_CHANGE): eth0: link becomes ready
client # setting up /etc...
client # starting systemd...
client # [    5.765544] systemd[1]: Inserted module 'autofs4'
client # [    5.820047] systemd[1]: systemd 252.5 running in system mode (+PAM +AUDIT -SELINUX +APPARMOR +IMA +SMACK +SECCOMP +GCRYPT -GNUTLS +OPENSSL +ACL +BLKID +CURL +ELFUTILS +FIDO2 +IDN2 -IDN +IPTC +KMOD +LIBCRYPTSETUP +LIBFDISK +PCRE2 -PWQUALITY +P11KIT -QRENCODE +TPM2 +BZIP2 +LZ4 +XZ +ZLIB +ZSTD +BPF_FRAMEWORK -XKBCOMMON +UTMP -SYSVINIT default-hierarchy=unified)
client # [    5.833048] systemd[1]: Detected virtualization kvm.
client # [    5.835524] systemd[1]: Detected architecture x86-64.
client # [    5.842104] systemd[1]: Initializing machine ID from random generator.
client # [    6.162601] systemd[1]: bpf-lsm: LSM BPF program attached
server # udhcpc: broadcasting discover
client # [    7.016025] systemd[1]: Queued start job for default target Multi-User System.
client # [    7.028148] systemd[1]: Created slice Slice /system/getty.
client # [    7.031840] systemd[1]: Created slice Slice /system/modprobe.
client # [    7.035535] systemd[1]: Created slice User and Session Slice.
client # [    7.038707] systemd[1]: Started Dispatch Password Requests to Console Directory Watch.
client # [    7.042674] systemd[1]: Started Forward Password Requests to Wall Directory Watch.
client # [    7.046930] systemd[1]: Reached target Local Encrypted Volumes.
client # [    7.049842] systemd[1]: Reached target Containers.
client # [    7.052313] systemd[1]: Reached target Path Units.
client # [    7.054780] systemd[1]: Reached target Remote File Systems.
client # [    7.057698] systemd[1]: Reached target Slice Units.
client # [    7.060196] systemd[1]: Reached target Swaps.
client # [    7.068535] systemd[1]: Listening on Process Core Dump Socket.
client # [    7.072594] systemd[1]: Listening on Journal Audit Socket.
client # [    7.075690] systemd[1]: Listening on Journal Socket (/dev/log).
client # [    7.078955] systemd[1]: Listening on Journal Socket.
client # [    7.082568] systemd[1]: Listening on Userspace Out-Of-Memory (OOM) Killer Socket.
client # [    7.088308] systemd[1]: Listening on udev Control Socket.
client # [    7.091286] systemd[1]: Listening on udev Kernel Socket.
client # [    7.098043] systemd[1]: Mounting Huge Pages File System...
client # [    7.103260] systemd[1]: Mounting POSIX Message Queue File System...
client # [    7.119793] systemd[1]: Mounting Kernel Debug File System...
client # [    7.132301] systemd[1]: Starting Create List of Static Device Nodes...
client # [    7.142116] systemd[1]: Starting Load Kernel Module configfs...
client # [    7.154271] systemd[1]: Starting Load Kernel Module drm...
client # [    7.172300] systemd[1]: Starting Load Kernel Module efi_pstore...
client # [    7.190728] systemd[1]: Starting Load Kernel Module fuse...
client # [    7.206683] systemd[1]: Starting mount-pstore.service...
client # [    7.219062] systemd[1]: File System Check on Root Device was skipped because of an unmet condition check (ConditionPathIsReadWrite=!/).
client # [    7.236717] fuse: init (API version 7.37)
client # [    7.247895] systemd[1]: Starting Journal Service...
client # [    7.263902] systemd[1]: Starting Load Kernel Modules...
client # [    7.289716] systemd[1]: Starting Remount Root and Kernel File Systems...
client # [    7.329642] systemd[1]: Starting Coldplug All udev Devices...
client # [    7.350166] audit: type=1334 audit(1678341344.246:2): prog-id=62 op=LOAD
client # [    7.355549] audit: type=1334 audit(1678341344.251:3): prog-id=63 op=LOAD
client # [    7.367028] ACPI: bus type drm_connector registered
client # [    7.371298] systemd[1]: Mounted Huge Pages File System.
client # [    7.377177] audit: type=1334 audit(1678341344.251:4): prog-id=21 op=UNLOAD
client # [    7.392262] systemd[1]: Mounted POSIX Message Queue File System.
client # [    7.395088] EXT4-fs (vda): re-mounted. Quota mode: none.
client # [    7.398270] audit: type=1334 audit(1678341344.251:5): prog-id=22 op=UNLOAD
client # [    7.418713] systemd[1]: Mounted Kernel Debug File System.
client # [    7.439849] systemd[1]: Finished Create List of Static Device Nodes.
client # [    7.452598] audit: type=1130 audit(1678341344.349:6): pid=1 uid=0 auid=4294967295 ses=4294967295 subj=kernel msg='unit=kmod-static-nodes comm="systemd" exe="/nix/store/d1h33vvfagj7bhg0b8dw3p5nifghb01q-systemd-252.5/lib/systemd/systemd" hostname=? addr=? terminal=? res=success'
client # [    7.463813] bridge: filtering via arp/ip/ip6tables is no longer available by default. Update your scripts to load br_netfilter if you need this.
client # [    7.471696] systemd[1]: modprobe@configfs.service: Deactivated successfully.
client # [    7.485685] systemd[1]: Finished Load Kernel Module configfs.
client # [    7.494585] audit: type=1130 audit(1678341344.391:7): pid=1 uid=0 auid=4294967295 ses=4294967295 subj=kernel msg='unit=modprobe@configfs comm="systemd" exe="/nix/store/d1h33vvfagj7bhg0b8dw3p5nifghb01q-systemd-252.5/lib/systemd/systemd" hostname=? addr=? terminal=? res=success'
client # [    7.510177] systemd[1]: modprobe@drm.service: Deactivated successfully.
client # [    7.527724] tun: Universal TUN/TAP device driver, 1.6
client # [    7.532656] systemd[1]: Finished Load Kernel Module drm.
client # [    7.542564] audit: type=1131 audit(1678341344.401:8): pid=1 uid=0 auid=4294967295 ses=4294967295 subj=kernel msg='unit=modprobe@configfs comm="systemd" exe="/nix/store/d1h33vvfagj7bhg0b8dw3p5nifghb01q-systemd-252.5/lib/systemd/systemd" hostname=? addr=? terminal=? res=success'
client # [    7.554167] systemd[1]: modprobe@efi_pstore.service: Deactivated successfully.
client # [    7.566614] loop: module loaded
client # [    7.576764] systemd[1]: Finished Load Kernel Module efi_pstore.
client # [    7.589188] systemd[1]: modprobe@fuse.service: Deactivated successfully.
client # [    7.594570] audit: type=1130 audit(1678341344.437:9): pid=1 uid=0 auid=4294967295 ses=4294967295 subj=kernel msg='unit=modprobe@drm comm="systemd" exe="/nix/store/d1h33vvfagj7bhg0b8dw3p5nifghb01q-systemd-252.5/lib/systemd/systemd" hostname=? addr=? terminal=? res=success'
client # [    7.614250] systemd[1]: Finished Load Kernel Module fuse.
client # [    7.635256] audit: type=1131 audit(1678341344.437:10): pid=1 uid=0 auid=4294967295 ses=4294967295 subj=kernel msg='unit=modprobe@drm comm="systemd" exe="/nix/store/d1h33vvfagj7bhg0b8dw3p5nifghb01q-systemd-252.5/lib/systemd/systemd" hostname=? addr=? terminal=? res=success'
client # [    7.650009] systemd[1]: Finished Load Kernel Modules.
client # [    7.669935] systemd[1]: Finished Remount Root and Kernel File Systems.
client # [    7.686608] audit: type=1130 audit(1678341344.482:11): pid=1 uid=0 auid=4294967295 ses=4294967295 subj=kernel msg='unit=modprobe@efi_pstore comm="systemd" exe="/nix/store/d1h33vvfagj7bhg0b8dw3p5nifghb01q-systemd-252.5/lib/systemd/systemd" hostname=? addr=? terminal=? res=success'
client # [    7.717749] systemd[1]: Mounting FUSE Control File System...
client # [    7.736968] systemd[1]: Mounting Kernel Configuration File System...
client # [    7.757884] systemd[1]: Starting Firewall...
client # [    7.774054] systemd[1]: Starting Load/Save Random Seed...
client # [    7.791975] systemd[1]: Starting Apply Kernel Variables...
client # [    7.823001] systemd[1]: Starting Create Static Device Nodes in /dev...
client # [    7.875021] systemd[1]: Finished Coldplug All udev Devices.
client # [    7.891877] systemd[1]: Mounted FUSE Control File System.
client # [    7.906093] systemd[1]: Mounted Kernel Configuration File System.
client # [    7.934763] systemd[1]: Finished Load/Save Random Seed.
client # [    7.958721] systemd[1]: Finished Apply Kernel Variables.
client # [    7.976960] systemd[1]: Finished Create Static Device Nodes in /dev.
client # [    7.994631] systemd[1]: Reached target Preparation for Local File Systems.
client # [    8.004861] systemd[1]: Reached target Local File Systems.
client # [    8.019244] systemd[1]: Starting Rule-based Manager for Device Events and Files...
client # [    8.171859] systemd[1]: Started Journal Service.
client # [    8.251622] systemd-journald[465]: Received client request to flush runtime journal.
client # [    8.309203] systemd-modules-load[466]: Inserted module 'bridge'
client # [    8.359434] systemd-modules-load[466]: Inserted module 'macvlan'
client # [    8.406717] systemd-modules-load[466]: Inserted module 'tap'
client # [    8.442056] systemd-modules-load[466]: Inserted module 'tun'
client # [    8.463901] systemd-modules-load[466]: Inserted module 'loop'
client # [    8.490038] systemd-udevd[494]: Using default interface naming scheme 'v252'.
client # [    8.515899] systemd[1]: Starting Flush Journal to Persistent Storage...
server # udhcpc: broadcasting discover
client # [    8.545512] systemd[1]: Started Rule-based Manager for Device Events and Files.
client # [    8.570117] systemd[1]: Finished Flush Journal to Persistent Storage.
client # [    8.586968] systemd[1]: Starting Create Volatile Files and Directories...
client # [    8.628621] systemd[1]: Finished Create Volatile Files and Directories.
client # [    8.649935] systemd[1]: Starting Rebuild Journal Catalog...
client # [    8.668896] systemd[1]: Starting Userspace Out-Of-Memory (OOM) Killer...
client # [    8.698117] systemd[1]: Starting Record System Boot/Shutdown in UTMP...
client # [    8.732510] systemd[1]: Finished Record System Boot/Shutdown in UTMP.
client # [    8.748178] systemd[1]: Finished Rebuild Journal Catalog.
client # [    8.770098] systemd[1]: Starting Update is Completed...
client # [    8.789847] systemd[1]: Finished Update is Completed.
client # [    8.803998] systemd-oomd[557]: Swap is currently not detected; memory pressure usage will be degraded
client # [    8.825036] systemd[1]: Started Userspace Out-Of-Memory (OOM) Killer.
client # [    8.840929] systemd-udevd[513]: eth1: Config file /etc/systemd/network/40-eth1.link is applied to device based on potentially unpredictable interface name.
client # [    8.867704] systemd-udevd[513]: Network interface NamePolicy= disabled on kernel command line.
client # [    8.893418] systemd-udevd[516]: Network interface NamePolicy= disabled on kernel command line.
client # [    8.928726] systemd[1]: Found device /dev/ttyS0.
client # [    8.977988] f4xrzmq3i4d8ywd9vz5c0kafbb83b1jq-mount-pstore.sh[471]: Persistent Storage backend was not registered in time.
client # connecting to host...
client # [    9.757617] 8021q: 802.1Q VLAN Support v1.8
client # [    9.081125] systemd[1]: Found device /dev/hvc0.
client: connected to guest root shell
client: (connecting took 11.12 seconds)
(finished: waiting for the VM to finish booting, in 11.15 seconds)
client # [    9.110839] dhcpcd[624]: dhcpcd-9.4.1 starting
client # [    9.148091] systemd[1]: Finished mount-pstore.service.
client # [    9.178199] dhcpcd[632]: dev: loaded udev
client # [    9.211213] systemd[1]: Platform Persistent Storage Archival was skipped because of an unmet condition check (ConditionDirectoryNotEmpty=/sys/fs/pstore).
client # sh: cannot set terminal process group (-1): Inappropriate ioctl for device
client # sh: no job control in this shell
client # [    9.292721] systemd[1]: Reached target System Initialization.
client # [    9.327016] j72arpq1dfn7q59irzji3xwljjdiq8vs-audit-disable[623]: No rules
client # [    9.383694] systemd[1]: Started logrotate.timer.
client # [    9.422609] systemd[1]: Started Daily Cleanup of Temporary Directories.
client # [    9.462548] logrotate[627]: warning: logrotate in debug mode does nothing except printing debug messages!  Consider using verbose mode (-v) instead if this is not what you want.
client # [    9.532847] logrotate[627]: reading config file /nix/store/ysgfy4413nrn23ddins98pcrk81bmzsy-logrotate.conf
client # [    9.575557] logrotate[627]: note: 'monthly' overrides previously specified 'weekly'
client # [    9.609606] logrotate[627]: Reading state from file: /var/lib/logrotate.status
client # [    9.622675] logrotate[627]: state file /var/lib/logrotate.status does not exist
client # [    9.641971] logrotate[627]: Allocating hash table for state file, size 64 entries[   10.329110] cfg80211: Loading compiled-in X.509 certificates for regulatory database
client # [   10.333162] mousedev: PS/2 mouse device common for all mice
client # 
client # [    9.664443] logrotate[627]: Handling 2 logs
client # [    9.676076] logrotate[627]: rotating pattern: "/var/log/btmp"  monthly (1 rotations)
client # [    9.698925] logrotate[627]: empty log files are not rotated, only log files >= 1048576 bytes are rotated, old logs are removed
client # [    9.724726] logrotate[627]: considering log /var/log/btmp
client # [   10.422171] cfg80211: Loaded X.509 cert 'sforshee: 00b28ddf47aef9cea7'
client # [    9.746661] logrotate[627]: Creating new state[   10.430171] platform regulatory.0: Direct firmware load for regulatory.db failed with error -2
client # [   10.439639] cfg80211: failed to load regulatory.db
client # 
client # [    9.772198] logrotate[627]:   Now: 2023-03-09 05:55
client # [    9.793831] logrotate[627]:   Last rotated at 2023-03-09 05:00
client # [    9.813073] logrotate[627]:   log does not need rotating (log has already been rotated)
client # [    9.851026] logrotate[627]: rotating pattern: "/var/log/wtmp"  monthly (1 rotations)
client # [    9.881782] logrotate[627]: empty log files are not rotated, only log files >= 1048576 bytes are rotated, old logs are removed[   10.594002] 8021q: adding VLAN 0 to HW filter on device eth1
client # 
client # [    9.922062] logrotate[627]: considering log /var/log/wtmp
client # [    9.938165] logrotate[627]: Creating new state
client # [    9.952424] logrotate[627]:   Now: 2023-03-09 05:55
client # [    9.971049] logrotate[627]:   Last rotated at 2023-03-09 05:00[   10.653975] 8021q: adding VLAN 0 to HW filter on device eth0
client # 
client # [    9.985004] logrotate[627]:   log does not need rotating (log has already been rotated)
client # [   10.028203] systemd[1]: Reached target Timer Units.
client # [   10.044434] dhcpcd[632]: eth0: waiting for carrier
client # [   10.058511] systemd[1]: Listening on D-Bus System Message Bus Socket.
client # [   10.069433] dhcpcd[632]: eth0: carrier acquired
client # [   10.082961] nsncd[638]: Mar 09 05:55:46.718 INFO started, handoff_timeout: 3s, worker_count: 8, path: "/var/run/nscd/socket"
client # [   10.103593] systemd[1]: Listening on Nix Daemon Socket.[   10.788760] input: Power Button as /devices/LNXSYSTM:00/LNXPWRBN:00/input/input3
client # 
client # [   10.116525] dhcpcd[632]: DUID 00:01:00:01:2b:9c:31:63:52:54:00:12:34:56
client # [   10.133983] systemd[1]: Reached target Socket Units.
client # [   10.143946] dhcpcd[632]: eth0: IAID 00:12:34:56[   10.828639] ACPI: button: Power Button [PWRF]
client # 
client # [   10.158214] dbus-daemon[662]: dbus[662]: Unknown username "systemd-timesync" in message bus configuration file
client # [   10.178687] systemd[1]: Reached target Basic System.
client # [   10.192569] dhcpcd[632]: eth0: adding address fe80::5054:ff:fe12:3456
client # [   10.204700] systemd[1]: Starting Kernel Auditing...
client # [   10.215720] network-addresses-eth1-start[712]: adding address 192.168.1.1/24... done
client # [   10.230959] systemd[1]: Started backdoor.service.
client # [   10.925211] parport_pc 00:03: reported by Plug and Play ACPI
client # [   10.245417] systemd[1]: Starting DHCP Client...
client # [   10.260102] nsncd[715]: Mar 09 05:55:47.487 INFO started, handoff_timeout: 3s, worker_count: 8, path: "/var/run/nscd/socket"[   10.955928] Floppy drive(s): fd0 is 2.88M AMI BIOS
client # 
client # [   10.293620] systemd[1]: Starting Logrotate configuration check...[   10.978804] parport0: PC-style at 0x378, irq 7 [PCSPP(,...)]
client # 
client # [   10.312871] systemd[1]: Starting Name Service Cache Daemon (nsncd)...
client # [   10.328129] systemd[1]: Started Reset console on configuration changes.[   11.014640] FDC 0 is a S82078B
client # 
client # [   10.349014] systemd[1]: Starting resolvconf update...
client # [   10.358506] systemd[1]: Finished Kernel Auditing.
client # [   10.374427] systemd[1]: Finished Logrotate configuration check.
client # [   10.387481] systemd[1]: Started Name Service Cache Daemon (nsncd).
client # [   10.395488] systemd[1]: Found device Virtio network device.
client # [   10.402432] systemd[1]: Reached target Host and Network Name Lookups.
client # [   10.410446] systemd[1]: Reached target User and Group Name Lookups.
client # [   10.419481] systemd[1]: Starting D-Bus System Message Bus...
client # [   10.427471] systemd[1]: Starting User Login Management...
client # [   10.433742] systemd[1]: Finished Firewall.
client # [   10.443451] systemd[1]: Started D-Bus System Message Bus.
client # [   10.450125] systemd-logind[667]: New seat seat0.
client # [   10.454977] systemd[1]: Stopped target Host and Network Name Lookups.
client # [   10.459937] systemd[1]: Stopping Host and Network Name Lookups...
client # [   10.464617] systemd[1]: Stopped target User and Group Name Lookups.
client # [   10.469582] systemd[1]: Stopping User and Group Name Lookups...
client # [   10.474510] systemd[1]: Stopping Name Service Cache Daemon (nsncd)...
client # [   10.479748] systemd[1]: nscd.service: Deactivated successfully.
client # [   10.484979] systemd[1]: Stopped Name Service Cache Daemon (nsncd).
client # [   10.490624] systemd-udevd[590]: event_source: Failed to get device name: No such file or directory
client # [   10.497669] systemd[1]: Finished resolvconf update.
client # [   10.502102] systemd[1]: Started User Login Management.
client # [   10.506719] systemd[1]: Reached target Preparation for Network.
client # [   10.511580] systemd[1]: Reached target All Network Interfaces (deprecated).
client # [   10.517096] systemd[1]: Starting Address configuration of eth1...
client # [   10.522089] systemd[1]: Starting Name Service Cache Daemon (nsncd)...
client # [   10.527002] systemd[1]: Started Name Service Cache Daemon (nsncd).
client # [   10.531798] systemd[1]: Reached target Host and Network Name Lookups.
client # [   10.536432] systemd[1]: Reached target User and Group Name Lookups.
client # [   10.541126] systemd[1]: Finished Address configuration of eth1.
client # [   10.546747] systemd[1]: Starting Networking Setup...
client # [   10.551106] systemd[1]: Finished Networking Setup.
client # [   10.555060] systemd[1]: Starting Extra networking commands....
client # [   10.559606] systemd[1]: Finished Extra networking commands..
client # [   10.569786] systemd[1]: Reached target Network.
client # [   10.577485] systemd[1]: Starting Permit User Sessions...
client # [   10.583213] systemd[1]: Finished Permit User Sessions.
client # [   10.591113] systemd[1]: Started Getty on tty1.
client # [   10.597426] systemd[1]: Reached target Login Prompts.
client # [   11.282822] Linux agpgart interface v0.103
client # [   11.309023] piix4_smbus 0000:00:01.3: SMBus Host Controller at 0x700, revision 0
client # [   11.398094] input: QEMU Virtio Keyboard as /devices/pci0000:00/0000:00:0a.0/virtio7/input/input4
client # [   11.417824] input: VirtualPS/2 VMware VMMouse as /devices/platform/i8042/serio1/input/input6
client # [   11.426634] input: VirtualPS/2 VMware VMMouse as /devices/platform/i8042/serio1/input/input5
client # [   11.463698] bochs-drm 0000:00:02.0: vgaarb: deactivate vga console
client # [   11.496045] RAPL PMU: API unit is 2^-32 Joules, 0 fixed counters, 10737418240 ms ovfl timer
client # [   11.505513] cryptd: max_cpu_qlen set to 1000
client # [   11.529854] AVX2 version of gcm_enc/dec engaged.
client # [   11.529874] AES CTR mode by8 optimization enabled
client # [   11.544168] Console: switching to colour dummy device 80x25
client # [   10.910816] dhcpcd[632]: eth0: soliciting an IPv6 router
client # [   11.613938] [drm] Found bochs VGA, ID 0xb0c5.
client # [   11.615997] [drm] Framebuffer size 16384 kB @ 0xfd000000, mmio @ 0xfebd0000.
client # [   10.951643] systemd[1]: Listening on Load/Save RF Kill Switch Status /dev/rfkill Watch.
client # [   11.719165] [drm] Found EDID data blob.
(finished: waiting for unit network.target, in 13.06 seconds)
client: waiting for SSH server to come up
client # [   11.787553] [drm] Initialized bochs-drm 1.0.0 20130925 for 0000:00:02.0 on minor 0
server # udhcpc: no lease, failing
client # [   11.140553] systemd-logind[667]: Watching system buttons on /dev/input/event0 (AT Translated Set 2 keyboard)
server # kbd_mode: KDSKBMODE: Inappropriate ioctl for device
client # [   11.833006] fbcon: bochs-drmdrmfb (fb0) is primary device
client # [   11.925176] Console: switching to colour frame buffer device 160x50
client # [   11.935736] ppdev: user-space parallel port driver
client # [   11.972586] bochs-drm 0000:00:02.0: [drm] fb0: bochs-drmdrmfb frame buffer device
client # [   11.171982] systemd-logind[667]: Watching system buttons on /dev/input/event2 (Power Button)
client # [   11.342739] systemd-logind[667]: Watching system buttons on /dev/input/event4 (QEMU Virtio Keyboard)
client # [   11.462018] dhcpcd[632]: eth0: Router Advertisement from fe80::2
client # [   11.469469] dhcpcd[632]: eth0: adding address fec0::5054:ff:fe12:3456/64
client # [   11.477174] dhcpcd[632]: eth0: adding route to fec0::/64
client # [   11.484897] dhcpcd[632]: eth0: adding default route via fe80::2
client # [   11.684776] dhcpcd[632]: eth0: soliciting a DHCP lease
client # [   12.391117] NET: Registered PF_PACKET protocol family
client # [   11.725455] dhcpcd[632]: eth0: offered 10.0.2.15 from 10.0.2.2
client # [   11.738076] dhcpcd[632]: eth0: leased 10.0.2.15 for 86400 seconds[   12.420312] Key type encrypted registered
client # 
client # [   11.749984] dhcpcd[632]: eth0: adding route to 10.0.2.0/24
client # [   11.760172] dhcpcd[632]: eth0: adding default route via 10.0.2.2
client # [   12.533212] EDAC MC: Ver: 3.0.0
client # [   11.919586] systemd[1]: Stopped target Host and Network Name Lookups.
client # [   11.935527] systemd[1]: Stopping Host and Network Name Lookups...
client # [   11.956570] systemd[1]: Stopped target User and Group Name Lookups.
client # [   11.980152] systemd[1]: Stopping User and Group Name Lookups...
client # [   11.997654] systemd[1]: Stopping Name Service Cache Daemon (nsncd)...
client # [   12.023878] systemd[1]: nscd.service: Deactivated successfully.
