building '/nix/store/0aagww588rjcrbmms51i8gd6hhlblh4s-vm-test-run-installer-simpleSpecialised.drv'...
Machine state will be reset. To keep it, pass --keep-vm-state
start all VLans
(finished: start all VLans, in 0.00 seconds)
run the VM test script
additionally exposed symbols:
    machine,
    ,
    start_all, test_script, machines, vlans, driver, log, os, create_machine, subtest, run_tests, join_all, retry, serial_stdout_off, serial_stdout_on, polling_condition, Machine
machine: starting vm
machine # Formatting '/build/vm-state-machine/machine.qcow2', fmt=qcow2 cluster_size=65536 extended_l2=off compression_type=zlib size=8589934592 lazy_refcounts=off refcount_bits=16
machine # Formatting 'empty0.qcow2', fmt=qcow2 cluster_size=65536 extended_l2=off compression_type=zlib size=536870912 lazy_refcounts=off refcount_bits=16
machine: QEMU running (pid 7)
subtest: Assert readiness of login prompt
machine: must succeed: echo hello
machine: waiting for the VM to finish booting
machine # cSeaBIOS (version rel-1.16.1-0-g3208b098f51a-prebuilt.qemu.org)
machine # 
machine # 
machine # iPXE (http://ipxe.org) 00:03.0 CA00 PCI2.10 PnP PMM+5EFD0C20+5EF30C20 CA00
machine # Press Ctrl-B to configure iPXE (PCI 00:03.0)...
machine # 
machine # 
machine # Booting from ROM...
machine # Probing EDD (edd=off to disable)... ok
machine # c[    0.000000] Linux version 6.1.15 (nixbld@localhost) (gcc (GCC) 12.2.0, GNU ld (GNU Binutils) 2.40) #1-NixOS SMP PREEMPT_DYNAMIC Fri Mar  3 10:52:25 UTC 2023
machine # [    0.000000] Command line: console=ttyS0 panic=1 boot.panic_on_fail clock=acpi_pm nohibernate loglevel=7 net.ifnames=0 init=/nix/store/5c852c4xk9z2z411395a3j9b5zj08smp-nixos-system-machine-23.05pre-git/init regInfo=/nix/store/jsnxxhfqkvcaxjbiyrzhalhl93p685zh-closure-info/registration console=ttyS0
machine # [    0.000000] x86/fpu: Supporting XSAVE feature 0x001: 'x87 floating point registers'
machine # [    0.000000] x86/fpu: Supporting XSAVE feature 0x002: 'SSE registers'
machine # [    0.000000] x86/fpu: Supporting XSAVE feature 0x004: 'AVX registers'
machine # [    0.000000] x86/fpu: Supporting XSAVE feature 0x008: 'MPX bounds registers'
machine # [    0.000000] x86/fpu: Supporting XSAVE feature 0x010: 'MPX CSR'
machine # [    0.000000] x86/fpu: Supporting XSAVE feature 0x020: 'AVX-512 opmask'
machine # [    0.000000] x86/fpu: Supporting XSAVE feature 0x040: 'AVX-512 Hi256'
machine # [    0.000000] x86/fpu: Supporting XSAVE feature 0x080: 'AVX-512 ZMM_Hi256'
machine # [    0.000000] x86/fpu: xstate_offset[2]:  576, xstate_sizes[2]:  256
machine # [    0.000000] x86/fpu: xstate_offset[3]:  832, xstate_sizes[3]:   64
machine # [    0.000000] x86/fpu: xstate_offset[4]:  896, xstate_sizes[4]:   64
machine # [    0.000000] x86/fpu: xstate_offset[5]:  960, xstate_sizes[5]:   64
machine # [    0.000000] x86/fpu: xstate_offset[6]: 1024, xstate_sizes[6]:  512
machine # [    0.000000] x86/fpu: xstate_offset[7]: 1536, xstate_sizes[7]: 1024
machine # [    0.000000] x86/fpu: Enabled xstate features 0xff, context size is 2560 bytes, using 'compacted' format.
machine # [    0.000000] signal: max sigframe size: 3632
machine # [    0.000000] BIOS-provided physical RAM map:
machine # [    0.000000] BIOS-e820: [mem 0x0000000000000000-0x000000000009fbff] usable
machine # [    0.000000] BIOS-e820: [mem 0x000000000009fc00-0x000000000009ffff] reserved
machine # [    0.000000] BIOS-e820: [mem 0x00000000000f0000-0x00000000000fffff] reserved
machine # [    0.000000] BIOS-e820: [mem 0x0000000000100000-0x000000005ffd7fff] usable
machine # [    0.000000] BIOS-e820: [mem 0x000000005ffd8000-0x000000005fffffff] reserved
machine # [    0.000000] BIOS-e820: [mem 0x00000000feffc000-0x00000000feffffff] reserved
machine # [    0.000000] BIOS-e820: [mem 0x00000000fffc0000-0x00000000ffffffff] reserved
machine # [    0.000000] random: crng init done
machine # [    0.000000] NX (Execute Disable) protection: active
machine # [    0.000000] extended physical RAM map:
machine # [    0.000000] reserve setup_data: [mem 0x0000000000000000-0x000000000009fbff] usable
machine # [    0.000000] reserve setup_data: [mem 0x000000000009fc00-0x000000000009ffff] reserved
machine # [    0.000000] reserve setup_data: [mem 0x00000000000f0000-0x00000000000fffff] reserved
machine # [    0.000000] reserve setup_data: [mem 0x0000000000100000-0x00000000009379bf] usable
machine # [    0.000000] reserve setup_data: [mem 0x00000000009379c0-0x00000000009379cf] usable
machine # [    0.000000] reserve setup_data: [mem 0x00000000009379d0-0x000000005ffd7fff] usable
machine # [    0.000000] reserve setup_data: [mem 0x000000005ffd8000-0x000000005fffffff] reserved
machine # [    0.000000] reserve setup_data: [mem 0x00000000feffc000-0x00000000feffffff] reserved
machine # [    0.000000] reserve setup_data: [mem 0x00000000fffc0000-0x00000000ffffffff] reserved
machine # [    0.000000] SMBIOS 2.8 present.
machine # [    0.000000] DMI: QEMU Standard PC (i440FX + PIIX, 1996), BIOS rel-1.16.1-0-g3208b098f51a-prebuilt.qemu.org 04/01/2014
machine # [    0.000000] Hypervisor detected: KVM
machine # [    0.000000] kvm-clock: Using msrs 4b564d01 and 4b564d00
machine # [    0.000001] kvm-clock: using sched offset of 588314297 cycles
machine # [    0.000002] clocksource: kvm-clock: mask: 0xffffffffffffffff max_cycles: 0x1cd42e4dffb, max_idle_ns: 881590591483 ns
machine # [    0.000010] tsc: Detected 3311.998 MHz processor
machine # [    0.000641] last_pfn = 0x5ffd8 max_arch_pfn = 0x400000000
machine # [    0.001077] x86/PAT: Configuration [0-7]: WB  WC  UC- UC  WB  WP  UC- WT
machine # [    0.007564] found SMP MP-table at [mem 0x000f5bb0-0x000f5bbf]
machine # [    0.007956] Using GB pages for direct mapping
machine # [    0.008298] RAMDISK: [mem 0x5dea6000-0x5ffcffff]
machine # [    0.008365] ACPI: Early table checksum verification disabled
machine # [    0.008406] ACPI: RSDP 0x00000000000F59D0 000014 (v00 BOCHS )
machine # [    0.008430] ACPI: RSDT 0x000000005FFE1D56 000034 (v01 BOCHS  BXPC     00000001 BXPC 00000001)
machine # [    0.008440] ACPI: FACP 0x000000005FFE1BD2 000074 (v01 BOCHS  BXPC     00000001 BXPC 00000001)
machine # [    0.008445] ACPI: DSDT 0x000000005FFE0040 001B92 (v01 BOCHS  BXPC     00000001 BXPC 00000001)
machine # [    0.008447] ACPI: FACS 0x000000005FFE0000 000040
machine # [    0.008450] ACPI: APIC 0x000000005FFE1C46 0000B0 (v01 BOCHS  BXPC     00000001 BXPC 00000001)
machine # [    0.008452] ACPI: HPET 0x000000005FFE1CF6 000038 (v01 BOCHS  BXPC     00000001 BXPC 00000001)
machine # [    0.008455] ACPI: WAET 0x000000005FFE1D2E 000028 (v01 BOCHS  BXPC     00000001 BXPC 00000001)
machine # [    0.008457] ACPI: Reserving FACP table memory at [mem 0x5ffe1bd2-0x5ffe1c45]
machine # [    0.008458] ACPI: Reserving DSDT table memory at [mem 0x5ffe0040-0x5ffe1bd1]
machine # [    0.008459] ACPI: Reserving FACS table memory at [mem 0x5ffe0000-0x5ffe003f]
machine # [    0.008459] ACPI: Reserving APIC table memory at [mem 0x5ffe1c46-0x5ffe1cf5]
machine # [    0.008460] ACPI: Reserving HPET table memory at [mem 0x5ffe1cf6-0x5ffe1d2d]
machine # [    0.008460] ACPI: Reserving WAET table memory at [mem 0x5ffe1d2e-0x5ffe1d55]
machine # [    0.010481] No NUMA configuration found
machine # [    0.010482] Faking a node at [mem 0x0000000000000000-0x000000005ffd7fff]
machine # [    0.010487] NODE_DATA(0) allocated [mem 0x5ffd2000-0x5ffd7fff]
machine # [    0.010522] Zone ranges:
machine # [    0.010522]   DMA      [mem 0x0000000000001000-0x0000000000ffffff]
machine # [    0.010524]   DMA32    [mem 0x0000000001000000-0x000000005ffd7fff]
machine # [    0.010525]   Normal   empty
machine # [    0.010525]   Device   empty
machine # [    0.010526] Movable zone start for each node
machine # [    0.010526] Early memory node ranges
machine # [    0.010527]   node   0: [mem 0x0000000000001000-0x000000000009efff]
machine # [    0.010529]   node   0: [mem 0x0000000000100000-0x000000005ffd7fff]
machine # [    0.010533] Initmem setup node 0 [mem 0x0000000000001000-0x000000005ffd7fff]
machine # [    0.010706] On node 0, zone DMA: 1 pages in unavailable ranges
machine # [    0.010719] On node 0, zone DMA: 97 pages in unavailable ranges
machine # [    0.013502] On node 0, zone DMA32: 40 pages in unavailable ranges
machine # [    0.017749] ACPI: PM-Timer IO Port: 0x608
machine # [    0.017791] ACPI: LAPIC_NMI (acpi_id[0xff] dfl dfl lint[0x1])
machine # [    0.018001] IOAPIC[0]: apic_id 0, version 17, address 0xfec00000, GSI 0-23
machine # [    0.018004] ACPI: INT_SRC_OVR (bus 0 bus_irq 0 global_irq 2 dfl dfl)
machine # [    0.018005] ACPI: INT_SRC_OVR (bus 0 bus_irq 5 global_irq 5 high level)
machine # [    0.018006] ACPI: INT_SRC_OVR (bus 0 bus_irq 9 global_irq 9 high level)
machine # [    0.018010] ACPI: INT_SRC_OVR (bus 0 bus_irq 10 global_irq 10 high level)
machine # [    0.018011] ACPI: INT_SRC_OVR (bus 0 bus_irq 11 global_irq 11 high level)
machine # [    0.018015] ACPI: Using ACPI (MADT) for SMP configuration information
machine # [    0.018016] ACPI: HPET id: 0x8086a201 base: 0xfed00000
machine # [    0.018021] TSC deadline timer available
machine # [    0.018022] smpboot: Allowing 8 CPUs, 0 hotplug CPUs
machine # [    0.018153] kvm-guest: KVM setup pv remote TLB flush
machine # [    0.018187] kvm-guest: setup PV sched yield
machine # [    0.018211] PM: hibernation: Registered nosave memory: [mem 0x00000000-0x00000fff]
machine # [    0.018212] PM: hibernation: Registered nosave memory: [mem 0x0009f000-0x0009ffff]
machine # [    0.018213] PM: hibernation: Registered nosave memory: [mem 0x000a0000-0x000effff]
machine # [    0.018213] PM: hibernation: Registered nosave memory: [mem 0x000f0000-0x000fffff]
machine # [    0.018214] PM: hibernation: Registered nosave memory: [mem 0x00937000-0x00937fff]
machine # [    0.018215] PM: hibernation: Registered nosave memory: [mem 0x00937000-0x00937fff]
machine # [    0.018216] [mem 0x60000000-0xfeffbfff] available for PCI devices
machine # [    0.018217] Booting paravirtualized kernel on KVM
machine # [    0.018231] clocksource: refined-jiffies: mask: 0xffffffff max_cycles: 0xffffffff, max_idle_ns: 1910969940391419 ns
machine # [    0.021013] setup_percpu: NR_CPUS:384 nr_cpumask_bits:8 nr_cpu_ids:8 nr_node_ids:1
machine # [    0.021539] percpu: Embedded 61 pages/cpu s212992 r8192 d28672 u262144
machine # [    0.021686] kvm-guest: PV spinlocks enabled
machine # [    0.021688] PV qspinlock hash table entries: 256 (order: 0, 4096 bytes, linear)
machine # [    0.021698] Fallback order for Node 0: 0
machine # [    0.021702] Built 1 zonelists, mobility grouping on.  Total pages: 386775
machine # [    0.021705] Policy zone: DMA32
machine # [    0.021706] Kernel command line: console=ttyS0 panic=1 boot.panic_on_fail clock=acpi_pm nohibernate loglevel=7 net.ifnames=0 init=/nix/store/5c852c4xk9z2z411395a3j9b5zj08smp-nixos-system-machine-23.05pre-git/init regInfo=/nix/store/jsnxxhfqkvcaxjbiyrzhalhl93p685zh-closure-info/registration console=ttyS0
machine # [    0.021754] clocksource: clock= boot option is deprecated - use clocksource=xyz
machine # [    0.021789] Unknown kernel command line parameters "regInfo=/nix/store/jsnxxhfqkvcaxjbiyrzhalhl93p685zh-closure-info/registration", will be passed to user space.
machine # [    0.022029] Dentry cache hash table entries: 262144 (order: 9, 2097152 bytes, linear)
machine # [    0.022212] Inode-cache hash table entries: 131072 (order: 8, 1048576 bytes, linear)
machine # [    0.022441] mem auto-init: stack:all(zero), heap alloc:off, heap free:off
machine # [    0.024690] Memory: 1472896K/1572312K available (12294K kernel code, 2307K rwdata, 7532K rodata, 1876K init, 4344K bss, 99156K reserved, 0K cma-reserved)
machine # [    0.024812] SLUB: HWalign=64, Order=0-3, MinObjects=0, CPUs=8, Nodes=1
machine # [    0.024824] Kernel/User page tables isolation: enabled
machine # [    0.024846] ftrace: allocating 37041 entries in 145 pages
machine # [    0.033707] ftrace: allocated 145 pages with 3 groups
machine # [    0.034282] Dynamic Preempt: voluntary
machine # [    0.034449] rcu: Preemptible hierarchical RCU implementation.
machine # [    0.034450] rcu:   RCU event tracing is enabled.
machine # [    0.034451] rcu:   RCU restricting CPUs from NR_CPUS=384 to nr_cpu_ids=8.
machine # [    0.034452]        Trampoline variant of Tasks RCU enabled.
machine # [    0.034452]        Rude variant of Tasks RCU enabled.
machine # [    0.034452]        Tracing variant of Tasks RCU enabled.
machine # [    0.034453] rcu: RCU calculated value of scheduler-enlistment delay is 100 jiffies.
machine # [    0.034453] rcu: Adjusting geometry for rcu_fanout_leaf=16, nr_cpu_ids=8
machine # [    0.037177] NR_IRQS: 24832, nr_irqs: 488, preallocated irqs: 16
machine # [    0.037492] rcu: srcu_init: Setting srcu_struct sizes based on contention.
machine # [    0.070795] Console: colour VGA+ 80x25
machine # [    0.687960] printk: console [ttyS0] enabled
machine # [    0.690917] ACPI: Core revision 20220331
machine # [    0.694348] clocksource: hpet: mask: 0xffffffff max_cycles: 0xffffffff, max_idle_ns: 19112604467 ns
machine # [    0.701064] APIC: Switch to symmetric I/O mode setup
machine # [    0.706626] x2apic enabled
machine # [    0.710609] Switched APIC routing to physical x2apic.
machine # [    0.714248] kvm-guest: setup PV IPIs
machine # [    0.724409] ..TIMER: vector=0x30 apic1=0 pin1=2 apic2=-1 pin2=-1
machine # [    0.728750] clocksource: tsc-early: mask: 0xffffffffffffffff max_cycles: 0x2fbd924e8de, max_idle_ns: 440795321919 ns
machine # [    0.736111] Calibrating delay loop (skipped) preset value.. 6623.99 BogoMIPS (lpj=3311998)
machine # [    0.737109] pid_max: default: 32768 minimum: 301
machine # [    0.738137] LSM: Security Framework initializing
machine # [    0.739117] landlock: Up and running.
machine # [    0.740109] Yama: becoming mindful.
machine # [    0.741116] SELinux:  Initializing.
machine # [    0.742140] LSM support for eBPF active
machine # [    0.744114] Mount-cache hash table entries: 4096 (order: 3, 32768 bytes, linear)
machine # [    0.745111] Mountpoint-cache hash table entries: 4096 (order: 3, 32768 bytes, linear)
machine # [    0.749023] x86/cpu: User Mode Instruction Prevention (UMIP) activated
machine # [    0.750629] Last level iTLB entries: 4KB 0, 2MB 0, 4MB 0
machine # [    0.751109] Last level dTLB entries: 4KB 0, 2MB 0, 4MB 0, 1GB 0
machine # [    0.752153] Spectre V1 : Mitigation: usercopy/swapgs barriers and __user pointer sanitization
machine # [    0.753126] Spectre V2 : Mitigation: IBRS
machine # [    0.754109] Spectre V2 : Spectre v2 / SpectreRSB mitigation: Filling RSB on context switch
machine # [    0.755109] Spectre V2 : Spectre v2 / SpectreRSB : Filling RSB on VMEXIT
machine # [    0.756109] RETBleed: Mitigation: IBRS
machine # [    0.757112] Spectre V2 : mitigation: Enabling conditional Indirect Branch Prediction Barrier
machine # [    0.758110] Speculative Store Bypass: Mitigation: Speculative Store Bypass disabled via prctl
machine # [    0.759152] MDS: Mitigation: Clear CPU buffers
machine # [    0.760109] TAA: Mitigation: Clear CPU buffers
machine # [    0.761109] MMIO Stale Data: Vulnerable: Clear CPU buffers attempted, no microcode
machine # [    0.779410] Freeing SMP alternatives memory: 32K
machine # [    0.780535] smpboot: CPU0: Intel(R) Core(TM) i9-9940X CPU @ 3.30GHz (family: 0x6, model: 0x55, stepping: 0x4)
machine # [    0.781243] cblist_init_generic: Setting adjustable number of callback queues.
machine # [    0.782138] cblist_init_generic: Setting shift to 3 and lim to 1.
machine # [    0.783137] cblist_init_generic: Setting shift to 3 and lim to 1.
machine # [    0.784138] cblist_init_generic: Setting shift to 3 and lim to 1.
machine # [    0.785154] Performance Events: Skylake events, full-width counters, Intel PMU driver.
machine # [    0.786138] ... version:                2
machine # [    0.787121] ... bit width:              48
machine # [    0.788121] ... generic registers:      4
machine # [    0.789121] ... value mask:             0000ffffffffffff
machine # [    0.790121] ... max period:             00007fffffffffff
machine # [    0.791121] ... fixed-purpose events:   3
machine # [    0.792121] ... event mask:             000000070000000f
machine # [    0.793444] rcu: Hierarchical SRCU implementation.
machine # [    0.794122] rcu:   Max phase no-delay instances is 400.
machine # [    0.795492] smp: Bringing up secondary CPUs ...
machine # [    0.796380] x86: Booting SMP configuration:
machine # [    0.797123] .... node  #0, CPUs:      #1 #2 #3 #4 #5 #6 #7
machine # [    0.822235] smp: Brought up 1 node, 8 CPUs
machine # [    0.824122] smpboot: Max logical packages: 1
machine # [    0.825122] smpboot: Total of 8 processors activated (52991.96 BogoMIPS)
machine # [    0.827461] devtmpfs: initialized
machine # [    0.828167] x86/mm: Memory block size: 128MB
machine # [    0.829381] clocksource: jiffies: mask: 0xffffffff max_cycles: 0xffffffff, max_idle_ns: 1911260446275000 ns
machine # [    0.830130] futex hash table entries: 2048 (order: 5, 131072 bytes, linear)
machine # [    0.831189] pinctrl core: initialized pinctrl subsystem
machine # [    0.833020] NET: Registered PF_NETLINK/PF_ROUTE protocol family
machine # [    0.833211] DMA: preallocated 256 KiB GFP_KERNEL pool for atomic allocations
machine # [    0.834131] DMA: preallocated 256 KiB GFP_KERNEL|GFP_DMA pool for atomic allocations
machine # [    0.835124] DMA: preallocated 256 KiB GFP_KERNEL|GFP_DMA32 pool for atomic allocations
machine # [    0.836130] audit: initializing netlink subsys (disabled)
machine # [    0.837144] audit: type=2000 audit(1678341663.090:1): state=initialized audit_enabled=0 res=1
machine # [    0.837203] thermal_sys: Registered thermal governor 'bang_bang'
machine # [    0.838139] thermal_sys: Registered thermal governor 'step_wise'
machine # [    0.839122] thermal_sys: Registered thermal governor 'user_space'
machine # [    0.840164] cpuidle: using governor menu
machine # [    0.847430] acpiphp: ACPI Hot Plug PCI Controller Driver version: 0.5
machine # [    0.852777] PCI: Using configuration type 1 for base access
machine # [    0.858158] kprobes: kprobe jump-optimization is enabled. All kprobes are optimized if possible.
machine # [    0.864348] HugeTLB: registered 1.00 GiB page size, pre-allocated 0 pages
machine # [    0.869123] HugeTLB: 16380 KiB vmemmap can be freed for a 1.00 GiB page
machine # [    0.874122] HugeTLB: registered 2.00 MiB page size, pre-allocated 0 pages
machine # [    0.878122] HugeTLB: 28 KiB vmemmap can be freed for a 2.00 MiB page
machine # [    0.884163] ACPI: Added _OSI(Module Device)
machine # [    0.887123] ACPI: Added _OSI(Processor Device)
machine # [    0.890123] ACPI: Added _OSI(3.0 _SCP Extensions)
machine # [    0.893122] ACPI: Added _OSI(Processor Aggregator Device)
machine # [    0.897722] ACPI: 1 ACPI AML tables successfully acquired and loaded
machine # [    0.904267] ACPI: Interpreter enabled
machine # [    0.907136] ACPI: PM: (supports S0 S3 S4 S5)
machine # [    0.910122] ACPI: Using IOAPIC for interrupt routing
machine # [    0.914134] PCI: Using host bridge windows from ACPI; if necessary, use "pci=nocrs" and report a bug
machine # [    0.921123] PCI: Using E820 reservations for host bridge windows
machine # [    0.925326] ACPI: Enabled 2 GPEs in block 00 to 0F
machine # [    0.932777] ACPI: PCI Root Bridge [PCI0] (domain 0000 [bus 00-ff])
machine # [    0.937126] acpi PNP0A03:00: _OSC: OS supports [ASPM ClockPM Segments MSI HPX-Type3]
machine # [    0.942122] acpi PNP0A03:00: _OSC: not requesting OS control; OS requires [ExtendedConfig ASPM ClockPM MSI]
machine # [    0.949130] acpi PNP0A03:00: fail to add MMCONFIG information, can't access extended PCI configuration space under this bridge.
machine # [    0.957442] acpiphp: Slot [3] registered
machine # [    0.960192] acpiphp: Slot [4] registered
machine # [    0.963190] acpiphp: Slot [5] registered
machine # [    0.966189] acpiphp: Slot [6] registered
machine # [    0.969189] acpiphp: Slot [7] registered
machine # [    0.972191] acpiphp: Slot [8] registered
machine # [    0.975190] acpiphp: Slot [9] registered
machine # [    0.978189] acpiphp: Slot [10] registered
machine # [    0.981189] acpiphp: Slot [11] registered
machine # [    0.984190] acpiphp: Slot [12] registered
machine # [    0.987195] acpiphp: Slot [13] registered
machine # [    0.990188] acpiphp: Slot [14] registered
machine # [    0.993190] acpiphp: Slot [15] registered
machine # [    0.996189] acpiphp: Slot [16] registered
machine # [    0.999189] acpiphp: Slot [17] registered
machine # [    1.002188] acpiphp: Slot [18] registered
machine # [    1.005192] acpiphp: Slot [19] registered
machine # [    1.008189] acpiphp: Slot [20] registered
machine # [    1.011189] acpiphp: Slot [21] registered
machine # [    1.014191] acpiphp: Slot [22] registered
machine # [    1.017189] acpiphp: Slot [23] registered
machine # [    1.020189] acpiphp: Slot [24] registered
machine # [    1.023195] acpiphp: Slot [25] registered
machine # [    1.026190] acpiphp: Slot [26] registered
machine # [    1.029188] acpiphp: Slot [27] registered
machine # [    1.032189] acpiphp: Slot [28] registered
machine # [    1.035190] acpiphp: Slot [29] registered
machine # [    1.038191] acpiphp: Slot [30] registered
machine # [    1.041189] acpiphp: Slot [31] registered
machine # [    1.044181] PCI host bridge to bus 0000:00
machine # [    1.047123] pci_bus 0000:00: root bus resource [io  0x0000-0x0cf7 window]
machine # [    1.052122] pci_bus 0000:00: root bus resource [io  0x0d00-0xffff window]
machine # [    1.057122] pci_bus 0000:00: root bus resource [mem 0x000a0000-0x000bffff window]
machine # [    1.062122] pci_bus 0000:00: root bus resource [mem 0x60000000-0xfebfffff window]
machine # [    1.068122] pci_bus 0000:00: root bus resource [mem 0x100000000-0x17fffffff window]
machine # [    1.073122] pci_bus 0000:00: root bus resource [bus 00-ff]
machine # [    1.077365] pci 0000:00:00.0: [8086:1237] type 00 class 0x060000
machine # [    1.085479] pci 0000:00:01.0: [8086:7000] type 00 class 0x060100
machine # [    1.093623] pci 0000:00:01.1: [8086:7010] type 00 class 0x010180
machine # [    1.104123] pci 0000:00:01.1: reg 0x20: [io  0xc240-0xc24f]
machine # [    1.110293] pci 0000:00:01.1: legacy IDE quirk: reg 0x10: [io  0x01f0-0x01f7]
machine # [    1.115123] pci 0000:00:01.1: legacy IDE quirk: reg 0x14: [io  0x03f6]
machine # [    1.120122] pci 0000:00:01.1: legacy IDE quirk: reg 0x18: [io  0x0170-0x0177]
machine # [    1.125122] pci 0000:00:01.1: legacy IDE quirk: reg 0x1c: [io  0x0376]
machine # [    1.130914] pci 0000:00:01.2: [8086:7020] type 00 class 0x0c0300
machine # [    1.140049] pci 0000:00:01.2: reg 0x20: [io  0xc180-0xc19f]
machine # [    1.146439] pci 0000:00:01.3: [8086:7113] type 00 class 0x068000
machine # [    1.154413] pci 0000:00:01.3: quirk: [io  0x0600-0x063f] claimed by PIIX4 ACPI
machine # [    1.159179] pci 0000:00:01.3: quirk: [io  0x0700-0x070f] claimed by PIIX4 SMB
machine # [    1.164405] pci 0000:00:01.3: quirk_piix4_acpi+0x0/0x180 took 10742 usecs
machine # [    1.170122] pci 0000:00:02.0: [1234:1111] type 00 class 0x030000
machine # [    1.177045] pci 0000:00:02.0: reg 0x10: [mem 0xfd000000-0xfdffffff pref]
machine # [    1.183943] pci 0000:00:02.0: reg 0x18: [mem 0xfebd0000-0xfebd0fff]
machine # [    1.195147] pci 0000:00:02.0: reg 0x30: [mem 0xfebc0000-0xfebcffff pref]
machine # [    1.199507] pci 0000:00:02.0: Video device with shadowed ROM at [mem 0x000c0000-0x000dffff]
machine # [    1.207441] pci 0000:00:03.0: [1af4:1000] type 00 class 0x020000
machine # [    1.213620] pci 0000:00:03.0: reg 0x10: [io  0xc1a0-0xc1bf]
machine # [    1.219123] pci 0000:00:03.0: reg 0x14: [mem 0xfebd1000-0xfebd1fff]
machine # [    1.226865] pci 0000:00:03.0: reg 0x20: [mem 0xfe000000-0xfe003fff 64bit pref]
machine # [    1.234104] pci 0000:00:03.0: reg 0x30: [mem 0xfeb80000-0xfebbffff pref]
machine # [    1.244105] pci 0000:00:04.0: [1af4:1005] type 00 class 0x00ff00
machine # [    1.249591] pci 0000:00:04.0: reg 0x10: [io  0xc1c0-0xc1df]
machine # [    1.255123] pci 0000:00:04.0: reg 0x14: [mem 0xfebd2000-0xfebd2fff]
machine # [    1.263124] pci 0000:00:04.0: reg 0x20: [mem 0xfe004000-0xfe007fff 64bit pref]
machine # [    1.275049] pci 0000:00:05.0: [1af4:1009] type 00 class 0x000200
machine # [    1.281595] pci 0000:00:05.0: reg 0x10: [io  0xc100-0xc13f]
machine # [    1.286123] pci 0000:00:05.0: reg 0x14: [mem 0xfebd3000-0xfebd3fff]
machine # [    1.294123] pci 0000:00:05.0: reg 0x20: [mem 0xfe008000-0xfe00bfff 64bit pref]
machine # [    1.306051] pci 0000:00:06.0: [1af4:1009] type 00 class 0x000200
machine # [    1.311578] pci 0000:00:06.0: reg 0x10: [io  0xc1e0-0xc1ff]
machine # [    1.317123] pci 0000:00:06.0: reg 0x14: [mem 0xfebd4000-0xfebd4fff]
machine # [    1.325123] pci 0000:00:06.0: reg 0x20: [mem 0xfe00c000-0xfe00ffff 64bit pref]
machine # [    1.337044] pci 0000:00:07.0: [1af4:1009] type 00 class 0x000200
machine # [    1.342598] pci 0000:00:07.0: reg 0x10: [io  0xc200-0xc21f]
machine # [    1.348123] pci 0000:00:07.0: reg 0x14: [mem 0xfebd5000-0xfebd5fff]
machine # [    1.356123] pci 0000:00:07.0: reg 0x20: [mem 0xfe010000-0xfe013fff 64bit pref]
machine # [    1.368048] pci 0000:00:08.0: [1af4:1001] type 00 class 0x010000
machine # [    1.373895] pci 0000:00:08.0: reg 0x10: [io  0xc000-0xc07f]
machine # [    1.379728] pci 0000:00:08.0: reg 0x14: [mem 0xfebd6000-0xfebd6fff]
machine # [    1.387859] pci 0000:00:08.0: reg 0x20: [mem 0xfe014000-0xfe017fff 64bit pref]
machine # [    1.400569] pci 0000:00:09.0: [1af4:1001] type 00 class 0x010000
machine # [    1.405774] pci 0000:00:09.0: reg 0x10: [io  0xc080-0xc0ff]
machine # [    1.411123] pci 0000:00:09.0: reg 0x14: [mem 0xfebd7000-0xfebd7fff]
machine # [    1.419783] pci 0000:00:09.0: reg 0x20: [mem 0xfe018000-0xfe01bfff 64bit pref]
machine # [    1.432176] pci 0000:00:0a.0: [1af4:1052] type 00 class 0x090000
machine # [    1.437968] pci 0000:00:0a.0: reg 0x14: [mem 0xfebd8000-0xfebd8fff]
machine # [    1.445674] pci 0000:00:0a.0: reg 0x20: [mem 0xfe01c000-0xfe01ffff 64bit pref]
machine # [    1.456948] pci 0000:00:0b.0: [1af4:1003] type 00 class 0x078000
machine # [    1.461653] pci 0000:00:0b.0: reg 0x10: [io  0xc140-0xc17f]
machine # [    1.467123] pci 0000:00:0b.0: reg 0x14: [mem 0xfebd9000-0xfebd9fff]
machine # [    1.475123] pci 0000:00:0b.0: reg 0x20: [mem 0xfe020000-0xfe023fff 64bit pref]
machine # [    1.487044] pci 0000:00:0c.0: [1af4:1005] type 00 class 0x00ff00
machine # [    1.492578] pci 0000:00:0c.0: reg 0x10: [io  0xc220-0xc23f]
machine # [    1.498123] pci 0000:00:0c.0: reg 0x14: [mem 0xfebda000-0xfebdafff]
machine # [    1.506123] pci 0000:00:0c.0: reg 0x20: [mem 0xfe024000-0xfe027fff 64bit pref]
machine # [    1.518054] ACPI: PCI: Interrupt link LNKA configured for IRQ 10
machine # [    1.522440] ACPI: PCI: Interrupt link LNKB configured for IRQ 10
machine # [    1.526408] ACPI: PCI: Interrupt link LNKC configured for IRQ 11
machine # [    1.531409] ACPI: PCI: Interrupt link LNKD configured for IRQ 11
machine # [    1.535274] ACPI: PCI: Interrupt link LNKS configured for IRQ 9
machine # [    1.540190] iommu: Default domain type: Translated
machine # [    1.544122] iommu: DMA domain TLB invalidation policy: lazy mode
machine # [    1.548392] NetLabel: Initializing
machine # [    1.551123] NetLabel:  domain hash size = 128
machine # [    1.554121] NetLabel:  protocols = UNLABELED CIPSOv4 CALIPSO
machine # [    1.558146] NetLabel:  unlabeled traffic allowed by default
machine # [    1.561127] PCI: Using ACPI for IRQ routing
machine # [    1.566175] pci 0000:00:02.0: vgaarb: setting as boot VGA device
machine # [    1.567107] pci 0000:00:02.0: vgaarb: bridge control possible
machine # [    1.567107] pci 0000:00:02.0: vgaarb: VGA device added: decodes=io+mem,owns=io+mem,locks=none
machine # [    1.580125] vgaarb: loaded
machine # [    1.583231] hpet0: at MMIO 0xfed00000, IRQs 2, 8, 0
machine # [    1.586121] hpet0: 3 comparators, 64-bit 100.000000 MHz counter
machine # [    1.595307] clocksource: Switched to clocksource kvm-clock
machine # [    1.599150] VFS: Disk quotas dquot_6.6.0
machine # [    1.601979] VFS: Dquot-cache hash table entries: 512 (order 0, 4096 bytes)
machine # [    1.606814] pnp: PnP ACPI init
machine # [    1.609615] pnp: PnP ACPI: found 6 devices
machine # [    1.629947] clocksource: acpi_pm: mask: 0xffffff max_cycles: 0xffffff, max_idle_ns: 2085701024 ns
machine # [    1.636194] clocksource: Switched to clocksource acpi_pm
machine # [    1.640394] NET: Registered PF_INET protocol family
machine # [    1.644021] IP idents hash table entries: 32768 (order: 6, 262144 bytes, linear)
machine # [    1.649901] tcp_listen_portaddr_hash hash table entries: 1024 (order: 2, 16384 bytes, linear)
machine # [    1.655809] Table-perturb hash table entries: 65536 (order: 6, 262144 bytes, linear)
machine # [    1.661341] TCP established hash table entries: 16384 (order: 5, 131072 bytes, linear)
machine # [    1.666935] TCP bind hash table entries: 16384 (order: 7, 524288 bytes, linear)
machine # [    1.672433] TCP: Hash tables configured (established 16384 bind 16384)
machine # [    1.677326] MPTCP token hash table entries: 2048 (order: 3, 49152 bytes, linear)
machine # [    1.682433] UDP hash table entries: 1024 (order: 3, 32768 bytes, linear)
machine # [    1.687335] UDP-Lite hash table entries: 1024 (order: 3, 32768 bytes, linear)
machine # [    1.692486] NET: Registered PF_UNIX/PF_LOCAL protocol family
machine # [    1.696556] NET: Registered PF_XDP protocol family
machine # [    1.700035] pci_bus 0000:00: resource 4 [io  0x0000-0x0cf7 window]
machine # [    1.704421] pci_bus 0000:00: resource 5 [io  0x0d00-0xffff window]
machine # [    1.708822] pci_bus 0000:00: resource 6 [mem 0x000a0000-0x000bffff window]
machine # [    1.713629] pci_bus 0000:00: resource 7 [mem 0x60000000-0xfebfffff window]
machine # [    1.718337] pci_bus 0000:00: resource 8 [mem 0x100000000-0x17fffffff window]
machine # [    1.723447] pci 0000:00:01.0: PIIX3: Enabling Passive Release
machine # [    1.727703] pci 0000:00:00.0: Limiting direct PCI/PCI transfers
machine # [    1.756296] ACPI: \_SB_.LNKD: Enabled at IRQ 11
machine # [    1.783655] pci 0000:00:01.2: quirk_usb_early_handoff+0x0/0x750 took 50113 usecs
machine # [    1.789504] PCI: CLS 0 bytes, default 64
machine # [    1.792569] clocksource: tsc: mask: 0xffffffffffffffff max_cycles: 0x2fbd924e8de, max_idle_ns: 440795321919 ns
machine # [    1.792789] Trying to unpack rootfs image as initramfs...
machine # [    1.804933] Initialise system trusted keyrings
machine # [    1.809309] workingset: timestamp_bits=40 max_order=19 bucket_order=0
machine # [    1.815688] zbud: loaded
machine # [    1.820613] Key type asymmetric registered
machine # [    1.823720] Asymmetric key parser 'x509' registered
machine # [    2.002334] Freeing initrd memory: 33960K
machine # [    2.014997] alg: self-tests for CTR-KDF (hmac(sha256)) passed
machine # [    2.019220] Block layer SCSI generic (bsg) driver version 0.4 loaded (major 252)
machine # [    2.025092] io scheduler mq-deadline registered
machine # [    2.028446] io scheduler kyber registered
machine # [    2.035711] Serial: 8250/16550 driver, 4 ports, IRQ sharing enabled
machine # [    2.040878] 00:04: ttyS0 at I/O 0x3f8 (irq = 4, base_baud = 115200) is a 16550A
machine # [    2.052444] intel_pstate: CPU model not supported
machine # [    2.055970] drop_monitor: Initializing network drop monitor service
machine # [    2.070389] NET: Registered PF_INET6 protocol family
machine # [    2.084424] Segment Routing with IPv6
machine # [    2.087202] In-situ OAM (IOAM) with IPv6
machine # [    2.095305] IPI shorthand broadcast: enabled
machine # [    2.098852] registered taskstats version 1
machine # [    2.101884] Loading compiled-in X.509 certificates
machine # [    2.105954] zswap: loaded using pool lzo/zbud
machine # [    2.110650] Key type .fscrypt registered
machine # [    2.113589] Key type fscrypt-provisioning registered
machine # [    2.126336] Unstable clock detected, switching default tracing clock to "global"
machine # [    2.126336] If you want to keep using the local clock, then add:
machine # [    2.126336]   "trace_clock=local"
machine # [    2.126336] on the kernel command line
machine # [    2.143763] Freeing unused decrypted memory: 2036K
machine # [    2.147348] Freeing unused kernel image (initmem) memory: 1876K
machine # [    2.163654] Write protecting the kernel read-only data: 22528k
machine # [    2.168525] Freeing unused kernel image (text/rodata gap) memory: 2040K
machine # [    2.172274] Freeing unused kernel image (rodata/data gap) memory: 660K
machine # [    2.217320] x86/mm: Checked W+X mappings: passed, no W+X pages found.
machine # [    2.220319] x86/mm: Checking user space page tables
machine # [    2.260858] x86/mm: Checked W+X mappings: passed, no W+X pages found.
machine # [    2.263632] Run /init as init process
machine # [    2.277005] systemd[1]: Inserted module 'autofs4'
machine # [    2.293953] systemd[1]: systemd 252.5 running in system mode (-PAM -AUDIT -SELINUX -APPARMOR +IMA +SMACK +SECCOMP -GCRYPT -GNUTLS +OPENSSL +ACL +BLKID -CURL -ELFUTILS +FIDO2 -IDN2 -IDN -IPTC +KMOD +LIBCRYPTSETUP +LIBFDISK -PCRE2 -PWQUALITY -P11KIT -QRENCODE +TPM2 -BZIP2 -LZ4 -XZ -ZLIB -ZSTD -BPF_FRAMEWORK -XKBCOMMON +UTMP -SYSVINIT default-hierarchy=unified)
machine # [    2.307002] systemd[1]: Detected virtualization kvm.
machine # [    2.309356] systemd[1]: Detected architecture x86-64.
machine # [    2.312465] systemd[1]: Running in initrd.
machine # [    2.314565] systemd[1]: No hostname configured, using default hostname.
machine # [    2.317596] systemd[1]: Hostname set to <localhost>.
machine # [    2.320059] systemd[1]: Initializing machine ID from random generator.
machine # [    2.364855] systemd[1]: Queued start job for default target Initrd Default Target.
machine # [    2.380882] systemd[1]: Created slice Slice /system/systemd-makefs.
machine # [    2.383953] systemd[1]: Started Dispatch Password Requests to Console Directory Watch.
machine # [    2.387836] systemd[1]: Reached target Initrd Root Device.
machine # [    2.390508] systemd[1]: Reached target Path Units.
machine # [    2.392977] systemd[1]: Reached target Slice Units.
machine # [    2.395571] systemd[1]: Reached target Swaps.
machine # [    2.397837] systemd[1]: Reached target Timer Units.
machine # [    2.400709] systemd[1]: Listening on Journal Audit Socket.
machine # [    2.403628] systemd[1]: Listening on Journal Socket (/dev/log).
machine # [    2.406711] systemd[1]: Listening on Journal Socket.
machine # [    2.409607] systemd[1]: Listening on udev Control Socket.
machine # [    2.412624] systemd[1]: Listening on udev Kernel Socket.
machine # [    2.415492] systemd[1]: Reached target Socket Units.
machine # [    2.417985] systemd[1]: Kernel Configuration File System was skipped because of an unmet condition check (ConditionPathExists=/sys/kernel/config).
machine # [    2.439809] systemd[1]: Starting Create List of Static Device Nodes...
machine # [    2.446495] systemd[1]: Starting Journal Service...
machine # [    2.450601] systemd[1]: Starting Load Kernel Modules...
machine # [    2.454668] systemd[1]: Starting Coldplug All udev Devices...
machine # [    2.460583] systemd[1]: Finished Create List of Static Device Nodes.
machine # [    2.467607] systemd[1]: Starting Create Static Device Nodes in /dev...
machine # [    2.478572] systemd[1]: Finished Create Static Device Nodes in /dev.
machine # [    2.482927] audit: type=1334 audit(1678341664.734:2): prog-id=6 op=LOAD
machine # [    2.483939] systemd[1]: Starting Rule-based Manager for Device Events and Files...
machine # [    2.485894] audit: type=1334 audit(1678341664.734:3): prog-id=7 op=LOAD
machine # [    2.502437] device-mapper: ioctl: 4.47.0-ioctl (2022-07-28) initialised: dm-devel@redhat.com
machine # [    2.509512] systemd[1]: Finished Load Kernel Modules.
machine # [    2.514537] systemd[1]: Finished Coldplug All udev Devices.
machine # [    2.520033] systemd[1]: Starting Apply Kernel Variables...
machine # [    2.524108] systemd[1]: Started Rule-based Manager for Device Events and Files.
machine # [    2.530538] systemd[1]: Finished Apply Kernel Variables.
machine # [    2.588548] systemd[1]: Started Journal Service.
machine # [    1.899435] systemd-modules-load[119]: Inserted module 'virtio_balloon'
machine # [    1.905058] systemd-modules-load[119]: Inserted module 'virtio_console'
machine # [    1.909724] systemd-modules-load[119]: Inserted module 'dm_mod'
machine # [    1.914092] systemd-udevd[127]: Using default interface naming scheme 'v252'.
machine # [    1.919443] systemd-udevd[127]: /nix/store/ix9s83clbn715q3xh3isni1v8623vvhb-systemd-stage-1-252.5/lib/udev/rules.d/50-udev-default.rules:22 Unknown group 'tty', ignoring
machine # [    2.617943] rtc_cmos 00:05: RTC can wake from S4
machine # [    1.928510] systemd-udevd[127]: /nix/store/ix9s83clbn715q3xh3isni1v8623vvhb-systemd-stage-1-2[    2.624418] rtc_cmos 00:05: registered as rtc0
machine # 52.5/lib/udev/ru[    2.626961] rtc_cmos 00:05: alarms up to one day, y3k, 242 bytes nvram, hpet irqs
machine # les.d/50-udev-default.rules:23 Unknown group 'tty', ignoring
machine # [    2.633750] i8042: PNP: PS/2 Controller [PNP0303:KBD,PNP0f13:MOU] at 0x60,0x64 irq 1,12
machine # [    1.946353] systemd-udevd[127]: /nix/store/ix9s83clbn715q3xh3isni1v8623vvhb-systemd-stage-1-252.5/lib/udev/rules.d/50-udev-de[    2.642540] serio: i8042 KBD port at 0x60,0x64 irq 1
machine # fault.rules:24 U[    2.645021] serio: i8042 AUX port at 0x60,0x64 irq 12
machine # nknown group 'tty', ignoring
machine # [    1.960772] systemd-udevd[127]: /nix/store/ix9s83clbn715q3xh3isni1v8623vvhb-systemd-stage-1-252.5/lib/udev/rules.d/50-udev-default.rules:25 Unknown group 'tty', ignoring
machine # [    1.968509] systemd-udevd[127]: /nix/store/ix9s83clbn715q3xh3isni1v8623vvhb-systemd-stage-1-252.5/lib/udev/rules.d/50-udev-default.rules:26 Unknown group 'tty', ignoring
machine # [    1.976761] systemd-udevd[127]: /nix/store/ix9s83clbn715q3xh3isni1v8623vvhb-systemd-stage-1-252.5/lib/udev/rules.d/50-udev-default.rules:27 Unknown group 'tty', ignoring
machine # [    1.984435] systemd-udevd[127]: /nix/store/ix9s83clbn715q3xh3isni1v8623vvhb-systemd-stage-1-252.5/lib/udev/rules.d/50-udev-default.rules:28 Unknown group 'tty', ignoring
machine # [    1.992209] systemd-udevd[127]: /nix/store/ix9s83clbn715q3xh3isni1v8623vvhb-systemd-stage-1-252.5/lib/udev/rules.d/50-udev-default.rules:29 Unknown group 'dialout', ignoring
machine # [    2.000277] systemd-udevd[127[    2.692021] ACPI: \_SB_.LNKC: Enabled at IRQ 10
machine # ]: /nix/store/ix9s83clbn715q3xh3isni1v8623vvhb-systemd-stage-1-252.5/lib/udev/rules.d/50-udev-default.rules:31 Unknown group 'kmem', ignoring
machine # [    2.011242] systemd-udevd[127]: /nix/store/ix9s83clbn715q3xh3isni1v8623vvhb-systemd-stage-1-252.5/lib/udev/rules.d/50-udev-default.rules:33 Unknown group 'input', ignoring
machine # [    2.709550] SCSI subsystem initialized
machine # [    2.019143] systemd-udevd[127]: /nix/store/ix9s83clbn715q3xh3isni1v8623vvhb-systemd-stage-1-252.5/lib/udev/rules.d/50-udev-default.rules:36 Unknown group 'video', ignoring
machine # [    2.029230] systemd-udevd[127]: /nix/store/ix9s83clbn715q3xh3isni1v8623vvhb-systemd-stage-1-252.5/lib/udev/rules.d/50-udev-default.rules:37 Unknown group 'video', ignoring
machine # [    2.037131] systemd-udevd[127]: /nix/store/ix9s83clbn715q3xh3isni1v8623vvhb-systemd-stage-1-252.5/lib/udev/rules.d/50-udev-default.rules:38 Unknown group 'video', ignoring
machine # [    2.045952] systemd-udevd[127]: /nix/store/ix9s83clbn715q3xh3isni1v8623vvhb-systemd-stage-1-252.5/lib/udev/rules.d/50-udev-default.rules:39 Unknown group 'video', ignoring
machine # [    2.744059] ACPI: bus type USB registered
machine # [    2.746028] usbcore: registered new interface driver usbfs
machine # [    2.748589] usbcore: registered new interface driver hub
machine # [    2.748598] usbcore: registered new device driver usb
machine # [    2.056121] systemd-udevd[127]: /nix/store/ix9s83clbn715q3xh3isni1v8623vvhb-systemd-stage-1-252.5/lib/udev/rules.d/50-udev-default.rules:40 Unknown group 'video', ignoring
machine # [    2.072235] systemd-udevd[127]: /nix/store/ix[    2.764432] ACPI: \_SB_.LNKA: Enabled at IRQ 10
machine # 9s83clbn715q3xh3isni1v8623vvhb-systemd-stage-1-252.5/lib/udev/rules.d/50-udev-default.rules:41 Unknown group 'video', ignoring
machine # [    2.082745] systemd-udevd[127]: /nix/store/ix9s83clbn715q3xh3isni1v8623vvhb-systemd-stage-1-252.5/lib/udev/rules.d/50-udev-default.rules:43 Unknown group 'render', ignoring
machine # [    2.091242] systemd-udevd[127]: /nix/store/ix9s83clbn715q3xh3isni1v8623vvhb-systemd-stage-1-252.5/lib/udev/rules.d/50-udev-default.rules:44 Unknown group 'render', ignoring
machine # [    2.099255] systemd-udevd[127]: /nix/store/ix9s83clbn715q3xh3isni1v8623vvhb-systemd-stage-1-252.5/lib/udev/rules.d/50-udev-default.rules:46 Unknown group 'sgx', ignoring
machine # [    2.107141] systemd-udevd[127]: /nix/store/ix9s83clbn715q3xh3[    2.799980] ACPI: \_SB_.LNKB: Enabled at IRQ 11
machine # isni1v8623vvhb-systemd-stage-1-252.5/lib/udev/rules.d/50-udev-default.rules:47 Unknown group 'sgx', ignoring
machine # [    2.117847] systemd-udevd[127]: /nix/store/ix9s83clbn715q3xh3isni1v8623vvhb-systemd-stage-1-252.5/lib/udev/rules.d/50-udev-default.rules:53 Unknown group 'audio', ignoring
machine # [    2.126171] systemd-udevd[127]: /nix/store/ix9s83clbn715q3xh3isni1v8623vvhb-systemd-stage-1-252.5/lib/udev/rules.d/50-udev-default.rules:63 Unknown group 'audio', ignoring
machine # [    2.134095] systemd-udevd[127]: /nix/store/ix9s83clbn715q3xh3isni1v8623vvhb-systemd-stage-1-252.5/lib/udev/rules.d/50-udev-default.rules:64 Unknown group 'audio', ignoring
machine # [    2.142086] systemd-udevd[127]: /nix/store/ix9s83clbn715q3xh3isni1v8623vvhb-systemd-stage-1-252.5/lib/udev/rules.d/50-udev-default.rules:65 Unknown group 'video', ignoring
machine # [    2.150192] systemd-udevd[127]: /nix/store/ix9s83clbn715q3xh3isni1v8623vvhb-systemd-stage-1-252.5/lib/udev/rules.d/50-udev-default.rules:67 Unknown group 'lp', ignoring
machine # [    2.158423] systemd-udevd[127]: /nix/store/ix9s83clbn715q3xh3isni1v8623vvhb-systemd-stage-1-252.5/lib/udev/rules.d/50-udev-default.rules:68 Unknown group 'lp', ignoring
machine # [    2.166380] systemd-udevd[127]: /nix/store/ix9s83clbn715q3xh3isni1v8623vvhb-systemd-stage-1-252.5/lib/udev/rules.d/50-udev-default.rules:69 Unknown group 'lp', ignoring
machine # [    2.174293] systemd-udevd[127]: /nix/store/ix9s83clbn715q3xh3isni1v8623vvhb-systemd-stage-1-252.5/lib/udev/rules.d/50-udev-default.rules:70 Unknown group 'lp', ignoring
machine # [    2.182288] systemd-udevd[127]: /nix/store/ix9s83clbn715q3xh3isni1v8623vvhb-systemd-stage-1-252.5/lib/udev/rules.d/50-udev-default.rules:71 Unknown group 'lp', ignoring
machine # [    2.190364] systemd-udevd[127]: /nix/store/ix9s83clbn715q3xh3isni1v8623vvhb-systemd-stage-1-252.5/lib/udev/rules.d/50-udev-default.rules:72 Unknown group 'lp', ignoring
machine # [    2.198199] systemd-udevd[127]: /nix/store/ix9s83clbn715q3xh3isni1v8623vvhb-systemd-stage-1-252.5/lib/udev/rules.d/50-udev-default.rules:74 Unknown group 'disk', ignoring
machine # [    2.206110] systemd-udevd[127]: /nix/store/ix9s83clbn715q3xh3isni1v8623vvhb-systemd-stage-1-252.5/lib/udev/rules.d/50-udev-default.rules:75 Unknown group 'cdrom', ignoring
machine # [    2.214265] systemd-udevd[127]: /nix/store/ix9s83clbn715q3xh3isni1v8623vvhb-systemd-stage-1-252.5/lib/udev/rules.d/50-udev-default.rules:76 Unknown group 'cdrom', ignoring
machine # [    2.222338] systemd-udevd[127]: /nix/store/ix9s83clbn715q3xh3isni1v8623vvhb-systemd-stage-1-252.5/lib/udev/rules.d/50-udev-default.rules:77 Unknown group 'cdrom', ignoring
machine # [    2.230330] systemd-udevd[127]: /nix/store/ix9s83clbn715q3xh3isni1v8623vvhb-systemd-stage-1-252.5/lib/udev/rules.d/50-udev-default.rules:78 Unknown group 'cdrom', ignoring
machine # [    2.238262] systemd-udevd[127]: /nix/store/ix9s83clbn715q3xh3isni1v8623vvhb-systemd-stage-1-252.5/lib/udev/rules.d/50-udev-default.rules:79 Unknown group 'cdrom', ignoring
machine # [    2.246411] systemd-udevd[127]: /nix/store/ix9s83clbn715q3xh3isni1v8623vvhb-systemd-stage-1-252.5/lib/udev/rules.d/50-udev-default.rules:81 Unknown group 'tape', ignoring
machine # [    2.254464] systemd-udevd[127]: /nix/store/ix9s83clbn715q3xh3isni1v8623vvhb-systemd-stage-1-252.5/lib/udev/rules.d/50-udev-default.rules:82 Unknown group 'disk', ignoring
machine # [    2.262363] systemd-udevd[127]: /nix/store/ix9s83clbn715q3xh3isni1v8623vvhb-systemd-stage-1-252.5/lib/udev/rules.d/50-udev-default.rules:83 Unknown group 'disk', ignoring
machine # [    2.270720] systemd-udevd[127]: /nix/store/ix9s83clbn715q3xh3isni1v8623vvhb-systemd-stage-1-252.5/lib/udev/rules.d/50-udev-default.rules:84 Unknown group 'disk', ignoring
machine # [    2.279019] systemd-udevd[127]: /nix/store/ix9s83clbn715q3xh3isni1v8623vvhb-systemd-stage-1-252.5/lib/udev/rules.d/50-udev-default.rules:85 Unknown group 'disk', ignoring
machine # [    2.287137] systemd-udevd[127]: /nix/store/ix9s83clbn715q3xh3isni1v8623vvhb-systemd-stage-1-252.5/lib/udev/rules.d/50-udev-de[    2.983041] scsi host0: ata_piix
machine # fault.rules:86 Unknown group 'disk', ignoring[    2.986732] scsi host1: ata_piix
machine # 
machine # [    2.988483] ata1: PATA max MWDMA2 cmd 0x1f0 ctl 0x3f6 bmdma 0xc240 irq 14
machine # [    2.990301] uhci_hcd 0000:00:01.2: UHCI Host Controller
machine # [    2.991987] ata2: PATA max MWDMA2 cmd 0x170 ctl 0x376 bmdma 0xc248 irq 15
machine # [    2.994437] uhci_hcd 0000:00:01.2: new USB bus registered, assigned bus number 1
machine # [    3.001285] uhci_hcd 0000:00:01.2: detected 2 ports
machine # [    3.004332] uhci_hcd 0000:00:01.2: irq 11, io port 0x0000c180
machine # [    2.315892] s[    3.007540] usb usb1: New USB device found, idVendor=1d6b, idProduct=0001, bcdDevice= 6.01
machine # [    3.011366] usb usb1: New USB device strings: Mfr=3, Product=2, SerialNumber=1
machine # [    3.014606] usb usb1: Product: UHCI Host Controller
machine # [    3.017014] usb usb1: Manufacturer: Linux 6.1.15 uhci_hcd
machine # [    3.019457] usb usb1: SerialNumber: 0000:00:01.2
machine # ystemd-udevd[127]: /nix/store/ix[    3.022375] hub 1-0:1.0: USB hub found
machine # 9s83clbn715q3xh3[    3.024786] hub 1-0:1.0: 2 ports detected
machine # isni1v8623vvhb-systemd-stage-1-252.5/lib/udev/rules.d/50-udev-default.rules:87 Unknown group 'disk', ignoring
machine # [    2.345479] systemd-udevd[127]: /nix/store/ix9s83clbn715q3xh3isni1v8623vvhb-systemd-stage-1-252.5/lib/udev/rules.d/50-udev-default.rules:88 Unknown group 'disk', ignoring
machine # [    2.353356] systemd-udevd[127]: /nix/store/ix9s83clbn715q3xh3isni1v8623vvhb-systemd-stage-1-252.5/lib/udev/rules.d/50-udev-default.rules:97 Unknown group 'kvm', ignoring
machine # [    2.361313] systemd-udevd[127]: /nix/store/ix9s83clbn715q3xh3isni1v8623vvhb-systemd-stage-1-252.5/lib/udev/rules.d/50-udev-default.rules:102 Unknown group 'kvm', ignoring
machine # [    2.370900] systemd-udevd[127]: /nix/store/ix9s83clbn715q3xh3isni1v8623vvhb-systemd-stage-1-252.5/lib/udev/rules.d/50-udev-default.rules:104 Unknown group 'kvm', ignoring
machine # [    2.378944] systemd-udevd[127]: /nix/store/ix9s83clbn715q3xh3isni1v8623vvhb-systemd-stage-1-252.5/lib/udev/rules.d/50-udev-default.rules:106 Unknown group 'kvm', ignoring
machine # [    2.387305] systemd-udevd[135]: event_source: Failed to get device name: No such file or directory
machine # [    3.160746] ata2: found unknown device (class 0)
machine # [    3.166634] ata2.00: ATAPI: QEMU DVD-ROM, 2.5+, max UDMA/100
machine # [    3.174993] scsi 1:0:0:0: CD-ROM            QEMU     QEMU DVD-ROM     2.5+ PQ: 0 ANSI: 5
machine # [    3.242512] input: AT Translated Set 2 keyboard as /devices/platform/i8042/serio0/input/input0
machine # [    3.250282] usb 1-1: new full-speed USB device number 2 using uhci_hcd
machine # [    3.266344] 9pnet: Installing 9P2000 support
machine # [    2.577121] systemd-udevd[142]: vtcon0: Process '/nix/store/ix9s83clbn715q3xh3isni1v8623vvhb-systemd-stage-1-252.5/lib/systemd/systemd-vconsole-setup' failed with exit code 1.
machine # [    3.290035] virtio_blk virtio5: 8/0/0 default/read/poll queues
machine # [    2.604072] systemd-udevd[141]: Network interface NamePolicy= disabled on kernel command line.
machine # [    3.307363] virtio_blk virtio5: [vda] 16777216 512-byte logical blocks (8.59 GB/8.00 GiB)
machine # [    3.313828] virtio_blk virtio6: 8/0/0 default/read/poll queues
machine # [    3.329935] virtio_blk virtio6: [vdb] 1048576 512-byte logical blocks (537 MB/512 MiB)
machine # [    3.330375] sr 1:0:0:0: [sr0] scsi3-mmc drive: 4x/4x cd/rw xa/form2 tray
machine # [    3.337003] cdrom: Uniform CD-ROM driver Revision: 3.20
machine # [    2.668008] systemd[1]: Found device /dev/vdb.
machine # [    2.685884] systemd[1]: Starting Make File System on /dev/vdb...
machine # [    3.424487] usb 1-1: New USB device found, idVendor=0627, idProduct=0001, bcdDevice= 0.00
machine # [    3.428104] usb 1-1: New USB device strings: Mfr=1, Product=3, SerialNumber=10
machine # [    3.431447] usb 1-1: Product: QEMU USB Tablet
machine # [    3.431448] usb 1-1: Manufacturer: QEMU
machine # [    3.431449] usb 1-1: SerialNumber: 28754-0000:00:01.2-1
machine # [    2.739131] systemd-makefs[165]: /dev/vdb successfully formatted as ext4 (label "vdb", uuid e309764e-2b23-4f66-ae08-10cdcc96c53f)
machine # [    2.757447] systemd[1]: Finished Make File System on /dev/vdb.
machine # [    2.762117] s[    3.453037] hid: raw HID events driver (C) Jiri Kosina
machine # ystemd[1]: Mounting /sysroot...
machine # [    3.465514] usbcore: registered new interface driver usbhid
machine # [    3.468073] usbhid: USB HID core driver
machine # [    3.507033] input: QEMU QEMU USB Tablet as /devices/pci0000:00/0000:00:01.2/usb1/1-1/1-1:1.0/0003:0627:0001.0001/input/input2
machine # [    3.512491] hid-generic 0003:0627:0001.0001: input,hidraw0: USB HID v0.01 Mouse [QEMU QEMU USB Tablet] on usb-0000:00:01.2-1/input0
machine # [    3.697825] EXT4-fs (vdb): mounted filesystem with ordered data mode. Quota mode: none.
machine # [    3.013130] systemd[1]: Mounted /sysroot.
machine # [    3.016459] systemd[1]: Reached target Initrd Root File System.
machine # [    3.032446] systemd[1]: Mounting /sysroot/nix/.ro-store...
machine # [    3.036886] systemd[1]: Mounting /sysroot/nix/.rw-store...
machine # [    3.041215] systemd[1]: Mounting /sysroot/tmp/shared...
machine # [    3.045751] systemd[1]: Mounting /sysroot/tmp/xchg...
machine # [    3.049976] systemd[1]: Starting Mountpoints Configured in the Real Root...
machine # [    3.055152] systemd[1]: Mounted /sysroot/nix/.rw-store.
machine # [    3.059470] systemd[1]: Starting rw-store.service...
machine # [    3.063752] systemd[1]: rw-store.service: Deactivated successfully.
machine # [    3.068260] systemd[1]: Finished rw-store.service.
machine # [    3.071890] systemd[1]: initrd-parse-etc.service: Deactivated successfully.
machine # [    3.076350] systemd[1]: Finished Mountpoints Configured in the Real Root.
machine # [    3.810690] FS-Cache: Loaded
machine # [    3.838727] 9p: Installing v9fs 9p2000 file system support
machine # [    3.154708] systemd[1]: Mounted /sysroot/nix/.ro-store.
machine # [    3.158320] systemd[1]: Mounted /sysroot/tmp/shared.
machine # [    3.161890] systemd[1]: Mounted /sysroot/tmp/xchg.
machine # [    3.180221] systemd[1]: Mounting /sysroot/nix/store...
machine # [    3.199253] systemd[1]: Mounted /sysroot/nix/store.
machine # [    3.202788] systemd[1]: Reached target Initrd File Systems.
machine # [    3.206765] systemd[1]: Reached target Local File Systems.
machine # [    3.210891] systemd[1]: Starting Create Volatile Files and Directories...
machine # [    3.215215] systemd[1]: Finished Create Volatile Files and Directories.
machine # [    3.219893] systemd[1]: Reached target System Initialization.
machine # [    3.223789] systemd[1]: Reached target Basic System.
machine # [    3.227302] systemd[1]: System is tainted: var-run-bad
machine # [    3.231469] systemd[1]: Starting NixOS Activation...
machine # [    3.492146] initrd-nixos-activation-start[195]: booting system configuration /nix/store/5c852c4xk9z2z411395a3j9b5zj08smp-nixos-system-machine-23.05pre-git
machine # [    3.587254] initrd-nixos-activation-start[195]: running activation script...
machine # [    4.274163] initrd-nixos-activation-start[224]: setting up /etc...
machine # [    6.399166] initrd-nixos-activation-start[338]: unpacking the NixOS/Nixpkgs sources...
machine # [    6.608175] initrd-nixos-activation-start[351]: ln: failed to create symbolic link '/root/.nix-defexpr/channels/channels': Read-only file system
machine # [    6.638207] systemd[1]: initrd-nixos-activation.service: Deactivated successfully.
machine # [    6.643011] systemd[1]: Finished NixOS Activation.
machine # [    6.646353] systemd[1]: initrd-nixos-activation.service: Consumed 1.092s CPU time.
machine # [    6.651326] systemd[1]: Reached target Initrd Default Target.
machine # [    6.655225] systemd[1]: Starting Cleaning Up and Shutting Down Daemons...
machine # [    6.663066] systemd[1]: Stopped target Initrd Default Target.
machine # [    6.666985] systemd[1]: Stopped target Basic System.
machine # [    6.670425] systemd[1]: Stopped target Initrd Root Device.
machine # [    6.674199] systemd[1]: Stopped target Path Units.
machine # [    6.677739] systemd[1]: systemd-ask-password-console.path: Deactivated successfully.
machine # [    6.683075] systemd[1]: Stopped Dispatch Password Requests to Console Directory Watch.
machine # [    6.687990] systemd[1]: Stopped target Slice Units.
machine # [    6.691704] systemd[1]: Stopped target Socket Units.
machine # [    6.695071] systemd[1]: Stopped target System Initialization.
machine # [    6.698845] systemd[1]: Stopped target Swaps.
machine # [    6.701917] systemd[1]: Stopped target Timer Units.
machine # [    6.705692] systemd[1]: systemd-sysctl.service: Deactivated successfully.
machine # [    6.710209] systemd[1]: Stopped Apply Kernel Variables.
machine # [    6.713805] systemd[1]: systemd-modules-load.service: Deactivated successfully.
machine # [    6.718765] systemd[1]: Stopped Load Kernel Modules.
machine # [    6.722449] systemd[1]: systemd-tmpfiles-setup.service: Deactivated successfully.
machine # [    6.727107] systemd[1]: Stopped Create Volatile Files and Directories.
machine # [    6.731236] systemd[1]: Stopped target Local File Systems.
machine # [    6.735138] systemd[1]: systemd-udev-trigger.service: Deactivated successfully.
machine # [    6.739751] systemd[1]: Stopped Coldplug All udev Devices.
machine # [    6.743306] systemd[1]: Stopping Rule-based Manager for Device Events and Files...
machine # [    6.748078] systemd[1]: run-credentials-systemd\x2dtmpfiles\x2dsetup.service.mount: Deactivated successfully.
machine # [    6.753758] systemd[1]: run-credentials-systemd\x2dsysctl.service.mount: Deactivated successfully.
machine # [    6.758978] systemd[1]: initrd-cleanup.service: Deactivated successfully.
machine # [    6.763270] systemd[1]: Finished Cleaning Up and Shutting Down Daemons.
machine # [    6.767392] systemd[1]: systemd-udevd.service: Deactivated successfully.
machine # [    6.771471] systemd[1]: Stopped Rule-based Manager for Device Events and Files.
machine # [    6.776109] systemd[1]: systemd-udevd.service: Consumed 2.157s CPU time.
machine # [    6.780383] systemd[1]: systemd-udevd-control.socket: Deactivated successfully.
machine # [    6.784983] systemd[1]: Closed udev Control Socket.
machine # [    7.481566] systemd-journald[117]: Received SIGTERM from PID 1 (systemd).
machine # [    6.794181] systemd[1]: systemd-udevd-kernel.socket: Deactivated successfully.
machine # [    6.799218] systemd[1]: Closed udev Kernel Socket.
machine # [    6.802707] systemd[1]: Starting Cleanup udev Database...
machine # [    6.806297] systemd[1]: systemd-tmpfiles-setup-dev.service: Deactivated successfully.
machine # [    6.811075] systemd[1]: Stopped Create Static Device Nodes in /dev.
machine # [    6.815119] systemd[1]: kmod-static-nodes.service: Deactivated successfully.
machine # [    6.819465] systemd[1]: Stopped Create List of Static Device Nodes.
machine # [    6.823710] systemd[1]: run-credentials-systemd\x2dtmpfiles\x2dsetup\x2ddev.service.mount: Deactivated successfully.
machine # [    6.829883] systemd[1]: initrd-udevadm-cleanup-db.service: Deactivated successfully.
machine # [    6.834941] systemd[1]: Finished Cleanup udev Database.
machine # [    6.838824] systemd[1]: Reached target Switch Root.
machine # [    6.842254] systemd[1]: Starting Switch Root...
machine # [    6.845766] systemd[1]: Switching root.
machine # [    7.844590] systemd[1]: systemd 252.5 running in system mode (+PAM +AUDIT -SELINUX +APPARMOR +IMA +SMACK +SECCOMP +GCRYPT -GNUTLS +OPENSSL +ACL +BLKID +CURL +ELFUTILS +FIDO2 +IDN2 -IDN +IPTC +KMOD +LIBCRYPTSETUP +LIBFDISK +PCRE2 -PWQUALITY +P11KIT -QRENCODE +TPM2 +BZIP2 +LZ4 +XZ +ZLIB +ZSTD +BPF_FRAMEWORK -XKBCOMMON +UTMP -SYSVINIT default-hierarchy=unified)
machine # [    7.857686] systemd[1]: Detected virtualization kvm.
machine # [    7.859975] systemd[1]: Detected architecture x86-64.
machine # [    7.868053] systemd[1]: Initializing machine ID from random generator.
machine # [    7.915679] audit: type=1334 audit(1678341670.168:4): prog-id=8 op=LOAD
machine # [    7.918757] audit: type=1334 audit(1678341670.168:5): prog-id=8 op=UNLOAD
machine # [    7.921815] audit: type=1334 audit(1678341670.168:6): prog-id=9 op=LOAD
machine # [    7.924787] audit: type=1334 audit(1678341670.168:7): prog-id=9 op=UNLOAD
machine # [    7.942319] audit: type=1334 audit(1678341670.194:8): prog-id=10 op=LOAD
machine # [    7.945340] audit: type=1334 audit(1678341670.194:9): prog-id=10 op=UNLOAD
machine # [    7.948450] audit: type=1334 audit(1678341670.195:10): prog-id=11 op=LOAD
machine # [    7.951516] audit: type=1334 audit(1678341670.195:11): prog-id=11 op=UNLOAD
machine # [    7.958312] audit: type=1334 audit(1678341670.210:12): prog-id=12 op=LOAD
machine # [    7.961358] audit: type=1334 audit(1678341670.210:13): prog-id=12 op=UNLOAD
machine # [    8.268815] systemd[1]: bpf-lsm: LSM BPF program attached
machine # [    9.409956] systemd[1]: initrd-switch-root.service: Current command vanished from the unit file, execution of the command list won't be resumed.
machine # [    9.420630] systemd[1]: systemd-journald.service: Current command vanished from the unit file, execution of the command list won't be resumed.
machine # [    9.500598] systemd[1]: initrd-switch-root.service: Deactivated successfully.
machine # [    9.516327] systemd[1]: Stopped initrd-switch-root.service.
machine # [    9.521890] systemd[1]: systemd-journald.service: Scheduled restart job, restart counter is at 1.
machine # [    9.527095] systemd[1]: Created slice Slice /system/getty.
machine # [    9.530745] systemd[1]: Created slice Slice /system/modprobe.
machine # [    9.534586] systemd[1]: Created slice User and Session Slice.
machine # [    9.537700] systemd[1]: Started Dispatch Password Requests to Console Directory Watch.
machine # [    9.541615] systemd[1]: Started Forward Password Requests to Wall Directory Watch.
machine # [    9.545479] systemd[1]: Reached target Local Encrypted Volumes.
machine # [    9.548458] systemd[1]: Stopped target initrd-fs.target.
machine # [    9.551043] systemd[1]: Stopped target initrd-root-fs.target.
machine # [    9.553775] systemd[1]: Stopped target initrd-switch-root.target.
machine # [    9.556745] systemd[1]: Reached target Containers.
machine # [    9.559448] systemd[1]: Reached target Path Units.
machine # [    9.561926] systemd[1]: Reached target Remote File Systems.
machine # [    9.564692] systemd[1]: Reached target Slice Units.
machine # [    9.567369] systemd[1]: Reached target Swaps.
machine # [    9.569708] systemd[1]: Reached target ZFS pool import target.
machine # [    9.578728] systemd[1]: Listening on Process Core Dump Socket.
machine # [    9.582736] systemd[1]: Listening on Userspace Out-Of-Memory (OOM) Killer Socket.
machine # [    9.589416] systemd[1]: Listening on udev Control Socket.
machine # [    9.592808] systemd[1]: Listening on udev Kernel Socket.
machine # [    9.623714] systemd[1]: Mounting Huge Pages File System...
machine # [    9.628880] systemd[1]: Mounting POSIX Message Queue File System...
machine # [    9.634607] systemd[1]: Mounting Kernel Debug File System...
machine # [    9.641509] systemd[1]: Starting Create List of Static Device Nodes...
machine # [    9.647690] systemd[1]: Starting Load Kernel Module configfs...
machine # [    9.653029] systemd[1]: Starting Load Kernel Module drm...
machine # [    9.659063] systemd[1]: Starting Load Kernel Module efi_pstore...
machine # [    9.665487] systemd[1]: Starting Load Kernel Module fuse...
machine # [    9.671536] systemd[1]: Starting mount-pstore.service...
machine # [    9.675813] systemd[1]: File System Check on Root Device was skipped because of an unmet condition check (ConditionPathIsReadWrite=!/).
machine # [    9.685870] systemd[1]: Stopped Journal Service.
machine # [    9.698078] systemd[1]: Starting Journal Service...
machine # [    9.701679] systemd[1]: systemd-makefs@dev-vdb.service: Deactivated successfully.
machine # [    9.717362] fuse: init (API version 7.37)
machine # [    9.725482] systemd[1]: Stopped systemd-makefs@dev-vdb.service.
machine # [    9.730679] systemd[1]: Starting Load Kernel Modules...
machine # [    9.735469] systemd[1]: Starting Remount Root and Kernel File Systems...
machine # [    9.741635] systemd[1]: Starting Coldplug All udev Devices...
machine # [    9.748804] systemd[1]: Mounted Huge Pages File System.
machine # [    9.752965] systemd[1]: Mounted POSIX Message Queue File System.
machine # [    9.757633] systemd[1]: Mounted Kernel Debug File System.
machine # [    9.781885] ACPI: bus type drm_connector registered
machine # [    9.795342] EXT4-fs (vdb): re-mounted. Quota mode: none.
machine # [    9.796842] systemd[1]: Finished Create List of Static Device Nodes.
machine # [    9.804958] systemd[1]: modprobe@configfs.service: Deactivated successfully.
machine # [    9.820900] systemd[1]: Finished Load Kernel Module configfs.
machine # [    9.824601] systemd[1]: Started Journal Service.
machine # [    9.849379] bridge: filtering via arp/ip/ip6tables is no longer available by default. Update your scripts to load br_netfilter if you need this.
machine # [    9.183277] systemd[1]: Queued start job for default target Multi-User System.
machine # [    9.188703] systemd[1]: systemd-journald.service: Deactivated successfully.
machine # [    9.883330] tun: Universal TUN/TAP device driver, 1.6
machine # [    9.194725] systemd[1]: modprobe@drm.service: Deactivated successfully.
machine # [    9.201940] systemd[1]: Finished Load Kernel Module drm.
machine # [    9.207025] systemd[1]: modprobe@efi_pstore.service: Deactivated successfully.
machine # [    9.222240] systemd-modules-load[380]: Inserted module 'bridge'
machine # [    9.228116] systemd-modules-load[380]: Inserted module 'macvlan'
machine # [    9.921734] spl: loading out-of-tree module taints kernel.
machine # [    9.236742] systemd-modules-load[380]: Inserted module 'tap'
machine # [    9.241118] systemd[1]: Finished Load Kernel Module efi_pstore.
machine # [    9.246347] systemd[1]: modprobe@fuse.service: Deactivated successfully.
machine # [    9.251245] systemd[1]: Finished Load Kernel Module fuse.
machine # [    9.255492] systemd-modules-load[380]: Inserted module 'tun'
machine # [    9.261070] systemd[1]: Finished Remount Root and Kernel File Systems.
machine # [    9.957093] znvpair: module license 'CDDL' taints kernel.
machine # [    9.960530] Disabling lock debugging due to kernel taint
machine # [    9.282917] systemd[1]: Finished Coldplug All udev Devices.
machine # [    9.323056] systemd[1]: Mounting FUSE Control File System...
machine # [    9.332801] systemd[1]: Mounting Kernel Configuration File System...
machine # [    9.342015] systemd[1]: Starting Flush Journal to Persistent Storage...
machine # [    9.349291] systemd[1]: Starting Load/Save Random Seed...
machine # [    9.355474] systemd[1]: Starting Create Static Device Nodes in /dev...
machine # [    9.361379] systemd[1]: Mounted FUSE Control File System.
machine # [    9.365823] systemd[1]: Mounted Kernel Configuration File System.
machine # [   10.080583] systemd-journald[379]: Received client request to flush runtime journal.
machine # [    9.589005] systemd[1]: Finished Load/Save Random Seed.
machine # [    9.593786] systemd[1]: Finished Create Static Device Nodes in /dev.
machine # [    9.598053] systemd[1]: Reached target Preparation for Local File Systems.
machine # [    9.602733] systemd[1]: Starting Rule-based Manager for Device Events and Files...
machine # [    9.607868] systemd-udevd[403]: Using default interface naming scheme 'v252'.
machine # [    9.736876] systemd-udevd[411]: Network interface NamePolicy= disabled on kernel command line.
machine # [    9.775885] systemd-udevd[417]: event_source: Failed to get device name: No such file or directory
machine # [   10.530381] input: Power Button as /devices/LNXSYSTM:00/LNXPWRBN:00/input/input3
machine # [   10.534458] ACPI: button: Power Button [PWRF]
machine # [    9.847102] systemd[1]: Finished Flush Journal to Persistent Storage.
machine # [   10.545454] mousedev: PS/2 mouse device common for all mice
machine # [    9.855014] systemd[1]: Started Rule-based Manager for Device Events and Files.
machine # [    9.863373] systemd[1]: Condition check resulted in /dev/ttyS0 being skipped.
machine # [    9.868442] systemd[1]: Condition check resulted in /dev/hvc0 being skipped.
machine # [   10.583637] parport_pc 00:03: reported by Plug and Play ACPI
machine # [   10.584593] Floppy drive(s): fd0 is 2.88M AMI BIOS
machine # [   10.587638] parport0: PC-style at 0x378, irq 7 [PCSPP(,...)]
machine # [   10.605436] FDC 0 is a S82078B
machine # [   10.607647] Linux agpgart interface v0.103
machine # [   10.611287] piix4_smbus 0000:00:01.3: SMBus Host Controller at 0x700, revision 0
machine # [   10.627850] ZFS: Loaded module v2.1.9-1, ZFS pool version 5000, ZFS filesystem version 5
machine # [   10.630983] input: QEMU Virtio Keyboard as /devices/pci0000:00/0000:00:0a.0/virtio7/input/input4
machine # [    9.947286] systemd-modules-load[380]: Inserted module 'zfs'[   10.640953] input: VirtualPS/2 VMware VMMouse as /devices/platform/i8042/serio1/input/input6
machine # 
machine # [   10.648437] input: VirtualPS/2 VMware VMMouse as /devices/platform/i8042/serio1/input/input5
machine # [   10.663995] loop: module loaded
machine # [    9.988173] systemd-modules-l[   10.679751] RAPL PMU: API unit is 2^-32 Joules, 0 fixed counters, 10737418240 ms ovfl timer
machine # oad[380]: Inserted module 'loop'
machine # [   10.013140] systemd[1]: Finished Load Kernel Modules.
machine # [   10.714663] cryptd: max_cpu_qlen set to 1000
machine # [   10.028360] systemd[1]: Starting Firewall...
machine # [   10.042049] systemd[1]: Starting Apply Kernel Variables...
machine # [   10.048800] systemd[1]: Starting Mount ZFS filesystems...
machine # [   10.747004] AVX2 version of gcm_enc/dec engaged.
machine # [   10.750791] bochs-drm 0000:00:02.0: vgaarb: deactivate vga console
machine # [   10.769944] AES CTR mode by8 optimization enabled
machine # [   10.785672] Console: switching to colour dummy device 80x25
machine # [   10.793750] [drm] Found bochs VGA, ID 0xb0c5.
machine # [   10.798622] [drm] Framebuffer size 16384 kB @ 0xfd000000, mmio @ 0xfebd0000.
machine # [   10.825787] [drm] Found EDID data blob.
machine # [   10.137011] systemd[1]: Finis[   10.828699] [drm] Initialized bochs-drm 1.0.0 20130925 for 0000:00:02.0 on minor 0
machine # hed Mount ZFS filesystems.
machine # [   10.835865] fbcon: bochs-drmdrmfb (fb0) is primary device
machine # [   10.857874] Console: switching to colour frame buffer device 160x50
machine # [   10.866479] bochs-drm 0000:00:02.0: [drm] fb0: bochs-drmdrmfb frame buffer device
machine # [   10.174105] systemd[1]: Finished Apply Kernel Variables.
machine # [   10.191300] systemd[1]: Reached target Local File Systems.
machine # [   10.196221] systemd[1]: Starting Create Volatile Files and Directories...
machine # [   10.491296] systemd[1]: Finished Create Volatile Files and Directories.
machine # [   10.589323] systemd[1]: Starting Rebuild Journal Catalog...
machine # [   10.597696] systemd[1]: Starting Userspace Out-Of-Memory (OOM) Killer...
machine # [   10.604353] systemd[1]: Starting Record System Boot/Shutdown in UTMP...
machine # [   11.302373] ppdev: user-space parallel port driver
machine # [   10.764053] systemd[1]: Finished Record System Boot/Shutdown in UTMP.
machine # [   10.790328] systemd-oomd[509]: Swap is currently not detected; memory pressure usage will be degraded
machine # [   10.880989] systemd[1]: Finished Rebuild Journal Catalog.
machine # [   10.885974] systemd[1]: Started Userspace Out-Of-Memory (OOM) Killer.
machine # [   11.003949] systemd[1]: Starting Update is Completed...
machine # [   11.083181] systemd[1]: Finished Update is Completed.
machine # [   11.886858] Key type encrypted registered
machine # [   11.916320] EDAC MC: Ver: 3.0.0
machine # [   11.266321] f4xrzmq3i4d8ywd9vz5c0kafbb83b1jq-mount-pstore.sh[387]: Persistent Storage backend was not registered in time.
machine # [   11.287180] systemd[1]: Finished mount-pstore.service.
machine # [   11.293131] systemd[1]: Platform Persistent Storage Archival was skipped because of an unmet condition check (ConditionDirectoryNotEmpty=/sys/fs/pstore).
machine # [   11.302100] systemd[1]: Reached target System Initialization.
machine # [   11.307844] systemd[1]: Started logrotate.timer.
machine # [   11.314088] systemd[1]: Started Daily Cleanup of Temporary Directories.
machine # [   11.318801] systemd[1]: Started zpool-trim.timer.
machine # [   11.322432] systemd[1]: Reached target Timer Units.
machine # [   11.326127] systemd[1]: Listening on D-Bus System Message Bus Socket.
machine # [   11.340505] systemd[1]: Listening on Nix Daemon Socket.
machine # [   11.360443] systemd[1]: Reached target Socket Units.
machine # connecting to host...
machine # [   11.364855] dhcpcd[579]: dhcpcd-9.4.1 starting
machine # [   11.376022] systemd[1]: Reached target Basic System.
machine # [   11.387762] j72arpq1dfn7q59irzji3xwljjdiq8vs-audit-disable[587]: No rules
machine # [   11.394209] dhcpcd[591]: dev: loaded udev
machine # [   11.401957] systemd[1]: Starting Kernel Auditing...
machine # [   11.410539] systemd[1]: Started backdoor.service.
machine # [   11.417875] logrotate[581]: warning: logrotate in debug mode does nothing except printing debug messages!  Consider using verbose mode (-v) instead if this is not what you want.
machine # [   11.423848] logrotate[581]: reading config file /nix/store/ysgfy4413nrn23ddins98pcrk81bmzsy-logrotate.conf
machine # [   11.429028] logrotate[581]: note: 'monthly' overrides previously specified 'weekly'
machine # [   11.429407] logrotate[581]: Reading state from file: /var/lib/logrotate.status
machine # [   11.434029] logrotate[581]: state file /var/lib/logrotate.status does not exist
machine # [   11.434999] logrotate[581]: Allocating hash table for state file, size 64 entries
machine # [   11.436755] logrotate[581]: Handling 2 logs
machine: connected to guest root shell
machine: (connecting took 12.99 seconds)
(finished: waiting for the VM to finish booting, in 13.01 seconds)
machine # [   11.444257] logrotate[581]: rotating pattern: "/var/log/btmp"  monthly (1 rotations)
machine # [   11.446993] logrotate[581]: empty log files are not rotated, only log files >= 1048576 bytes are rotated, old logs are removed
machine # [   11.454193] logrotate[581]: considering log /var/log/btmp
machine # [   11.457901] logrotate[581]: Creating new state
machine # [   11.458521] logrotate[581]:   Now: 2023-03-09 06:01
machine # [   11.459221] logrotate[581]:   Last rotated at 2023-03-09 06:00
machine # [   11.461889] logrotate[581]:   log does not need rotating (log has already been rotated)
machine # [   11.462895] logrotate[581]: rotating pattern: "/var/log/wtmp"  monthly (1 rotations)
machine # [   11.463387] logrotate[581]: empty log files are not rotated, only log files >= 1048576 bytes are rotated, old logs are removed
machine # [   11.465974] logrotate[581]: considering log /var/log/wtmp
machine # [   11.466996] logrotate[581]: Creating new state
machine # [   11.467808] logrotate[581]:   Now: 2023-03-09 06:01
machine # [   11.469946] logrotate[581]:   Last rotated at 2023-03-09 06:00
machine # [   11.470911] logrotate[581]:   log does not need rotating (log has already been rotated)
machine # [   11.471931] systemd[1]: Starting DHCP Client...
machine # [   11.476240] systemd[1]: Starting Logrotate configuration check...
machine # [   11.482054] systemd[1]: Starting Name Service Cache Daemon (nsncd)...
machine # [   11.488367] systemd[1]: Started Reset console on configuration changes.
machine # sh: cannot set terminal process group (-1): Inappropriate ioctl for device
machine # [   11.496008] systemd[1]: Starting resolvconf update...
machine # sh: no job control in this shell
machine # [   12.241567] 8021q: 802.1Q VLAN Support v1.8
machine # [   11.556963] nsncd[582]: Mar 09 06:01:14.394 INFO started, handoff_timeout: 3s, worker_count: 8, path: "/var/run/nscd/socket"
machine # [   11.565008] zed[588]: ZFS Event Daemon 2.1.9-1 (PID 588)
machine # [   11.571314] zed[588]: Processing events since eid=0
machine # [   11.578206] systemd[1]: Starting ZFS file system shares...
(finished: must succeed: echo hello, in 13.11 seconds)
(finished: subtest: Assert readiness of login prompt, in 13.11 seconds)
subtest: Wait for hard disks to appear in /dev
machine: must succeed: udevadm settle
machine # [   11.584246] systemd[1]: Started ZFS Event Daemon (zed).
machine # [   11.591250] systemd[1]: Finished Logrotate configuration check.
machine # [   11.597137] systemd[1]: Finished Kernel Auditing.
machine # [   11.601806] systemd[1]: Starting D-Bus System Message Bus...
machine # [   11.607783] systemd[1]: Started Name Service Cache Daemon (nsncd).
machine # [   11.614506] systemd[1]: Finished ZFS file system shares.
machine # [   11.620502] systemd[1]: Reached target Host and Network Name Lookups.
machine # [   11.626331] systemd[1]: Reached target User and Group Name Lookups.
machine # [   11.631430] systemd[1]: Reached target ZFS startup target.
machine # [   11.638071] systemd[1]: Starting User Login Management...
machine # [   11.643857] systemd[1]: Stopped target Host and Network Name Lookups.
machine # [   11.650880] systemd[1]: Stopping Host and Network Name Lookups...
machine # [   11.657354] systemd[1]: Stopped target User and Group Name Lookups.
machine # [   11.663522] systemd[1]: Stopping User and Group Name Lookups...
machine # [   11.670371] systemd[1]: Stopping Name Service Cache Daemon (nsncd)...
machine # [   11.673442] systemd[1]: nscd.service: Deactivated successfully.
machine # [   11.680932] systemd[1]: Stopped Name Service Cache Daemon (nsncd).
machine # [   11.686216] systemd[1]: Listening on Load/Save RF Kill Switch Status /dev/rfkill Watch.
machine # [   11.692047] systemd[1]: Starting Name Service Cache Daemon (nsncd)...
machine # [   11.713322] dbus-daemon[604]: dbus[604]: Unknown username "systemd-timesync" in message bus configuration file
machine # [   11.719059] nsncd[663]: Mar 09 06:01:14.660 INFO started, handoff_timeout: 3s, worker_count: 8, path: "/var/run/nscd/socket"
machine # [   11.732468] systemd-logind[649]: New seat seat0.
machine # [   11.743985] systemd-logind[649]: Watching system buttons on /dev/input/event2 (Power Button)
machine # [   11.750373] systemd-logind[649]: Watching system buttons on /dev/input/event3 (QEMU Virtio Keyboard)
machine # [   11.754247] systemd-logind[649]: Watching system buttons on /dev/input/event0 (AT Translated Set 2 keyboard)
machine # [   11.786787] systemd[1]: Finished resolvconf update.
machine # [   11.790160] systemd[1]: Started Name Service Cache Daemon (nsncd).
machine # [   11.793272] systemd[1]: Reached target Host and Network Name Lookups.
machine # [   11.799132] systemd[1]: Reached target User and Group Name Lookups.
machine # [   11.833209] systemd[1]: Started D-Bus System Message Bus.
machine # [   11.840219] dbus-daemon[604]: [system] Successfully activated service 'org.freedesktop.systemd1'
machine # [   11.843479] systemd[1]: Started User Login Management.
machine # [   12.853822] cfg80211: Loading compiled-in X.509 certificates for regulatory database
machine # [   12.906044] cfg80211: Loaded X.509 cert 'sforshee: 00b28ddf47aef9cea7'
machine # [   13.021941] 8021q: adding VLAN 0 to HW filter on device eth0
machine # [   12.335524] dhcpcd[591]: eth0: waiting for carrier
machine # [   12.337848] dhcpcd[591]: eth0: carrier acquired
machine # [   12.360282] dhcpcd[591]: DUID 00:01:00:01:2b:9c:32:ab:52:54:00:12:34:56
machine # [   12.364932] dhcpcd[591]: eth0: IAID 00:12:34:56
machine # [   12.368232] dhcpcd[591]: eth0: adding address fe80::5054:ff:fe12:3456
machine # [   12.714219] systemd[1]: Finished Firewall.
machine # [   12.717774] systemd[1]: Reached target Preparation for Network.
machine # [   12.721942] systemd[1]: Reached target All Network Interfaces (deprecated).
machine # [   12.742017] systemd[1]: Starting Networking Setup...
machine # [   12.836829] dhcpcd[591]: eth0: soliciting an IPv6 router
machine # [   12.932854] systemd[1]: Finished Networking Setup.
machine # [   12.959970] systemd[1]: Starting Extra networking commands....
machine # [   12.991898] systemd[1]: Finished Extra networking commands..
machine # [   12.995983] systemd[1]: Reached target Network.
(finished: must succeed: udevadm settle, in 1.43 seconds)
(finished: subtest: Wait for hard disks to appear in /dev, in 1.43 seconds)
machine: must succeed: flock /dev/vda parted --script /dev/vda -- mklabel msdos mkpart primary linux-swap 1M 1024M mkpart primary ext2 1024M -1s
machine # [   13.015884] systemd[1]: Starting SSH Daemon...
machine # [   13.020061] systemd[1]: Starting Permit User Sessions...
machine # [   13.082135] systemd[1]: Finished Permit User Sessions.
machine # [   13.106221] systemd[1]: Started Getty on tty1.
machine # [   13.109351] systemd[1]: Reached target Login Prompts.
(finished: must succeed: flock /dev/vda parted --script /dev/vda -- mklabel msdos mkpart primary linux-swap 1M 1024M mkpart primary ext2 1024M -1s, in 0.16 seconds)
machine: must succeed: udevadm settle
(finished: must succeed: udevadm settle, in 0.15 seconds)
machine: must succeed: mkswap /dev/vda1 -L swap
(finished: must succeed: mkswap /dev/vda1 -L swap, in 0.06 seconds)
machine: must succeed: swapon -L swap
machine # [   14.113023] Adding 999420k swap on /dev/vda1.  Priority:-2 extents:1 across:999420k FS
(finished: must succeed: swapon -L swap, in 0.05 seconds)
machine: must succeed: mkfs.ext3 -L nixos /dev/vda2
machine # [   13.472968] dhcpcd[591]: eth0: soliciting a DHCP lease
machine # mke2fs 1.46.5 (30-Dec-2021)
machine # [   14.184573] NET: Registered PF_PACKET protocol family
machine # [   13.508846] dhcpcd[591]: eth0: offered 10.0.2.15 from 10.0.2.2
machine # [   13.512894] dhcpcd[591]: eth0: leased 10.0.2.15 for 86400 seconds
machine # [   13.517180] dhcpcd[591]: eth0: adding route to 10.0.2.0/24
machine # [   13.521061] dhcpcd[591]: eth0: adding default route via 10.0.2.2
machine # [   13.682901] systemd[1]: Stopped target Host and Network Name Lookups.
machine # [   13.685229] systemd[1]: Stopping Host and Network Name Lookups...
machine # [   13.690429] systemd[1]: Stopped target User and Group Name Lookups.
machine # [   13.695090] systemd[1]: Stopping User and Group Name Lookups...
machine # [   13.698765] systemd[1]: Stopping Name Service Cache Daemon (nsncd)...
machine # [   13.701322] systemd[1]: nscd.service: Deactivated successfully.
machine # [   13.716989] systemd[1]: Stopped Name Service Cache Daemon (nsncd).
machine # [   13.735976] systemd[1]: Starting Name Service Cache Daemon (nsncd)...
machine # [   13.771224] nsncd[854]: Mar 09 06:01:16.714 INFO started, handoff_timeout: 3s, worker_count: 8, path: "/var/run/nscd/socket"
machine # [   13.774286] systemd[1]: Started Name Service Cache Daemon (nsncd).
machine # [   13.778425] systemd[1]: Reached target Host and Network Name Lookups.
machine # [   13.783190] dhcpcd[579]: Failed to reload-or-try-restart ntpd.service: Unit ntpd.service not found.
machine # [   13.787466] dhcpcd[579]: Failed to reload-or-try-restart openntpd.service: Unit openntpd.service not found.
machine # [   13.791045] dhcpcd[579]: Failed to reload-or-try-restart chronyd.service: Unit chronyd.service not found.
machine # [   13.791859] systemd[1]: Reached target User and Group Name Lookups.
machine # [   13.792974] systemd[1]: Started DHCP Client.
machine # [   13.795107] systemd[1]: Reached target Network is Online.
machine # [   13.831259] dhcpcd[591]: eth0: Router Advertisement from fe80::2
machine # [   13.834212] dhcpcd[591]: eth0: adding address fec0::5054:ff:fe12:3456/64
machine # [   13.837275] dhcpcd[591]: eth0: adding route to fec0::/64
machine # [   13.839253] dhcpcd[591]: eth0: adding default route via fe80::2
(finished: must succeed: mkfs.ext3 -L nixos /dev/vda2, in 0.42 seconds)
machine: must succeed: mount LABEL=nixos /mnt
machine # [   14.587076] EXT4-fs (vda2): mounting ext3 file system using the ext4 subsystem
machine # [   14.603599] EXT4-fs (vda2): mounted filesystem with ordered data mode. Quota mode: none.
(finished: must succeed: mount LABEL=nixos /mnt, in 0.07 seconds)
subtest: Create the NixOS configuration
machine: must succeed: nixos-generate-config --root /mnt
machine # writing /mnt/etc/nixos/hardware-configuration.nix...
machine # writing /mnt/etc/nixos/configuration.nix...
machine # For more hardware-specific settings, see https://github.com/NixOS/nixos-hardware.
(finished: must succeed: nixos-generate-config --root /mnt, in 0.66 seconds)
machine: must succeed: cat /mnt/etc/nixos/hardware-configuration.nix >&2
machine # # Do not modify this file!  It was generated by nixos-generate-config
machine # # and may be overwritten by future invocations.  Please make changes
machine # # to /etc/nixos/configuration.nix instead.
machine # { config, lib, pkgs, modulesPath, ... }:
machine # 
machine # {
machine #   imports =
machine #     [ (modulesPath + "/profiles/qemu-guest.nix")
machine #     ];
machine # 
machine #   boot.initrd.availableKernelModules = [ "ata_piix" "uhci_hcd" "virtio_pci" "floppy" "sr_mod" "virtio_blk" ];
machine #   boot.initrd.kernelModules = [ ];
machine #   boot.kernelModules = [ "kvm-intel" ];
machine #   boot.extraModulePackages = [ ];
machine # 
machine #   fileSystems."/" =
machine #     { device = "/dev/disk/by-uuid/603fc5fa-d4c6-45af-b838-fc90fcc45152";
machine #       fsType = "ext3";
machine #     };
machine # 
machine #   swapDevices =
machine #     [ { device = "/dev/disk/by-uuid/48f00688-a06a-4ead-a083-2eab5d0c8f3b"; }
machine #     ];
machine # 
machine #   # Enables DHCP on each ethernet and wireless interface. In case of scripted networking
machine #   # (the default) this is the recommended approach. When using systemd-networkd it's
machine #   # still possible to use this option, but it's recommended to use it in conjunction
machine #   # with explicit per-interface declarations with `networking.interfaces.<interface>.useDHCP`.
machine #   networking.useDHCP = lib.mkDefault true;
machine #   # networking.interfaces.eth0.useDHCP = lib.mkDefault true;
machine # 
machine #   nixpkgs.hostPlatform = lib.mkDefault "x86_64-linux";
machine #   hardware.cpu.intel.updateMicrocode = lib.mkDefault config.hardware.enableRedistributableFirmware;
machine # }
(finished: must succeed: cat /mnt/etc/nixos/hardware-configuration.nix >&2, in 0.10 seconds)
machine: must succeed: mkdir -p /tmp/shared/tmpoogb5htw
(finished: must succeed: mkdir -p /tmp/shared/tmpoogb5htw, in 0.05 seconds)
machine: must succeed: mkdir -p /mnt/etc/nixos
(finished: must succeed: mkdir -p /mnt/etc/nixos, in 0.04 seconds)
machine: must succeed: cp -r /tmp/shared/tmpoogb5htw/93sylpkwlw57w2vsq6shrcrymfyj1rsj-configuration.nix /mnt/etc/nixos/configuration.nix
(finished: must succeed: cp -r /tmp/shared/tmpoogb5htw/93sylpkwlw57w2vsq6shrcrymfyj1rsj-configuration.nix /mnt/etc/nixos/configuration.nix, in 0.05 seconds)
machine: must succeed: mkdir -p /tmp/shared/tmpsk6a1348
(finished: must succeed: mkdir -p /tmp/shared/tmpsk6a1348, in 0.05 seconds)
machine: must succeed: mkdir -p /mnt/etc/nixos
(finished: must succeed: mkdir -p /mnt/etc/nixos, in 0.04 seconds)
machine: must succeed: cp -r /tmp/shared/tmpsk6a1348/kfx27q2scxy6aqrg0z7jsqz13bv22x27-secret /mnt/etc/nixos/secret
(finished: must succeed: cp -r /tmp/shared/tmpsk6a1348/kfx27q2scxy6aqrg0z7jsqz13bv22x27-secret /mnt/etc/nixos/secret, in 0.05 seconds)
(finished: subtest: Create the NixOS configuration, in 1.05 seconds)
subtest: Perform the installation
machine: must succeed: nixos-install < /dev/null >&2
machine # [   15.155282] sshd-pre-start[782]: Generating public/private rsa key pair.
machine # [   15.159376] sshd-pre-start[782]: Your identification has been saved in /etc/ssh/ssh_host_rsa_key
machine # [   15.163852] sshd-pre-start[782]: Your public key has been saved in /etc/ssh/ssh_host_rsa_key.pub
machine # [   15.165006] sshd-pre-start[782]: The key fingerprint is:
machine # [   15.165462] sshd-pre-start[782]: SHA256:sm6jAAkmceyddPqUtBba72rmbdPlZ3f7nDML5G37yaA root@machine
machine # [   15.167973] sshd-pre-start[782]: The key's randomart image is:
machine # [   15.169031] sshd-pre-start[782]: +---[RSA 4096]----+
machine # [   15.171820] sshd-pre-start[782]: |...              |
machine # [   15.172337] sshd-pre-start[782]: | o. . +          |
machine # [   15.175005] sshd-pre-start[782]: |oo o B +         |
machine # [   15.175413] sshd-pre-start[782]: |+.. = *          |
machine # [   15.177056] sshd-pre-start[782]: |o    +..S    .   |
machine # [   15.177848] sshd-pre-start[782]: | .    .o.   + .  |
machine # [   15.178352] sshd-pre-start[782]: |  .   .. . o + o |
machine # [   15.181269] sshd-pre-start[782]: |   . .=.+ . o B+*|
machine # [   15.184254] sshd-pre-start[782]: |    .*++.. E o O%|
machine # [   15.189869] sshd-pre-start[782]: +----[SHA256]-----+
machine # [   15.226414] sshd-pre-start[937]: Generating public/private ed25519 key pair.
machine # [   15.229849] sshd-pre-start[937]: Your identification has been saved in /etc/ssh/ssh_host_ed25519_key
machine # [   15.233318] sshd-pre-start[937]: Your public key has been saved in /etc/ssh/ssh_host_ed25519_key.pub
machine # [   15.236855] sshd-pre-start[937]: The key fingerprint is:
machine # [   15.237369] sshd-pre-start[937]: SHA256:fDlPO1uZtZuQRNaGzoW7wAYHNASlPWRnqp5feYCy6Mc root@machine
machine # [   15.239019] sshd-pre-start[937]: The key's randomart image is:
machine # [   15.239371] sshd-pre-start[937]: +--[ED25519 256]--+
machine # [   15.241841] sshd-pre-start[937]: |       .=O o     |
machine # [   15.242363] sshd-pre-start[937]: |        = *   +  |
machine # [   15.244053] sshd-pre-start[937]: |       . = . = + |
machine # [   15.244791] sshd-pre-start[937]: |       .. *.= +  |
machine # [   15.245397] sshd-pre-start[937]: |       oS.+=.=  .|
machine # [   15.247797] sshd-pre-start[937]: |      o +..+=.o+.|
machine # [   15.248279] sshd-pre-start[937]: |     ..+   o+=+. |
machine # [   15.249974] sshd-pre-start[937]: |    .  E. . .+. o|
machine # [   15.250452] sshd-pre-start[937]: |     ..  .  .  o |
machine # [   15.252710] sshd-pre-start[937]: +----[SHA256]-----+
machine # copying channel...
machine # [   15.300147] systemd[1]: Started SSH Daemon.
machine # [   15.304100] systemd[1]: Reached target Multi-User System.
machine # [   15.307850] systemd[1]: Startup finished in 1.580s (kernel) + 5.438s (initrd) + 8.283s (userspace) = 15.303s.
machine # [   15.353944] sshd[938]: Server listening on 0.0.0.0 port 22.
machine # [   15.358384] sshd[938]: Server listening on :: port 22.
machine # [   15.427893] login[783]: pam_unix(login:session): session opened for user nixos(uid=1000) by LOGIN(uid=0)
machine # [   15.492778] systemd[1]: Created slice Slice /user/1000.
machine # [   15.496357] systemd[1]: Starting User Runtime Directory /run/user/1000...
machine # [   15.505249] systemd-logind[649]: New session 1 of user nixos.
machine # [   15.587260] systemd[1]: Finished User Runtime Directory /run/user/1000.
machine # [   15.615169] systemd[1]: Starting User Manager for UID 1000...
machine # [   15.651874] systemd[943]: pam_unix(systemd-user:session): session opened for user nixos(uid=1000) by (uid=0)
machine # [   16.137156] systemd[943]: Queued start job for default target Main User Target.
machine # [   16.159863] systemd[943]: Created slice User Application Slice.
machine # [   16.165043] systemd[943]: Reached target Paths.
machine # [   16.169768] systemd[943]: Reached target Timers.
machine # [   16.172359] systemd[943]: Starting D-Bus User Message Bus Socket...
machine # [   16.226949] systemd[943]: Listening on D-Bus User Message Bus Socket.
machine # [   16.232033] systemd[943]: Reached target Sockets.
machine # [   16.235734] systemd[943]: Reached target Basic System.
machine # [   16.238459] systemd[1]: Started User Manager for UID 1000.
machine # [   16.252914] systemd[943]: Starting Run user-specific NixOS activation...
machine # [   16.258284] systemd[1]: Started Session 1 of User nixos.
machine # [   16.274128] systemd[943]: Finished Run user-specific NixOS activation.
machine # [   16.277308] systemd[943]: Reached target Main User Target.
machine # [   16.280396] systemd[943]: Startup finished in 572ms.
machine # building the configuration in /mnt/etc/nixos/configuration.nix...
machine # these 260 derivations will be built:
machine #   /nix/store/01azjqnkv7yyrg282wdl65lngf855vbz-audit-disable.drv
machine #   /nix/store/w6fqwsi0by5ajj93m56nj7h3rq887n2m-unit-script-network-local-commands-start.drv
machine #   /nix/store/02kdz66wk077xz9hhq35m4vix7ga3yfm-unit-network-local-commands.service.drv
machine #   /nix/store/cqpk8wj5b6bkfzgp71w3w8ra428q3inq-mount-pstore.sh.drv
machine #   /nix/store/07j4zyfljazak1jcikwl1qh6xk78bq4f-unit-mount-pstore.service.drv
machine #   /nix/store/09m9hpvj9wz0sccy3z6pcb7r6jr4yr50-vlock.pam.drv
machine #   /nix/store/0liw0z9kxsd59v8iadpgph4j3rv8v5mm-etc-fstab.drv
machine #   /nix/store/0mlsiflzszygyxb17f0l7pabb1f06vkv-initrd-shadow.drv
machine #   /nix/store/12l5cd0aywmapdcrpx7iizj74ia64hfn-other.pam.drv
machine #   /nix/store/133raxrib512vsznnqw3i8l3il7s0ca0-chfn.pam.drv
machine #   /nix/store/1bygfchgc9fwkhmwdxkyvf4yav1nnmdy-etc-logind.conf.drv
machine #   /nix/store/2vh2wgg28jk8j69jkbc4cnhlp7i2b1ph-builder.pl.drv
machine #   /nix/store/7043vvxwq7gg962pmrzr0yxx93z01zw8-die-hook.drv
machine #   /nix/store/q5ynfl04kpa2hj470a7has6932cyhy8c-make-shell-wrapper-hook.drv
machine #   /nix/store/j8nhvc738064lg4n49gfk7yf1q25bjjz-perl-5.36.0-env.drv
machine #   /nix/store/klqvg9vv5zbk8fqx7w4ykm0m81mk58fs-grub-config.xml.drv
machine #   /nix/store/s5qx2ky1pbjazpgkqhnzaj3b8p8s4shx-install-grub.pl.drv
machine #   /nix/store/1cdqrsqskk3n3fykyp49w832l726rln9-install-grub.sh.drv
machine #   /nix/store/4l9b9bv6zdgjhi5cd4r3l1lbzvm83992-extra-hwdb-file.drv
machine #   /nix/store/b0fchk8yv6da2zqwn5b7q8i39xmap3vv-ipv6-privacy-extensions.rules.drv
machine #   /nix/store/cny9vqxh7i7cx92pcfjxmhcx5ymrs5zx-ipv6-privacy-extensions.rules.drv
machine #   /nix/store/rnf84p4l27da1rz7xz2cdbbf2aykvm6q-extra-udev-rules.drv
machine #   /nix/store/1cn3jx9977m8r4j1lha8ai6ir718kbll-hwdb.bin.drv
machine #   /nix/store/1hcw5179k1z9958difk7kw1ib57igm0y-locale.conf.drv
machine #   /nix/store/2qvzqpb2kp24y0qrs4wx5q3d2wi49bzq-extra-hosts.drv
machine #   /nix/store/7y5r99l0rpcmj3pnihfhnzgypxin1mls-localhost-hosts.drv
machine #   /nix/store/f31s46w2wscpbdmlgsarlrn5vh9qg4rf-string-hosts.drv
machine #   /nix/store/1jp6sm62ijhpdl88q41c65mmdqkw4p1c-hosts.drv
machine #   /nix/store/1p6y3swzp8b0cxlq8sj6a9pc8vbbsh1m-perl-5.36.0-env.drv
machine #   /nix/store/1z93h2kdixizkhrsywi53xyf4ah544db-unit-initrd.target.drv
machine #   /nix/store/21rf5jl2ly29s216kmba6cy5k24m3mm0-systemd-default-tmpfiles.drv
machine #   /nix/store/lpicmgqx2m6nqql6379zd4gvgkfplcv2-unit-script-nix-gc-start.drv
machine #   /nix/store/26agmd744p34p44yf2yxp406p489m6qc-unit-nix-gc.service.drv
machine #   /nix/store/cx73g2b8licbpkc7xswvc07v91q9fxwf-etc-journald.conf.drv
machine #   /nix/store/28f26zzvi9qlr4kgb357fw3lgjc0nj5f-unit-systemd-journald.service.drv
machine #   /nix/store/rvrkm2fysv2d7qanlb5dd7navgzgprgv-firmware.drv
machine #   /nix/store/28gs5pp763zb5212qs1lccywxa9a7m9r-etc-firmware.conf.drv
machine #   /nix/store/fas1z8xiv6v16qj5i73pbh3rz00mnzgl-unit-script-post-resume-start.drv
machine #   /nix/store/2am2zfjd8jhacqmd85rfwgrw9m07gbkq-unit-post-resume.service.drv
machine #   /nix/store/2d51dngi1bkr1vk2xqcbbn1iaklb2js0-etc-lsb-release.drv
machine #   /nix/store/lg54ia805pjw8y5f3bzjgbpkq38lvfii-etc-60-nixos.conf.drv
machine #   /nix/store/2hqv5cv9lzq802h7sh3b5jipy0qhby0r-unit-systemd-sysctl.service.drv
machine #   /nix/store/2iiaqy2pldh76l4psawwx1k12nm8nll5-client.conf.drv
machine #   /nix/store/h6cr5svyrkwd6jrz6jkl9k5xlh1lx5s8-nixos-container.drv
machine #   /nix/store/3515wj4bl0wzq6pcvsza488c08054wj9-reload-container.drv
machine #   /nix/store/38pzimacgnxgxxss9ya1sfzwqx1hz3ka-unit-nscd.service.drv
machine #   /nix/store/ppw8c959nc40dilh2rdzhpqypmjbsdvn-udev-path.drv
machine #   /nix/store/3bsvm4g2wx7pvsnxkbfh9875fvw8ffmh-udev-rules.drv
machine #   /nix/store/3hk02pa22lpcfbnk5wsrwaz1a8lz2v5z-unit-run-initramfs.mount.drv
machine #   /nix/store/3ka0rdwjg8pg61mfvgsml43x9bb5px7k-dhcpcd.conf.drv
machine #   /nix/store/vls3wp5snqixkrhns1758a5siimbd2p5-unit-script-network-setup-start.drv
machine #   /nix/store/3km6vrhb5q7aid3h3rv9mk590bs0ry65-unit-network-setup.service.drv
machine #   /nix/store/3lwzrzmark7qwfqhng7rnmiwr7niax6f-etc-lvm.conf.drv
machine #   /nix/store/3n2pzmshjzpsq9pa0adbqa0x60r6m4js-unit-systemd-journal-flush.service.drv
machine #   /nix/store/njll11mhvzfbbd4a5nngc05gzxadym28-unit-script-pre-sleep-start.drv
machine #   /nix/store/3vg1q5sa5andq61sa2halyzzc4im6x68-unit-pre-sleep.service.drv
machine #   /nix/store/3y5bmg0b8dlfk078gs8lmwxp3d06h011-etc-nixos.conf.drv
machine #   /nix/store/44k3k8ywygaz0mzna4v6x7grkvac3jh1-unit-script-container_-post-start.drv
machine #   /nix/store/467xgd1snkyp717h2xqqvv1dn8pahv21-unit-systemd-journal-gatewayd.socket.drv
machine #   /nix/store/9f1q1mgbdxrak8rwvq77vkcnwhmyrnab-nixos-tmpfiles.d.drv
machine #   /nix/store/47lprrwx1mayv2frajmycqmxvvzz03vf-tmpfiles.d.drv
machine #   /nix/store/48sc1j9rrx88248d36ysh844wk6slvjz-unit-network-interfaces.target.drv
machine #   /nix/store/4i6skz3f0i7fkjvbckn0yypjai1gybnq-unit-systemd-logind.service.drv
machine #   /nix/store/50g6ab9yvk8qxy4i271l70s9gd4sijbj-perl-5.36.0-env.drv
machine #   /nix/store/rkvlw69wqbf1j748l76ck96zqpri02qy-perl-5.36.0-env.drv
machine #   /nix/store/5b3yyj3kjjqc9f0hlqmqnwy5agd3r366-command-not-found.drv
machine #   /nix/store/5cddimz68sbi00rndp86d516ygf0cqkj-unit-script-panic-on-fail-start.drv
machine #   /nix/store/5fdq6k4v0wqn83984634ng98l9h1fgc7-etc-user.conf.drv
machine #   /nix/store/5hfvzf3qf8b8rh8kfx28csbhips0vvqp-i3lock-color.pam.drv
machine #   /nix/store/646mb6ghgyzjhjjldsjphxdbid60ijzv-initrd-journald.conf.drv
machine #   /nix/store/9apgwzaqqbn3sssvn57g48f5ssdlwm9x-initrd-system.conf.drv
machine #   /nix/store/bk95hzws46l1q98jgy85p2rfb49w5j7z-unit-script-initrd-nixos-copy-secrets-start.drv
machine #   /nix/store/99pwvj1zf04kvs03h8c7j1rdg22hvjq8-dummy.drv
machine #   /nix/store/xvcnbmxm6s34gpp846brshf0362s4s1y-unit-script-initrd-nixos-activation-start.drv
machine #   /nix/store/kidhbd2rhp26bnrd5xv3wp2qglxnax2f-unit-initrd-nixos-activation.service.drv
machine #   /nix/store/qgx89qsrxz788my6igqfq8mxpj8yn2ak-unit-panic-on-fail.service.drv
machine #   /nix/store/spmmh149iha7gda2ajzd4ny4yiqhfq8z-unit-systemd-tmpfiles-setup-dev.service.drv
machine #   /nix/store/sx53dsbd1zmkkyxlhzlbrf31ixx3i7s1-unit-initrd-switch-root.service.drv
machine #   /nix/store/y5vcgvm0mm7lhkmam8ywbffnyj08zk94-unit-initrd-nixos-copy-secrets.service.drv
machine #   /nix/store/fnm6l6p1g7rpcqqmnk4jh5zy699x9581-initrd-units.drv
machine #   /nix/store/ikhx7ijcq6b1jms65ssz96x4qx93fs00-initrd-release.drv
machine #   /nix/store/mnzs9mb9f5pd5kixlx490gn8xdskr73a-initrd-fstab.drv
machine #   /nix/store/mz9msxm6l1pw529xrzrx0alp18qjd422-initrd-kmod-blacklist-ubuntu.drv
machine #   /nix/store/h0cf0h0qmpf396ymjb2j3j16q1vdgqj5-initrd-udev-rules.drv
machine #   /nix/store/h1wj7bz6x5k3c7s28hvk35llwfg5884q-initrd-udev-rules.drv
machine #   /nix/store/xkdilj87kn03fxn82hh42q0qz2bc1gx4-initrd-bin-env.drv
machine #   /nix/store/pwx1fzsnyi4k5h47ivn5hg9pd3si49vc-initrd-udev-rules.drv
machine #   /nix/store/rb0715m8amvlzbaanshqgyiazfmp6p28-vconsole.conf.drv
machine #   /nix/store/vbz8nhd604jwd7ifvcigys42bwmfzz05-initrd-nixos.conf.drv
machine #   /nix/store/7bq6lx9862c11ay4hc7v2jhz5y0ypilk-linux-6.1.15-modules.drv
machine #   /nix/store/w50fjv08waapjpi79vq4mm8kls87xyzx-nuke-references.drv
machine #   /nix/store/vqm9yw9dhpqybrw81w1jxn4y66d4ap9i-linux-6.1.15-modules-shrunk.drv
machine #   /nix/store/9s04dksv3g5p64lx1n3yp7c6frqak521-nsswitch.conf.drv
machine #   /nix/store/g55y500w7pvzsagzypv3b2jr27wgxg9c-group.drv
machine #   /nix/store/q3s43wdp4bms5cg7zkf0xikf3sarpa8h-passwd.drv
machine #   /nix/store/znsbx85h8xk8lp4vhz9bpn6frjs1jqbz-var-empty.drv
machine #   /nix/store/wrld9kvd6sy6svvzgbczklxj5p2y97fz-fake-nss.drv
machine #   /nix/store/ygm83hf2j99lw3hh1f3qd39p0rkl2d4p-console-env.drv
machine #   /nix/store/yjm8f74jm136kysl1m30rv15d70f5x5m-initrd-nixos.conf.drv
machine #   /nix/store/zxbnxgiklpm53ya6slv3c3zvn3nlnkla-initrd-link-units.drv
machine #   /nix/store/5nzzirkg62dns7ckmkrfg4q73f4smarm-initrd-linux-6.1.15.drv
machine #   /nix/store/8v344qfmmjzsafdn378yr7abnw7jl39f-perl-5.36.0-env.drv
machine #   /nix/store/97lny9a4n1k3z79skkgc3h28jmxvbmb4-users-groups.json.drv
machine #   /nix/store/ci6vlnq7ssp9y5y32crhdwyrcg3qrx0q-kernel-modules.drv
machine #   /nix/store/d2wayhbqyr2h6xb9p6v5sgrbpg92v81c-ensure-all-wrappers-paths-exist.drv
machine #   /nix/store/pypzw4rka2bkak2aqp89lb16v9xf9q4m-local-cmds.drv
machine #   /nix/store/qcxa9b6n5yaxhwyv7lgnidj92liwkd96-mounts.sh.drv
machine #   /nix/store/f5y797cjnhn333556izjadbs3l9bzr3m-stage-2-init.sh.drv
machine #   /nix/store/812dnvaska9ziwchqn99kgddy2b6986v-nixos-rebuild.drv
machine #   /nix/store/arwl9cswf7x65il3m9lgv8g4xnsxsixs-nixos-enter.drv
machine #   /nix/store/b0nzimqaan68ql685s24dhbcfbb713qm-getconf-glibc-2.35-224.drv
machine #   /nix/store/c93v04fzv5bvgjy7s0z7j733ymxsz809-nixos-generate-config.drv
machine #   /nix/store/dy6l8fmx164ps3nz3xlhwvx6qa118yqi-nixos-build-vms.drv
machine #   /nix/store/gfjpig7i2s6m74scdlp7p0mcmi9rv89y-nixos-install.drv
machine #   /nix/store/nx9dkia8328rf31yb4piiw0p7k32gz91-nixos-version.drv
machine #   /nix/store/p95bv8if1yvvrz4n8mchd3ij857a430x-system-path.drv
machine #   /nix/store/5p9z1kqg8w580y9jd095jb8fya4nxahy-i3lock.pam.drv
machine #   /nix/store/s5p8k8mc6jpk6aicxqa6j2lrq1d15dqq-desktops.drv
machine #   /nix/store/6anv7qkzxix37n3b7g6vma87knh7332m-etc-environment.drv
machine #   /nix/store/84xhi1r2xvw96628viyx3jcmv7pr6ymp-xlock.pam.drv
machine #   /nix/store/8fpa3d4vc07xszvx48cjggk3v4l746hl-xscreensaver.pam.drv
machine #   /nix/store/8hahv02ympkl6966nnq3l5r7z35fkbip-systemd-user.pam.drv
