building '/nix/store/3qqrp66ckpwnnwf727fxh72sjl7a09dp-vm-test-run-installer-simple.drv'...
Machine state will be reset. To keep it, pass --keep-vm-state
start all VLans
(finished: start all VLans, in 0.00 seconds)
run the VM test script
additionally exposed symbols:
    machine,
    ,
    start_all, test_script, machines, vlans, driver, log, os, create_machine, subtest, run_tests, join_all, retry, serial_stdout_off, serial_stdout_on, polling_condition, Machine
machine: starting vm
machine # Formatting '/build/vm-state-machine/machine.qcow2', fmt=qcow2 cluster_size=65536 extended_l2=off compression_type=zlib size=8589934592 lazy_refcounts=off refcount_bits=16
machine # Formatting 'empty0.qcow2', fmt=qcow2 cluster_size=65536 extended_l2=off compression_type=zlib size=536870912 lazy_refcounts=off refcount_bits=16
machine: QEMU running (pid 7)
subtest: Assert readiness of login prompt
machine: must succeed: echo hello
machine: waiting for the VM to finish booting
machine # cSeaBIOS (version rel-1.16.1-0-g3208b098f51a-prebuilt.qemu.org)
machine # 
machine # 
machine # iPXE (http://ipxe.org) 00:03.0 CA00 PCI2.10 PnP PMM+5EFD0C20+5EF30C20 CA00
machine # Press Ctrl-B to configure iPXE (PCI 00:03.0)...
machine # 
machine # 
machine # Booting from ROM...
machine # Probing EDD (edd=off to disable)... ok
machine # c[    0.000000] Linux version 6.1.15 (nixbld@localhost) (gcc (GCC) 12.2.0, GNU ld (GNU Binutils) 2.40) #1-NixOS SMP PREEMPT_DYNAMIC Fri Mar  3 10:52:25 UTC 2023
machine # [    0.000000] Command line: console=ttyS0 panic=1 boot.panic_on_fail clock=acpi_pm nohibernate loglevel=7 net.ifnames=0 init=/nix/store/5c852c4xk9z2z411395a3j9b5zj08smp-nixos-system-machine-23.05pre-git/init regInfo=/nix/store/jsnxxhfqkvcaxjbiyrzhalhl93p685zh-closure-info/registration console=ttyS0
machine # [    0.000000] x86/fpu: Supporting XSAVE feature 0x001: 'x87 floating point registers'
machine # [    0.000000] x86/fpu: Supporting XSAVE feature 0x002: 'SSE registers'
machine # [    0.000000] x86/fpu: Supporting XSAVE feature 0x004: 'AVX registers'
machine # [    0.000000] x86/fpu: Supporting XSAVE feature 0x008: 'MPX bounds registers'
machine # [    0.000000] x86/fpu: Supporting XSAVE feature 0x010: 'MPX CSR'
machine # [    0.000000] x86/fpu: Supporting XSAVE feature 0x020: 'AVX-512 opmask'
machine # [    0.000000] x86/fpu: Supporting XSAVE feature 0x040: 'AVX-512 Hi256'
machine # [    0.000000] x86/fpu: Supporting XSAVE feature 0x080: 'AVX-512 ZMM_Hi256'
machine # [    0.000000] x86/fpu: xstate_offset[2]:  576, xstate_sizes[2]:  256
machine # [    0.000000] x86/fpu: xstate_offset[3]:  832, xstate_sizes[3]:   64
machine # [    0.000000] x86/fpu: xstate_offset[4]:  896, xstate_sizes[4]:   64
machine # [    0.000000] x86/fpu: xstate_offset[5]:  960, xstate_sizes[5]:   64
machine # [    0.000000] x86/fpu: xstate_offset[6]: 1024, xstate_sizes[6]:  512
machine # [    0.000000] x86/fpu: xstate_offset[7]: 1536, xstate_sizes[7]: 1024
machine # [    0.000000] x86/fpu: Enabled xstate features 0xff, context size is 2560 bytes, using 'compacted' format.
machine # [    0.000000] signal: max sigframe size: 3632
machine # [    0.000000] BIOS-provided physical RAM map:
machine # [    0.000000] BIOS-e820: [mem 0x0000000000000000-0x000000000009fbff] usable
machine # [    0.000000] BIOS-e820: [mem 0x000000000009fc00-0x000000000009ffff] reserved
machine # [    0.000000] BIOS-e820: [mem 0x00000000000f0000-0x00000000000fffff] reserved
machine # [    0.000000] BIOS-e820: [mem 0x0000000000100000-0x000000005ffd7fff] usable
machine # [    0.000000] BIOS-e820: [mem 0x000000005ffd8000-0x000000005fffffff] reserved
machine # [    0.000000] BIOS-e820: [mem 0x00000000feffc000-0x00000000feffffff] reserved
machine # [    0.000000] BIOS-e820: [mem 0x00000000fffc0000-0x00000000ffffffff] reserved
machine # [    0.000000] random: crng init done
machine # [    0.000000] NX (Execute Disable) protection: active
machine # [    0.000000] extended physical RAM map:
machine # [    0.000000] reserve setup_data: [mem 0x0000000000000000-0x000000000009fbff] usable
machine # [    0.000000] reserve setup_data: [mem 0x000000000009fc00-0x000000000009ffff] reserved
machine # [    0.000000] reserve setup_data: [mem 0x00000000000f0000-0x00000000000fffff] reserved
machine # [    0.000000] reserve setup_data: [mem 0x0000000000100000-0x00000000009379bf] usable
machine # [    0.000000] reserve setup_data: [mem 0x00000000009379c0-0x00000000009379cf] usable
machine # [    0.000000] reserve setup_data: [mem 0x00000000009379d0-0x000000005ffd7fff] usable
machine # [    0.000000] reserve setup_data: [mem 0x000000005ffd8000-0x000000005fffffff] reserved
machine # [    0.000000] reserve setup_data: [mem 0x00000000feffc000-0x00000000feffffff] reserved
machine # [    0.000000] reserve setup_data: [mem 0x00000000fffc0000-0x00000000ffffffff] reserved
machine # [    0.000000] SMBIOS 2.8 present.
machine # [    0.000000] DMI: QEMU Standard PC (i440FX + PIIX, 1996), BIOS rel-1.16.1-0-g3208b098f51a-prebuilt.qemu.org 04/01/2014
machine # [    0.000000] Hypervisor detected: KVM
machine # [    0.000000] kvm-clock: Using msrs 4b564d01 and 4b564d00
machine # [    0.000001] kvm-clock: using sched offset of 574062399 cycles
machine # [    0.000003] clocksource: kvm-clock: mask: 0xffffffffffffffff max_cycles: 0x1cd42e4dffb, max_idle_ns: 881590591483 ns
machine # [    0.000010] tsc: Detected 3311.998 MHz processor
machine # [    0.000632] last_pfn = 0x5ffd8 max_arch_pfn = 0x400000000
machine # [    0.001060] x86/PAT: Configuration [0-7]: WB  WC  UC- UC  WB  WP  UC- WT
machine # [    0.007593] found SMP MP-table at [mem 0x000f5bb0-0x000f5bbf]
machine # [    0.008027] Using GB pages for direct mapping
machine # [    0.008333] RAMDISK: [mem 0x5dea6000-0x5ffcffff]
machine # [    0.008396] ACPI: Early table checksum verification disabled
machine # [    0.008438] ACPI: RSDP 0x00000000000F59D0 000014 (v00 BOCHS )
machine # [    0.008461] ACPI: RSDT 0x000000005FFE1D56 000034 (v01 BOCHS  BXPC     00000001 BXPC 00000001)
machine # [    0.008471] ACPI: FACP 0x000000005FFE1BD2 000074 (v01 BOCHS  BXPC     00000001 BXPC 00000001)
machine # [    0.008476] ACPI: DSDT 0x000000005FFE0040 001B92 (v01 BOCHS  BXPC     00000001 BXPC 00000001)
machine # [    0.008479] ACPI: FACS 0x000000005FFE0000 000040
machine # [    0.008481] ACPI: APIC 0x000000005FFE1C46 0000B0 (v01 BOCHS  BXPC     00000001 BXPC 00000001)
machine # [    0.008484] ACPI: HPET 0x000000005FFE1CF6 000038 (v01 BOCHS  BXPC     00000001 BXPC 00000001)
machine # [    0.008486] ACPI: WAET 0x000000005FFE1D2E 000028 (v01 BOCHS  BXPC     00000001 BXPC 00000001)
machine # [    0.008488] ACPI: Reserving FACP table memory at [mem 0x5ffe1bd2-0x5ffe1c45]
machine # [    0.008489] ACPI: Reserving DSDT table memory at [mem 0x5ffe0040-0x5ffe1bd1]
machine # [    0.008490] ACPI: Reserving FACS table memory at [mem 0x5ffe0000-0x5ffe003f]
machine # [    0.008490] ACPI: Reserving APIC table memory at [mem 0x5ffe1c46-0x5ffe1cf5]
machine # [    0.008491] ACPI: Reserving HPET table memory at [mem 0x5ffe1cf6-0x5ffe1d2d]
machine # [    0.008491] ACPI: Reserving WAET table memory at [mem 0x5ffe1d2e-0x5ffe1d55]
machine # [    0.010385] No NUMA configuration found
machine # [    0.010385] Faking a node at [mem 0x0000000000000000-0x000000005ffd7fff]
machine # [    0.010390] NODE_DATA(0) allocated [mem 0x5ffd2000-0x5ffd7fff]
machine # [    0.010426] Zone ranges:
machine # [    0.010426]   DMA      [mem 0x0000000000001000-0x0000000000ffffff]
machine # [    0.010427]   DMA32    [mem 0x0000000001000000-0x000000005ffd7fff]
machine # [    0.010429]   Normal   empty
machine # [    0.010429]   Device   empty
machine # [    0.010430] Movable zone start for each node
machine # [    0.010430] Early memory node ranges
machine # [    0.010431]   node   0: [mem 0x0000000000001000-0x000000000009efff]
machine # [    0.010433]   node   0: [mem 0x0000000000100000-0x000000005ffd7fff]
machine # [    0.010436] Initmem setup node 0 [mem 0x0000000000001000-0x000000005ffd7fff]
machine # [    0.010816] On node 0, zone DMA: 1 pages in unavailable ranges
machine # [    0.010830] On node 0, zone DMA: 97 pages in unavailable ranges
machine # [    0.013342] On node 0, zone DMA32: 40 pages in unavailable ranges
machine # [    0.017532] ACPI: PM-Timer IO Port: 0x608
machine # [    0.017570] ACPI: LAPIC_NMI (acpi_id[0xff] dfl dfl lint[0x1])
machine # [    0.017755] IOAPIC[0]: apic_id 0, version 17, address 0xfec00000, GSI 0-23
machine # [    0.017758] ACPI: INT_SRC_OVR (bus 0 bus_irq 0 global_irq 2 dfl dfl)
machine # [    0.017759] ACPI: INT_SRC_OVR (bus 0 bus_irq 5 global_irq 5 high level)
machine # [    0.017760] ACPI: INT_SRC_OVR (bus 0 bus_irq 9 global_irq 9 high level)
machine # [    0.017764] ACPI: INT_SRC_OVR (bus 0 bus_irq 10 global_irq 10 high level)
machine # [    0.017764] ACPI: INT_SRC_OVR (bus 0 bus_irq 11 global_irq 11 high level)
machine # [    0.017768] ACPI: Using ACPI (MADT) for SMP configuration information
machine # [    0.017769] ACPI: HPET id: 0x8086a201 base: 0xfed00000
machine # [    0.017775] TSC deadline timer available
machine # [    0.017776] smpboot: Allowing 8 CPUs, 0 hotplug CPUs
machine # [    0.017902] kvm-guest: KVM setup pv remote TLB flush
machine # [    0.017936] kvm-guest: setup PV sched yield
machine # [    0.017958] PM: hibernation: Registered nosave memory: [mem 0x00000000-0x00000fff]
machine # [    0.017960] PM: hibernation: Registered nosave memory: [mem 0x0009f000-0x0009ffff]
machine # [    0.017960] PM: hibernation: Registered nosave memory: [mem 0x000a0000-0x000effff]
machine # [    0.017961] PM: hibernation: Registered nosave memory: [mem 0x000f0000-0x000fffff]
machine # [    0.017962] PM: hibernation: Registered nosave memory: [mem 0x00937000-0x00937fff]
machine # [    0.017962] PM: hibernation: Registered nosave memory: [mem 0x00937000-0x00937fff]
machine # [    0.017969] [mem 0x60000000-0xfeffbfff] available for PCI devices
machine # [    0.017969] Booting paravirtualized kernel on KVM
machine # [    0.017984] clocksource: refined-jiffies: mask: 0xffffffff max_cycles: 0xffffffff, max_idle_ns: 1910969940391419 ns
machine # [    0.020701] setup_percpu: NR_CPUS:384 nr_cpumask_bits:8 nr_cpu_ids:8 nr_node_ids:1
machine # [    0.021040] percpu: Embedded 61 pages/cpu s212992 r8192 d28672 u262144
machine # [    0.021176] kvm-guest: PV spinlocks enabled
machine # [    0.021178] PV qspinlock hash table entries: 256 (order: 0, 4096 bytes, linear)
machine # [    0.021187] Fallback order for Node 0: 0
machine # [    0.021191] Built 1 zonelists, mobility grouping on.  Total pages: 386775
machine # [    0.021194] Policy zone: DMA32
machine # [    0.021195] Kernel command line: console=ttyS0 panic=1 boot.panic_on_fail clock=acpi_pm nohibernate loglevel=7 net.ifnames=0 init=/nix/store/5c852c4xk9z2z411395a3j9b5zj08smp-nixos-system-machine-23.05pre-git/init regInfo=/nix/store/jsnxxhfqkvcaxjbiyrzhalhl93p685zh-closure-info/registration console=ttyS0
machine # [    0.021243] clocksource: clock= boot option is deprecated - use clocksource=xyz
machine # [    0.021276] Unknown kernel command line parameters "regInfo=/nix/store/jsnxxhfqkvcaxjbiyrzhalhl93p685zh-closure-info/registration", will be passed to user space.
machine # [    0.021531] Dentry cache hash table entries: 262144 (order: 9, 2097152 bytes, linear)
machine # [    0.021705] Inode-cache hash table entries: 131072 (order: 8, 1048576 bytes, linear)
machine # [    0.021961] mem auto-init: stack:all(zero), heap alloc:off, heap free:off
machine # [    0.024181] Memory: 1472896K/1572312K available (12294K kernel code, 2307K rwdata, 7532K rodata, 1876K init, 4344K bss, 99156K reserved, 0K cma-reserved)
machine # [    0.024276] SLUB: HWalign=64, Order=0-3, MinObjects=0, CPUs=8, Nodes=1
machine # [    0.024286] Kernel/User page tables isolation: enabled
machine # [    0.024306] ftrace: allocating 37041 entries in 145 pages
machine # [    0.032928] ftrace: allocated 145 pages with 3 groups
machine # [    0.033471] Dynamic Preempt: voluntary
machine # [    0.033634] rcu: Preemptible hierarchical RCU implementation.
machine # [    0.033634] rcu:   RCU event tracing is enabled.
machine # [    0.033635] rcu:   RCU restricting CPUs from NR_CPUS=384 to nr_cpu_ids=8.
machine # [    0.033636]        Trampoline variant of Tasks RCU enabled.
machine # [    0.033637]        Rude variant of Tasks RCU enabled.
machine # [    0.033637]        Tracing variant of Tasks RCU enabled.
machine # [    0.033637] rcu: RCU calculated value of scheduler-enlistment delay is 100 jiffies.
machine # [    0.033638] rcu: Adjusting geometry for rcu_fanout_leaf=16, nr_cpu_ids=8
machine # [    0.036373] NR_IRQS: 24832, nr_irqs: 488, preallocated irqs: 16
machine # [    0.036662] rcu: srcu_init: Setting srcu_struct sizes based on contention.
machine # [    0.068608] Console: colour VGA+ 80x25
machine # [    0.678916] printk: console [ttyS0] enabled
machine # [    0.681865] ACPI: Core revision 20220331
machine # [    0.685181] clocksource: hpet: mask: 0xffffffff max_cycles: 0xffffffff, max_idle_ns: 19112604467 ns
machine # [    0.691688] APIC: Switch to symmetric I/O mode setup
machine # [    0.697241] x2apic enabled
machine # [    0.701254] Switched APIC routing to physical x2apic.
machine # [    0.704908] kvm-guest: setup PV IPIs
machine # [    0.715184] ..TIMER: vector=0x30 apic1=0 pin1=2 apic2=-1 pin2=-1
machine # [    0.719479] clocksource: tsc-early: mask: 0xffffffffffffffff max_cycles: 0x2fbd924e8de, max_idle_ns: 440795321919 ns
machine # [    0.726665] Calibrating delay loop (skipped) preset value.. 6623.99 BogoMIPS (lpj=3311998)
machine # [    0.727663] pid_max: default: 32768 minimum: 301
machine # [    0.728688] LSM: Security Framework initializing
machine # [    0.729671] landlock: Up and running.
machine # [    0.730662] Yama: becoming mindful.
machine # [    0.731668] SELinux:  Initializing.
machine # [    0.732673] LSM support for eBPF active
machine # [    0.733846] Mount-cache hash table entries: 4096 (order: 3, 32768 bytes, linear)
machine # [    0.734665] Mountpoint-cache hash table entries: 4096 (order: 3, 32768 bytes, linear)
machine # [    0.738064] x86/cpu: User Mode Instruction Prevention (UMIP) activated
machine # [    0.739916] Last level iTLB entries: 4KB 0, 2MB 0, 4MB 0
machine # [    0.740662] Last level dTLB entries: 4KB 0, 2MB 0, 4MB 0, 1GB 0
machine # [    0.742723] Spectre V1 : Mitigation: usercopy/swapgs barriers and __user pointer sanitization
machine # [    0.743695] Spectre V2 : Mitigation: IBRS
machine # [    0.744662] Spectre V2 : Spectre v2 / SpectreRSB mitigation: Filling RSB on context switch
machine # [    0.745662] Spectre V2 : Spectre v2 / SpectreRSB : Filling RSB on VMEXIT
machine # [    0.746662] RETBleed: Mitigation: IBRS
machine # [    0.747666] Spectre V2 : mitigation: Enabling conditional Indirect Branch Prediction Barrier
machine # [    0.748663] Speculative Store Bypass: Mitigation: Speculative Store Bypass disabled via prctl
machine # [    0.749698] MDS: Mitigation: Clear CPU buffers
machine # [    0.750662] TAA: Mitigation: Clear CPU buffers
machine # [    0.751662] MMIO Stale Data: Vulnerable: Clear CPU buffers attempted, no microcode
machine # [    0.769769] Freeing SMP alternatives memory: 32K
machine # [    0.771066] smpboot: CPU0: Intel(R) Core(TM) i9-9940X CPU @ 3.30GHz (family: 0x6, model: 0x55, stepping: 0x4)
machine # [    0.771772] cblist_init_generic: Setting adjustable number of callback queues.
machine # [    0.772675] cblist_init_generic: Setting shift to 3 and lim to 1.
machine # [    0.773690] cblist_init_generic: Setting shift to 3 and lim to 1.
machine # [    0.774691] cblist_init_generic: Setting shift to 3 and lim to 1.
machine # [    0.775687] Performance Events: Skylake events, full-width counters, Intel PMU driver.
machine # [    0.776689] ... version:                2
machine # [    0.777675] ... bit width:              48
machine # [    0.778674] ... generic registers:      4
machine # [    0.779675] ... value mask:             0000ffffffffffff
machine # [    0.780675] ... max period:             00007fffffffffff
machine # [    0.781675] ... fixed-purpose events:   3
machine # [    0.782675] ... event mask:             000000070000000f
machine # [    0.783999] rcu: Hierarchical SRCU implementation.
machine # [    0.784675] rcu:   Max phase no-delay instances is 400.
machine # [    0.786030] smp: Bringing up secondary CPUs ...
machine # [    0.786917] x86: Booting SMP configuration:
machine # [    0.787676] .... node  #0, CPUs:      #1 #2 #3 #4 #5 #6 #7
machine # [    0.812873] smp: Brought up 1 node, 8 CPUs
machine # [    0.814675] smpboot: Max logical packages: 1
machine # [    0.815675] smpboot: Total of 8 processors activated (52991.96 BogoMIPS)
machine # [    0.818016] devtmpfs: initialized
machine # [    0.818722] x86/mm: Memory block size: 128MB
machine # [    0.819948] clocksource: jiffies: mask: 0xffffffff max_cycles: 0xffffffff, max_idle_ns: 1911260446275000 ns
machine # [    0.820683] futex hash table entries: 2048 (order: 5, 131072 bytes, linear)
machine # [    0.821747] pinctrl core: initialized pinctrl subsystem
machine # [    0.823471] NET: Registered PF_NETLINK/PF_ROUTE protocol family
machine # [    0.823776] DMA: preallocated 256 KiB GFP_KERNEL pool for atomic allocations
machine # [    0.824685] DMA: preallocated 256 KiB GFP_KERNEL|GFP_DMA pool for atomic allocations
machine # [    0.825695] DMA: preallocated 256 KiB GFP_KERNEL|GFP_DMA32 pool for atomic allocations
machine # [    0.826684] audit: initializing netlink subsys (disabled)
machine # [    0.827699] audit: type=2000 audit(1678340601.436:1): state=initialized audit_enabled=0 res=1
machine # [    0.827762] thermal_sys: Registered thermal governor 'bang_bang'
machine # [    0.828677] thermal_sys: Registered thermal governor 'step_wise'
machine # [    0.829676] thermal_sys: Registered thermal governor 'user_space'
machine # [    0.830705] cpuidle: using governor menu
machine # [    0.837954] acpiphp: ACPI Hot Plug PCI Controller Driver version: 0.5
machine # [    0.842313] PCI: Using configuration type 1 for base access
machine # [    0.847713] kprobes: kprobe jump-optimization is enabled. All kprobes are optimized if possible.
machine # [    0.853881] HugeTLB: registered 1.00 GiB page size, pre-allocated 0 pages
machine # [    0.858677] HugeTLB: 16380 KiB vmemmap can be freed for a 1.00 GiB page
machine # [    0.862675] HugeTLB: registered 2.00 MiB page size, pre-allocated 0 pages
machine # [    0.866675] HugeTLB: 28 KiB vmemmap can be freed for a 2.00 MiB page
machine # [    0.871733] ACPI: Added _OSI(Module Device)
machine # [    0.874677] ACPI: Added _OSI(Processor Device)
machine # [    0.877675] ACPI: Added _OSI(3.0 _SCP Extensions)
machine # [    0.881676] ACPI: Added _OSI(Processor Aggregator Device)
machine # [    0.885282] ACPI: 1 ACPI AML tables successfully acquired and loaded
machine # [    0.891820] ACPI: Interpreter enabled
machine # [    0.894688] ACPI: PM: (supports S0 S3 S4 S5)
machine # [    0.897675] ACPI: Using IOAPIC for interrupt routing
machine # [    0.901686] PCI: Using host bridge windows from ACPI; if necessary, use "pci=nocrs" and report a bug
machine # [    0.907675] PCI: Using E820 reservations for host bridge windows
machine # [    0.911865] ACPI: Enabled 2 GPEs in block 00 to 0F
machine # [    0.918211] ACPI: PCI Root Bridge [PCI0] (domain 0000 [bus 00-ff])
machine # [    0.922679] acpi PNP0A03:00: _OSC: OS supports [ASPM ClockPM Segments MSI HPX-Type3]
machine # [    0.927675] acpi PNP0A03:00: _OSC: not requesting OS control; OS requires [ExtendedConfig ASPM ClockPM MSI]
machine # [    0.934683] acpi PNP0A03:00: fail to add MMCONFIG information, can't access extended PCI configuration space under this bridge.
machine # [    0.942986] acpiphp: Slot [3] registered
machine # [    0.945742] acpiphp: Slot [4] registered
machine # [    0.948740] acpiphp: Slot [5] registered
machine # [    0.950739] acpiphp: Slot [6] registered
machine # [    0.953740] acpiphp: Slot [7] registered
machine # [    0.956754] acpiphp: Slot [8] registered
machine # [    0.959739] acpiphp: Slot [9] registered
machine # [    0.962740] acpiphp: Slot [10] registered
machine # [    0.964739] acpiphp: Slot [11] registered
machine # [    0.967741] acpiphp: Slot [12] registered
machine # [    0.970739] acpiphp: Slot [13] registered
machine # [    0.973739] acpiphp: Slot [14] registered
machine # [    0.976740] acpiphp: Slot [15] registered
machine # [    0.979739] acpiphp: Slot [16] registered
machine # [    0.982739] acpiphp: Slot [17] registered
machine # [    0.984739] acpiphp: Slot [18] registered
machine # [    0.987740] acpiphp: Slot [19] registered
machine # [    0.990741] acpiphp: Slot [20] registered
machine # [    0.993744] acpiphp: Slot [21] registered
machine # [    0.996740] acpiphp: Slot [22] registered
machine # [    0.999739] acpiphp: Slot [23] registered
machine # [    1.002739] acpiphp: Slot [24] registered
machine # [    1.004739] acpiphp: Slot [25] registered
machine # [    1.007740] acpiphp: Slot [26] registered
machine # [    1.010739] acpiphp: Slot [27] registered
machine # [    1.013738] acpiphp: Slot [28] registered
machine # [    1.016740] acpiphp: Slot [29] registered
machine # [    1.019740] acpiphp: Slot [30] registered
machine # [    1.022739] acpiphp: Slot [31] registered
machine # [    1.024731] PCI host bridge to bus 0000:00
machine # [    1.027676] pci_bus 0000:00: root bus resource [io  0x0000-0x0cf7 window]
machine # [    1.032675] pci_bus 0000:00: root bus resource [io  0x0d00-0xffff window]
machine # [    1.037675] pci_bus 0000:00: root bus resource [mem 0x000a0000-0x000bffff window]
machine # [    1.042675] pci_bus 0000:00: root bus resource [mem 0x60000000-0xfebfffff window]
machine # [    1.047675] pci_bus 0000:00: root bus resource [mem 0x100000000-0x17fffffff window]
machine # [    1.052675] pci_bus 0000:00: root bus resource [bus 00-ff]
machine # [    1.056902] pci 0000:00:00.0: [8086:1237] type 00 class 0x060000
machine # [    1.063897] pci 0000:00:01.0: [8086:7000] type 00 class 0x060100
machine # [    1.072009] pci 0000:00:01.1: [8086:7010] type 00 class 0x010180
machine # [    1.081676] pci 0000:00:01.1: reg 0x20: [io  0xc240-0xc24f]
machine # [    1.087837] pci 0000:00:01.1: legacy IDE quirk: reg 0x10: [io  0x01f0-0x01f7]
machine # [    1.092676] pci 0000:00:01.1: legacy IDE quirk: reg 0x14: [io  0x03f6]
machine # [    1.097675] pci 0000:00:01.1: legacy IDE quirk: reg 0x18: [io  0x0170-0x0177]
machine # [    1.102675] pci 0000:00:01.1: legacy IDE quirk: reg 0x1c: [io  0x0376]
machine # [    1.107422] pci 0000:00:01.2: [8086:7020] type 00 class 0x0c0300
machine # [    1.115677] pci 0000:00:01.2: reg 0x20: [io  0xc180-0xc19f]
machine # [    1.122851] pci 0000:00:01.3: [8086:7113] type 00 class 0x068000
machine # [    1.129733] pci 0000:00:01.3: quirk: [io  0x0600-0x063f] claimed by PIIX4 ACPI
machine # [    1.134729] pci 0000:00:01.3: quirk: [io  0x0700-0x070f] claimed by PIIX4 SMB
machine # [    1.140896] pci 0000:00:02.0: [1234:1111] type 00 class 0x030000
machine # [    1.147702] pci 0000:00:02.0: reg 0x10: [mem 0xfd000000-0xfdffffff pref]
machine # [    1.155573] pci 0000:00:02.0: reg 0x18: [mem 0xfebd0000-0xfebd0fff]
machine # [    1.165691] pci 0000:00:02.0: reg 0x30: [mem 0xfebc0000-0xfebcffff pref]
machine # [    1.170052] pci 0000:00:02.0: Video device with shadowed ROM at [mem 0x000c0000-0x000dffff]
machine # [    1.177994] pci 0000:00:03.0: [1af4:1000] type 00 class 0x020000
machine # [    1.184156] pci 0000:00:03.0: reg 0x10: [io  0xc1a0-0xc1bf]
machine # [    1.188677] pci 0000:00:03.0: reg 0x14: [mem 0xfebd1000-0xfebd1fff]
machine # [    1.197467] pci 0000:00:03.0: reg 0x20: [mem 0xfe000000-0xfe003fff 64bit pref]
machine # [    1.203677] pci 0000:00:03.0: reg 0x30: [mem 0xfeb80000-0xfebbffff pref]
machine # [    1.214657] pci 0000:00:04.0: [1af4:1005] type 00 class 0x00ff00
machine # [    1.220124] pci 0000:00:04.0: reg 0x10: [io  0xc1c0-0xc1df]
machine # [    1.224676] pci 0000:00:04.0: reg 0x14: [mem 0xfebd2000-0xfebd2fff]
machine # [    1.233677] pci 0000:00:04.0: reg 0x20: [mem 0xfe004000-0xfe007fff 64bit pref]
machine # [    1.244676] pci 0000:00:05.0: [1af4:1009] type 00 class 0x000200
machine # [    1.251158] pci 0000:00:05.0: reg 0x10: [io  0xc100-0xc13f]
machine # [    1.255677] pci 0000:00:05.0: reg 0x14: [mem 0xfebd3000-0xfebd3fff]
machine # [    1.264677] pci 0000:00:05.0: reg 0x20: [mem 0xfe008000-0xfe00bfff 64bit pref]
machine # [    1.275604] pci 0000:00:06.0: [1af4:1009] type 00 class 0x000200
machine # [    1.282171] pci 0000:00:06.0: reg 0x10: [io  0xc1e0-0xc1ff]
machine # [    1.286677] pci 0000:00:06.0: reg 0x14: [mem 0xfebd4000-0xfebd4fff]
machine # [    1.294677] pci 0000:00:06.0: reg 0x20: [mem 0xfe00c000-0xfe00ffff 64bit pref]
machine # [    1.306617] pci 0000:00:07.0: [1af4:1009] type 00 class 0x000200
machine # [    1.312142] pci 0000:00:07.0: reg 0x10: [io  0xc200-0xc21f]
machine # [    1.317677] pci 0000:00:07.0: reg 0x14: [mem 0xfebd5000-0xfebd5fff]
machine # [    1.325677] pci 0000:00:07.0: reg 0x20: [mem 0xfe010000-0xfe013fff 64bit pref]
machine # [    1.337603] pci 0000:00:08.0: [1af4:1001] type 00 class 0x010000
machine # [    1.343408] pci 0000:00:08.0: reg 0x10: [io  0xc000-0xc07f]
machine # [    1.348677] pci 0000:00:08.0: reg 0x14: [mem 0xfebd6000-0xfebd6fff]
machine # [    1.356678] pci 0000:00:08.0: reg 0x20: [mem 0xfe014000-0xfe017fff 64bit pref]
machine # [    1.369788] pci 0000:00:09.0: [1af4:1001] type 00 class 0x010000
machine # [    1.375385] pci 0000:00:09.0: reg 0x10: [io  0xc080-0xc0ff]
machine # [    1.380677] pci 0000:00:09.0: reg 0x14: [mem 0xfebd7000-0xfebd7fff]
machine # [    1.389677] pci 0000:00:09.0: reg 0x20: [mem 0xfe018000-0xfe01bfff 64bit pref]
machine # [    1.401676] pci 0000:00:0a.0: [1af4:1052] type 00 class 0x090000
machine # [    1.407562] pci 0000:00:0a.0: reg 0x14: [mem 0xfebd8000-0xfebd8fff]
machine # [    1.415243] pci 0000:00:0a.0: reg 0x20: [mem 0xfe01c000-0xfe01ffff 64bit pref]
machine # [    1.427167] pci 0000:00:0b.0: [1af4:1003] type 00 class 0x078000
machine # [    1.432215] pci 0000:00:0b.0: reg 0x10: [io  0xc140-0xc17f]
machine # [    1.437677] pci 0000:00:0b.0: reg 0x14: [mem 0xfebd9000-0xfebd9fff]
machine # [    1.445677] pci 0000:00:0b.0: reg 0x20: [mem 0xfe020000-0xfe023fff 64bit pref]
machine # [    1.457326] pci 0000:00:0c.0: [1af4:1005] type 00 class 0x00ff00
machine # [    1.463130] pci 0000:00:0c.0: reg 0x10: [io  0xc220-0xc23f]
machine # [    1.468677] pci 0000:00:0c.0: reg 0x14: [mem 0xfebda000-0xfebdafff]
machine # [    1.476677] pci 0000:00:0c.0: reg 0x20: [mem 0xfe024000-0xfe027fff 64bit pref]
machine # [    1.488614] ACPI: PCI: Interrupt link LNKA configured for IRQ 10
machine # [    1.492998] ACPI: PCI: Interrupt link LNKB configured for IRQ 10
machine # [    1.496977] ACPI: PCI: Interrupt link LNKC configured for IRQ 11
machine # [    1.501988] ACPI: PCI: Interrupt link LNKD configured for IRQ 11
machine # [    1.505839] ACPI: PCI: Interrupt link LNKS configured for IRQ 9
machine # [    1.511760] iommu: Default domain type: Translated
machine # [    1.514676] iommu: DMA domain TLB invalidation policy: lazy mode
machine # [    1.518938] NetLabel: Initializing
machine # [    1.521677] NetLabel:  domain hash size = 128
machine # [    1.524675] NetLabel:  protocols = UNLABELED CIPSOv4 CALIPSO
machine # [    1.528703] NetLabel:  unlabeled traffic allowed by default
machine # [    1.532682] PCI: Using ACPI for IRQ routing
machine # [    1.537730] pci 0000:00:02.0: vgaarb: setting as boot VGA device
machine # [    1.538661] pci 0000:00:02.0: vgaarb: bridge control possible
machine # [    1.538661] pci 0000:00:02.0: vgaarb: VGA device added: decodes=io+mem,owns=io+mem,locks=none
machine # [    1.551678] vgaarb: loaded
machine # [    1.552788] hpet0: at MMIO 0xfed00000, IRQs 2, 8, 0
machine # [    1.556675] hpet0: 3 comparators, 64-bit 100.000000 MHz counter
machine # [    1.563959] clocksource: Switched to clocksource kvm-clock
machine # [    1.568785] VFS: Disk quotas dquot_6.6.0
machine # [    1.571633] VFS: Dquot-cache hash table entries: 512 (order 0, 4096 bytes)
machine # [    1.576526] pnp: PnP ACPI init
machine # [    1.579338] pnp: PnP ACPI: found 6 devices
machine # [    1.600595] clocksource: acpi_pm: mask: 0xffffff max_cycles: 0xffffff, max_idle_ns: 2085701024 ns
machine # [    1.606772] clocksource: Switched to clocksource acpi_pm
machine # [    1.611074] NET: Registered PF_INET protocol family
machine # [    1.614632] IP idents hash table entries: 32768 (order: 6, 262144 bytes, linear)
machine # [    1.620477] tcp_listen_portaddr_hash hash table entries: 1024 (order: 2, 16384 bytes, linear)
machine # [    1.626497] Table-perturb hash table entries: 65536 (order: 6, 262144 bytes, linear)
machine # [    1.631860] TCP established hash table entries: 16384 (order: 5, 131072 bytes, linear)
machine # [    1.637351] TCP bind hash table entries: 16384 (order: 7, 524288 bytes, linear)
machine # [    1.642613] TCP: Hash tables configured (established 16384 bind 16384)
machine # [    1.647348] MPTCP token hash table entries: 2048 (order: 3, 49152 bytes, linear)
machine # [    1.652429] UDP hash table entries: 1024 (order: 3, 32768 bytes, linear)
machine # [    1.657105] UDP-Lite hash table entries: 1024 (order: 3, 32768 bytes, linear)
machine # [    1.662197] NET: Registered PF_UNIX/PF_LOCAL protocol family
machine # [    1.666280] NET: Registered PF_XDP protocol family
machine # [    1.669829] pci_bus 0000:00: resource 4 [io  0x0000-0x0cf7 window]
machine # [    1.674237] pci_bus 0000:00: resource 5 [io  0x0d00-0xffff window]
machine # [    1.678871] pci_bus 0000:00: resource 6 [mem 0x000a0000-0x000bffff window]
machine # [    1.683854] pci_bus 0000:00: resource 7 [mem 0x60000000-0xfebfffff window]
machine # [    1.688586] pci_bus 0000:00: resource 8 [mem 0x100000000-0x17fffffff window]
machine # [    1.693613] pci 0000:00:01.0: PIIX3: Enabling Passive Release
machine # [    1.697943] pci 0000:00:00.0: Limiting direct PCI/PCI transfers
machine # [    1.725023] ACPI: \_SB_.LNKD: Enabled at IRQ 11
machine # [    1.752417] pci 0000:00:01.2: quirk_usb_early_handoff+0x0/0x750 took 48859 usecs
machine # [    1.758421] PCI: CLS 0 bytes, default 64
machine # [    1.761460] clocksource: tsc: mask: 0xffffffffffffffff max_cycles: 0x2fbd924e8de, max_idle_ns: 440795321919 ns
machine # [    1.761870] Trying to unpack rootfs image as initramfs...
machine # [    1.773964] Initialise system trusted keyrings
machine # [    1.777997] workingset: timestamp_bits=40 max_order=19 bucket_order=0
machine # [    1.784457] zbud: loaded
machine # [    1.789151] Key type asymmetric registered
machine # [    1.792201] Asymmetric key parser 'x509' registered
machine # [    1.955221] Freeing initrd memory: 33960K
machine # [    1.967912] alg: self-tests for CTR-KDF (hmac(sha256)) passed
machine # [    1.972091] Block layer SCSI generic (bsg) driver version 0.4 loaded (major 252)
machine # [    1.977924] io scheduler mq-deadline registered
machine # [    1.981286] io scheduler kyber registered
machine # [    1.988054] Serial: 8250/16550 driver, 4 ports, IRQ sharing enabled
machine # [    1.993360] 00:04: ttyS0 at I/O 0x3f8 (irq = 4, base_baud = 115200) is a 16550A
machine # [    2.006357] intel_pstate: CPU model not supported
machine # [    2.010063] drop_monitor: Initializing network drop monitor service
machine # [    2.024064] NET: Registered PF_INET6 protocol family
machine # [    2.038952] Segment Routing with IPv6
machine # [    2.041762] In-situ OAM (IOAM) with IPv6
machine # [    2.049266] IPI shorthand broadcast: enabled
machine # [    2.052928] registered taskstats version 1
machine # [    2.056013] Loading compiled-in X.509 certificates
machine # [    2.060235] zswap: loaded using pool lzo/zbud
machine # [    2.065194] Key type .fscrypt registered
machine # [    2.068117] Key type fscrypt-provisioning registered
machine # [    2.080860] Unstable clock detected, switching default tracing clock to "global"
machine # [    2.080860] If you want to keep using the local clock, then add:
machine # [    2.080860]   "trace_clock=local"
machine # [    2.080860] on the kernel command line
machine # [    2.097306] Freeing unused decrypted memory: 2036K
machine # [    2.100901] Freeing unused kernel image (initmem) memory: 1876K
machine # [    2.117979] Write protecting the kernel read-only data: 22528k
machine # [    2.123011] Freeing unused kernel image (text/rodata gap) memory: 2040K
machine # [    2.126457] Freeing unused kernel image (rodata/data gap) memory: 660K
machine # [    2.167596] x86/mm: Checked W+X mappings: passed, no W+X pages found.
machine # [    2.170238] x86/mm: Checking user space page tables
machine # [    2.209294] x86/mm: Checked W+X mappings: passed, no W+X pages found.
machine # [    2.211777] Run /init as init process
machine # [    2.225167] systemd[1]: Inserted module 'autofs4'
machine # [    2.242372] systemd[1]: systemd 252.5 running in system mode (-PAM -AUDIT -SELINUX -APPARMOR +IMA +SMACK +SECCOMP -GCRYPT -GNUTLS +OPENSSL +ACL +BLKID -CURL -ELFUTILS +FIDO2 -IDN2 -IDN -IPTC +KMOD +LIBCRYPTSETUP +LIBFDISK -PCRE2 -PWQUALITY -P11KIT -QRENCODE +TPM2 -BZIP2 -LZ4 -XZ -ZLIB -ZSTD -BPF_FRAMEWORK -XKBCOMMON +UTMP -SYSVINIT default-hierarchy=unified)
machine # [    2.255897] systemd[1]: Detected virtualization kvm.
machine # [    2.258214] systemd[1]: Detected architecture x86-64.
machine # [    2.260515] systemd[1]: Running in initrd.
machine # [    2.262562] systemd[1]: No hostname configured, using default hostname.
machine # [    2.265603] systemd[1]: Hostname set to <localhost>.
machine # [    2.268027] systemd[1]: Initializing machine ID from random generator.
machine # [    2.313308] systemd[1]: Queued start job for default target Initrd Default Target.
machine # [    2.331974] systemd[1]: Created slice Slice /system/systemd-makefs.
machine # [    2.335210] systemd[1]: Started Dispatch Password Requests to Console Directory Watch.
machine # [    2.339194] systemd[1]: Reached target Initrd Root Device.
machine # [    2.342060] systemd[1]: Reached target Path Units.
machine # [    2.344521] systemd[1]: Reached target Slice Units.
machine # [    2.347123] systemd[1]: Reached target Swaps.
machine # [    2.349397] systemd[1]: Reached target Timer Units.
machine # [    2.352219] systemd[1]: Listening on Journal Audit Socket.
machine # [    2.355226] systemd[1]: Listening on Journal Socket (/dev/log).
machine # [    2.358251] systemd[1]: Listening on Journal Socket.
machine # [    2.361161] systemd[1]: Listening on udev Control Socket.
machine # [    2.364097] systemd[1]: Listening on udev Kernel Socket.
machine # [    2.366906] systemd[1]: Reached target Socket Units.
machine # [    2.369375] systemd[1]: Kernel Configuration File System was skipped because of an unmet condition check (ConditionPathExists=/sys/kernel/config).
machine # [    2.390372] systemd[1]: Starting Create List of Static Device Nodes...
machine # [    2.396953] systemd[1]: Starting Journal Service...
machine # [    2.401052] systemd[1]: Starting Load Kernel Modules...
machine # [    2.405120] systemd[1]: Starting Coldplug All udev Devices...
machine # [    2.411086] systemd[1]: Finished Create List of Static Device Nodes.
machine # [    2.417040] systemd[1]: Starting Create Static Device Nodes in /dev...
machine # [    2.428875] systemd[1]: Finished Create Static Device Nodes in /dev.
machine # [    2.433283] audit: type=1334 audit(1678340603.040:2): prog-id=6 op=LOAD
machine # [    2.434228] systemd[1]: Starting Rule-based Manager for Device Events and Files...
machine # [    2.436304] audit: type=1334 audit(1678340603.040:3): prog-id=7 op=LOAD
machine # [    2.453245] device-mapper: ioctl: 4.47.0-ioctl (2022-07-28) initialised: dm-devel@redhat.com
machine # [    2.459928] systemd[1]: Finished Load Kernel Modules.
machine # [    2.464258] systemd[1]: Finished Coldplug All udev Devices.
machine # [    2.467342] systemd[1]: Started Rule-based Manager for Device Events and Files.
machine # [    2.491374] systemd[1]: Starting Apply Kernel Variables...
machine # [    2.501870] systemd[1]: Finished Apply Kernel Variables.
machine # [    2.538148] systemd[1]: Started Journal Service.
machine # [    1.857655] systemd-modules-load[120]: Inserted module 'virtio_balloon'
machine # [    1.863018] systemd-modules-load[120]: Inserted module 'virtio_console'
machine # [    1.867661] systemd-udevd[128]: Using default interface naming scheme 'v252'.
machine # [    2.554937] rtc_cmos 00:05: RTC can wake from S4
machine # [    1.873023] systemd-udevd[128]: /nix/store/ix9s83clbn715q3xh3isni1v8623vvhb-systemd-stage-1-252.5/lib/udev/rules.d/50-udev-default.rules:22 Unknown group 'tt[    2.564135] rtc_cmos 00:05: registered as rtc0
machine # y', ignoring
machine # [    2.567066] rtc_cmos 00:05: alarms up to one day, y3k, 242 bytes nvram, hpet irqs
machine # [    2.571945] i8042: PNP: PS/2 Controller [PNP0303:KBD,PNP0f13:MOU] at 0x60,0x64 irq 1,12
machine # [    1.892925] systemd-udevd[128]: /nix/store/ix9s83clbn715q3xh3isni1v8623vvhb-systemd-stage-1-252.5/lib/udev/ru[    2.580119] serio: i8042 KBD port at 0x60,0x64 irq 1
machine # les.d/50-udev-de[    2.582486] serio: i8042 AUX port at 0x60,0x64 irq 12
machine # fault.rules:23 Unknown group 'tty', ignoring
machine # [    1.907103] systemd-udevd[128]: /nix/store/ix9s83clbn715q3xh3isni1v8623vvhb-systemd-stage-1-252.5/lib/udev/rules.d/50-udev-default.rules:24 Unknown group 'tty', ignoring
machine # [    1.915557] systemd-udevd[128]: /nix/store/ix9s83clbn715q3xh3isni1v8623vvhb-systemd-stage-1-252.5/lib/udev/rules.d/50-udev-default.rules:25 Unknown group 'tty', ignoring
machine # [    1.923512] systemd-udevd[128]: /nix/store/ix9s83clbn715q3xh3isni1v8623vvhb-systemd-stage-1-252.5/lib/udev/rules.d/50-udev-default.rules:26 Unknown group 'tty', ignoring
machine # [    1.931606] systemd-udevd[128]: /nix/store/ix9s83clbn715q3xh3isni1v8623vvhb-systemd-stage-1-252.5/lib/udev/rules.d/50-udev-default.rules:27 Unknown group 'tty', ignoring
machine # [    1.939159] systemd-udevd[128]: /nix/store/ix[    2.622540] ACPI: \_SB_.LNKC: Enabled at IRQ 10
machine # 9s83clbn715q3xh3isni1v8623vvhb-systemd-stage-1-252.5/lib/udev/rules.d/50-udev-default.rules:28 Unknown group 'tty', ignoring
machine # [    1.949016] systemd-modules-load[120]: Inserted module 'dm_mod'
machine # [    1.953147] systemd-udevd[128]: /nix/store/ix9s83clbn715q3xh3isni1v8623vvhb-systemd-stage-1-252.5/lib/udev/rules.d/50-udev-default.rules:29 Unknown group 'dialout', ignoring
machine # [    2.642505] ACPI: bus type USB registered
machine # [    2.644487] usbcore: registered new interface driver usbfs
machine # [    2.644504] usbcore: registered new interface driver hub
machine # [    2.649319] usbcore: registered new device driver usb
machine # [    1.960630] systemd-udevd[128]: /nix/store/ix9s83clbn715q3xh3isni1v8623vvhb-systemd-stage-1-252.5/lib/udev/rules.d/50-udev-default.rules:31 Unknown group 'kmem', ignoring
machine # [    1.978502] systemd-udevd[128]: /nix/store/ix9s83clbn715q3xh3isni1v8623vvhb-systemd-stage-1-252.5/lib/udev/rules.d/50-udev-default.rules:33 Unknown group 'input', ignoring
machine # [    2.668630] SCSI subsystem initialized
machine # [    1.987052] systemd-udevd[128]: /nix/store/ix9s83clbn715q3xh3isni1v8623vvhb-systemd-stage-1-252.5/lib/udev/rules.d/50-udev-default.rules:36 Unknown group 'video', ignoring
machine # [    1.996641] systemd-udevd[128]: /nix/store/ix9s83clbn715q3xh3isni1v8623vvhb-systemd-stage-1-252.5/lib/udev/rules.d/50-udev-default.rules:37 Unknown group 'video', ignoring
machine # [    2.004443] systemd-udevd[128]: /nix/store/ix9s83clbn715q3xh3isni1v8623vvhb-systemd-stage-1-252.5/lib/udev/rules.d/50-udev-default.rules:38 Unknown group 'vi[    2.692136] ACPI: \_SB_.LNKA: Enabled at IRQ 10
machine # deo', ignoring
machine # [    2.014594] systemd-udevd[128]: /nix/store/ix9s83clbn715q3xh3isni1v8623vvhb-systemd-stage-1-252.5/lib/udev/rules.d/50-udev-default.rules:39 Unknown group 'video', ignoring
machine # [    2.022640] systemd-udevd[128]: /nix/store/ix9s83clbn715q3xh3isni1v8623vvhb-systemd-stage-1-252.5/lib/udev/rules.d/50-udev-default.rules:40 Unknown group 'video', ignoring
machine # [    2.030330] systemd-udevd[128]: /nix/store/ix9s83clbn715q3xh3isni1v8623vvhb-systemd-stage-1-252.5/lib/udev/rules.d/50-udev-default.rules:41 Unknown group 'video', ignoring
machine # [    2.037701] systemd-udevd[128]: /nix/store/ix9s83clbn715q3xh3[    2.722290] uhci_hcd 0000:00:01.2: UHCI Host Controller
machine # isni1v8623vvhb-s[    2.725071] uhci_hcd 0000:00:01.2: new USB bus registered, assigned bus number 1
machine # ystemd-stage-1-2[    2.728891] uhci_hcd 0000:00:01.2: detected 2 ports
machine # 52.5/lib/udev/rules.d/50-udev-de[    2.732328] uhci_hcd 0000:00:01.2: irq 11, io port 0x0000c180
machine # fault.rules:43 U[    2.735652] usb usb1: New USB device found, idVendor=1d6b, idProduct=0001, bcdDevice= 6.01
machine # nknown group 're[    2.739462] usb usb1: New USB device strings: Mfr=3, Product=2, SerialNumber=1
machine # nder', ignoring[    2.743233] usb usb1: Product: UHCI Host Controller
machine # [    2.746030] usb usb1: Manufacturer: Linux 6.1.15 uhci_hcd
machine # [    2.746392] ACPI: \_SB_.LNKB: Enabled at IRQ 11
machine # [    2.748533] usb usb1: SerialNumber: 0000:00:01.2
machine # [    2.749040] hub 1-0:1.0: USB hub found
machine # [    2.754973] hub 1-0:1.0: 2 ports detected
machine # 
machine # [    2.081950] systemd-udevd[128]: /nix/store/ix9s83clbn715q3xh3isni1v8623vvhb-systemd-stage-1-252.5/lib/udev/rules.d/50-udev-default.rules:44 Unknown group 'render', ignoring
machine # [    2.089545] systemd-udevd[128]: /nix/store/ix9s83clbn715q3xh3isni1v8623vvhb-systemd-stage-1-252.5/lib/udev/rules.d/50-udev-default.rules:46 Unknown group 'sgx', ignoring
machine # [    2.097151] systemd-udevd[128]: /nix/store/ix9s83clbn715q3xh3isni1v8623vvhb-systemd-stage-1-252.5/lib/udev/rules.d/50-udev-default.rules:47 Unknown group 'sgx', ignoring
machine # [    2.104707] systemd-udevd[128]: /nix/store/ix9s83clbn715q3xh3isni1v8623vvhb-systemd-stage-1-252.5/lib/udev/rules.d/50-udev-default.rules:53 Unknown group 'audio', ignoring
machine # [    2.112617] systemd-udevd[128]: /nix/store/ix9s83clbn715q3xh3isni1v8623vvhb-systemd-stage-1-252.5/lib/udev/rules.d/50-udev-default.rules:63 Unknown group 'audio', ignoring
machine # [    2.120324] systemd-udevd[128]: /nix/store/ix9s83clbn715q3xh3isni1v8623vvhb-systemd-stage-1-252.5/lib/udev/rules.d/50-udev-default.rules:64 Unknown group 'audio', ignoring
machine # [    2.127897] systemd-udevd[128]: /nix/store/ix9s83clbn715q3xh3isni1v8623vvhb-systemd-stage-1-252.5/lib/udev/rules.d/50-udev-default.rules:65 Unknown group 'video', ignoring
machine # [    2.135480] systemd-udevd[128]: /nix/store/ix9s83clbn715q3xh3isni1v8623vvhb-systemd-stage-1-252.5/lib/udev/rules.d/50-udev-default.rules:67 Unknown group 'lp', ignoring
machine # [    2.143208] systemd-udevd[128]: /nix/store/ix9s83clbn715q3xh3isni1v8623vvhb-systemd-stage-1-252.5/lib/udev/rules.d/50-udev-default.rules:68 Unknown group 'lp', ignoring
machine # [    2.150529] systemd-udevd[128]: /nix/store/ix9s83clbn715q3xh3isni1v8623vvhb-systemd-stage-1-252.5/lib/udev/rules.d/50-udev-default.rules:69 Unknown group 'lp', ignoring
machine # [    2.158098] systemd-udevd[128]: /nix/store/ix9s83clbn715q3xh3isni1v8623vvhb-systemd-stage-1-252.5/lib/udev/rules.d/50-udev-default.rules:70 Unknown group 'lp', ignoring
machine # [    2.165565] systemd-udevd[128]: /nix/store/ix9s83clbn715q3xh3isni1v8623vvhb-systemd-stage-1-252.5/lib/udev/rules.d/50-udev-default.rules:71 Unknown group 'lp', ignoring
machine # [    2.173285] systemd-udevd[128]: /nix/store/ix9s83clbn715q3xh3isni1v8623vvhb-systemd-stage-1-252.5/lib/udev/rules.d/50-udev-default.rules:72 Unknown group 'lp', ignoring
machine # [    2.180594] systemd-udevd[128]: /nix/store/ix9s83clbn715q3xh3isni1v8623vvhb-systemd-stage-1-252.5/lib/udev/rules.d/50-udev-default.rules:74 Unknown group 'disk', ignoring
machine # [    2.188103] systemd-udevd[128]: /nix/store/ix9s83clbn715q3xh3isni1v8623vvhb-systemd-stage-1-252.5/lib/udev/rules.d/50-udev-default.rules:75 Unknown group 'cdrom', ignoring
machine # [    2.195483] systemd-udevd[128]: /nix/store/ix9s83clbn715q3xh3isni1v8623vvhb-systemd-stage-1-252.5/lib/udev/rules.d/50-udev-default.rules:76 Unknown group 'cdrom', ignoring
machine # [    2.203359] systemd-udevd[128]: /nix/store/ix9s83clbn715q3xh3isni1v8623vvhb-systemd-stage-1-252.5/lib/udev/rules.d/50-udev-default.rules:77 Unknown group 'cdrom', ignoring
machine # [    2.210943] systemd-udevd[128]: /nix/store/ix9s83clbn715q3xh3isni1v8623vvhb-systemd-stage-1-252.5/lib/udev/rules.d/50-udev-default.rules:78 Unknown group 'cdrom', ignoring
machine # [    2.218437] systemd-udevd[128]: /nix/store/ix9s83clbn715q3xh3isni1v8623vvhb-systemd-stage-1-252.5/lib/udev/rules.d/50-udev-default.rules:79 Unknown group 'cdrom', ignoring
machine # [    2.226066] systemd-udevd[128]: /nix/store/ix9s83clbn715q3xh3isni1v8623vvhb-systemd-stage-1-252.5/lib/udev/rules.d/50-udev-default.rules:81 Unknown group 'tape', ignoring
machine # [    2.234149] systemd-udevd[128]: /nix/store/ix9s83clbn715q3xh3isni1v8623vvhb-s[    2.919530] scsi host0: ata_piix
machine # ystemd-stage-1-252.5/lib/udev/rules.d/50-udev-de[    2.922444] scsi host1: ata_piix
machine # fault.rules:82 U[    2.924578] ata1: PATA max MWDMA2 cmd 0x1f0 ctl 0x3f6 bmdma 0xc240 irq 14
machine # nknown group 'di[    2.927921] ata2: PATA max MWDMA2 cmd 0x170 ctl 0x376 bmdma 0xc248 irq 15
machine # sk', ignoring
machine # [    2.253515] systemd-udevd[128]: /nix/store/ix9s83clbn715q3xh3isni1v8623vvhb-systemd-stage-1-252.5/lib/udev/rules.d/50-udev-default.rules:83 Unknown group 'disk', ignoring
machine # [    2.261329] systemd-udevd[128]: /nix/store/ix9s83clbn715q3xh3isni1v8623vvhb-systemd-stage-1-252.5/lib/udev/rules.d/50-udev-default.rules:84 Unknown group 'disk', ignoring
machine # [    2.269002] systemd-udevd[128]: /nix/store/ix9s83clbn715q3xh3isni1v8623vvhb-systemd-stage-1-252.5/lib/udev/rules.d/50-udev-default.rules:85 Unknown group 'disk', ignoring
machine # [    2.276515] systemd-udevd[128]: /nix/store/ix9s83clbn715q3xh3isni1v8623vvhb-systemd-stage-1-252.5/lib/udev/rules.d/50-udev-default.rules:86 Unknown group 'disk', ignoring
machine # [    2.284003] systemd-udevd[128]: /nix/store/ix9s83clbn715q3xh3isni1v8623vvhb-systemd-stage-1-252.5/lib/udev/rules.d/50-udev-default.rules:87 Unknown group 'disk', ignoring
machine # [    2.293284] systemd-udevd[128]: /nix/store/ix9s83clbn715q3xh3isni1v8623vvhb-systemd-stage-1-252.5/lib/udev/rules.d/50-udev-de[    2.979883] usb 1-1: new full-speed USB device number 2 using uhci_hcd
machine # fault.rules:88 Unknown group 'disk', ignoring
machine # [    2.304516] systemd-udevd[128]: /nix/store/ix9s83clbn715q3xh3isni1v8623vvhb-systemd-stage-1-252.5/lib/udev/rules.d/50-udev-default.rules:97 Unknown group 'kvm', ignoring
machine # [    2.312125] systemd-udevd[128]: /nix/store/ix9s83clbn715q3xh3isni1v8623vvhb-systemd-stage-1-252.5/lib/udev/rules.d/50-udev-default.rules:102 Unknown group 'kvm', ignoring
machine # [    2.320389] systemd-udevd[128]: /nix/store/ix9s83clbn715q3xh3isni1v8623vvhb-systemd-stage-1-252.5/lib/udev/rules.d/50-udev-default.rules:104 Unknown group 'kvm', ignoring
machine # [    2.328097] systemd-udevd[128]: /nix/store/ix9s83clbn715q3xh3isni1v8623vvhb-systemd-stage-1-252.5/lib/udev/rules.d/50-udev-default.rules:106 Unknown group 'kvm', ignoring
machine # [    2.335954] systemd-udevd[131]: event_source: Failed to get device name: No such file or directory
machine # [    3.095388] ata2: found unknown device (class 0)
machine # [    3.100650] ata2.00: ATAPI: QEMU DVD-ROM, 2.5+, max UDMA/100
machine # [    3.109254] scsi 1:0:0:0: CD-ROM            QEMU     QEMU DVD-ROM     2.5+ PQ: 0 ANSI: 5
machine # [    3.153131] usb 1-1: New USB device found, idVendor=0627, idProduct=0001, bcdDevice= 0.00
machine # [    3.156975] usb 1-1: New USB device strings: Mfr=1, Product=3, SerialNumber=10
machine # [    3.160373] usb 1-1: Product: QEMU USB Tablet
machine # [    3.162535] usb 1-1: Manufacturer: QEMU
machine # [    3.164446] usb 1-1: SerialNumber: 28754-0000:00:01.2-1
machine # [    3.184010] input: AT Translated Set 2 keyboard as /devices/platform/i8042/serio0/input/input0
machine # [    3.191972] virtio_blk virtio5: 8/0/0 default/read/poll queues
machine # [    2.521576] systemd-udevd[132]: vtcon0: Process '/nix/store/ix9s83clbn715q3xh3isni1v8623vvhb-systemd-stage-1-252.5/lib/systemd/systemd-vconsole-setup' failed with exit code 1.
machine # [    3.215056] virtio_blk virtio5: [vda] 16777216 512-byte logical blocks (8.59 GB/8.00 GiB)
machine # [    3.221519] virtio_blk virtio6: 8/0/0 default/read/poll queues
machine # [    3.225413] hid: raw HID events driver (C) Jiri Kosina
machine # [    3.228478] 9pnet: Installing 9P2000 support
machine # [    3.237481] usbcore: registered new interface driver usbhid
machine # [    3.238519] virtio_blk virtio6: [vdb] 1048576 512-byte logical blocks (537 MB/512 MiB)
machine # [    3.240163] usbhid: USB HID core driver
machine # [    3.254622] input: QEMU QEMU USB Tablet as /devices/pci0000:00/0000:00:01.2/usb1/1-1/1-1:1.0/0003:0627:0001.0001/input/input2
machine # [    3.260926] hid-generic 0003:0627:0001.0001: input,hidraw0: USB HID v0.01 Mouse [QEMU QEMU USB Tablet] on usb-0000:00:01.2-1/input0
machine # [    2.589508] systemd-udevd[131]: Network interface NamePolicy= disabled on kernel command line.
machine # [    2.594919] systemd[1]: Found device /dev/vdb.
machine # [    3.286303] sr 1:0:0:0: [sr0] scsi3-mmc drive: 4x/4x cd/rw xa/form2 tray
machine # [    3.289335] cdrom: Uniform CD-ROM driver Revision: 3.20
machine # [    2.619593] systemd[1]: Starting Make File System on /dev/vdb...
machine # [    2.673543] systemd-makefs[165]: /dev/vdb successfully formatted as ext4 (label "vdb", uuid 010e1a7c-77dc-4cc4-b51e-6659ae7f0663)
machine # [    2.680570] systemd[1]: Finished Make File System on /dev/vdb.
machine # [    2.701372] systemd[1]: Mounting /sysroot...
machine # [    3.622270] EXT4-fs (vdb): mounted filesystem with ordered data mode. Quota mode: none.
machine # [    2.946063] systemd[1]: Mounted /sysroot.
machine # [    2.949264] systemd[1]: Reached target Initrd Root File System.
machine # [    2.973616] systemd[1]: Mounting /sysroot/nix/.ro-store...
machine # [    2.978021] systemd[1]: Mounting /sysroot/nix/.rw-store...
machine # [    2.982326] systemd[1]: Mounting /sysroot/tmp/shared...
machine # [    2.986602] systemd[1]: Mounting /sysroot/tmp/xchg...
machine # [    2.990626] systemd[1]: Starting Mountpoints Configured in the Real Root...
machine # [    2.997007] systemd[1]: Mounted /sysroot/nix/.rw-store.
machine # [    3.003895] systemd[1]: Starting rw-store.service...
machine # [    3.007907] systemd[1]: rw-store.service: Deactivated successfully.
machine # [    3.012661] systemd[1]: Finished rw-store.service.
machine # [    3.021315] systemd[1]: initrd-parse-etc.service: Deactivated successfully.
machine # [    3.026269] systemd[1]: Finished Mountpoints Configured in the Real Root.
machine # [    3.728029] FS-Cache: Loaded
machine # [    3.760595] 9p: Installing v9fs 9p2000 file system support
machine # [    3.086528] systemd[1]: Mounted /sysroot/nix/.ro-store.
machine # [    3.089892] systemd[1]: Mounted /sysroot/tmp/shared.
machine # [    3.093142] systemd[1]: Mounted /sysroot/tmp/xchg.
machine # [    3.107926] systemd[1]: Mounting /sysroot/nix/store...
machine # [    3.131473] systemd[1]: Mounted /sysroot/nix/store.
machine # [    3.135333] systemd[1]: Reached target Initrd File Systems.
machine # [    3.138632] systemd[1]: Reached target Local File Systems.
machine # [    3.161607] systemd[1]: Starting Create Volatile Files and Directories...
machine # [    3.173185] systemd[1]: Finished Create Volatile Files and Directories.
machine # [    3.177502] systemd[1]: Reached target System Initialization.
machine # [    3.180993] systemd[1]: Reached target Basic System.
machine # [    3.184457] systemd[1]: System is tainted: var-run-bad
machine # [    3.200135] systemd[1]: Starting NixOS Activation...
machine # [    3.451467] initrd-nixos-activation-start[196]: booting system configuration /nix/store/5c852c4xk9z2z411395a3j9b5zj08smp-nixos-system-machine-23.05pre-git
machine # [    3.543051] initrd-nixos-activation-start[196]: running activation script...
machine # [    4.254623] initrd-nixos-activation-start[225]: setting up /etc...
machine # [    6.335233] initrd-nixos-activation-start[339]: unpacking the NixOS/Nixpkgs sources...
machine # [    6.551259] initrd-nixos-activation-start[352]: ln: failed to create symbolic link '/root/.nix-defexpr/channels/channels': Read-only file system
machine # [    6.580965] systemd[1]: initrd-nixos-activation.service: Deactivated successfully.
machine # [    6.585510] systemd[1]: Finished NixOS Activation.
machine # [    6.588425] systemd[1]: initrd-nixos-activation.service: Consumed 1.090s CPU time.
machine # [    6.592637] systemd[1]: Reached target Initrd Default Target.
machine # [    6.610970] systemd[1]: Starting Cleaning Up and Shutting Down Daemons...
machine # [    6.620897] systemd[1]: Stopped target Initrd Default Target.
machine # [    6.624529] systemd[1]: Stopped target Basic System.
machine # [    6.627880] systemd[1]: Stopped target Initrd Root Device.
machine # [    6.631247] systemd[1]: Stopped target Path Units.
machine # [    6.634505] systemd[1]: systemd-ask-password-console.path: Deactivated successfully.
machine # [    6.639313] systemd[1]: Stopped Dispatch Password Requests to Console Directory Watch.
machine # [    6.643966] systemd[1]: Stopped target Slice Units.
machine # [    6.647353] systemd[1]: Stopped target Socket Units.
machine # [    6.650470] systemd[1]: Stopped target System Initialization.
machine # [    6.654042] systemd[1]: Stopped target Swaps.
machine # [    6.656968] systemd[1]: Stopped target Timer Units.
machine # [    6.660132] systemd[1]: systemd-sysctl.service: Deactivated successfully.
machine # [    6.664231] systemd[1]: Stopped Apply Kernel Variables.
machine # [    6.667488] systemd[1]: systemd-modules-load.service: Deactivated successfully.
machine # [    6.671581] systemd[1]: Stopped Load Kernel Modules.
machine # [    6.674628] systemd[1]: systemd-tmpfiles-setup.service: Deactivated successfully.
machine # [    6.678966] systemd[1]: Stopped Create Volatile Files and Directories.
machine # [    6.682611] systemd[1]: Stopped target Local File Systems.
machine # [    6.686084] systemd[1]: systemd-udev-trigger.service: Deactivated successfully.
machine # [    6.690318] systemd[1]: Stopped Coldplug All udev Devices.
machine # [    6.694043] systemd[1]: Stopping Rule-based Manager for Device Events and Files...
machine # [    6.698400] systemd[1]: run-credentials-systemd\x2dtmpfiles\x2dsetup.service.mount: Deactivated successfully.
machine # [    6.703628] systemd[1]: run-credentials-systemd\x2dsysctl.service.mount: Deactivated successfully.
machine # [    6.708552] systemd[1]: systemd-udevd.service: Deactivated successfully.
machine # [    6.712549] systemd[1]: Stopped Rule-based Manager for Device Events and Files.
machine # [    6.717151] systemd[1]: systemd-udevd.service: Consumed 2.196s CPU time.
machine # [    6.721178] systemd[1]: systemd-udevd-control.socket: Deactivated successfully.
machine # [    6.726019] systemd[1]: Closed udev Control Socket.
machine # [    6.729545] systemd[1]: systemd-udevd-kernel.socket: Deactivated successfully.
machine # [    6.733963] systemd[1]: Closed udev Kernel Socket.
machine # [    6.737252] systemd[1]: Starting Cleanup udev Database...
machine # [    6.740529] systemd[1]: systemd-tmpfiles-setup-dev.service: Deactivated successfully.
machine # [    6.745198] systemd[1]: Stopped Create Static Device Nodes in /dev.
machine # [    6.749080] systemd[1]: kmod-static-nodes.service: Deactivated successfully.
machine # [    6.753315] systemd[1]: Stopped Create List of Static Device Nodes.
machine # [    6.757162] systemd[1]: run-credentials-systemd\x2dtmpfiles\x2dsetup\x2ddev.service.mount: Deactivated successfully.
machine # [    6.762949] systemd[1]: initrd-cleanup.service: Deactivated successfully.
machine # [    6.766973] systemd[1]: Finished Cleaning Up and Shutting Down Daemons.
machine # [    6.770906] systemd[1]: initrd-udevadm-cleanup-db.service: Deactivated successfully.
machine # [    6.775339] systemd[1]: Finished Cleanup udev Database.
machine # [    6.778501] systemd[1]: Reached target Switch Root.
machine # [    6.781496] systemd[1]: Starting Switch Root...
machine # [    6.787953] systemd[1]: Switching root.
machine # [    7.477084] systemd-journald[117]: Received SIGTERM from PID 1 (systemd).
machine # [    7.830487] systemd[1]: systemd 252.5 running in system mode (+PAM +AUDIT -SELINUX +APPARMOR +IMA +SMACK +SECCOMP +GCRYPT -GNUTLS +OPENSSL +ACL +BLKID +CURL +ELFUTILS +FIDO2 +IDN2 -IDN +IPTC +KMOD +LIBCRYPTSETUP +LIBFDISK +PCRE2 -PWQUALITY +P11KIT -QRENCODE +TPM2 +BZIP2 +LZ4 +XZ +ZLIB +ZSTD +BPF_FRAMEWORK -XKBCOMMON +UTMP -SYSVINIT default-hierarchy=unified)
machine # [    7.844303] systemd[1]: Detected virtualization kvm.
machine # [    7.846771] systemd[1]: Detected architecture x86-64.
machine # [    7.855235] systemd[1]: Initializing machine ID from random generator.
machine # [    7.905593] audit: type=1334 audit(1678340608.513:4): prog-id=8 op=LOAD
machine # [    7.908879] audit: type=1334 audit(1678340608.513:5): prog-id=8 op=UNLOAD
machine # [    7.912090] audit: type=1334 audit(1678340608.514:6): prog-id=9 op=LOAD
machine # [    7.915173] audit: type=1334 audit(1678340608.514:7): prog-id=9 op=UNLOAD
machine # [    7.922461] audit: type=1334 audit(1678340608.530:8): prog-id=10 op=LOAD
machine # [    7.925604] audit: type=1334 audit(1678340608.530:9): prog-id=10 op=UNLOAD
machine # [    7.928820] audit: type=1334 audit(1678340608.530:10): prog-id=11 op=LOAD
machine # [    7.931872] audit: type=1334 audit(1678340608.530:11): prog-id=11 op=UNLOAD
machine # [    7.934932] audit: type=1334 audit(1678340608.535:12): prog-id=12 op=LOAD
machine # [    7.937921] audit: type=1334 audit(1678340608.535:13): prog-id=12 op=UNLOAD
machine # [    8.227249] systemd[1]: bpf-lsm: LSM BPF program attached
machine # [    9.097466] systemd[1]: systemd-journald.service: Current command vanished from the unit file, execution of the command list won't be resumed.
machine # [    9.111992] systemd[1]: initrd-switch-root.service: Current command vanished from the unit file, execution of the command list won't be resumed.
machine # [    9.169058] systemd[1]: initrd-switch-root.service: Deactivated successfully.
machine # [    9.184481] systemd[1]: Stopped initrd-switch-root.service.
machine # [    9.189934] systemd[1]: systemd-journald.service: Scheduled restart job, restart counter is at 1.
machine # [    9.195143] systemd[1]: Created slice Slice /system/getty.
machine # [    9.198954] systemd[1]: Created slice Slice /system/modprobe.
machine # [    9.202877] systemd[1]: Created slice User and Session Slice.
machine # [    9.206086] systemd[1]: Started Dispatch Password Requests to Console Directory Watch.
machine # [    9.210137] systemd[1]: Started Forward Password Requests to Wall Directory Watch.
machine # [    9.214006] systemd[1]: Reached target Local Encrypted Volumes.
machine # [    9.216967] systemd[1]: Stopped target initrd-fs.target.
machine # [    9.219500] systemd[1]: Stopped target initrd-root-fs.target.
machine # [    9.222227] systemd[1]: Stopped target initrd-switch-root.target.
machine # [    9.225330] systemd[1]: Reached target Containers.
machine # [    9.228037] systemd[1]: Reached target Path Units.
machine # [    9.230532] systemd[1]: Reached target Remote File Systems.
machine # [    9.233254] systemd[1]: Reached target Slice Units.
machine # [    9.235946] systemd[1]: Reached target Swaps.
machine # [    9.238256] systemd[1]: Reached target ZFS pool import target.
machine # [    9.247025] systemd[1]: Listening on Process Core Dump Socket.
machine # [    9.251058] systemd[1]: Listening on Userspace Out-Of-Memory (OOM) Killer Socket.
machine # [    9.257550] systemd[1]: Listening on udev Control Socket.
machine # [    9.260970] systemd[1]: Listening on udev Kernel Socket.
machine # [    9.275315] systemd[1]: Mounting Huge Pages File System...
machine # [    9.280350] systemd[1]: Mounting POSIX Message Queue File System...
machine # [    9.285958] systemd[1]: Mounting Kernel Debug File System...
machine # [    9.293453] systemd[1]: Starting Create List of Static Device Nodes...
machine # [    9.300120] systemd[1]: Starting Load Kernel Module configfs...
machine # [    9.305532] systemd[1]: Starting Load Kernel Module drm...
machine # [    9.311424] systemd[1]: Starting Load Kernel Module efi_pstore...
machine # [    9.317988] systemd[1]: Starting Load Kernel Module fuse...
machine # [    9.324249] systemd[1]: Starting mount-pstore.service...
machine # [    9.328228] systemd[1]: File System Check on Root Device was skipped because of an unmet condition check (ConditionPathIsReadWrite=!/).
machine # [    9.336477] systemd[1]: Stopped Journal Service.
machine # [    9.343402] systemd[1]: Starting Journal Service...
machine # [    9.346321] systemd[1]: systemd-makefs@dev-vdb.service: Deactivated successfully.
machine # [    9.362083] fuse: init (API version 7.37)
machine # [    9.375052] systemd[1]: Stopped systemd-makefs@dev-vdb.service.
machine # [    9.395404] systemd[1]: Starting Load Kernel Modules...
machine # [    9.401068] systemd[1]: Starting Remount Root and Kernel File Systems...
machine # [    9.419175] systemd[1]: Starting Coldplug All udev Devices...
machine # [    9.425883] systemd[1]: Mounted Huge Pages File System.
machine # [    9.429431] systemd[1]: Mounted POSIX Message Queue File System.
machine # [    9.433380] systemd[1]: Mounted Kernel Debug File System.
machine # [    9.437222] ACPI: bus type drm_connector registered
machine # [    9.451965] systemd[1]: Finished Create List of Static Device Nodes.
machine # [    9.456984] systemd[1]: modprobe@configfs.service: Deactivated successfully.
machine # [    9.459623] EXT4-fs (vdb): re-mounted. Quota mode: none.
machine # [    9.473963] systemd[1]: Finished Load Kernel Module configfs.
machine # [    9.478374] systemd[1]: Started Journal Service.
machine # [    9.513969] bridge: filtering via arp/ip/ip6tables is no longer available by default. Update your scripts to load br_netfilter if you need this.
machine # [    8.837228] systemd[1]: Queued start job for default target Multi-User System.
machine # [    8.844599] systemd[1]: systemd-journald.service: Deactivated successfully.
machine # [    8.852116] systemd[1]: modprobe@drm.service: Deactivated successfully.
machine # [    8.858005] systemd[1]: Finished Load Kernel Module drm.
machine # [    8.863386] systemd[1]: modprobe@efi_pstore.service: Deactivated successfully.
machine # [    9.551848] tun: Universal TUN/TAP device driver, 1.6
machine # [    8.869640] systemd-modules-load[382]: Inserted module 'bridge'
machine # [    8.879116] systemd[1]: Finished Load Kernel Module efi_pstore.
machine # [    8.884902] systemd[1]: modprobe@fuse.service: Deactivated successfully.
machine # [    8.890642] systemd-modules-load[382]: Inserted module 'macvlan'
machine # [    8.897043] systemd-modules-load[382]: Inserted module 'tap'
machine # [    8.902228] systemd[1]: Finished Load Kernel Module fuse.[    9.587123] spl: loading out-of-tree module taints kernel.
machine # 
machine # [    8.909918] systemd-modules-load[382]: Inserted module 'tun'
machine # [    8.916168] systemd[1]: Finished Remount Root and Kernel File Systems.
machine # [    9.610662] znvpair: module license 'CDDL' taints kernel.
machine # [    9.613409] Disabling lock debugging due to kernel taint
machine # [    8.938469] systemd[1]: Finished Coldplug All udev Devices.
machine # [    8.976964] systemd[1]: Mounting FUSE Control File System...
machine # [    8.985128] systemd[1]: Mounting Kernel Configuration File System...
machine # [    8.991676] systemd[1]: Starting Flush Journal to Persistent Storage...
machine # [    8.997582] systemd[1]: Starting Load/Save Random Seed...
machine # [    9.003650] systemd[1]: Starting Create Static Device Nodes in /dev...
machine # [    9.010493] systemd[1]: Mounted FUSE Control File System.
machine # [    9.016431] systemd[1]: Mounted Kernel Configuration File System.
machine # [    9.718206] systemd-journald[381]: Received client request to flush runtime journal.
machine # [    9.240400] systemd[1]: Finished Load/Save Random Seed.
machine # [    9.245113] systemd[1]: Finished Create Static Device Nodes in /dev.
machine # [    9.249248] systemd[1]: Reached target Preparation for Local File Systems.
machine # [    9.253616] systemd[1]: Starting Rule-based Manager for Device Events and Files...
machine # [    9.348935] systemd-udevd[404]: Using default interface naming scheme 'v252'.
machine # [    9.456018] systemd[1]: Finished Flush Journal to Persistent Storage.
machine # [    9.468071] systemd[1]: Started Rule-based Manager for Device Events and Files.
machine # [    9.529892] systemd[1]: Condition check resulted in /dev/ttyS0 being skipped.
machine # [    9.535542] systemd[1]: Condition check resulted in /dev/hvc0 being skipped.
machine # [   10.223461] ZFS: Loaded module v2.1.9-1, ZFS pool version 5000, ZFS filesystem version 5
machine # [    9.542411] systemd-udevd[419]: Network interface NamePolicy= disabled on kernel command line.
machine # [    9.552633] systemd-modules-load[382]: Inserted module 'zfs'
machine # [   10.251314] loop: module loaded
machine # [    9.571274] systemd-modules-load[382]: Inserted module 'loop'
machine # [    9.585020] systemd-udevd[422]: event_source: Failed to get device name: No such file or directory
machine # [    9.601331] systemd[1]: Finished Load Kernel Modules.
machine # [   10.288436] mousedev: PS/2 mouse device common for all mice
machine # [    9.609059] systemd[1]: Starting Firewall...
machine # [    9.618211] systemd[1]: Starting Apply Kernel Variables...
machine # [    9.623288] systemd[1]: Starting Mount ZFS filesystems...
machine # [   10.310660] input: Power Button as /devices/LNXSYSTM:00/LNXPWRBN:00/input/input3
machine # [   10.316570] ACPI: button: Power Button [PWRF]
machine # [   10.350313] Floppy drive(s): fd0 is 2.88M AMI BIOS
machine # [   10.355206] parport_pc 00:03: reported by Plug and Play ACPI
machine # [   10.360086] parport0: PC-style at 0x378, irq 7 [PCSPP(,...)]
machine # [   10.371851] FDC 0 is a S82078B
machine # [   10.377548] Linux agpgart interface v0.103
machine # [   10.387177] piix4_smbus 0000:00:01.3: SMBus Host Controller at 0x700, revision 0
machine # [    9.713321] systemd[1]: Finished Mount ZFS filesystems.
machine # [    9.719938] systemd[1]: Reach[   10.403903] input: VirtualPS/2 VMware VMMouse as /devices/platform/i8042/serio1/input/input6
machine # ed target Local File Systems.
machine # [   10.406209] input: QEMU Virtio Keyboard as /devices/pci0000:00/0000:00:0a.0/virtio7/input/input4
machine # [   10.412136] input: VirtualPS/2 VMware VMMouse as /devices/platform/i8042/serio1/input/input5
machine # [    9.736551] systemd[1]: Starting Create Volatile Files and Directories...
machine # [    9.747381] systemd[1]: Finished Apply Kernel Variables.
machine # [   10.456157] RAPL PMU: API unit is 2^-32 Joules, 0 fixed counters, 10737418240 ms ovfl timer
machine # [   10.475888] cryptd: max_cpu_qlen set to 1000
machine # [   10.506829] AVX2 version of gcm_enc/dec engaged.
machine # [   10.512205] AES CTR mode by8 optimization enabled
machine # [   10.521584] bochs-drm 0000:00:02.0: vgaarb: deactivate vga console
machine # [    9.842414] systemd[1]: Finished Create Volatile Files and Directories.
machine # [   10.553308] Console: switching to colour dummy device 80x25
machine # [   10.557442] [drm] Found bochs VGA, ID 0xb0c5.
machine # [   10.560249] [drm] Framebuffer size 16384 kB @ 0xfd000000, mmio @ 0xfebd0000.
machine # [    9.879220] systemd[1]: Starting Rebuild Journal Catalog...
machine # [    9.892392] systemd[1]: Starting Userspace Out-Of-Memory (OOM) Killer...
machine # [   10.581374] [drm] Found EDID data blob.
machine # [    9.901543] s[   10.584185] [drm] Initialized bochs-drm 1.0.0 20130925 for 0000:00:02.0 on minor 0
machine # ystemd[1]: Starting Record System Boot/Shutdown in UTMP...
machine # [   10.590241] fbcon: bochs-drmdrmfb (fb0) is primary device
machine # [   10.610433] Console: switching to colour frame buffer device 160x50
machine # [   10.620495] bochs-drm 0000:00:02.0: [drm] fb0: bochs-drmdrmfb frame buffer device
machine # [    9.963678] systemd[1]: Finished Record System Boot/Shutdown in UTMP.
machine # [    9.998089] systemd[1]: Finished Rebuild Journal Catalog.
machine # [   10.011525] systemd-oomd[486]: Swap is currently not detected; memory pressure usage will be degraded
machine # [   10.020460] systemd[1]: Starting Update is Completed...
machine # [   10.028041] systemd[1]: Started Userspace Out-Of-Memory (OOM) Killer.
machine # [   10.158309] systemd[1]: Finished Update is Completed.
machine # [   11.195992] ppdev: user-space parallel port driver
machine # [   10.870882] f4xrzmq3i4d8ywd9vz5c0kafbb83b1jq-mount-pstore.sh[388]: Persistent Storage backend was not registered in time.
machine # [   10.901039] systemd[1]: Finished mount-pstore.service.
machine # [   10.907515] systemd[1]: Platform Persistent Storage Archival was skipped because of an unmet condition check (ConditionDirectoryNotEmpty=/sys/fs/pstore).
machine # [   10.920599] systemd[1]: Reached target System Initialization.
machine # [   10.926264] systemd[1]: Started logrotate.timer.
machine # [   10.931286] systemd[1]: Started Daily Cleanup of Temporary Directories.
machine # [   10.936508] systemd[1]: Started zpool-trim.timer.
machine # [   10.940283] systemd[1]: Reached target Timer Units.
machine # [   10.951062] systemd[1]: Listening on D-Bus System Message Bus Socket.
machine # [   10.967488] systemd[1]: Listening on Nix Daemon Socket.
machine # connecting to host...
machine # [   10.987561] systemd[1]: Reached target Socket Units.
machine # [   11.677448] Key type encrypted registered
machine # [   11.000617] dhcpcd[579]: dhcpcd-9.4.1 starting
machine # [   11.004100] j72arpq1dfn7q59irzji3xwljjdiq8vs-audit-disable[585]: No rules
machine # [   11.006931] systemd[1]: Reached target Basic System.
machine # [   11.008000] dhcpcd[590]: dev: loaded udev
machine # [   11.015919] logrotate[580]: warning: logrotate in debug mode does nothing except printing debug messages!  Consider using verbose mode (-v) instead if this is not what you want.
machine # [   11.016997] logrotate[580]: reading config file /nix/store/ysgfy4413nrn23ddins98pcrk81bmzsy-logrotate.conf
machine # [   11.017943] logrotate[580]: note: 'monthly' overrides previously specified 'weekly'
machine: connected to guest root shell
machine: (connecting took 12.54 seconds)
(finished: waiting for the VM to finish booting, in 12.56 seconds)
machine # [   11.018477] logrotate[580]: Reading state from file: /var/lib/logrotate.status
machine # [   11.025711] logrotate[580]: state file /var/lib/logrotate.status does not exist
machine # [   11.026543] logrotate[580]: Allocating hash table for state file, size 64 entries
machine # [   11.031434] logrotate[580]: Handling 2 logs
machine # [   11.037930] logrotate[580]: rotating pattern: "/var/log/btmp"  monthly (1 rotations)
machine # [   11.038469] logrotate[580]: empty log files are not rotated, only log files >= 1048576 bytes are rotated, old logs are removed
machine # [   11.046032] logrotate[580]: considering log /var/log/btmp
machine # [   11.047967] logrotate[580]: Creating new state
machine # [   11.048479] logrotate[580]:   Now: 2023-03-09 05:43
machine # [   11.053398] logrotate[580]:   Last rotated at 2023-03-09 05:00
machine # [   11.057086] logrotate[580]:   log does not need rotating (log has already been rotated)
machine # [   11.058155] logrotate[580]: rotating pattern: "/var/log/wtmp"  monthly (1 rotations)
machine # sh: cannot set terminal process group (-1): Inappropriate ioctl for device
machine # [   11.065363] logrotate[580]: empty log files are not rotated, only log files >= 1048576 bytes are rotated, old logs are removed
machine # sh: no job control in this shell
machine # [   11.072206] logrotate[580]: considering log /var/log/wtmp
machine # [   11.078171] logrotate[580]: Creating new state
machine # [   11.078915] logrotate[580]:   Now: 2023-03-09 05:43
machine # [   11.079542] logrotate[580]:   Last rotated at 2023-03-09 05:00
machine # [   11.081134] logrotate[580]:   log does not need rotating (log has already been rotated)
machine # [   11.082610] systemd[1]: Starting Kernel Auditing...
machine # [   11.086633] systemd[1]: Started backdoor.service.
machine # [   11.088630] systemd[1]: Starting DHCP Client...
machine # [   11.091620] nsncd[581]: Mar 09 05:43:32.328 INFO started, handoff_timeout: 3s, worker_count: 8, path: "/var/run/nscd/socket"
machine # [   11.095688] systemd[1]: Starting Logrotate configuration check...
machine # [   11.097275] systemd[1]: Starting Name Service Cache Daemon (nsncd)...
machine # [   11.100600] zed[589]: ZFS Event Daemon 2.1.9-1 (PID 589)
machine # [   11.102278] zed[589]: Processing events since eid=0
machine # [   11.105027] systemd[1]: Started Reset console on configuration changes.
machine # [   11.106336] systemd[1]: Starting resolvconf update...
machine # [   11.108305] systemd[1]: Starting ZFS file system shares...
machine # [   11.110324] systemd[1]: Started ZFS Event Daemon (zed).
machine # [   11.112505] systemd[1]: Finished Logrotate configuration check.
machine # [   11.841605] 8021q: 802.1Q VLAN Support v1.8
machine # [   11.160170] systemd[1]: Finished Kernel Auditing.
machine # [   11.165478] systemd[1]: Started Name Service Cache Daemon (nsncd).
machine # [   11.853817] EDAC MC: Ver: 3.0.0
machine # [   11.187355] systemd[1]: Finished ZFS file system shares.
machine # [   11.192188] systemd[1]: Reached target Host and Network Name Lookups.
machine # [   11.194434] systemd[1]: Reached target User and Group Name Lookups.
machine # [   11.199164] systemd[1]: Reached target ZFS startup target.
(finished: must succeed: echo hello, in 12.70 seconds)
(finished: subtest: Assert readiness of login prompt, in 12.70 seconds)
subtest: Wait for hard disks to appear in /dev
machine: must succeed: udevadm settle
machine # [   11.213524] systemd[1]: Starting D-Bus System Message Bus...
machine # [   11.219695] systemd[1]: Starting User Login Management...
machine # [   11.230024] systemd[1]: Listening on Load/Save RF Kill Switch Status /dev/rfkill Watch.
machine # [   11.259088] systemd[1]: Stopped target Host and Network Name Lookups.
machine # [   11.261005] systemd[1]: Stopping Host and Network Name Lookups...
machine # [   11.267073] systemd[1]: Stopped target User and Group Name Lookups.
machine # [   11.268607] systemd[1]: Stopping User and Group Name Lookups...
machine # [   11.277406] systemd[1]: Stopping Name Service Cache Daemon (nsncd)...
machine # [   11.279295] systemd[1]: nscd.service: Deactivated successfully.
machine # [   11.294543] systemd[1]: Stopped Name Service Cache Daemon (nsncd).
machine # [   11.307130] systemd[1]: Starting Name Service Cache Daemon (nsncd)...
machine # [   11.324271] dbus-daemon[650]: dbus[650]: Unknown username "systemd-timesync" in message bus configuration file
machine # [   11.327975] systemd-logind[656]: New seat seat0.
machine # [   11.331499] systemd-logind[656]: Watching system buttons on /dev/input/event2 (Power Button)
machine # [   11.336446] systemd-logind[656]: Watching system buttons on /dev/input/event4 (QEMU Virtio Keyboard)
machine # [   11.342094] systemd-logind[656]: Watching system buttons on /dev/input/event0 (AT Translated Set 2 keyboard)
machine # [   11.405078] nsncd[665]: Mar 09 05:43:32.694 INFO started, handoff_timeout: 3s, worker_count: 8, path: "/var/run/nscd/socket"
machine # [   11.567329] systemd[1]: Finished resolvconf update.
machine # [   11.568292] systemd[1]: Started Name Service Cache Daemon (nsncd).
machine # [   11.571289] systemd[1]: Started D-Bus System Message Bus.
machine # [   11.573644] systemd[1]: Reached target Host and Network Name Lookups.
machine # [   11.576448] dbus-daemon[650]: [system] Successfully activated service 'org.freedesktop.systemd1'
machine # [   11.579619] systemd[1]: Reached target User and Group Name Lookups.
machine # [   11.582287] systemd[1]: Started User Login Management.
machine # [   12.361819] cfg80211: Loading compiled-in X.509 certificates for regulatory database
machine # [   12.420090] cfg80211: Loaded X.509 cert 'sforshee: 00b28ddf47aef9cea7'
machine # [   12.545294] 8021q: adding VLAN 0 to HW filter on device eth0
machine # [   11.867539] dhcpcd[590]: eth0: waiting for carrier
machine # [   11.869356] dhcpcd[590]: eth0: carrier acquired
machine # [   11.892302] dhcpcd[590]: DUID 00:01:00:01:2b:9c:2e:85:52:54:00:12:34:56
machine # [   11.893257] dhcpcd[590]: eth0: IAID 00:12:34:56
machine # [   11.894729] dhcpcd[590]: eth0: adding address fe80::5054:ff:fe12:3456
machine # [   12.234362] systemd[1]: Finished Firewall.
machine # [   12.236064] systemd[1]: Reached target Preparation for Network.
machine # [   12.237584] systemd[1]: Reached target All Network Interfaces (deprecated).
machine # [   12.265157] systemd[1]: Starting Networking Setup...
machine # [   12.279231] dhcpcd[590]: eth0: soliciting an IPv6 router
machine # [   12.455093] systemd[1]: Finished Networking Setup.
machine # [   12.471463] systemd[1]: Starting Extra networking commands....
machine # [   12.505529] systemd[1]: Finished Extra networking commands..
machine # [   12.507142] systemd[1]: Reached target Network.
machine # [   12.526921] systemd[1]: Starting SSH Daemon...
machine # [   12.531199] systemd[1]: Starting Permit User Sessions...
machine # [   12.536578] dhcpcd[590]: eth0: soliciting a DHCP lease
machine # [   13.251447] NET: Registered PF_PACKET protocol family
machine # [   12.592443] dhcpcd[590]: eth0: offered 10.0.2.15 from 10.0.2.2
machine # [   12.597588] dhcpcd[590]: eth0: leased 10.0.2.15 for 86400 seconds
machine # [   12.598563] dhcpcd[590]: eth0: adding route to 10.0.2.0/24
machine # [   12.603658] systemd[1]: Finished Permit User Sessions.
machine # [   12.609464] dhcpcd[590]: eth0: adding default route via 10.0.2.2
machine # [   12.622041] systemd[1]: Started Getty on tty1.
machine # [   12.622691] systemd[1]: Reached target Login Prompts.
machine # [   12.781090] systemd[1]: Stopped target Host and Network Name Lookups.
machine # [   12.782025] systemd[1]: Stopping Host and Network Name Lookups...
machine # [   12.783455] systemd[1]: Stopped target User and Group Name Lookups.
machine # [   12.785457] systemd[1]: Stopping User and Group Name Lookups...
machine # [   12.788261] systemd[1]: Stopping Name Service Cache Daemon (nsncd)...
machine # [   12.802676] systemd[1]: nscd.service: Deactivated successfully.
machine # [   12.817194] systemd[1]: Stopped Name Service Cache Daemon (nsncd).
machine # [   12.831363] systemd[1]: Starting Name Service Cache Daemon (nsncd)...
machine # [   12.866372] systemd[1]: Started Name Service Cache Daemon (nsncd).
machine # [   12.867580] nsncd[833]: Mar 09 05:43:34.156 INFO started, handoff_timeout: 3s, worker_count: 8, path: "/var/run/nscd/socket"
machine # [   12.870287] systemd[1]: Reached target Host and Network Name Lookups.
machine # [   12.872361] systemd[1]: Reached target User and Group Name Lookups.
machine # [   12.882121] dhcpcd[579]: Failed to reload-or-try-restart ntpd.service: Unit ntpd.service not found.
machine # [   12.883434] dhcpcd[579]: Failed to reload-or-try-restart openntpd.service: Unit openntpd.service not found.
machine # [   12.885241] dhcpcd[579]: Failed to reload-or-try-restart chronyd.service: Unit chronyd.service not found.
machine # [   12.896451] systemd[1]: Started DHCP Client.
machine # [   12.898416] systemd[1]: Reached target Network is Online.
(finished: must succeed: udevadm settle, in 1.77 seconds)
(finished: subtest: Wait for hard disks to appear in /dev, in 1.77 seconds)
machine: must succeed: flock /dev/vda parted --script /dev/vda -- mklabel msdos mkpart primary linux-swap 1M 1024M mkpart primary ext2 1024M -1s
(finished: must succeed: flock /dev/vda parted --script /dev/vda -- mklabel msdos mkpart primary linux-swap 1M 1024M mkpart primary ext2 1024M -1s, in 0.14 seconds)
machine: must succeed: udevadm settle
(finished: must succeed: udevadm settle, in 0.54 seconds)
machine: must succeed: mkswap /dev/vda1 -L swap
(finished: must succeed: mkswap /dev/vda1 -L swap, in 0.06 seconds)
machine: must succeed: swapon -L swap
machine # [   14.447439] Adding 999420k swap on /dev/vda1.  Priority:-2 extents:1 across:999420k FS
machine # [   13.766444] dhcpcd[590]: eth0: Router Advertisement from fe80::2
machine # [   13.770151] dhcpcd[590]: eth0: adding address fec0::5054:ff:fe12:3456/64
machine # [   13.771497] dhcpcd[590]: eth0: adding route to fec0::/64
machine # [   13.773094] dhcpcd[590]: eth0: adding default route via fe80::2
(finished: must succeed: swapon -L swap, in 0.06 seconds)
machine: must succeed: mkfs.ext3 -L nixos /dev/vda2
machine # mke2fs 1.46.5 (30-Dec-2021)
machine # [   14.043365] sshd-pre-start[783]: Generating public/private rsa key pair.
machine # [   14.044239] sshd-pre-start[783]: Your identification has been saved in /etc/ssh/ssh_host_rsa_key
machine # [   14.046285] sshd-pre-start[783]: Your public key has been saved in /etc/ssh/ssh_host_rsa_key.pub
machine # [   14.048092] sshd-pre-start[783]: The key fingerprint is:
machine # [   14.048452] sshd-pre-start[783]: SHA256:yymmByRUbzYvJZA034CvYrTlgcQEFSc/Pt6+NQPZrbg root@machine
machine # [   14.049699] sshd-pre-start[783]: The key's randomart image is:
machine # [   14.050648] sshd-pre-start[783]: +---[RSA 4096]----+
machine # [   14.052010] sshd-pre-start[783]: |.==+*o.          |
machine # [   14.052467] sshd-pre-start[783]: |  ++o= o         |
machine # [   14.054045] sshd-pre-start[783]: | o .o.B o        |
machine # [   14.054497] sshd-pre-start[783]: |  +.++.B .       |
machine # [   14.056073] sshd-pre-start[783]: | . *oo+ S .      |
machine # [   14.056439] sshd-pre-start[783]: |  +.+o = +       |
machine # [   14.057937] sshd-pre-start[783]: | . ...= O        |
machine # [   14.058640] sshd-pre-start[783]: |     +.+ o       |
machine # [   14.059866] sshd-pre-start[783]: |    ..E.         |
machine # [   14.060393] sshd-pre-start[783]: +----[SHA256]-----+
machine # [   14.102497] sshd-pre-start[874]: Generating public/private ed25519 key pair.
machine # [   14.102988] sshd-pre-start[874]: Your identification has been saved in /etc/ssh/ssh_host_ed25519_key
machine # [   14.103529] sshd-pre-start[874]: Your public key has been saved in /etc/ssh/ssh_host_ed25519_key.pub
machine # [   14.104994] sshd-pre-start[874]: The key fingerprint is:
machine # [   14.105515] sshd-pre-start[874]: SHA256:XL/UO1mpPwmOqH7x+U2iWPkQEg2nBMVs9UadgziCEg0 root@machine
machine # [   14.107073] sshd-pre-start[874]: The key's randomart image is:
machine # [   14.107531] sshd-pre-start[874]: +--[ED25519 256]--+
machine # [   14.108937] sshd-pre-start[874]: |     E+.*+.o..o .|
machine # [   14.109380] sshd-pre-start[874]: |     . o.==oo. + |
machine # [   14.110616] sshd-pre-start[874]: |      . .oo..o  .|
machine # [   14.112018] sshd-pre-start[874]: |       . .....  .|
machine # [   14.112511] sshd-pre-start[874]: |        S. .o ...|
machine # [   14.113979] sshd-pre-start[874]: |         ...oo.+ |
machine # [   14.114398] sshd-pre-start[874]: |          ++=o=..|
machine # [   14.115663] sshd-pre-start[874]: |         oo++.=+ |
machine # [   14.117034] sshd-pre-start[874]: |      .oo. ..o o.|
machine # [   14.117532] sshd-pre-start[874]: +----[SHA256]-----+
machine # [   14.159407] systemd[1]: Started SSH Daemon.
machine # [   14.161649] systemd[1]: Reached target Multi-User System.
machine # [   14.162471] systemd[1]: Startup finished in 1.537s (kernel) + 5.478s (initrd) + 7.145s (userspace) = 14.161s.
(finished: must succeed: mkfs.ext3 -L nixos /dev/vda2, in 0.41 seconds)
machine: must succeed: mount LABEL=nixos /mnt
machine # [   14.221880] sshd[875]: Server listening on 0.0.0.0 port 22.
machine # [   14.223616] sshd[875]: Server listening on :: port 22.
machine # [   14.936218] EXT4-fs (vda2): mounting ext3 file system using the ext4 subsystem
machine # [   14.951277] EXT4-fs (vda2): mounted filesystem with ordered data mode. Quota mode: none.
(finished: must succeed: mount LABEL=nixos /mnt, in 0.08 seconds)
subtest: Create the NixOS configuration
machine: must succeed: nixos-generate-config --root /mnt
machine # [   14.284475] login[784]: pam_unix(login:session): session opened for user nixos(uid=1000) by LOGIN(uid=0)
machine # [   14.366202] systemd[1]: Created slice Slice /user/1000.
machine # [   14.368391] systemd[1]: Starting User Runtime Directory /run/user/1000...
machine # [   14.378874] systemd-logind[656]: New session 1 of user nixos.
machine # [   14.436349] systemd[1]: Finished User Runtime Directory /run/user/1000.
machine # [   14.457380] systemd[1]: Starting User Manager for UID 1000...
machine # [   14.495172] systemd[888]: pam_unix(systemd-user:session): session opened for user nixos(uid=1000) by (uid=0)
machine # writing /mnt/etc/nixos/hardware-configuration.nix...
machine # writing /mnt/etc/nixos/configuration.nix...
machine # For more hardware-specific settings, see https://github.com/NixOS/nixos-hardware.
(finished: must succeed: nixos-generate-config --root /mnt, in 0.64 seconds)
machine: must succeed: cat /mnt/etc/nixos/hardware-configuration.nix >&2
machine # [   14.955354] systemd[888]: Queued start job for default target Main User Target.
machine # # Do not modify this file!  It was generated by nixos-generate-config
machine # # and may be overwritten by future invocations.  Please make changes
machine # # to /etc/nixos/configuration.nix instead.
machine # { config, lib, pkgs, modulesPath, ... }:
machine # 
machine # {
machine #   imports =
machine #     [ (modulesPath + "/profiles/qemu-guest.nix")
machine #     ];
machine # 
machine #   boot.initrd.availableKernelModules = [ "ata_piix" "uhci_hcd" "virtio_pci" "floppy" "sr_mod" "virtio_blk" ];
machine #   boot.initrd.kernelModules = [ ];
machine #   boot.kernelModules = [ "kvm-intel" ];
machine #   boot.extraModulePackages = [ ];
machine # 
machine #   fileSystems."/" =
machine #     { device = "/dev/disk/by-uuid/1cfe0d07-08f0-4d98-8bab-9d4d00ed636e";
machine #       fsType = "ext3";
machine #     };
machine # 
machine #   swapDevices =
machine #     [ { device = "/dev/disk/by-uuid/90027a9c-193d-4e85-aa49-42d85c5e9493"; }
machine #     ];
machine # 
machine #   # Enables DHCP on each ethernet and wireless interface. In case of scripted networking
machine #   # (the default) this is the recommended approach. When using systemd-networkd it's
machine #   # still possible to use this option, but it's recommended to use it in conjunction
machine #   # with explicit per-interface declarations with `networking.interfaces.<interface>.useDHCP`.
machine #   networking.useDHCP = lib.mkDefault true;
machine #   # networking.interfaces.eth0.useDHCP = lib.mkDefault true;
machine # 
machine #   nixpkgs.hostPlatform = lib.mkDefault "x86_64-linux";
machine #   hardware.cpu.intel.updateMicrocode = lib.mkDefault config.hardware.enableRedistributableFirmware;
machine # }
(finished: must succeed: cat /mnt/etc/nixos/hardware-configuration.nix >&2, in 0.10 seconds)
machine: must succeed: mkdir -p /tmp/shared/tmphqjudpm8
machine # [   15.024076] systemd[888]: Created slice User Application Slice.
machine # [   15.028054] systemd[888]: Reached target Paths.
machine # [   15.031210] systemd[888]: Reached target Timers.
machine # [   15.056194] systemd[888]: Starting D-Bus User Message Bus Socket...
(finished: must succeed: mkdir -p /tmp/shared/tmphqjudpm8, in 0.05 seconds)
machine: must succeed: mkdir -p /mnt/etc/nixos
machine # [   15.107022] systemd[888]: Listening on D-Bus User Message Bus Socket.
(finished: must succeed: mkdir -p /mnt/etc/nixos, in 0.04 seconds)
machine: must succeed: cp -r /tmp/shared/tmphqjudpm8/vrhlwa9i00kr98f7jxawfnnqj6z64yz5-configuration.nix /mnt/etc/nixos/configuration.nix
machine # [   15.111622] systemd[888]: Reached target Sockets.
machine # [   15.114457] systemd[888]: Reached target Basic System.
machine # [   15.115408] systemd[1]: Started User Manager for UID 1000.
machine # [   15.130881] systemd[1]: Started Session 1 of User nixos.
machine # [   15.138594] systemd[888]: Starting Run user-specific NixOS activation...
machine # [   15.157022] systemd[888]: Finished Run user-specific NixOS activation.
machine # [   15.162526] systemd[888]: Reached target Main User Target.
machine # [   15.163504] systemd[888]: Startup finished in 620ms.
(finished: must succeed: cp -r /tmp/shared/tmphqjudpm8/vrhlwa9i00kr98f7jxawfnnqj6z64yz5-configuration.nix /mnt/etc/nixos/configuration.nix, in 0.06 seconds)
machine: must succeed: mkdir -p /tmp/shared/tmpjizbcnv8
(finished: must succeed: mkdir -p /tmp/shared/tmpjizbcnv8, in 0.05 seconds)
machine: must succeed: mkdir -p /mnt/etc/nixos
(finished: must succeed: mkdir -p /mnt/etc/nixos, in 0.05 seconds)
machine: must succeed: cp -r /tmp/shared/tmpjizbcnv8/kfx27q2scxy6aqrg0z7jsqz13bv22x27-secret /mnt/etc/nixos/secret
(finished: must succeed: cp -r /tmp/shared/tmpjizbcnv8/kfx27q2scxy6aqrg0z7jsqz13bv22x27-secret /mnt/etc/nixos/secret, in 0.06 seconds)
(finished: subtest: Create the NixOS configuration, in 1.05 seconds)
subtest: Perform the installation
machine: must succeed: nixos-install < /dev/null >&2
machine # copying channel...
machine # building the configuration in /mnt/etc/nixos/configuration.nix...
machine # these 248 derivations will be built:
machine #   /nix/store/01azjqnkv7yyrg282wdl65lngf855vbz-audit-disable.drv
machine #   /nix/store/w6fqwsi0by5ajj93m56nj7h3rq887n2m-unit-script-network-local-commands-start.drv
machine #   /nix/store/02kdz66wk077xz9hhq35m4vix7ga3yfm-unit-network-local-commands.service.drv
machine #   /nix/store/cqpk8wj5b6bkfzgp71w3w8ra428q3inq-mount-pstore.sh.drv
machine #   /nix/store/07j4zyfljazak1jcikwl1qh6xk78bq4f-unit-mount-pstore.service.drv
machine #   /nix/store/09m9hpvj9wz0sccy3z6pcb7r6jr4yr50-vlock.pam.drv
machine #   /nix/store/0mlsiflzszygyxb17f0l7pabb1f06vkv-initrd-shadow.drv
machine #   /nix/store/12l5cd0aywmapdcrpx7iizj74ia64hfn-other.pam.drv
machine #   /nix/store/133raxrib512vsznnqw3i8l3il7s0ca0-chfn.pam.drv
machine #   /nix/store/1bygfchgc9fwkhmwdxkyvf4yav1nnmdy-etc-logind.conf.drv
machine #   /nix/store/4l9b9bv6zdgjhi5cd4r3l1lbzvm83992-extra-hwdb-file.drv
machine #   /nix/store/b0fchk8yv6da2zqwn5b7q8i39xmap3vv-ipv6-privacy-extensions.rules.drv
machine #   /nix/store/cny9vqxh7i7cx92pcfjxmhcx5ymrs5zx-ipv6-privacy-extensions.rules.drv
machine #   /nix/store/rnf84p4l27da1rz7xz2cdbbf2aykvm6q-extra-udev-rules.drv
machine #   /nix/store/1cn3jx9977m8r4j1lha8ai6ir718kbll-hwdb.bin.drv
machine #   /nix/store/1hcw5179k1z9958difk7kw1ib57igm0y-locale.conf.drv
machine #   /nix/store/2vh2wgg28jk8j69jkbc4cnhlp7i2b1ph-builder.pl.drv
machine #   /nix/store/7043vvxwq7gg962pmrzr0yxx93z01zw8-die-hook.drv
machine #   /nix/store/q5ynfl04kpa2hj470a7has6932cyhy8c-make-shell-wrapper-hook.drv
machine #   /nix/store/rkvlw69wqbf1j748l76ck96zqpri02qy-perl-5.36.0-env.drv
machine #   /nix/store/5b3yyj3kjjqc9f0hlqmqnwy5agd3r366-command-not-found.drv
machine #   /nix/store/812dnvaska9ziwchqn99kgddy2b6986v-nixos-rebuild.drv
machine #   /nix/store/arwl9cswf7x65il3m9lgv8g4xnsxsixs-nixos-enter.drv
machine #   /nix/store/b0nzimqaan68ql685s24dhbcfbb713qm-getconf-glibc-2.35-224.drv
machine #   /nix/store/1p6y3swzp8b0cxlq8sj6a9pc8vbbsh1m-perl-5.36.0-env.drv
machine #   /nix/store/c93v04fzv5bvgjy7s0z7j733ymxsz809-nixos-generate-config.drv
machine #   /nix/store/dy6l8fmx164ps3nz3xlhwvx6qa118yqi-nixos-build-vms.drv
machine #   /nix/store/gfjpig7i2s6m74scdlp7p0mcmi9rv89y-nixos-install.drv
machine #   /nix/store/h6cr5svyrkwd6jrz6jkl9k5xlh1lx5s8-nixos-container.drv
machine #   /nix/store/nx9dkia8328rf31yb4piiw0p7k32gz91-nixos-version.drv
machine #   /nix/store/424zfdpdhf2qvashcs5plvjvknp64gzh-system-path.drv
machine #   /nix/store/1jfg7gx49qps6amspw14hsc6nsbaqvdh-dbus-1.drv
machine #   /nix/store/2qvzqpb2kp24y0qrs4wx5q3d2wi49bzq-extra-hosts.drv
machine #   /nix/store/7y5r99l0rpcmj3pnihfhnzgypxin1mls-localhost-hosts.drv
machine #   /nix/store/f31s46w2wscpbdmlgsarlrn5vh9qg4rf-string-hosts.drv
machine #   /nix/store/1jp6sm62ijhpdl88q41c65mmdqkw4p1c-hosts.drv
machine #   /nix/store/1n2j0yly5gkrk4w3nf78rh3qfbbwng3d-unit-systemd-fsck-.service.drv
machine #   /nix/store/1z93h2kdixizkhrsywi53xyf4ah544db-unit-initrd.target.drv
machine #   /nix/store/21rf5jl2ly29s216kmba6cy5k24m3mm0-systemd-default-tmpfiles.drv
machine #   /nix/store/lpicmgqx2m6nqql6379zd4gvgkfplcv2-unit-script-nix-gc-start.drv
machine #   /nix/store/26agmd744p34p44yf2yxp406p489m6qc-unit-nix-gc.service.drv
machine #   /nix/store/cx73g2b8licbpkc7xswvc07v91q9fxwf-etc-journald.conf.drv
machine #   /nix/store/28f26zzvi9qlr4kgb357fw3lgjc0nj5f-unit-systemd-journald.service.drv
machine #   /nix/store/rvrkm2fysv2d7qanlb5dd7navgzgprgv-firmware.drv
machine #   /nix/store/28gs5pp763zb5212qs1lccywxa9a7m9r-etc-firmware.conf.drv
machine #   /nix/store/fas1z8xiv6v16qj5i73pbh3rz00mnzgl-unit-script-post-resume-start.drv
machine #   /nix/store/2am2zfjd8jhacqmd85rfwgrw9m07gbkq-unit-post-resume.service.drv
machine #   /nix/store/2d51dngi1bkr1vk2xqcbbn1iaklb2js0-etc-lsb-release.drv
machine #   /nix/store/lg54ia805pjw8y5f3bzjgbpkq38lvfii-etc-60-nixos.conf.drv
machine #   /nix/store/2hqv5cv9lzq802h7sh3b5jipy0qhby0r-unit-systemd-sysctl.service.drv
machine #   /nix/store/2iiaqy2pldh76l4psawwx1k12nm8nll5-client.conf.drv
machine #   /nix/store/3515wj4bl0wzq6pcvsza488c08054wj9-reload-container.drv
machine #   /nix/store/38pzimacgnxgxxss9ya1sfzwqx1hz3ka-unit-nscd.service.drv
machine #   /nix/store/ppw8c959nc40dilh2rdzhpqypmjbsdvn-udev-path.drv
machine #   /nix/store/3bsvm4g2wx7pvsnxkbfh9875fvw8ffmh-udev-rules.drv
machine #   /nix/store/3hk02pa22lpcfbnk5wsrwaz1a8lz2v5z-unit-run-initramfs.mount.drv
machine #   /nix/store/3ka0rdwjg8pg61mfvgsml43x9bb5px7k-dhcpcd.conf.drv
machine #   /nix/store/vls3wp5snqixkrhns1758a5siimbd2p5-unit-script-network-setup-start.drv
machine #   /nix/store/3km6vrhb5q7aid3h3rv9mk590bs0ry65-unit-network-setup.service.drv
machine #   /nix/store/3lwzrzmark7qwfqhng7rnmiwr7niax6f-etc-lvm.conf.drv
machine #   /nix/store/3n2pzmshjzpsq9pa0adbqa0x60r6m4js-unit-systemd-journal-flush.service.drv
machine #   /nix/store/njll11mhvzfbbd4a5nngc05gzxadym28-unit-script-pre-sleep-start.drv
machine #   /nix/store/3vg1q5sa5andq61sa2halyzzc4im6x68-unit-pre-sleep.service.drv
machine #   /nix/store/3wshv1p4fz0a8nmlv3j5z8xz1x14hpv2-etc-fstab.drv
machine #   /nix/store/3y5bmg0b8dlfk078gs8lmwxp3d06h011-etc-nixos.conf.drv
machine #   /nix/store/44k3k8ywygaz0mzna4v6x7grkvac3jh1-unit-script-container_-post-start.drv
machine #   /nix/store/467xgd1snkyp717h2xqqvv1dn8pahv21-unit-systemd-journal-gatewayd.socket.drv
machine #   /nix/store/9f1q1mgbdxrak8rwvq77vkcnwhmyrnab-nixos-tmpfiles.d.drv
machine #   /nix/store/47lprrwx1mayv2frajmycqmxvvzz03vf-tmpfiles.d.drv
machine #   /nix/store/48sc1j9rrx88248d36ysh844wk6slvjz-unit-network-interfaces.target.drv
machine #   /nix/store/4i6skz3f0i7fkjvbckn0yypjai1gybnq-unit-systemd-logind.service.drv
machine #   /nix/store/50g6ab9yvk8qxy4i271l70s9gd4sijbj-perl-5.36.0-env.drv
machine #   /nix/store/5cddimz68sbi00rndp86d516ygf0cqkj-unit-script-panic-on-fail-start.drv
machine #   /nix/store/5fdq6k4v0wqn83984634ng98l9h1fgc7-etc-user.conf.drv
machine #   /nix/store/5hfvzf3qf8b8rh8kfx28csbhips0vvqp-i3lock-color.pam.drv
machine #   /nix/store/xj3k8nfanfxg8achhmj60d8alw7q5s3g-audit-stop.drv
machine #   /nix/store/5nvq20b0s7v53kcdfylw2si8xr9r7b42-unit-audit.service.drv
machine #   /nix/store/5p9z1kqg8w580y9jd095jb8fya4nxahy-i3lock.pam.drv
machine #   /nix/store/62k8llr753x3nq72yn09mqzcwq8n0cgb-unit-serial-getty-.service.drv
machine #   /nix/store/646mb6ghgyzjhjjldsjphxdbid60ijzv-initrd-journald.conf.drv
machine #   /nix/store/s5p8k8mc6jpk6aicxqa6j2lrq1d15dqq-desktops.drv
machine #   /nix/store/6anv7qkzxix37n3b7g6vma87knh7332m-etc-environment.drv
machine #   /nix/store/m5m0a6l1bgyxj4i8lf09fgxw9bdz154h-logrotate.conf.drv
machine #   /nix/store/6kjwbx0lpmiqca0mi6dz8vwbri6yav50-unit-logrotate.service.drv
machine #   /nix/store/6miggljj3mk82apdgcsf1i640sagmwgx-unit-systemd-importd.service.drv
machine #   /nix/store/6szbf51lf2d366cldpkn57psbzsylzlw-unit-systemd-udev-settle.service.drv
machine #   /nix/store/76k6hh41v9ihyxhwa70sqx0rgxyybc12-unit-logrotate-checkconf.service.drv
machine #   /nix/store/7wzxaj81fkc805qzscy8hjayiyayc80v-unit-kmod-static-nodes.service.drv
machine #   /nix/store/9j6677f2ph61kqwm20cyiili9gpssmvh-unit-user-runtime-dir-.service.drv
machine #   /nix/store/n5bhfkf105vhg6vbcf25dr4g9psbwy33-etc-timesyncd.conf.drv
machine #   /nix/store/9lnvv19fnfh6c56grln6hsnalk2zlh01-unit-systemd-timesyncd.service.drv
machine #   /nix/store/9x126g5j9n02dx4fqjbaa23fqhkgzcj6-unit-systemd-journald-.service.drv
machine #   /nix/store/afy30g25z4rghxvbl8maazd5dv1jcqx3-unit-nix-optimise.service.drv
machine #   /nix/store/arlir0hjvi7lrrg7cxx6fm46cxvhcgw7-unit-systemd-random-seed.service.drv
machine #   /nix/store/avp1myx6lkinqmir6rwlnv2iw4is2cin-unit--.slice.drv
machine #   /nix/store/azxhzm9gpg1cznkxabqfy8bnannazqh8-unit-autovt-.service.drv
machine #   /nix/store/bgcww5k4z90pw9pjy0kf6q2w2r2lxjxv-unit-console-getty.service-disabled.drv
machine #   /nix/store/bm7qhpzip147xgf3qk904prlf1xs75x4-unit-systemd-oomd.service.drv
machine #   /nix/store/bylinzvw3xff7cviqwwrw65dh5nv0ls8-unit-logrotate.timer.drv
machine #   /nix/store/c2ylrp0nvqnxz0p36gkqpjns102rsxaq-unit-system.slice.drv
machine #   /nix/store/lsx4r46d7q6syl5ziqn6w8byk22m0knq-dhcpcd.exit-hook.drv
machine #   /nix/store/clgai7nacmlbr1gmf6gv04ddya962wff-unit-dhcpcd.service.drv
machine #   /nix/store/w6gmdxy0v5cqjmq1dgprixv177gsm5gn-etc-resolvconf.conf.drv
machine #   /nix/store/d328x69kxwx28c9z4sbd4jh1v1mkpbsh-unit-resolvconf.service.drv
machine #   /nix/store/h3933pdqvvpdjf5g5yr60w8w75bj7v7l-container-init.drv
machine #   /nix/store/736gnvj07ayq96wy20k3v4ibwn49w0av-unit-script-container_-start.drv
machine #   /nix/store/d62l1q7432pkg1kwzv3rrzwgn4mdix9q-unit-script-container_-pre-start.drv
machine #   /nix/store/gf4drnrwq4n5qhbcwv8f79x3bq9asjpy-unit-container-.service.drv
machine #   /nix/store/rb0715m8amvlzbaanshqgyiazfmp6p28-vconsole.conf.drv
machine #   /nix/store/ygm83hf2j99lw3hh1f3qd39p0rkl2d4p-console-env.drv
machine #   /nix/store/i6m2w72zna0njrsi25v8jwbkmq7fpykk-unit-reload-systemd-vconsole-setup.service.drv
machine #   /nix/store/i7b819gafp3i2xs6g2d27hx2zzbyjml0-unit-save-hwclock.service.drv
machine #   /nix/store/ih8ja0gjzd9c7ys795j9mjjk08ja7ml9-unit-systemd-remount-fs.service.drv
machine #   /nix/store/kd2z1cdlkfgrn34slnn94sx0wcb1k0kn-unit-systemd-user-sessions.service.drv
machine #   /nix/store/lcynz9h5rhdkiz9v93zr1wrkaair1k4d-unit-container-getty-.service.drv
machine #   /nix/store/lpjl0dpppsymal28i01gpcsnghky3y0z-unit-fs.target.drv
machine #   /nix/store/m31nrg6jsy3b62wm156j85khkrnxwl2x-unit-serial-getty-hvc0.service-disabled.drv
machine #   /nix/store/mk71p54xxk45zadhb5v03dkzvh3ri932-unit-systemd-pstore.service.drv
machine #   /nix/store/mvnig7c0jzpy27vvisxmdmks8cj8j1hn-unit-post-resume.target.drv
machine #   /nix/store/ndfbyizdqpp2dbpcc92364c4gww2pzgn-unit-serial-getty-ttyS0.service-disabled.drv
